2023-09-24 18:53:38,224 [AppLog] INFO : 软件开机密码正确，登录成功1次
==========================================================================
操作系统:{Microsoft Windows 7 旗舰版 }
运行环境:{ .Net Framework Enviroment Version 4.0.30319.42000}
盘符：D
CPU使用率：{19.64255%} ，可用内存大小:{14363MB}，硬盘剩余空间：
  盘符 C:\ 的剩余空间：70 GB
  盘符 D:\ 的剩余空间：70 GB
硬件配置情况：
  CPU 厂家: GenuineIntel CPU 型号: Intel(R) Core(TM) i7-4770 CPU @ 3.40GHz
  内存条厂家: Kingston 内存条型号: 99P5471-043.A00LF 
  内存条厂家: Kingston 内存条型号: 99P5471-043.A00LF 
  硬盘厂家: (标准磁盘驱动器) 硬盘型号: Micron_1300_MTFDDAK256TDL ATA Device
==========================================================================
2023-09-24 18:53:38,239 [AppLog] INFO : 开启系统：板卡通讯，伺服供电，照明系统，UV/HR固化系统！
2023-09-24 18:53:38,239 [AppLog] INFO : 开启系统：一键启动系统开始！
2023-09-24 18:53:44,339 [AppLog] INFO : 开启系统：一键启动系统结束！
2023-09-24 18:53:44,542 [AppLog] INFO : 创建：AutoPrintMotion0=》初次创建完成-手动操作！
2023-09-24 18:53:44,604 [AppLog] INFO : 初始化喷墨控制器启动！
2023-09-24 18:54:08,394 [AppLog] INFO : 打开喷墨控制器设备成功！
2023-09-24 18:54:08,425 [AppLog] INFO : 输入校准值1次{成功}，打印往返差校准值为：BiDirEncPrtOff{5},分频值{8},打印速度{300mm/s}
2023-09-24 18:54:08,815 [AppLog] INFO : PASS打印前关键状态：DEV_GetDeviceInfo：LPPRINTER_INFO:nXSysEncDPI{5080}nStatus{909129520}nPrintStatus{0}bSuperDevice{1}
LPPRINTER_INFO-LPPrtRunInfo:bJobPrtRuning{False}bLayerPrtIsOver{False}nContReqMemErr{0}nContWDErr{0}nCurPrtDir{0}nDTLayerIndex{0}nDTLayerPassIndex{0}nDTPtrCtlIndex{0}nLayerPassCount{0}nPrintLayerIndex{0}nPrintPassIndex{0}nProcLayerIndex{0}nPrtDataMemAddr{0}nPrtState{0}nReverse{System.Int32[]}nRevPrtCols{0}
LPPRINTER_INFO-LPDRVINFO:nFMVersion{45074}nFpgaVersion{539038216}nPCBVersion{0}nState{0}nNextState{0}nPtvwarnState{0}nCrc32{0}nRevInfo{System.UInt32[]}nSignature{0}
2023-09-24 18:55:46,160 [AppLog] INFO : 初始化喷墨控制器成功！
2023-09-24 18:55:46,160 [AppLog] INFO : 进入：EquipmentMotionLogic3=》准备创建对象-手动操作！
2023-09-24 18:55:46,191 [AppLog] INFO : 进入：EquipmentMotionLogic3=》创建完成-手动操作！
2023-09-24 18:55:46,316 [AppLog] INFO : 红外灯控制器485通讯建立！
2023-09-24 18:55:46,316 [AppLog] INFO : 进入电气控制模块
2023-09-24 18:55:47,829 [AppLog] INFO : 电气控制模块：手动打开端口15
2023-09-24 18:55:48,952 [AppLog] INFO : 电气控制模块：手动打开端口14
2023-09-24 18:55:50,403 [AppLog] INFO : 电气控制模块：手动关闭端口14
2023-09-24 18:55:51,011 [AppLog] INFO : 电气控制模块：手动打开端口14
2023-09-24 18:55:52,134 [AppLog] INFO : 电气控制模块：手动关闭端口15
2023-09-24 18:55:52,618 [AppLog] INFO : 电气控制模块：手动打开端口15
2023-09-24 18:55:53,632 [AppLog] INFO : 退出电气控制模块
2023-09-24 18:57:46,108 [AppLog] INFO : 进入手动调试子模块！
2023-09-24 18:57:46,108 [AppLog] INFO : 进入：ManulBtn_Click=》准备创建对象-手动操作！
2023-09-24 18:57:46,139 [AppLog] INFO : 创建：ManualControl=》创建完成-手动操作！
2023-09-24 18:57:46,139 [AppLog] INFO : 加载成功：温控Modbus接口！
2023-09-24 18:57:57,356 [AppLog] INFO : 开启铺粉车回零校准：PowderCarHomeBtn_Click
2023-09-24 18:57:57,356 [AppLog] INFO : 开启粉车回零校准线程：PowderCarHomeResetThread
2023-09-24 18:58:05,764 [AppLog] INFO : 手动正向点动指令（8轴运控板卡系统） ====》：输出AXIS{第2轴},点动量{-116MM},运动速度{50MM/s}
2023-09-24 18:58:05,764 [AppLog] INFO : 粉车回零校准线程成功：PowderCarHomeResetThread
2023-09-24 18:58:11,365 [AppLog] INFO : 开启墨车回零校准：PrintCarHomeBtn_Click
2023-09-24 18:58:11,365 [AppLog] INFO : 开启墨车回零校准线程：InkCarEncoderResetThread
2023-09-24 18:58:33,563 [AppLog] INFO : 墨车回零校准线程成功：InkCarEncoderResetThread
2023-09-24 18:58:38,805 [AppLog] INFO : 手动负向JOG指令（8轴运控板卡系统） ====》：输出AXIS{第2轴},运动速度{50MM/s}
2023-09-24 18:58:39,195 [AppLog] INFO : 自动停止铺粉棍轴JOG输出（8轴运控板卡系统） ====》：输出AXIS{第6轴}
2023-09-24 18:58:39,195 [AppLog] INFO : 手动停止JOG输出（8轴运控板卡系统） ====》：输出AXIS{第2轴}
2023-09-24 18:58:45,232 [AppLog] INFO : 手动正向JOG指令（8轴运控板卡系统） ====》：输出AXIS{第2轴},运动速度{50MM/s}
2023-09-24 18:58:45,326 [AppLog] INFO : 自动停止铺粉棍轴JOG输出（8轴运控板卡系统） ====》：输出AXIS{第6轴}
2023-09-24 18:58:45,326 [AppLog] INFO : 手动停止JOG输出（8轴运控板卡系统） ====》：输出AXIS{第2轴}
2023-09-24 18:58:45,700 [AppLog] INFO : 手动正向JOG指令（8轴运控板卡系统） ====》：输出AXIS{第2轴},运动速度{50MM/s}
2023-09-24 18:58:45,919 [AppLog] INFO : 自动停止铺粉棍轴JOG输出（8轴运控板卡系统） ====》：输出AXIS{第6轴}
2023-09-24 18:58:45,919 [AppLog] INFO : 手动停止JOG输出（8轴运控板卡系统） ====》：输出AXIS{第2轴}
2023-09-24 18:58:49,195 [AppLog] INFO : 手动负向JOG指令（8轴运控板卡系统） ====》：输出AXIS{第2轴},运动速度{50MM/s}
2023-09-24 18:58:49,288 [AppLog] INFO : 自动停止铺粉棍轴JOG输出（8轴运控板卡系统） ====》：输出AXIS{第6轴}
2023-09-24 18:58:49,288 [AppLog] INFO : 手动停止JOG输出（8轴运控板卡系统） ====》：输出AXIS{第2轴}
2023-09-24 18:58:52,096 [AppLog] INFO : 手动负向JOG指令（8轴运控板卡系统） ====》：输出AXIS{第2轴},运动速度{50MM/s}
2023-09-24 18:58:52,159 [AppLog] INFO : 自动停止铺粉棍轴JOG输出（8轴运控板卡系统） ====》：输出AXIS{第6轴}
2023-09-24 18:58:52,159 [AppLog] INFO : 手动停止JOG输出（8轴运控板卡系统） ====》：输出AXIS{第2轴}
2023-09-24 18:59:18,179 [AppLog] INFO : 手动控制墨车运动开启：沿Y轴后侧方向运动 ↓↓↓：nAxis{{1}},Dir{{true}},nPlsSpeed{{{nSpeed}}},nPlsCount{{750000}},cControlFlag{{{nCtlValue}}}
2023-09-24 18:59:18,257 [AppLog] INFO : 手动控制墨车运动带减速停止：沿Y轴方向运动 ↑↑↑↓↓↓ ====: bImmeStop{{false}},nAxisMask{{0x2}}
2023-09-24 18:59:18,850 [AppLog] INFO : 手动控制墨车运动开启：沿Y轴后侧方向运动 ↓↓↓：nAxis{{1}},Dir{{true}},nPlsSpeed{{{nSpeed}}},nPlsCount{{750000}},cControlFlag{{{nCtlValue}}}
2023-09-24 18:59:23,515 [AppLog] INFO : 手动控制墨车运动带减速停止：沿Y轴方向运动 ↑↑↑↓↓↓ ====: bImmeStop{{false}},nAxisMask{{0x2}}
2023-09-24 18:59:23,764 [AppLog] INFO : 手动控制墨车运动开启：沿Y轴后侧方向运动 ↓↓↓：nAxis{{1}},Dir{{true}},nPlsSpeed{{{nSpeed}}},nPlsCount{{750000}},cControlFlag{{{nCtlValue}}}
2023-09-24 18:59:24,045 [AppLog] INFO : 手动控制墨车运动带减速停止：沿Y轴方向运动 ↑↑↑↓↓↓ ====: bImmeStop{{false}},nAxisMask{{0x2}}
2023-09-24 18:59:24,763 [AppLog] INFO : 手动控制墨车运动开启：沿Y轴后侧方向运动 ↓↓↓：nAxis{{1}},Dir{{true}},nPlsSpeed{{{nSpeed}}},nPlsCount{{750000}},cControlFlag{{{nCtlValue}}}
2023-09-24 18:59:24,794 [AppLog] INFO : 手动控制墨车运动带减速停止：沿Y轴方向运动 ↑↑↑↓↓↓ ====: bImmeStop{{false}},nAxisMask{{0x2}}
2023-09-24 18:59:26,775 [AppLog] INFO : 手动控制墨车运动开启：沿X轴左侧方向运动 《====：nAxis{{0}},Dir{{false}},nPlsSpeed{{{nSpeed}}},nPlsCount{{750000}},cControlFlag{{{nCtlValue}}}
2023-09-24 18:59:26,838 [AppLog] INFO : 手动控制墨车运动带减速停止：沿X轴方向运动 ====》《=== ====: bImmeStop{false},nAxisMask{0x1}
2023-09-24 18:59:28,023 [AppLog] INFO : 手动控制墨车运动开启，沿X轴右侧方向运动 ====》：nAxis{0},Dir{true},nPlsSpeed{50000},nPlsCount{750000},cControlFlag{2}
2023-09-24 18:59:28,101 [AppLog] INFO : 手动控制墨车运动带减速停止：沿X轴方向运动 ====》《=== ====: bImmeStop{false},nAxisMask{0x1}
2023-09-24 18:59:28,335 [AppLog] INFO : 手动控制墨车运动开启，沿X轴右侧方向运动 ====》：nAxis{0},Dir{true},nPlsSpeed{50000},nPlsCount{750000},cControlFlag{2}
2023-09-24 18:59:28,429 [AppLog] INFO : 手动控制墨车运动带减速停止：沿X轴方向运动 ====》《=== ====: bImmeStop{false},nAxisMask{0x1}
2023-09-24 18:59:28,694 [AppLog] INFO : 手动控制墨车运动开启，沿X轴右侧方向运动 ====》：nAxis{0},Dir{true},nPlsSpeed{50000},nPlsCount{750000},cControlFlag{2}
2023-09-24 18:59:28,710 [AppLog] INFO : 手动控制墨车运动带减速停止：沿X轴方向运动 ====》《=== ====: bImmeStop{false},nAxisMask{0x1}
2023-09-24 18:59:29,115 [AppLog] INFO : 手动控制墨车运动开启，沿X轴右侧方向运动 ====》：nAxis{0},Dir{true},nPlsSpeed{50000},nPlsCount{750000},cControlFlag{2}
2023-09-24 18:59:29,178 [AppLog] INFO : 手动控制墨车运动带减速停止：沿X轴方向运动 ====》《=== ====: bImmeStop{false},nAxisMask{0x1}
2023-09-24 18:59:29,536 [AppLog] INFO : 手动控制墨车运动开启，沿X轴右侧方向运动 ====》：nAxis{0},Dir{true},nPlsSpeed{50000},nPlsCount{750000},cControlFlag{2}
2023-09-24 18:59:29,583 [AppLog] INFO : 手动控制墨车运动带减速停止：沿X轴方向运动 ====》《=== ====: bImmeStop{false},nAxisMask{0x1}
2023-09-24 18:59:29,989 [AppLog] INFO : 手动控制墨车运动开启，沿X轴右侧方向运动 ====》：nAxis{0},Dir{true},nPlsSpeed{50000},nPlsCount{750000},cControlFlag{2}
2023-09-24 18:59:30,036 [AppLog] INFO : 手动控制墨车运动带减速停止：沿X轴方向运动 ====》《=== ====: bImmeStop{false},nAxisMask{0x1}
2023-09-24 18:59:30,691 [AppLog] INFO : 手动控制墨车运动开启，沿X轴右侧方向运动 ====》：nAxis{0},Dir{true},nPlsSpeed{50000},nPlsCount{750000},cControlFlag{2}
2023-09-24 18:59:30,753 [AppLog] INFO : 手动控制墨车运动带减速停止：沿X轴方向运动 ====》《=== ====: bImmeStop{false},nAxisMask{0x1}
2023-09-24 18:59:43,436 [AppLog] INFO : 手动开启自动进给铺粉过程：AutoSupplyPowderBtn_Click
2023-09-24 18:59:43,436 [AppLog] INFO : 开启手动铺粉逻辑：NewAutoSupplyPowderThread
2023-09-24 18:59:43,452 [AppLog] INFO : 电气控制模块：手动打开端口14
2023-09-24 18:59:43,452 [AppLog] INFO : 电气控制模块：手动打开端口15
2023-09-24 18:59:43,576 [AppLog] INFO : 手动正向点动指令（8轴运控板卡系统） ====》：输出AXIS{第1轴},点动量{-0.1MM},运动速度{2MM/s}
2023-09-24 18:59:43,576 [AppLog] INFO : 成形面高度下降层厚 TrapSpace{0.1mm}：TrapMoveUp(1, true, Convert.ToString(vel), Convert.ToString(TrapSpace), true, true）
2023-09-24 18:59:44,341 [AppLog] INFO : 手动正向点动指令（8轴运控板卡系统） ====》：输出AXIS{第1轴},点动量{-1.5MM},运动速度{2MM/s}
2023-09-24 18:59:44,341 [AppLog] INFO : 成形面高度下降指定厚度 TrapSpace{1.5mm}：TrapMoveUp(1, true, Convert.ToString(vel), Convert.ToString(TrapSpace), true, true）
2023-09-24 18:59:44,918 [AppLog] INFO : 手动停止自动进给铺粉过程：AutoSupplyPowderBtn_Click
2023-09-24 18:59:45,121 [AppLog] INFO : 手动正向点动指令（8轴运控板卡系统） ====》：输出AXIS{第1轴},点动量{1.5MM},运动速度{2MM/s}
2023-09-24 18:59:45,121 [AppLog] INFO : 电气控制模块：手动关闭端口15
2023-09-24 18:59:45,121 [AppLog] INFO : 电气控制模块：手动关闭端口14
2023-09-24 18:59:45,121 [AppLog] INFO : 成形面高度上升层厚 TrapSpace{1.5mm}：TrapMoveUp(1, true, Convert.ToString(vel), Convert.ToString(TrapSpace), true, true）
2023-09-24 18:59:45,417 [AppLog] INFO : 手动正向点动指令（8轴运控板卡系统） ====》：输出AXIS{第8轴},点动量{0.6MM},运动速度{2.5MM/s}
2023-09-24 18:59:45,417 [AppLog] INFO : Hopper落粉轴转2圈落粉，速度0.5rev/s：TrapMoveUp(8, true, 0.5, rotateNuM.ToString(), true, false)
2023-09-24 18:59:46,431 [AppLog] INFO : 开启铺粉车不等停运动至准备打印位置215mm，速度250mm/s：BackToStation2
2023-09-24 18:59:47,305 [AppLog] INFO : 手动正向点动指令（8轴运控板卡系统） ====》：输出AXIS{第2轴},点动量{218.813MM},运动速度{250MM/s}
2023-09-24 18:59:47,305 [AppLog] INFO : 当前铺粉车位置：打印位置215mm
2023-09-24 18:59:47,305 [AppLog] INFO : 手动正向点动指令（8轴运控板卡系统） ====》：输出AXIS{第2轴},点动量{480MM},运动速度{50MM/s}
2023-09-24 18:59:47,305 [AppLog] INFO : 开启铺粉车不等停运动至站2，速度0.5rev/s：BackToStation2
2023-09-24 18:59:47,430 [AppLog] INFO : 打开IR灯：OpenIRLamp(true)
2023-09-24 18:59:47,601 [AppLog] INFO : 手动正向点动指令（8轴运控板卡系统） ====》：输出AXIS{第3轴},点动量{0.125MM},运动速度{1MM/s}
2023-09-24 18:59:47,601 [AppLog] INFO : 在{40mm}处，落粉轴运动{45度}，落粉轴转速{1rev/s}：TrapMoveUp(3, true, Convert.ToString(DispenseRollerSpeed), 0.5, true, true)
2023-09-24 18:59:47,601 [AppLog] INFO : 手动正向点动指令（8轴运控板卡系统） ====》：输出AXIS{第3轴},点动量{0.5MM},运动速度{0.0753424657534247MM/s}
2023-09-24 18:59:47,617 [AppLog] INFO : 开启均匀落粉及辊子铺平运动：TrapMoveUp(3, true, Convert.ToString(DispenseRollerSpeed), 0.5, true, true)
2023-09-24 18:59:53,358 [AppLog] INFO : 关闭IR灯：OpenIRLamp(false)
2023-09-24 18:59:55,666 [AppLog] INFO : 手动正向点动指令（8轴运控板卡系统） ====》：输出AXIS{第3轴},点动量{0.5MM},运动速度{2MM/s}
2023-09-24 18:59:55,666 [AppLog] INFO : 落粉轴继续转动以倒掉余粉：TrapMoveUp(3, true, 2, 0.5, true, false)
2023-09-24 18:59:56,914 [AppLog] INFO : 电气控制模块：手动打开端口14
2023-09-24 18:59:56,914 [AppLog] INFO : 电气控制模块：手动打开端口15
2023-09-24 18:59:57,679 [AppLog] INFO : 手动正向点动指令（8轴运控板卡系统） ====》：输出AXIS{第1轴},点动量{-1.5MM},运动速度{2MM/s}
2023-09-24 18:59:57,679 [AppLog] INFO : 电气控制模块：手动关闭端口15
2023-09-24 18:59:57,679 [AppLog] INFO : 电气控制模块：手动关闭端口14
2023-09-24 18:59:57,679 [AppLog] INFO : 成形面高度下降指定厚度 TrapSpace{1.5mm}：TrapMoveUp(1, true, Convert.ToString(vel), Convert.ToString(TrapSpace), true, true）
