2023-04-05 18:00:00,867 [AppLog] INFO : 关闭系统：一键关闭系统结束！
2023-04-05 18:00:00,882 [AppLog] INFO : 喷墨控制器的所有轴输出关闭！
2023-04-05 18:00:00,882 [AppLog] INFO : 喷墨控制器关闭！
2023-04-05 18:00:00,898 [AppLog] INFO : 进入电气控制模块
2023-04-05 18:00:06,639 [AppLog] INFO : 电气控制模块：手动关闭端口14
2023-04-05 18:00:07,122 [AppLog] INFO : 电气控制模块：手动关闭端口15
2023-04-05 18:00:08,214 [AppLog] INFO : 退出电气控制模块
2023-04-05 18:00:10,976 [AppLog] INFO : 进入手动调试子模块！
2023-04-05 18:00:10,976 [AppLog] INFO : 进入：ManulBtn_Click=》准备创建对象-手动操作！
2023-04-05 18:00:11,007 [AppLog] INFO : 创建：ManualControl=》创建完成-手动操作！
2023-04-05 18:00:11,007 [AppLog] INFO : 加载成功：温控Modbus接口！
2023-04-05 18:00:14,969 [AppLog] INFO : 退出手动调试子模块,已执行修改
==========================================================================
2023-04-05 18:00:16,108 [AppLog] INFO : 进入JOB参数设置：修改前初始参数：灰度数据格式{1bits}打印灰阶{1阶}m_XPrintDpi{635Dpi}墨车运动速度{150MM/s}X向起打位置{50MM}X向起打位置偏移{0MM}Y向起打位置偏移{0MM}
2023-04-05 18:00:17,949 [AppLog] INFO : 退出JOB参数设置：未修改直接退出！
2023-04-05 18:00:19,446 [AppLog] INFO : 软件及设备关停中：墨车所有方向运动确认停止（X,Y,Y2)： bImmeStop{False},nAxisMask{0x7}
2023-04-05 18:00:19,446 [AppLog] INFO : 软件及设备关停中：喷墨控制器板卡系统关闭（X,Y,Y2)：DEV_CloseDevice
2023-04-05 18:00:20,133 [AppLog] INFO : 软件及设备关停成功
==========================================================================
操作系统:{Microsoft Windows 7 旗舰版 }
运行环境:{ .Net Framework Enviroment Version 4.0.30319.42000}
盘符：D
CPU使用率：{0%} ，可用内存大小:{14128MB}，硬盘剩余空间：
  盘符 C:\ 的剩余空间：70 GB
  盘符 D:\ 的剩余空间：88 GB
  盘符 F:\ 的剩余空间：3 GB
==========================================================================
