2023-05-12 12:15:54,635 [AppLog] INFO : 软件开机密码正确，登录成功1次
==========================================================================
操作系统:{Microsoft Windows 7 旗舰版 }
运行环境:{ .Net Framework Enviroment Version 4.0.30319.42000}
盘符：D
CPU使用率：{46.47329%} ，可用内存大小:{13863MB}，硬盘剩余空间：
  盘符 C:\ 的剩余空间：70 GB
  盘符 D:\ 的剩余空间：94 GB
  盘符 F:\ 的剩余空间：57 GB
硬件配置情况：
  CPU 厂家: GenuineIntel CPU 型号: Intel(R) Core(TM) i7-4770 CPU @ 3.40GHz
  内存条厂家: Kingston 内存条型号: 99P5471-043.A00LF 
  内存条厂家: Kingston 内存条型号: 99P5471-043.A00LF 
  硬盘厂家: (标准磁盘驱动器) 硬盘型号: Micron_1300_MTFDDAK256TDL ATA Device
  硬盘厂家: (标准磁盘驱动器) 硬盘型号:  USB  SanDisk 3.2Gen1 USB Device
==========================================================================
2023-05-12 12:15:54,650 [AppLog] INFO : 进入电气控制模块
2023-05-12 12:15:56,904 [AppLog] INFO : 电气控制模块：手动打开端口6
2023-05-12 12:15:57,711 [AppLog] INFO : 退出电气控制模块
2023-05-12 12:17:53,958 [AppLog] INFO : 软件及设备关停中止：手动取消关停
2023-05-12 12:27:51,485 [AppLog] INFO : 进入电气控制模块
2023-05-12 12:27:52,375 [AppLog] INFO : 电气控制模块：手动关闭端口6
2023-05-12 12:27:53,155 [AppLog] INFO : 退出电气控制模块
