2024-01-07 11:00:38,478 [AppLog] INFO : 手动负向JOG指令（8轴运控板卡系统） ====》：输出AXIS{第2轴},运动速度{50MM/s}
2024-01-07 11:00:42,315 [AppLog] INFO : 自动停止铺粉棍轴JOG输出（8轴运控板卡系统） ====》：输出AXIS{第6轴}
2024-01-07 11:00:42,315 [AppLog] INFO : 手动停止JOG输出（8轴运控板卡系统） ====》：输出AXIS{第2轴}
2024-01-07 11:00:43,158 [AppLog] INFO : 手动负向JOG指令（8轴运控板卡系统） ====》：输出AXIS{第2轴},运动速度{50MM/s}
2024-01-07 11:00:45,045 [AppLog] INFO : 自动停止铺粉棍轴JOG输出（8轴运控板卡系统） ====》：输出AXIS{第6轴}
2024-01-07 11:00:45,045 [AppLog] INFO : 手动停止JOG输出（8轴运控板卡系统） ====》：输出AXIS{第2轴}
2024-01-07 11:00:47,635 [AppLog] INFO : 手动正向JOG指令（8轴运控板卡系统） ====》：输出AXIS{第2轴},运动速度{50MM/s}
2024-01-07 11:00:49,304 [AppLog] INFO : 自动停止铺粉棍轴JOG输出（8轴运控板卡系统） ====》：输出AXIS{第6轴}
2024-01-07 11:00:49,304 [AppLog] INFO : 手动停止JOG输出（8轴运控板卡系统） ====》：输出AXIS{第2轴}
2024-01-07 11:00:49,850 [AppLog] INFO : 手动正向JOG指令（8轴运控板卡系统） ====》：输出AXIS{第2轴},运动速度{50MM/s}
2024-01-07 11:00:49,975 [AppLog] INFO : 自动停止铺粉棍轴JOG输出（8轴运控板卡系统） ====》：输出AXIS{第6轴}
2024-01-07 11:00:49,975 [AppLog] INFO : 手动停止JOG输出（8轴运控板卡系统） ====》：输出AXIS{第2轴}
2024-01-07 11:00:50,771 [AppLog] INFO : 手动正向JOG指令（8轴运控板卡系统） ====》：输出AXIS{第2轴},运动速度{50MM/s}
2024-01-07 11:00:51,473 [AppLog] INFO : 自动停止铺粉棍轴JOG输出（8轴运控板卡系统） ====》：输出AXIS{第6轴}
2024-01-07 11:00:51,473 [AppLog] INFO : 手动停止JOG输出（8轴运控板卡系统） ====》：输出AXIS{第2轴}
2024-01-07 11:00:52,892 [AppLog] INFO : 手动正向JOG指令（8轴运控板卡系统） ====》：输出AXIS{第2轴},运动速度{50MM/s}
2024-01-07 11:00:53,142 [AppLog] INFO : 自动停止铺粉棍轴JOG输出（8轴运控板卡系统） ====》：输出AXIS{第6轴}
2024-01-07 11:00:53,142 [AppLog] INFO : 手动停止JOG输出（8轴运控板卡系统） ====》：输出AXIS{第2轴}
2024-01-07 11:00:57,572 [AppLog] INFO : 切换为点动模式====》：输出AXIS{第1轴}
2024-01-07 11:01:18,663 [AppLog] INFO : 手动正向JOG指令（8轴运控板卡系统） ====》：输出AXIS{第2轴},运动速度{50MM/s}
2024-01-07 11:01:20,613 [AppLog] INFO : 自动停止铺粉棍轴JOG输出（8轴运控板卡系统） ====》：输出AXIS{第6轴}
2024-01-07 11:01:20,613 [AppLog] INFO : 手动停止JOG输出（8轴运控板卡系统） ====》：输出AXIS{第2轴}
2024-01-07 11:01:35,433 [AppLog] INFO : 手动正向点动指令（8轴运控板卡系统） ====》：输出AXIS{第1轴},点动量{1.5MM},运动速度{2MM/s}
2024-01-07 11:01:47,508 [AppLog] INFO : 手动负向JOG指令（8轴运控板卡系统） ====》：输出AXIS{第2轴},运动速度{50MM/s}
2024-01-07 11:01:47,711 [AppLog] INFO : 自动停止铺粉棍轴JOG输出（8轴运控板卡系统） ====》：输出AXIS{第6轴}
2024-01-07 11:01:47,711 [AppLog] INFO : 手动停止JOG输出（8轴运控板卡系统） ====》：输出AXIS{第2轴}
2024-01-07 11:01:47,976 [AppLog] INFO : 手动负向JOG指令（8轴运控板卡系统） ====》：输出AXIS{第2轴},运动速度{50MM/s}
2024-01-07 11:01:48,459 [AppLog] INFO : 自动停止铺粉棍轴JOG输出（8轴运控板卡系统） ====》：输出AXIS{第6轴}
2024-01-07 11:01:48,459 [AppLog] INFO : 手动停止JOG输出（8轴运控板卡系统） ====》：输出AXIS{第2轴}
2024-01-07 11:01:49,395 [AppLog] INFO : 手动正向JOG指令（8轴运控板卡系统） ====》：输出AXIS{第2轴},运动速度{50MM/s}
2024-01-07 11:01:50,129 [AppLog] INFO : 自动停止铺粉棍轴JOG输出（8轴运控板卡系统） ====》：输出AXIS{第6轴}
2024-01-07 11:01:50,129 [AppLog] INFO : 手动停止JOG输出（8轴运控板卡系统） ====》：输出AXIS{第2轴}
2024-01-07 11:02:29,987 [AppLog] INFO : 手动正向点动指令（8轴运控板卡系统） ====》：输出AXIS{第1轴},点动量{1.5MM},运动速度{2MM/s}
2024-01-07 11:02:58,270 [AppLog] INFO : 手动负向点动指令（8轴运控板卡系统） ====》：输出AXIS{第1轴},点动量{1MM},运动速度{2MM/s}
2024-01-07 11:03:18,425 [AppLog] INFO : 手动负向JOG指令（8轴运控板卡系统） ====》：输出AXIS{第2轴},运动速度{50MM/s}
2024-01-07 11:03:29,095 [AppLog] INFO : 自动停止铺粉棍轴JOG输出（8轴运控板卡系统） ====》：输出AXIS{第6轴}
2024-01-07 11:03:29,095 [AppLog] INFO : 手动停止JOG输出（8轴运控板卡系统） ====》：输出AXIS{第2轴}
2024-01-07 11:03:29,610 [AppLog] INFO : 手动负向JOG指令（8轴运控板卡系统） ====》：输出AXIS{第2轴},运动速度{50MM/s}
2024-01-07 11:03:30,109 [AppLog] INFO : 自动停止铺粉棍轴JOG输出（8轴运控板卡系统） ====》：输出AXIS{第6轴}
2024-01-07 11:03:30,109 [AppLog] INFO : 手动停止JOG输出（8轴运控板卡系统） ====》：输出AXIS{第2轴}
2024-01-07 11:03:30,281 [AppLog] INFO : 手动负向JOG指令（8轴运控板卡系统） ====》：输出AXIS{第2轴},运动速度{50MM/s}
2024-01-07 11:03:30,764 [AppLog] INFO : 自动停止铺粉棍轴JOG输出（8轴运控板卡系统） ====》：输出AXIS{第6轴}
2024-01-07 11:03:30,764 [AppLog] INFO : 手动停止JOG输出（8轴运控板卡系统） ====》：输出AXIS{第2轴}
2024-01-07 11:03:31,154 [AppLog] INFO : 手动负向JOG指令（8轴运控板卡系统） ====》：输出AXIS{第2轴},运动速度{50MM/s}
2024-01-07 11:03:31,326 [AppLog] INFO : 自动停止铺粉棍轴JOG输出（8轴运控板卡系统） ====》：输出AXIS{第6轴}
2024-01-07 11:03:31,326 [AppLog] INFO : 手动停止JOG输出（8轴运控板卡系统） ====》：输出AXIS{第2轴}
2024-01-07 11:08:16,962 [AppLog] INFO : 手动正向JOG指令（8轴运控板卡系统） ====》：输出AXIS{第2轴},运动速度{50MM/s}
2024-01-07 11:08:19,661 [AppLog] INFO : 自动停止铺粉棍轴JOG输出（8轴运控板卡系统） ====》：输出AXIS{第6轴}
2024-01-07 11:08:19,661 [AppLog] INFO : 手动停止JOG输出（8轴运控板卡系统） ====》：输出AXIS{第2轴}
2024-01-07 11:08:19,942 [AppLog] INFO : 手动正向JOG指令（8轴运控板卡系统） ====》：输出AXIS{第2轴},运动速度{50MM/s}
2024-01-07 11:08:20,160 [AppLog] INFO : 自动停止铺粉棍轴JOG输出（8轴运控板卡系统） ====》：输出AXIS{第6轴}
2024-01-07 11:08:20,160 [AppLog] INFO : 手动停止JOG输出（8轴运控板卡系统） ====》：输出AXIS{第2轴}
2024-01-07 11:09:21,422 [AppLog] INFO : 手动负向JOG指令（8轴运控板卡系统） ====》：输出AXIS{第2轴},运动速度{50MM/s}
2024-01-07 11:09:23,715 [AppLog] INFO : 自动停止铺粉棍轴JOG输出（8轴运控板卡系统） ====》：输出AXIS{第6轴}
2024-01-07 11:09:23,715 [AppLog] INFO : 手动停止JOG输出（8轴运控板卡系统） ====》：输出AXIS{第2轴}
2024-01-07 11:09:23,996 [AppLog] INFO : 手动负向JOG指令（8轴运控板卡系统） ====》：输出AXIS{第2轴},运动速度{50MM/s}
2024-01-07 11:09:24,167 [AppLog] INFO : 自动停止铺粉棍轴JOG输出（8轴运控板卡系统） ====》：输出AXIS{第6轴}
2024-01-07 11:09:24,167 [AppLog] INFO : 手动停止JOG输出（8轴运控板卡系统） ====》：输出AXIS{第2轴}
2024-01-07 11:09:24,448 [AppLog] INFO : 手动负向JOG指令（8轴运控板卡系统） ====》：输出AXIS{第2轴},运动速度{50MM/s}
2024-01-07 11:09:24,557 [AppLog] INFO : 自动停止铺粉棍轴JOG输出（8轴运控板卡系统） ====》：输出AXIS{第6轴}
2024-01-07 11:09:24,557 [AppLog] INFO : 手动停止JOG输出（8轴运控板卡系统） ====》：输出AXIS{第2轴}
2024-01-07 11:09:24,776 [AppLog] INFO : 手动负向JOG指令（8轴运控板卡系统） ====》：输出AXIS{第2轴},运动速度{50MM/s}
2024-01-07 11:09:24,916 [AppLog] INFO : 自动停止铺粉棍轴JOG输出（8轴运控板卡系统） ====》：输出AXIS{第6轴}
2024-01-07 11:09:24,916 [AppLog] INFO : 手动停止JOG输出（8轴运控板卡系统） ====》：输出AXIS{第2轴}
2024-01-07 11:09:25,025 [AppLog] INFO : 手动负向JOG指令（8轴运控板卡系统） ====》：输出AXIS{第2轴},运动速度{50MM/s}
2024-01-07 11:09:25,150 [AppLog] INFO : 自动停止铺粉棍轴JOG输出（8轴运控板卡系统） ====》：输出AXIS{第6轴}
2024-01-07 11:09:25,150 [AppLog] INFO : 手动停止JOG输出（8轴运控板卡系统） ====》：输出AXIS{第2轴}
2024-01-07 11:09:25,244 [AppLog] INFO : 手动负向JOG指令（8轴运控板卡系统） ====》：输出AXIS{第2轴},运动速度{50MM/s}
2024-01-07 11:09:25,306 [AppLog] INFO : 自动停止铺粉棍轴JOG输出（8轴运控板卡系统） ====》：输出AXIS{第6轴}
2024-01-07 11:09:25,306 [AppLog] INFO : 手动停止JOG输出（8轴运控板卡系统） ====》：输出AXIS{第2轴}
2024-01-07 11:09:31,952 [AppLog] INFO : 开启铺粉车回零校准：PowderCarHomeBtn_Click
2024-01-07 11:09:31,952 [AppLog] INFO : 开启粉车回零校准线程：PowderCarHomeResetThread
2024-01-07 11:09:40,532 [AppLog] INFO : 手动正向点动指令（8轴运控板卡系统） ====》：输出AXIS{第2轴},点动量{-116MM},运动速度{50MM/s}
2024-01-07 11:09:40,532 [AppLog] INFO : 粉车回零校准线程成功：PowderCarHomeResetThread
2024-01-07 11:09:45,555 [AppLog] INFO : 退出手动调试子模块，未执行修改
==========================================================================
2024-01-07 11:09:48,363 [AppLog] INFO : 进入数据加载模块
2024-01-07 11:10:00,406 [AppLog] INFO : CAD数据加载：添加.CLI格式CAD数据成功-D:\Release-3DPrintingForBinderJetting-V2.0\CLI输入文件\250x40x10长条形零件.cli
2024-01-07 11:10:17,722 [AppLog] INFO : CAD数据删除：删除.CLI格式CAD数据成功-D:\Release-3DPrintingForBinderJetting-V2.0\CLI输入文件\250x40x10长条形零件.cli
2024-01-07 11:10:22,012 [AppLog] INFO : 进入数据加载模块
2024-01-07 11:10:29,610 [AppLog] INFO : CAD数据加载：添加.CLI格式CAD数据成功-D:\Release-3DPrintingForBinderJetting-V2.0\CLI输入文件\1-拉伸试样-ASTM-E8M小试样标准_1.cli
2024-01-07 11:10:45,459 [AppLog] INFO : CAD数据删除：删除.CLI格式CAD数据成功-D:\Release-3DPrintingForBinderJetting-V2.0\CLI输入文件\1-拉伸试样-ASTM-E8M小试样标准_1.cli
2024-01-07 11:10:47,175 [AppLog] INFO : 进入数据加载模块
2024-01-07 11:10:56,816 [AppLog] INFO : CAD数据加载：添加.CLI格式CAD数据成功-D:\Release-3DPrintingForBinderJetting-V2.0\CLI输入文件\0721保护长条\Box_shield_2.cli
2024-01-07 11:11:14,662 [AppLog] INFO : 开启系统：板卡通讯，伺服供电，照明系统，UV/HR固化系统！
2024-01-07 11:11:19,436 [AppLog] INFO : 关闭系统：一键关闭系统开始！
2024-01-07 11:11:25,660 [AppLog] INFO : 关闭系统：一键关闭系统结束！
2024-01-07 11:11:25,660 [AppLog] INFO : 喷墨控制器的所有轴输出关闭！
2024-01-07 11:11:29,451 [AppLog] INFO : 喷墨控制器关闭！
2024-01-07 11:11:29,451 [AppLog] INFO : 创建：AutoPrintMotion0=》不需重新创建-手动操作！
2024-01-07 11:11:29,451 [AppLog] INFO : 进入电气控制模块
2024-01-07 11:11:31,744 [AppLog] INFO : 电气控制模块：手动关闭端口15
2024-01-07 11:11:32,275 [AppLog] INFO : 电气控制模块：手动打开端口15
2024-01-07 11:11:33,242 [AppLog] INFO : 退出电气控制模块
2024-01-07 11:11:35,894 [AppLog] INFO : 软件及设备关停中：墨车所有方向运动确认停止（X,Y,Y2)： bImmeStop{False},nAxisMask{0x7}
2024-01-07 11:11:35,894 [AppLog] INFO : 软件及设备关停中：喷墨控制器板卡系统关闭（X,Y,Y2)：DEV_CloseDevice
2024-01-07 11:11:36,565 [AppLog] INFO : 软件及设备关停成功
==========================================================================
操作系统:{Microsoft Windows 7 旗舰版 }
运行环境:{ .Net Framework Enviroment Version 4.0.30319.42000}
盘符：D
CPU使用率：{12.49961%} ，可用内存大小:{14044MB}，硬盘剩余空间：
  盘符 C:\ 的剩余空间：70 GB
  盘符 D:\ 的剩余空间：40 GB
==========================================================================
2024-01-07 11:11:48,312 [AppLog] INFO : 软件开机密码正确，登录成功1次
==========================================================================
操作系统:{Microsoft Windows 7 旗舰版 }
运行环境:{ .Net Framework Enviroment Version 4.0.30319.42000}
盘符：D
CPU使用率：{35.71395%} ，可用内存大小:{14088MB}，硬盘剩余空间：
  盘符 C:\ 的剩余空间：70 GB
  盘符 D:\ 的剩余空间：40 GB
硬件配置情况：
  CPU 厂家: GenuineIntel CPU 型号: Intel(R) Core(TM) i7-4770 CPU @ 3.40GHz
  内存条厂家: Kingston 内存条型号: 99P5471-043.A00LF 
  内存条厂家: Kingston 内存条型号: 99P5471-043.A00LF 
  硬盘厂家: (标准磁盘驱动器) 硬盘型号: Micron_1300_MTFDDAK256TDL ATA Device
==========================================================================
2024-01-07 11:11:48,327 [AppLog] INFO : 开启系统：板卡通讯，伺服供电，照明系统，UV/HR固化系统！
2024-01-07 11:11:48,327 [AppLog] INFO : 开启系统：一键启动系统开始！
2024-01-07 11:11:54,427 [AppLog] INFO : 开启系统：一键启动系统结束！
2024-01-07 11:11:54,598 [AppLog] INFO : 创建：AutoPrintMotion0=》初次创建完成-手动操作！
2024-01-07 11:11:54,676 [AppLog] INFO : 初始化喷墨控制器启动！
2024-01-07 11:12:18,451 [AppLog] INFO : 打开喷墨控制器设备成功！
2024-01-07 11:12:18,482 [AppLog] INFO : 输入校准值1次{成功}，打印往返差校准值为：BiDirEncPrtOff{5},分频值{8},打印速度{300mm/s}
2024-01-07 11:12:18,857 [AppLog] INFO : PASS打印前关键状态：DEV_GetDeviceInfo：LPPRINTER_INFO:nXSysEncDPI{5080}nStatus{909129520}nPrintStatus{0}bSuperDevice{1}
LPPRINTER_INFO-LPPrtRunInfo:bJobPrtRuning{False}bLayerPrtIsOver{False}nContReqMemErr{0}nContWDErr{0}nCurPrtDir{0}nDTLayerIndex{0}nDTLayerPassIndex{0}nDTPtrCtlIndex{0}nLayerPassCount{0}nPrintLayerIndex{0}nPrintPassIndex{0}nProcLayerIndex{0}nPrtDataMemAddr{0}nPrtState{0}nReverse{System.Int32[]}nRevPrtCols{0}
LPPRINTER_INFO-LPDRVINFO:nFMVersion{45074}nFpgaVersion{539038216}nPCBVersion{0}nState{0}nNextState{0}nPtvwarnState{0}nCrc32{0}nRevInfo{System.UInt32[]}nSignature{0}
2024-01-07 11:12:30,650 [AppLog] INFO : 初始化喷墨控制器成功！
2024-01-07 11:12:30,650 [AppLog] INFO : 进入：EquipmentMotionLogic3=》准备创建对象-手动操作！
2024-01-07 11:12:30,681 [AppLog] INFO : 进入：EquipmentMotionLogic3=》创建完成-手动操作！
2024-01-07 11:12:30,822 [AppLog] INFO : 红外灯控制器485通讯建立！
2024-01-07 11:12:30,822 [AppLog] INFO : 进入电气控制模块
2024-01-07 11:12:33,365 [AppLog] INFO : 电气控制模块：手动打开端口15
2024-01-07 11:12:34,363 [AppLog] INFO : 电气控制模块：手动打开端口14
2024-01-07 11:12:35,049 [AppLog] INFO : 退出电气控制模块
2024-01-07 11:12:37,405 [AppLog] INFO : 进入JOB参数设置：修改前初始参数：灰度数据格式{1bits}打印灰阶{1阶}m_XPrintDpi{System.Single[]Dpi}墨车运动速度{100MM/s}X向起打位置{50MM}X向起打位置偏移{0MM}Y向起打位置偏移{15MM}
2024-01-07 11:13:50,990 [AppLog] INFO : 退出JOB参数设置：未修改直接退出！
2024-01-07 11:14:20,443 [AppLog] INFO : 进入JOB参数设置：修改前初始参数：灰度数据格式{1bits}打印灰阶{1阶}m_XPrintDpi{System.Single[]Dpi}墨车运动速度{100MM/s}X向起打位置{50MM}X向起打位置偏移{0MM}Y向起打位置偏移{15MM}
2024-01-07 11:14:24,125 [AppLog] INFO : 退出JOB参数设置：修改后参数：灰度数据格式{1bits}打印灰阶{1阶}m_XPrintDpi{63.5,95.25,127,158.75,190.5,222.25,254,285.75,317.5,349.25,381,412.75,444.5,476.25,508,539.75,571.5,603.25,635,666.75,698.5,730.25,762,793.75,825.5,857.25,889,920.75,952.5,1270,2540Dpi}当前打印任务选定DPI{1270}墨车运动速度{100MM/s}X向起打位置{50MM}X向起打位置偏移{0MM}Y向起打位置偏移{15MM}
2024-01-07 11:14:26,855 [AppLog] INFO : 进入数据加载模块
2024-01-07 11:14:30,162 [AppLog] INFO : CAD数据加载：添加.CLI格式CAD数据成功-D:\Release-3DPrintingForBinderJetting-V2.0\CLI输入文件\1-拉伸试样-ASTM-E8M小试样标准_1.cli
2024-01-07 11:15:30,534 [AppLog] INFO : 软件及设备关停中：墨车所有方向运动确认停止（X,Y,Y2)： bImmeStop{False},nAxisMask{0x7}
2024-01-07 11:15:30,565 [AppLog] INFO : 软件及设备关停中：喷墨控制器板卡系统关闭（X,Y,Y2)：DEV_CloseDevice
2024-01-07 11:15:31,236 [AppLog] INFO : 软件及设备关停成功
==========================================================================
操作系统:{Microsoft Windows 7 旗舰版 }
运行环境:{ .Net Framework Enviroment Version 4.0.30319.42000}
盘符：D
CPU使用率：{0%} ，可用内存大小:{14056MB}，硬盘剩余空间：
  盘符 C:\ 的剩余空间：70 GB
  盘符 D:\ 的剩余空间：40 GB
==========================================================================
