2023-11-23 09:40:06,042 [AppLog] INFO : 软件开机密码正确，登录成功1次
==========================================================================
操作系统:{Microsoft Windows 7 旗舰版 }
运行环境:{ .Net Framework Enviroment Version 4.0.30319.42000}
盘符：D
CPU使用率：{7.142386%} ，可用内存大小:{14364MB}，硬盘剩余空间：
  盘符 C:\ 的剩余空间：70 GB
  盘符 D:\ 的剩余空间：70 GB
硬件配置情况：
  CPU 厂家: GenuineIntel CPU 型号: Intel(R) Core(TM) i7-4770 CPU @ 3.40GHz
  内存条厂家: Kingston 内存条型号: 99P5471-043.A00LF 
  内存条厂家: Kingston 内存条型号: 99P5471-043.A00LF 
  硬盘厂家: (标准磁盘驱动器) 硬盘型号: Micron_1300_MTFDDAK256TDL ATA Device
==========================================================================
2023-11-23 09:40:07,555 [AppLog] INFO : 开启系统：板卡通讯，伺服供电，照明系统，UV/HR固化系统！
2023-11-23 09:40:07,555 [AppLog] INFO : 开启系统：一键启动系统开始！
2023-11-23 09:40:13,639 [AppLog] INFO : 开启系统：一键启动系统结束！
2023-11-23 09:40:13,842 [AppLog] INFO : 创建：AutoPrintMotion0=》初次创建完成-手动操作！
2023-11-23 09:40:13,920 [AppLog] INFO : 初始化喷墨控制器启动！
2023-11-23 09:40:37,695 [AppLog] INFO : 打开喷墨控制器设备成功！
2023-11-23 09:40:37,726 [AppLog] INFO : 输入校准值1次{成功}，打印往返差校准值为：BiDirEncPrtOff{5},分频值{8},打印速度{300mm/s}
2023-11-23 09:40:38,116 [AppLog] INFO : PASS打印前关键状态：DEV_GetDeviceInfo：LPPRINTER_INFO:nXSysEncDPI{5080}nStatus{909129520}nPrintStatus{0}bSuperDevice{1}
LPPRINTER_INFO-LPPrtRunInfo:bJobPrtRuning{False}bLayerPrtIsOver{False}nContReqMemErr{0}nContWDErr{0}nCurPrtDir{0}nDTLayerIndex{0}nDTLayerPassIndex{0}nDTPtrCtlIndex{0}nLayerPassCount{0}nPrintLayerIndex{0}nPrintPassIndex{0}nProcLayerIndex{0}nPrtDataMemAddr{0}nPrtState{0}nReverse{System.Int32[]}nRevPrtCols{0}
LPPRINTER_INFO-LPDRVINFO:nFMVersion{45074}nFpgaVersion{539038216}nPCBVersion{0}nState{0}nNextState{0}nPtvwarnState{0}nCrc32{0}nRevInfo{System.UInt32[]}nSignature{0}
2023-11-23 09:40:40,191 [AppLog] INFO : 初始化喷墨控制器成功！
2023-11-23 09:40:40,191 [AppLog] INFO : 进入：EquipmentMotionLogic3=》准备创建对象-手动操作！
2023-11-23 09:40:40,222 [AppLog] INFO : 进入：EquipmentMotionLogic3=》创建完成-手动操作！
2023-11-23 09:40:40,362 [AppLog] INFO : 红外灯控制器485通讯建立！
2023-11-23 09:40:40,362 [AppLog] INFO : 进入电气控制模块
2023-11-23 09:40:53,825 [AppLog] INFO : 退出电气控制模块
2023-11-23 09:41:23,917 [AppLog] INFO : 进入手动调试子模块！
2023-11-23 09:41:23,917 [AppLog] INFO : 进入：ManulBtn_Click=》准备创建对象-手动操作！
2023-11-23 09:41:23,949 [AppLog] INFO : 创建：ManualControl=》创建完成-手动操作！
2023-11-23 09:41:23,949 [AppLog] INFO : 加载成功：温控Modbus接口！
2023-11-23 09:42:16,692 [AppLog] INFO : 切换为JOG模式====》：输出AXIS{第1轴}
2023-11-23 09:42:18,112 [AppLog] INFO : 手动负向JOG指令（8轴运控板卡系统） ====》：输出AXIS{第1轴},运动速度{2MM/s}
2023-11-23 09:42:18,455 [AppLog] INFO : 手动停止JOG输出（8轴运控板卡系统） ====》：输出AXIS{第1轴}
2023-11-23 09:42:22,246 [AppLog] INFO : 退出手动调试子模块，未执行修改
==========================================================================
2023-11-23 09:42:23,759 [AppLog] INFO : 进入电气控制模块
2023-11-23 09:42:25,038 [AppLog] INFO : 电气控制模块：手动打开端口15
2023-11-23 09:42:26,052 [AppLog] INFO : 电气控制模块：手动关闭端口15
2023-11-23 09:42:27,332 [AppLog] INFO : 电气控制模块：手动打开端口14
2023-11-23 09:42:32,058 [AppLog] INFO : 电气控制模块：手动打开端口15
2023-11-23 09:42:32,604 [AppLog] INFO : 电气控制模块：手动关闭端口15
2023-11-23 09:42:33,618 [AppLog] INFO : 退出电气控制模块
2023-11-23 09:42:34,898 [AppLog] INFO : 进入手动调试子模块！
2023-11-23 09:42:34,898 [AppLog] INFO : 进入：ManulBtn_Click=》准备创建对象-手动操作！
2023-11-23 09:42:34,929 [AppLog] INFO : 创建：ManualControl=》创建完成-手动操作！
2023-11-23 09:42:34,929 [AppLog] INFO : 加载成功：温控Modbus接口！
2023-11-23 09:42:40,280 [AppLog] INFO : 手动负向点动指令（8轴运控板卡系统） ====》：输出AXIS{第1轴},点动量{1.5MM},运动速度{2MM/s}
2023-11-23 09:42:42,089 [AppLog] INFO : 切换为JOG模式====》：输出AXIS{第1轴}
2023-11-23 09:42:43,166 [AppLog] INFO : 手动负向JOG指令（8轴运控板卡系统） ====》：输出AXIS{第1轴},运动速度{2MM/s}
2023-11-23 09:42:43,634 [AppLog] INFO : 手动停止JOG输出（8轴运控板卡系统） ====》：输出AXIS{第1轴}
2023-11-23 09:42:43,852 [AppLog] INFO : 手动负向JOG指令（8轴运控板卡系统） ====》：输出AXIS{第1轴},运动速度{2MM/s}
2023-11-23 09:42:43,883 [AppLog] INFO : 手动停止JOG输出（8轴运控板卡系统） ====》：输出AXIS{第1轴}
2023-11-23 09:42:45,724 [AppLog] INFO : 手动正向JOG指令（8轴运控板卡系统） ====》：输出AXIS{第1轴},运动速度{2MM/s}
2023-11-23 09:42:47,034 [AppLog] INFO : 手动停止JOG输出（8轴运控板卡系统） ====》：输出AXIS{第1轴}
2023-11-23 09:42:47,315 [AppLog] INFO : 手动正向JOG指令（8轴运控板卡系统） ====》：输出AXIS{第1轴},运动速度{2MM/s}
2023-11-23 09:42:47,877 [AppLog] INFO : 手动停止JOG输出（8轴运控板卡系统） ====》：输出AXIS{第1轴}
2023-11-23 09:42:48,329 [AppLog] INFO : 手动正向JOG指令（8轴运控板卡系统） ====》：输出AXIS{第1轴},运动速度{2MM/s}
2023-11-23 09:42:48,563 [AppLog] INFO : 手动停止JOG输出（8轴运控板卡系统） ====》：输出AXIS{第1轴}
2023-11-23 09:42:49,187 [AppLog] INFO : 手动正向JOG指令（8轴运控板卡系统） ====》：输出AXIS{第1轴},运动速度{2MM/s}
2023-11-23 09:42:49,530 [AppLog] INFO : 手动停止JOG输出（8轴运控板卡系统） ====》：输出AXIS{第1轴}
2023-11-23 09:42:49,811 [AppLog] INFO : 手动正向JOG指令（8轴运控板卡系统） ====》：输出AXIS{第1轴},运动速度{2MM/s}
2023-11-23 09:42:50,264 [AppLog] INFO : 手动停止JOG输出（8轴运控板卡系统） ====》：输出AXIS{第1轴}
2023-11-23 09:42:50,607 [AppLog] INFO : 手动正向JOG指令（8轴运控板卡系统） ====》：输出AXIS{第1轴},运动速度{2MM/s}
2023-11-23 09:42:50,716 [AppLog] INFO : 手动停止JOG输出（8轴运控板卡系统） ====》：输出AXIS{第1轴}
2023-11-23 09:42:52,900 [AppLog] INFO : 手动负向JOG指令（8轴运控板卡系统） ====》：输出AXIS{第1轴},运动速度{2MM/s}
2023-11-23 09:42:53,586 [AppLog] INFO : 手动停止JOG输出（8轴运控板卡系统） ====》：输出AXIS{第1轴}
2023-11-23 09:42:53,867 [AppLog] INFO : 手动负向JOG指令（8轴运控板卡系统） ====》：输出AXIS{第1轴},运动速度{2MM/s}
2023-11-23 09:42:54,725 [AppLog] INFO : 手动停止JOG输出（8轴运控板卡系统） ====》：输出AXIS{第1轴}
2023-11-23 09:42:54,944 [AppLog] INFO : 手动负向JOG指令（8轴运控板卡系统） ====》：输出AXIS{第1轴},运动速度{2MM/s}
2023-11-23 09:42:55,630 [AppLog] INFO : 手动停止JOG输出（8轴运控板卡系统） ====》：输出AXIS{第1轴}
2023-11-23 09:42:55,895 [AppLog] INFO : 手动负向JOG指令（8轴运控板卡系统） ====》：输出AXIS{第1轴},运动速度{2MM/s}
2023-11-23 09:42:55,973 [AppLog] INFO : 手动停止JOG输出（8轴运控板卡系统） ====》：输出AXIS{第1轴}
2023-11-23 09:42:59,265 [AppLog] INFO : 退出手动调试子模块,已执行修改
==========================================================================
2023-11-23 09:43:00,310 [AppLog] INFO : 进入电气控制模块
2023-11-23 09:43:02,385 [AppLog] INFO : 电气控制模块：手动关闭端口14
2023-11-23 09:43:03,992 [AppLog] INFO : 退出电气控制模块
2023-11-23 09:43:05,099 [AppLog] INFO : 进入手动调试子模块！
2023-11-23 09:43:05,099 [AppLog] INFO : 进入：ManulBtn_Click=》准备创建对象-手动操作！
2023-11-23 09:43:05,130 [AppLog] INFO : 创建：ManualControl=》创建完成-手动操作！
2023-11-23 09:43:05,130 [AppLog] INFO : 加载成功：温控Modbus接口！
2023-11-23 09:43:08,344 [AppLog] INFO : 手动负向点动指令（8轴运控板卡系统） ====》：输出AXIS{第1轴},点动量{1.5MM},运动速度{2MM/s}
2023-11-23 09:43:09,124 [AppLog] INFO : 手动负向点动指令（8轴运控板卡系统） ====》：输出AXIS{第1轴},点动量{1.5MM},运动速度{2MM/s}
2023-11-23 09:43:27,376 [AppLog] INFO : 切换为JOG模式====》：输出AXIS{第1轴}
2023-11-23 09:43:28,858 [AppLog] INFO : 手动正向JOG指令（8轴运控板卡系统） ====》：输出AXIS{第1轴},运动速度{2MM/s}
2023-11-23 09:43:28,952 [AppLog] INFO : 手动停止JOG输出（8轴运控板卡系统） ====》：输出AXIS{第1轴}
2023-11-23 09:43:29,669 [AppLog] INFO : 手动正向JOG指令（8轴运控板卡系统） ====》：输出AXIS{第1轴},运动速度{2MM/s}
2023-11-23 09:43:30,558 [AppLog] INFO : 手动停止JOG输出（8轴运控板卡系统） ====》：输出AXIS{第1轴}
2023-11-23 09:43:30,855 [AppLog] INFO : 手动正向JOG指令（8轴运控板卡系统） ====》：输出AXIS{第1轴},运动速度{2MM/s}
2023-11-23 09:43:31,947 [AppLog] INFO : 手动停止JOG输出（8轴运控板卡系统） ====》：输出AXIS{第1轴}
2023-11-23 09:43:32,274 [AppLog] INFO : 手动正向JOG指令（8轴运控板卡系统） ====》：输出AXIS{第1轴},运动速度{2MM/s}
2023-11-23 09:43:32,945 [AppLog] INFO : 手动停止JOG输出（8轴运控板卡系统） ====》：输出AXIS{第1轴}
2023-11-23 09:43:33,242 [AppLog] INFO : 手动正向JOG指令（8轴运控板卡系统） ====》：输出AXIS{第1轴},运动速度{2MM/s}
2023-11-23 09:43:33,476 [AppLog] INFO : 手动停止JOG输出（8轴运控板卡系统） ====》：输出AXIS{第1轴}
2023-11-23 09:43:33,694 [AppLog] INFO : 手动正向JOG指令（8轴运控板卡系统） ====》：输出AXIS{第1轴},运动速度{2MM/s}
2023-11-23 09:43:33,850 [AppLog] INFO : 手动停止JOG输出（8轴运控板卡系统） ====》：输出AXIS{第1轴}
2023-11-23 09:43:34,068 [AppLog] INFO : 手动正向JOG指令（8轴运控板卡系统） ====》：输出AXIS{第1轴},运动速度{2MM/s}
2023-11-23 09:43:34,178 [AppLog] INFO : 手动停止JOG输出（8轴运控板卡系统） ====》：输出AXIS{第1轴}
2023-11-23 09:43:34,271 [AppLog] INFO : 手动正向JOG指令（8轴运控板卡系统） ====》：输出AXIS{第1轴},运动速度{2MM/s}
2023-11-23 09:43:34,365 [AppLog] INFO : 手动停止JOG输出（8轴运控板卡系统） ====》：输出AXIS{第1轴}
2023-11-23 09:43:34,458 [AppLog] INFO : 手动正向JOG指令（8轴运控板卡系统） ====》：输出AXIS{第1轴},运动速度{2MM/s}
2023-11-23 09:43:34,521 [AppLog] INFO : 手动停止JOG输出（8轴运控板卡系统） ====》：输出AXIS{第1轴}
2023-11-23 09:43:34,646 [AppLog] INFO : 手动正向JOG指令（8轴运控板卡系统） ====》：输出AXIS{第1轴},运动速度{2MM/s}
2023-11-23 09:43:34,692 [AppLog] INFO : 手动停止JOG输出（8轴运控板卡系统） ====》：输出AXIS{第1轴}
2023-11-23 09:43:34,973 [AppLog] INFO : 手动正向JOG指令（8轴运控板卡系统） ====》：输出AXIS{第1轴},运动速度{2MM/s}
2023-11-23 09:43:35,067 [AppLog] INFO : 手动停止JOG输出（8轴运控板卡系统） ====》：输出AXIS{第1轴}
2023-11-23 09:43:35,145 [AppLog] INFO : 手动正向JOG指令（8轴运控板卡系统） ====》：输出AXIS{第1轴},运动速度{2MM/s}
2023-11-23 09:43:35,254 [AppLog] INFO : 手动停止JOG输出（8轴运控板卡系统） ====》：输出AXIS{第1轴}
2023-11-23 09:43:35,332 [AppLog] INFO : 手动正向JOG指令（8轴运控板卡系统） ====》：输出AXIS{第1轴},运动速度{2MM/s}
2023-11-23 09:43:35,441 [AppLog] INFO : 手动停止JOG输出（8轴运控板卡系统） ====》：输出AXIS{第1轴}
2023-11-23 09:43:35,519 [AppLog] INFO : 手动正向JOG指令（8轴运控板卡系统） ====》：输出AXIS{第1轴},运动速度{2MM/s}
2023-11-23 09:43:35,644 [AppLog] INFO : 手动停止JOG输出（8轴运控板卡系统） ====》：输出AXIS{第1轴}
2023-11-23 09:43:35,753 [AppLog] INFO : 手动正向JOG指令（8轴运控板卡系统） ====》：输出AXIS{第1轴},运动速度{2MM/s}
2023-11-23 09:43:35,925 [AppLog] INFO : 手动停止JOG输出（8轴运控板卡系统） ====》：输出AXIS{第1轴}
2023-11-23 09:43:35,987 [AppLog] INFO : 手动正向JOG指令（8轴运控板卡系统） ====》：输出AXIS{第1轴},运动速度{2MM/s}
2023-11-23 09:43:36,705 [AppLog] INFO : 手动停止JOG输出（8轴运控板卡系统） ====》：输出AXIS{第1轴}
2023-11-23 09:43:37,298 [AppLog] INFO : 手动正向JOG指令（8轴运控板卡系统） ====》：输出AXIS{第1轴},运动速度{2MM/s}
2023-11-23 09:43:38,296 [AppLog] INFO : 手动停止JOG输出（8轴运控板卡系统） ====》：输出AXIS{第1轴}
2023-11-23 09:43:38,577 [AppLog] INFO : 手动正向JOG指令（8轴运控板卡系统） ====》：输出AXIS{第1轴},运动速度{2MM/s}
2023-11-23 09:43:39,170 [AppLog] INFO : 手动停止JOG输出（8轴运控板卡系统） ====》：输出AXIS{第1轴}
2023-11-23 09:43:39,482 [AppLog] INFO : 手动正向JOG指令（8轴运控板卡系统） ====》：输出AXIS{第1轴},运动速度{2MM/s}
2023-11-23 09:43:40,137 [AppLog] INFO : 手动停止JOG输出（8轴运控板卡系统） ====》：输出AXIS{第1轴}
2023-11-23 09:43:40,293 [AppLog] INFO : 手动正向JOG指令（8轴运控板卡系统） ====》：输出AXIS{第1轴},运动速度{2MM/s}
2023-11-23 09:43:41,010 [AppLog] INFO : 手动停止JOG输出（8轴运控板卡系统） ====》：输出AXIS{第1轴}
2023-11-23 09:43:41,198 [AppLog] INFO : 手动正向JOG指令（8轴运控板卡系统） ====》：输出AXIS{第1轴},运动速度{2MM/s}
2023-11-23 09:43:41,806 [AppLog] INFO : 手动停止JOG输出（8轴运控板卡系统） ====》：输出AXIS{第1轴}
2023-11-23 09:43:42,024 [AppLog] INFO : 手动正向JOG指令（8轴运控板卡系统） ====》：输出AXIS{第1轴},运动速度{2MM/s}
2023-11-23 09:43:42,570 [AppLog] INFO : 手动停止JOG输出（8轴运控板卡系统） ====》：输出AXIS{第1轴}
2023-11-23 09:43:43,600 [AppLog] INFO : 手动负向JOG指令（8轴运控板卡系统） ====》：输出AXIS{第1轴},运动速度{2MM/s}
2023-11-23 09:43:45,051 [AppLog] INFO : 手动停止JOG输出（8轴运控板卡系统） ====》：输出AXIS{第1轴}
2023-11-23 09:43:45,893 [AppLog] INFO : 手动正向JOG指令（8轴运控板卡系统） ====》：输出AXIS{第1轴},运动速度{2MM/s}
2023-11-23 09:43:48,140 [AppLog] INFO : 手动停止JOG输出（8轴运控板卡系统） ====》：输出AXIS{第1轴}
2023-11-23 09:43:50,339 [AppLog] INFO : 手动正向JOG指令（8轴运控板卡系统） ====》：输出AXIS{第1轴},运动速度{2MM/s}
2023-11-23 09:43:50,495 [AppLog] INFO : 手动停止JOG输出（8轴运控板卡系统） ====》：输出AXIS{第1轴}
2023-11-23 09:43:50,885 [AppLog] INFO : 手动正向JOG指令（8轴运控板卡系统） ====》：输出AXIS{第1轴},运动速度{2MM/s}
2023-11-23 09:43:50,995 [AppLog] INFO : 手动停止JOG输出（8轴运控板卡系统） ====》：输出AXIS{第1轴}
2023-11-23 09:43:51,322 [AppLog] INFO : 手动正向JOG指令（8轴运控板卡系统） ====》：输出AXIS{第1轴},运动速度{2MM/s}
2023-11-23 09:43:51,400 [AppLog] INFO : 手动停止JOG输出（8轴运控板卡系统） ====》：输出AXIS{第1轴}
2023-11-23 09:43:51,541 [AppLog] INFO : 手动正向JOG指令（8轴运控板卡系统） ====》：输出AXIS{第1轴},运动速度{2MM/s}
2023-11-23 09:43:51,619 [AppLog] INFO : 手动停止JOG输出（8轴运控板卡系统） ====》：输出AXIS{第1轴}
2023-11-23 09:43:52,009 [AppLog] INFO : 手动正向JOG指令（8轴运控板卡系统） ====》：输出AXIS{第1轴},运动速度{2MM/s}
2023-11-23 09:43:52,055 [AppLog] INFO : 手动停止JOG输出（8轴运控板卡系统） ====》：输出AXIS{第1轴}
2023-11-23 09:43:52,180 [AppLog] INFO : 手动正向JOG指令（8轴运控板卡系统） ====》：输出AXIS{第1轴},运动速度{2MM/s}
2023-11-23 09:43:52,274 [AppLog] INFO : 手动停止JOG输出（8轴运控板卡系统） ====》：输出AXIS{第1轴}
2023-11-23 09:43:52,367 [AppLog] INFO : 手动正向JOG指令（8轴运控板卡系统） ====》：输出AXIS{第1轴},运动速度{2MM/s}
2023-11-23 09:43:52,461 [AppLog] INFO : 手动停止JOG输出（8轴运控板卡系统） ====》：输出AXIS{第1轴}
2023-11-23 09:44:50,805 [AppLog] INFO : 手动正向JOG指令（8轴运控板卡系统） ====》：输出AXIS{第1轴},运动速度{2MM/s}
2023-11-23 09:44:51,382 [AppLog] INFO : 手动停止JOG输出（8轴运控板卡系统） ====》：输出AXIS{第1轴}
2023-11-23 09:44:51,601 [AppLog] INFO : 手动正向JOG指令（8轴运控板卡系统） ====》：输出AXIS{第1轴},运动速度{2MM/s}
2023-11-23 09:44:52,334 [AppLog] INFO : 手动停止JOG输出（8轴运控板卡系统） ====》：输出AXIS{第1轴}
2023-11-23 09:44:53,457 [AppLog] INFO : 手动负向JOG指令（8轴运控板卡系统） ====》：输出AXIS{第1轴},运动速度{2MM/s}
2023-11-23 09:44:57,560 [AppLog] INFO : 手动停止JOG输出（8轴运控板卡系统） ====》：输出AXIS{第1轴}
2023-11-23 09:45:00,539 [AppLog] INFO : 退出手动调试子模块,已执行修改
==========================================================================
2023-11-23 09:45:01,600 [AppLog] INFO : 进入电气控制模块
2023-11-23 09:45:02,645 [AppLog] INFO : 电气控制模块：手动打开端口15
2023-11-23 09:45:03,691 [AppLog] INFO : 电气控制模块：手动打开端口14
2023-11-23 09:45:04,439 [AppLog] INFO : 退出电气控制模块
2023-11-23 09:45:12,224 [AppLog] INFO : 进入手动调试子模块！
2023-11-23 09:45:12,224 [AppLog] INFO : 进入：ManulBtn_Click=》准备创建对象-手动操作！
2023-11-23 09:45:12,271 [AppLog] INFO : 创建：ManualControl=》创建完成-手动操作！
2023-11-23 09:45:12,271 [AppLog] INFO : 加载成功：温控Modbus接口！
2023-11-23 09:45:17,372 [AppLog] INFO : 退出手动调试子模块，未执行修改
==========================================================================
2023-11-23 09:45:18,292 [AppLog] INFO : 进入电气控制模块
2023-11-23 09:45:19,010 [AppLog] INFO : 电气控制模块：手动关闭端口15
2023-11-23 09:45:19,977 [AppLog] INFO : 电气控制模块：手动关闭端口14
2023-11-23 09:45:25,858 [AppLog] INFO : 电气控制模块：手动打开端口14
2023-11-23 09:45:26,919 [AppLog] INFO : 电气控制模块：手动打开端口15
2023-11-23 09:45:27,886 [AppLog] INFO : 退出电气控制模块
2023-11-23 09:45:29,540 [AppLog] INFO : 进入手动调试子模块！
2023-11-23 09:45:29,540 [AppLog] INFO : 进入：ManulBtn_Click=》准备创建对象-手动操作！
2023-11-23 09:45:29,571 [AppLog] INFO : 创建：ManualControl=》创建完成-手动操作！
2023-11-23 09:45:29,571 [AppLog] INFO : 加载成功：温控Modbus接口！
2023-11-23 09:45:37,215 [AppLog] INFO : 手动负向点动指令（8轴运控板卡系统） ====》：输出AXIS{第1轴},点动量{1.5MM},运动速度{2MM/s}
2023-11-23 09:45:38,104 [AppLog] INFO : 手动负向点动指令（8轴运控板卡系统） ====》：输出AXIS{第1轴},点动量{1.5MM},运动速度{2MM/s}
2023-11-23 09:45:38,900 [AppLog] INFO : 手动负向点动指令（8轴运控板卡系统） ====》：输出AXIS{第1轴},点动量{1.5MM},运动速度{2MM/s}
2023-11-23 09:45:45,483 [AppLog] INFO : 手动负向点动指令（8轴运控板卡系统） ====》：输出AXIS{第1轴},点动量{1.5MM},运动速度{2MM/s}
2023-11-23 09:45:51,146 [AppLog] INFO : 手动负向点动指令（8轴运控板卡系统） ====》：输出AXIS{第1轴},点动量{1.5MM},运动速度{2MM/s}
2023-11-23 09:45:54,297 [AppLog] INFO : 手动负向点动指令（8轴运控板卡系统） ====》：输出AXIS{第1轴},点动量{1.5MM},运动速度{2MM/s}
2023-11-23 09:45:55,405 [AppLog] INFO : 手动负向点动指令（8轴运控板卡系统） ====》：输出AXIS{第1轴},点动量{1.5MM},运动速度{2MM/s}
2023-11-23 09:45:56,185 [AppLog] INFO : 手动负向点动指令（8轴运控板卡系统） ====》：输出AXIS{第1轴},点动量{1.5MM},运动速度{2MM/s}
2023-11-23 09:45:58,384 [AppLog] INFO : 手动负向点动指令（8轴运控板卡系统） ====》：输出AXIS{第1轴},点动量{1.5MM},运动速度{2MM/s}
2023-11-23 09:45:59,164 [AppLog] INFO : 手动负向点动指令（8轴运控板卡系统） ====》：输出AXIS{第1轴},点动量{1.5MM},运动速度{2MM/s}
2023-11-23 09:46:00,740 [AppLog] INFO : 退出手动调试子模块,已执行修改
==========================================================================
2023-11-23 09:46:02,160 [AppLog] INFO : 进入电气控制模块
2023-11-23 09:46:08,337 [AppLog] INFO : 退出电气控制模块
2023-11-23 09:46:11,520 [AppLog] INFO : 进入手动调试子模块！
2023-11-23 09:46:11,520 [AppLog] INFO : 进入：ManulBtn_Click=》准备创建对象-手动操作！
2023-11-23 09:46:11,535 [AppLog] INFO : 创建：ManualControl=》创建完成-手动操作！
2023-11-23 09:46:11,535 [AppLog] INFO : 加载成功：温控Modbus接口！
2023-11-23 09:46:12,939 [AppLog] INFO : 切换为JOG模式====》：输出AXIS{第1轴}
2023-11-23 09:46:13,953 [AppLog] INFO : 手动负向JOG指令（8轴运控板卡系统） ====》：输出AXIS{第1轴},运动速度{2MM/s}
2023-11-23 09:46:14,437 [AppLog] INFO : 手动停止JOG输出（8轴运控板卡系统） ====》：输出AXIS{第1轴}
2023-11-23 09:46:14,733 [AppLog] INFO : 手动负向JOG指令（8轴运控板卡系统） ====》：输出AXIS{第1轴},运动速度{2MM/s}
2023-11-23 09:46:15,123 [AppLog] INFO : 手动停止JOG输出（8轴运控板卡系统） ====》：输出AXIS{第1轴}
2023-11-23 09:46:16,683 [AppLog] INFO : 退出手动调试子模块,已执行修改
==========================================================================
2023-11-23 09:46:17,744 [AppLog] INFO : 进入电气控制模块
2023-11-23 09:46:18,477 [AppLog] INFO : 电气控制模块：手动关闭端口15
2023-11-23 09:46:19,288 [AppLog] INFO : 电气控制模块：手动关闭端口14
2023-11-23 09:46:20,162 [AppLog] INFO : 退出电气控制模块
2023-11-23 09:46:21,348 [AppLog] INFO : 进入手动调试子模块！
2023-11-23 09:46:21,348 [AppLog] INFO : 进入：ManulBtn_Click=》准备创建对象-手动操作！
2023-11-23 09:46:21,363 [AppLog] INFO : 创建：ManualControl=》创建完成-手动操作！
2023-11-23 09:46:21,363 [AppLog] INFO : 加载成功：温控Modbus接口！
2023-11-23 09:46:25,263 [AppLog] INFO : 手动负向点动指令（8轴运控板卡系统） ====》：输出AXIS{第1轴},点动量{1.5MM},运动速度{2MM/s}
2023-11-23 09:46:26,043 [AppLog] INFO : 手动负向点动指令（8轴运控板卡系统） ====》：输出AXIS{第1轴},点动量{1.5MM},运动速度{2MM/s}
2023-11-23 09:46:26,106 [AppLog] INFO : 切换为JOG模式====》：输出AXIS{第1轴}
2023-11-23 09:46:26,854 [AppLog] INFO : 手动负向JOG指令（8轴运控板卡系统） ====》：输出AXIS{第1轴},运动速度{2MM/s}
2023-11-23 09:46:26,964 [AppLog] INFO : 手动停止JOG输出（8轴运控板卡系统） ====》：输出AXIS{第1轴}
2023-11-23 09:46:27,447 [AppLog] INFO : 手动负向JOG指令（8轴运控板卡系统） ====》：输出AXIS{第1轴},运动速度{2MM/s}
2023-11-23 09:46:27,572 [AppLog] INFO : 手动停止JOG输出（8轴运控板卡系统） ====》：输出AXIS{第1轴}
2023-11-23 09:46:28,056 [AppLog] INFO : 手动负向JOG指令（8轴运控板卡系统） ====》：输出AXIS{第1轴},运动速度{2MM/s}
2023-11-23 09:46:28,352 [AppLog] INFO : 手动停止JOG输出（8轴运控板卡系统） ====》：输出AXIS{第1轴}
2023-11-23 09:46:28,742 [AppLog] INFO : 手动负向JOG指令（8轴运控板卡系统） ====》：输出AXIS{第1轴},运动速度{2MM/s}
2023-11-23 09:46:28,945 [AppLog] INFO : 手动停止JOG输出（8轴运控板卡系统） ====》：输出AXIS{第1轴}
2023-11-23 09:46:29,257 [AppLog] INFO : 手动负向JOG指令（8轴运控板卡系统） ====》：输出AXIS{第1轴},运动速度{2MM/s}
2023-11-23 09:46:29,584 [AppLog] INFO : 手动停止JOG输出（8轴运控板卡系统） ====》：输出AXIS{第1轴}
2023-11-23 09:46:29,896 [AppLog] INFO : 手动负向JOG指令（8轴运控板卡系统） ====》：输出AXIS{第1轴},运动速度{2MM/s}
2023-11-23 09:46:30,224 [AppLog] INFO : 手动停止JOG输出（8轴运控板卡系统） ====》：输出AXIS{第1轴}
2023-11-23 09:46:39,912 [AppLog] INFO : 手动负向JOG指令（8轴运控板卡系统） ====》：输出AXIS{第1轴},运动速度{3MM/s}
2023-11-23 09:46:39,990 [AppLog] INFO : 手动停止JOG输出（8轴运控板卡系统） ====》：输出AXIS{第1轴}
2023-11-23 09:46:40,489 [AppLog] INFO : 手动负向JOG指令（8轴运控板卡系统） ====》：输出AXIS{第1轴},运动速度{3MM/s}
2023-11-23 09:46:40,660 [AppLog] INFO : 手动停止JOG输出（8轴运控板卡系统） ====》：输出AXIS{第1轴}
2023-11-23 09:46:41,004 [AppLog] INFO : 手动负向JOG指令（8轴运控板卡系统） ====》：输出AXIS{第1轴},运动速度{3MM/s}
2023-11-23 09:46:41,316 [AppLog] INFO : 手动停止JOG输出（8轴运控板卡系统） ====》：输出AXIS{第1轴}
2023-11-23 09:46:41,690 [AppLog] INFO : 手动负向JOG指令（8轴运控板卡系统） ====》：输出AXIS{第1轴},运动速度{3MM/s}
2023-11-23 09:46:41,846 [AppLog] INFO : 手动停止JOG输出（8轴运控板卡系统） ====》：输出AXIS{第1轴}
2023-11-23 09:46:42,142 [AppLog] INFO : 手动负向JOG指令（8轴运控板卡系统） ====》：输出AXIS{第1轴},运动速度{3MM/s}
2023-11-23 09:46:42,314 [AppLog] INFO : 手动停止JOG输出（8轴运控板卡系统） ====》：输出AXIS{第1轴}
2023-11-23 09:46:42,579 [AppLog] INFO : 手动负向JOG指令（8轴运控板卡系统） ====》：输出AXIS{第1轴},运动速度{3MM/s}
2023-11-23 09:46:42,720 [AppLog] INFO : 手动停止JOG输出（8轴运控板卡系统） ====》：输出AXIS{第1轴}
2023-11-23 09:46:42,954 [AppLog] INFO : 手动负向JOG指令（8轴运控板卡系统） ====》：输出AXIS{第1轴},运动速度{3MM/s}
2023-11-23 09:46:43,531 [AppLog] INFO : 手动停止JOG输出（8轴运控板卡系统） ====》：输出AXIS{第1轴}
2023-11-23 09:46:43,858 [AppLog] INFO : 手动负向JOG指令（8轴运控板卡系统） ====》：输出AXIS{第1轴},运动速度{3MM/s}
2023-11-23 09:46:44,389 [AppLog] INFO : 手动停止JOG输出（8轴运控板卡系统） ====》：输出AXIS{第1轴}
2023-11-23 09:47:06,541 [AppLog] INFO : 手动负向JOG指令（8轴运控板卡系统） ====》：输出AXIS{第1轴},运动速度{3MM/s}
2023-11-23 09:47:06,681 [AppLog] INFO : 手动停止JOG输出（8轴运控板卡系统） ====》：输出AXIS{第1轴}
2023-11-23 09:47:07,071 [AppLog] INFO : 手动负向JOG指令（8轴运控板卡系统） ====》：输出AXIS{第1轴},运动速度{3MM/s}
2023-11-23 09:47:07,695 [AppLog] INFO : 手动停止JOG输出（8轴运控板卡系统） ====》：输出AXIS{第1轴}
2023-11-23 09:47:08,070 [AppLog] INFO : 手动负向JOG指令（8轴运控板卡系统） ====》：输出AXIS{第1轴},运动速度{3MM/s}
2023-11-23 09:47:11,080 [AppLog] INFO : 手动停止JOG输出（8轴运控板卡系统） ====》：输出AXIS{第1轴}
2023-11-23 09:47:11,221 [AppLog] INFO : 手动负向JOG指令（8轴运控板卡系统） ====》：输出AXIS{第1轴},运动速度{3MM/s}
2023-11-23 09:47:11,736 [AppLog] INFO : 手动停止JOG输出（8轴运控板卡系统） ====》：输出AXIS{第1轴}
2023-11-23 09:47:13,249 [AppLog] INFO : 退出手动调试子模块,已执行修改
==========================================================================
2023-11-23 09:47:15,526 [AppLog] INFO : 进入电气控制模块
2023-11-23 09:47:16,416 [AppLog] INFO : 电气控制模块：手动打开端口15
2023-11-23 09:47:16,962 [AppLog] INFO : 电气控制模块：手动关闭端口15
2023-11-23 09:47:18,007 [AppLog] INFO : 电气控制模块：手动打开端口14
2023-11-23 09:47:18,912 [AppLog] INFO : 退出电气控制模块
2023-11-23 09:47:19,972 [AppLog] INFO : 进入手动调试子模块！
2023-11-23 09:47:19,972 [AppLog] INFO : 进入：ManulBtn_Click=》准备创建对象-手动操作！
2023-11-23 09:47:20,004 [AppLog] INFO : 创建：ManualControl=》创建完成-手动操作！
2023-11-23 09:47:20,004 [AppLog] INFO : 加载成功：温控Modbus接口！
2023-11-23 09:47:22,422 [AppLog] INFO : 切换为JOG模式====》：输出AXIS{第1轴}
2023-11-23 09:47:23,280 [AppLog] INFO : 手动负向JOG指令（8轴运控板卡系统） ====》：输出AXIS{第1轴},运动速度{2MM/s}
2023-11-23 09:47:24,247 [AppLog] INFO : 手动停止JOG输出（8轴运控板卡系统） ====》：输出AXIS{第1轴}
2023-11-23 09:47:24,528 [AppLog] INFO : 手动负向JOG指令（8轴运控板卡系统） ====》：输出AXIS{第1轴},运动速度{2MM/s}
2023-11-23 09:47:25,276 [AppLog] INFO : 手动停止JOG输出（8轴运控板卡系统） ====》：输出AXIS{第1轴}
2023-11-23 09:47:25,620 [AppLog] INFO : 手动负向JOG指令（8轴运控板卡系统） ====》：输出AXIS{第1轴},运动速度{2MM/s}
2023-11-23 09:47:27,710 [AppLog] INFO : 手动停止JOG输出（8轴运控板卡系统） ====》：输出AXIS{第1轴}
2023-11-23 09:47:28,942 [AppLog] INFO : 手动负向JOG指令（8轴运控板卡系统） ====》：输出AXIS{第1轴},运动速度{2MM/s}
2023-11-23 09:47:34,637 [AppLog] INFO : 手动停止JOG输出（8轴运控板卡系统） ====》：输出AXIS{第1轴}
2023-11-23 09:47:35,931 [AppLog] INFO : 手动负向JOG指令（8轴运控板卡系统） ====》：输出AXIS{第1轴},运动速度{2MM/s}
2023-11-23 09:47:37,179 [AppLog] INFO : 手动停止JOG输出（8轴运控板卡系统） ====》：输出AXIS{第1轴}
2023-11-23 09:47:37,476 [AppLog] INFO : 手动负向JOG指令（8轴运控板卡系统） ====》：输出AXIS{第1轴},运动速度{2MM/s}
2023-11-23 09:47:37,725 [AppLog] INFO : 手动停止JOG输出（8轴运控板卡系统） ====》：输出AXIS{第1轴}
2023-11-23 09:47:37,928 [AppLog] INFO : 手动负向JOG指令（8轴运控板卡系统） ====》：输出AXIS{第1轴},运动速度{2MM/s}
2023-11-23 09:47:38,037 [AppLog] INFO : 手动停止JOG输出（8轴运控板卡系统） ====》：输出AXIS{第1轴}
2023-11-23 09:47:38,084 [AppLog] INFO : 手动负向JOG指令（8轴运控板卡系统） ====》：输出AXIS{第1轴},运动速度{2MM/s}
2023-11-23 09:47:38,225 [AppLog] INFO : 手动停止JOG输出（8轴运控板卡系统） ====》：输出AXIS{第1轴}
2023-11-23 09:47:38,287 [AppLog] INFO : 手动负向JOG指令（8轴运控板卡系统） ====》：输出AXIS{第1轴},运动速度{2MM/s}
2023-11-23 09:47:38,381 [AppLog] INFO : 手动停止JOG输出（8轴运控板卡系统） ====》：输出AXIS{第1轴}
2023-11-23 09:47:38,459 [AppLog] INFO : 手动负向JOG指令（8轴运控板卡系统） ====》：输出AXIS{第1轴},运动速度{2MM/s}
2023-11-23 09:47:38,568 [AppLog] INFO : 手动停止JOG输出（8轴运控板卡系统） ====》：输出AXIS{第1轴}
2023-11-23 09:47:38,615 [AppLog] INFO : 手动负向JOG指令（8轴运控板卡系统） ====》：输出AXIS{第1轴},运动速度{2MM/s}
2023-11-23 09:47:38,739 [AppLog] INFO : 手动停止JOG输出（8轴运控板卡系统） ====》：输出AXIS{第1轴}
2023-11-23 09:47:38,833 [AppLog] INFO : 手动负向JOG指令（8轴运控板卡系统） ====》：输出AXIS{第1轴},运动速度{2MM/s}
2023-11-23 09:47:38,927 [AppLog] INFO : 手动停止JOG输出（8轴运控板卡系统） ====》：输出AXIS{第1轴}
2023-11-23 09:47:39,067 [AppLog] INFO : 手动负向JOG指令（8轴运控板卡系统） ====》：输出AXIS{第1轴},运动速度{2MM/s}
2023-11-23 09:47:39,161 [AppLog] INFO : 手动停止JOG输出（8轴运控板卡系统） ====》：输出AXIS{第1轴}
2023-11-23 09:47:39,223 [AppLog] INFO : 手动负向JOG指令（8轴运控板卡系统） ====》：输出AXIS{第1轴},运动速度{2MM/s}
2023-11-23 09:47:39,363 [AppLog] INFO : 手动停止JOG输出（8轴运控板卡系统） ====》：输出AXIS{第1轴}
2023-11-23 09:47:39,457 [AppLog] INFO : 手动负向JOG指令（8轴运控板卡系统） ====》：输出AXIS{第1轴},运动速度{2MM/s}
2023-11-23 09:47:39,582 [AppLog] INFO : 手动停止JOG输出（8轴运控板卡系统） ====》：输出AXIS{第1轴}
2023-11-23 09:47:39,722 [AppLog] INFO : 手动负向JOG指令（8轴运控板卡系统） ====》：输出AXIS{第1轴},运动速度{2MM/s}
2023-11-23 09:47:44,075 [AppLog] INFO : 手动停止JOG输出（8轴运控板卡系统） ====》：输出AXIS{第1轴}
2023-11-23 09:47:44,402 [AppLog] INFO : 手动负向JOG指令（8轴运控板卡系统） ====》：输出AXIS{第1轴},运动速度{2MM/s}
2023-11-23 09:47:49,082 [AppLog] INFO : 手动停止JOG输出（8轴运控板卡系统） ====》：输出AXIS{第1轴}
2023-11-23 09:47:50,502 [AppLog] INFO : 退出手动调试子模块,已执行修改
==========================================================================
2023-11-23 09:47:55,369 [AppLog] INFO : 进入手动调试子模块！
2023-11-23 09:47:55,369 [AppLog] INFO : 进入：ManulBtn_Click=》准备创建对象-手动操作！
2023-11-23 09:47:55,400 [AppLog] INFO : 创建：ManualControl=》创建完成-手动操作！
2023-11-23 09:47:55,400 [AppLog] INFO : 加载成功：温控Modbus接口！
2023-11-23 09:47:59,082 [AppLog] INFO : 切换为JOG模式====》：输出AXIS{第1轴}
2023-11-23 09:48:00,236 [AppLog] INFO : 手动正向JOG指令（8轴运控板卡系统） ====》：输出AXIS{第1轴},运动速度{2MM/s}
2023-11-23 09:48:04,682 [AppLog] INFO : 手动停止JOG输出（8轴运控板卡系统） ====》：输出AXIS{第1轴}
2023-11-23 09:48:05,977 [AppLog] INFO : 退出手动调试子模块，未执行修改
==========================================================================
2023-11-23 09:48:08,036 [AppLog] INFO : 进入电气控制模块
2023-11-23 09:48:09,939 [AppLog] INFO : 电气控制模块：手动打开端口15
2023-11-23 09:48:10,563 [AppLog] INFO : 电气控制模块：手动关闭端口15
2023-11-23 09:48:11,687 [AppLog] INFO : 电气控制模块：手动关闭端口14
2023-11-23 09:48:12,201 [AppLog] INFO : 电气控制模块：手动打开端口14
2023-11-23 09:48:13,403 [AppLog] INFO : 电气控制模块：手动打开端口15
2023-11-23 09:48:14,073 [AppLog] INFO : 电气控制模块：手动关闭端口15
2023-11-23 09:48:15,852 [AppLog] INFO : 退出电气控制模块
2023-11-23 09:48:19,253 [AppLog] INFO : 进入手动调试子模块！
2023-11-23 09:48:19,253 [AppLog] INFO : 进入：ManulBtn_Click=》准备创建对象-手动操作！
2023-11-23 09:48:19,299 [AppLog] INFO : 创建：ManualControl=》创建完成-手动操作！
2023-11-23 09:48:19,299 [AppLog] INFO : 加载成功：温控Modbus接口！
2023-11-23 09:48:25,929 [AppLog] INFO : 切换为JOG模式====》：输出AXIS{第1轴}
2023-11-23 09:48:27,427 [AppLog] INFO : 手动正向JOG指令（8轴运控板卡系统） ====》：输出AXIS{第1轴},运动速度{4MM/s}
2023-11-23 09:48:28,113 [AppLog] INFO : 手动停止JOG输出（8轴运控板卡系统） ====》：输出AXIS{第1轴}
2023-11-23 09:48:28,550 [AppLog] INFO : 手动正向JOG指令（8轴运控板卡系统） ====》：输出AXIS{第1轴},运动速度{4MM/s}
2023-11-23 09:48:29,190 [AppLog] INFO : 手动停止JOG输出（8轴运控板卡系统） ====》：输出AXIS{第1轴}
2023-11-23 09:48:29,798 [AppLog] INFO : 手动正向JOG指令（8轴运控板卡系统） ====》：输出AXIS{第1轴},运动速度{4MM/s}
2023-11-23 09:48:29,876 [AppLog] INFO : 手动停止JOG输出（8轴运控板卡系统） ====》：输出AXIS{第1轴}
2023-11-23 09:48:43,479 [AppLog] INFO : 手动正向JOG指令（8轴运控板卡系统） ====》：输出AXIS{第1轴},运动速度{4MM/s}
2023-11-23 09:48:44,025 [AppLog] INFO : 手动停止JOG输出（8轴运控板卡系统） ====》：输出AXIS{第1轴}
2023-11-23 09:48:44,228 [AppLog] INFO : 手动正向JOG指令（8轴运控板卡系统） ====》：输出AXIS{第1轴},运动速度{4MM/s}
2023-11-23 09:48:46,085 [AppLog] INFO : 手动停止JOG输出（8轴运控板卡系统） ====》：输出AXIS{第1轴}
2023-11-23 09:48:46,334 [AppLog] INFO : 手动正向JOG指令（8轴运控板卡系统） ====》：输出AXIS{第1轴},运动速度{4MM/s}
2023-11-23 09:48:54,197 [AppLog] INFO : 手动停止JOG输出（8轴运控板卡系统） ====》：输出AXIS{第1轴}
2023-11-23 09:48:54,399 [AppLog] INFO : 手动正向JOG指令（8轴运控板卡系统） ====》：输出AXIS{第1轴},运动速度{4MM/s}
2023-11-23 09:48:55,757 [AppLog] INFO : 手动停止JOG输出（8轴运控板卡系统） ====》：输出AXIS{第1轴}
2023-11-23 09:48:55,928 [AppLog] INFO : 手动正向JOG指令（8轴运控板卡系统） ====》：输出AXIS{第1轴},运动速度{4MM/s}
2023-11-23 09:48:57,285 [AppLog] INFO : 手动停止JOG输出（8轴运控板卡系统） ====》：输出AXIS{第1轴}
2023-11-23 09:48:57,473 [AppLog] INFO : 手动正向JOG指令（8轴运控板卡系统） ====》：输出AXIS{第1轴},运动速度{4MM/s}
2023-11-23 09:48:58,003 [AppLog] INFO : 手动停止JOG输出（8轴运控板卡系统） ====》：输出AXIS{第1轴}
2023-11-23 09:48:58,175 [AppLog] INFO : 手动正向JOG指令（8轴运控板卡系统） ====》：输出AXIS{第1轴},运动速度{4MM/s}
2023-11-23 09:48:59,485 [AppLog] INFO : 手动停止JOG输出（8轴运控板卡系统） ====》：输出AXIS{第1轴}
2023-11-23 09:48:59,672 [AppLog] INFO : 手动正向JOG指令（8轴运控板卡系统） ====》：输出AXIS{第1轴},运动速度{4MM/s}
2023-11-23 09:49:00,171 [AppLog] INFO : 手动停止JOG输出（8轴运控板卡系统） ====》：输出AXIS{第1轴}
2023-11-23 09:49:00,359 [AppLog] INFO : 手动正向JOG指令（8轴运控板卡系统） ====》：输出AXIS{第1轴},运动速度{4MM/s}
2023-11-23 09:49:00,795 [AppLog] INFO : 手动停止JOG输出（8轴运控板卡系统） ====》：输出AXIS{第1轴}
2023-11-23 09:49:00,998 [AppLog] INFO : 手动正向JOG指令（8轴运控板卡系统） ====》：输出AXIS{第1轴},运动速度{4MM/s}
2023-11-23 09:49:01,248 [AppLog] INFO : 手动停止JOG输出（8轴运控板卡系统） ====》：输出AXIS{第1轴}
2023-11-23 09:49:02,558 [AppLog] INFO : 手动负向JOG指令（8轴运控板卡系统） ====》：输出AXIS{第1轴},运动速度{4MM/s}
2023-11-23 09:49:02,621 [AppLog] INFO : 手动停止JOG输出（8轴运控板卡系统） ====》：输出AXIS{第1轴}
2023-11-23 09:49:02,652 [AppLog] INFO : 手动负向JOG指令（8轴运控板卡系统） ====》：输出AXIS{第1轴},运动速度{4MM/s}
2023-11-23 09:49:03,135 [AppLog] INFO : 手动停止JOG输出（8轴运控板卡系统） ====》：输出AXIS{第1轴}
2023-11-23 09:49:04,134 [AppLog] INFO : 手动正向JOG指令（8轴运控板卡系统） ====》：输出AXIS{第1轴},运动速度{4MM/s}
2023-11-23 09:49:04,196 [AppLog] INFO : 手动停止JOG输出（8轴运控板卡系统） ====》：输出AXIS{第1轴}
2023-11-23 09:49:08,705 [AppLog] INFO : 手动负向JOG指令（8轴运控板卡系统） ====》：输出AXIS{第1轴},运动速度{1MM/s}
2023-11-23 09:49:08,829 [AppLog] INFO : 手动停止JOG输出（8轴运控板卡系统） ====》：输出AXIS{第1轴}
2023-11-23 09:49:09,141 [AppLog] INFO : 手动负向JOG指令（8轴运控板卡系统） ====》：输出AXIS{第1轴},运动速度{1MM/s}
2023-11-23 09:49:11,076 [AppLog] INFO : 手动停止JOG输出（8轴运控板卡系统） ====》：输出AXIS{第1轴}
2023-11-23 09:49:11,294 [AppLog] INFO : 手动负向JOG指令（8轴运控板卡系统） ====》：输出AXIS{第1轴},运动速度{1MM/s}
2023-11-23 09:49:11,840 [AppLog] INFO : 手动停止JOG输出（8轴运控板卡系统） ====》：输出AXIS{第1轴}
2023-11-23 09:49:12,168 [AppLog] INFO : 手动负向JOG指令（8轴运控板卡系统） ====》：输出AXIS{第1轴},运动速度{1MM/s}
2023-11-23 09:49:12,745 [AppLog] INFO : 手动停止JOG输出（8轴运控板卡系统） ====》：输出AXIS{第1轴}
2023-11-23 09:49:13,010 [AppLog] INFO : 手动负向JOG指令（8轴运控板卡系统） ====》：输出AXIS{第1轴},运动速度{1MM/s}
2023-11-23 09:49:13,073 [AppLog] INFO : 手动停止JOG输出（8轴运控板卡系统） ====》：输出AXIS{第1轴}
2023-11-23 09:49:13,431 [AppLog] INFO : 手动负向JOG指令（8轴运控板卡系统） ====》：输出AXIS{第1轴},运动速度{1MM/s}
2023-11-23 09:49:13,525 [AppLog] INFO : 手动停止JOG输出（8轴运控板卡系统） ====》：输出AXIS{第1轴}
2023-11-23 09:49:13,868 [AppLog] INFO : 手动负向JOG指令（8轴运控板卡系统） ====》：输出AXIS{第1轴},运动速度{1MM/s}
2023-11-23 09:49:13,962 [AppLog] INFO : 手动停止JOG输出（8轴运控板卡系统） ====》：输出AXIS{第1轴}
2023-11-23 09:49:15,444 [AppLog] INFO : 退出手动调试子模块，未执行修改
==========================================================================
2023-11-23 09:49:16,723 [AppLog] INFO : 进入手动调试子模块！
2023-11-23 09:49:16,739 [AppLog] INFO : 进入：ManulBtn_Click=》准备创建对象-手动操作！
2023-11-23 09:49:16,770 [AppLog] INFO : 创建：ManualControl=》创建完成-手动操作！
2023-11-23 09:49:16,770 [AppLog] INFO : 加载成功：温控Modbus接口！
2023-11-23 09:49:19,344 [AppLog] INFO : 退出手动调试子模块，未执行修改
==========================================================================
2023-11-23 09:49:22,027 [AppLog] INFO : 进入电气控制模块
2023-11-23 09:49:23,540 [AppLog] INFO : 电气控制模块：手动打开端口15
2023-11-23 09:49:24,570 [AppLog] INFO : 电气控制模块：手动关闭端口15
2023-11-23 09:49:25,693 [AppLog] INFO : 电气控制模块：手动关闭端口14
2023-11-23 09:49:26,380 [AppLog] INFO : 电气控制模块：手动打开端口14
2023-11-23 09:49:27,596 [AppLog] INFO : 电气控制模块：手动打开端口15
2023-11-23 09:49:28,829 [AppLog] INFO : 电气控制模块：手动关闭端口15
2023-11-23 09:49:29,890 [AppLog] INFO : 电气控制模块：手动打开端口15
2023-11-23 09:49:30,451 [AppLog] INFO : 电气控制模块：手动关闭端口15
2023-11-23 09:49:31,528 [AppLog] INFO : 退出电气控制模块
2023-11-23 09:49:33,134 [AppLog] INFO : 进入手动调试子模块！
2023-11-23 09:49:33,134 [AppLog] INFO : 进入：ManulBtn_Click=》准备创建对象-手动操作！
2023-11-23 09:49:33,166 [AppLog] INFO : 创建：ManualControl=》创建完成-手动操作！
2023-11-23 09:49:33,166 [AppLog] INFO : 加载成功：温控Modbus接口！
2023-11-23 09:50:12,306 [AppLog] INFO : 切换为JOG模式====》：输出AXIS{第1轴}
2023-11-23 09:50:17,251 [AppLog] INFO : 手动负向JOG指令（8轴运控板卡系统） ====》：输出AXIS{第1轴},运动速度{1MM/s}
2023-11-23 09:50:17,735 [AppLog] INFO : 手动停止JOG输出（8轴运控板卡系统） ====》：输出AXIS{第1轴}
2023-11-23 09:50:17,938 [AppLog] INFO : 手动负向JOG指令（8轴运控板卡系统） ====》：输出AXIS{第1轴},运动速度{1MM/s}
2023-11-23 09:50:19,638 [AppLog] INFO : 手动停止JOG输出（8轴运控板卡系统） ====》：输出AXIS{第1轴}
2023-11-23 09:50:19,794 [AppLog] INFO : 手动负向JOG指令（8轴运控板卡系统） ====》：输出AXIS{第1轴},运动速度{1MM/s}
2023-11-23 09:50:20,278 [AppLog] INFO : 手动停止JOG输出（8轴运控板卡系统） ====》：输出AXIS{第1轴}
2023-11-23 09:50:20,574 [AppLog] INFO : 手动负向JOG指令（8轴运控板卡系统） ====》：输出AXIS{第1轴},运动速度{1MM/s}
2023-11-23 09:50:20,808 [AppLog] INFO : 手动停止JOG输出（8轴运控板卡系统） ====》：输出AXIS{第1轴}
2023-11-23 09:50:21,042 [AppLog] INFO : 手动负向JOG指令（8轴运控板卡系统） ====》：输出AXIS{第1轴},运动速度{1MM/s}
2023-11-23 09:50:21,136 [AppLog] INFO : 手动停止JOG输出（8轴运控板卡系统） ====》：输出AXIS{第1轴}
2023-11-23 09:50:21,354 [AppLog] INFO : 手动负向JOG指令（8轴运控板卡系统） ====》：输出AXIS{第1轴},运动速度{1MM/s}
2023-11-23 09:50:21,416 [AppLog] INFO : 手动停止JOG输出（8轴运控板卡系统） ====》：输出AXIS{第1轴}
2023-11-23 09:50:22,727 [AppLog] INFO : 退出手动调试子模块，未执行修改
==========================================================================
2023-11-23 09:50:26,221 [AppLog] INFO : 进入电气控制模块
2023-11-23 09:50:27,329 [AppLog] INFO : 电气控制模块：手动打开端口15
2023-11-23 09:50:28,062 [AppLog] INFO : 电气控制模块：手动关闭端口15
2023-11-23 09:50:29,981 [AppLog] INFO : 退出电气控制模块
2023-11-23 09:50:31,120 [AppLog] INFO : 进入手动调试子模块！
2023-11-23 09:50:31,120 [AppLog] INFO : 进入：ManulBtn_Click=》准备创建对象-手动操作！
2023-11-23 09:50:31,151 [AppLog] INFO : 创建：ManualControl=》创建完成-手动操作！
2023-11-23 09:50:31,151 [AppLog] INFO : 加载成功：温控Modbus接口！
2023-11-23 09:50:35,004 [AppLog] INFO : 切换为JOG模式====》：输出AXIS{第1轴}
2023-11-23 09:50:46,330 [AppLog] INFO : 手动负向JOG指令（8轴运控板卡系统） ====》：输出AXIS{第1轴},运动速度{0.5MM/s}
2023-11-23 09:50:46,876 [AppLog] INFO : 手动停止JOG输出（8轴运控板卡系统） ====》：输出AXIS{第1轴}
2023-11-23 09:50:47,063 [AppLog] INFO : 手动负向JOG指令（8轴运控板卡系统） ====》：输出AXIS{第1轴},运动速度{0.5MM/s}
2023-11-23 09:50:48,716 [AppLog] INFO : 手动停止JOG输出（8轴运控板卡系统） ====》：输出AXIS{第1轴}
2023-11-23 09:50:53,755 [AppLog] INFO : 手动负向JOG指令（8轴运控板卡系统） ====》：输出AXIS{第1轴},运动速度{2MM/s}
2023-11-23 09:50:53,911 [AppLog] INFO : 手动停止JOG输出（8轴运控板卡系统） ====》：输出AXIS{第1轴}
2023-11-23 09:50:54,473 [AppLog] INFO : 手动负向JOG指令（8轴运控板卡系统） ====》：输出AXIS{第1轴},运动速度{2MM/s}
2023-11-23 09:50:59,059 [AppLog] INFO : 手动停止JOG输出（8轴运控板卡系统） ====》：输出AXIS{第1轴}
2023-11-23 09:51:03,100 [AppLog] INFO : 手动负向JOG指令（8轴运控板卡系统） ====》：输出AXIS{第1轴},运动速度{5MM/s}
2023-11-23 09:51:10,135 [AppLog] INFO : 手动停止JOG输出（8轴运控板卡系统） ====》：输出AXIS{第1轴}
2023-11-23 09:51:11,024 [AppLog] INFO : 手动负向JOG指令（8轴运控板卡系统） ====》：输出AXIS{第1轴},运动速度{5MM/s}
2023-11-23 09:51:14,924 [AppLog] INFO : 手动停止JOG输出（8轴运控板卡系统） ====》：输出AXIS{第1轴}
2023-11-23 09:51:15,112 [AppLog] INFO : 手动负向JOG指令（8轴运控板卡系统） ====》：输出AXIS{第1轴},运动速度{5MM/s}
2023-11-23 09:51:19,277 [AppLog] INFO : 手动停止JOG输出（8轴运控板卡系统） ====》：输出AXIS{第1轴}
2023-11-23 09:51:19,542 [AppLog] INFO : 手动负向JOG指令（8轴运控板卡系统） ====》：输出AXIS{第1轴},运动速度{5MM/s}
2023-11-23 09:51:19,963 [AppLog] INFO : 手动停止JOG输出（8轴运控板卡系统） ====》：输出AXIS{第1轴}
2023-11-23 09:51:20,244 [AppLog] INFO : 手动负向JOG指令（8轴运控板卡系统） ====》：输出AXIS{第1轴},运动速度{5MM/s}
2023-11-23 09:51:20,759 [AppLog] INFO : 手动停止JOG输出（8轴运控板卡系统） ====》：输出AXIS{第1轴}
2023-11-23 09:51:21,102 [AppLog] INFO : 手动负向JOG指令（8轴运控板卡系统） ====》：输出AXIS{第1轴},运动速度{5MM/s}
2023-11-23 09:51:22,647 [AppLog] INFO : 手动停止JOG输出（8轴运控板卡系统） ====》：输出AXIS{第1轴}
2023-11-23 09:51:22,881 [AppLog] INFO : 手动负向JOG指令（8轴运控板卡系统） ====》：输出AXIS{第1轴},运动速度{5MM/s}
2023-11-23 09:51:23,723 [AppLog] INFO : 手动停止JOG输出（8轴运控板卡系统） ====》：输出AXIS{第1轴}
2023-11-23 09:51:23,988 [AppLog] INFO : 手动负向JOG指令（8轴运控板卡系统） ====》：输出AXIS{第1轴},运动速度{5MM/s}
2023-11-23 09:51:24,534 [AppLog] INFO : 手动停止JOG输出（8轴运控板卡系统） ====》：输出AXIS{第1轴}
2023-11-23 09:51:24,768 [AppLog] INFO : 手动负向JOG指令（8轴运控板卡系统） ====》：输出AXIS{第1轴},运动速度{5MM/s}
2023-11-23 09:51:25,189 [AppLog] INFO : 手动停止JOG输出（8轴运控板卡系统） ====》：输出AXIS{第1轴}
2023-11-23 09:51:25,626 [AppLog] INFO : 手动负向JOG指令（8轴运控板卡系统） ====》：输出AXIS{第1轴},运动速度{5MM/s}
2023-11-23 09:51:28,793 [AppLog] INFO : 手动停止JOG输出（8轴运控板卡系统） ====》：输出AXIS{第1轴}
2023-11-23 09:51:32,350 [AppLog] INFO : 手动负向JOG指令（8轴运控板卡系统） ====》：输出AXIS{第1轴},运动速度{2MM/s}
2023-11-23 09:51:33,005 [AppLog] INFO : 手动停止JOG输出（8轴运控板卡系统） ====》：输出AXIS{第1轴}
2023-11-23 09:51:33,208 [AppLog] INFO : 手动负向JOG指令（8轴运控板卡系统） ====》：输出AXIS{第1轴},运动速度{2MM/s}
2023-11-23 09:51:33,847 [AppLog] INFO : 手动停止JOG输出（8轴运控板卡系统） ====》：输出AXIS{第1轴}
2023-11-23 09:51:34,066 [AppLog] INFO : 手动负向JOG指令（8轴运控板卡系统） ====》：输出AXIS{第1轴},运动速度{2MM/s}
2023-11-23 09:51:35,049 [AppLog] INFO : 手动停止JOG输出（8轴运控板卡系统） ====》：输出AXIS{第1轴}
2023-11-23 09:51:35,267 [AppLog] INFO : 手动负向JOG指令（8轴运控板卡系统） ====》：输出AXIS{第1轴},运动速度{2MM/s}
2023-11-23 09:51:54,658 [AppLog] INFO : 手动停止JOG输出（8轴运控板卡系统） ====》：输出AXIS{第1轴}
2023-11-23 09:51:54,829 [AppLog] INFO : 手动负向JOG指令（8轴运控板卡系统） ====》：输出AXIS{第1轴},运动速度{2MM/s}
2023-11-23 09:51:57,232 [AppLog] INFO : 手动停止JOG输出（8轴运控板卡系统） ====》：输出AXIS{第1轴}
2023-11-23 09:51:57,435 [AppLog] INFO : 手动负向JOG指令（8轴运控板卡系统） ====》：输出AXIS{第1轴},运动速度{2MM/s}
2023-11-23 09:51:58,027 [AppLog] INFO : 手动停止JOG输出（8轴运控板卡系统） ====》：输出AXIS{第1轴}
2023-11-23 09:51:58,386 [AppLog] INFO : 手动负向JOG指令（8轴运控板卡系统） ====》：输出AXIS{第1轴},运动速度{2MM/s}
2023-11-23 09:51:58,417 [AppLog] INFO : 手动停止JOG输出（8轴运控板卡系统） ====》：输出AXIS{第1轴}
2023-11-23 09:52:01,756 [AppLog] INFO : 手动负向JOG指令（8轴运控板卡系统） ====》：输出AXIS{第1轴},运动速度{2MM/s}
2023-11-23 09:52:02,411 [AppLog] INFO : 手动停止JOG输出（8轴运控板卡系统） ====》：输出AXIS{第1轴}
2023-11-23 09:52:02,661 [AppLog] INFO : 手动负向JOG指令（8轴运控板卡系统） ====》：输出AXIS{第1轴},运动速度{2MM/s}
2023-11-23 09:52:05,937 [AppLog] INFO : 手动停止JOG输出（8轴运控板卡系统） ====》：输出AXIS{第1轴}
2023-11-23 09:52:06,186 [AppLog] INFO : 手动负向JOG指令（8轴运控板卡系统） ====》：输出AXIS{第1轴},运动速度{2MM/s}
2023-11-23 09:52:10,117 [AppLog] INFO : 手动停止JOG输出（8轴运控板卡系统） ====》：输出AXIS{第1轴}
2023-11-23 09:52:12,676 [AppLog] INFO : 手动负向JOG指令（8轴运控板卡系统） ====》：输出AXIS{第1轴},运动速度{2MM/s}
2023-11-23 09:52:16,935 [AppLog] INFO : 手动停止JOG输出（8轴运控板卡系统） ====》：输出AXIS{第1轴}
2023-11-23 09:52:17,169 [AppLog] INFO : 手动负向JOG指令（8轴运控板卡系统） ====》：输出AXIS{第1轴},运动速度{2MM/s}
2023-11-23 09:52:17,527 [AppLog] INFO : 手动停止JOG输出（8轴运控板卡系统） ====》：输出AXIS{第1轴}
2023-11-23 09:52:18,900 [AppLog] INFO : 手动负向JOG指令（8轴运控板卡系统） ====》：输出AXIS{第1轴},运动速度{2MM/s}
2023-11-23 09:52:19,696 [AppLog] INFO : 手动停止JOG输出（8轴运控板卡系统） ====》：输出AXIS{第1轴}
2023-11-23 09:52:19,930 [AppLog] INFO : 手动负向JOG指令（8轴运控板卡系统） ====》：输出AXIS{第1轴},运动速度{2MM/s}
2023-11-23 09:52:20,803 [AppLog] INFO : 手动停止JOG输出（8轴运控板卡系统） ====》：输出AXIS{第1轴}
2023-11-23 09:52:21,708 [AppLog] INFO : 手动负向JOG指令（8轴运控板卡系统） ====》：输出AXIS{第1轴},运动速度{2MM/s}
2023-11-23 09:52:33,439 [AppLog] INFO : 手动停止JOG输出（8轴运控板卡系统） ====》：输出AXIS{第1轴}
2023-11-23 09:52:33,611 [AppLog] INFO : 手动负向JOG指令（8轴运控板卡系统） ====》：输出AXIS{第1轴},运动速度{2MM/s}
2023-11-23 09:52:37,963 [AppLog] INFO : 手动停止JOG输出（8轴运控板卡系统） ====》：输出AXIS{第1轴}
2023-11-23 09:52:38,166 [AppLog] INFO : 手动负向JOG指令（8轴运控板卡系统） ====》：输出AXIS{第1轴},运动速度{2MM/s}
2023-11-23 09:52:38,712 [AppLog] INFO : 手动停止JOG输出（8轴运控板卡系统） ====》：输出AXIS{第1轴}
2023-11-23 09:52:38,931 [AppLog] INFO : 手动负向JOG指令（8轴运控板卡系统） ====》：输出AXIS{第1轴},运动速度{2MM/s}
2023-11-23 09:52:39,211 [AppLog] INFO : 手动停止JOG输出（8轴运控板卡系统） ====》：输出AXIS{第1轴}
2023-11-23 09:52:44,157 [AppLog] INFO : 手动负向JOG指令（8轴运控板卡系统） ====》：输出AXIS{第1轴},运动速度{2MM/s}
2023-11-23 09:52:57,588 [AppLog] INFO : 手动停止JOG输出（8轴运控板卡系统） ====》：输出AXIS{第1轴}
2023-11-23 09:52:57,869 [AppLog] INFO : 手动负向JOG指令（8轴运控板卡系统） ====》：输出AXIS{第1轴},运动速度{2MM/s}
2023-11-23 09:52:58,727 [AppLog] INFO : 手动停止JOG输出（8轴运控板卡系统） ====》：输出AXIS{第1轴}
2023-11-23 09:52:59,351 [AppLog] INFO : 手动负向JOG指令（8轴运控板卡系统） ====》：输出AXIS{第1轴},运动速度{2MM/s}
2023-11-23 09:52:59,476 [AppLog] INFO : 手动停止JOG输出（8轴运控板卡系统） ====》：输出AXIS{第1轴}
2023-11-23 09:52:59,866 [AppLog] INFO : 手动负向JOG指令（8轴运控板卡系统） ====》：输出AXIS{第1轴},运动速度{2MM/s}
2023-11-23 09:53:00,615 [AppLog] INFO : 手动停止JOG输出（8轴运控板卡系统） ====》：输出AXIS{第1轴}
2023-11-23 09:53:00,958 [AppLog] INFO : 手动负向JOG指令（8轴运控板卡系统） ====》：输出AXIS{第1轴},运动速度{2MM/s}
2023-11-23 09:53:01,192 [AppLog] INFO : 手动停止JOG输出（8轴运控板卡系统） ====》：输出AXIS{第1轴}
2023-11-23 09:53:02,065 [AppLog] INFO : 手动负向JOG指令（8轴运控板卡系统） ====》：输出AXIS{第1轴},运动速度{2MM/s}
2023-11-23 09:53:05,435 [AppLog] INFO : 手动停止JOG输出（8轴运控板卡系统） ====》：输出AXIS{第1轴}
2023-11-23 09:53:07,900 [AppLog] INFO : 手动负向JOG指令（8轴运控板卡系统） ====》：输出AXIS{第1轴},运动速度{2MM/s}
2023-11-23 09:53:08,524 [AppLog] INFO : 手动停止JOG输出（8轴运控板卡系统） ====》：输出AXIS{第1轴}
2023-11-23 09:53:08,789 [AppLog] INFO : 手动负向JOG指令（8轴运控板卡系统） ====》：输出AXIS{第1轴},运动速度{2MM/s}
2023-11-23 09:53:09,273 [AppLog] INFO : 手动停止JOG输出（8轴运控板卡系统） ====》：输出AXIS{第1轴}
2023-11-23 09:53:09,678 [AppLog] INFO : 手动负向JOG指令（8轴运控板卡系统） ====》：输出AXIS{第1轴},运动速度{2MM/s}
2023-11-23 09:53:10,755 [AppLog] INFO : 手动停止JOG输出（8轴运控板卡系统） ====》：输出AXIS{第1轴}
2023-11-23 09:53:11,113 [AppLog] INFO : 手动负向JOG指令（8轴运控板卡系统） ====》：输出AXIS{第1轴},运动速度{2MM/s}
2023-11-23 09:53:11,831 [AppLog] INFO : 手动停止JOG输出（8轴运控板卡系统） ====》：输出AXIS{第1轴}
2023-11-23 09:53:12,081 [AppLog] INFO : 手动负向JOG指令（8轴运控板卡系统） ====》：输出AXIS{第1轴},运动速度{2MM/s}
2023-11-23 09:53:15,263 [AppLog] INFO : 手动停止JOG输出（8轴运控板卡系统） ====》：输出AXIS{第1轴}
2023-11-23 09:53:15,482 [AppLog] INFO : 手动负向JOG指令（8轴运控板卡系统） ====》：输出AXIS{第1轴},运动速度{2MM/s}
2023-11-23 09:53:18,134 [AppLog] INFO : 手动停止JOG输出（8轴运控板卡系统） ====》：输出AXIS{第1轴}
2023-11-23 09:53:18,321 [AppLog] INFO : 手动负向JOG指令（8轴运控板卡系统） ====》：输出AXIS{第1轴},运动速度{2MM/s}
2023-11-23 09:53:18,914 [AppLog] INFO : 手动停止JOG输出（8轴运控板卡系统） ====》：输出AXIS{第1轴}
2023-11-23 09:53:19,740 [AppLog] INFO : 手动负向JOG指令（8轴运控板卡系统） ====》：输出AXIS{第1轴},运动速度{2MM/s}
2023-11-23 09:53:20,489 [AppLog] INFO : 手动停止JOG输出（8轴运控板卡系统） ====》：输出AXIS{第1轴}
2023-11-23 09:53:20,817 [AppLog] INFO : 手动负向JOG指令（8轴运控板卡系统） ====》：输出AXIS{第1轴},运动速度{2MM/s}
2023-11-23 09:53:22,299 [AppLog] INFO : 手动停止JOG输出（8轴运控板卡系统） ====》：输出AXIS{第1轴}
2023-11-23 09:53:22,564 [AppLog] INFO : 手动负向JOG指令（8轴运控板卡系统） ====》：输出AXIS{第1轴},运动速度{2MM/s}
2023-11-23 09:53:24,514 [AppLog] INFO : 手动停止JOG输出（8轴运控板卡系统） ====》：输出AXIS{第1轴}
2023-11-23 09:53:24,795 [AppLog] INFO : 手动负向JOG指令（8轴运控板卡系统） ====》：输出AXIS{第1轴},运动速度{2MM/s}
2023-11-23 09:53:25,684 [AppLog] INFO : 手动停止JOG输出（8轴运控板卡系统） ====》：输出AXIS{第1轴}
2023-11-23 09:53:25,965 [AppLog] INFO : 手动负向JOG指令（8轴运控板卡系统） ====》：输出AXIS{第1轴},运动速度{2MM/s}
2023-11-23 09:53:27,400 [AppLog] INFO : 手动停止JOG输出（8轴运控板卡系统） ====》：输出AXIS{第1轴}
2023-11-23 09:53:29,100 [AppLog] INFO : 手动正向JOG指令（8轴运控板卡系统） ====》：输出AXIS{第1轴},运动速度{2MM/s}
2023-11-23 09:53:29,210 [AppLog] INFO : 手动停止JOG输出（8轴运控板卡系统） ====》：输出AXIS{第1轴}
2023-11-23 09:53:29,724 [AppLog] INFO : 手动正向JOG指令（8轴运控板卡系统） ====》：输出AXIS{第1轴},运动速度{2MM/s}
2023-11-23 09:53:29,802 [AppLog] INFO : 手动停止JOG输出（8轴运控板卡系统） ====》：输出AXIS{第1轴}
2023-11-23 09:53:30,208 [AppLog] INFO : 手动正向JOG指令（8轴运控板卡系统） ====》：输出AXIS{第1轴},运动速度{2MM/s}
2023-11-23 09:53:30,270 [AppLog] INFO : 手动停止JOG输出（8轴运控板卡系统） ====》：输出AXIS{第1轴}
2023-11-23 09:53:31,238 [AppLog] INFO : 手动正向JOG指令（8轴运控板卡系统） ====》：输出AXIS{第1轴},运动速度{2MM/s}
2023-11-23 09:53:31,331 [AppLog] INFO : 手动停止JOG输出（8轴运控板卡系统） ====》：输出AXIS{第1轴}
2023-11-23 09:53:31,706 [AppLog] INFO : 手动正向JOG指令（8轴运控板卡系统） ====》：输出AXIS{第1轴},运动速度{2MM/s}
2023-11-23 09:53:31,784 [AppLog] INFO : 手动停止JOG输出（8轴运控板卡系统） ====》：输出AXIS{第1轴}
2023-11-23 09:53:33,437 [AppLog] INFO : 手动负向JOG指令（8轴运控板卡系统） ====》：输出AXIS{第1轴},运动速度{2MM/s}
2023-11-23 09:53:33,546 [AppLog] INFO : 手动停止JOG输出（8轴运控板卡系统） ====》：输出AXIS{第1轴}
2023-11-23 09:53:34,124 [AppLog] INFO : 手动负向JOG指令（8轴运控板卡系统） ====》：输出AXIS{第1轴},运动速度{2MM/s}
2023-11-23 09:53:34,202 [AppLog] INFO : 手动停止JOG输出（8轴运控板卡系统） ====》：输出AXIS{第1轴}
2023-11-23 09:53:34,670 [AppLog] INFO : 手动负向JOG指令（8轴运控板卡系统） ====》：输出AXIS{第1轴},运动速度{2MM/s}
2023-11-23 09:53:34,763 [AppLog] INFO : 手动停止JOG输出（8轴运控板卡系统） ====》：输出AXIS{第1轴}
2023-11-23 09:53:36,011 [AppLog] INFO : 手动负向JOG指令（8轴运控板卡系统） ====》：输出AXIS{第1轴},运动速度{2MM/s}
2023-11-23 09:53:36,120 [AppLog] INFO : 手动停止JOG输出（8轴运控板卡系统） ====》：输出AXIS{第1轴}
2023-11-23 09:53:38,320 [AppLog] INFO : 手动正向JOG指令（8轴运控板卡系统） ====》：输出AXIS{第1轴},运动速度{2MM/s}
2023-11-23 09:53:38,429 [AppLog] INFO : 手动停止JOG输出（8轴运控板卡系统） ====》：输出AXIS{第1轴}
2023-11-23 09:53:39,022 [AppLog] INFO : 手动正向JOG指令（8轴运控板卡系统） ====》：输出AXIS{第1轴},运动速度{2MM/s}
2023-11-23 09:53:39,100 [AppLog] INFO : 手动停止JOG输出（8轴运控板卡系统） ====》：输出AXIS{第1轴}
2023-11-23 09:53:40,691 [AppLog] INFO : 手动正向JOG指令（8轴运控板卡系统） ====》：输出AXIS{第1轴},运动速度{2MM/s}
2023-11-23 09:53:40,785 [AppLog] INFO : 手动停止JOG输出（8轴运控板卡系统） ====》：输出AXIS{第1轴}
2023-11-23 09:53:53,982 [AppLog] INFO : 手动负向JOG指令（8轴运控板卡系统） ====》：输出AXIS{第1轴},运动速度{2MM/s}
2023-11-23 09:53:54,076 [AppLog] INFO : 手动停止JOG输出（8轴运控板卡系统） ====》：输出AXIS{第1轴}
2023-11-23 09:53:54,872 [AppLog] INFO : 手动负向JOG指令（8轴运控板卡系统） ====》：输出AXIS{第1轴},运动速度{2MM/s}
2023-11-23 09:53:54,934 [AppLog] INFO : 手动停止JOG输出（8轴运控板卡系统） ====》：输出AXIS{第1轴}
2023-11-23 09:53:56,385 [AppLog] INFO : 手动负向JOG指令（8轴运控板卡系统） ====》：输出AXIS{第1轴},运动速度{2MM/s}
2023-11-23 09:53:56,478 [AppLog] INFO : 手动停止JOG输出（8轴运控板卡系统） ====》：输出AXIS{第1轴}
2023-11-23 09:53:57,196 [AppLog] INFO : 手动负向JOG指令（8轴运控板卡系统） ====》：输出AXIS{第1轴},运动速度{2MM/s}
2023-11-23 09:53:57,258 [AppLog] INFO : 手动停止JOG输出（8轴运控板卡系统） ====》：输出AXIS{第1轴}
2023-11-23 09:53:58,413 [AppLog] INFO : 手动正向JOG指令（8轴运控板卡系统） ====》：输出AXIS{第1轴},运动速度{2MM/s}
2023-11-23 09:53:58,491 [AppLog] INFO : 手动停止JOG输出（8轴运控板卡系统） ====》：输出AXIS{第1轴}
2023-11-23 09:53:59,208 [AppLog] INFO : 手动正向JOG指令（8轴运控板卡系统） ====》：输出AXIS{第1轴},运动速度{2MM/s}
2023-11-23 09:53:59,271 [AppLog] INFO : 手动停止JOG输出（8轴运控板卡系统） ====》：输出AXIS{第1轴}
2023-11-23 09:53:59,910 [AppLog] INFO : 手动正向JOG指令（8轴运控板卡系统） ====》：输出AXIS{第1轴},运动速度{2MM/s}
2023-11-23 09:53:59,988 [AppLog] INFO : 手动停止JOG输出（8轴运控板卡系统） ====》：输出AXIS{第1轴}
2023-11-23 09:54:00,768 [AppLog] INFO : 手动正向JOG指令（8轴运控板卡系统） ====》：输出AXIS{第1轴},运动速度{2MM/s}
2023-11-23 09:54:00,846 [AppLog] INFO : 手动停止JOG输出（8轴运控板卡系统） ====》：输出AXIS{第1轴}
2023-11-23 09:54:01,658 [AppLog] INFO : 手动正向JOG指令（8轴运控板卡系统） ====》：输出AXIS{第1轴},运动速度{2MM/s}
2023-11-23 09:54:01,767 [AppLog] INFO : 手动停止JOG输出（8轴运控板卡系统） ====》：输出AXIS{第1轴}
2023-11-23 09:54:06,260 [AppLog] INFO : 退出手动调试子模块，未执行修改
==========================================================================
2023-11-23 09:54:08,288 [AppLog] INFO : 进入电气控制模块
2023-11-23 09:54:10,596 [AppLog] INFO : 电气控制模块：手动关闭端口14
2023-11-23 09:54:11,766 [AppLog] INFO : 退出电气控制模块
