2023-02-28 12:00:40,332 [AppLog] INFO : 进入气压控制卡参数设置状态时
2023-02-28 12:01:05,401 [AppLog] INFO : 进入气压控制卡参数监控状态时
2023-02-28 12:01:53,090 [AppLog] INFO : 退出手动调试子模块,已执行修改
==========================================================================
2023-02-28 12:02:00,282 [AppLog] INFO : 进入JOB参数设置：修改前初始参数：灰度数据格式{1bits}打印灰阶{1阶}m_XPrintDpi{1270Dpi}墨车运动速度{50MM/s}X向起打位置{50MM}Y向起打位置{20MM}
2023-02-28 12:02:01,826 [AppLog] INFO : 退出JOB参数设置：修改后参数：灰度数据格式{1bits}打印灰阶{1阶}m_XPrintDpi{1270Dpi}墨车运动速度{50MM/s}X向起打位置{50MM}Y向起打位置{20MM}
2023-02-28 12:02:32,433 [AppLog] INFO : 开启系统：板卡通讯，伺服供电，照明系统，UV/HR固化系统！
2023-02-28 12:02:34,181 [AppLog] INFO : 关闭系统：一键关闭系统开始！
2023-02-28 12:02:39,391 [AppLog] INFO : 关闭系统：一键关闭系统结束！
2023-02-28 12:02:42,152 [AppLog] INFO : 喷墨控制器的所有轴输出关闭！
2023-02-28 12:02:42,168 [AppLog] INFO : 喷墨控制器关闭！
2023-02-28 12:02:42,168 [AppLog] INFO : 进入电气控制模块
2023-02-28 12:02:43,463 [AppLog] INFO : 退出电气控制模块
2023-02-28 12:02:46,396 [AppLog] INFO : 软件及设备关停中：墨车所有方向运动确认停止（X,Y,Y2)： bImmeStop{False},nAxisMask{0x7}
2023-02-28 12:02:46,396 [AppLog] INFO : 软件及设备关停中：喷墨控制器板卡系统关闭（X,Y,Y2)：DEV_CloseDevice
2023-02-28 12:02:47,066 [AppLog] INFO : 软件及设备关停成功
==========================================================================
操作系统:{Microsoft Windows 7 旗舰版 }
运行环境:{ .Net Framework Enviroment Version 4.0.30319.42000}
盘符：D
CPU使用率：{0%} ，可用内存大小:{14092MB}，硬盘剩余空间：
  盘符 C:\ 的剩余空间：82 GB
  盘符 D:\ 的剩余空间：95 GB
==========================================================================
