2023-07-21 09:41:53,089 [AppLog] INFO : 软件开机密码正确，登录成功1次
==========================================================================
操作系统:{Microsoft Windows 7 旗舰版 }
运行环境:{ .Net Framework Enviroment Version 4.0.30319.42000}
盘符：D
CPU使用率：{0.5932996%} ，可用内存大小:{14256MB}，硬盘剩余空间：
  盘符 C:\ 的剩余空间：70 GB
  盘符 D:\ 的剩余空间：80 GB
  盘符 E:\ 的剩余空间：0 GB
硬件配置情况：
  CPU 厂家: GenuineIntel CPU 型号: Intel(R) Core(TM) i7-4770 CPU @ 3.40GHz
  内存条厂家: Kingston 内存条型号: 99P5471-043.A00LF 
  内存条厂家: Kingston 内存条型号: 99P5471-043.A00LF 
  硬盘厂家: (标准磁盘驱动器) 硬盘型号: Micron_1300_MTFDDAK256TDL ATA Device
  硬盘厂家: (标准磁盘驱动器) 硬盘型号: VendorCo ProductCode USB Device
==========================================================================
2023-07-21 09:41:55,661 [AppLog] INFO : 开启系统：板卡通讯，伺服供电，照明系统，UV/HR固化系统！
2023-07-21 09:41:55,664 [AppLog] INFO : 开启系统：一键启动系统开始！
2023-07-21 09:42:01,672 [AppLog] INFO : 开启系统：一键启动系统结束！
2023-07-21 09:42:01,884 [AppLog] INFO : 创建：AutoPrintMotion0=》初次创建完成-手动操作！
2023-07-21 09:42:01,962 [AppLog] INFO : 初始化喷墨控制器启动！
2023-07-21 09:42:21,356 [AppLog] INFO : 打开喷墨控制器设备成功！
2023-07-21 09:42:21,395 [AppLog] INFO : 输入校准值1次{成功}，打印往返差校准值为：BiDirEncPrtOff{5},分频值{8},打印速度{300mm/s}
2023-07-21 09:42:21,751 [AppLog] INFO : PASS打印前关键状态：DEV_GetDeviceInfo：LPPRINTER_INFO:nXSysEncDPI{5080}nStatus{909129520}nPrintStatus{0}bSuperDevice{1}
LPPRINTER_INFO-LPPrtRunInfo:bJobPrtRuning{False}bLayerPrtIsOver{False}nContReqMemErr{0}nContWDErr{0}nCurPrtDir{0}nDTLayerIndex{0}nDTLayerPassIndex{0}nDTPtrCtlIndex{0}nLayerPassCount{0}nPrintLayerIndex{0}nPrintPassIndex{0}nProcLayerIndex{0}nPrtDataMemAddr{0}nPrtState{0}nReverse{System.Int32[]}nRevPrtCols{0}
LPPRINTER_INFO-LPDRVINFO:nFMVersion{45074}nFpgaVersion{539038216}nPCBVersion{0}nState{0}nNextState{0}nPtvwarnState{0}nCrc32{0}nRevInfo{System.UInt32[]}nSignature{0}
2023-07-21 09:42:29,829 [AppLog] INFO : 初始化喷墨控制器成功！
2023-07-21 09:42:29,829 [AppLog] INFO : 进入：EquipmentMotionLogic3=》准备创建对象-手动操作！
2023-07-21 09:42:29,863 [AppLog] INFO : 进入：EquipmentMotionLogic3=》创建完成-手动操作！
2023-07-21 09:42:30,003 [AppLog] INFO : 红外灯控制器485通讯建立！
2023-07-21 09:42:30,005 [AppLog] INFO : 进入电气控制模块
2023-07-21 09:42:32,998 [AppLog] INFO : 电气控制模块：手动打开端口14
2023-07-21 09:42:34,309 [AppLog] INFO : 电气控制模块：手动打开端口15
2023-07-21 09:42:46,945 [AppLog] INFO : 退出电气控制模块
2023-07-21 09:42:51,671 [AppLog] INFO : 进入手动调试子模块！
2023-07-21 09:42:51,671 [AppLog] INFO : 进入：ManulBtn_Click=》准备创建对象-手动操作！
2023-07-21 09:42:51,687 [AppLog] INFO : 创建：ManualControl=》创建完成-手动操作！
2023-07-21 09:42:51,703 [AppLog] INFO : 加载成功：温控Modbus接口！
2023-07-21 09:43:03,574 [AppLog] INFO : 切换为JOG模式====》：输出AXIS{第1轴}
2023-07-21 09:43:10,485 [AppLog] INFO : 手动正向JOG指令（8轴运控板卡系统） ====》：输出AXIS{第1轴},运动速度{2MM/s}
2023-07-21 09:43:11,842 [AppLog] INFO : 手动停止JOG输出（8轴运控板卡系统） ====》：输出AXIS{第1轴}
2023-07-21 09:43:12,123 [AppLog] INFO : 手动正向JOG指令（8轴运控板卡系统） ====》：输出AXIS{第1轴},运动速度{2MM/s}
2023-07-21 09:43:12,170 [AppLog] INFO : 手动停止JOG输出（8轴运控板卡系统） ====》：输出AXIS{第1轴}
2023-07-21 09:43:12,497 [AppLog] INFO : 手动正向JOG指令（8轴运控板卡系统） ====》：输出AXIS{第1轴},运动速度{2MM/s}
2023-07-21 09:43:13,995 [AppLog] INFO : 手动停止JOG输出（8轴运控板卡系统） ====》：输出AXIS{第1轴}
2023-07-21 09:43:14,572 [AppLog] INFO : 手动正向JOG指令（8轴运控板卡系统） ====》：输出AXIS{第1轴},运动速度{2MM/s}
2023-07-21 09:43:15,118 [AppLog] INFO : 手动停止JOG输出（8轴运控板卡系统） ====》：输出AXIS{第1轴}
2023-07-21 09:43:15,633 [AppLog] INFO : 手动正向JOG指令（8轴运控板卡系统） ====》：输出AXIS{第1轴},运动速度{2MM/s}
2023-07-21 09:43:17,630 [AppLog] INFO : 手动停止JOG输出（8轴运控板卡系统） ====》：输出AXIS{第1轴}
2023-07-21 09:43:18,067 [AppLog] INFO : 手动正向JOG指令（8轴运控板卡系统） ====》：输出AXIS{第1轴},运动速度{2MM/s}
2023-07-21 09:43:18,862 [AppLog] INFO : 手动停止JOG输出（8轴运控板卡系统） ====》：输出AXIS{第1轴}
2023-07-21 09:43:19,190 [AppLog] INFO : 手动正向JOG指令（8轴运控板卡系统） ====》：输出AXIS{第1轴},运动速度{2MM/s}
2023-07-21 09:43:19,814 [AppLog] INFO : 手动停止JOG输出（8轴运控板卡系统） ====》：输出AXIS{第1轴}
2023-07-21 09:43:20,266 [AppLog] INFO : 手动正向JOG指令（8轴运控板卡系统） ====》：输出AXIS{第1轴},运动速度{2MM/s}
2023-07-21 09:43:21,327 [AppLog] INFO : 手动停止JOG输出（8轴运控板卡系统） ====》：输出AXIS{第1轴}
2023-07-21 09:43:21,811 [AppLog] INFO : 手动正向JOG指令（8轴运控板卡系统） ====》：输出AXIS{第1轴},运动速度{2MM/s}
2023-07-21 09:43:22,372 [AppLog] INFO : 手动停止JOG输出（8轴运控板卡系统） ====》：输出AXIS{第1轴}
2023-07-21 09:43:22,700 [AppLog] INFO : 手动正向JOG指令（8轴运控板卡系统） ====》：输出AXIS{第1轴},运动速度{2MM/s}
2023-07-21 09:43:23,324 [AppLog] INFO : 手动停止JOG输出（8轴运控板卡系统） ====》：输出AXIS{第1轴}
2023-07-21 09:43:24,322 [AppLog] INFO : 手动正向JOG指令（8轴运控板卡系统） ====》：输出AXIS{第1轴},运动速度{2MM/s}
2023-07-21 09:43:24,931 [AppLog] INFO : 手动停止JOG输出（8轴运控板卡系统） ====》：输出AXIS{第1轴}
2023-07-21 09:43:25,523 [AppLog] INFO : 手动正向JOG指令（8轴运控板卡系统） ====》：输出AXIS{第1轴},运动速度{2MM/s}
2023-07-21 09:43:26,912 [AppLog] INFO : 手动停止JOG输出（8轴运控板卡系统） ====》：输出AXIS{第1轴}
2023-07-21 09:43:27,193 [AppLog] INFO : 手动正向JOG指令（8轴运控板卡系统） ====》：输出AXIS{第1轴},运动速度{2MM/s}
2023-07-21 09:43:28,503 [AppLog] INFO : 手动停止JOG输出（8轴运控板卡系统） ====》：输出AXIS{第1轴}
2023-07-21 09:43:28,800 [AppLog] INFO : 手动正向JOG指令（8轴运控板卡系统） ====》：输出AXIS{第1轴},运动速度{2MM/s}
2023-07-21 09:43:29,689 [AppLog] INFO : 手动停止JOG输出（8轴运控板卡系统） ====》：输出AXIS{第1轴}
2023-07-21 09:43:30,484 [AppLog] INFO : 手动正向JOG指令（8轴运控板卡系统） ====》：输出AXIS{第1轴},运动速度{2MM/s}
2023-07-21 09:43:31,124 [AppLog] INFO : 手动停止JOG输出（8轴运控板卡系统） ====》：输出AXIS{第1轴}
2023-07-21 09:43:31,592 [AppLog] INFO : 手动正向JOG指令（8轴运控板卡系统） ====》：输出AXIS{第1轴},运动速度{2MM/s}
2023-07-21 09:43:32,154 [AppLog] INFO : 手动停止JOG输出（8轴运控板卡系统） ====》：输出AXIS{第1轴}
2023-07-21 09:43:32,840 [AppLog] INFO : 手动正向JOG指令（8轴运控板卡系统） ====》：输出AXIS{第1轴},运动速度{2MM/s}
2023-07-21 09:43:33,324 [AppLog] INFO : 手动停止JOG输出（8轴运控板卡系统） ====》：输出AXIS{第1轴}
2023-07-21 09:43:33,667 [AppLog] INFO : 手动正向JOG指令（8轴运控板卡系统） ====》：输出AXIS{第1轴},运动速度{2MM/s}
2023-07-21 09:43:34,026 [AppLog] INFO : 手动停止JOG输出（8轴运控板卡系统） ====》：输出AXIS{第1轴}
2023-07-21 09:43:34,540 [AppLog] INFO : 手动正向JOG指令（8轴运控板卡系统） ====》：输出AXIS{第1轴},运动速度{2MM/s}
2023-07-21 09:43:34,837 [AppLog] INFO : 手动停止JOG输出（8轴运控板卡系统） ====》：输出AXIS{第1轴}
2023-07-21 09:43:35,258 [AppLog] INFO : 手动正向JOG指令（8轴运控板卡系统） ====》：输出AXIS{第1轴},运动速度{2MM/s}
2023-07-21 09:43:35,476 [AppLog] INFO : 手动停止JOG输出（8轴运控板卡系统） ====》：输出AXIS{第1轴}
2023-07-21 09:43:35,913 [AppLog] INFO : 手动正向JOG指令（8轴运控板卡系统） ====》：输出AXIS{第1轴},运动速度{2MM/s}
2023-07-21 09:43:36,007 [AppLog] INFO : 手动停止JOG输出（8轴运控板卡系统） ====》：输出AXIS{第1轴}
2023-07-21 09:43:36,428 [AppLog] INFO : 手动正向JOG指令（8轴运控板卡系统） ====》：输出AXIS{第1轴},运动速度{2MM/s}
2023-07-21 09:43:36,522 [AppLog] INFO : 手动停止JOG输出（8轴运控板卡系统） ====》：输出AXIS{第1轴}
2023-07-21 09:43:37,536 [AppLog] INFO : 手动正向JOG指令（8轴运控板卡系统） ====》：输出AXIS{第1轴},运动速度{2MM/s}
2023-07-21 09:43:37,645 [AppLog] INFO : 手动停止JOG输出（8轴运控板卡系统） ====》：输出AXIS{第1轴}
2023-07-21 09:43:38,300 [AppLog] INFO : 手动正向JOG指令（8轴运控板卡系统） ====》：输出AXIS{第1轴},运动速度{2MM/s}
2023-07-21 09:43:38,440 [AppLog] INFO : 手动停止JOG输出（8轴运控板卡系统） ====》：输出AXIS{第1轴}
2023-07-21 09:43:38,986 [AppLog] INFO : 手动正向JOG指令（8轴运控板卡系统） ====》：输出AXIS{第1轴},运动速度{2MM/s}
2023-07-21 09:43:39,127 [AppLog] INFO : 手动停止JOG输出（8轴运控板卡系统） ====》：输出AXIS{第1轴}
2023-07-21 09:43:39,501 [AppLog] INFO : 手动正向JOG指令（8轴运控板卡系统） ====》：输出AXIS{第1轴},运动速度{2MM/s}
2023-07-21 09:43:39,657 [AppLog] INFO : 手动停止JOG输出（8轴运控板卡系统） ====》：输出AXIS{第1轴}
2023-07-21 09:43:46,428 [AppLog] INFO : 退出手动调试子模块，未执行修改
==========================================================================
2023-07-21 09:43:51,498 [AppLog] INFO : 开启系统：板卡通讯，伺服供电，照明系统，UV/HR固化系统！
2023-07-21 09:43:52,902 [AppLog] INFO : 关闭系统：一键关闭系统开始！
2023-07-21 09:43:59,110 [AppLog] INFO : 关闭系统：一键关闭系统结束！
2023-07-21 09:43:59,188 [AppLog] INFO : 喷墨控制器的所有轴输出关闭！
2023-07-21 09:43:59,220 [AppLog] INFO : 喷墨控制器关闭！
2023-07-21 09:43:59,220 [AppLog] INFO : 创建：AutoPrintMotion0=》不需重新创建-手动操作！
2023-07-21 09:43:59,235 [AppLog] INFO : 进入电气控制模块
2023-07-21 09:44:04,009 [AppLog] INFO : 电气控制模块：手动关闭端口14
2023-07-21 09:44:05,116 [AppLog] INFO : 电气控制模块：手动关闭端口15
2023-07-21 09:44:06,333 [AppLog] INFO : 退出电气控制模块
2023-07-21 09:44:08,876 [AppLog] INFO : 软件及设备关停中：墨车所有方向运动确认停止（X,Y,Y2)： bImmeStop{False},nAxisMask{0x7}
2023-07-21 09:44:08,876 [AppLog] INFO : 软件及设备关停中：喷墨控制器板卡系统关闭（X,Y,Y2)：DEV_CloseDevice
2023-07-21 09:44:09,547 [AppLog] INFO : 软件及设备关停成功
==========================================================================
操作系统:{Microsoft Windows 7 旗舰版 }
运行环境:{ .Net Framework Enviroment Version 4.0.30319.42000}
盘符：D
CPU使用率：{0%} ，可用内存大小:{14263MB}，硬盘剩余空间：
  盘符 C:\ 的剩余空间：70 GB
  盘符 D:\ 的剩余空间：80 GB
  盘符 E:\ 的剩余空间：0 GB
==========================================================================
