2023-04-19 20:53:11,364 [AppLog] INFO : 开启系统：板卡通讯，伺服供电，照明系统，UV/HR固化系统！
2023-04-19 20:53:12,063 [AppLog] INFO : 关闭系统：一键关闭系统开始！
2023-04-19 20:53:17,188 [AppLog] INFO : 关闭系统：一键关闭系统结束！
2023-04-19 20:53:17,198 [AppLog] INFO : 喷墨控制器的所有轴输出关闭！
2023-04-19 20:53:17,229 [AppLog] INFO : 喷墨控制器关闭！
2023-04-19 20:53:17,230 [AppLog] INFO : 创建：AutoPrintMotion0=》不需重新创建-手动操作！
2023-04-19 20:53:17,238 [AppLog] INFO : 进入电气控制模块
2023-04-19 20:53:18,229 [AppLog] INFO : 退出电气控制模块
2023-04-19 20:53:19,789 [AppLog] INFO : 软件及设备关停中：墨车所有方向运动确认停止（X,Y,Y2)： bImmeStop{False},nAxisMask{0x7}
2023-04-19 20:53:19,789 [AppLog] INFO : 软件及设备关停中：喷墨控制器板卡系统关闭（X,Y,Y2)：DEV_CloseDevice
2023-04-19 20:53:20,454 [AppLog] INFO : 软件及设备关停成功
==========================================================================
操作系统:{Microsoft Windows 7 旗舰版 }
运行环境:{ .Net Framework Enviroment Version 4.0.30319.42000}
盘符：D
CPU使用率：{0%} ，可用内存大小:{13965MB}，硬盘剩余空间：
  盘符 C:\ 的剩余空间：70 GB
  盘符 D:\ 的剩余空间：89 GB
  盘符 F:\ 的剩余空间：3 GB
==========================================================================
2023-04-19 20:53:42,868 [AppLog] INFO : 软件开机密码正确，登录成功1次
==========================================================================
操作系统:{Microsoft Windows 7 旗舰版 }
运行环境:{ .Net Framework Enviroment Version 4.0.30319.42000}
盘符：D
CPU使用率：{9.262042%} ，可用内存大小:{14027MB}，硬盘剩余空间：
  盘符 C:\ 的剩余空间：70 GB
  盘符 D:\ 的剩余空间：89 GB
  盘符 F:\ 的剩余空间：3 GB
硬件配置情况：
  CPU 厂家: GenuineIntel CPU 型号: Intel(R) Core(TM) i7-4770 CPU @ 3.40GHz
  内存条厂家: Kingston 内存条型号: 99P5471-043.A00LF 
  内存条厂家: Kingston 内存条型号: 99P5471-043.A00LF 
  硬盘厂家: (标准磁盘驱动器) 硬盘型号: Micron_1300_MTFDDAK256TDL ATA Device
  硬盘厂家: (标准磁盘驱动器) 硬盘型号: Generic Flash Disk USB Device
==========================================================================
2023-04-19 20:53:44,413 [AppLog] INFO : 开启系统：板卡通讯，伺服供电，照明系统，UV/HR固化系统！
2023-04-19 20:53:44,414 [AppLog] INFO : 开启系统：一键启动系统开始！
2023-04-19 20:53:50,419 [AppLog] INFO : 开启系统：一键启动系统结束！
2023-04-19 20:53:50,596 [AppLog] INFO : 创建：AutoPrintMotion0=》初次创建完成-手动操作！
2023-04-19 20:53:50,663 [AppLog] INFO : 初始化喷墨控制器启动！
2023-04-19 20:54:09,826 [AppLog] INFO : 打开喷墨控制器设备成功！
2023-04-19 20:54:09,864 [AppLog] INFO : 输入校准值1次{成功}，打印往返差校准值为：BiDirEncPrtOff{5},分频值{8},打印速度{300mm/s}
2023-04-19 20:54:11,242 [AppLog] INFO : 初始化喷墨控制器成功！
2023-04-19 20:54:11,243 [AppLog] INFO : 进入：EquipmentMotionLogic3=》准备创建对象-手动操作！
2023-04-19 20:54:11,271 [AppLog] INFO : 进入：EquipmentMotionLogic3=》创建完成-手动操作！
2023-04-19 20:54:11,401 [AppLog] INFO : 红外灯控制器485通讯建立！
2023-04-19 20:54:11,402 [AppLog] INFO : 进入电气控制模块
2023-04-19 20:54:12,181 [AppLog] INFO : 电气控制模块：手动打开端口14
2023-04-19 20:54:13,144 [AppLog] INFO : 电气控制模块：手动打开端口15
2023-04-19 20:54:13,794 [AppLog] INFO : 退出电气控制模块
2023-04-19 20:54:15,548 [AppLog] INFO : 进入手动调试子模块！
2023-04-19 20:54:15,548 [AppLog] INFO : 进入：ManulBtn_Click=》准备创建对象-手动操作！
2023-04-19 20:54:15,574 [AppLog] INFO : 创建：ManualControl=》创建完成-手动操作！
2023-04-19 20:54:15,574 [AppLog] INFO : 加载成功：温控Modbus接口！
2023-04-19 20:59:32,373 [AppLog] INFO : 软件开机密码正确，登录成功1次
==========================================================================
操作系统:{Microsoft Windows 7 旗舰版 }
运行环境:{ .Net Framework Enviroment Version 4.0.30319.42000}
盘符：D
CPU使用率：{53.66568%} ，可用内存大小:{14023MB}，硬盘剩余空间：
  盘符 C:\ 的剩余空间：70 GB
  盘符 D:\ 的剩余空间：89 GB
  盘符 F:\ 的剩余空间：3 GB
硬件配置情况：
  CPU 厂家: GenuineIntel CPU 型号: Intel(R) Core(TM) i7-4770 CPU @ 3.40GHz
  内存条厂家: Kingston 内存条型号: 99P5471-043.A00LF 
  内存条厂家: Kingston 内存条型号: 99P5471-043.A00LF 
  硬盘厂家: (标准磁盘驱动器) 硬盘型号: Micron_1300_MTFDDAK256TDL ATA Device
  硬盘厂家: (标准磁盘驱动器) 硬盘型号: Generic Flash Disk USB Device
==========================================================================
2023-04-19 20:59:35,366 [AppLog] INFO : 开启系统：板卡通讯，伺服供电，照明系统，UV/HR固化系统！
2023-04-19 20:59:35,367 [AppLog] INFO : 开启系统：一键启动系统开始！
2023-04-19 20:59:41,373 [AppLog] INFO : 开启系统：一键启动系统结束！
2023-04-19 20:59:41,552 [AppLog] INFO : 创建：AutoPrintMotion0=》初次创建完成-手动操作！
2023-04-19 20:59:41,616 [AppLog] INFO : 初始化喷墨控制器启动！
