2024-01-28 14:31:31,025 [AppLog] INFO : 软件开机密码正确，登录成功1次
==========================================================================
操作系统:{Microsoft Windows 7 旗舰版 }
运行环境:{ .Net Framework Enviroment Version 4.0.30319.42000}
盘符：D
CPU使用率：{49.99976%} ，可用内存大小:{14122MB}，硬盘剩余空间：
  盘符 C:\ 的剩余空间：70 GB
  盘符 D:\ 的剩余空间：44 GB
硬件配置情况：
  CPU 厂家: GenuineIntel CPU 型号: Intel(R) Core(TM) i7-4770 CPU @ 3.40GHz
  内存条厂家: Kingston 内存条型号: 99P5471-043.A00LF 
  内存条厂家: Kingston 内存条型号: 99P5471-043.A00LF 
  硬盘厂家: (标准磁盘驱动器) 硬盘型号: Micron_1300_MTFDDAK256TDL ATA Device
==========================================================================
2024-01-28 14:31:31,040 [AppLog] INFO : 开启系统：板卡通讯，伺服供电，照明系统，UV/HR固化系统！
2024-01-28 14:31:31,040 [AppLog] INFO : 开启系统：一键启动系统开始！
2024-01-28 14:31:33,349 [AppLog] INFO : 进入手动调试子模块！
2024-01-28 14:31:33,349 [AppLog] INFO : 进入：ManulBtn_Click=》准备创建对象-手动操作！
2024-01-28 14:31:33,568 [AppLog] INFO : 创建：ManualControl=》创建完成-手动操作！
2024-01-28 14:31:37,124 [AppLog] INFO : 开启系统：一键启动系统结束！
2024-01-28 14:31:37,156 [AppLog] INFO : 创建：AutoPrintMotion0=》初次创建完成-手动操作！
2024-01-28 14:31:37,218 [AppLog] INFO : 初始化喷墨控制器启动！
2024-01-28 14:32:01,008 [AppLog] INFO : 打开喷墨控制器设备成功！
2024-01-28 14:32:01,039 [AppLog] INFO : 输入校准值1次{成功}，打印往返差校准值为：BiDirEncPrtOff{5},分频值{8},打印速度{300mm/s}
2024-01-28 14:32:01,429 [AppLog] INFO : PASS打印前关键状态：DEV_GetDeviceInfo：LPPRINTER_INFO:nXSysEncDPI{5080}nStatus{909129520}nPrintStatus{0}bSuperDevice{1}
LPPRINTER_INFO-LPPrtRunInfo:bJobPrtRuning{False}bLayerPrtIsOver{False}nContReqMemErr{0}nContWDErr{0}nCurPrtDir{0}nDTLayerIndex{0}nDTLayerPassIndex{0}nDTPtrCtlIndex{0}nLayerPassCount{0}nPrintLayerIndex{0}nPrintPassIndex{0}nProcLayerIndex{0}nPrtDataMemAddr{0}nPrtState{0}nReverse{System.Int32[]}nRevPrtCols{0}
LPPRINTER_INFO-LPDRVINFO:nFMVersion{45074}nFpgaVersion{539038216}nPCBVersion{0}nState{0}nNextState{0}nPtvwarnState{0}nCrc32{0}nRevInfo{System.UInt32[]}nSignature{0}
2024-01-28 14:32:12,864 [AppLog] INFO : 初始化喷墨控制器成功！
2024-01-28 14:32:12,864 [AppLog] INFO : 进入：EquipmentMotionLogic3=》准备创建对象-手动操作！
2024-01-28 14:32:12,895 [AppLog] INFO : 进入：EquipmentMotionLogic3=》创建完成-手动操作！
2024-01-28 14:32:13,036 [AppLog] INFO : 红外灯控制器485通讯建立！
2024-01-28 14:32:13,036 [AppLog] INFO : 进入电气控制模块
2024-01-28 14:32:14,050 [AppLog] INFO : 电气控制模块：手动打开端口14
2024-01-28 14:32:14,814 [AppLog] INFO : 电气控制模块：手动打开端口15
2024-01-28 14:32:15,532 [AppLog] INFO : 退出电气控制模块
2024-01-28 14:32:18,074 [AppLog] INFO : 手动正向点动指令（8轴运控板卡系统） ====》：输出AXIS{第1轴},点动量{1.5MM},运动速度{2MM/s}
2024-01-28 14:32:23,862 [AppLog] INFO : 手动正向点动指令（8轴运控板卡系统） ====》：输出AXIS{第1轴},点动量{1.5MM},运动速度{2MM/s}
2024-01-28 14:32:26,951 [AppLog] INFO : 手动正向点动指令（8轴运控板卡系统） ====》：输出AXIS{第1轴},点动量{1.5MM},运动速度{2MM/s}
2024-01-28 14:32:27,840 [AppLog] INFO : 手动正向点动指令（8轴运控板卡系统） ====》：输出AXIS{第1轴},点动量{1.5MM},运动速度{2MM/s}
2024-01-28 14:32:35,344 [AppLog] INFO : 手动正向点动指令（8轴运控板卡系统） ====》：输出AXIS{第1轴},点动量{1.5MM},运动速度{2MM/s}
2024-01-28 14:32:41,896 [AppLog] INFO : 手动正向点动指令（8轴运控板卡系统） ====》：输出AXIS{第1轴},点动量{1.5MM},运动速度{2MM/s}
2024-01-28 14:32:43,799 [AppLog] INFO : 退出手动调试子模块，未执行修改
==========================================================================
2024-01-28 14:32:45,187 [AppLog] INFO : 进入手动调试子模块！
2024-01-28 14:32:45,187 [AppLog] INFO : 进入：ManulBtn_Click=》准备创建对象-手动操作！
2024-01-28 14:32:45,219 [AppLog] INFO : 创建：ManualControl=》创建完成-手动操作！
2024-01-28 14:32:45,219 [AppLog] INFO : 加载成功：温控Modbus接口！
2024-01-28 14:32:52,660 [AppLog] INFO : 手动正向点动指令（8轴运控板卡系统） ====》：输出AXIS{第1轴},点动量{1.5MM},运动速度{2MM/s}
2024-01-28 14:32:53,643 [AppLog] INFO : 手动正向点动指令（8轴运控板卡系统） ====》：输出AXIS{第1轴},点动量{1.5MM},运动速度{2MM/s}
2024-01-28 14:32:54,953 [AppLog] INFO : 退出手动调试子模块，未执行修改
==========================================================================
2024-01-28 14:32:56,014 [AppLog] INFO : 进入手动调试子模块！
2024-01-28 14:32:56,014 [AppLog] INFO : 进入：ManulBtn_Click=》准备创建对象-手动操作！
2024-01-28 14:32:56,045 [AppLog] INFO : 创建：ManualControl=》创建完成-手动操作！
2024-01-28 14:32:56,045 [AppLog] INFO : 加载成功：温控Modbus接口！
2024-01-28 14:32:57,527 [AppLog] INFO : 退出手动调试子模块，未执行修改
==========================================================================
2024-01-28 14:32:58,588 [AppLog] INFO : 进入电气控制模块
2024-01-28 14:33:00,007 [AppLog] INFO : 退出电气控制模块
2024-01-28 14:33:13,236 [AppLog] INFO : 进入手动调试子模块！
2024-01-28 14:33:13,236 [AppLog] INFO : 进入：ManulBtn_Click=》准备创建对象-手动操作！
2024-01-28 14:33:13,267 [AppLog] INFO : 创建：ManualControl=》创建完成-手动操作！
2024-01-28 14:33:13,267 [AppLog] INFO : 加载成功：温控Modbus接口！
2024-01-28 14:33:16,809 [AppLog] INFO : 手动正向点动指令（8轴运控板卡系统） ====》：输出AXIS{第1轴},点动量{1.5MM},运动速度{2MM/s}
2024-01-28 14:33:17,604 [AppLog] INFO : 手动正向点动指令（8轴运控板卡系统） ====》：输出AXIS{第1轴},点动量{1.5MM},运动速度{2MM/s}
2024-01-28 14:33:18,384 [AppLog] INFO : 手动正向点动指令（8轴运控板卡系统） ====》：输出AXIS{第1轴},点动量{1.5MM},运动速度{2MM/s}
2024-01-28 14:33:19,164 [AppLog] INFO : 手动正向点动指令（8轴运控板卡系统） ====》：输出AXIS{第1轴},点动量{1.5MM},运动速度{2MM/s}
2024-01-28 14:33:19,866 [AppLog] INFO : 切换为JOG模式====》：输出AXIS{第1轴}
2024-01-28 14:33:20,537 [AppLog] INFO : 手动正向JOG指令（8轴运控板卡系统） ====》：输出AXIS{第1轴},运动速度{2MM/s}
2024-01-28 14:33:31,332 [AppLog] INFO : 手动停止JOG输出（8轴运控板卡系统） ====》：输出AXIS{第1轴}
2024-01-28 14:33:31,863 [AppLog] INFO : 手动正向JOG指令（8轴运控板卡系统） ====》：输出AXIS{第1轴},运动速度{2MM/s}
2024-01-28 14:33:33,345 [AppLog] INFO : 手动停止JOG输出（8轴运控板卡系统） ====》：输出AXIS{第1轴}
2024-01-28 14:39:59,976 [AppLog] INFO : 退出手动调试子模块，未执行修改
==========================================================================
2024-01-28 14:40:01,317 [AppLog] INFO : 开启系统：板卡通讯，伺服供电，照明系统，UV/HR固化系统！
2024-01-28 14:40:02,144 [AppLog] INFO : 关闭系统：一键关闭系统开始！
2024-01-28 14:40:08,369 [AppLog] INFO : 关闭系统：一键关闭系统结束！
2024-01-28 14:40:08,369 [AppLog] INFO : 喷墨控制器的所有轴输出关闭！
2024-01-28 14:40:10,334 [AppLog] INFO : 喷墨控制器关闭！
2024-01-28 14:40:10,334 [AppLog] INFO : 创建：AutoPrintMotion0=》不需重新创建-手动操作！
2024-01-28 14:40:10,334 [AppLog] INFO : 进入电气控制模块
2024-01-28 14:40:11,426 [AppLog] INFO : 电气控制模块：手动关闭端口14
2024-01-28 14:40:11,925 [AppLog] INFO : 电气控制模块：手动关闭端口15
2024-01-28 14:40:12,752 [AppLog] INFO : 退出电气控制模块
2024-01-28 14:40:14,453 [AppLog] INFO : 软件及设备关停中：墨车所有方向运动确认停止（X,Y,Y2)： bImmeStop{False},nAxisMask{0x7}
2024-01-28 14:40:14,453 [AppLog] INFO : 软件及设备关停中：喷墨控制器板卡系统关闭（X,Y,Y2)：DEV_CloseDevice
2024-01-28 14:40:15,123 [AppLog] INFO : 软件及设备关停成功
==========================================================================
操作系统:{Microsoft Windows 7 旗舰版 }
运行环境:{ .Net Framework Enviroment Version 4.0.30319.42000}
盘符：D
CPU使用率：{0%} ，可用内存大小:{14208MB}，硬盘剩余空间：
  盘符 C:\ 的剩余空间：70 GB
  盘符 D:\ 的剩余空间：44 GB
==========================================================================
2024-01-28 14:49:50,722 [AppLog] INFO : 软件开机密码正确，登录成功1次
==========================================================================
操作系统:{Microsoft Windows 7 旗舰版 }
运行环境:{ .Net Framework Enviroment Version 4.0.30319.42000}
盘符：D
CPU使用率：{28.5711%} ，可用内存大小:{14388MB}，硬盘剩余空间：
  盘符 C:\ 的剩余空间：70 GB
  盘符 D:\ 的剩余空间：44 GB
硬件配置情况：
  CPU 厂家: GenuineIntel CPU 型号: Intel(R) Core(TM) i7-4770 CPU @ 3.40GHz
  内存条厂家: Kingston 内存条型号: 99P5471-043.A00LF 
  内存条厂家: Kingston 内存条型号: 99P5471-043.A00LF 
  硬盘厂家: (标准磁盘驱动器) 硬盘型号: Micron_1300_MTFDDAK256TDL ATA Device
==========================================================================
2024-01-28 14:49:50,738 [AppLog] INFO : 开启系统：板卡通讯，伺服供电，照明系统，UV/HR固化系统！
2024-01-28 14:49:50,753 [AppLog] INFO : 开启系统：一键启动系统开始！
2024-01-28 14:49:56,837 [AppLog] INFO : 开启系统：一键启动系统结束！
2024-01-28 14:49:57,056 [AppLog] INFO : 创建：AutoPrintMotion0=》初次创建完成-手动操作！
2024-01-28 14:49:57,134 [AppLog] INFO : 初始化喷墨控制器启动！
2024-01-28 14:50:20,908 [AppLog] INFO : 打开喷墨控制器设备成功！
2024-01-28 14:50:20,939 [AppLog] INFO : 输入校准值1次{成功}，打印往返差校准值为：BiDirEncPrtOff{5},分频值{8},打印速度{300mm/s}
2024-01-28 14:50:21,329 [AppLog] INFO : PASS打印前关键状态：DEV_GetDeviceInfo：LPPRINTER_INFO:nXSysEncDPI{5080}nStatus{909129520}nPrintStatus{0}bSuperDevice{1}
LPPRINTER_INFO-LPPrtRunInfo:bJobPrtRuning{False}bLayerPrtIsOver{False}nContReqMemErr{0}nContWDErr{0}nCurPrtDir{0}nDTLayerIndex{0}nDTLayerPassIndex{0}nDTPtrCtlIndex{0}nLayerPassCount{0}nPrintLayerIndex{0}nPrintPassIndex{0}nProcLayerIndex{0}nPrtDataMemAddr{0}nPrtState{0}nReverse{System.Int32[]}nRevPrtCols{0}
LPPRINTER_INFO-LPDRVINFO:nFMVersion{45074}nFpgaVersion{539038216}nPCBVersion{0}nState{0}nNextState{0}nPtvwarnState{0}nCrc32{0}nRevInfo{System.UInt32[]}nSignature{0}
2024-01-28 14:50:22,421 [AppLog] INFO : 初始化喷墨控制器成功！
2024-01-28 14:50:22,421 [AppLog] INFO : 进入：EquipmentMotionLogic3=》准备创建对象-手动操作！
2024-01-28 14:50:22,453 [AppLog] INFO : 进入：EquipmentMotionLogic3=》创建完成-手动操作！
2024-01-28 14:50:22,593 [AppLog] INFO : 红外灯控制器485通讯建立！
2024-01-28 14:50:22,593 [AppLog] INFO : 进入电气控制模块
2024-01-28 14:50:23,638 [AppLog] INFO : 电气控制模块：手动打开端口14
2024-01-28 14:50:24,418 [AppLog] INFO : 电气控制模块：手动打开端口15
2024-01-28 14:50:25,198 [AppLog] INFO : 退出电气控制模块
2024-01-28 14:50:26,774 [AppLog] INFO : 进入手动调试子模块！
2024-01-28 14:50:26,774 [AppLog] INFO : 进入：ManulBtn_Click=》准备创建对象-手动操作！
2024-01-28 14:50:26,805 [AppLog] INFO : 创建：ManualControl=》创建完成-手动操作！
2024-01-28 14:50:26,805 [AppLog] INFO : 加载成功：温控Modbus接口！
2024-01-28 14:50:29,192 [AppLog] INFO : 切换为JOG模式====》：输出AXIS{第1轴}
2024-01-28 14:50:30,065 [AppLog] INFO : 手动正向JOG指令（8轴运控板卡系统） ====》：输出AXIS{第1轴},运动速度{2MM/s}
2024-01-28 14:50:41,703 [AppLog] INFO : 手动停止JOG输出（8轴运控板卡系统） ====》：输出AXIS{第1轴}
2024-01-28 14:52:51,948 [AppLog] INFO : 手动开启自动进给铺粉过程：AutoSupplyPowderBtn_Click
2024-01-28 14:52:54,693 [AppLog] INFO : 开启铺粉车回零校准：PowderCarHomeBtn_Click
2024-01-28 14:52:54,693 [AppLog] INFO : 开启粉车回零校准线程：PowderCarHomeResetThread
2024-01-28 14:53:02,571 [AppLog] INFO : 手动正向点动指令（8轴运控板卡系统） ====》：输出AXIS{第2轴},点动量{-116MM},运动速度{75MM/s}
2024-01-28 14:53:02,571 [AppLog] INFO : 粉车回零校准线程成功：PowderCarHomeResetThread
2024-01-28 14:53:06,315 [AppLog] INFO : 手动开启自动进给铺粉过程：AutoSupplyPowderBtn_Click
2024-01-28 14:53:06,315 [AppLog] INFO : 开启手动铺粉逻辑：NewAutoSupplyPowderThread
2024-01-28 14:53:06,315 [AppLog] INFO : 电气控制模块：手动打开端口14
2024-01-28 14:53:06,315 [AppLog] INFO : 电气控制模块：手动打开端口15
2024-01-28 14:53:06,393 [AppLog] INFO : 手动正向点动指令（8轴运控板卡系统） ====》：输出AXIS{第1轴},点动量{-0.1MM},运动速度{2MM/s}
2024-01-28 14:53:06,393 [AppLog] INFO : 成形面高度下降层厚 TrapSpace{0.1mm}：TrapMoveUp(1, true, Convert.ToString(vel), Convert.ToString(TrapSpace), true, true）
2024-01-28 14:53:07,173 [AppLog] INFO : 手动正向点动指令（8轴运控板卡系统） ====》：输出AXIS{第1轴},点动量{-1.5MM},运动速度{2MM/s}
2024-01-28 14:53:07,173 [AppLog] INFO : 成形面高度下降指定厚度 TrapSpace{1.5mm}：TrapMoveUp(1, true, Convert.ToString(vel), Convert.ToString(TrapSpace), true, true）
2024-01-28 14:53:07,953 [AppLog] INFO : 手动正向点动指令（8轴运控板卡系统） ====》：输出AXIS{第1轴},点动量{1.5MM},运动速度{2MM/s}
2024-01-28 14:53:07,953 [AppLog] INFO : 电气控制模块：手动关闭端口15
2024-01-28 14:53:07,953 [AppLog] INFO : 电气控制模块：手动关闭端口14
2024-01-28 14:53:07,953 [AppLog] INFO : 成形面高度上升层厚 TrapSpace{1.5mm}：TrapMoveUp(1, true, Convert.ToString(vel), Convert.ToString(TrapSpace), true, true）
2024-01-28 14:53:08,250 [AppLog] INFO : 手动正向点动指令（8轴运控板卡系统） ====》：输出AXIS{第8轴},点动量{0.6MM},运动速度{2.5MM/s}
2024-01-28 14:53:08,250 [AppLog] INFO : Hopper落粉轴转2圈落粉，速度0.5rev/s：TrapMoveUp(8, true, 0.5, rotateNuM.ToString(), true, false)
2024-01-28 14:53:09,264 [AppLog] INFO : 开启铺粉车不等停运动至准备打印位置215mm，速度250mm/s：BackToStation2
2024-01-28 14:53:10,122 [AppLog] INFO : 手动正向点动指令（8轴运控板卡系统） ====》：输出AXIS{第2轴},点动量{214MM},运动速度{250MM/s}
2024-01-28 14:53:10,122 [AppLog] INFO : 当前铺粉车位置：打印位置215mm
2024-01-28 14:53:10,122 [AppLog] INFO : 手动正向点动指令（8轴运控板卡系统） ====》：输出AXIS{第2轴},点动量{480MM},运动速度{75MM/s}
2024-01-28 14:53:10,122 [AppLog] INFO : 开启铺粉车不等停运动至站2，速度0.5rev/s：BackToStation2
2024-01-28 14:53:10,247 [AppLog] INFO : 打开IR灯：OpenIRLamp(true)
2024-01-28 14:53:10,434 [AppLog] INFO : 手动正向点动指令（8轴运控板卡系统） ====》：输出AXIS{第3轴},点动量{0.125MM},运动速度{1MM/s}
2024-01-28 14:53:10,434 [AppLog] INFO : 在{40mm}处，落粉轴运动{45度}，落粉轴转速{1rev/s}：TrapMoveUp(3, true, Convert.ToString(DispenseRollerSpeed), 0.5, true, true)
2024-01-28 14:53:10,434 [AppLog] INFO : 手动正向点动指令（8轴运控板卡系统） ====》：输出AXIS{第3轴},点动量{0.5MM},运动速度{0.113013698630137MM/s}
2024-01-28 14:53:10,434 [AppLog] INFO : 开启均匀落粉及辊子铺平运动：TrapMoveUp(3, true, Convert.ToString(DispenseRollerSpeed), 0.5, true, true)
2024-01-28 14:53:14,193 [AppLog] INFO : 关闭IR灯：OpenIRLamp(false)
2024-01-28 14:53:15,785 [AppLog] INFO : 手动正向点动指令（8轴运控板卡系统） ====》：输出AXIS{第3轴},点动量{0.5MM},运动速度{2MM/s}
2024-01-28 14:53:15,785 [AppLog] INFO : 落粉轴继续转动以倒掉余粉：TrapMoveUp(3, true, 2, 0.5, true, false)
2024-01-28 14:53:16,518 [AppLog] INFO : 电气控制模块：手动打开端口14
2024-01-28 14:53:16,518 [AppLog] INFO : 电气控制模块：手动打开端口15
2024-01-28 14:53:17,298 [AppLog] INFO : 手动正向点动指令（8轴运控板卡系统） ====》：输出AXIS{第1轴},点动量{-1.5MM},运动速度{2MM/s}
2024-01-28 14:53:17,298 [AppLog] INFO : 电气控制模块：手动关闭端口15
2024-01-28 14:53:17,298 [AppLog] INFO : 电气控制模块：手动关闭端口14
2024-01-28 14:53:17,298 [AppLog] INFO : 成形面高度下降指定厚度 TrapSpace{1.5mm}：TrapMoveUp(1, true, Convert.ToString(vel), Convert.ToString(TrapSpace), true, true）
2024-01-28 14:53:20,090 [AppLog] INFO : 手动正向点动指令（8轴运控板卡系统） ====》：输出AXIS{第2轴},点动量{-696.5MM},运动速度{250MM/s}
2024-01-28 14:53:20,090 [AppLog] INFO : 铺粉车返回至站1：BackToStation2(AimPos, MovSpeed, true)：-1.5mm，速度250mm/s：BackToStation2
2024-01-28 14:53:20,870 [AppLog] INFO : 落粉轴回零成功：motionMap.SetBackSpreaderAxis(3, 0.5, 2, -SinkPosition)：ReturnCode{True}
2024-01-28 14:53:20,870 [AppLog] INFO : 电气控制模块：手动打开端口14
2024-01-28 14:53:20,870 [AppLog] INFO : 电气控制模块：手动打开端口15
2024-01-28 14:53:21,635 [AppLog] INFO : 手动正向点动指令（8轴运控板卡系统） ====》：输出AXIS{第1轴},点动量{1.5MM},运动速度{2MM/s}
2024-01-28 14:53:21,635 [AppLog] INFO : 电气控制模块：手动关闭端口15
2024-01-28 14:53:21,635 [AppLog] INFO : 电气控制模块：手动关闭端口14
2024-01-28 14:53:21,635 [AppLog] INFO : 成形面高度上升层厚 TrapSpace{1.5mm}：TrapMoveUp(1, true, Convert.ToString(vel), Convert.ToString(TrapSpace), true, true）
2024-01-28 14:53:21,635 [AppLog] INFO : 手动铺粉正常结束：NewAutoSupplyPowderThread
2024-01-28 14:53:21,650 [AppLog] INFO : 发送监控指令，拍照记录1条：SendMessageFromSharedMemory
2024-01-28 14:53:27,391 [AppLog] INFO : 手动停止自动进给铺粉过程：AutoSupplyPowderBtn_Click
2024-01-28 14:53:28,842 [AppLog] INFO : 手动开启自动进给铺粉过程：AutoSupplyPowderBtn_Click
2024-01-28 14:53:32,133 [AppLog] INFO : 手动开启自动进给铺粉过程：AutoSupplyPowderBtn_Click
2024-01-28 14:53:32,133 [AppLog] INFO : 开启手动铺粉逻辑：NewAutoSupplyPowderThread
2024-01-28 14:53:32,133 [AppLog] INFO : 电气控制模块：手动打开端口14
2024-01-28 14:53:32,133 [AppLog] INFO : 电气控制模块：手动打开端口15
2024-01-28 14:53:32,211 [AppLog] INFO : 手动正向点动指令（8轴运控板卡系统） ====》：输出AXIS{第1轴},点动量{-0.1MM},运动速度{2MM/s}
2024-01-28 14:53:32,211 [AppLog] INFO : 成形面高度下降层厚 TrapSpace{0.1mm}：TrapMoveUp(1, true, Convert.ToString(vel), Convert.ToString(TrapSpace), true, true）
2024-01-28 14:53:32,976 [AppLog] INFO : 手动正向点动指令（8轴运控板卡系统） ====》：输出AXIS{第1轴},点动量{-1.5MM},运动速度{2MM/s}
2024-01-28 14:53:32,976 [AppLog] INFO : 成形面高度下降指定厚度 TrapSpace{1.5mm}：TrapMoveUp(1, true, Convert.ToString(vel), Convert.ToString(TrapSpace), true, true）
2024-01-28 14:53:33,756 [AppLog] INFO : 手动正向点动指令（8轴运控板卡系统） ====》：输出AXIS{第1轴},点动量{1.5MM},运动速度{2MM/s}
2024-01-28 14:53:33,756 [AppLog] INFO : 电气控制模块：手动关闭端口15
2024-01-28 14:53:33,756 [AppLog] INFO : 电气控制模块：手动关闭端口14
2024-01-28 14:53:33,756 [AppLog] INFO : 成形面高度上升层厚 TrapSpace{1.5mm}：TrapMoveUp(1, true, Convert.ToString(vel), Convert.ToString(TrapSpace), true, true）
2024-01-28 14:53:34,005 [AppLog] INFO : 手动正向点动指令（8轴运控板卡系统） ====》：输出AXIS{第8轴},点动量{0.6MM},运动速度{2.5MM/s}
2024-01-28 14:53:34,005 [AppLog] INFO : Hopper落粉轴转2圈落粉，速度0.5rev/s：TrapMoveUp(8, true, 0.5, rotateNuM.ToString(), true, false)
2024-01-28 14:53:35,019 [AppLog] INFO : 开启铺粉车不等停运动至准备打印位置215mm，速度250mm/s：BackToStation2
2024-01-28 14:53:35,877 [AppLog] INFO : 手动正向点动指令（8轴运控板卡系统） ====》：输出AXIS{第2轴},点动量{216.5MM},运动速度{250MM/s}
2024-01-28 14:53:35,877 [AppLog] INFO : 当前铺粉车位置：打印位置215mm
2024-01-28 14:53:35,877 [AppLog] INFO : 手动正向点动指令（8轴运控板卡系统） ====》：输出AXIS{第2轴},点动量{480MM},运动速度{75MM/s}
2024-01-28 14:53:35,877 [AppLog] INFO : 开启铺粉车不等停运动至站2，速度0.5rev/s：BackToStation2
2024-01-28 14:53:36,018 [AppLog] INFO : 打开IR灯：OpenIRLamp(true)
2024-01-28 14:53:36,143 [AppLog] INFO : 手动正向点动指令（8轴运控板卡系统） ====》：输出AXIS{第3轴},点动量{0.125MM},运动速度{1MM/s}
2024-01-28 14:53:36,143 [AppLog] INFO : 在{40mm}处，落粉轴运动{45度}，落粉轴转速{1rev/s}：TrapMoveUp(3, true, Convert.ToString(DispenseRollerSpeed), 0.5, true, true)
2024-01-28 14:53:36,158 [AppLog] INFO : 手动正向点动指令（8轴运控板卡系统） ====》：输出AXIS{第3轴},点动量{0.5MM},运动速度{0.113013698630137MM/s}
2024-01-28 14:53:36,158 [AppLog] INFO : 开启均匀落粉及辊子铺平运动：TrapMoveUp(3, true, Convert.ToString(DispenseRollerSpeed), 0.5, true, true)
2024-01-28 14:53:39,918 [AppLog] INFO : 关闭IR灯：OpenIRLamp(false)
2024-01-28 14:53:41,540 [AppLog] INFO : 手动正向点动指令（8轴运控板卡系统） ====》：输出AXIS{第3轴},点动量{0.5MM},运动速度{2MM/s}
2024-01-28 14:53:41,556 [AppLog] INFO : 落粉轴继续转动以倒掉余粉：TrapMoveUp(3, true, 2, 0.5, true, false)
2024-01-28 14:53:42,289 [AppLog] INFO : 电气控制模块：手动打开端口14
2024-01-28 14:53:42,289 [AppLog] INFO : 电气控制模块：手动打开端口15
2024-01-28 14:53:43,069 [AppLog] INFO : 手动正向点动指令（8轴运控板卡系统） ====》：输出AXIS{第1轴},点动量{-1.5MM},运动速度{2MM/s}
2024-01-28 14:53:43,069 [AppLog] INFO : 电气控制模块：手动关闭端口15
2024-01-28 14:53:43,069 [AppLog] INFO : 电气控制模块：手动关闭端口14
2024-01-28 14:53:43,069 [AppLog] INFO : 成形面高度下降指定厚度 TrapSpace{1.5mm}：TrapMoveUp(1, true, Convert.ToString(vel), Convert.ToString(TrapSpace), true, true）
2024-01-28 14:53:45,846 [AppLog] INFO : 手动正向点动指令（8轴运控板卡系统） ====》：输出AXIS{第2轴},点动量{-696.5MM},运动速度{250MM/s}
2024-01-28 14:53:45,846 [AppLog] INFO : 铺粉车返回至站1：BackToStation2(AimPos, MovSpeed, true)：-1.5mm，速度250mm/s：BackToStation2
2024-01-28 14:53:46,626 [AppLog] INFO : 落粉轴回零成功：motionMap.SetBackSpreaderAxis(3, 0.5, 2, -SinkPosition)：ReturnCode{True}
2024-01-28 14:53:46,626 [AppLog] INFO : 电气控制模块：手动打开端口14
2024-01-28 14:53:46,626 [AppLog] INFO : 电气控制模块：手动打开端口15
2024-01-28 14:53:47,390 [AppLog] INFO : 手动正向点动指令（8轴运控板卡系统） ====》：输出AXIS{第1轴},点动量{1.5MM},运动速度{2MM/s}
2024-01-28 14:53:47,390 [AppLog] INFO : 电气控制模块：手动关闭端口15
2024-01-28 14:53:47,390 [AppLog] INFO : 电气控制模块：手动关闭端口14
2024-01-28 14:53:47,390 [AppLog] INFO : 成形面高度上升层厚 TrapSpace{1.5mm}：TrapMoveUp(1, true, Convert.ToString(vel), Convert.ToString(TrapSpace), true, true）
2024-01-28 14:53:47,390 [AppLog] INFO : 手动铺粉正常结束：NewAutoSupplyPowderThread
2024-01-28 14:53:47,390 [AppLog] INFO : 发送监控指令，拍照记录1条：SendMessageFromSharedMemory
2024-01-28 14:53:48,607 [AppLog] INFO : 切换为点动模式====》：输出AXIS{第1轴}
2024-01-28 14:53:50,214 [AppLog] INFO : 手动负向点动指令（8轴运控板卡系统） ====》：输出AXIS{第1轴},点动量{1.5MM},运动速度{2MM/s}
2024-01-28 14:53:52,694 [AppLog] INFO : 切换为JOG模式====》：输出AXIS{第1轴}
2024-01-28 14:53:53,802 [AppLog] INFO : 手动停止自动进给铺粉过程：AutoSupplyPowderBtn_Click
2024-01-28 14:53:54,675 [AppLog] INFO : 手动开启自动进给铺粉过程：AutoSupplyPowderBtn_Click
2024-01-28 14:54:00,447 [AppLog] INFO : 手动开启自动进给铺粉过程：AutoSupplyPowderBtn_Click
2024-01-28 14:54:00,447 [AppLog] INFO : 开启手动铺粉逻辑：NewAutoSupplyPowderThread
2024-01-28 14:54:00,447 [AppLog] INFO : 电气控制模块：手动打开端口14
2024-01-28 14:54:00,447 [AppLog] INFO : 电气控制模块：手动打开端口15
2024-01-28 14:54:00,525 [AppLog] INFO : 手动正向点动指令（8轴运控板卡系统） ====》：输出AXIS{第1轴},点动量{-0.1MM},运动速度{2MM/s}
2024-01-28 14:54:00,525 [AppLog] INFO : 成形面高度下降层厚 TrapSpace{0.1mm}：TrapMoveUp(1, true, Convert.ToString(vel), Convert.ToString(TrapSpace), true, true）
2024-01-28 14:54:01,305 [AppLog] INFO : 手动正向点动指令（8轴运控板卡系统） ====》：输出AXIS{第1轴},点动量{-1.5MM},运动速度{2MM/s}
2024-01-28 14:54:01,305 [AppLog] INFO : 成形面高度下降指定厚度 TrapSpace{1.5mm}：TrapMoveUp(1, true, Convert.ToString(vel), Convert.ToString(TrapSpace), true, true）
2024-01-28 14:54:02,070 [AppLog] INFO : 手动正向点动指令（8轴运控板卡系统） ====》：输出AXIS{第1轴},点动量{1.5MM},运动速度{2MM/s}
2024-01-28 14:54:02,070 [AppLog] INFO : 电气控制模块：手动关闭端口15
2024-01-28 14:54:02,070 [AppLog] INFO : 电气控制模块：手动关闭端口14
2024-01-28 14:54:02,085 [AppLog] INFO : 成形面高度上升层厚 TrapSpace{1.5mm}：TrapMoveUp(1, true, Convert.ToString(vel), Convert.ToString(TrapSpace), true, true）
2024-01-28 14:54:02,319 [AppLog] INFO : 手动正向点动指令（8轴运控板卡系统） ====》：输出AXIS{第8轴},点动量{0.6MM},运动速度{2.5MM/s}
2024-01-28 14:54:02,319 [AppLog] INFO : Hopper落粉轴转2圈落粉，速度0.5rev/s：TrapMoveUp(8, true, 0.5, rotateNuM.ToString(), true, false)
2024-01-28 14:54:03,333 [AppLog] INFO : 开启铺粉车不等停运动至准备打印位置215mm，速度250mm/s：BackToStation2
2024-01-28 14:54:04,191 [AppLog] INFO : 手动正向点动指令（8轴运控板卡系统） ====》：输出AXIS{第2轴},点动量{216.5MM},运动速度{250MM/s}
2024-01-28 14:54:04,191 [AppLog] INFO : 当前铺粉车位置：打印位置215mm
2024-01-28 14:54:04,191 [AppLog] INFO : 手动正向点动指令（8轴运控板卡系统） ====》：输出AXIS{第2轴},点动量{480MM},运动速度{75MM/s}
2024-01-28 14:54:04,191 [AppLog] INFO : 开启铺粉车不等停运动至站2，速度0.5rev/s：BackToStation2
2024-01-28 14:54:04,301 [AppLog] INFO : 打开IR灯：OpenIRLamp(true)
2024-01-28 14:54:04,441 [AppLog] INFO : 手动正向点动指令（8轴运控板卡系统） ====》：输出AXIS{第3轴},点动量{0.125MM},运动速度{1MM/s}
2024-01-28 14:54:04,441 [AppLog] INFO : 在{40mm}处，落粉轴运动{45度}，落粉轴转速{1rev/s}：TrapMoveUp(3, true, Convert.ToString(DispenseRollerSpeed), 0.5, true, true)
2024-01-28 14:54:04,441 [AppLog] INFO : 手动正向点动指令（8轴运控板卡系统） ====》：输出AXIS{第3轴},点动量{0.5MM},运动速度{0.113013698630137MM/s}
2024-01-28 14:54:04,441 [AppLog] INFO : 开启均匀落粉及辊子铺平运动：TrapMoveUp(3, true, Convert.ToString(DispenseRollerSpeed), 0.5, true, true)
2024-01-28 14:54:08,247 [AppLog] INFO : 关闭IR灯：OpenIRLamp(false)
2024-01-28 14:54:09,854 [AppLog] INFO : 手动正向点动指令（8轴运控板卡系统） ====》：输出AXIS{第3轴},点动量{0.5MM},运动速度{2MM/s}
2024-01-28 14:54:09,870 [AppLog] INFO : 落粉轴继续转动以倒掉余粉：TrapMoveUp(3, true, 2, 0.5, true, false)
2024-01-28 14:54:10,603 [AppLog] INFO : 电气控制模块：手动打开端口14
2024-01-28 14:54:10,603 [AppLog] INFO : 电气控制模块：手动打开端口15
2024-01-28 14:54:11,383 [AppLog] INFO : 手动正向点动指令（8轴运控板卡系统） ====》：输出AXIS{第1轴},点动量{-1.5MM},运动速度{2MM/s}
2024-01-28 14:54:11,383 [AppLog] INFO : 电气控制模块：手动关闭端口15
2024-01-28 14:54:11,383 [AppLog] INFO : 电气控制模块：手动关闭端口14
2024-01-28 14:54:11,383 [AppLog] INFO : 成形面高度下降指定厚度 TrapSpace{1.5mm}：TrapMoveUp(1, true, Convert.ToString(vel), Convert.ToString(TrapSpace), true, true）
2024-01-28 14:54:14,160 [AppLog] INFO : 手动正向点动指令（8轴运控板卡系统） ====》：输出AXIS{第2轴},点动量{-696.5MM},运动速度{250MM/s}
2024-01-28 14:54:14,160 [AppLog] INFO : 铺粉车返回至站1：BackToStation2(AimPos, MovSpeed, true)：-1.5mm，速度250mm/s：BackToStation2
2024-01-28 14:54:14,831 [AppLog] INFO : 手动停止自动进给铺粉过程：AutoSupplyPowderBtn_Click
2024-01-28 14:54:14,940 [AppLog] INFO : 落粉轴回零成功：motionMap.SetBackSpreaderAxis(3, 0.5, 2, -SinkPosition)：ReturnCode{True}
2024-01-28 14:54:14,940 [AppLog] INFO : 电气控制模块：手动打开端口14
2024-01-28 14:54:14,940 [AppLog] INFO : 电气控制模块：手动打开端口15
2024-01-28 14:54:15,704 [AppLog] INFO : 手动正向点动指令（8轴运控板卡系统） ====》：输出AXIS{第1轴},点动量{1.5MM},运动速度{2MM/s}
2024-01-28 14:54:15,704 [AppLog] INFO : 电气控制模块：手动关闭端口15
2024-01-28 14:54:15,704 [AppLog] INFO : 电气控制模块：手动关闭端口14
2024-01-28 14:54:15,704 [AppLog] INFO : 成形面高度上升层厚 TrapSpace{1.5mm}：TrapMoveUp(1, true, Convert.ToString(vel), Convert.ToString(TrapSpace), true, true）
2024-01-28 14:54:15,704 [AppLog] INFO : 手动铺粉正常结束：NewAutoSupplyPowderThread
2024-01-28 14:54:15,704 [AppLog] INFO : 发送监控指令，拍照记录1条：SendMessageFromSharedMemory
2024-01-28 14:54:31,959 [AppLog] INFO : 手动开启自动进给铺粉过程：AutoSupplyPowderBtn_Click
2024-01-28 14:54:32,568 [AppLog] INFO : 手动开启自动进给铺粉过程：AutoSupplyPowderBtn_Click
2024-01-28 14:54:32,568 [AppLog] INFO : 开启手动铺粉逻辑：NewAutoSupplyPowderThread
2024-01-28 14:54:32,568 [AppLog] INFO : 电气控制模块：手动打开端口14
2024-01-28 14:54:32,568 [AppLog] INFO : 电气控制模块：手动打开端口15
2024-01-28 14:54:32,677 [AppLog] INFO : 手动正向点动指令（8轴运控板卡系统） ====》：输出AXIS{第1轴},点动量{-0.15MM},运动速度{2MM/s}
2024-01-28 14:54:32,677 [AppLog] INFO : 成形面高度下降层厚 TrapSpace{0.15mm}：TrapMoveUp(1, true, Convert.ToString(vel), Convert.ToString(TrapSpace), true, true）
2024-01-28 14:54:33,441 [AppLog] INFO : 手动正向点动指令（8轴运控板卡系统） ====》：输出AXIS{第1轴},点动量{-1.5MM},运动速度{2MM/s}
2024-01-28 14:54:33,441 [AppLog] INFO : 成形面高度下降指定厚度 TrapSpace{1.5mm}：TrapMoveUp(1, true, Convert.ToString(vel), Convert.ToString(TrapSpace), true, true）
2024-01-28 14:54:34,221 [AppLog] INFO : 手动正向点动指令（8轴运控板卡系统） ====》：输出AXIS{第1轴},点动量{1.5MM},运动速度{2MM/s}
2024-01-28 14:54:34,221 [AppLog] INFO : 电气控制模块：手动关闭端口15
2024-01-28 14:54:34,221 [AppLog] INFO : 电气控制模块：手动关闭端口14
2024-01-28 14:54:34,221 [AppLog] INFO : 成形面高度上升层厚 TrapSpace{1.5mm}：TrapMoveUp(1, true, Convert.ToString(vel), Convert.ToString(TrapSpace), true, true）
2024-01-28 14:54:34,471 [AppLog] INFO : 手动正向点动指令（8轴运控板卡系统） ====》：输出AXIS{第8轴},点动量{0.6MM},运动速度{2.5MM/s}
2024-01-28 14:54:34,471 [AppLog] INFO : Hopper落粉轴转2圈落粉，速度0.5rev/s：TrapMoveUp(8, true, 0.5, rotateNuM.ToString(), true, false)
2024-01-28 14:54:35,485 [AppLog] INFO : 开启铺粉车不等停运动至准备打印位置215mm，速度250mm/s：BackToStation2
2024-01-28 14:54:36,343 [AppLog] INFO : 手动正向点动指令（8轴运控板卡系统） ====》：输出AXIS{第2轴},点动量{216.5MM},运动速度{250MM/s}
2024-01-28 14:54:36,343 [AppLog] INFO : 当前铺粉车位置：打印位置215mm
2024-01-28 14:54:36,343 [AppLog] INFO : 手动正向点动指令（8轴运控板卡系统） ====》：输出AXIS{第2轴},点动量{480MM},运动速度{75MM/s}
2024-01-28 14:54:36,343 [AppLog] INFO : 开启铺粉车不等停运动至站2，速度0.5rev/s：BackToStation2
2024-01-28 14:54:36,452 [AppLog] INFO : 打开IR灯：OpenIRLamp(true)
2024-01-28 14:54:36,593 [AppLog] INFO : 手动正向点动指令（8轴运控板卡系统） ====》：输出AXIS{第3轴},点动量{0.125MM},运动速度{1MM/s}
2024-01-28 14:54:36,593 [AppLog] INFO : 在{40mm}处，落粉轴运动{45度}，落粉轴转速{1rev/s}：TrapMoveUp(3, true, Convert.ToString(DispenseRollerSpeed), 0.5, true, true)
2024-01-28 14:54:36,593 [AppLog] INFO : 手动正向点动指令（8轴运控板卡系统） ====》：输出AXIS{第3轴},点动量{0.5MM},运动速度{0.113013698630137MM/s}
2024-01-28 14:54:36,593 [AppLog] INFO : 开启均匀落粉及辊子铺平运动：TrapMoveUp(3, true, Convert.ToString(DispenseRollerSpeed), 0.5, true, true)
2024-01-28 14:54:40,399 [AppLog] INFO : 关闭IR灯：OpenIRLamp(false)
2024-01-28 14:54:42,006 [AppLog] INFO : 手动正向点动指令（8轴运控板卡系统） ====》：输出AXIS{第3轴},点动量{0.5MM},运动速度{2MM/s}
2024-01-28 14:54:42,006 [AppLog] INFO : 落粉轴继续转动以倒掉余粉：TrapMoveUp(3, true, 2, 0.5, true, false)
2024-01-28 14:54:42,755 [AppLog] INFO : 电气控制模块：手动打开端口14
2024-01-28 14:54:42,755 [AppLog] INFO : 电气控制模块：手动打开端口15
2024-01-28 14:54:43,535 [AppLog] INFO : 手动正向点动指令（8轴运控板卡系统） ====》：输出AXIS{第1轴},点动量{-1.5MM},运动速度{2MM/s}
2024-01-28 14:54:43,535 [AppLog] INFO : 电气控制模块：手动关闭端口15
2024-01-28 14:54:43,535 [AppLog] INFO : 电气控制模块：手动关闭端口14
2024-01-28 14:54:43,535 [AppLog] INFO : 成形面高度下降指定厚度 TrapSpace{1.5mm}：TrapMoveUp(1, true, Convert.ToString(vel), Convert.ToString(TrapSpace), true, true）
2024-01-28 14:54:46,311 [AppLog] INFO : 手动正向点动指令（8轴运控板卡系统） ====》：输出AXIS{第2轴},点动量{-696.5MM},运动速度{250MM/s}
2024-01-28 14:54:46,327 [AppLog] INFO : 铺粉车返回至站1：BackToStation2(AimPos, MovSpeed, true)：-1.5mm，速度250mm/s：BackToStation2
2024-01-28 14:54:47,091 [AppLog] INFO : 落粉轴回零成功：motionMap.SetBackSpreaderAxis(3, 0.5, 2, -SinkPosition)：ReturnCode{True}
2024-01-28 14:54:47,091 [AppLog] INFO : 电气控制模块：手动打开端口14
2024-01-28 14:54:47,091 [AppLog] INFO : 电气控制模块：手动打开端口15
2024-01-28 14:54:47,856 [AppLog] INFO : 手动正向点动指令（8轴运控板卡系统） ====》：输出AXIS{第1轴},点动量{1.5MM},运动速度{2MM/s}
2024-01-28 14:54:47,856 [AppLog] INFO : 电气控制模块：手动关闭端口15
2024-01-28 14:54:47,856 [AppLog] INFO : 电气控制模块：手动关闭端口14
2024-01-28 14:54:47,856 [AppLog] INFO : 成形面高度上升层厚 TrapSpace{1.5mm}：TrapMoveUp(1, true, Convert.ToString(vel), Convert.ToString(TrapSpace), true, true）
2024-01-28 14:54:47,856 [AppLog] INFO : 手动铺粉正常结束：NewAutoSupplyPowderThread
2024-01-28 14:54:47,856 [AppLog] INFO : 发送监控指令，拍照记录1条：SendMessageFromSharedMemory
2024-01-28 14:54:50,040 [AppLog] INFO : 切换为点动模式====》：输出AXIS{第1轴}
2024-01-28 14:54:56,108 [AppLog] INFO : 手动正向点动指令（8轴运控板卡系统） ====》：输出AXIS{第1轴},点动量{1.5MM},运动速度{2MM/s}
2024-01-28 14:55:01,163 [AppLog] INFO : 手动正向点动指令（8轴运控板卡系统） ====》：输出AXIS{第1轴},点动量{1.5MM},运动速度{2MM/s}
2024-01-28 14:55:07,418 [AppLog] INFO : 手动负向点动指令（8轴运控板卡系统） ====》：输出AXIS{第1轴},点动量{1MM},运动速度{2MM/s}
2024-01-28 14:55:09,290 [AppLog] INFO : 手动正向点动指令（8轴运控板卡系统） ====》：输出AXIS{第1轴},点动量{1MM},运动速度{2MM/s}
2024-01-28 14:55:10,008 [AppLog] INFO : 手动负向点动指令（8轴运控板卡系统） ====》：输出AXIS{第1轴},点动量{1MM},运动速度{2MM/s}
2024-01-28 14:55:11,412 [AppLog] INFO : 手动负向点动指令（8轴运控板卡系统） ====》：输出AXIS{第1轴},点动量{1MM},运动速度{2MM/s}
2024-01-28 14:55:16,576 [AppLog] INFO : 手动正向点动指令（8轴运控板卡系统） ====》：输出AXIS{第1轴},点动量{0.5MM},运动速度{2MM/s}
2024-01-28 14:55:17,792 [AppLog] INFO : 手动正向点动指令（8轴运控板卡系统） ====》：输出AXIS{第1轴},点动量{0.5MM},运动速度{2MM/s}
2024-01-28 14:55:18,728 [AppLog] INFO : 手动正向点动指令（8轴运控板卡系统） ====》：输出AXIS{第1轴},点动量{0.5MM},运动速度{2MM/s}
2024-01-28 14:55:20,382 [AppLog] INFO : 手动正向点动指令（8轴运控板卡系统） ====》：输出AXIS{第1轴},点动量{0.5MM},运动速度{2MM/s}
2024-01-28 14:55:22,535 [AppLog] INFO : 手动负向点动指令（8轴运控板卡系统） ====》：输出AXIS{第1轴},点动量{0.5MM},运动速度{2MM/s}
2024-01-28 14:55:23,237 [AppLog] INFO : 手动负向点动指令（8轴运控板卡系统） ====》：输出AXIS{第1轴},点动量{0.5MM},运动速度{2MM/s}
2024-01-28 14:55:25,858 [AppLog] INFO : 手动负向点动指令（8轴运控板卡系统） ====》：输出AXIS{第1轴},点动量{0.5MM},运动速度{2MM/s}
2024-01-28 14:55:27,542 [AppLog] INFO : 手动停止自动进给铺粉过程：AutoSupplyPowderBtn_Click
2024-01-28 14:55:28,057 [AppLog] INFO : 手动开启自动进给铺粉过程：AutoSupplyPowderBtn_Click
2024-01-28 14:55:28,775 [AppLog] INFO : 手动开启自动进给铺粉过程：AutoSupplyPowderBtn_Click
2024-01-28 14:55:28,775 [AppLog] INFO : 开启手动铺粉逻辑：NewAutoSupplyPowderThread
2024-01-28 14:55:28,775 [AppLog] INFO : 电气控制模块：手动打开端口14
2024-01-28 14:55:28,775 [AppLog] INFO : 电气控制模块：手动打开端口15
2024-01-28 14:55:28,868 [AppLog] INFO : 手动正向点动指令（8轴运控板卡系统） ====》：输出AXIS{第1轴},点动量{-0.15MM},运动速度{2MM/s}
2024-01-28 14:55:28,868 [AppLog] INFO : 成形面高度下降层厚 TrapSpace{0.15mm}：TrapMoveUp(1, true, Convert.ToString(vel), Convert.ToString(TrapSpace), true, true）
2024-01-28 14:55:29,648 [AppLog] INFO : 手动正向点动指令（8轴运控板卡系统） ====》：输出AXIS{第1轴},点动量{-1.5MM},运动速度{2MM/s}
2024-01-28 14:55:29,648 [AppLog] INFO : 成形面高度下降指定厚度 TrapSpace{1.5mm}：TrapMoveUp(1, true, Convert.ToString(vel), Convert.ToString(TrapSpace), true, true）
2024-01-28 14:55:30,428 [AppLog] INFO : 手动正向点动指令（8轴运控板卡系统） ====》：输出AXIS{第1轴},点动量{1.5MM},运动速度{2MM/s}
2024-01-28 14:55:30,428 [AppLog] INFO : 电气控制模块：手动关闭端口15
2024-01-28 14:55:30,428 [AppLog] INFO : 电气控制模块：手动关闭端口14
2024-01-28 14:55:30,428 [AppLog] INFO : 成形面高度上升层厚 TrapSpace{1.5mm}：TrapMoveUp(1, true, Convert.ToString(vel), Convert.ToString(TrapSpace), true, true）
2024-01-28 14:55:30,678 [AppLog] INFO : 手动正向点动指令（8轴运控板卡系统） ====》：输出AXIS{第8轴},点动量{0.6MM},运动速度{2.5MM/s}
2024-01-28 14:55:30,678 [AppLog] INFO : Hopper落粉轴转2圈落粉，速度0.5rev/s：TrapMoveUp(8, true, 0.5, rotateNuM.ToString(), true, false)
2024-01-28 14:55:31,692 [AppLog] INFO : 开启铺粉车不等停运动至准备打印位置215mm，速度250mm/s：BackToStation2
2024-01-28 14:55:32,550 [AppLog] INFO : 手动正向点动指令（8轴运控板卡系统） ====》：输出AXIS{第2轴},点动量{216.5MM},运动速度{250MM/s}
2024-01-28 14:55:32,550 [AppLog] INFO : 当前铺粉车位置：打印位置215mm
2024-01-28 14:55:32,550 [AppLog] INFO : 手动正向点动指令（8轴运控板卡系统） ====》：输出AXIS{第2轴},点动量{480MM},运动速度{75MM/s}
2024-01-28 14:55:32,550 [AppLog] INFO : 开启铺粉车不等停运动至站2，速度0.5rev/s：BackToStation2
2024-01-28 14:55:32,675 [AppLog] INFO : 打开IR灯：OpenIRLamp(true)
2024-01-28 14:55:32,815 [AppLog] INFO : 手动正向点动指令（8轴运控板卡系统） ====》：输出AXIS{第3轴},点动量{0.125MM},运动速度{1MM/s}
2024-01-28 14:55:32,815 [AppLog] INFO : 在{40mm}处，落粉轴运动{45度}，落粉轴转速{1rev/s}：TrapMoveUp(3, true, Convert.ToString(DispenseRollerSpeed), 0.5, true, true)
2024-01-28 14:55:32,815 [AppLog] INFO : 手动正向点动指令（8轴运控板卡系统） ====》：输出AXIS{第3轴},点动量{0.5MM},运动速度{0.113013698630137MM/s}
2024-01-28 14:55:32,815 [AppLog] INFO : 开启均匀落粉及辊子铺平运动：TrapMoveUp(3, true, Convert.ToString(DispenseRollerSpeed), 0.5, true, true)
2024-01-28 14:55:36,606 [AppLog] INFO : 关闭IR灯：OpenIRLamp(false)
2024-01-28 14:55:38,228 [AppLog] INFO : 手动正向点动指令（8轴运控板卡系统） ====》：输出AXIS{第3轴},点动量{0.5MM},运动速度{2MM/s}
2024-01-28 14:55:38,228 [AppLog] INFO : 落粉轴继续转动以倒掉余粉：TrapMoveUp(3, true, 2, 0.5, true, false)
2024-01-28 14:55:38,962 [AppLog] INFO : 电气控制模块：手动打开端口14
2024-01-28 14:55:38,962 [AppLog] INFO : 电气控制模块：手动打开端口15
2024-01-28 14:55:39,742 [AppLog] INFO : 手动正向点动指令（8轴运控板卡系统） ====》：输出AXIS{第1轴},点动量{-1.5MM},运动速度{2MM/s}
2024-01-28 14:55:39,742 [AppLog] INFO : 电气控制模块：手动关闭端口15
2024-01-28 14:55:39,742 [AppLog] INFO : 电气控制模块：手动关闭端口14
2024-01-28 14:55:39,742 [AppLog] INFO : 成形面高度下降指定厚度 TrapSpace{1.5mm}：TrapMoveUp(1, true, Convert.ToString(vel), Convert.ToString(TrapSpace), true, true）
2024-01-28 14:55:42,534 [AppLog] INFO : 手动正向点动指令（8轴运控板卡系统） ====》：输出AXIS{第2轴},点动量{-696.5MM},运动速度{250MM/s}
2024-01-28 14:55:42,534 [AppLog] INFO : 铺粉车返回至站1：BackToStation2(AimPos, MovSpeed, true)：-1.5mm，速度250mm/s：BackToStation2
2024-01-28 14:55:43,314 [AppLog] INFO : 落粉轴回零成功：motionMap.SetBackSpreaderAxis(3, 0.5, 2, -SinkPosition)：ReturnCode{True}
2024-01-28 14:55:43,314 [AppLog] INFO : 电气控制模块：手动打开端口14
2024-01-28 14:55:43,314 [AppLog] INFO : 电气控制模块：手动打开端口15
2024-01-28 14:55:44,078 [AppLog] INFO : 手动正向点动指令（8轴运控板卡系统） ====》：输出AXIS{第1轴},点动量{1.5MM},运动速度{2MM/s}
2024-01-28 14:55:44,078 [AppLog] INFO : 电气控制模块：手动关闭端口15
2024-01-28 14:55:44,078 [AppLog] INFO : 电气控制模块：手动关闭端口14
2024-01-28 14:55:44,078 [AppLog] INFO : 成形面高度上升层厚 TrapSpace{1.5mm}：TrapMoveUp(1, true, Convert.ToString(vel), Convert.ToString(TrapSpace), true, true）
2024-01-28 14:55:44,078 [AppLog] INFO : 手动铺粉正常结束：NewAutoSupplyPowderThread
2024-01-28 14:55:44,078 [AppLog] INFO : 发送监控指令，拍照记录1条：SendMessageFromSharedMemory
