2023-02-21 19:27:51,996 [AppLog] INFO : 软件开机密码正确，登录成功1次
==========================================================================
操作系统:{Microsoft Windows 7 旗舰版 }
运行环境:{ .Net Framework Enviroment Version 4.0.30319.42000}
盘符：D
CPU使用率：{17.7982%} ，可用内存大小:{14371MB}，硬盘剩余空间：
  盘符 C:\ 的剩余空间：82 GB
  盘符 D:\ 的剩余空间：97 GB
硬件配置情况：
  CPU 厂家: GenuineIntel CPU 型号: Intel(R) Core(TM) i7-4770 CPU @ 3.40GHz
  内存条厂家: Kingston 内存条型号: 99P5471-043.A00LF 
  内存条厂家: Kingston 内存条型号: 99P5471-043.A00LF 
  硬盘厂家: (标准磁盘驱动器) 硬盘型号: Micron_1300_MTFDDAK256TDL ATA Device
==========================================================================
2023-02-21 19:27:52,010 [AppLog] INFO : 开启系统：板卡通讯，伺服供电，照明系统，UV/HR固化系统！
2023-02-21 19:27:52,012 [AppLog] INFO : 开启系统：一键启动系统开始！
2023-02-21 19:27:57,020 [AppLog] INFO : 开启系统：一键启动系统结束！
2023-02-21 19:28:19,302 [AppLog] INFO : 初始化喷墨控制器！
2023-02-21 19:28:19,615 [AppLog] INFO : 红外灯控制器485通讯建立！
2023-02-21 19:28:19,617 [AppLog] INFO : 进入电气控制模块
2023-02-21 19:28:21,200 [AppLog] INFO : 退出电气控制模块
2023-02-21 19:28:24,866 [AppLog] INFO : 进入电气控制模块
2023-02-21 19:28:28,545 [AppLog] INFO : 电气控制模块：手动打开端口14
2023-02-21 19:28:29,762 [AppLog] INFO : 电气控制模块：手动打开端口15
2023-02-21 19:28:30,797 [AppLog] INFO : 退出电气控制模块
2023-02-21 19:28:31,796 [AppLog] INFO : 进入手动调试子模块！
2023-02-21 19:28:39,055 [AppLog] INFO : 手动正向JOG指令（8轴运控板卡系统） ====》：输出AXIS{第2轴},运动速度{50MM/s}
2023-02-21 19:28:39,133 [AppLog] INFO : 手动停止JOG输出（8轴运控板卡系统） ====》：输出AXIS{第2轴}
2023-02-21 19:28:39,554 [AppLog] INFO : 手动正向JOG指令（8轴运控板卡系统） ====》：输出AXIS{第2轴},运动速度{50MM/s}
2023-02-21 19:28:39,694 [AppLog] INFO : 手动停止JOG输出（8轴运控板卡系统） ====》：输出AXIS{第2轴}
2023-02-21 19:28:40,116 [AppLog] INFO : 手动正向JOG指令（8轴运控板卡系统） ====》：输出AXIS{第2轴},运动速度{50MM/s}
2023-02-21 19:28:41,036 [AppLog] INFO : 手动停止JOG输出（8轴运控板卡系统） ====》：输出AXIS{第2轴}
2023-02-21 19:28:42,596 [AppLog] INFO : 退出手动调试子模块,已执行修改
==========================================================================
2023-02-21 19:28:59,021 [AppLog] INFO : 进入手动调试子模块！
2023-02-21 19:29:26,766 [AppLog] INFO : 手动正向JOG指令（8轴运控板卡系统） ====》：输出AXIS{第2轴},运动速度{50MM/s}
2023-02-21 19:29:27,151 [AppLog] INFO : 手动停止JOG输出（8轴运控板卡系统） ====》：输出AXIS{第2轴}
2023-02-21 19:29:27,494 [AppLog] INFO : 手动正向JOG指令（8轴运控板卡系统） ====》：输出AXIS{第2轴},运动速度{50MM/s}
2023-02-21 19:29:27,757 [AppLog] INFO : 手动停止JOG输出（8轴运控板卡系统） ====》：输出AXIS{第2轴}
2023-02-21 19:29:28,009 [AppLog] INFO : 手动正向JOG指令（8轴运控板卡系统） ====》：输出AXIS{第2轴},运动速度{50MM/s}
2023-02-21 19:29:28,162 [AppLog] INFO : 手动停止JOG输出（8轴运控板卡系统） ====》：输出AXIS{第2轴}
2023-02-21 19:29:28,452 [AppLog] INFO : 手动正向JOG指令（8轴运控板卡系统） ====》：输出AXIS{第2轴},运动速度{50MM/s}
2023-02-21 19:29:28,561 [AppLog] INFO : 手动停止JOG输出（8轴运控板卡系统） ====》：输出AXIS{第2轴}
2023-02-21 19:29:28,867 [AppLog] INFO : 手动正向JOG指令（8轴运控板卡系统） ====》：输出AXIS{第2轴},运动速度{50MM/s}
2023-02-21 19:29:29,055 [AppLog] INFO : 手动停止JOG输出（8轴运控板卡系统） ====》：输出AXIS{第2轴}
2023-02-21 19:29:29,375 [AppLog] INFO : 手动正向JOG指令（8轴运控板卡系统） ====》：输出AXIS{第2轴},运动速度{50MM/s}
2023-02-21 19:29:29,486 [AppLog] INFO : 手动停止JOG输出（8轴运控板卡系统） ====》：输出AXIS{第2轴}
2023-02-21 19:29:29,957 [AppLog] INFO : 手动正向JOG指令（8轴运控板卡系统） ====》：输出AXIS{第2轴},运动速度{50MM/s}
2023-02-21 19:29:30,053 [AppLog] INFO : 手动停止JOG输出（8轴运控板卡系统） ====》：输出AXIS{第2轴}
2023-02-21 19:29:30,475 [AppLog] INFO : 手动正向JOG指令（8轴运控板卡系统） ====》：输出AXIS{第2轴},运动速度{50MM/s}
2023-02-21 19:29:30,599 [AppLog] INFO : 手动停止JOG输出（8轴运控板卡系统） ====》：输出AXIS{第2轴}
2023-02-21 19:29:31,393 [AppLog] INFO : 手动正向JOG指令（8轴运控板卡系统） ====》：输出AXIS{第2轴},运动速度{50MM/s}
2023-02-21 19:29:31,656 [AppLog] INFO : 手动停止JOG输出（8轴运控板卡系统） ====》：输出AXIS{第2轴}
2023-02-21 19:29:31,947 [AppLog] INFO : 手动正向JOG指令（8轴运控板卡系统） ====》：输出AXIS{第2轴},运动速度{50MM/s}
2023-02-21 19:29:32,125 [AppLog] INFO : 手动停止JOG输出（8轴运控板卡系统） ====》：输出AXIS{第2轴}
2023-02-21 19:29:32,415 [AppLog] INFO : 手动正向JOG指令（8轴运控板卡系统） ====》：输出AXIS{第2轴},运动速度{50MM/s}
2023-02-21 19:29:32,536 [AppLog] INFO : 手动停止JOG输出（8轴运控板卡系统） ====》：输出AXIS{第2轴}
2023-02-21 19:29:41,684 [AppLog] INFO : 手动正向JOG指令（8轴运控板卡系统） ====》：输出AXIS{第2轴},运动速度{50MM/s}
2023-02-21 19:29:41,812 [AppLog] INFO : 手动停止JOG输出（8轴运控板卡系统） ====》：输出AXIS{第2轴}
2023-02-21 19:29:42,080 [AppLog] INFO : 手动正向JOG指令（8轴运控板卡系统） ====》：输出AXIS{第2轴},运动速度{50MM/s}
2023-02-21 19:29:42,187 [AppLog] INFO : 手动停止JOG输出（8轴运控板卡系统） ====》：输出AXIS{第2轴}
2023-02-21 19:47:01,543 [AppLog] INFO : 退出手动调试子模块，未执行修改
==========================================================================
2023-02-21 19:47:03,914 [AppLog] INFO : 进入数据加载模块
2023-02-21 19:47:06,972 [AppLog] INFO : CAD数据加载：添加.CLI格式CAD数据成功-D:\Release\CLI输入文件\3D打印模型之螺旋锥齿轮_螺旋锥齿轮1-2.cli
2023-02-21 19:47:11,449 [AppLog] INFO : CAD数据删除：删除.CLI格式CAD数据成功-D:\Release\CLI输入文件\3D打印模型之螺旋锥齿轮_螺旋锥齿轮1-2.cli
2023-02-21 19:47:13,368 [AppLog] INFO : 进入数据加载模块
2023-02-21 19:47:19,904 [AppLog] INFO : CAD数据加载：添加.bjgroup格式CAD数据成功-D:\Release\CLI输入文件\测试组合件.bjgroup
2023-02-21 19:50:33,657 [AppLog] INFO : 进入手动调试子模块！
2023-02-21 19:50:35,950 [AppLog] INFO : 手动负向JOG指令（8轴运控板卡系统） ====》：输出AXIS{第2轴},运动速度{50MM/s}
2023-02-21 19:50:36,231 [AppLog] INFO : 手动停止JOG输出（8轴运控板卡系统） ====》：输出AXIS{第2轴}
2023-02-21 19:50:36,433 [AppLog] INFO : 手动负向JOG指令（8轴运控板卡系统） ====》：输出AXIS{第2轴},运动速度{50MM/s}
2023-02-21 19:50:38,680 [AppLog] INFO : 手动停止JOG输出（8轴运控板卡系统） ====》：输出AXIS{第2轴}
2023-02-21 19:50:38,867 [AppLog] INFO : 手动负向JOG指令（8轴运控板卡系统） ====》：输出AXIS{第2轴},运动速度{50MM/s}
2023-02-21 19:50:38,961 [AppLog] INFO : 手动停止JOG输出（8轴运控板卡系统） ====》：输出AXIS{第2轴}
2023-02-21 19:50:39,070 [AppLog] INFO : 手动负向JOG指令（8轴运控板卡系统） ====》：输出AXIS{第2轴},运动速度{50MM/s}
2023-02-21 19:50:39,179 [AppLog] INFO : 手动停止JOG输出（8轴运控板卡系统） ====》：输出AXIS{第2轴}
2023-02-21 19:50:39,319 [AppLog] INFO : 手动负向JOG指令（8轴运控板卡系统） ====》：输出AXIS{第2轴},运动速度{50MM/s}
2023-02-21 19:50:39,429 [AppLog] INFO : 手动停止JOG输出（8轴运控板卡系统） ====》：输出AXIS{第2轴}
2023-02-21 19:50:39,522 [AppLog] INFO : 手动负向JOG指令（8轴运控板卡系统） ====》：输出AXIS{第2轴},运动速度{50MM/s}
2023-02-21 19:50:39,631 [AppLog] INFO : 手动停止JOG输出（8轴运控板卡系统） ====》：输出AXIS{第2轴}
2023-02-21 19:50:39,756 [AppLog] INFO : 手动负向JOG指令（8轴运控板卡系统） ====》：输出AXIS{第2轴},运动速度{50MM/s}
2023-02-21 19:50:39,850 [AppLog] INFO : 手动停止JOG输出（8轴运控板卡系统） ====》：输出AXIS{第2轴}
2023-02-21 19:50:40,146 [AppLog] INFO : 手动负向JOG指令（8轴运控板卡系统） ====》：输出AXIS{第2轴},运动速度{50MM/s}
2023-02-21 19:50:40,240 [AppLog] INFO : 手动停止JOG输出（8轴运控板卡系统） ====》：输出AXIS{第2轴}
2023-02-21 19:50:40,380 [AppLog] INFO : 手动负向JOG指令（8轴运控板卡系统） ====》：输出AXIS{第2轴},运动速度{50MM/s}
2023-02-21 19:50:40,474 [AppLog] INFO : 手动停止JOG输出（8轴运控板卡系统） ====》：输出AXIS{第2轴}
2023-02-21 19:50:40,833 [AppLog] INFO : 手动负向JOG指令（8轴运控板卡系统） ====》：输出AXIS{第2轴},运动速度{50MM/s}
2023-02-21 19:50:40,926 [AppLog] INFO : 手动停止JOG输出（8轴运控板卡系统） ====》：输出AXIS{第2轴}
2023-02-21 19:50:41,815 [AppLog] INFO : 手动负向JOG指令（8轴运控板卡系统） ====》：输出AXIS{第2轴},运动速度{50MM/s}
2023-02-21 19:50:41,893 [AppLog] INFO : 手动停止JOG输出（8轴运控板卡系统） ====》：输出AXIS{第2轴}
2023-02-21 19:50:44,483 [AppLog] INFO : 退出手动调试子模块，未执行修改
==========================================================================
2023-02-21 19:51:25,262 [AppLog] INFO : 软件及设备关停中止：手动取消关停
2023-02-21 19:51:26,260 [AppLog] INFO : 开启系统：板卡通讯，伺服供电，照明系统，UV/HR固化系统！
2023-02-21 19:51:27,290 [AppLog] INFO : 关闭系统：一键关闭系统开始！
2023-02-21 19:51:32,484 [AppLog] INFO : 关闭系统：一键关闭系统结束！
2023-02-21 19:51:32,500 [AppLog] INFO : 喷墨控制器的所有轴输出关闭！
2023-02-21 19:51:32,625 [AppLog] INFO : 喷墨控制器关闭！
2023-02-21 19:51:32,625 [AppLog] INFO : 进入电气控制模块
2023-02-21 19:51:34,434 [AppLog] INFO : 电气控制模块：手动关闭端口14
2023-02-21 19:51:35,698 [AppLog] INFO : 电气控制模块：手动关闭端口15
2023-02-21 19:51:36,743 [AppLog] INFO : 退出电气控制模块
2023-02-21 19:51:38,600 [AppLog] INFO : 软件及设备关停中：墨车所有方向运动确认停止（X,Y,Y2)： bImmeStop{False},nAxisMask{0x7}
2023-02-21 19:51:38,600 [AppLog] INFO : 软件及设备关停中：喷墨控制器板卡系统关闭（X,Y,Y2)：DEV_CloseDevice
2023-02-21 19:51:39,270 [AppLog] INFO : 软件及设备关停成功
==========================================================================
操作系统:{Microsoft Windows 7 旗舰版 }
运行环境:{ .Net Framework Enviroment Version 4.0.30319.42000}
盘符：D
CPU使用率：{28.5711%} ，可用内存大小:{14188MB}，硬盘剩余空间：
  盘符 C:\ 的剩余空间：82 GB
  盘符 D:\ 的剩余空间：97 GB
==========================================================================
