2023-04-18 10:56:13,193 [AppLog] INFO : 软件开机密码正确，登录成功1次
==========================================================================
操作系统:{Microsoft Windows 7 旗舰版 }
运行环境:{ .Net Framework Enviroment Version 4.0.30319.42000}
盘符：D
CPU使用率：{7.142478%} ，可用内存大小:{14231MB}，硬盘剩余空间：
  盘符 C:\ 的剩余空间：70 GB
  盘符 D:\ 的剩余空间：88 GB
  盘符 F:\ 的剩余空间：3 GB
硬件配置情况：
  CPU 厂家: GenuineIntel CPU 型号: Intel(R) Core(TM) i7-4770 CPU @ 3.40GHz
  内存条厂家: Kingston 内存条型号: 99P5471-043.A00LF 
  内存条厂家: Kingston 内存条型号: 99P5471-043.A00LF 
  硬盘厂家: (标准磁盘驱动器) 硬盘型号: Micron_1300_MTFDDAK256TDL ATA Device
  硬盘厂家: (标准磁盘驱动器) 硬盘型号: Generic Flash Disk USB Device
==========================================================================
2023-04-18 10:56:15,986 [AppLog] INFO : 开启系统：板卡通讯，伺服供电，照明系统，UV/HR固化系统！
2023-04-18 10:56:15,986 [AppLog] INFO : 开启系统：一键启动系统开始！
2023-04-18 10:56:22,085 [AppLog] INFO : 开启系统：一键启动系统结束！
2023-04-18 10:56:22,085 [AppLog] INFO : 初始化喷墨控制器启动！
2023-04-18 10:56:45,579 [AppLog] INFO : 打开喷墨控制器设备成功！
2023-04-18 10:56:45,610 [AppLog] INFO : 输入校准值1次{成功}，打印往返差校准值为：BiDirEncPrtOff{5},分频值{8},打印速度{300mm/s}
2023-04-18 10:56:48,324 [AppLog] INFO : 初始化喷墨控制器成功！
2023-04-18 10:56:48,324 [AppLog] INFO : 进入：EquipmentMotionLogic3=》准备创建对象-手动操作！
2023-04-18 10:56:48,527 [AppLog] INFO : 进入：EquipmentMotionLogic3=》创建完成-手动操作！
2023-04-18 10:58:26,199 [AppLog] INFO : 软件开机密码正确，登录成功1次
==========================================================================
操作系统:{Microsoft Windows 7 旗舰版 }
运行环境:{ .Net Framework Enviroment Version 4.0.30319.42000}
盘符：D
CPU使用率：{46.4283%} ，可用内存大小:{14205MB}，硬盘剩余空间：
  盘符 C:\ 的剩余空间：70 GB
  盘符 D:\ 的剩余空间：88 GB
  盘符 F:\ 的剩余空间：3 GB
硬件配置情况：
  CPU 厂家: GenuineIntel CPU 型号: Intel(R) Core(TM) i7-4770 CPU @ 3.40GHz
  内存条厂家: Kingston 内存条型号: 99P5471-043.A00LF 
  内存条厂家: Kingston 内存条型号: 99P5471-043.A00LF 
  硬盘厂家: (标准磁盘驱动器) 硬盘型号: Micron_1300_MTFDDAK256TDL ATA Device
  硬盘厂家: (标准磁盘驱动器) 硬盘型号: Generic Flash Disk USB Device
==========================================================================
2023-04-18 10:58:26,215 [AppLog] INFO : 开启系统：板卡通讯，伺服供电，照明系统，UV/HR固化系统！
2023-04-18 10:58:26,215 [AppLog] INFO : 开启系统：一键启动系统开始！
2023-04-18 10:58:32,299 [AppLog] INFO : 开启系统：一键启动系统结束！
2023-04-18 10:58:32,299 [AppLog] INFO : 初始化喷墨控制器启动！
2023-04-18 10:58:55,777 [AppLog] INFO : 打开喷墨控制器设备成功！
2023-04-18 10:58:55,808 [AppLog] INFO : 输入校准值1次{成功}，打印往返差校准值为：BiDirEncPrtOff{5},分频值{8},打印速度{300mm/s}
2023-04-18 10:58:59,926 [AppLog] INFO : 初始化喷墨控制器成功！
2023-04-18 10:58:59,926 [AppLog] INFO : 进入：EquipmentMotionLogic3=》准备创建对象-手动操作！
2023-04-18 10:59:00,082 [AppLog] INFO : 进入：EquipmentMotionLogic3=》创建完成-手动操作！
