2023-05-09 20:18:24,656 [AppLog] INFO : 进入数据加载模块
2023-05-09 20:18:26,894 [AppLog] INFO : 进入手动调试子模块！
2023-05-09 20:18:26,894 [AppLog] INFO : 进入：ManulBtn_Click=》准备创建对象-手动操作！
2023-05-09 20:18:26,931 [AppLog] INFO : 创建：ManualControl=》创建完成-手动操作！
2023-05-09 20:18:26,931 [AppLog] INFO : 加载成功：温控Modbus接口！
2023-05-09 20:18:31,519 [AppLog] INFO : 退出手动调试子模块，未执行修改
==========================================================================
2023-05-09 20:18:32,285 [AppLog] INFO : 开启系统：板卡通讯，伺服供电，照明系统，UV/HR固化系统！
2023-05-09 20:18:33,064 [AppLog] INFO : 关闭系统：一键关闭系统开始！
2023-05-09 20:18:39,197 [AppLog] INFO : 关闭系统：一键关闭系统结束！
2023-05-09 20:18:39,206 [AppLog] INFO : 喷墨控制器的所有轴输出关闭！
2023-05-09 20:18:39,269 [AppLog] INFO : 喷墨控制器关闭！
2023-05-09 20:18:39,270 [AppLog] INFO : 创建：AutoPrintMotion0=》不需重新创建-手动操作！
2023-05-09 20:18:39,279 [AppLog] INFO : 进入电气控制模块
2023-05-09 20:19:08,280 [AppLog] INFO : 退出电气控制模块
2023-05-09 20:19:09,060 [AppLog] INFO : 进入手动调试子模块！
2023-05-09 20:19:09,060 [AppLog] INFO : 进入：ManulBtn_Click=》准备创建对象-手动操作！
2023-05-09 20:19:09,096 [AppLog] INFO : 创建：ManualControl=》创建完成-手动操作！
2023-05-09 20:19:09,096 [AppLog] INFO : 加载成功：温控Modbus接口！
2023-05-09 20:19:12,256 [AppLog] INFO : 手动控制墨车运动开启：沿Y轴前侧方向运动 ↑↑↑：nAxis{{1}},Dir{{false}},nPlsSpeed{{{nSpeed}}},nPlsCount{{750000}},cControlFlag{{{nCtlValue}}}
2023-05-09 20:19:12,357 [AppLog] INFO : 手动控制墨车运动带减速停止：沿Y轴方向运动 ↑↑↑↓↓↓ ====: bImmeStop{{false}},nAxisMask{{0x2}}
2023-05-09 20:19:12,666 [AppLog] INFO : 手动控制墨车运动开启：沿Y轴前侧方向运动 ↑↑↑：nAxis{{1}},Dir{{false}},nPlsSpeed{{{nSpeed}}},nPlsCount{{750000}},cControlFlag{{{nCtlValue}}}
2023-05-09 20:19:12,820 [AppLog] INFO : 手动控制墨车运动带减速停止：沿Y轴方向运动 ↑↑↑↓↓↓ ====: bImmeStop{{false}},nAxisMask{{0x2}}
2023-05-09 20:19:13,996 [AppLog] INFO : 退出手动调试子模块,已执行修改
==========================================================================
2023-05-09 20:19:14,676 [AppLog] INFO : 开启系统：板卡通讯，伺服供电，照明系统，UV/HR固化系统！
2023-05-09 20:19:14,677 [AppLog] INFO : 开启系统：一键启动系统开始！
2023-05-09 20:19:20,678 [AppLog] INFO : 开启系统：一键启动系统结束！
2023-05-09 20:19:20,678 [AppLog] INFO : 创建：AutoPrintMotion0=》不需重新创建-手动操作！
2023-05-09 20:19:20,679 [AppLog] INFO : 初始化喷墨控制器启动！
2023-05-09 20:19:39,063 [AppLog] INFO : 打开喷墨控制器设备成功！
2023-05-09 20:19:39,101 [AppLog] INFO : 输入校准值1次{成功}，打印往返差校准值为：BiDirEncPrtOff{5},分频值{8},打印速度{300mm/s}
2023-05-09 20:19:41,515 [AppLog] INFO : 初始化喷墨控制器成功！
2023-05-09 20:19:41,515 [AppLog] INFO : 进入：EquipmentMotionLogic3=》准备创建对象-手动操作！
2023-05-09 20:19:41,549 [AppLog] INFO : 进入：EquipmentMotionLogic3=》创建完成-手动操作！
2023-05-09 20:19:41,658 [AppLog] INFO : 红外灯控制器485通讯建立！
2023-05-09 20:19:41,659 [AppLog] INFO : 进入电气控制模块
2023-05-09 20:19:42,236 [AppLog] INFO : 退出电气控制模块
2023-05-09 20:19:42,916 [AppLog] INFO : 进入手动调试子模块！
2023-05-09 20:19:42,916 [AppLog] INFO : 进入：ManulBtn_Click=》准备创建对象-手动操作！
2023-05-09 20:19:42,951 [AppLog] INFO : 创建：ManualControl=》创建完成-手动操作！
2023-05-09 20:19:42,951 [AppLog] INFO : 加载成功：温控Modbus接口！
2023-05-09 20:19:46,052 [AppLog] INFO : 手动控制墨车运动开启：沿Y轴前侧方向运动 ↑↑↑：nAxis{{1}},Dir{{false}},nPlsSpeed{{{nSpeed}}},nPlsCount{{750000}},cControlFlag{{{nCtlValue}}}
2023-05-09 20:19:46,505 [AppLog] INFO : 手动控制墨车运动带减速停止：沿Y轴方向运动 ↑↑↑↓↓↓ ====: bImmeStop{{false}},nAxisMask{{0x2}}
2023-05-09 20:19:46,755 [AppLog] INFO : 手动控制墨车运动开启：沿Y轴前侧方向运动 ↑↑↑：nAxis{{1}},Dir{{false}},nPlsSpeed{{{nSpeed}}},nPlsCount{{750000}},cControlFlag{{{nCtlValue}}}
2023-05-09 20:19:47,487 [AppLog] INFO : 手动控制墨车运动带减速停止：沿Y轴方向运动 ↑↑↑↓↓↓ ====: bImmeStop{{false}},nAxisMask{{0x2}}
2023-05-09 20:19:48,721 [AppLog] INFO : 手动控制墨车运动开启：沿Y轴前侧方向运动 ↑↑↑：nAxis{{1}},Dir{{false}},nPlsSpeed{{{nSpeed}}},nPlsCount{{750000}},cControlFlag{{{nCtlValue}}}
2023-05-09 20:19:48,984 [AppLog] INFO : 手动控制墨车运动带减速停止：沿Y轴方向运动 ↑↑↑↓↓↓ ====: bImmeStop{{false}},nAxisMask{{0x2}}
2023-05-09 20:19:49,438 [AppLog] INFO : 手动控制墨车运动开启：沿X轴左侧方向运动 《====：nAxis{{0}},Dir{{false}},nPlsSpeed{{{nSpeed}}},nPlsCount{{750000}},cControlFlag{{{nCtlValue}}}
2023-05-09 20:19:49,686 [AppLog] INFO : 手动控制墨车运动带减速停止：沿X轴方向运动 ====》《=== ====: bImmeStop{false},nAxisMask{0x1}
2023-05-09 20:19:49,906 [AppLog] INFO : 手动控制墨车运动开启：沿X轴左侧方向运动 《====：nAxis{{0}},Dir{{false}},nPlsSpeed{{{nSpeed}}},nPlsCount{{750000}},cControlFlag{{{nCtlValue}}}
2023-05-09 20:19:50,210 [AppLog] INFO : 手动控制墨车运动带减速停止：沿X轴方向运动 ====》《=== ====: bImmeStop{false},nAxisMask{0x1}
2023-05-09 20:20:26,489 [AppLog] INFO : 手动控制墨车运动开启：沿Y轴后侧方向运动 ↓↓↓：nAxis{{1}},Dir{{true}},nPlsSpeed{{{nSpeed}}},nPlsCount{{750000}},cControlFlag{{{nCtlValue}}}
2023-05-09 20:20:27,729 [AppLog] INFO : 手动控制墨车运动带减速停止：沿Y轴方向运动 ↑↑↑↓↓↓ ====: bImmeStop{{false}},nAxisMask{{0x2}}
2023-05-09 20:20:41,106 [AppLog] INFO : 手动控制墨车运动开启：沿Y轴前侧方向运动 ↑↑↑：nAxis{{1}},Dir{{false}},nPlsSpeed{{{nSpeed}}},nPlsCount{{750000}},cControlFlag{{{nCtlValue}}}
2023-05-09 20:20:42,140 [AppLog] INFO : 手动控制墨车运动带减速停止：沿Y轴方向运动 ↑↑↑↓↓↓ ====: bImmeStop{{false}},nAxisMask{{0x2}}
2023-05-09 20:21:04,038 [AppLog] INFO : 手动控制墨车运动开启：沿Y轴前侧方向运动 ↑↑↑：nAxis{{1}},Dir{{false}},nPlsSpeed{{{nSpeed}}},nPlsCount{{750000}},cControlFlag{{{nCtlValue}}}
2023-05-09 20:21:04,145 [AppLog] INFO : 手动控制墨车运动带减速停止：沿Y轴方向运动 ↑↑↑↓↓↓ ====: bImmeStop{{false}},nAxisMask{{0x2}}
2023-05-09 20:21:07,267 [AppLog] INFO : 手动控制墨车运动开启：沿Y轴前侧方向运动 ↑↑↑：nAxis{{1}},Dir{{false}},nPlsSpeed{{{nSpeed}}},nPlsCount{{750000}},cControlFlag{{{nCtlValue}}}
2023-05-09 20:21:07,367 [AppLog] INFO : 手动控制墨车运动带减速停止：沿Y轴方向运动 ↑↑↑↓↓↓ ====: bImmeStop{{false}},nAxisMask{{0x2}}
2023-05-09 20:21:07,672 [AppLog] INFO : 手动控制墨车运动开启：沿Y轴前侧方向运动 ↑↑↑：nAxis{{1}},Dir{{false}},nPlsSpeed{{{nSpeed}}},nPlsCount{{750000}},cControlFlag{{{nCtlValue}}}
2023-05-09 20:21:07,766 [AppLog] INFO : 手动控制墨车运动带减速停止：沿Y轴方向运动 ↑↑↑↓↓↓ ====: bImmeStop{{false}},nAxisMask{{0x2}}
2023-05-09 20:21:07,906 [AppLog] INFO : 手动控制墨车运动开启：沿Y轴前侧方向运动 ↑↑↑：nAxis{{1}},Dir{{false}},nPlsSpeed{{{nSpeed}}},nPlsCount{{750000}},cControlFlag{{{nCtlValue}}}
2023-05-09 20:21:07,982 [AppLog] INFO : 手动控制墨车运动带减速停止：沿Y轴方向运动 ↑↑↑↓↓↓ ====: bImmeStop{{false}},nAxisMask{{0x2}}
2023-05-09 20:21:08,265 [AppLog] INFO : 手动控制墨车运动开启：沿Y轴前侧方向运动 ↑↑↑：nAxis{{1}},Dir{{false}},nPlsSpeed{{{nSpeed}}},nPlsCount{{750000}},cControlFlag{{{nCtlValue}}}
2023-05-09 20:21:08,370 [AppLog] INFO : 手动控制墨车运动带减速停止：沿Y轴方向运动 ↑↑↑↓↓↓ ====: bImmeStop{{false}},nAxisMask{{0x2}}
2023-05-09 20:21:09,716 [AppLog] INFO : 手动控制墨车运动开启：沿Y轴前侧方向运动 ↑↑↑：nAxis{{1}},Dir{{false}},nPlsSpeed{{{nSpeed}}},nPlsCount{{750000}},cControlFlag{{{nCtlValue}}}
2023-05-09 20:21:09,778 [AppLog] INFO : 手动控制墨车运动带减速停止：沿Y轴方向运动 ↑↑↑↓↓↓ ====: bImmeStop{{false}},nAxisMask{{0x2}}
2023-05-09 20:21:10,262 [AppLog] INFO : 手动控制墨车运动开启：沿X轴左侧方向运动 《====：nAxis{{0}},Dir{{false}},nPlsSpeed{{{nSpeed}}},nPlsCount{{750000}},cControlFlag{{{nCtlValue}}}
2023-05-09 20:21:10,332 [AppLog] INFO : 手动控制墨车运动带减速停止：沿X轴方向运动 ====》《=== ====: bImmeStop{false},nAxisMask{0x1}
2023-05-09 20:21:10,465 [AppLog] INFO : 手动控制墨车运动开启：沿X轴左侧方向运动 《====：nAxis{{0}},Dir{{false}},nPlsSpeed{{{nSpeed}}},nPlsCount{{750000}},cControlFlag{{{nCtlValue}}}
2023-05-09 20:21:10,564 [AppLog] INFO : 手动控制墨车运动带减速停止：沿X轴方向运动 ====》《=== ====: bImmeStop{false},nAxisMask{0x1}
2023-05-09 20:21:10,683 [AppLog] INFO : 手动控制墨车运动开启：沿X轴左侧方向运动 《====：nAxis{{0}},Dir{{false}},nPlsSpeed{{{nSpeed}}},nPlsCount{{750000}},cControlFlag{{{nCtlValue}}}
2023-05-09 20:21:10,781 [AppLog] INFO : 手动控制墨车运动带减速停止：沿X轴方向运动 ====》《=== ====: bImmeStop{false},nAxisMask{0x1}
2023-05-09 20:21:10,886 [AppLog] INFO : 手动控制墨车运动开启：沿X轴左侧方向运动 《====：nAxis{{0}},Dir{{false}},nPlsSpeed{{{nSpeed}}},nPlsCount{{750000}},cControlFlag{{{nCtlValue}}}
2023-05-09 20:21:10,979 [AppLog] INFO : 手动控制墨车运动带减速停止：沿X轴方向运动 ====》《=== ====: bImmeStop{false},nAxisMask{0x1}
2023-05-09 20:21:11,214 [AppLog] INFO : 手动控制墨车运动开启：沿X轴左侧方向运动 《====：nAxis{{0}},Dir{{false}},nPlsSpeed{{{nSpeed}}},nPlsCount{{750000}},cControlFlag{{{nCtlValue}}}
2023-05-09 20:21:11,245 [AppLog] INFO : 手动控制墨车运动带减速停止：沿X轴方向运动 ====》《=== ====: bImmeStop{false},nAxisMask{0x1}
2023-05-09 20:21:29,575 [AppLog] INFO : 手动控制墨车运动开启，沿X轴右侧方向运动 ====》：nAxis{0},Dir{true},nPlsSpeed{50000},nPlsCount{750000},cControlFlag{2}
2023-05-09 20:21:29,969 [AppLog] INFO : 手动控制墨车运动带减速停止：沿X轴方向运动 ====》《=== ====: bImmeStop{false},nAxisMask{0x1}
2023-05-09 20:21:35,722 [AppLog] INFO : 手动控制墨车运动开启：沿Y轴前侧方向运动 ↑↑↑：nAxis{{1}},Dir{{false}},nPlsSpeed{{{nSpeed}}},nPlsCount{{750000}},cControlFlag{{{nCtlValue}}}
2023-05-09 20:21:36,252 [AppLog] INFO : 手动控制墨车运动带减速停止：沿Y轴方向运动 ↑↑↑↓↓↓ ====: bImmeStop{{false}},nAxisMask{{0x2}}
2023-05-09 20:21:58,794 [AppLog] INFO : 手动控制墨车运动开启：沿Y轴后侧方向运动 ↓↓↓：nAxis{{1}},Dir{{true}},nPlsSpeed{{{nSpeed}}},nPlsCount{{750000}},cControlFlag{{{nCtlValue}}}
2023-05-09 20:22:00,718 [AppLog] INFO : 手动控制墨车运动带减速停止：沿Y轴方向运动 ↑↑↑↓↓↓ ====: bImmeStop{{false}},nAxisMask{{0x2}}
2023-05-09 20:22:01,618 [AppLog] INFO : 手动控制墨车运动开启，沿X轴右侧方向运动 ====》：nAxis{0},Dir{true},nPlsSpeed{50000},nPlsCount{750000},cControlFlag{2}
2023-05-09 20:22:02,269 [AppLog] INFO : 手动控制墨车运动带减速停止：沿X轴方向运动 ====》《=== ====: bImmeStop{false},nAxisMask{0x1}
2023-05-09 20:22:02,756 [AppLog] INFO : 手动控制墨车运动开启，沿X轴右侧方向运动 ====》：nAxis{0},Dir{true},nPlsSpeed{50000},nPlsCount{750000},cControlFlag{2}
2023-05-09 20:22:02,868 [AppLog] INFO : 手动控制墨车运动带减速停止：沿X轴方向运动 ====》《=== ====: bImmeStop{false},nAxisMask{0x1}
2023-05-09 20:22:26,781 [AppLog] INFO : 手动控制墨车运动开启：沿Y轴后侧方向运动 ↓↓↓：nAxis{{1}},Dir{{true}},nPlsSpeed{{{nSpeed}}},nPlsCount{{750000}},cControlFlag{{{nCtlValue}}}
2023-05-09 20:22:27,086 [AppLog] INFO : 手动控制墨车运动带减速停止：沿Y轴方向运动 ↑↑↑↓↓↓ ====: bImmeStop{{false}},nAxisMask{{0x2}}
2023-05-09 20:22:27,374 [AppLog] INFO : 手动控制墨车运动开启：沿Y轴后侧方向运动 ↓↓↓：nAxis{{1}},Dir{{true}},nPlsSpeed{{{nSpeed}}},nPlsCount{{750000}},cControlFlag{{{nCtlValue}}}
2023-05-09 20:22:27,517 [AppLog] INFO : 手动控制墨车运动带减速停止：沿Y轴方向运动 ↑↑↑↓↓↓ ====: bImmeStop{{false}},nAxisMask{{0x2}}
2023-05-09 20:22:27,764 [AppLog] INFO : 手动控制墨车运动开启：沿Y轴后侧方向运动 ↓↓↓：nAxis{{1}},Dir{{true}},nPlsSpeed{{{nSpeed}}},nPlsCount{{750000}},cControlFlag{{{nCtlValue}}}
2023-05-09 20:22:27,871 [AppLog] INFO : 手动控制墨车运动带减速停止：沿Y轴方向运动 ↑↑↑↓↓↓ ====: bImmeStop{{false}},nAxisMask{{0x2}}
2023-05-09 20:22:28,060 [AppLog] INFO : 手动控制墨车运动开启：沿Y轴后侧方向运动 ↓↓↓：nAxis{{1}},Dir{{true}},nPlsSpeed{{{nSpeed}}},nPlsCount{{750000}},cControlFlag{{{nCtlValue}}}
2023-05-09 20:22:28,076 [AppLog] INFO : 手动控制墨车运动带减速停止：沿Y轴方向运动 ↑↑↑↓↓↓ ====: bImmeStop{{false}},nAxisMask{{0x2}}
2023-05-09 20:22:42,865 [AppLog] INFO : 手动控制墨车运动开启：沿Y轴前侧方向运动 ↑↑↑：nAxis{{1}},Dir{{false}},nPlsSpeed{{{nSpeed}}},nPlsCount{{750000}},cControlFlag{{{nCtlValue}}}
2023-05-09 20:22:46,885 [AppLog] INFO : 手动控制墨车运动带减速停止：沿Y轴方向运动 ↑↑↑↓↓↓ ====: bImmeStop{{false}},nAxisMask{{0x2}}
2023-05-09 20:22:52,235 [AppLog] INFO : 切换为JOG模式====》：输出AXIS{第4轴}
2023-05-09 20:22:52,903 [AppLog] INFO : 手动负向JOG指令（8轴运控板卡系统） ====》：输出AXIS{第4轴},运动速度{1MM/s}
2023-05-09 20:22:52,949 [AppLog] INFO : 手动停止JOG输出（8轴运控板卡系统） ====》：输出AXIS{第4轴}
2023-05-09 20:22:54,087 [AppLog] INFO : 手动正向JOG指令（8轴运控板卡系统） ====》：输出AXIS{第4轴},运动速度{1MM/s}
2023-05-09 20:22:54,142 [AppLog] INFO : 手动停止JOG输出（8轴运控板卡系统） ====》：输出AXIS{第4轴}
2023-05-09 20:22:54,411 [AppLog] INFO : 手动正向JOG指令（8轴运控板卡系统） ====》：输出AXIS{第4轴},运动速度{1MM/s}
2023-05-09 20:22:54,491 [AppLog] INFO : 手动停止JOG输出（8轴运控板卡系统） ====》：输出AXIS{第4轴}
2023-05-09 20:22:54,598 [AppLog] INFO : 手动正向JOG指令（8轴运控板卡系统） ====》：输出AXIS{第4轴},运动速度{1MM/s}
2023-05-09 20:22:54,701 [AppLog] INFO : 手动停止JOG输出（8轴运控板卡系统） ====》：输出AXIS{第4轴}
2023-05-09 20:22:54,813 [AppLog] INFO : 手动正向JOG指令（8轴运控板卡系统） ====》：输出AXIS{第4轴},运动速度{1MM/s}
2023-05-09 20:22:54,910 [AppLog] INFO : 手动停止JOG输出（8轴运控板卡系统） ====》：输出AXIS{第4轴}
2023-05-09 20:22:55,012 [AppLog] INFO : 手动正向JOG指令（8轴运控板卡系统） ====》：输出AXIS{第4轴},运动速度{1MM/s}
2023-05-09 20:22:55,077 [AppLog] INFO : 手动停止JOG输出（8轴运控板卡系统） ====》：输出AXIS{第4轴}
2023-05-09 20:22:57,725 [AppLog] INFO : 手动负向JOG指令（8轴运控板卡系统） ====》：输出AXIS{第4轴},运动速度{1MM/s}
2023-05-09 20:22:57,819 [AppLog] INFO : 手动停止JOG输出（8轴运控板卡系统） ====》：输出AXIS{第4轴}
2023-05-09 20:23:01,538 [AppLog] INFO : 手动控制墨车运动开启，沿X轴右侧方向运动 ====》：nAxis{0},Dir{true},nPlsSpeed{50000},nPlsCount{750000},cControlFlag{2}
2023-05-09 20:23:01,605 [AppLog] INFO : 手动控制墨车运动带减速停止：沿X轴方向运动 ====》《=== ====: bImmeStop{false},nAxisMask{0x1}
2023-05-09 20:23:02,022 [AppLog] INFO : 手动控制墨车运动开启，沿X轴右侧方向运动 ====》：nAxis{0},Dir{true},nPlsSpeed{50000},nPlsCount{750000},cControlFlag{2}
2023-05-09 20:23:02,135 [AppLog] INFO : 手动控制墨车运动带减速停止：沿X轴方向运动 ====》《=== ====: bImmeStop{false},nAxisMask{0x1}
2023-05-09 20:23:02,614 [AppLog] INFO : 手动控制墨车运动开启，沿X轴右侧方向运动 ====》：nAxis{0},Dir{true},nPlsSpeed{50000},nPlsCount{750000},cControlFlag{2}
2023-05-09 20:23:02,673 [AppLog] INFO : 手动控制墨车运动带减速停止：沿X轴方向运动 ====》《=== ====: bImmeStop{false},nAxisMask{0x1}
2023-05-09 20:23:05,232 [AppLog] INFO : 手动正向JOG指令（8轴运控板卡系统） ====》：输出AXIS{第4轴},运动速度{1MM/s}
2023-05-09 20:23:05,316 [AppLog] INFO : 手动停止JOG输出（8轴运控板卡系统） ====》：输出AXIS{第4轴}
2023-05-09 20:23:05,798 [AppLog] INFO : 手动正向JOG指令（8轴运控板卡系统） ====》：输出AXIS{第4轴},运动速度{1MM/s}
2023-05-09 20:23:05,840 [AppLog] INFO : 手动停止JOG输出（8轴运控板卡系统） ====》：输出AXIS{第4轴}
2023-05-09 20:23:49,015 [AppLog] INFO : 手动负向JOG指令（8轴运控板卡系统） ====》：输出AXIS{第7轴},运动速度{1MM/s}
2023-05-09 20:23:49,096 [AppLog] INFO : 手动停止JOG输出（8轴运控板卡系统） ====》：输出AXIS{第7轴}
2023-05-09 20:23:49,402 [AppLog] INFO : 手动负向JOG指令（8轴运控板卡系统） ====》：输出AXIS{第7轴},运动速度{1MM/s}
2023-05-09 20:23:49,539 [AppLog] INFO : 手动停止JOG输出（8轴运控板卡系统） ====》：输出AXIS{第7轴}
2023-05-09 20:23:49,714 [AppLog] INFO : 手动负向JOG指令（8轴运控板卡系统） ====》：输出AXIS{第7轴},运动速度{1MM/s}
2023-05-09 20:23:49,852 [AppLog] INFO : 手动停止JOG输出（8轴运控板卡系统） ====》：输出AXIS{第7轴}
2023-05-09 20:23:49,966 [AppLog] INFO : 手动负向JOG指令（8轴运控板卡系统） ====》：输出AXIS{第7轴},运动速度{1MM/s}
2023-05-09 20:23:50,109 [AppLog] INFO : 手动停止JOG输出（8轴运控板卡系统） ====》：输出AXIS{第7轴}
2023-05-09 20:23:50,366 [AppLog] INFO : 手动负向JOG指令（8轴运控板卡系统） ====》：输出AXIS{第7轴},运动速度{1MM/s}
2023-05-09 20:23:50,482 [AppLog] INFO : 手动停止JOG输出（8轴运控板卡系统） ====》：输出AXIS{第7轴}
2023-05-09 20:23:50,846 [AppLog] INFO : 手动负向JOG指令（8轴运控板卡系统） ====》：输出AXIS{第7轴},运动速度{1MM/s}
2023-05-09 20:23:50,987 [AppLog] INFO : 手动停止JOG输出（8轴运控板卡系统） ====》：输出AXIS{第7轴}
2023-05-09 20:23:52,333 [AppLog] INFO : 手动负向JOG指令（8轴运控板卡系统） ====》：输出AXIS{第7轴},运动速度{1MM/s}
2023-05-09 20:23:52,447 [AppLog] INFO : 手动停止JOG输出（8轴运控板卡系统） ====》：输出AXIS{第7轴}
2023-05-09 20:23:52,662 [AppLog] INFO : 手动负向JOG指令（8轴运控板卡系统） ====》：输出AXIS{第7轴},运动速度{1MM/s}
2023-05-09 20:23:52,775 [AppLog] INFO : 手动停止JOG输出（8轴运控板卡系统） ====》：输出AXIS{第7轴}
2023-05-09 20:23:52,880 [AppLog] INFO : 手动负向JOG指令（8轴运控板卡系统） ====》：输出AXIS{第7轴},运动速度{1MM/s}
2023-05-09 20:23:53,011 [AppLog] INFO : 手动停止JOG输出（8轴运控板卡系统） ====》：输出AXIS{第7轴}
2023-05-09 20:23:53,096 [AppLog] INFO : 手动负向JOG指令（8轴运控板卡系统） ====》：输出AXIS{第7轴},运动速度{1MM/s}
2023-05-09 20:23:53,226 [AppLog] INFO : 手动停止JOG输出（8轴运控板卡系统） ====》：输出AXIS{第7轴}
2023-05-09 20:23:56,187 [AppLog] INFO : 手动负向JOG指令（8轴运控板卡系统） ====》：输出AXIS{第7轴},运动速度{1MM/s}
2023-05-09 20:23:56,282 [AppLog] INFO : 手动停止JOG输出（8轴运控板卡系统） ====》：输出AXIS{第7轴}
2023-05-09 20:23:56,482 [AppLog] INFO : 手动负向JOG指令（8轴运控板卡系统） ====》：输出AXIS{第7轴},运动速度{1MM/s}
2023-05-09 20:23:56,614 [AppLog] INFO : 手动停止JOG输出（8轴运控板卡系统） ====》：输出AXIS{第7轴}
2023-05-09 20:23:56,828 [AppLog] INFO : 手动负向JOG指令（8轴运控板卡系统） ====》：输出AXIS{第7轴},运动速度{1MM/s}
2023-05-09 20:23:56,926 [AppLog] INFO : 手动停止JOG输出（8轴运控板卡系统） ====》：输出AXIS{第7轴}
2023-05-09 20:23:57,162 [AppLog] INFO : 手动负向JOG指令（8轴运控板卡系统） ====》：输出AXIS{第7轴},运动速度{1MM/s}
2023-05-09 20:23:57,270 [AppLog] INFO : 手动停止JOG输出（8轴运控板卡系统） ====》：输出AXIS{第7轴}
2023-05-09 20:23:57,787 [AppLog] INFO : 手动负向JOG指令（8轴运控板卡系统） ====》：输出AXIS{第7轴},运动速度{1MM/s}
2023-05-09 20:23:57,811 [AppLog] INFO : 手动停止JOG输出（8轴运控板卡系统） ====》：输出AXIS{第7轴}
2023-05-09 20:27:18,908 [AppLog] INFO : 手动控制墨车运动开启：沿Y轴前侧方向运动 ↑↑↑：nAxis{{1}},Dir{{false}},nPlsSpeed{{{nSpeed}}},nPlsCount{{750000}},cControlFlag{{{nCtlValue}}}
2023-05-09 20:27:20,437 [AppLog] INFO : 手动控制墨车运动带减速停止：沿Y轴方向运动 ↑↑↑↓↓↓ ====: bImmeStop{{false}},nAxisMask{{0x2}}
2023-05-09 20:27:20,686 [AppLog] INFO : 手动控制墨车运动开启：沿Y轴前侧方向运动 ↑↑↑：nAxis{{1}},Dir{{false}},nPlsSpeed{{{nSpeed}}},nPlsCount{{750000}},cControlFlag{{{nCtlValue}}}
2023-05-09 20:27:21,314 [AppLog] INFO : 手动控制墨车运动带减速停止：沿Y轴方向运动 ↑↑↑↓↓↓ ====: bImmeStop{{false}},nAxisMask{{0x2}}
2023-05-09 20:27:21,529 [AppLog] INFO : 手动控制墨车运动开启：沿Y轴前侧方向运动 ↑↑↑：nAxis{{1}},Dir{{false}},nPlsSpeed{{{nSpeed}}},nPlsCount{{750000}},cControlFlag{{{nCtlValue}}}
2023-05-09 20:27:21,967 [AppLog] INFO : 手动控制墨车运动带减速停止：沿Y轴方向运动 ↑↑↑↓↓↓ ====: bImmeStop{{false}},nAxisMask{{0x2}}
2023-05-09 20:27:24,010 [AppLog] INFO : 手动控制墨车运动开启：沿Y轴前侧方向运动 ↑↑↑：nAxis{{1}},Dir{{false}},nPlsSpeed{{{nSpeed}}},nPlsCount{{750000}},cControlFlag{{{nCtlValue}}}
2023-05-09 20:27:24,137 [AppLog] INFO : 手动控制墨车运动带减速停止：沿Y轴方向运动 ↑↑↑↓↓↓ ====: bImmeStop{{false}},nAxisMask{{0x2}}
2023-05-09 20:27:24,540 [AppLog] INFO : 手动控制墨车运动开启：沿Y轴后侧方向运动 ↓↓↓：nAxis{{1}},Dir{{true}},nPlsSpeed{{{nSpeed}}},nPlsCount{{750000}},cControlFlag{{{nCtlValue}}}
2023-05-09 20:27:24,640 [AppLog] INFO : 手动控制墨车运动带减速停止：沿Y轴方向运动 ↑↑↑↓↓↓ ====: bImmeStop{{false}},nAxisMask{{0x2}}
2023-05-09 20:27:25,351 [AppLog] INFO : 手动控制墨车运动开启：沿Y轴后侧方向运动 ↓↓↓：nAxis{{1}},Dir{{true}},nPlsSpeed{{{nSpeed}}},nPlsCount{{750000}},cControlFlag{{{nCtlValue}}}
2023-05-09 20:27:25,398 [AppLog] INFO : 手动控制墨车运动带减速停止：沿Y轴方向运动 ↑↑↑↓↓↓ ====: bImmeStop{{false}},nAxisMask{{0x2}}
2023-05-09 20:27:25,772 [AppLog] INFO : 手动控制墨车运动开启：沿Y轴后侧方向运动 ↓↓↓：nAxis{{1}},Dir{{true}},nPlsSpeed{{{nSpeed}}},nPlsCount{{750000}},cControlFlag{{{nCtlValue}}}
2023-05-09 20:27:26,101 [AppLog] INFO : 手动控制墨车运动带减速停止：沿Y轴方向运动 ↑↑↑↓↓↓ ====: bImmeStop{{false}},nAxisMask{{0x2}}
2023-05-09 20:32:20,521 [AppLog] INFO : 手动控制墨车运动开启，沿X轴右侧方向运动 ====》：nAxis{0},Dir{true},nPlsSpeed{50000},nPlsCount{750000},cControlFlag{2}
2023-05-09 20:32:20,602 [AppLog] INFO : 手动控制墨车运动带减速停止：沿X轴方向运动 ====》《=== ====: bImmeStop{false},nAxisMask{0x1}
2023-05-09 20:32:21,082 [AppLog] INFO : 手动控制墨车运动开启，沿X轴右侧方向运动 ====》：nAxis{0},Dir{true},nPlsSpeed{50000},nPlsCount{750000},cControlFlag{2}
2023-05-09 20:32:21,176 [AppLog] INFO : 手动控制墨车运动带减速停止：沿X轴方向运动 ====》《=== ====: bImmeStop{false},nAxisMask{0x1}
2023-05-09 20:32:21,706 [AppLog] INFO : 手动控制墨车运动开启，沿X轴右侧方向运动 ====》：nAxis{0},Dir{true},nPlsSpeed{50000},nPlsCount{750000},cControlFlag{2}
2023-05-09 20:32:21,804 [AppLog] INFO : 手动控制墨车运动带减速停止：沿X轴方向运动 ====》《=== ====: bImmeStop{false},nAxisMask{0x1}
2023-05-09 20:33:22,344 [AppLog] INFO : 手动控制墨车运动开启，沿X轴右侧方向运动 ====》：nAxis{0},Dir{true},nPlsSpeed{50000},nPlsCount{750000},cControlFlag{2}
2023-05-09 20:33:22,411 [AppLog] INFO : 手动控制墨车运动带减速停止：沿X轴方向运动 ====》《=== ====: bImmeStop{false},nAxisMask{0x1}
2023-05-09 20:33:23,732 [AppLog] INFO : 手动控制墨车运动开启：沿Y轴后侧方向运动 ↓↓↓：nAxis{{1}},Dir{{true}},nPlsSpeed{{{nSpeed}}},nPlsCount{{750000}},cControlFlag{{{nCtlValue}}}
2023-05-09 20:33:24,097 [AppLog] INFO : 手动控制墨车运动带减速停止：沿Y轴方向运动 ↑↑↑↓↓↓ ====: bImmeStop{{false}},nAxisMask{{0x2}}
2023-05-09 20:33:26,384 [AppLog] INFO : 手动控制墨车运动开启：沿Y轴后侧方向运动 ↓↓↓：nAxis{{1}},Dir{{true}},nPlsSpeed{{{nSpeed}}},nPlsCount{{750000}},cControlFlag{{{nCtlValue}}}
2023-05-09 20:33:26,599 [AppLog] INFO : 手动控制墨车运动带减速停止：沿Y轴方向运动 ↑↑↑↓↓↓ ====: bImmeStop{{false}},nAxisMask{{0x2}}
2023-05-09 20:33:27,070 [AppLog] INFO : 手动控制墨车运动开启：沿X轴左侧方向运动 《====：nAxis{{0}},Dir{{false}},nPlsSpeed{{{nSpeed}}},nPlsCount{{750000}},cControlFlag{{{nCtlValue}}}
2023-05-09 20:33:27,250 [AppLog] INFO : 手动控制墨车运动带减速停止：沿X轴方向运动 ====》《=== ====: bImmeStop{false},nAxisMask{0x1}
2023-05-09 20:33:28,615 [AppLog] INFO : 手动控制墨车运动开启，沿X轴右侧方向运动 ====》：nAxis{0},Dir{true},nPlsSpeed{50000},nPlsCount{750000},cControlFlag{2}
2023-05-09 20:33:28,718 [AppLog] INFO : 手动控制墨车运动带减速停止：沿X轴方向运动 ====》《=== ====: bImmeStop{false},nAxisMask{0x1}
2023-05-09 20:33:29,177 [AppLog] INFO : 手动控制墨车运动开启，沿X轴右侧方向运动 ====》：nAxis{0},Dir{true},nPlsSpeed{50000},nPlsCount{750000},cControlFlag{2}
2023-05-09 20:33:29,227 [AppLog] INFO : 手动控制墨车运动带减速停止：沿X轴方向运动 ====》《=== ====: bImmeStop{false},nAxisMask{0x1}
2023-05-09 20:33:30,844 [AppLog] INFO : 退出手动调试子模块,已执行修改
==========================================================================
2023-05-09 20:33:43,794 [AppLog] INFO : 进入手动调试子模块！
2023-05-09 20:33:43,795 [AppLog] INFO : 进入：ManulBtn_Click=》准备创建对象-手动操作！
2023-05-09 20:33:43,830 [AppLog] INFO : 创建：ManualControl=》创建完成-手动操作！
2023-05-09 20:33:43,830 [AppLog] INFO : 加载成功：温控Modbus接口！
2023-05-09 20:33:46,509 [AppLog] INFO : 手动控制墨车运动开启：沿Y轴后侧方向运动 ↓↓↓：nAxis{{1}},Dir{{true}},nPlsSpeed{{{nSpeed}}},nPlsCount{{750000}},cControlFlag{{{nCtlValue}}}
2023-05-09 20:33:46,640 [AppLog] INFO : 手动控制墨车运动带减速停止：沿Y轴方向运动 ↑↑↑↓↓↓ ====: bImmeStop{{false}},nAxisMask{{0x2}}
2023-05-09 20:33:47,507 [AppLog] INFO : 手动控制墨车运动开启：沿Y轴后侧方向运动 ↓↓↓：nAxis{{1}},Dir{{true}},nPlsSpeed{{{nSpeed}}},nPlsCount{{750000}},cControlFlag{{{nCtlValue}}}
2023-05-09 20:33:47,871 [AppLog] INFO : 手动控制墨车运动带减速停止：沿Y轴方向运动 ↑↑↑↓↓↓ ====: bImmeStop{{false}},nAxisMask{{0x2}}
2023-05-09 20:33:49,317 [AppLog] INFO : 手动控制墨车运动开启：沿X轴左侧方向运动 《====：nAxis{{0}},Dir{{false}},nPlsSpeed{{{nSpeed}}},nPlsCount{{750000}},cControlFlag{{{nCtlValue}}}
2023-05-09 20:33:49,393 [AppLog] INFO : 手动控制墨车运动带减速停止：沿X轴方向运动 ====》《=== ====: bImmeStop{false},nAxisMask{0x1}
2023-05-09 20:33:50,611 [AppLog] INFO : 手动控制墨车运动开启：沿Y轴后侧方向运动 ↓↓↓：nAxis{{1}},Dir{{true}},nPlsSpeed{{{nSpeed}}},nPlsCount{{750000}},cControlFlag{{{nCtlValue}}}
2023-05-09 20:33:50,782 [AppLog] INFO : 手动控制墨车运动带减速停止：沿Y轴方向运动 ↑↑↑↓↓↓ ====: bImmeStop{{false}},nAxisMask{{0x2}}
2023-05-09 20:33:51,017 [AppLog] INFO : 手动控制墨车运动开启：沿Y轴后侧方向运动 ↓↓↓：nAxis{{1}},Dir{{true}},nPlsSpeed{{{nSpeed}}},nPlsCount{{750000}},cControlFlag{{{nCtlValue}}}
2023-05-09 20:33:51,150 [AppLog] INFO : 手动控制墨车运动带减速停止：沿Y轴方向运动 ↑↑↑↓↓↓ ====: bImmeStop{{false}},nAxisMask{{0x2}}
2023-05-09 20:33:53,332 [AppLog] INFO : 退出手动调试子模块,已执行修改
==========================================================================
2023-05-09 20:33:54,418 [AppLog] INFO : 开启系统：板卡通讯，伺服供电，照明系统，UV/HR固化系统！
2023-05-09 20:33:56,012 [AppLog] INFO : 关闭系统：一键关闭系统开始！
2023-05-09 20:34:02,132 [AppLog] INFO : 关闭系统：一键关闭系统结束！
2023-05-09 20:34:02,141 [AppLog] INFO : 喷墨控制器的所有轴输出关闭！
2023-05-09 20:34:02,263 [AppLog] INFO : 喷墨控制器关闭！
2023-05-09 20:34:02,264 [AppLog] INFO : 创建：AutoPrintMotion0=》不需重新创建-手动操作！
2023-05-09 20:34:02,265 [AppLog] INFO : 进入电气控制模块
2023-05-09 20:34:04,339 [AppLog] INFO : 退出电气控制模块
2023-05-09 20:34:05,240 [AppLog] INFO : 开启系统：板卡通讯，伺服供电，照明系统，UV/HR固化系统！
2023-05-09 20:34:05,241 [AppLog] INFO : 开启系统：一键启动系统开始！
2023-05-09 20:34:11,242 [AppLog] INFO : 开启系统：一键启动系统结束！
2023-05-09 20:34:11,242 [AppLog] INFO : 创建：AutoPrintMotion0=》不需重新创建-手动操作！
2023-05-09 20:34:11,243 [AppLog] INFO : 初始化喷墨控制器启动！
2023-05-09 20:34:29,630 [AppLog] INFO : 打开喷墨控制器设备成功！
2023-05-09 20:34:29,668 [AppLog] INFO : 输入校准值1次{成功}，打印往返差校准值为：BiDirEncPrtOff{5},分频值{8},打印速度{300mm/s}
2023-05-09 20:34:32,463 [AppLog] INFO : 初始化喷墨控制器成功！
2023-05-09 20:34:32,463 [AppLog] INFO : 进入：EquipmentMotionLogic3=》准备创建对象-手动操作！
2023-05-09 20:34:32,496 [AppLog] INFO : 进入：EquipmentMotionLogic3=》创建完成-手动操作！
2023-05-09 20:34:32,622 [AppLog] INFO : 红外灯控制器485通讯建立！
2023-05-09 20:34:32,622 [AppLog] INFO : 进入电气控制模块
2023-05-09 20:34:33,415 [AppLog] INFO : 退出电气控制模块
2023-05-09 20:34:34,208 [AppLog] INFO : 进入手动调试子模块！
2023-05-09 20:34:34,209 [AppLog] INFO : 进入：ManulBtn_Click=》准备创建对象-手动操作！
2023-05-09 20:34:34,238 [AppLog] INFO : 创建：ManualControl=》创建完成-手动操作！
2023-05-09 20:34:34,238 [AppLog] INFO : 加载成功：温控Modbus接口！
2023-05-09 20:34:36,990 [AppLog] INFO : 手动控制墨车运动开启：沿Y轴后侧方向运动 ↓↓↓：nAxis{{1}},Dir{{true}},nPlsSpeed{{{nSpeed}}},nPlsCount{{750000}},cControlFlag{{{nCtlValue}}}
2023-05-09 20:34:39,609 [AppLog] INFO : 手动控制墨车运动带减速停止：沿Y轴方向运动 ↑↑↑↓↓↓ ====: bImmeStop{{false}},nAxisMask{{0x2}}
2023-05-09 20:34:39,861 [AppLog] INFO : 手动控制墨车运动开启：沿Y轴后侧方向运动 ↓↓↓：nAxis{{1}},Dir{{true}},nPlsSpeed{{{nSpeed}}},nPlsCount{{750000}},cControlFlag{{{nCtlValue}}}
2023-05-09 20:34:43,533 [AppLog] INFO : 手动控制墨车运动带减速停止：沿Y轴方向运动 ↑↑↑↓↓↓ ====: bImmeStop{{false}},nAxisMask{{0x2}}
2023-05-09 20:34:45,959 [AppLog] INFO : 开启刮墨轴回零校准：SpreaderHomeBtn_Click
2023-05-09 20:34:47,024 [AppLog] INFO : 刮墨轴回零成功：SpreaderHomeBtn_Click：{AXIS{4},Vel{1圈/s},开槽位置{-10°}}
2023-05-09 20:34:58,093 [AppLog] INFO : 开启刮墨轴回零校准：SpreaderHomeBtn_Click
2023-05-09 20:34:58,687 [AppLog] INFO : 刮墨轴回零成功：SpreaderHomeBtn_Click：{AXIS{4},Vel{1圈/s},开槽位置{-82°}}
2023-05-09 20:35:03,701 [AppLog] INFO : 开启刮墨轴回零校准：SpreaderHomeBtn_Click
2023-05-09 20:35:04,258 [AppLog] INFO : 刮墨轴回零成功：SpreaderHomeBtn_Click：{AXIS{4},Vel{1圈/s},开槽位置{-10°}}
2023-05-09 20:35:18,069 [AppLog] INFO : 切换为JOG模式====》：输出AXIS{第4轴}
2023-05-09 20:35:18,895 [AppLog] INFO : 手动正向JOG指令（8轴运控板卡系统） ====》：输出AXIS{第4轴},运动速度{1MM/s}
2023-05-09 20:35:19,104 [AppLog] INFO : 手动停止JOG输出（8轴运控板卡系统） ====》：输出AXIS{第4轴}
2023-05-09 20:35:19,409 [AppLog] INFO : 手动正向JOG指令（8轴运控板卡系统） ====》：输出AXIS{第4轴},运动速度{1MM/s}
2023-05-09 20:35:19,495 [AppLog] INFO : 手动停止JOG输出（8轴运控板卡系统） ====》：输出AXIS{第4轴}
2023-05-09 20:35:21,383 [AppLog] INFO : 手动正向JOG指令（8轴运控板卡系统） ====》：输出AXIS{第4轴},运动速度{1MM/s}
2023-05-09 20:35:21,479 [AppLog] INFO : 手动停止JOG输出（8轴运控板卡系统） ====》：输出AXIS{第4轴}
2023-05-09 20:35:23,224 [AppLog] INFO : 手动负向JOG指令（8轴运控板卡系统） ====》：输出AXIS{第4轴},运动速度{1MM/s}
2023-05-09 20:35:23,307 [AppLog] INFO : 手动停止JOG输出（8轴运控板卡系统） ====》：输出AXIS{第4轴}
2023-05-09 20:35:23,887 [AppLog] INFO : 手动负向JOG指令（8轴运控板卡系统） ====》：输出AXIS{第4轴},运动速度{1MM/s}
2023-05-09 20:35:23,927 [AppLog] INFO : 手动停止JOG输出（8轴运控板卡系统） ====》：输出AXIS{第4轴}
2023-05-09 20:35:25,851 [AppLog] INFO : 手动正向JOG指令（8轴运控板卡系统） ====》：输出AXIS{第4轴},运动速度{1MM/s}
2023-05-09 20:35:25,977 [AppLog] INFO : 手动停止JOG输出（8轴运控板卡系统） ====》：输出AXIS{第4轴}
2023-05-09 20:35:29,206 [AppLog] INFO : 手动负向JOG指令（8轴运控板卡系统） ====》：输出AXIS{第4轴},运动速度{1MM/s}
2023-05-09 20:35:29,302 [AppLog] INFO : 手动停止JOG输出（8轴运控板卡系统） ====》：输出AXIS{第4轴}
2023-05-09 20:35:34,009 [AppLog] INFO : 手动控制墨车运动开启，沿X轴右侧方向运动 ====》：nAxis{0},Dir{true},nPlsSpeed{50000},nPlsCount{750000},cControlFlag{2}
2023-05-09 20:35:34,416 [AppLog] INFO : 手动控制墨车运动带减速停止：沿X轴方向运动 ====》《=== ====: bImmeStop{false},nAxisMask{0x1}
2023-05-09 20:35:35,397 [AppLog] INFO : 手动控制墨车运动开启：沿X轴左侧方向运动 《====：nAxis{{0}},Dir{{false}},nPlsSpeed{{{nSpeed}}},nPlsCount{{750000}},cControlFlag{{{nCtlValue}}}
2023-05-09 20:35:35,487 [AppLog] INFO : 手动控制墨车运动带减速停止：沿X轴方向运动 ====》《=== ====: bImmeStop{false},nAxisMask{0x1}
2023-05-09 20:35:36,006 [AppLog] INFO : 手动控制墨车运动开启：沿X轴左侧方向运动 《====：nAxis{{0}},Dir{{false}},nPlsSpeed{{{nSpeed}}},nPlsCount{{750000}},cControlFlag{{{nCtlValue}}}
2023-05-09 20:35:36,021 [AppLog] INFO : 手动控制墨车运动带减速停止：沿X轴方向运动 ====》《=== ====: bImmeStop{false},nAxisMask{0x1}
2023-05-09 20:35:36,598 [AppLog] INFO : 手动控制墨车运动开启：沿Y轴前侧方向运动 ↑↑↑：nAxis{{1}},Dir{{false}},nPlsSpeed{{{nSpeed}}},nPlsCount{{750000}},cControlFlag{{{nCtlValue}}}
2023-05-09 20:35:40,448 [AppLog] INFO : 手动控制墨车运动带减速停止：沿Y轴方向运动 ↑↑↑↓↓↓ ====: bImmeStop{{false}},nAxisMask{{0x2}}
2023-05-09 20:35:43,103 [AppLog] INFO : 手动控制墨车运动开启：沿X轴左侧方向运动 《====：nAxis{{0}},Dir{{false}},nPlsSpeed{{{nSpeed}}},nPlsCount{{750000}},cControlFlag{{{nCtlValue}}}
2023-05-09 20:35:43,214 [AppLog] INFO : 手动控制墨车运动带减速停止：沿X轴方向运动 ====》《=== ====: bImmeStop{false},nAxisMask{0x1}
2023-05-09 20:35:43,540 [AppLog] INFO : 手动控制墨车运动开启：沿X轴左侧方向运动 《====：nAxis{{0}},Dir{{false}},nPlsSpeed{{{nSpeed}}},nPlsCount{{750000}},cControlFlag{{{nCtlValue}}}
2023-05-09 20:35:43,608 [AppLog] INFO : 手动控制墨车运动带减速停止：沿X轴方向运动 ====》《=== ====: bImmeStop{false},nAxisMask{0x1}
2023-05-09 20:35:43,946 [AppLog] INFO : 手动控制墨车运动开启：沿X轴左侧方向运动 《====：nAxis{{0}},Dir{{false}},nPlsSpeed{{{nSpeed}}},nPlsCount{{750000}},cControlFlag{{{nCtlValue}}}
2023-05-09 20:35:44,006 [AppLog] INFO : 手动控制墨车运动带减速停止：沿X轴方向运动 ====》《=== ====: bImmeStop{false},nAxisMask{0x1}
2023-05-09 20:35:44,351 [AppLog] INFO : 手动控制墨车运动开启：沿X轴左侧方向运动 《====：nAxis{{0}},Dir{{false}},nPlsSpeed{{{nSpeed}}},nPlsCount{{750000}},cControlFlag{{{nCtlValue}}}
2023-05-09 20:35:44,462 [AppLog] INFO : 手动控制墨车运动带减速停止：沿X轴方向运动 ====》《=== ====: bImmeStop{false},nAxisMask{0x1}
2023-05-09 20:35:44,726 [AppLog] INFO : 手动控制墨车运动开启：沿X轴左侧方向运动 《====：nAxis{{0}},Dir{{false}},nPlsSpeed{{{nSpeed}}},nPlsCount{{750000}},cControlFlag{{{nCtlValue}}}
2023-05-09 20:35:44,819 [AppLog] INFO : 手动控制墨车运动带减速停止：沿X轴方向运动 ====》《=== ====: bImmeStop{false},nAxisMask{0x1}
2023-05-09 20:36:09,031 [AppLog] INFO : 手动控制墨车运动开启：沿Y轴后侧方向运动 ↓↓↓：nAxis{{1}},Dir{{true}},nPlsSpeed{{{nSpeed}}},nPlsCount{{750000}},cControlFlag{{{nCtlValue}}}
2023-05-09 20:36:11,407 [AppLog] INFO : 手动控制墨车运动带减速停止：沿Y轴方向运动 ↑↑↑↓↓↓ ====: bImmeStop{{false}},nAxisMask{{0x2}}
2023-05-09 20:36:11,808 [AppLog] INFO : 手动控制墨车运动开启：沿Y轴后侧方向运动 ↓↓↓：nAxis{{1}},Dir{{true}},nPlsSpeed{{{nSpeed}}},nPlsCount{{750000}},cControlFlag{{{nCtlValue}}}
2023-05-09 20:36:12,823 [AppLog] INFO : 手动控制墨车运动带减速停止：沿Y轴方向运动 ↑↑↑↓↓↓ ====: bImmeStop{{false}},nAxisMask{{0x2}}
2023-05-09 20:36:13,227 [AppLog] INFO : 手动控制墨车运动开启：沿Y轴后侧方向运动 ↓↓↓：nAxis{{1}},Dir{{true}},nPlsSpeed{{{nSpeed}}},nPlsCount{{750000}},cControlFlag{{{nCtlValue}}}
2023-05-09 20:36:13,421 [AppLog] INFO : 手动控制墨车运动带减速停止：沿Y轴方向运动 ↑↑↑↓↓↓ ====: bImmeStop{{false}},nAxisMask{{0x2}}
2023-05-09 20:37:06,685 [AppLog] INFO : 手动负向JOG指令（8轴运控板卡系统） ====》：输出AXIS{第4轴},运动速度{1MM/s}
2023-05-09 20:37:06,769 [AppLog] INFO : 手动停止JOG输出（8轴运控板卡系统） ====》：输出AXIS{第4轴}
2023-05-09 20:37:07,062 [AppLog] INFO : 手动负向JOG指令（8轴运控板卡系统） ====》：输出AXIS{第4轴},运动速度{1MM/s}
2023-05-09 20:37:07,332 [AppLog] INFO : 手动停止JOG输出（8轴运控板卡系统） ====》：输出AXIS{第4轴}
2023-05-09 20:37:08,993 [AppLog] INFO : 退出手动调试子模块,已执行修改
==========================================================================
2023-05-09 20:37:12,345 [AppLog] INFO : 开启系统：板卡通讯，伺服供电，照明系统，UV/HR固化系统！
2023-05-09 20:37:13,635 [AppLog] INFO : 关闭系统：一键关闭系统开始！
2023-05-09 20:37:19,767 [AppLog] INFO : 关闭系统：一键关闭系统结束！
2023-05-09 20:37:19,799 [AppLog] INFO : 喷墨控制器的所有轴输出关闭！
2023-05-09 20:37:19,834 [AppLog] INFO : 喷墨控制器关闭！
2023-05-09 20:37:19,834 [AppLog] INFO : 创建：AutoPrintMotion0=》不需重新创建-手动操作！
2023-05-09 20:37:19,836 [AppLog] INFO : 进入电气控制模块
2023-05-09 20:37:22,057 [AppLog] INFO : 电气控制模块：手动关闭端口14
2023-05-09 20:37:22,411 [AppLog] INFO : 退出电气控制模块
2023-05-09 20:37:23,770 [AppLog] INFO : 软件及设备关停中：墨车所有方向运动确认停止（X,Y,Y2)： bImmeStop{False},nAxisMask{0x7}
2023-05-09 20:37:23,771 [AppLog] INFO : 软件及设备关停中：喷墨控制器板卡系统关闭（X,Y,Y2)：DEV_CloseDevice
2023-05-09 20:37:24,439 [AppLog] INFO : 软件及设备关停成功
==========================================================================
操作系统:{Microsoft Windows 7 旗舰版 }
运行环境:{ .Net Framework Enviroment Version 4.0.30319.42000}
盘符：D
CPU使用率：{18.10407%} ，可用内存大小:{13070MB}，硬盘剩余空间：
  盘符 C:\ 的剩余空间：70 GB
  盘符 D:\ 的剩余空间：95 GB
  盘符 F:\ 的剩余空间：57 GB
==========================================================================
2023-05-09 20:46:33,974 [AppLog] INFO : 软件开机密码正确，登录成功1次
==========================================================================
操作系统:{Microsoft Windows 7 旗舰版 }
运行环境:{ .Net Framework Enviroment Version 4.0.30319.42000}
盘符：D
CPU使用率：{11.02393%} ，可用内存大小:{14298MB}，硬盘剩余空间：
  盘符 C:\ 的剩余空间：70 GB
  盘符 D:\ 的剩余空间：95 GB
  盘符 F:\ 的剩余空间：57 GB
硬件配置情况：
  CPU 厂家: GenuineIntel CPU 型号: Intel(R) Core(TM) i7-4770 CPU @ 3.40GHz
  内存条厂家: Kingston 内存条型号: 99P5471-043.A00LF 
  内存条厂家: Kingston 内存条型号: 99P5471-043.A00LF 
  硬盘厂家: (标准磁盘驱动器) 硬盘型号: Micron_1300_MTFDDAK256TDL ATA Device
  硬盘厂家: (标准磁盘驱动器) 硬盘型号:  USB  SanDisk 3.2Gen1 USB Device
==========================================================================
2023-05-09 20:46:35,881 [AppLog] INFO : 开启系统：板卡通讯，伺服供电，照明系统，UV/HR固化系统！
2023-05-09 20:46:35,884 [AppLog] INFO : 开启系统：一键启动系统开始！
2023-05-09 20:46:41,893 [AppLog] INFO : 开启系统：一键启动系统结束！
2023-05-09 20:46:42,111 [AppLog] INFO : 创建：AutoPrintMotion0=》初次创建完成-手动操作！
2023-05-09 20:46:42,191 [AppLog] INFO : 初始化喷墨控制器启动！
2023-05-09 20:47:05,682 [AppLog] INFO : 打开喷墨控制器设备成功！
2023-05-09 20:47:05,713 [AppLog] INFO : 输入校准值1次{成功}，打印往返差校准值为：BiDirEncPrtOff{5},分频值{8},打印速度{300mm/s}
2023-05-09 20:47:07,897 [AppLog] INFO : 初始化喷墨控制器成功！
2023-05-09 20:47:07,897 [AppLog] INFO : 进入：EquipmentMotionLogic3=》准备创建对象-手动操作！
2023-05-09 20:47:07,929 [AppLog] INFO : 进入：EquipmentMotionLogic3=》创建完成-手动操作！
2023-05-09 20:47:08,053 [AppLog] INFO : 红外灯控制器485通讯建立！
2023-05-09 20:47:08,053 [AppLog] INFO : 进入电气控制模块
2023-05-09 20:47:09,411 [AppLog] INFO : 电气控制模块：手动打开端口14
2023-05-09 20:47:09,769 [AppLog] INFO : 退出电气控制模块
2023-05-09 20:47:10,534 [AppLog] INFO : 进入手动调试子模块！
2023-05-09 20:47:10,534 [AppLog] INFO : 进入：ManulBtn_Click=》准备创建对象-手动操作！
2023-05-09 20:47:10,565 [AppLog] INFO : 创建：ManualControl=》创建完成-手动操作！
2023-05-09 20:47:10,565 [AppLog] INFO : 加载成功：温控Modbus接口！
2023-05-09 20:47:16,462 [AppLog] INFO : 开启手动压墨上墨：PushInkBtn_Click
2023-05-09 20:47:18,427 [AppLog] INFO : 停止手动压墨上墨：PushInkBtn_Click
2023-05-09 20:47:31,781 [AppLog] INFO : 开启手动压墨上墨：PushInkBtn_Click
2023-05-09 20:47:33,981 [AppLog] INFO : 停止手动压墨上墨：PushInkBtn_Click
2023-05-09 20:47:34,589 [AppLog] INFO : 开启手动压墨上墨：PushInkBtn_Click
2023-05-09 20:47:36,851 [AppLog] INFO : 停止手动压墨上墨：PushInkBtn_Click
2023-05-09 20:47:44,168 [AppLog] INFO : 开启自动供墨：DEV_EnableInkAutoSupply：ReturnCode{True},Action{true},ControlBit{255}
2023-05-09 20:48:35,070 [AppLog] INFO : 开启手动压墨上墨：PushInkBtn_Click
2023-05-09 20:48:36,506 [AppLog] INFO : 停止手动压墨上墨：PushInkBtn_Click
2023-05-09 20:54:11,033 [AppLog] INFO : 开启手动清洗挤墨喷头，DEV_EnableTimer: 端口{11}，清洗控制周期：{0.5}S,{0.5}S
2023-05-09 20:54:11,563 [AppLog] INFO : 关闭手动清洗挤墨喷头：DEV_EnableTimer
2023-05-09 20:54:18,755 [AppLog] INFO : 开启手动清洗挤墨喷头，DEV_EnableTimer: 端口{11}，清洗控制周期：{0.5}S,{0.5}S
2023-05-09 20:54:23,575 [AppLog] INFO : 关闭手动清洗挤墨喷头：DEV_EnableTimer
2023-05-09 20:54:24,183 [AppLog] INFO : 开启手动清洗挤墨喷头，DEV_EnableTimer: 端口{11}，清洗控制周期：{0.5}S,{0.5}S
2023-05-09 20:54:25,073 [AppLog] INFO : 关闭手动清洗挤墨喷头：DEV_EnableTimer
2023-05-09 20:55:04,603 [AppLog] INFO : 进入气压控制卡参数监控状态时
2023-05-09 20:55:09,486 [AppLog] INFO : 更新气压控制卡参数：DEV_AdibControl:二级墨盒加热电压：{12V}；MCU_SetPhVoltage:二级墨盒加热温度：{25℃}MCU_SetPhVoltage:负压目标值：{System.Single[]kPa}MCU_SetPhVoltage:负压阈值：{0.1kPa}
2023-05-09 20:57:30,151 [AppLog] INFO : 更新气压控制卡参数：DEV_AdibControl:二级墨盒加热电压：{12V}；MCU_SetPhVoltage:二级墨盒加热温度：{25℃}MCU_SetPhVoltage:负压目标值：{System.Single[]kPa}MCU_SetPhVoltage:负压阈值：{0.1kPa}
2023-05-09 20:57:34,675 [AppLog] INFO : 停止自动供墨：DEV_EnableInkAutoSupply：ReturnCode{True},Action{false},ControlBit{255}
2023-05-09 20:57:35,128 [AppLog] INFO : 开启自动供墨：DEV_EnableInkAutoSupply：ReturnCode{True},Action{true},ControlBit{255}
2023-05-09 20:58:24,003 [AppLog] INFO : 开启铺粉车回零校准：PowderCarHomeBtn_Click
2023-05-09 20:58:24,003 [AppLog] INFO : 开启粉车回零校准线程：PowderCarHomeResetThread
2023-05-09 20:58:27,466 [AppLog] INFO : 开启墨车回零校准：PrintCarHomeBtn_Click
2023-05-09 20:58:27,466 [AppLog] INFO : 开启墨车回零校准线程：InkCarEncoderResetThread
2023-05-09 20:58:31,974 [AppLog] INFO : 手动正向点动指令（8轴运控板卡系统） ====》：输出AXIS{第2轴},点动量{-116MM},运动速度{70MM/s}
2023-05-09 20:58:31,990 [AppLog] INFO : 粉车回零校准线程成功：PowderCarHomeResetThread
2023-05-09 20:58:35,656 [AppLog] INFO : 进入气压控制卡参数设置状态时
2023-05-09 20:58:36,670 [AppLog] INFO : 进入气压控制卡参数监控状态时
2023-05-09 20:58:49,275 [AppLog] INFO : 墨车回零校准线程成功：InkCarEncoderResetThread
2023-05-09 20:58:53,050 [AppLog] INFO : 退出手动调试子模块,已执行修改
==========================================================================
2023-05-09 20:58:53,658 [AppLog] INFO : 进入数据加载模块
2023-05-09 20:59:09,040 [AppLog] INFO : CAD数据加载：添加.bjgroup格式CAD数据成功-D:\Release-3DPrintingForBinderJetting-V2.0\CLI输入文件\shibiao-0321\shibiao-0425.bjgroup
2023-05-09 20:59:14,625 [AppLog] INFO : 进入手动调试子模块！
2023-05-09 20:59:14,625 [AppLog] INFO : 进入：ManulBtn_Click=》准备创建对象-手动操作！
2023-05-09 20:59:14,656 [AppLog] INFO : 创建：ManualControl=》创建完成-手动操作！
2023-05-09 20:59:14,656 [AppLog] INFO : 加载成功：温控Modbus接口！
2023-05-09 20:59:29,086 [AppLog] INFO : 更新波形路径：DEV_UpdateParam：{D:\Release-3DPrintingForBinderJetting-V2.0\波形文件\0316新调=波形文件=水性胶水\世彪新调-喷射量2.rhdat}
2023-05-09 20:59:29,102 [AppLog] INFO : {1}号喷头基准电压更新成功：DEV_SetWaveStdVoltage{0V,0V,0V,0V}；
2023-05-09 20:59:34,499 [AppLog] INFO : 重新加载完波形：DEV_ReloadWaveForm! 当前波形文件的基准电压参考值为：{18V}
2023-05-09 20:59:34,780 [AppLog] INFO : {1}号喷头电压调压成功：MCU_SetPhVoltage{0V,0V,0V,0V}；
2023-05-09 20:59:37,151 [AppLog] INFO : {1}号喷头温度更新成功：MCU_SetPhStdTemp{25℃}
2023-05-09 20:59:46,652 [AppLog] INFO : 退出手动调试子模块,已执行修改
==========================================================================
2023-05-09 20:59:47,400 [AppLog] INFO : 进入手动调试子模块！
2023-05-09 20:59:47,400 [AppLog] INFO : 进入：ManulBtn_Click=》准备创建对象-手动操作！
2023-05-09 20:59:47,432 [AppLog] INFO : 创建：ManualControl=》创建完成-手动操作！
2023-05-09 20:59:47,432 [AppLog] INFO : 加载成功：温控Modbus接口！
