2023-03-07 22:02:37,340 [AppLog] INFO : 软件开机密码正确，登录成功1次
==========================================================================
操作系统:{Microsoft Windows 7 旗舰版 }
运行环境:{ .Net Framework Enviroment Version 4.0.30319.42000}
盘符：D
CPU使用率：{17.85684%} ，可用内存大小:{14491MB}，硬盘剩余空间：
  盘符 C:\ 的剩余空间：82 GB
  盘符 D:\ 的剩余空间：92 GB
硬件配置情况：
  CPU 厂家: GenuineIntel CPU 型号: Intel(R) Core(TM) i7-4770 CPU @ 3.40GHz
  内存条厂家: Kingston 内存条型号: 99P5471-043.A00LF 
  内存条厂家: Kingston 内存条型号: 99P5471-043.A00LF 
  硬盘厂家: (标准磁盘驱动器) 硬盘型号: Micron_1300_MTFDDAK256TDL ATA Device
==========================================================================
2023-03-07 22:02:37,355 [AppLog] INFO : 开启系统：板卡通讯，伺服供电，照明系统，UV/HR固化系统！
2023-03-07 22:02:37,355 [AppLog] INFO : 开启系统：一键启动系统开始！
2023-03-07 22:02:43,455 [AppLog] INFO : 开启系统：一键启动系统结束！
2023-03-07 22:03:08,446 [AppLog] INFO : 初始化喷墨控制器！
2023-03-07 22:03:08,743 [AppLog] INFO : 红外灯控制器485通讯建立！
2023-03-07 22:03:08,743 [AppLog] INFO : 进入电气控制模块
2023-03-07 22:03:10,271 [AppLog] INFO : 退出电气控制模块
2023-03-07 22:03:11,020 [AppLog] INFO : 进入手动调试子模块！
2023-03-07 22:03:16,277 [AppLog] INFO : 开启手动冲洗喷头：CleanBtn_Click
2023-03-07 22:03:32,767 [AppLog] INFO : 关闭手动冲洗喷头：CleanBtn_Click
2023-03-07 22:03:33,344 [AppLog] INFO : 开启手动冲洗喷头：CleanBtn_Click
2023-03-07 22:03:35,044 [AppLog] INFO : 关闭手动冲洗喷头：CleanBtn_Click
2023-03-07 22:03:35,824 [AppLog] INFO : 开启手动冲洗喷头：CleanBtn_Click
2023-03-07 22:03:36,386 [AppLog] INFO : 关闭手动冲洗喷头：CleanBtn_Click
2023-03-07 22:03:37,353 [AppLog] INFO : 开启手动冲洗喷头：CleanBtn_Click
2023-03-07 22:03:38,975 [AppLog] INFO : 关闭手动冲洗喷头：CleanBtn_Click
2023-03-07 22:03:44,014 [AppLog] INFO : 开启手动冲洗喷头：CleanBtn_Click
2023-03-07 22:03:56,292 [AppLog] INFO : 关闭手动冲洗喷头：CleanBtn_Click
2023-03-07 22:03:56,713 [AppLog] INFO : 开启手动冲洗喷头：CleanBtn_Click
2023-03-07 22:03:58,476 [AppLog] INFO : 关闭手动冲洗喷头：CleanBtn_Click
2023-03-07 22:04:17,523 [AppLog] INFO : 开启手动冲洗喷头：CleanBtn_Click
2023-03-07 22:04:19,130 [AppLog] INFO : 关闭手动冲洗喷头：CleanBtn_Click
2023-03-07 22:04:28,771 [AppLog] INFO : 开启手动冲洗喷头：CleanBtn_Click
2023-03-07 22:04:39,082 [AppLog] INFO : 关闭手动冲洗喷头：CleanBtn_Click
2023-03-07 22:04:39,706 [AppLog] INFO : 开启手动冲洗喷头：CleanBtn_Click
2023-03-07 22:04:42,124 [AppLog] INFO : 关闭手动冲洗喷头：CleanBtn_Click
2023-03-07 22:04:44,433 [AppLog] INFO : 开启手动冲洗喷头：CleanBtn_Click
2023-03-07 22:04:50,205 [AppLog] INFO : 关闭手动冲洗喷头：CleanBtn_Click
2023-03-07 22:05:10,626 [AppLog] INFO : 开启手动冲洗喷头：CleanBtn_Click
2023-03-07 22:05:12,045 [AppLog] INFO : 关闭手动冲洗喷头：CleanBtn_Click
2023-03-07 22:05:18,067 [AppLog] INFO : 开启手动冲洗喷头：CleanBtn_Click
2023-03-07 22:05:21,592 [AppLog] INFO : 关闭手动冲洗喷头：CleanBtn_Click
2023-03-07 22:05:24,790 [AppLog] INFO : 开启手动冲洗喷头：CleanBtn_Click
2023-03-07 22:05:25,399 [AppLog] INFO : 关闭手动冲洗喷头：CleanBtn_Click
2023-03-07 22:05:25,867 [AppLog] INFO : 开启手动冲洗喷头：CleanBtn_Click
2023-03-07 22:05:26,662 [AppLog] INFO : 关闭手动冲洗喷头：CleanBtn_Click
2023-03-07 22:05:27,552 [AppLog] INFO : 开启手动冲洗喷头：CleanBtn_Click
2023-03-07 22:05:31,982 [AppLog] INFO : 关闭手动冲洗喷头：CleanBtn_Click
2023-03-07 22:05:54,243 [AppLog] INFO : 手动控制墨车运动开启：沿Y轴前侧方向运动 ↑↑↑：nAxis{{1}},Dir{{false}},nPlsSpeed{{{nSpeed}}},nPlsCount{{750000}},cControlFlag{{{nCtlValue}}}
2023-03-07 22:05:54,290 [AppLog] INFO : 手动控制墨车运动带减速停止：沿Y轴方向运动 ↑↑↑↓↓↓ ====: bImmeStop{{false}},nAxisMask{{0x2}}
2023-03-07 22:05:54,961 [AppLog] INFO : 手动控制墨车运动开启：沿Y轴前侧方向运动 ↑↑↑：nAxis{{1}},Dir{{false}},nPlsSpeed{{{nSpeed}}},nPlsCount{{750000}},cControlFlag{{{nCtlValue}}}
2023-03-07 22:05:55,008 [AppLog] INFO : 手动控制墨车运动带减速停止：沿Y轴方向运动 ↑↑↑↓↓↓ ====: bImmeStop{{false}},nAxisMask{{0x2}}
2023-03-07 22:05:55,647 [AppLog] INFO : 手动控制墨车运动开启：沿Y轴前侧方向运动 ↑↑↑：nAxis{{1}},Dir{{false}},nPlsSpeed{{{nSpeed}}},nPlsCount{{750000}},cControlFlag{{{nCtlValue}}}
2023-03-07 22:05:55,694 [AppLog] INFO : 手动控制墨车运动带减速停止：沿Y轴方向运动 ↑↑↑↓↓↓ ====: bImmeStop{{false}},nAxisMask{{0x2}}
2023-03-07 22:05:56,365 [AppLog] INFO : 手动控制墨车运动开启：沿Y轴前侧方向运动 ↑↑↑：nAxis{{1}},Dir{{false}},nPlsSpeed{{{nSpeed}}},nPlsCount{{750000}},cControlFlag{{{nCtlValue}}}
2023-03-07 22:05:56,381 [AppLog] INFO : 手动控制墨车运动带减速停止：沿Y轴方向运动 ↑↑↑↓↓↓ ====: bImmeStop{{false}},nAxisMask{{0x2}}
2023-03-07 22:05:57,691 [AppLog] INFO : 手动控制墨车运动开启：沿Y轴前侧方向运动 ↑↑↑：nAxis{{1}},Dir{{false}},nPlsSpeed{{{nSpeed}}},nPlsCount{{750000}},cControlFlag{{{nCtlValue}}}
2023-03-07 22:05:57,785 [AppLog] INFO : 手动控制墨车运动带减速停止：沿Y轴方向运动 ↑↑↑↓↓↓ ====: bImmeStop{{false}},nAxisMask{{0x2}}
2023-03-07 22:06:02,465 [AppLog] INFO : 开启手动冲洗喷头：CleanBtn_Click
2023-03-07 22:06:03,915 [AppLog] INFO : 关闭手动冲洗喷头：CleanBtn_Click
2023-03-07 22:06:05,085 [AppLog] INFO : 开启手动冲洗喷头：CleanBtn_Click
2023-03-07 22:06:18,205 [AppLog] INFO : 关闭手动冲洗喷头：CleanBtn_Click
2023-03-07 22:06:19,391 [AppLog] INFO : 开启手动冲洗喷头：CleanBtn_Click
2023-03-07 22:06:28,610 [AppLog] INFO : 关闭手动冲洗喷头：CleanBtn_Click
2023-03-07 22:06:32,120 [AppLog] INFO : 开启手动冲洗喷头：CleanBtn_Click
2023-03-07 22:06:33,275 [AppLog] INFO : 关闭手动冲洗喷头：CleanBtn_Click
2023-03-07 22:06:33,992 [AppLog] INFO : 开启手动冲洗喷头：CleanBtn_Click
2023-03-07 22:06:34,850 [AppLog] INFO : 关闭手动冲洗喷头：CleanBtn_Click
2023-03-07 22:06:35,505 [AppLog] INFO : 开启手动冲洗喷头：CleanBtn_Click
2023-03-07 22:06:36,285 [AppLog] INFO : 关闭手动冲洗喷头：CleanBtn_Click
2023-03-07 22:06:38,937 [AppLog] INFO : 开启手动冲洗喷头：CleanBtn_Click
2023-03-07 22:06:39,437 [AppLog] INFO : 关闭手动冲洗喷头：CleanBtn_Click
2023-03-07 22:06:41,371 [AppLog] INFO : 开启手动冲洗喷头：CleanBtn_Click
2023-03-07 22:06:41,901 [AppLog] INFO : 关闭手动冲洗喷头：CleanBtn_Click
2023-03-07 22:06:42,915 [AppLog] INFO : 开启手动冲洗喷头：CleanBtn_Click
2023-03-07 22:06:43,430 [AppLog] INFO : 关闭手动冲洗喷头：CleanBtn_Click
2023-03-07 22:06:44,803 [AppLog] INFO : 开启手动冲洗喷头：CleanBtn_Click
2023-03-07 22:06:45,567 [AppLog] INFO : 关闭手动冲洗喷头：CleanBtn_Click
2023-03-07 22:06:46,254 [AppLog] INFO : 开启手动冲洗喷头：CleanBtn_Click
2023-03-07 22:06:46,800 [AppLog] INFO : 关闭手动冲洗喷头：CleanBtn_Click
2023-03-07 22:06:50,279 [AppLog] INFO : 退出手动调试子模块，未执行修改
==========================================================================
2023-03-07 22:06:51,074 [AppLog] INFO : 开启系统：板卡通讯，伺服供电，照明系统，UV/HR固化系统！
2023-03-07 22:06:51,651 [AppLog] INFO : 关闭系统：一键关闭系统开始！
2023-03-07 22:06:57,860 [AppLog] INFO : 关闭系统：一键关闭系统结束！
2023-03-07 22:06:57,860 [AppLog] INFO : 喷墨控制器的所有轴输出关闭！
2023-03-07 22:06:59,966 [AppLog] INFO : 喷墨控制器关闭！
2023-03-07 22:06:59,982 [AppLog] INFO : 进入电气控制模块
2023-03-07 22:07:01,011 [AppLog] INFO : 退出电气控制模块
2023-03-07 22:07:02,681 [AppLog] INFO : 软件及设备关停中：墨车所有方向运动确认停止（X,Y,Y2)： bImmeStop{False},nAxisMask{0x7}
2023-03-07 22:07:02,681 [AppLog] INFO : 软件及设备关停中：喷墨控制器板卡系统关闭（X,Y,Y2)：DEV_CloseDevice
2023-03-07 22:07:03,351 [AppLog] INFO : 软件及设备关停成功
==========================================================================
操作系统:{Microsoft Windows 7 旗舰版 }
运行环境:{ .Net Framework Enviroment Version 4.0.30319.42000}
盘符：D
CPU使用率：{0%} ，可用内存大小:{14422MB}，硬盘剩余空间：
  盘符 C:\ 的剩余空间：82 GB
  盘符 D:\ 的剩余空间：92 GB
==========================================================================
