2023-03-06 09:33:52,267 [AppLog] INFO : 软件开机密码正确，登录成功1次
==========================================================================
操作系统:{Microsoft Windows 7 旗舰版 }
运行环境:{ .Net Framework Enviroment Version 4.0.30319.42000}
盘符：D
CPU使用率：{28.5711%} ，可用内存大小:{14460MB}，硬盘剩余空间：
  盘符 C:\ 的剩余空间：82 GB
  盘符 D:\ 的剩余空间：91 GB
硬件配置情况：
  CPU 厂家: GenuineIntel CPU 型号: Intel(R) Core(TM) i7-4770 CPU @ 3.40GHz
  内存条厂家: Kingston 内存条型号: 99P5471-043.A00LF 
  内存条厂家: Kingston 内存条型号: 99P5471-043.A00LF 
  硬盘厂家: (标准磁盘驱动器) 硬盘型号: Micron_1300_MTFDDAK256TDL ATA Device
==========================================================================
2023-03-06 09:33:52,282 [AppLog] INFO : 开启系统：板卡通讯，伺服供电，照明系统，UV/HR固化系统！
2023-03-06 09:33:52,282 [AppLog] INFO : 开启系统：一键启动系统开始！
2023-03-06 09:33:58,382 [AppLog] INFO : 开启系统：一键启动系统结束！
2023-03-06 09:34:23,326 [AppLog] INFO : 初始化喷墨控制器！
2023-03-06 09:34:23,607 [AppLog] INFO : 红外灯控制器485通讯建立！
2023-03-06 09:34:23,607 [AppLog] INFO : 进入电气控制模块
2023-03-06 09:34:24,621 [AppLog] INFO : 退出电气控制模块
2023-03-06 09:34:25,448 [AppLog] INFO : 进入手动调试子模块！
2023-03-06 09:34:27,616 [AppLog] INFO : 开启手动冲洗喷头：CleanBtn_Click
2023-03-06 09:34:46,820 [AppLog] INFO : 关闭手动冲洗喷头：CleanBtn_Click
2023-03-06 09:51:24,551 [AppLog] INFO : 更新波形路径：DEV_UpdateParam：{D:\Release\波形文件\ricoh_phcfg16 - wave4.rhdat}
2023-03-06 09:51:29,917 [AppLog] INFO : 重新加载完波形：DEV_ReloadWaveForm！
2023-03-06 09:51:50,151 [AppLog] INFO : 更新喷头电压及温度参数成功：MCU_SetPhVoltage:1号喷头电压：{18V,18V,18V,18V}；MCU_SetPhVoltage:1号喷头温度：{25℃}
2023-03-06 09:51:58,481 [AppLog] INFO : 开启墨车和铺粉车回零校准：EncoderResetBtn_Click
2023-03-06 09:51:58,481 [AppLog] INFO : 开启墨车回零校准线程：InkCarEncoderResetThread
2023-03-06 09:51:58,481 [AppLog] INFO : 开启粉车回零校准线程：PowderCarHomeResetThread
2023-03-06 09:52:08,527 [AppLog] INFO : 手动正向点动指令（8轴运控板卡系统） ====》：输出AXIS{第2轴},点动量{-116MM},运动速度{30MM/s}
2023-03-06 09:52:08,527 [AppLog] INFO : 粉车回零校准线程成功：PowderCarHomeResetThread
2023-03-06 09:52:21,413 [AppLog] INFO : 墨车回零校准线程成功：InkCarEncoderResetThread
2023-03-06 09:52:33,971 [AppLog] INFO : 退出手动调试子模块,已执行修改
==========================================================================
2023-03-06 09:52:36,420 [AppLog] INFO : 进入手动调试子模块！
2023-03-06 09:52:39,260 [AppLog] INFO : 手动控制墨车运动开启：沿Y轴后侧方向运动 ↓↓↓：nAxis{{1}},Dir{{true}},nPlsSpeed{{{nSpeed}}},nPlsCount{{750000}},cControlFlag{{{nCtlValue}}}
2023-03-06 09:52:41,615 [AppLog] INFO : 手动控制墨车运动带减速停止：沿Y轴方向运动 ↑↑↑↓↓↓ ====: bImmeStop{{false}},nAxisMask{{0x2}}
2023-03-06 09:52:41,943 [AppLog] INFO : 手动控制墨车运动开启：沿Y轴后侧方向运动 ↓↓↓：nAxis{{1}},Dir{{true}},nPlsSpeed{{{nSpeed}}},nPlsCount{{750000}},cControlFlag{{{nCtlValue}}}
2023-03-06 09:52:42,068 [AppLog] INFO : 手动控制墨车运动带减速停止：沿Y轴方向运动 ↑↑↑↓↓↓ ====: bImmeStop{{false}},nAxisMask{{0x2}}
2023-03-06 09:52:42,348 [AppLog] INFO : 手动控制墨车运动开启：沿Y轴后侧方向运动 ↓↓↓：nAxis{{1}},Dir{{true}},nPlsSpeed{{{nSpeed}}},nPlsCount{{750000}},cControlFlag{{{nCtlValue}}}
2023-03-06 09:52:42,426 [AppLog] INFO : 手动控制墨车运动带减速停止：沿Y轴方向运动 ↑↑↑↓↓↓ ====: bImmeStop{{false}},nAxisMask{{0x2}}
2023-03-06 09:52:42,629 [AppLog] INFO : 手动控制墨车运动开启：沿Y轴后侧方向运动 ↓↓↓：nAxis{{1}},Dir{{true}},nPlsSpeed{{{nSpeed}}},nPlsCount{{750000}},cControlFlag{{{nCtlValue}}}
2023-03-06 09:52:42,707 [AppLog] INFO : 手动控制墨车运动带减速停止：沿Y轴方向运动 ↑↑↑↓↓↓ ====: bImmeStop{{false}},nAxisMask{{0x2}}
2023-03-06 09:52:42,988 [AppLog] INFO : 手动控制墨车运动开启：沿Y轴后侧方向运动 ↓↓↓：nAxis{{1}},Dir{{true}},nPlsSpeed{{{nSpeed}}},nPlsCount{{750000}},cControlFlag{{{nCtlValue}}}
2023-03-06 09:52:43,066 [AppLog] INFO : 手动控制墨车运动带减速停止：沿Y轴方向运动 ↑↑↑↓↓↓ ====: bImmeStop{{false}},nAxisMask{{0x2}}
2023-03-06 09:52:44,111 [AppLog] INFO : 手动控制墨车运动开启，沿X轴右侧方向运动 ====》：nAxis{0},Dir{true},nPlsSpeed{100000},nPlsCount{750000},cControlFlag{2}
2023-03-06 09:52:44,174 [AppLog] INFO : 手动控制墨车运动带减速停止：沿X轴方向运动 ====》《=== ====: bImmeStop{false},nAxisMask{0x1}
2023-03-06 09:52:44,501 [AppLog] INFO : 手动控制墨车运动开启，沿X轴右侧方向运动 ====》：nAxis{0},Dir{true},nPlsSpeed{100000},nPlsCount{750000},cControlFlag{2}
2023-03-06 09:52:44,501 [AppLog] INFO : 手动控制墨车运动带减速停止：沿X轴方向运动 ====》《=== ====: bImmeStop{false},nAxisMask{0x1}
2023-03-06 09:52:44,985 [AppLog] INFO : 手动控制墨车运动开启，沿X轴右侧方向运动 ====》：nAxis{0},Dir{true},nPlsSpeed{100000},nPlsCount{750000},cControlFlag{2}
2023-03-06 09:52:45,047 [AppLog] INFO : 手动控制墨车运动带减速停止：沿X轴方向运动 ====》《=== ====: bImmeStop{false},nAxisMask{0x1}
2023-03-06 09:57:26,316 [AppLog] INFO : 开启手动压墨：PushInkBtn_Click
2023-03-06 09:57:27,096 [AppLog] INFO : 开启自动供墨：DEV_EnableInkAutoSupply：ReturnCode{True},Action{true},ControlBit{255}
2023-03-06 09:57:38,468 [AppLog] INFO : 停止手动压墨：PushInkBtn_Click
2023-03-06 09:57:56,018 [AppLog] INFO : 手动开启自动清洗过程：AutoCleanBtn_Click
2023-03-06 09:57:56,018 [AppLog] INFO : 进入自动清洗过程：AutoCleanThread
2023-03-06 09:57:57,032 [AppLog] INFO : 刮墨轴回零成功：motionMap.SetBackSpreaderAxis(4, 1, 2, -SinkPosition)
2023-03-06 09:57:57,032 [AppLog] INFO : 准备运动，编码器当前位置：DEM_GetAxisEncodeVal：MoveDirectionFlag{false为Y方向：True}CurrentPos{321.72}AimPos{121}
2023-03-06 09:57:57,063 [AppLog] INFO : Y方向运动开始：DEM_Run：返回值{True}nAxis{1}DirFlag{False}nSpeed{100000}MoveStep{-200720}nCtlValue{0}
2023-03-06 09:57:59,263 [AppLog] INFO : Y方向到位停止：DEM_StopAxisRun：返回值{True}CurrentPos{127.09}bImmeStop{False}nAxisMask{2}
2023-03-06 09:57:59,263 [AppLog] INFO : 准备运动，当前位置：DEV_GetPrintEncoderValue：MoveDirectionFlag{false为Y方向：False}CurrentPos{745.255}AimPos{710}
2023-03-06 09:57:59,310 [AppLog] INFO : X方向运动开始：DEM_Run：返回值{True}nAxis{0}DirFlag{False}nSpeed{100000}MoveStep{-35255}nCtlValue{2}
2023-03-06 09:58:00,012 [AppLog] INFO : X方向到位停止：DEM_StopAxisRun：返回值{True}CurrentPos{710.605}bImmeStop{False}nAxisMask{1}
2023-03-06 09:58:00,854 [AppLog] INFO : 开启压墨： motionMap.SetDo(13, true)
2023-03-06 09:58:03,865 [AppLog] INFO : 关闭压墨： motionMap.SetDo(13, true)
2023-03-06 09:58:03,880 [AppLog] INFO : 开启闪喷： IDP_FlashPrtCtl(true)：ReturnCode{True}
2023-03-06 09:58:03,880 [AppLog] INFO : 准备运动，当前位置：DEV_GetPrintEncoderValue：MoveDirectionFlag{false为Y方向：False}CurrentPos{710.6}AimPos{780}
2023-03-06 09:58:03,912 [AppLog] INFO : X方向运动开始：DEM_Run：返回值{True}nAxis{0}DirFlag{True}nSpeed{50000}MoveStep{69400}nCtlValue{2}
2023-03-06 09:58:05,363 [AppLog] INFO : X方向到位停止：DEM_StopAxisRun：返回值{True}CurrentPos{776.645}bImmeStop{False}nAxisMask{1}
2023-03-06 09:58:05,706 [AppLog] INFO : 准备运动，当前位置：DEV_GetPrintEncoderValue：MoveDirectionFlag{false为Y方向：False}CurrentPos{779.39}AimPos{710}
2023-03-06 09:58:05,737 [AppLog] INFO : X方向运动开始：DEM_Run：返回值{True}nAxis{0}DirFlag{False}nSpeed{50000}MoveStep{-69390}nCtlValue{2}
2023-03-06 09:58:07,188 [AppLog] INFO : X方向到位停止：DEM_StopAxisRun：返回值{True}CurrentPos{713.565}bImmeStop{False}nAxisMask{1}
2023-03-06 09:58:08,763 [AppLog] INFO : 结束自动清洗过程：AutoCleanThread
2023-03-06 09:58:14,333 [AppLog] INFO : 手动停止自动清洗过程：AutoCleanBtn_Click
2023-03-06 09:58:41,196 [AppLog] INFO : 退出手动调试子模块,已执行修改
==========================================================================
2023-03-06 09:58:42,740 [AppLog] INFO : 进入JOB参数设置：修改前初始参数：灰度数据格式{1bits}打印灰阶{1阶}m_XPrintDpi{2540Dpi}墨车运动速度{50MM/s}X向起打位置{50MM}Y向起打位置{20MM}
2023-03-06 09:58:45,377 [AppLog] INFO : 退出JOB参数设置：修改后参数：灰度数据格式{1bits}打印灰阶{1阶}m_XPrintDpi{2540Dpi}墨车运动速度{50MM/s}X向起打位置{50MM}Y向起打位置{20MM}
2023-03-06 09:58:47,670 [AppLog] INFO : 进入数据加载模块
2023-03-06 09:58:57,732 [AppLog] INFO : CAD数据加载：添加.bjgroup格式CAD数据成功-D:\hk\最终零件\new-zuhe-80.bjgroup
2023-03-06 09:59:02,209 [AppLog] INFO : CAD数据删除：删除.CLI格式CAD数据成功-D:\hk\最终零件\Box-40.cli
2023-03-06 09:59:02,225 [AppLog] INFO : CAD数据删除：删除.CLI格式CAD数据成功-D:\hk\最终零件\Box-40-copys-0-1.cli
2023-03-06 09:59:02,225 [AppLog] INFO : CAD数据删除：删除.CLI格式CAD数据成功-D:\hk\最终零件\Box-40-copys-1-0.cli
2023-03-06 09:59:02,240 [AppLog] INFO : CAD数据删除：删除.CLI格式CAD数据成功-D:\hk\最终零件\Box-40-copys-1-1.cli
2023-03-06 09:59:02,240 [AppLog] INFO : CAD数据删除：删除.CLI格式CAD数据成功-D:\hk\最终零件\Box-40-copys-2-0.cli
2023-03-06 09:59:02,256 [AppLog] INFO : CAD数据删除：删除.CLI格式CAD数据成功-D:\hk\最终零件\Box-40-copys-2-1.cli
2023-03-06 09:59:14,112 [AppLog] INFO : CAD位置平移：SelectCADFile{D:\hk\最终零件\拉伸件__凸台-拉伸1.cliD:\hk\最终零件\Box.cliD:\hk\最终零件\Box-copys-0-1.cliD:\hk\最终零件\Box-copys-0-2.cliD:\hk\最终零件\Box-copys-0-3.cliD:\hk\最终零件\Box-copys-1-0.cliD:\hk\最终零件\Box-copys-1-1.cliD:\hk\最终零件\Box-copys-1-2.cliD:\hk\最终零件\Box-copys-1-3.cliD:\Release\CLI输入文件\SCUT-3DP测试件打-0915\Box-Shield-140.cliD:\hk\最终零件\拉伸件__凸台-拉伸1-copys-1-0.cliD:\hk\最终零件\拉伸件__凸台-拉伸1-copys-2-0.cliD:\hk\最终零件\Box-copys-1-0-copys-1-0.cliD:\hk\最终零件\Box-copys-1-1-copys-1-0.cliD:\hk\最终零件\Box-copys-1-2-copys-1-0.cliD:\hk\最终零件\Box-copys-1-3-copys-1-0.cliD:\Release\CLI输入文件\SCUT-3DP测试件打-0915\Box-Shield-140-copys-0-1.cli}
平移方式{true为目标位置平移，false为相对平移{False}}X方向平移目标值{-47.5MM}Y方向平移目标值{-34.97005MM}Z方向平移目标值{0MM}X方向平移增量{0MM}Y方向平移增量{5MM}Z方向平移增量{0MM}
2023-03-06 09:59:28,230 [AppLog] INFO : 进入手动调试子模块！
2023-03-06 09:59:36,513 [AppLog] INFO : 手动正向JOG指令（8轴运控板卡系统） ====》：输出AXIS{第2轴},运动速度{50MM/s}
2023-03-06 09:59:47,714 [AppLog] INFO : 手动停止JOG输出（8轴运控板卡系统） ====》：输出AXIS{第2轴}
2023-03-06 09:59:50,319 [AppLog] INFO : 手动负向JOG指令（8轴运控板卡系统） ====》：输出AXIS{第2轴},运动速度{50MM/s}
2023-03-06 09:59:51,084 [AppLog] INFO : 手动停止JOG输出（8轴运控板卡系统） ====》：输出AXIS{第2轴}
2023-03-06 09:59:53,658 [AppLog] INFO : 手动负向JOG指令（8轴运控板卡系统） ====》：输出AXIS{第2轴},运动速度{50MM/s}
2023-03-06 09:59:53,767 [AppLog] INFO : 手动停止JOG输出（8轴运控板卡系统） ====》：输出AXIS{第2轴}
2023-03-06 09:59:54,032 [AppLog] INFO : 手动负向JOG指令（8轴运控板卡系统） ====》：输出AXIS{第2轴},运动速度{50MM/s}
2023-03-06 09:59:54,251 [AppLog] INFO : 手动停止JOG输出（8轴运控板卡系统） ====》：输出AXIS{第2轴}
