2023-09-23 12:09:04,106 [AppLog] INFO : 软件开机密码正确，登录成功1次
==========================================================================
操作系统:{Microsoft Windows 7 旗舰版 }
运行环境:{ .Net Framework Enviroment Version 4.0.30319.42000}
盘符：D
CPU使用率：{23.21397%} ，可用内存大小:{14416MB}，硬盘剩余空间：
  盘符 C:\ 的剩余空间：70 GB
  盘符 D:\ 的剩余空间：70 GB
硬件配置情况：
  CPU 厂家: GenuineIntel CPU 型号: Intel(R) Core(TM) i7-4770 CPU @ 3.40GHz
  内存条厂家: Kingston 内存条型号: 99P5471-043.A00LF 
  内存条厂家: Kingston 内存条型号: 99P5471-043.A00LF 
  硬盘厂家: (标准磁盘驱动器) 硬盘型号: Micron_1300_MTFDDAK256TDL ATA Device
==========================================================================
2023-09-23 12:09:06,165 [AppLog] INFO : 开启系统：板卡通讯，伺服供电，照明系统，UV/HR固化系统！
2023-09-23 12:09:06,165 [AppLog] INFO : 开启系统：一键启动系统开始！
2023-09-23 12:09:12,249 [AppLog] INFO : 开启系统：一键启动系统结束！
2023-09-23 12:09:12,452 [AppLog] INFO : 创建：AutoPrintMotion0=》初次创建完成-手动操作！
2023-09-23 12:09:12,530 [AppLog] INFO : 初始化喷墨控制器启动！
2023-09-23 12:09:36,305 [AppLog] INFO : 打开喷墨控制器设备成功！
2023-09-23 12:09:36,336 [AppLog] INFO : 输入校准值1次{成功}，打印往返差校准值为：BiDirEncPrtOff{5},分频值{8},打印速度{300mm/s}
2023-09-23 12:09:36,726 [AppLog] INFO : PASS打印前关键状态：DEV_GetDeviceInfo：LPPRINTER_INFO:nXSysEncDPI{5080}nStatus{909129520}nPrintStatus{0}bSuperDevice{1}
LPPRINTER_INFO-LPPrtRunInfo:bJobPrtRuning{False}bLayerPrtIsOver{False}nContReqMemErr{0}nContWDErr{0}nCurPrtDir{0}nDTLayerIndex{0}nDTLayerPassIndex{0}nDTPtrCtlIndex{0}nLayerPassCount{0}nPrintLayerIndex{0}nPrintPassIndex{0}nProcLayerIndex{0}nPrtDataMemAddr{0}nPrtState{0}nReverse{System.Int32[]}nRevPrtCols{0}
LPPRINTER_INFO-LPDRVINFO:nFMVersion{45074}nFpgaVersion{539038216}nPCBVersion{0}nState{0}nNextState{0}nPtvwarnState{0}nCrc32{0}nRevInfo{System.UInt32[]}nSignature{0}
2023-09-23 12:11:55,145 [AppLog] INFO : 初始化喷墨控制器成功！
2023-09-23 12:11:55,145 [AppLog] INFO : 进入：EquipmentMotionLogic3=》准备创建对象-手动操作！
2023-09-23 12:11:55,176 [AppLog] INFO : 进入：EquipmentMotionLogic3=》创建完成-手动操作！
2023-09-23 12:11:55,316 [AppLog] INFO : 红外灯控制器485通讯建立！
2023-09-23 12:11:55,316 [AppLog] INFO : 进入电气控制模块
2023-09-23 12:11:59,513 [AppLog] INFO : 退出电气控制模块
2023-09-23 12:12:00,542 [AppLog] INFO : 进入手动调试子模块！
2023-09-23 12:12:00,542 [AppLog] INFO : 进入：ManulBtn_Click=》准备创建对象-手动操作！
2023-09-23 12:12:00,574 [AppLog] INFO : 创建：ManualControl=》创建完成-手动操作！
2023-09-23 12:12:00,574 [AppLog] INFO : 加载成功：温控Modbus接口！
2023-09-23 12:12:04,427 [AppLog] INFO : 手动负向点动指令（8轴运控板卡系统） ====》：输出AXIS{第1轴},点动量{1.5MM},运动速度{2MM/s}
2023-09-23 12:12:05,550 [AppLog] INFO : 切换为JOG模式====》：输出AXIS{第1轴}
2023-09-23 12:12:07,297 [AppLog] INFO : 手动负向JOG指令（8轴运控板卡系统） ====》：输出AXIS{第1轴},运动速度{2MM/s}
2023-09-23 12:12:07,391 [AppLog] INFO : 手动停止JOG输出（8轴运控板卡系统） ====》：输出AXIS{第1轴}
2023-09-23 12:12:07,765 [AppLog] INFO : 手动负向JOG指令（8轴运控板卡系统） ====》：输出AXIS{第1轴},运动速度{2MM/s}
2023-09-23 12:12:19,699 [AppLog] INFO : 手动停止JOG输出（8轴运控板卡系统） ====》：输出AXIS{第1轴}
2023-09-23 12:12:19,871 [AppLog] INFO : 手动负向JOG指令（8轴运控板卡系统） ====》：输出AXIS{第1轴},运动速度{2MM/s}
2023-09-23 12:12:23,069 [AppLog] INFO : 手动停止JOG输出（8轴运控板卡系统） ====》：输出AXIS{第1轴}
2023-09-23 12:12:36,095 [AppLog] INFO : 手动负向JOG指令（8轴运控板卡系统） ====》：输出AXIS{第1轴},运动速度{2MM/s}
2023-09-23 12:12:44,176 [AppLog] INFO : 手动停止JOG输出（8轴运控板卡系统） ====》：输出AXIS{第1轴}
2023-09-23 12:12:44,254 [AppLog] INFO : 手动负向JOG指令（8轴运控板卡系统） ====》：输出AXIS{第1轴},运动速度{2MM/s}
2023-09-23 12:12:45,861 [AppLog] INFO : 手动停止JOG输出（8轴运控板卡系统） ====》：输出AXIS{第1轴}
2023-09-23 12:12:46,173 [AppLog] INFO : 手动负向JOG指令（8轴运控板卡系统） ====》：输出AXIS{第1轴},运动速度{2MM/s}
2023-09-23 12:12:46,422 [AppLog] INFO : 手动停止JOG输出（8轴运控板卡系统） ====》：输出AXIS{第1轴}
2023-09-23 12:12:46,875 [AppLog] INFO : 手动负向JOG指令（8轴运控板卡系统） ====》：输出AXIS{第1轴},运动速度{2MM/s}
2023-09-23 12:12:47,265 [AppLog] INFO : 手动停止JOG输出（8轴运控板卡系统） ====》：输出AXIS{第1轴}
2023-09-23 12:12:47,561 [AppLog] INFO : 手动负向JOG指令（8轴运控板卡系统） ====》：输出AXIS{第1轴},运动速度{2MM/s}
2023-09-23 12:12:47,733 [AppLog] INFO : 手动停止JOG输出（8轴运控板卡系统） ====》：输出AXIS{第1轴}
2023-09-23 12:12:47,998 [AppLog] INFO : 手动负向JOG指令（8轴运控板卡系统） ====》：输出AXIS{第1轴},运动速度{2MM/s}
2023-09-23 12:12:48,091 [AppLog] INFO : 手动停止JOG输出（8轴运控板卡系统） ====》：输出AXIS{第1轴}
2023-09-23 12:12:54,971 [AppLog] INFO : 手动负向JOG指令（8轴运控板卡系统） ====》：输出AXIS{第1轴},运动速度{2MM/s}
2023-09-23 12:12:59,526 [AppLog] INFO : 手动停止JOG输出（8轴运控板卡系统） ====》：输出AXIS{第1轴}
2023-09-23 12:12:59,698 [AppLog] INFO : 手动负向JOG指令（8轴运控板卡系统） ====》：输出AXIS{第1轴},运动速度{2MM/s}
2023-09-23 12:13:05,158 [AppLog] INFO : 手动停止JOG输出（8轴运控板卡系统） ====》：输出AXIS{第1轴}
2023-09-23 12:13:05,392 [AppLog] INFO : 手动负向JOG指令（8轴运控板卡系统） ====》：输出AXIS{第1轴},运动速度{2MM/s}
2023-09-23 12:13:06,047 [AppLog] INFO : 手动停止JOG输出（8轴运控板卡系统） ====》：输出AXIS{第1轴}
2023-09-23 12:13:06,390 [AppLog] INFO : 手动负向JOG指令（8轴运控板卡系统） ====》：输出AXIS{第1轴},运动速度{2MM/s}
2023-09-23 12:13:06,811 [AppLog] INFO : 手动停止JOG输出（8轴运控板卡系统） ====》：输出AXIS{第1轴}
2023-09-23 12:13:07,482 [AppLog] INFO : 手动负向JOG指令（8轴运控板卡系统） ====》：输出AXIS{第1轴},运动速度{2MM/s}
2023-09-23 12:13:07,747 [AppLog] INFO : 手动停止JOG输出（8轴运控板卡系统） ====》：输出AXIS{第1轴}
2023-09-23 12:13:08,059 [AppLog] INFO : 手动负向JOG指令（8轴运控板卡系统） ====》：输出AXIS{第1轴},运动速度{2MM/s}
2023-09-23 12:13:08,371 [AppLog] INFO : 手动停止JOG输出（8轴运控板卡系统） ====》：输出AXIS{第1轴}
2023-09-23 12:13:08,683 [AppLog] INFO : 手动负向JOG指令（8轴运控板卡系统） ====》：输出AXIS{第1轴},运动速度{2MM/s}
2023-09-23 12:13:08,933 [AppLog] INFO : 手动停止JOG输出（8轴运控板卡系统） ====》：输出AXIS{第1轴}
2023-09-23 12:13:09,354 [AppLog] INFO : 手动负向JOG指令（8轴运控板卡系统） ====》：输出AXIS{第1轴},运动速度{2MM/s}
2023-09-23 12:13:09,760 [AppLog] INFO : 手动停止JOG输出（8轴运控板卡系统） ====》：输出AXIS{第1轴}
2023-09-23 12:13:09,978 [AppLog] INFO : 手动负向JOG指令（8轴运控板卡系统） ====》：输出AXIS{第1轴},运动速度{2MM/s}
2023-09-23 12:13:10,150 [AppLog] INFO : 手动停止JOG输出（8轴运控板卡系统） ====》：输出AXIS{第1轴}
2023-09-23 12:13:11,616 [AppLog] INFO : 手动正向JOG指令（8轴运控板卡系统） ====》：输出AXIS{第1轴},运动速度{2MM/s}
2023-09-23 12:13:11,694 [AppLog] INFO : 手动停止JOG输出（8轴运控板卡系统） ====》：输出AXIS{第1轴}
2023-09-23 12:13:12,193 [AppLog] INFO : 手动正向JOG指令（8轴运控板卡系统） ====》：输出AXIS{第1轴},运动速度{2MM/s}
2023-09-23 12:13:12,287 [AppLog] INFO : 手动停止JOG输出（8轴运控板卡系统） ====》：输出AXIS{第1轴}
2023-09-23 12:13:12,661 [AppLog] INFO : 手动正向JOG指令（8轴运控板卡系统） ====》：输出AXIS{第1轴},运动速度{2MM/s}
2023-09-23 12:13:12,739 [AppLog] INFO : 手动停止JOG输出（8轴运控板卡系统） ====》：输出AXIS{第1轴}
2023-09-23 12:13:13,363 [AppLog] INFO : 手动正向JOG指令（8轴运控板卡系统） ====》：输出AXIS{第1轴},运动速度{2MM/s}
2023-09-23 12:13:13,441 [AppLog] INFO : 手动停止JOG输出（8轴运控板卡系统） ====》：输出AXIS{第1轴}
2023-09-23 12:13:29,603 [AppLog] INFO : 退出手动调试子模块，未执行修改
==========================================================================
2023-09-23 12:17:38,813 [AppLog] INFO : 进入手动调试子模块！
2023-09-23 12:17:38,813 [AppLog] INFO : 进入：ManulBtn_Click=》准备创建对象-手动操作！
2023-09-23 12:17:38,845 [AppLog] INFO : 创建：ManualControl=》创建完成-手动操作！
2023-09-23 12:17:38,845 [AppLog] INFO : 加载成功：温控Modbus接口！
2023-09-23 12:17:43,353 [AppLog] INFO : 手动负向点动指令（8轴运控板卡系统） ====》：输出AXIS{第1轴},点动量{1.5MM},运动速度{2MM/s}
2023-09-23 12:17:54,179 [AppLog] INFO : 退出手动调试子模块，未执行修改
==========================================================================
2023-09-23 12:17:56,660 [AppLog] INFO : 进入电气控制模块
2023-09-23 12:18:00,061 [AppLog] INFO : 退出电气控制模块
2023-09-23 12:18:01,090 [AppLog] INFO : 开启系统：板卡通讯，伺服供电，照明系统，UV/HR固化系统！
2023-09-23 12:18:03,025 [AppLog] INFO : 关闭系统：一键关闭系统开始！
2023-09-23 12:18:09,207 [AppLog] INFO : 关闭系统：一键关闭系统结束！
2023-09-23 12:18:09,237 [AppLog] INFO : 喷墨控制器的所有轴输出关闭！
2023-09-23 12:18:09,287 [AppLog] INFO : 喷墨控制器关闭！
2023-09-23 12:18:09,287 [AppLog] INFO : 创建：AutoPrintMotion0=》不需重新创建-手动操作！
2023-09-23 12:18:09,287 [AppLog] INFO : 进入电气控制模块
2023-09-23 12:21:14,757 [AppLog] INFO : 电气控制模块：手动打开端口15
2023-09-23 12:21:15,917 [AppLog] INFO : 电气控制模块：手动打开端口14
2023-09-23 12:21:17,227 [AppLog] INFO : 电气控制模块：手动关闭端口15
2023-09-23 12:21:17,907 [AppLog] INFO : 电气控制模块：手动打开端口15
2023-09-23 12:21:19,087 [AppLog] INFO : 退出电气控制模块
2023-09-23 12:21:21,607 [AppLog] INFO : 开启系统：板卡通讯，伺服供电，照明系统，UV/HR固化系统！
2023-09-23 12:21:21,607 [AppLog] INFO : 开启系统：一键启动系统开始！
2023-09-23 12:21:27,607 [AppLog] INFO : 开启系统：一键启动系统结束！
2023-09-23 12:21:27,607 [AppLog] INFO : 创建：AutoPrintMotion0=》不需重新创建-手动操作！
2023-09-23 12:21:27,607 [AppLog] INFO : 初始化喷墨控制器启动！
2023-09-23 12:21:46,207 [AppLog] INFO : 打开喷墨控制器设备成功！
2023-09-23 12:21:46,237 [AppLog] INFO : 输入校准值1次{成功}，打印往返差校准值为：BiDirEncPrtOff{5},分频值{8},打印速度{300mm/s}
2023-09-23 12:21:46,607 [AppLog] INFO : PASS打印前关键状态：DEV_GetDeviceInfo：LPPRINTER_INFO:nXSysEncDPI{5080}nStatus{909129520}nPrintStatus{0}bSuperDevice{1}
LPPRINTER_INFO-LPPrtRunInfo:bJobPrtRuning{False}bLayerPrtIsOver{False}nContReqMemErr{0}nContWDErr{0}nCurPrtDir{0}nDTLayerIndex{0}nDTLayerPassIndex{0}nDTPtrCtlIndex{0}nLayerPassCount{0}nPrintLayerIndex{0}nPrintPassIndex{0}nProcLayerIndex{0}nPrtDataMemAddr{0}nPrtState{0}nReverse{System.Int32[]}nRevPrtCols{0}
LPPRINTER_INFO-LPDRVINFO:nFMVersion{45074}nFpgaVersion{539038216}nPCBVersion{0}nState{0}nNextState{0}nPtvwarnState{0}nCrc32{0}nRevInfo{System.UInt32[]}nSignature{0}
2023-09-23 12:22:05,877 [AppLog] INFO : 初始化喷墨控制器成功！
2023-09-23 12:22:05,877 [AppLog] INFO : 进入：EquipmentMotionLogic3=》准备创建对象-手动操作！
2023-09-23 12:22:05,907 [AppLog] INFO : 进入：EquipmentMotionLogic3=》创建完成-手动操作！
2023-09-23 12:22:06,027 [AppLog] INFO : 红外灯控制器485通讯建立！
2023-09-23 12:22:06,027 [AppLog] INFO : 进入电气控制模块
2023-09-23 12:22:08,357 [AppLog] INFO : 电气控制模块：手动关闭端口14
2023-09-23 12:22:09,437 [AppLog] INFO : 电气控制模块：手动关闭端口15
2023-09-23 12:22:09,987 [AppLog] INFO : 电气控制模块：手动打开端口15
2023-09-23 12:22:11,317 [AppLog] INFO : 电气控制模块：手动打开端口14
2023-09-23 12:22:11,927 [AppLog] INFO : 退出电气控制模块
2023-09-23 12:22:12,917 [AppLog] INFO : 进入手动调试子模块！
2023-09-23 12:22:12,917 [AppLog] INFO : 进入：ManulBtn_Click=》准备创建对象-手动操作！
2023-09-23 12:22:12,937 [AppLog] INFO : 创建：ManualControl=》创建完成-手动操作！
2023-09-23 12:22:12,937 [AppLog] INFO : 加载成功：温控Modbus接口！
2023-09-23 12:22:15,007 [AppLog] INFO : 手动正向点动指令（8轴运控板卡系统） ====》：输出AXIS{第1轴},点动量{1.5MM},运动速度{2MM/s}
2023-09-23 12:22:17,867 [AppLog] INFO : 切换为JOG模式====》：输出AXIS{第1轴}
2023-09-23 12:22:19,697 [AppLog] INFO : 手动正向JOG指令（8轴运控板卡系统） ====》：输出AXIS{第1轴},运动速度{2MM/s}
2023-09-23 12:22:20,777 [AppLog] INFO : 手动停止JOG输出（8轴运控板卡系统） ====》：输出AXIS{第1轴}
2023-09-23 12:22:21,047 [AppLog] INFO : 手动正向JOG指令（8轴运控板卡系统） ====》：输出AXIS{第1轴},运动速度{2MM/s}
2023-09-23 12:22:21,777 [AppLog] INFO : 手动停止JOG输出（8轴运控板卡系统） ====》：输出AXIS{第1轴}
2023-09-23 12:22:22,037 [AppLog] INFO : 手动正向JOG指令（8轴运控板卡系统） ====》：输出AXIS{第1轴},运动速度{2MM/s}
2023-09-23 12:22:22,377 [AppLog] INFO : 手动停止JOG输出（8轴运控板卡系统） ====》：输出AXIS{第1轴}
2023-09-23 12:22:23,147 [AppLog] INFO : 手动正向JOG指令（8轴运控板卡系统） ====》：输出AXIS{第1轴},运动速度{2MM/s}
2023-09-23 12:22:23,627 [AppLog] INFO : 手动停止JOG输出（8轴运控板卡系统） ====》：输出AXIS{第1轴}
2023-09-23 12:22:23,857 [AppLog] INFO : 手动正向JOG指令（8轴运控板卡系统） ====》：输出AXIS{第1轴},运动速度{2MM/s}
2023-09-23 12:22:24,247 [AppLog] INFO : 手动停止JOG输出（8轴运控板卡系统） ====》：输出AXIS{第1轴}
2023-09-23 12:22:24,547 [AppLog] INFO : 手动正向JOG指令（8轴运控板卡系统） ====》：输出AXIS{第1轴},运动速度{2MM/s}
2023-09-23 12:22:24,977 [AppLog] INFO : 手动停止JOG输出（8轴运控板卡系统） ====》：输出AXIS{第1轴}
2023-09-23 12:22:27,027 [AppLog] INFO : 手动正向JOG指令（8轴运控板卡系统） ====》：输出AXIS{第1轴},运动速度{2MM/s}
2023-09-23 12:22:27,407 [AppLog] INFO : 手动停止JOG输出（8轴运控板卡系统） ====》：输出AXIS{第1轴}
2023-09-23 12:22:27,657 [AppLog] INFO : 手动正向JOG指令（8轴运控板卡系统） ====》：输出AXIS{第1轴},运动速度{2MM/s}
2023-09-23 12:22:28,297 [AppLog] INFO : 手动停止JOG输出（8轴运控板卡系统） ====》：输出AXIS{第1轴}
2023-09-23 12:22:28,487 [AppLog] INFO : 手动正向JOG指令（8轴运控板卡系统） ====》：输出AXIS{第1轴},运动速度{2MM/s}
2023-09-23 12:22:29,877 [AppLog] INFO : 手动停止JOG输出（8轴运控板卡系统） ====》：输出AXIS{第1轴}
2023-09-23 12:22:30,067 [AppLog] INFO : 手动正向JOG指令（8轴运控板卡系统） ====》：输出AXIS{第1轴},运动速度{2MM/s}
2023-09-23 12:22:31,397 [AppLog] INFO : 手动停止JOG输出（8轴运控板卡系统） ====》：输出AXIS{第1轴}
2023-09-23 12:22:31,607 [AppLog] INFO : 手动正向JOG指令（8轴运控板卡系统） ====》：输出AXIS{第1轴},运动速度{2MM/s}
2023-09-23 12:22:33,810 [AppLog] INFO : 手动停止JOG输出（8轴运控板卡系统） ====》：输出AXIS{第1轴}
2023-09-23 12:22:33,997 [AppLog] INFO : 手动正向JOG指令（8轴运控板卡系统） ====》：输出AXIS{第1轴},运动速度{2MM/s}
2023-09-23 12:22:39,660 [AppLog] INFO : 手动停止JOG输出（8轴运控板卡系统） ====》：输出AXIS{第1轴}
2023-09-23 12:22:39,847 [AppLog] INFO : 手动正向JOG指令（8轴运控板卡系统） ====》：输出AXIS{第1轴},运动速度{2MM/s}
2023-09-23 12:22:40,471 [AppLog] INFO : 手动停止JOG输出（8轴运控板卡系统） ====》：输出AXIS{第1轴}
2023-09-23 12:22:40,689 [AppLog] INFO : 手动正向JOG指令（8轴运控板卡系统） ====》：输出AXIS{第1轴},运动速度{2MM/s}
2023-09-23 12:22:42,062 [AppLog] INFO : 手动停止JOG输出（8轴运控板卡系统） ====》：输出AXIS{第1轴}
2023-09-23 12:22:42,359 [AppLog] INFO : 手动正向JOG指令（8轴运控板卡系统） ====》：输出AXIS{第1轴},运动速度{2MM/s}
2023-09-23 12:22:42,764 [AppLog] INFO : 手动停止JOG输出（8轴运控板卡系统） ====》：输出AXIS{第1轴}
2023-09-23 12:22:45,104 [AppLog] INFO : 手动正向JOG指令（8轴运控板卡系统） ====》：输出AXIS{第1轴},运动速度{2MM/s}
2023-09-23 12:22:45,572 [AppLog] INFO : 手动停止JOG输出（8轴运控板卡系统） ====》：输出AXIS{第1轴}
2023-09-23 12:22:47,678 [AppLog] INFO : 手动正向JOG指令（8轴运控板卡系统） ====》：输出AXIS{第1轴},运动速度{2MM/s}
2023-09-23 12:22:48,879 [AppLog] INFO : 手动停止JOG输出（8轴运控板卡系统） ====》：输出AXIS{第1轴}
2023-09-23 12:22:49,394 [AppLog] INFO : 手动正向JOG指令（8轴运控板卡系统） ====》：输出AXIS{第1轴},运动速度{2MM/s}
2023-09-23 12:22:58,676 [AppLog] INFO : 手动停止JOG输出（8轴运控板卡系统） ====》：输出AXIS{第1轴}
2023-09-23 12:22:58,879 [AppLog] INFO : 手动正向JOG指令（8轴运控板卡系统） ====》：输出AXIS{第1轴},运动速度{2MM/s}
2023-09-23 12:22:59,878 [AppLog] INFO : 手动停止JOG输出（8轴运控板卡系统） ====》：输出AXIS{第1轴}
2023-09-23 12:23:00,080 [AppLog] INFO : 手动正向JOG指令（8轴运控板卡系统） ====》：输出AXIS{第1轴},运动速度{2MM/s}
2023-09-23 12:23:02,093 [AppLog] INFO : 手动停止JOG输出（8轴运控板卡系统） ====》：输出AXIS{第1轴}
2023-09-23 12:23:02,327 [AppLog] INFO : 手动正向JOG指令（8轴运控板卡系统） ====》：输出AXIS{第1轴},运动速度{2MM/s}
2023-09-23 12:23:03,590 [AppLog] INFO : 手动停止JOG输出（8轴运控板卡系统） ====》：输出AXIS{第1轴}
2023-09-23 12:23:03,778 [AppLog] INFO : 手动正向JOG指令（8轴运控板卡系统） ====》：输出AXIS{第1轴},运动速度{2MM/s}
2023-09-23 12:23:14,900 [AppLog] INFO : 手动停止JOG输出（8轴运控板卡系统） ====》：输出AXIS{第1轴}
2023-09-23 12:23:15,088 [AppLog] INFO : 手动正向JOG指令（8轴运控板卡系统） ====》：输出AXIS{第1轴},运动速度{2MM/s}
2023-09-23 12:23:29,018 [AppLog] INFO : 手动停止JOG输出（8轴运控板卡系统） ====》：输出AXIS{第1轴}
2023-09-23 12:23:29,237 [AppLog] INFO : 手动正向JOG指令（8轴运控板卡系统） ====》：输出AXIS{第1轴},运动速度{2MM/s}
2023-09-23 12:23:49,361 [AppLog] INFO : 手动停止JOG输出（8轴运控板卡系统） ====》：输出AXIS{第1轴}
2023-09-23 12:23:49,548 [AppLog] INFO : 手动正向JOG指令（8轴运控板卡系统） ====》：输出AXIS{第1轴},运动速度{2MM/s}
2023-09-23 12:23:50,905 [AppLog] INFO : 手动停止JOG输出（8轴运控板卡系统） ====》：输出AXIS{第1轴}
2023-09-23 12:23:51,092 [AppLog] INFO : 手动正向JOG指令（8轴运控板卡系统） ====》：输出AXIS{第1轴},运动速度{2MM/s}
2023-09-23 12:23:52,590 [AppLog] INFO : 手动停止JOG输出（8轴运控板卡系统） ====》：输出AXIS{第1轴}
2023-09-23 12:23:52,762 [AppLog] INFO : 手动正向JOG指令（8轴运控板卡系统） ====》：输出AXIS{第1轴},运动速度{2MM/s}
2023-09-23 12:23:54,587 [AppLog] INFO : 手动停止JOG输出（8轴运控板卡系统） ====》：输出AXIS{第1轴}
2023-09-23 12:23:54,836 [AppLog] INFO : 手动正向JOG指令（8轴运控板卡系统） ====》：输出AXIS{第1轴},运动速度{2MM/s}
2023-09-23 12:23:57,551 [AppLog] INFO : 手动停止JOG输出（8轴运控板卡系统） ====》：输出AXIS{第1轴}
2023-09-23 12:23:57,785 [AppLog] INFO : 手动正向JOG指令（8轴运控板卡系统） ====》：输出AXIS{第1轴},运动速度{2MM/s}
2023-09-23 12:23:59,938 [AppLog] INFO : 手动停止JOG输出（8轴运控板卡系统） ====》：输出AXIS{第1轴}
2023-09-23 12:24:00,359 [AppLog] INFO : 手动正向JOG指令（8轴运控板卡系统） ====》：输出AXIS{第1轴},运动速度{2MM/s}
2023-09-23 12:24:18,502 [AppLog] INFO : 手动停止JOG输出（8轴运控板卡系统） ====》：输出AXIS{第1轴}
2023-09-23 12:24:28,891 [AppLog] INFO : 手动负向JOG指令（8轴运控板卡系统） ====》：输出AXIS{第1轴},运动速度{2MM/s}
2023-09-23 12:24:32,635 [AppLog] INFO : 手动停止JOG输出（8轴运控板卡系统） ====》：输出AXIS{第1轴}
2023-09-23 12:24:36,972 [AppLog] INFO : 退出手动调试子模块，未执行修改
==========================================================================
2023-09-23 12:24:38,220 [AppLog] INFO : 进入电气控制模块
2023-09-23 12:24:39,140 [AppLog] INFO : 电气控制模块：手动关闭端口15
2023-09-23 12:24:40,466 [AppLog] INFO : 退出电气控制模块
2023-09-23 12:24:41,714 [AppLog] INFO : 进入手动调试子模块！
2023-09-23 12:24:41,714 [AppLog] INFO : 进入：ManulBtn_Click=》准备创建对象-手动操作！
2023-09-23 12:24:41,761 [AppLog] INFO : 创建：ManualControl=》创建完成-手动操作！
2023-09-23 12:24:41,761 [AppLog] INFO : 加载成功：温控Modbus接口！
2023-09-23 12:24:55,084 [AppLog] INFO : 手动负向点动指令（8轴运控板卡系统） ====》：输出AXIS{第1轴},点动量{1.5MM},运动速度{2MM/s}
2023-09-23 12:24:56,457 [AppLog] INFO : 手动负向点动指令（8轴运控板卡系统） ====》：输出AXIS{第1轴},点动量{1.5MM},运动速度{2MM/s}
2023-09-23 12:25:02,151 [AppLog] INFO : 手动正向点动指令（8轴运控板卡系统） ====》：输出AXIS{第1轴},点动量{1.5MM},运动速度{2MM/s}
2023-09-23 12:25:07,954 [AppLog] INFO : 手动正向点动指令（8轴运控板卡系统） ====》：输出AXIS{第1轴},点动量{1.5MM},运动速度{2MM/s}
2023-09-23 12:25:08,749 [AppLog] INFO : 手动正向点动指令（8轴运控板卡系统） ====》：输出AXIS{第1轴},点动量{1.5MM},运动速度{2MM/s}
2023-09-23 12:25:10,309 [AppLog] INFO : 切换为JOG模式====》：输出AXIS{第1轴}
2023-09-23 12:25:11,292 [AppLog] INFO : 手动负向JOG指令（8轴运控板卡系统） ====》：输出AXIS{第1轴},运动速度{2MM/s}
2023-09-23 12:25:20,169 [AppLog] INFO : 手动停止JOG输出（8轴运控板卡系统） ====》：输出AXIS{第1轴}
2023-09-23 12:25:27,204 [AppLog] INFO : 手动负向JOG指令（8轴运控板卡系统） ====》：输出AXIS{第1轴},运动速度{5MM/s}
2023-09-23 12:25:34,848 [AppLog] INFO : 手动停止JOG输出（8轴运控板卡系统） ====》：输出AXIS{第1轴}
2023-09-23 12:25:35,067 [AppLog] INFO : 手动负向JOG指令（8轴运控板卡系统） ====》：输出AXIS{第1轴},运动速度{5MM/s}
2023-09-23 12:25:35,597 [AppLog] INFO : 手动停止JOG输出（8轴运控板卡系统） ====》：输出AXIS{第1轴}
2023-09-23 12:25:35,831 [AppLog] INFO : 手动负向JOG指令（8轴运控板卡系统） ====》：输出AXIS{第1轴},运动速度{5MM/s}
2023-09-23 12:25:36,190 [AppLog] INFO : 手动停止JOG输出（8轴运控板卡系统） ====》：输出AXIS{第1轴}
2023-09-23 12:25:36,377 [AppLog] INFO : 手动负向JOG指令（8轴运控板卡系统） ====》：输出AXIS{第1轴},运动速度{5MM/s}
2023-09-23 12:25:36,798 [AppLog] INFO : 手动停止JOG输出（8轴运控板卡系统） ====》：输出AXIS{第1轴}
2023-09-23 12:25:38,873 [AppLog] INFO : 手动正向JOG指令（8轴运控板卡系统） ====》：输出AXIS{第1轴},运动速度{5MM/s}
2023-09-23 12:25:53,334 [AppLog] INFO : 手动停止JOG输出（8轴运控板卡系统） ====》：输出AXIS{第1轴}
2023-09-23 12:25:53,833 [AppLog] INFO : 手动正向JOG指令（8轴运控板卡系统） ====》：输出AXIS{第1轴},运动速度{5MM/s}
2023-09-23 12:25:54,317 [AppLog] INFO : 手动停止JOG输出（8轴运控板卡系统） ====》：输出AXIS{第1轴}
2023-09-23 12:25:54,582 [AppLog] INFO : 手动正向JOG指令（8轴运控板卡系统） ====》：输出AXIS{第1轴},运动速度{5MM/s}
2023-09-23 12:25:54,910 [AppLog] INFO : 手动停止JOG输出（8轴运控板卡系统） ====》：输出AXIS{第1轴}
2023-09-23 12:25:55,191 [AppLog] INFO : 手动正向JOG指令（8轴运控板卡系统） ====》：输出AXIS{第1轴},运动速度{5MM/s}
2023-09-23 12:25:55,315 [AppLog] INFO : 手动停止JOG输出（8轴运控板卡系统） ====》：输出AXIS{第1轴}
2023-09-23 12:25:55,799 [AppLog] INFO : 手动正向JOG指令（8轴运控板卡系统） ====》：输出AXIS{第1轴},运动速度{5MM/s}
2023-09-23 12:25:56,049 [AppLog] INFO : 手动停止JOG输出（8轴运控板卡系统） ====》：输出AXIS{第1轴}
2023-09-23 12:25:56,361 [AppLog] INFO : 手动正向JOG指令（8轴运控板卡系统） ====》：输出AXIS{第1轴},运动速度{5MM/s}
2023-09-23 12:25:56,454 [AppLog] INFO : 手动停止JOG输出（8轴运控板卡系统） ====》：输出AXIS{第1轴}
2023-09-23 12:25:59,028 [AppLog] INFO : 手动负向JOG指令（8轴运控板卡系统） ====》：输出AXIS{第1轴},运动速度{5MM/s}
2023-09-23 12:25:59,699 [AppLog] INFO : 手动停止JOG输出（8轴运控板卡系统） ====》：输出AXIS{第1轴}
2023-09-23 12:26:01,415 [AppLog] INFO : 手动正向JOG指令（8轴运控板卡系统） ====》：输出AXIS{第1轴},运动速度{5MM/s}
2023-09-23 12:26:02,304 [AppLog] INFO : 手动停止JOG输出（8轴运控板卡系统） ====》：输出AXIS{第1轴}
2023-09-23 12:26:04,800 [AppLog] INFO : 退出手动调试子模块，未执行修改
==========================================================================
2023-09-23 12:26:06,048 [AppLog] INFO : 进入电气控制模块
2023-09-23 12:26:07,405 [AppLog] INFO : 电气控制模块：手动打开端口15
2023-09-23 12:26:08,310 [AppLog] INFO : 退出电气控制模块
2023-09-23 12:26:09,371 [AppLog] INFO : 进入手动调试子模块！
2023-09-23 12:26:09,371 [AppLog] INFO : 进入：ManulBtn_Click=》准备创建对象-手动操作！
2023-09-23 12:26:09,402 [AppLog] INFO : 创建：ManualControl=》创建完成-手动操作！
2023-09-23 12:26:09,402 [AppLog] INFO : 加载成功：温控Modbus接口！
2023-09-23 12:26:12,397 [AppLog] INFO : 手动负向点动指令（8轴运控板卡系统） ====》：输出AXIS{第1轴},点动量{1.5MM},运动速度{2MM/s}
2023-09-23 12:26:12,787 [AppLog] INFO : 切换为JOG模式====》：输出AXIS{第1轴}
2023-09-23 12:26:13,521 [AppLog] INFO : 手动负向JOG指令（8轴运控板卡系统） ====》：输出AXIS{第1轴},运动速度{2MM/s}
2023-09-23 12:26:13,661 [AppLog] INFO : 手动停止JOG输出（8轴运控板卡系统） ====》：输出AXIS{第1轴}
2023-09-23 12:26:13,708 [AppLog] INFO : 手动负向JOG指令（8轴运控板卡系统） ====》：输出AXIS{第1轴},运动速度{2MM/s}
2023-09-23 12:26:18,497 [AppLog] INFO : 手动停止JOG输出（8轴运控板卡系统） ====》：输出AXIS{第1轴}
2023-09-23 12:26:18,871 [AppLog] INFO : 手动负向JOG指令（8轴运控板卡系统） ====》：输出AXIS{第1轴},运动速度{2MM/s}
2023-09-23 12:26:19,246 [AppLog] INFO : 手动停止JOG输出（8轴运控板卡系统） ====》：输出AXIS{第1轴}
2023-09-23 12:26:21,633 [AppLog] INFO : 退出手动调试子模块，未执行修改
==========================================================================
2023-09-23 12:26:24,066 [AppLog] INFO : 进入电气控制模块
2023-09-23 12:26:25,377 [AppLog] INFO : 电气控制模块：手动关闭端口15
2023-09-23 12:26:25,969 [AppLog] INFO : 电气控制模块：手动打开端口15
2023-09-23 12:26:27,951 [AppLog] INFO : 退出电气控制模块
2023-09-23 12:26:29,011 [AppLog] INFO : 进入手动调试子模块！
2023-09-23 12:26:29,011 [AppLog] INFO : 进入：ManulBtn_Click=》准备创建对象-手动操作！
2023-09-23 12:26:29,043 [AppLog] INFO : 创建：ManualControl=》创建完成-手动操作！
2023-09-23 12:26:29,043 [AppLog] INFO : 加载成功：温控Modbus接口！
2023-09-23 12:26:32,163 [AppLog] INFO : 手动正向点动指令（8轴运控板卡系统） ====》：输出AXIS{第1轴},点动量{1.5MM},运动速度{2MM/s}
2023-09-23 12:26:32,943 [AppLog] INFO : 手动正向点动指令（8轴运控板卡系统） ====》：输出AXIS{第1轴},点动量{1.5MM},运动速度{2MM/s}
2023-09-23 12:26:32,958 [AppLog] INFO : 切换为JOG模式====》：输出AXIS{第1轴}
2023-09-23 12:26:33,769 [AppLog] INFO : 手动正向JOG指令（8轴运控板卡系统） ====》：输出AXIS{第1轴},运动速度{2MM/s}
2023-09-23 12:26:38,886 [AppLog] INFO : 手动停止JOG输出（8轴运控板卡系统） ====》：输出AXIS{第1轴}
2023-09-23 12:26:39,105 [AppLog] INFO : 手动正向JOG指令（8轴运控板卡系统） ====》：输出AXIS{第1轴},运动速度{2MM/s}
2023-09-23 12:26:40,181 [AppLog] INFO : 手动停止JOG输出（8轴运控板卡系统） ====》：输出AXIS{第1轴}
2023-09-23 12:26:41,819 [AppLog] INFO : 手动负向JOG指令（8轴运控板卡系统） ====》：输出AXIS{第1轴},运动速度{2MM/s}
2023-09-23 12:26:49,572 [AppLog] INFO : 手动停止JOG输出（8轴运控板卡系统） ====》：输出AXIS{第1轴}
2023-09-23 12:26:49,775 [AppLog] INFO : 手动负向JOG指令（8轴运控板卡系统） ====》：输出AXIS{第1轴},运动速度{2MM/s}
2023-09-23 12:26:50,571 [AppLog] INFO : 手动停止JOG输出（8轴运控板卡系统） ====》：输出AXIS{第1轴}
2023-09-23 12:26:50,742 [AppLog] INFO : 手动负向JOG指令（8轴运控板卡系统） ====》：输出AXIS{第1轴},运动速度{2MM/s}
2023-09-23 12:26:51,366 [AppLog] INFO : 手动停止JOG输出（8轴运控板卡系统） ====》：输出AXIS{第1轴}
2023-09-23 12:26:51,569 [AppLog] INFO : 手动负向JOG指令（8轴运控板卡系统） ====》：输出AXIS{第1轴},运动速度{2MM/s}
2023-09-23 12:26:52,100 [AppLog] INFO : 手动停止JOG输出（8轴运控板卡系统） ====》：输出AXIS{第1轴}
2023-09-23 12:26:52,396 [AppLog] INFO : 手动负向JOG指令（8轴运控板卡系统） ====》：输出AXIS{第1轴},运动速度{2MM/s}
2023-09-23 12:26:55,610 [AppLog] INFO : 手动停止JOG输出（8轴运控板卡系统） ====》：输出AXIS{第1轴}
2023-09-23 12:27:00,071 [AppLog] INFO : 手动负向JOG指令（8轴运控板卡系统） ====》：输出AXIS{第1轴},运动速度{2MM/s}
2023-09-23 12:27:01,834 [AppLog] INFO : 手动停止JOG输出（8轴运控板卡系统） ====》：输出AXIS{第1轴}
2023-09-23 12:27:02,427 [AppLog] INFO : 手动正向JOG指令（8轴运控板卡系统） ====》：输出AXIS{第1轴},运动速度{2MM/s}
2023-09-23 12:27:03,519 [AppLog] INFO : 手动停止JOG输出（8轴运控板卡系统） ====》：输出AXIS{第1轴}
2023-09-23 12:27:03,722 [AppLog] INFO : 手动正向JOG指令（8轴运控板卡系统） ====》：输出AXIS{第1轴},运动速度{2MM/s}
2023-09-23 12:27:06,218 [AppLog] INFO : 手动停止JOG输出（8轴运控板卡系统） ====》：输出AXIS{第1轴}
2023-09-23 12:27:06,452 [AppLog] INFO : 手动正向JOG指令（8轴运控板卡系统） ====》：输出AXIS{第1轴},运动速度{2MM/s}
2023-09-23 12:27:07,044 [AppLog] INFO : 手动停止JOG输出（8轴运控板卡系统） ====》：输出AXIS{第1轴}
2023-09-23 12:27:07,263 [AppLog] INFO : 手动正向JOG指令（8轴运控板卡系统） ====》：输出AXIS{第1轴},运动速度{2MM/s}
2023-09-23 12:27:10,539 [AppLog] INFO : 手动停止JOG输出（8轴运控板卡系统） ====》：输出AXIS{第1轴}
2023-09-23 12:27:10,742 [AppLog] INFO : 手动正向JOG指令（8轴运控板卡系统） ====》：输出AXIS{第1轴},运动速度{2MM/s}
2023-09-23 12:27:11,834 [AppLog] INFO : 手动停止JOG输出（8轴运控板卡系统） ====》：输出AXIS{第1轴}
2023-09-23 12:27:12,099 [AppLog] INFO : 手动正向JOG指令（8轴运控板卡系统） ====》：输出AXIS{第1轴},运动速度{2MM/s}
2023-09-23 12:27:13,004 [AppLog] INFO : 手动停止JOG输出（8轴运控板卡系统） ====》：输出AXIS{第1轴}
2023-09-23 12:27:13,222 [AppLog] INFO : 手动正向JOG指令（8轴运控板卡系统） ====》：输出AXIS{第1轴},运动速度{2MM/s}
2023-09-23 12:27:13,940 [AppLog] INFO : 手动停止JOG输出（8轴运控板卡系统） ====》：输出AXIS{第1轴}
2023-09-23 12:27:14,688 [AppLog] INFO : 手动正向JOG指令（8轴运控板卡系统） ====》：输出AXIS{第1轴},运动速度{2MM/s}
2023-09-23 12:27:15,796 [AppLog] INFO : 手动停止JOG输出（8轴运控板卡系统） ====》：输出AXIS{第1轴}
2023-09-23 12:27:16,202 [AppLog] INFO : 手动正向JOG指令（8轴运控板卡系统） ====》：输出AXIS{第1轴},运动速度{2MM/s}
2023-09-23 12:27:18,542 [AppLog] INFO : 手动停止JOG输出（8轴运控板卡系统） ====》：输出AXIS{第1轴}
2023-09-23 12:27:18,776 [AppLog] INFO : 手动正向JOG指令（8轴运控板卡系统） ====》：输出AXIS{第1轴},运动速度{2MM/s}
2023-09-23 12:27:19,946 [AppLog] INFO : 手动停止JOG输出（8轴运控板卡系统） ====》：输出AXIS{第1轴}
2023-09-23 12:27:21,708 [AppLog] INFO : 手动正向JOG指令（8轴运控板卡系统） ====》：输出AXIS{第1轴},运动速度{2MM/s}
2023-09-23 12:27:25,047 [AppLog] INFO : 手动停止JOG输出（8轴运控板卡系统） ====》：输出AXIS{第1轴}
2023-09-23 12:27:25,655 [AppLog] INFO : 手动正向JOG指令（8轴运控板卡系统） ====》：输出AXIS{第1轴},运动速度{2MM/s}
2023-09-23 12:27:26,388 [AppLog] INFO : 手动停止JOG输出（8轴运控板卡系统） ====》：输出AXIS{第1轴}
2023-09-23 12:27:28,947 [AppLog] INFO : 手动负向JOG指令（8轴运控板卡系统） ====》：输出AXIS{第1轴},运动速度{2MM/s}
2023-09-23 12:27:33,752 [AppLog] INFO : 手动停止JOG输出（8轴运控板卡系统） ====》：输出AXIS{第1轴}
2023-09-23 12:27:34,001 [AppLog] INFO : 手动负向JOG指令（8轴运控板卡系统） ====》：输出AXIS{第1轴},运动速度{2MM/s}
2023-09-23 12:27:36,794 [AppLog] INFO : 手动停止JOG输出（8轴运控板卡系统） ====》：输出AXIS{第1轴}
2023-09-23 12:27:37,043 [AppLog] INFO : 手动负向JOG指令（8轴运控板卡系统） ====》：输出AXIS{第1轴},运动速度{2MM/s}
2023-09-23 12:27:37,823 [AppLog] INFO : 手动停止JOG输出（8轴运控板卡系统） ====》：输出AXIS{第1轴}
2023-09-23 12:27:38,057 [AppLog] INFO : 手动负向JOG指令（8轴运控板卡系统） ====》：输出AXIS{第1轴},运动速度{2MM/s}
2023-09-23 12:27:38,619 [AppLog] INFO : 手动停止JOG输出（8轴运控板卡系统） ====》：输出AXIS{第1轴}
2023-09-23 12:27:38,900 [AppLog] INFO : 手动负向JOG指令（8轴运控板卡系统） ====》：输出AXIS{第1轴},运动速度{2MM/s}
2023-09-23 12:27:39,414 [AppLog] INFO : 手动停止JOG输出（8轴运控板卡系统） ====》：输出AXIS{第1轴}
2023-09-23 12:27:39,633 [AppLog] INFO : 手动负向JOG指令（8轴运控板卡系统） ====》：输出AXIS{第1轴},运动速度{2MM/s}
2023-09-23 12:27:40,163 [AppLog] INFO : 手动停止JOG输出（8轴运控板卡系统） ====》：输出AXIS{第1轴}
2023-09-23 12:27:40,366 [AppLog] INFO : 手动负向JOG指令（8轴运控板卡系统） ====》：输出AXIS{第1轴},运动速度{2MM/s}
2023-09-23 12:27:40,772 [AppLog] INFO : 手动停止JOG输出（8轴运控板卡系统） ====》：输出AXIS{第1轴}
2023-09-23 12:27:41,037 [AppLog] INFO : 手动负向JOG指令（8轴运控板卡系统） ====》：输出AXIS{第1轴},运动速度{2MM/s}
2023-09-23 12:27:46,388 [AppLog] INFO : 手动停止JOG输出（8轴运控板卡系统） ====》：输出AXIS{第1轴}
2023-09-23 12:27:46,528 [AppLog] INFO : 手动负向JOG指令（8轴运控板卡系统） ====》：输出AXIS{第1轴},运动速度{2MM/s}
2023-09-23 12:27:47,199 [AppLog] INFO : 手动停止JOG输出（8轴运控板卡系统） ====》：输出AXIS{第1轴}
2023-09-23 12:27:47,370 [AppLog] INFO : 手动负向JOG指令（8轴运控板卡系统） ====》：输出AXIS{第1轴},运动速度{2MM/s}
2023-09-23 12:27:47,838 [AppLog] INFO : 手动停止JOG输出（8轴运控板卡系统） ====》：输出AXIS{第1轴}
2023-09-23 12:27:50,085 [AppLog] INFO : 退出手动调试子模块，未执行修改
==========================================================================
2023-09-23 12:27:51,348 [AppLog] INFO : 进入电气控制模块
2023-09-23 12:27:52,472 [AppLog] INFO : 电气控制模块：手动关闭端口15
2023-09-23 12:27:53,267 [AppLog] INFO : 电气控制模块：手动打开端口15
2023-09-23 12:27:53,751 [AppLog] INFO : 电气控制模块：手动关闭端口15
2023-09-23 12:27:54,078 [AppLog] INFO : 电气控制模块：手动打开端口15
2023-09-23 12:27:54,437 [AppLog] INFO : 电气控制模块：手动关闭端口15
2023-09-23 12:27:54,671 [AppLog] INFO : 电气控制模块：手动打开端口15
2023-09-23 12:27:55,061 [AppLog] INFO : 电气控制模块：手动关闭端口15
2023-09-23 12:27:56,481 [AppLog] INFO : 退出电气控制模块
2023-09-23 12:27:57,635 [AppLog] INFO : 开启系统：板卡通讯，伺服供电，照明系统，UV/HR固化系统！
2023-09-23 12:27:58,868 [AppLog] INFO : 关闭系统：一键关闭系统开始！
2023-09-23 12:28:05,076 [AppLog] INFO : 关闭系统：一键关闭系统结束！
2023-09-23 12:28:05,076 [AppLog] INFO : 喷墨控制器的所有轴输出关闭！
2023-09-23 12:28:05,685 [AppLog] INFO : 喷墨控制器关闭！
2023-09-23 12:28:05,685 [AppLog] INFO : 创建：AutoPrintMotion0=》不需重新创建-手动操作！
2023-09-23 12:28:05,685 [AppLog] INFO : 进入电气控制模块
2023-09-23 12:28:10,178 [AppLog] INFO : 电气控制模块：手动关闭端口14
2023-09-23 12:28:10,770 [AppLog] INFO : 电气控制模块：手动打开端口14
2023-09-23 12:28:11,706 [AppLog] INFO : 退出电气控制模块
2023-09-23 12:28:12,939 [AppLog] INFO : 开启系统：板卡通讯，伺服供电，照明系统，UV/HR固化系统！
2023-09-23 12:28:12,939 [AppLog] INFO : 开启系统：一键启动系统开始！
2023-09-23 12:28:19,023 [AppLog] INFO : 开启系统：一键启动系统结束！
2023-09-23 12:28:19,023 [AppLog] INFO : 创建：AutoPrintMotion0=》不需重新创建-手动操作！
2023-09-23 12:28:19,023 [AppLog] INFO : 初始化喷墨控制器启动！
2023-09-23 12:28:42,017 [AppLog] INFO : 打开喷墨控制器设备成功！
2023-09-23 12:28:42,049 [AppLog] INFO : 输入校准值1次{成功}，打印往返差校准值为：BiDirEncPrtOff{5},分频值{8},打印速度{300mm/s}
2023-09-23 12:28:42,470 [AppLog] INFO : PASS打印前关键状态：DEV_GetDeviceInfo：LPPRINTER_INFO:nXSysEncDPI{5080}nStatus{909129520}nPrintStatus{0}bSuperDevice{1}
LPPRINTER_INFO-LPPrtRunInfo:bJobPrtRuning{False}bLayerPrtIsOver{False}nContReqMemErr{0}nContWDErr{0}nCurPrtDir{0}nDTLayerIndex{0}nDTLayerPassIndex{0}nDTPtrCtlIndex{0}nLayerPassCount{0}nPrintLayerIndex{0}nPrintPassIndex{0}nProcLayerIndex{0}nPrtDataMemAddr{0}nPrtState{0}nReverse{System.Int32[]}nRevPrtCols{0}
LPPRINTER_INFO-LPDRVINFO:nFMVersion{45074}nFpgaVersion{539038216}nPCBVersion{0}nState{0}nNextState{0}nPtvwarnState{0}nCrc32{0}nRevInfo{System.UInt32[]}nSignature{0}
2023-09-23 12:28:55,777 [AppLog] INFO : 初始化喷墨控制器成功！
2023-09-23 12:28:55,777 [AppLog] INFO : 进入：EquipmentMotionLogic3=》准备创建对象-手动操作！
2023-09-23 12:28:55,808 [AppLog] INFO : 进入：EquipmentMotionLogic3=》创建完成-手动操作！
2023-09-23 12:28:55,917 [AppLog] INFO : 红外灯控制器485通讯建立！
2023-09-23 12:28:55,917 [AppLog] INFO : 进入电气控制模块
2023-09-23 12:28:59,552 [AppLog] INFO : 电气控制模块：手动打开端口15
2023-09-23 12:29:01,985 [AppLog] INFO : 退出电气控制模块
2023-09-23 12:29:02,953 [AppLog] INFO : 进入手动调试子模块！
2023-09-23 12:29:02,953 [AppLog] INFO : 进入：ManulBtn_Click=》准备创建对象-手动操作！
2023-09-23 12:29:02,984 [AppLog] INFO : 创建：ManualControl=》创建完成-手动操作！
2023-09-23 12:29:02,984 [AppLog] INFO : 加载成功：温控Modbus接口！
2023-09-23 12:29:06,431 [AppLog] INFO : 手动正向点动指令（8轴运控板卡系统） ====》：输出AXIS{第1轴},点动量{1.5MM},运动速度{2MM/s}
2023-09-23 12:29:07,274 [AppLog] INFO : 手动正向点动指令（8轴运控板卡系统） ====》：输出AXIS{第1轴},点动量{1.5MM},运动速度{2MM/s}
2023-09-23 12:29:07,586 [AppLog] INFO : 切换为JOG模式====》：输出AXIS{第1轴}
2023-09-23 12:29:08,335 [AppLog] INFO : 手动正向JOG指令（8轴运控板卡系统） ====》：输出AXIS{第1轴},运动速度{2MM/s}
2023-09-23 12:29:12,266 [AppLog] INFO : 手动停止JOG输出（8轴运控板卡系统） ====》：输出AXIS{第1轴}
2023-09-23 12:29:12,484 [AppLog] INFO : 手动正向JOG指令（8轴运控板卡系统） ====》：输出AXIS{第1轴},运动速度{2MM/s}
2023-09-23 12:29:13,358 [AppLog] INFO : 手动停止JOG输出（8轴运控板卡系统） ====》：输出AXIS{第1轴}
2023-09-23 12:29:13,607 [AppLog] INFO : 手动正向JOG指令（8轴运控板卡系统） ====》：输出AXIS{第1轴},运动速度{2MM/s}
2023-09-23 12:29:14,185 [AppLog] INFO : 手动停止JOG输出（8轴运控板卡系统） ====》：输出AXIS{第1轴}
2023-09-23 12:29:14,465 [AppLog] INFO : 手动正向JOG指令（8轴运控板卡系统） ====》：输出AXIS{第1轴},运动速度{2MM/s}
2023-09-23 12:29:21,267 [AppLog] INFO : 手动停止JOG输出（8轴运控板卡系统） ====》：输出AXIS{第1轴}
2023-09-23 12:29:21,470 [AppLog] INFO : 手动正向JOG指令（8轴运控板卡系统） ====》：输出AXIS{第1轴},运动速度{2MM/s}
2023-09-23 12:30:06,647 [AppLog] INFO : 手动停止JOG输出（8轴运控板卡系统） ====》：输出AXIS{第1轴}
2023-09-23 12:30:07,271 [AppLog] INFO : 手动正向JOG指令（8轴运控板卡系统） ====》：输出AXIS{第1轴},运动速度{2MM/s}
2023-09-23 12:30:07,583 [AppLog] INFO : 手动停止JOG输出（8轴运控板卡系统） ====》：输出AXIS{第1轴}
2023-09-23 12:30:15,477 [AppLog] INFO : 退出手动调试子模块，未执行修改
==========================================================================
2023-09-23 12:30:16,912 [AppLog] INFO : 进入电气控制模块
2023-09-23 12:30:17,942 [AppLog] INFO : 电气控制模块：手动关闭端口15
2023-09-23 12:30:18,722 [AppLog] INFO : 电气控制模块：手动打开端口15
2023-09-23 12:30:20,048 [AppLog] INFO : 电气控制模块：手动关闭端口14
2023-09-23 12:30:20,719 [AppLog] INFO : 电气控制模块：手动打开端口14
2023-09-23 12:30:22,013 [AppLog] INFO : 电气控制模块：手动关闭端口15
2023-09-23 12:30:22,856 [AppLog] INFO : 电气控制模块：手动打开端口15
2023-09-23 12:30:23,527 [AppLog] INFO : 电气控制模块：手动关闭端口15
2023-09-23 12:30:23,854 [AppLog] INFO : 电气控制模块：手动打开端口15
2023-09-23 12:30:24,400 [AppLog] INFO : 电气控制模块：手动关闭端口15
2023-09-23 12:30:25,243 [AppLog] INFO : 电气控制模块：手动打开端口15
2023-09-23 12:30:26,288 [AppLog] INFO : 电气控制模块：手动关闭端口15
2023-09-23 12:30:27,162 [AppLog] INFO : 电气控制模块：手动打开端口15
2023-09-23 12:30:28,612 [AppLog] INFO : 退出电气控制模块
2023-09-23 12:30:29,689 [AppLog] INFO : 进入手动调试子模块！
2023-09-23 12:30:29,689 [AppLog] INFO : 进入：ManulBtn_Click=》准备创建对象-手动操作！
2023-09-23 12:30:29,720 [AppLog] INFO : 创建：ManualControl=》创建完成-手动操作！
2023-09-23 12:30:29,736 [AppLog] INFO : 加载成功：温控Modbus接口！
2023-09-23 12:30:34,135 [AppLog] INFO : 手动负向点动指令（8轴运控板卡系统） ====》：输出AXIS{第1轴},点动量{1.5MM},运动速度{2MM/s}
2023-09-23 12:30:37,224 [AppLog] INFO : 手动负向点动指令（8轴运控板卡系统） ====》：输出AXIS{第1轴},点动量{1.5MM},运动速度{2MM/s}
2023-09-23 12:30:38,487 [AppLog] INFO : 手动负向点动指令（8轴运控板卡系统） ====》：输出AXIS{第1轴},点动量{1.5MM},运动速度{2MM/s}
2023-09-23 12:30:39,688 [AppLog] INFO : 切换为JOG模式====》：输出AXIS{第1轴}
2023-09-23 12:30:40,406 [AppLog] INFO : 手动负向JOG指令（8轴运控板卡系统） ====》：输出AXIS{第1轴},运动速度{2MM/s}
2023-09-23 12:30:59,235 [AppLog] INFO : 手动停止JOG输出（8轴运控板卡系统） ====》：输出AXIS{第1轴}
2023-09-23 12:31:00,608 [AppLog] INFO : 退出手动调试子模块，未执行修改
==========================================================================
2023-09-23 12:31:04,180 [AppLog] INFO : 进入电气控制模块
2023-09-23 12:31:04,992 [AppLog] INFO : 电气控制模块：手动关闭端口15
2023-09-23 12:31:06,255 [AppLog] INFO : 退出电气控制模块
2023-09-23 12:31:07,425 [AppLog] INFO : 进入手动调试子模块！
2023-09-23 12:31:07,425 [AppLog] INFO : 进入：ManulBtn_Click=》准备创建对象-手动操作！
2023-09-23 12:31:07,456 [AppLog] INFO : 创建：ManualControl=》创建完成-手动操作！
2023-09-23 12:31:07,456 [AppLog] INFO : 加载成功：温控Modbus接口！
2023-09-23 12:31:16,567 [AppLog] INFO : 手动负向点动指令（8轴运控板卡系统） ====》：输出AXIS{第1轴},点动量{1.5MM},运动速度{2MM/s}
2023-09-23 12:31:18,049 [AppLog] INFO : 手动负向点动指令（8轴运控板卡系统） ====》：输出AXIS{第1轴},点动量{1.5MM},运动速度{2MM/s}
2023-09-23 12:31:18,922 [AppLog] INFO : 手动负向点动指令（8轴运控板卡系统） ====》：输出AXIS{第1轴},点动量{1.5MM},运动速度{2MM/s}
2023-09-23 12:31:19,609 [AppLog] INFO : 切换为JOG模式====》：输出AXIS{第1轴}
2023-09-23 12:31:20,233 [AppLog] INFO : 手动负向JOG指令（8轴运控板卡系统） ====》：输出AXIS{第1轴},运动速度{2MM/s}
2023-09-23 12:31:27,549 [AppLog] INFO : 手动停止JOG输出（8轴运控板卡系统） ====》：输出AXIS{第1轴}
2023-09-23 12:31:30,295 [AppLog] INFO : 退出手动调试子模块，未执行修改
==========================================================================
2023-09-23 12:31:32,276 [AppLog] INFO : 进入手动调试子模块！
2023-09-23 12:31:32,276 [AppLog] INFO : 进入：ManulBtn_Click=》准备创建对象-手动操作！
2023-09-23 12:31:32,307 [AppLog] INFO : 创建：ManualControl=》创建完成-手动操作！
2023-09-23 12:31:32,307 [AppLog] INFO : 加载成功：温控Modbus接口！
2023-09-23 12:31:34,538 [AppLog] INFO : 退出手动调试子模块，未执行修改
==========================================================================
2023-09-23 12:31:35,583 [AppLog] INFO : 进入电气控制模块
2023-09-23 12:31:37,705 [AppLog] INFO : 电气控制模块：手动打开端口15
2023-09-23 12:31:38,500 [AppLog] INFO : 电气控制模块：手动关闭端口15
2023-09-23 12:31:39,858 [AppLog] INFO : 电气控制模块：手动打开端口15
2023-09-23 12:31:42,135 [AppLog] INFO : 电气控制模块：手动关闭端口15
2023-09-23 12:31:44,288 [AppLog] INFO : 退出电气控制模块
2023-09-23 12:31:45,271 [AppLog] INFO : 进入手动调试子模块！
2023-09-23 12:31:45,271 [AppLog] INFO : 进入：ManulBtn_Click=》准备创建对象-手动操作！
2023-09-23 12:31:45,302 [AppLog] INFO : 创建：ManualControl=》创建完成-手动操作！
2023-09-23 12:31:45,302 [AppLog] INFO : 加载成功：温控Modbus接口！
2023-09-23 12:31:47,907 [AppLog] INFO : 切换为JOG模式====》：输出AXIS{第1轴}
2023-09-23 12:31:48,469 [AppLog] INFO : 手动负向JOG指令（8轴运控板卡系统） ====》：输出AXIS{第1轴},运动速度{2MM/s}
2023-09-23 12:32:06,721 [AppLog] INFO : 手动停止JOG输出（8轴运控板卡系统） ====》：输出AXIS{第1轴}
2023-09-23 12:32:08,780 [AppLog] INFO : 手动负向JOG指令（8轴运控板卡系统） ====》：输出AXIS{第1轴},运动速度{2MM/s}
2023-09-23 12:32:12,618 [AppLog] INFO : 手动停止JOG输出（8轴运控板卡系统） ====》：输出AXIS{第1轴}
2023-09-23 12:32:13,819 [AppLog] INFO : 手动负向JOG指令（8轴运控板卡系统） ====》：输出AXIS{第1轴},运动速度{2MM/s}
2023-09-23 12:32:14,973 [AppLog] INFO : 手动停止JOG输出（8轴运控板卡系统） ====》：输出AXIS{第1轴}
2023-09-23 12:32:15,238 [AppLog] INFO : 手动负向JOG指令（8轴运控板卡系统） ====》：输出AXIS{第1轴},运动速度{2MM/s}
2023-09-23 12:32:48,685 [AppLog] INFO : 手动停止JOG输出（8轴运控板卡系统） ====》：输出AXIS{第1轴}
2023-09-23 12:32:52,897 [AppLog] INFO : 手动负向JOG指令（8轴运控板卡系统） ====》：输出AXIS{第1轴},运动速度{2MM/s}
2023-09-23 12:33:18,980 [AppLog] INFO : 手动负向JOG指令（8轴运控板卡系统） ====》：输出AXIS{第1轴},运动速度{2MM/s}
2023-09-23 12:33:19,308 [AppLog] INFO : 手动停止JOG输出（8轴运控板卡系统） ====》：输出AXIS{第1轴}
2023-09-23 12:33:20,478 [AppLog] INFO : 手动停止JOG输出（8轴运控板卡系统） ====》：输出AXIS{第1轴}
2023-09-23 12:33:20,852 [AppLog] INFO : 手动负向JOG指令（8轴运控板卡系统） ====》：输出AXIS{第1轴},运动速度{2MM/s}
2023-09-23 12:33:31,460 [AppLog] INFO : 手动停止JOG输出（8轴运控板卡系统） ====》：输出AXIS{第1轴}
2023-09-23 12:33:32,053 [AppLog] INFO : 手动负向JOG指令（8轴运控板卡系统） ====》：输出AXIS{第1轴},运动速度{2MM/s}
2023-09-23 12:33:32,178 [AppLog] INFO : 手动停止JOG输出（8轴运控板卡系统） ====》：输出AXIS{第1轴}
2023-09-23 12:33:32,303 [AppLog] INFO : 手动负向JOG指令（8轴运控板卡系统） ====》：输出AXIS{第1轴},运动速度{2MM/s}
2023-09-23 12:33:32,443 [AppLog] INFO : 手动停止JOG输出（8轴运控板卡系统） ====》：输出AXIS{第1轴}
2023-09-23 12:33:32,552 [AppLog] INFO : 手动负向JOG指令（8轴运控板卡系统） ====》：输出AXIS{第1轴},运动速度{2MM/s}
2023-09-23 12:33:34,377 [AppLog] INFO : 手动停止JOG输出（8轴运控板卡系统） ====》：输出AXIS{第1轴}
2023-09-23 12:33:34,424 [AppLog] INFO : 手动负向JOG指令（8轴运控板卡系统） ====》：输出AXIS{第1轴},运动速度{2MM/s}
2023-09-23 12:33:43,628 [AppLog] INFO : 手动停止JOG输出（8轴运控板卡系统） ====》：输出AXIS{第1轴}
2023-09-23 12:33:46,857 [AppLog] INFO : 手动负向JOG指令（8轴运控板卡系统） ====》：输出AXIS{第1轴},运动速度{2MM/s}
2023-09-23 12:34:02,816 [AppLog] INFO : 手动停止JOG输出（8轴运控板卡系统） ====》：输出AXIS{第1轴}
2023-09-23 12:34:03,050 [AppLog] INFO : 手动负向JOG指令（8轴运控板卡系统） ====》：输出AXIS{第1轴},运动速度{2MM/s}
2023-09-23 12:34:03,768 [AppLog] INFO : 手动停止JOG输出（8轴运控板卡系统） ====》：输出AXIS{第1轴}
2023-09-23 12:34:05,047 [AppLog] INFO : 手动负向JOG指令（8轴运控板卡系统） ====》：输出AXIS{第1轴},运动速度{2MM/s}
2023-09-23 12:34:05,484 [AppLog] INFO : 手动停止JOG输出（8轴运控板卡系统） ====》：输出AXIS{第1轴}
2023-09-23 12:34:05,999 [AppLog] INFO : 手动负向JOG指令（8轴运控板卡系统） ====》：输出AXIS{第1轴},运动速度{2MM/s}
2023-09-23 12:34:06,576 [AppLog] INFO : 手动停止JOG输出（8轴运控板卡系统） ====》：输出AXIS{第1轴}
2023-09-23 12:34:07,356 [AppLog] INFO : 手动负向JOG指令（8轴运控板卡系统） ====》：输出AXIS{第1轴},运动速度{2MM/s}
2023-09-23 12:34:15,265 [AppLog] INFO : 手动停止JOG输出（8轴运控板卡系统） ====》：输出AXIS{第1轴}
2023-09-23 12:34:16,919 [AppLog] INFO : 手动正向JOG指令（8轴运控板卡系统） ====》：输出AXIS{第1轴},运动速度{2MM/s}
2023-09-23 12:34:17,028 [AppLog] INFO : 手动停止JOG输出（8轴运控板卡系统） ====》：输出AXIS{第1轴}
2023-09-23 12:34:17,465 [AppLog] INFO : 手动正向JOG指令（8轴运控板卡系统） ====》：输出AXIS{第1轴},运动速度{2MM/s}
2023-09-23 12:34:17,574 [AppLog] INFO : 手动停止JOG输出（8轴运控板卡系统） ====》：输出AXIS{第1轴}
2023-09-23 12:34:18,026 [AppLog] INFO : 手动正向JOG指令（8轴运控板卡系统） ====》：输出AXIS{第1轴},运动速度{2MM/s}
2023-09-23 12:34:18,136 [AppLog] INFO : 手动停止JOG输出（8轴运控板卡系统） ====》：输出AXIS{第1轴}
2023-09-23 12:34:18,838 [AppLog] INFO : 手动正向JOG指令（8轴运控板卡系统） ====》：输出AXIS{第1轴},运动速度{2MM/s}
2023-09-23 12:34:18,916 [AppLog] INFO : 手动停止JOG输出（8轴运控板卡系统） ====》：输出AXIS{第1轴}
2023-09-23 12:34:19,384 [AppLog] INFO : 手动正向JOG指令（8轴运控板卡系统） ====》：输出AXIS{第1轴},运动速度{2MM/s}
2023-09-23 12:34:19,446 [AppLog] INFO : 手动停止JOG输出（8轴运控板卡系统） ====》：输出AXIS{第1轴}
2023-09-23 12:34:20,632 [AppLog] INFO : 手动负向JOG指令（8轴运控板卡系统） ====》：输出AXIS{第1轴},运动速度{2MM/s}
2023-09-23 12:34:20,725 [AppLog] INFO : 手动停止JOG输出（8轴运控板卡系统） ====》：输出AXIS{第1轴}
2023-09-23 12:35:34,076 [AppLog] INFO : 手动正向JOG指令（8轴运控板卡系统） ====》：输出AXIS{第1轴},运动速度{2MM/s}
2023-09-23 12:35:34,420 [AppLog] INFO : 手动停止JOG输出（8轴运控板卡系统） ====》：输出AXIS{第1轴}
2023-09-23 12:35:34,763 [AppLog] INFO : 手动正向JOG指令（8轴运控板卡系统） ====》：输出AXIS{第1轴},运动速度{2MM/s}
2023-09-23 12:35:40,940 [AppLog] INFO : 手动停止JOG输出（8轴运控板卡系统） ====》：输出AXIS{第1轴}
2023-09-23 12:35:41,096 [AppLog] INFO : 手动正向JOG指令（8轴运控板卡系统） ====》：输出AXIS{第1轴},运动速度{2MM/s}
2023-09-23 12:35:42,142 [AppLog] INFO : 手动停止JOG输出（8轴运控板卡系统） ====》：输出AXIS{第1轴}
2023-09-23 12:35:46,135 [AppLog] INFO : 手动正向JOG指令（8轴运控板卡系统） ====》：输出AXIS{第1轴},运动速度{2MM/s}
2023-09-23 12:35:46,822 [AppLog] INFO : 手动停止JOG输出（8轴运控板卡系统） ====》：输出AXIS{第1轴}
2023-09-23 12:35:47,804 [AppLog] INFO : 手动正向JOG指令（8轴运控板卡系统） ====》：输出AXIS{第1轴},运动速度{2MM/s}
2023-09-23 12:35:49,864 [AppLog] INFO : 手动停止JOG输出（8轴运控板卡系统） ====》：输出AXIS{第1轴}
2023-09-23 12:35:50,222 [AppLog] INFO : 手动正向JOG指令（8轴运控板卡系统） ====》：输出AXIS{第1轴},运动速度{2MM/s}
2023-09-23 12:35:52,547 [AppLog] INFO : 手动停止JOG输出（8轴运控板卡系统） ====》：输出AXIS{第1轴}
2023-09-23 12:35:52,687 [AppLog] INFO : 手动正向JOG指令（8轴运控板卡系统） ====》：输出AXIS{第1轴},运动速度{2MM/s}
2023-09-23 12:35:55,480 [AppLog] INFO : 手动停止JOG输出（8轴运控板卡系统） ====》：输出AXIS{第1轴}
2023-09-23 12:35:55,932 [AppLog] INFO : 手动正向JOG指令（8轴运控板卡系统） ====》：输出AXIS{第1轴},运动速度{2MM/s}
2023-09-23 12:35:56,977 [AppLog] INFO : 手动停止JOG输出（8轴运控板卡系统） ====》：输出AXIS{第1轴}
2023-09-23 12:35:57,944 [AppLog] INFO : 手动正向JOG指令（8轴运控板卡系统） ====》：输出AXIS{第1轴},运动速度{2MM/s}
2023-09-23 12:36:03,264 [AppLog] INFO : 手动停止JOG输出（8轴运控板卡系统） ====》：输出AXIS{第1轴}
2023-09-23 12:36:03,436 [AppLog] INFO : 手动正向JOG指令（8轴运控板卡系统） ====》：输出AXIS{第1轴},运动速度{2MM/s}
2023-09-23 12:36:05,105 [AppLog] INFO : 手动停止JOG输出（8轴运控板卡系统） ====》：输出AXIS{第1轴}
2023-09-23 12:36:05,464 [AppLog] INFO : 手动正向JOG指令（8轴运控板卡系统） ====》：输出AXIS{第1轴},运动速度{2MM/s}
2023-09-23 12:36:07,788 [AppLog] INFO : 手动停止JOG输出（8轴运控板卡系统） ====》：输出AXIS{第1轴}
2023-09-23 12:36:13,357 [AppLog] INFO : 手动正向JOG指令（8轴运控板卡系统） ====》：输出AXIS{第1轴},运动速度{5MM/s}
2023-09-23 12:36:56,445 [AppLog] INFO : 手动停止JOG输出（8轴运控板卡系统） ====》：输出AXIS{第1轴}
2023-09-23 12:36:56,741 [AppLog] INFO : 手动正向JOG指令（8轴运控板卡系统） ====》：输出AXIS{第1轴},运动速度{5MM/s}
2023-09-23 12:36:58,878 [AppLog] INFO : 手动停止JOG输出（8轴运控板卡系统） ====》：输出AXIS{第1轴}
2023-09-23 12:36:59,206 [AppLog] INFO : 手动正向JOG指令（8轴运控板卡系统） ====》：输出AXIS{第1轴},运动速度{5MM/s}
2023-09-23 12:37:00,267 [AppLog] INFO : 手动停止JOG输出（8轴运控板卡系统） ====》：输出AXIS{第1轴}
2023-09-23 12:37:04,728 [AppLog] INFO : 退出手动调试子模块，未执行修改
==========================================================================
2023-09-23 12:37:05,820 [AppLog] INFO : 进入电气控制模块
2023-09-23 12:37:07,084 [AppLog] INFO : 电气控制模块：手动打开端口15
2023-09-23 12:37:09,408 [AppLog] INFO : 电气控制模块：手动关闭端口15
2023-09-23 12:37:09,751 [AppLog] INFO : 电气控制模块：手动打开端口15
2023-09-23 12:37:09,970 [AppLog] INFO : 电气控制模块：手动关闭端口15
2023-09-23 12:37:10,157 [AppLog] INFO : 电气控制模块：手动打开端口15
2023-09-23 12:37:10,360 [AppLog] INFO : 电气控制模块：手动关闭端口15
2023-09-23 12:37:10,953 [AppLog] INFO : 电气控制模块：手动打开端口15
2023-09-23 12:37:11,483 [AppLog] INFO : 电气控制模块：手动关闭端口15
2023-09-23 12:37:12,793 [AppLog] INFO : 退出电气控制模块
2023-09-23 12:37:16,319 [AppLog] INFO : 进入手动调试子模块！
2023-09-23 12:37:16,319 [AppLog] INFO : 进入：ManulBtn_Click=》准备创建对象-手动操作！
2023-09-23 12:37:16,350 [AppLog] INFO : 创建：ManualControl=》创建完成-手动操作！
2023-09-23 12:37:16,350 [AppLog] INFO : 加载成功：温控Modbus接口！
2023-09-23 12:37:21,186 [AppLog] INFO : 手动负向点动指令（8轴运控板卡系统） ====》：输出AXIS{第1轴},点动量{1.5MM},运动速度{2MM/s}
2023-09-23 12:37:21,966 [AppLog] INFO : 手动负向点动指令（8轴运控板卡系统） ====》：输出AXIS{第1轴},点动量{1.5MM},运动速度{2MM/s}
2023-09-23 12:37:21,997 [AppLog] INFO : 切换为JOG模式====》：输出AXIS{第1轴}
2023-09-23 12:37:23,027 [AppLog] INFO : 手动负向JOG指令（8轴运控板卡系统） ====》：输出AXIS{第1轴},运动速度{2MM/s}
2023-09-23 12:37:25,617 [AppLog] INFO : 手动停止JOG输出（8轴运控板卡系统） ====》：输出AXIS{第1轴}
2023-09-23 12:37:27,957 [AppLog] INFO : 退出手动调试子模块，未执行修改
==========================================================================
2023-09-23 12:37:29,735 [AppLog] INFO : 进入手动调试子模块！
2023-09-23 12:37:29,735 [AppLog] INFO : 进入：ManulBtn_Click=》准备创建对象-手动操作！
2023-09-23 12:37:29,766 [AppLog] INFO : 创建：ManualControl=》创建完成-手动操作！
2023-09-23 12:37:29,766 [AppLog] INFO : 加载成功：温控Modbus接口！
2023-09-23 12:37:32,668 [AppLog] INFO : 退出手动调试子模块，未执行修改
==========================================================================
2023-09-23 12:37:33,588 [AppLog] INFO : 进入电气控制模块
2023-09-23 12:37:34,696 [AppLog] INFO : 电气控制模块：手动打开端口15
2023-09-23 12:37:35,725 [AppLog] INFO : 电气控制模块：手动关闭端口15
2023-09-23 12:37:37,083 [AppLog] INFO : 电气控制模块：手动关闭端口14
2023-09-23 12:37:37,972 [AppLog] INFO : 电气控制模块：手动打开端口14
2023-09-23 12:37:39,298 [AppLog] INFO : 电气控制模块：手动打开端口15
2023-09-23 12:37:40,359 [AppLog] INFO : 电气控制模块：手动关闭端口15
2023-09-23 12:37:44,586 [AppLog] INFO : 电气控制模块：手动关闭端口14
2023-09-23 12:37:47,363 [AppLog] INFO : 电气控制模块：手动打开端口14
2023-09-23 12:37:48,642 [AppLog] INFO : 电气控制模块：手动关闭端口14
2023-09-23 12:37:50,218 [AppLog] INFO : 电气控制模块：手动打开端口14
2023-09-23 12:37:52,527 [AppLog] INFO : 电气控制模块：手动关闭端口14
2023-09-23 12:37:54,118 [AppLog] INFO : 电气控制模块：手动打开端口14
2023-09-23 12:37:56,021 [AppLog] INFO : 电气控制模块：手动打开端口15
2023-09-23 12:37:58,096 [AppLog] INFO : 电气控制模块：手动关闭端口15
2023-09-23 12:38:01,606 [AppLog] INFO : 电气控制模块：手动关闭端口14
2023-09-23 12:38:03,010 [AppLog] INFO : 电气控制模块：手动打开端口14
2023-09-23 12:38:04,086 [AppLog] INFO : 电气控制模块：手动关闭端口14
2023-09-23 12:38:05,147 [AppLog] INFO : 电气控制模块：手动打开端口14
2023-09-23 12:38:06,894 [AppLog] INFO : 电气控制模块：手动打开端口15
2023-09-23 12:38:07,908 [AppLog] INFO : 电气控制模块：手动关闭端口15
2023-09-23 12:38:08,673 [AppLog] INFO : 电气控制模块：手动打开端口15
2023-09-23 12:38:09,406 [AppLog] INFO : 电气控制模块：手动关闭端口15
2023-09-23 12:38:09,968 [AppLog] INFO : 电气控制模块：手动打开端口15
2023-09-23 12:38:10,202 [AppLog] INFO : 电气控制模块：手动关闭端口15
2023-09-23 12:38:10,389 [AppLog] INFO : 电气控制模块：手动打开端口15
2023-09-23 12:38:10,919 [AppLog] INFO : 电气控制模块：手动关闭端口15
2023-09-23 12:38:11,652 [AppLog] INFO : 电气控制模块：手动打开端口15
2023-09-23 12:38:14,367 [AppLog] INFO : 电气控制模块：手动关闭端口15
2023-09-23 12:38:17,284 [AppLog] INFO : 电气控制模块：手动打开端口15
2023-09-23 12:38:19,218 [AppLog] INFO : 退出电气控制模块
2023-09-23 12:38:21,262 [AppLog] INFO : 进入电气控制模块
2023-09-23 12:38:22,479 [AppLog] INFO : 电气控制模块：手动关闭端口15
2023-09-23 12:38:23,805 [AppLog] INFO : 退出电气控制模块
2023-09-23 12:38:24,710 [AppLog] INFO : 进入手动调试子模块！
2023-09-23 12:38:24,710 [AppLog] INFO : 进入：ManulBtn_Click=》准备创建对象-手动操作！
2023-09-23 12:38:24,741 [AppLog] INFO : 创建：ManualControl=》创建完成-手动操作！
2023-09-23 12:38:24,741 [AppLog] INFO : 加载成功：温控Modbus接口！
2023-09-23 12:38:29,748 [AppLog] INFO : 手动负向点动指令（8轴运控板卡系统） ====》：输出AXIS{第1轴},点动量{1.5MM},运动速度{2MM/s}
2023-09-23 12:38:30,638 [AppLog] INFO : 手动负向点动指令（8轴运控板卡系统） ====》：输出AXIS{第1轴},点动量{1.5MM},运动速度{2MM/s}
2023-09-23 12:38:30,981 [AppLog] INFO : 切换为JOG模式====》：输出AXIS{第1轴}
2023-09-23 12:38:33,477 [AppLog] INFO : 手动负向JOG指令（8轴运控板卡系统） ====》：输出AXIS{第1轴},运动速度{2MM/s}
2023-09-23 12:39:07,032 [AppLog] INFO : 手动停止JOG输出（8轴运控板卡系统） ====》：输出AXIS{第1轴}
2023-09-23 12:39:45,533 [AppLog] INFO : 手动负向JOG指令（8轴运控板卡系统） ====》：输出AXIS{第1轴},运动速度{2MM/s}
2023-09-23 12:39:46,391 [AppLog] INFO : 手动停止JOG输出（8轴运控板卡系统） ====》：输出AXIS{第1轴}
2023-09-23 12:39:51,009 [AppLog] INFO : 手动负向JOG指令（8轴运控板卡系统） ====》：输出AXIS{第1轴},运动速度{5MM/s}
2023-09-23 12:39:57,421 [AppLog] INFO : 手动停止JOG输出（8轴运控板卡系统） ====》：输出AXIS{第1轴}
2023-09-23 12:40:16,889 [AppLog] INFO : 手动正向JOG指令（8轴运控板卡系统） ====》：输出AXIS{第1轴},运动速度{5MM/s}
2023-09-23 12:40:35,703 [AppLog] INFO : 手动停止JOG输出（8轴运控板卡系统） ====》：输出AXIS{第1轴}
2023-09-23 12:40:37,715 [AppLog] INFO : 手动负向JOG指令（8轴运控板卡系统） ====》：输出AXIS{第1轴},运动速度{5MM/s}
2023-09-23 12:40:48,963 [AppLog] INFO : 手动停止JOG输出（8轴运控板卡系统） ====》：输出AXIS{第1轴}
2023-09-23 12:41:06,919 [AppLog] INFO : 退出手动调试子模块，未执行修改
==========================================================================
2023-09-23 12:41:08,073 [AppLog] INFO : 进入电气控制模块
2023-09-23 12:41:09,305 [AppLog] INFO : 电气控制模块：手动打开端口15
2023-09-23 12:41:10,538 [AppLog] INFO : 退出电气控制模块
2023-09-23 12:41:11,489 [AppLog] INFO : 进入手动调试子模块！
2023-09-23 12:41:11,489 [AppLog] INFO : 进入：ManulBtn_Click=》准备创建对象-手动操作！
2023-09-23 12:41:11,521 [AppLog] INFO : 创建：ManualControl=》创建完成-手动操作！
2023-09-23 12:41:11,521 [AppLog] INFO : 加载成功：温控Modbus接口！
2023-09-23 12:41:14,703 [AppLog] INFO : 手动正向点动指令（8轴运控板卡系统） ====》：输出AXIS{第1轴},点动量{1.5MM},运动速度{2MM/s}
2023-09-23 12:41:14,828 [AppLog] INFO : 切换为JOG模式====》：输出AXIS{第1轴}
2023-09-23 12:41:15,436 [AppLog] INFO : 手动正向JOG指令（8轴运控板卡系统） ====》：输出AXIS{第1轴},运动速度{2MM/s}
2023-09-23 12:41:19,882 [AppLog] INFO : 手动停止JOG输出（8轴运控板卡系统） ====》：输出AXIS{第1轴}
2023-09-23 12:41:24,203 [AppLog] INFO : 手动正向JOG指令（8轴运控板卡系统） ====》：输出AXIS{第1轴},运动速度{5MM/s}
2023-09-23 12:41:41,254 [AppLog] INFO : 手动停止JOG输出（8轴运控板卡系统） ====》：输出AXIS{第1轴}
2023-09-23 12:41:42,533 [AppLog] INFO : 手动负向JOG指令（8轴运控板卡系统） ====》：输出AXIS{第1轴},运动速度{5MM/s}
2023-09-23 12:41:59,709 [AppLog] INFO : 手动停止JOG输出（8轴运控板卡系统） ====》：输出AXIS{第1轴}
2023-09-23 12:42:33,468 [AppLog] INFO : 手动正向JOG指令（8轴运控板卡系统） ====》：输出AXIS{第1轴},运动速度{5MM/s}
2023-09-23 12:42:47,679 [AppLog] INFO : 手动停止JOG输出（8轴运控板卡系统） ====》：输出AXIS{第1轴}
2023-09-23 12:42:47,991 [AppLog] INFO : 手动正向JOG指令（8轴运控板卡系统） ====》：输出AXIS{第1轴},运动速度{5MM/s}
2023-09-23 12:42:48,475 [AppLog] INFO : 手动停止JOG输出（8轴运控板卡系统） ====》：输出AXIS{第1轴}
2023-09-23 12:42:51,330 [AppLog] INFO : 手动负向JOG指令（8轴运控板卡系统） ====》：输出AXIS{第1轴},运动速度{5MM/s}
2023-09-23 12:43:27,132 [AppLog] INFO : 手动停止JOG输出（8轴运控板卡系统） ====》：输出AXIS{第1轴}
2023-09-23 12:44:09,876 [AppLog] INFO : 手动正向JOG指令（8轴运控板卡系统） ====》：输出AXIS{第1轴},运动速度{5MM/s}
2023-09-23 12:44:15,835 [AppLog] INFO : 手动停止JOG输出（8轴运控板卡系统） ====》：输出AXIS{第1轴}
2023-09-23 12:44:15,866 [AppLog] INFO : 手动正向JOG指令（8轴运控板卡系统） ====》：输出AXIS{第1轴},运动速度{5MM/s}
2023-09-23 12:44:19,470 [AppLog] INFO : 手动停止JOG输出（8轴运控板卡系统） ====》：输出AXIS{第1轴}
2023-09-23 12:44:23,635 [AppLog] INFO : 手动正向JOG指令（8轴运控板卡系统） ====》：输出AXIS{第1轴},运动速度{6MM/s}
2023-09-23 12:44:38,003 [AppLog] INFO : 手动停止JOG输出（8轴运控板卡系统） ====》：输出AXIS{第1轴}
2023-09-23 12:44:38,065 [AppLog] INFO : 手动正向JOG指令（8轴运控板卡系统） ====》：输出AXIS{第1轴},运动速度{6MM/s}
2023-09-23 12:44:38,767 [AppLog] INFO : 手动停止JOG输出（8轴运控板卡系统） ====》：输出AXIS{第1轴}
2023-09-23 12:44:39,079 [AppLog] INFO : 手动正向JOG指令（8轴运控板卡系统） ====》：输出AXIS{第1轴},运动速度{6MM/s}
2023-09-23 12:44:39,297 [AppLog] INFO : 手动停止JOG输出（8轴运控板卡系统） ====》：输出AXIS{第1轴}
2023-09-23 12:44:39,407 [AppLog] INFO : 手动正向JOG指令（8轴运控板卡系统） ====》：输出AXIS{第1轴},运动速度{6MM/s}
2023-09-23 12:44:45,725 [AppLog] INFO : 手动停止JOG输出（8轴运控板卡系统） ====》：输出AXIS{第1轴}
2023-09-23 12:44:46,879 [AppLog] INFO : 手动负向JOG指令（8轴运控板卡系统） ====》：输出AXIS{第1轴},运动速度{6MM/s}
2023-09-23 12:45:01,933 [AppLog] INFO : 手动停止JOG输出（8轴运控板卡系统） ====》：输出AXIS{第1轴}
2023-09-23 12:45:43,148 [AppLog] INFO : 手动正向JOG指令（8轴运控板卡系统） ====》：输出AXIS{第1轴},运动速度{6MM/s}
2023-09-23 12:45:47,516 [AppLog] INFO : 手动停止JOG输出（8轴运控板卡系统） ====》：输出AXIS{第1轴}
2023-09-23 12:45:48,624 [AppLog] INFO : 手动正向JOG指令（8轴运控板卡系统） ====》：输出AXIS{第1轴},运动速度{6MM/s}
2023-09-23 12:45:56,533 [AppLog] INFO : 手动停止JOG输出（8轴运控板卡系统） ====》：输出AXIS{第1轴}
2023-09-23 12:46:00,776 [AppLog] INFO : 手动正向JOG指令（8轴运控板卡系统） ====》：输出AXIS{第1轴},运动速度{2MM/s}
2023-09-23 12:46:17,546 [AppLog] INFO : 手动停止JOG输出（8轴运控板卡系统） ====》：输出AXIS{第1轴}
2023-09-23 12:46:18,326 [AppLog] INFO : 手动负向JOG指令（8轴运控板卡系统） ====》：输出AXIS{第1轴},运动速度{2MM/s}
2023-09-23 12:46:24,941 [AppLog] INFO : 手动停止JOG输出（8轴运控板卡系统） ====》：输出AXIS{第1轴}
2023-09-23 12:46:25,861 [AppLog] INFO : 手动正向JOG指令（8轴运控板卡系统） ====》：输出AXIS{第1轴},运动速度{2MM/s}
2023-09-23 12:46:35,845 [AppLog] INFO : 手动停止JOG输出（8轴运控板卡系统） ====》：输出AXIS{第1轴}
2023-09-23 12:46:36,032 [AppLog] INFO : 手动正向JOG指令（8轴运控板卡系统） ====》：输出AXIS{第1轴},运动速度{2MM/s}
2023-09-23 12:46:36,953 [AppLog] INFO : 手动停止JOG输出（8轴运控板卡系统） ====》：输出AXIS{第1轴}
2023-09-23 12:46:37,140 [AppLog] INFO : 手动正向JOG指令（8轴运控板卡系统） ====》：输出AXIS{第1轴},运动速度{2MM/s}
2023-09-23 12:46:37,592 [AppLog] INFO : 手动停止JOG输出（8轴运控板卡系统） ====》：输出AXIS{第1轴}
2023-09-23 12:49:39,286 [AppLog] INFO : 手动负向JOG指令（8轴运控板卡系统） ====》：输出AXIS{第1轴},运动速度{2MM/s}
2023-09-23 12:49:39,832 [AppLog] INFO : 手动停止JOG输出（8轴运控板卡系统） ====》：输出AXIS{第1轴}
2023-09-23 12:49:43,389 [AppLog] INFO : 手动负向JOG指令（8轴运控板卡系统） ====》：输出AXIS{第1轴},运动速度{5MM/s}
2023-09-23 12:50:03,388 [AppLog] INFO : 手动停止JOG输出（8轴运控板卡系统） ====》：输出AXIS{第1轴}
2023-09-23 12:50:26,694 [AppLog] INFO : 手动负向JOG指令（8轴运控板卡系统） ====》：输出AXIS{第1轴},运动速度{5MM/s}
2023-09-23 12:50:38,862 [AppLog] INFO : 手动负向JOG指令（8轴运控板卡系统） ====》：输出AXIS{第1轴},运动速度{5MM/s}
2023-09-23 12:50:39,190 [AppLog] INFO : 手动停止JOG输出（8轴运控板卡系统） ====》：输出AXIS{第1轴}
2023-09-23 12:50:40,032 [AppLog] INFO : 手动停止JOG输出（8轴运控板卡系统） ====》：输出AXIS{第1轴}
2023-09-23 12:50:40,220 [AppLog] INFO : 手动负向JOG指令（8轴运控板卡系统） ====》：输出AXIS{第1轴},运动速度{5MM/s}
2023-09-23 12:50:46,912 [AppLog] INFO : 手动停止JOG输出（8轴运控板卡系统） ====》：输出AXIS{第1轴}
2023-09-23 12:51:18,596 [AppLog] INFO : 手动正向JOG指令（8轴运控板卡系统） ====》：输出AXIS{第1轴},运动速度{5MM/s}
2023-09-23 12:52:00,326 [AppLog] INFO : 手动停止JOG输出（8轴运控板卡系统） ====》：输出AXIS{第1轴}
2023-09-23 12:52:02,120 [AppLog] INFO : 手动负向JOG指令（8轴运控板卡系统） ====》：输出AXIS{第1轴},运动速度{5MM/s}
2023-09-23 12:52:02,260 [AppLog] INFO : 手动停止JOG输出（8轴运控板卡系统） ====》：输出AXIS{第1轴}
2023-09-23 12:52:02,588 [AppLog] INFO : 手动负向JOG指令（8轴运控板卡系统） ====》：输出AXIS{第1轴},运动速度{5MM/s}
2023-09-23 12:52:02,697 [AppLog] INFO : 手动停止JOG输出（8轴运控板卡系统） ====》：输出AXIS{第1轴}
2023-09-23 12:53:19,356 [AppLog] INFO : 手动负向JOG指令（8轴运控板卡系统） ====》：输出AXIS{第1轴},运动速度{5MM/s}
2023-09-23 12:53:20,510 [AppLog] INFO : 手动停止JOG输出（8轴运控板卡系统） ====》：输出AXIS{第1轴}
2023-09-23 12:53:21,898 [AppLog] INFO : 手动负向JOG指令（8轴运控板卡系统） ====》：输出AXIS{第1轴},运动速度{5MM/s}
2023-09-23 12:53:22,101 [AppLog] INFO : 手动停止JOG输出（8轴运控板卡系统） ====》：输出AXIS{第1轴}
2023-09-23 12:53:22,569 [AppLog] INFO : 手动负向JOG指令（8轴运控板卡系统） ====》：输出AXIS{第1轴},运动速度{5MM/s}
2023-09-23 12:53:22,803 [AppLog] INFO : 手动停止JOG输出（8轴运控板卡系统） ====》：输出AXIS{第1轴}
2023-09-23 12:53:26,797 [AppLog] INFO : 退出手动调试子模块，未执行修改
==========================================================================
2023-09-23 12:53:27,920 [AppLog] INFO : 开启系统：板卡通讯，伺服供电，照明系统，UV/HR固化系统！
2023-09-23 12:53:28,825 [AppLog] INFO : 关闭系统：一键关闭系统开始！
2023-09-23 12:53:35,049 [AppLog] INFO : 关闭系统：一键关闭系统结束！
2023-09-23 12:53:35,049 [AppLog] INFO : 喷墨控制器的所有轴输出关闭！
2023-09-23 12:53:38,310 [AppLog] INFO : 软件及设备关停中：墨车所有方向运动确认停止（X,Y,Y2)： bImmeStop{False},nAxisMask{0x7}
2023-09-23 12:53:38,310 [AppLog] INFO : 喷墨控制器关闭！
2023-09-23 12:53:38,310 [AppLog] INFO : 创建：AutoPrintMotion0=》不需重新创建-手动操作！
2023-09-23 12:53:38,310 [AppLog] INFO : 软件及设备关停中：喷墨控制器板卡系统关闭（X,Y,Y2)：DEV_CloseDevice
2023-09-23 12:53:38,980 [AppLog] INFO : 软件及设备关停成功
==========================================================================
操作系统:{Microsoft Windows 7 旗舰版 }
运行环境:{ .Net Framework Enviroment Version 4.0.30319.42000}
盘符：D
CPU使用率：{39.28546%} ，可用内存大小:{14100MB}，硬盘剩余空间：
  盘符 C:\ 的剩余空间：70 GB
  盘符 D:\ 的剩余空间：70 GB
==========================================================================
