2023-03-22 19:11:03,214 [AppLog] INFO : {1}号喷头电压更新成功：MCU_SetPhVoltage{18V,18V,16V,19V}；
2023-03-22 19:11:03,292 [AppLog] INFO : {1}号喷头温度更新失败：MCU_SetPhVoltage{25℃}
2023-03-22 19:11:03,698 [AppLog] INFO : {2}号喷头电压更新失败：MCU_SetPhVoltage{18V,18V,18V,18V}；
2023-03-22 19:11:03,901 [AppLog] INFO : {2}号喷头温度更新失败：MCU_SetPhVoltage{25℃}
2023-03-22 19:11:04,322 [AppLog] INFO : {3}号喷头电压更新失败：MCU_SetPhVoltage{18V,18V,18V,18V}；
2023-03-22 19:11:04,525 [AppLog] INFO : {3}号喷头温度更新失败：MCU_SetPhVoltage{25℃}
2023-03-22 19:11:04,915 [AppLog] INFO : {4}号喷头电压更新失败：MCU_SetPhVoltage{18V,18V,18V,18V}；
2023-03-22 19:11:05,133 [AppLog] INFO : {4}号喷头温度更新失败：MCU_SetPhVoltage{25℃}
2023-03-22 19:11:05,554 [AppLog] INFO : {5}号喷头电压更新失败：MCU_SetPhVoltage{18V,18V,18V,18V}；
2023-03-22 19:11:05,742 [AppLog] INFO : {5}号喷头温度更新失败：MCU_SetPhVoltage{25℃}
2023-03-22 19:11:06,178 [AppLog] INFO : {6}号喷头电压更新失败：MCU_SetPhVoltage{18V,18V,18V,18V}；
2023-03-22 19:11:06,381 [AppLog] INFO : {6}号喷头温度更新失败：MCU_SetPhVoltage{25℃}
2023-03-22 19:11:06,771 [AppLog] INFO : {7}号喷头电压更新失败：MCU_SetPhVoltage{18V,18V,18V,18V}；
2023-03-22 19:11:06,990 [AppLog] INFO : {7}号喷头温度更新失败：MCU_SetPhVoltage{25℃}
2023-03-22 19:11:07,411 [AppLog] INFO : {8}号喷头电压更新失败：MCU_SetPhVoltage{18V,18V,18V,18V}；
2023-03-22 19:11:07,614 [AppLog] INFO : {8}号喷头温度更新失败：MCU_SetPhVoltage{25℃}
2023-03-22 19:11:13,120 [AppLog] INFO : 更新波形路径：DEV_UpdateParam：{D:\Release\波形文件\0316新调=波形文件=水性胶水\调好：WaveForm-31pl-双滴-18+13.rhdat}
2023-03-22 19:11:18,565 [AppLog] INFO : 重新加载完波形：DEV_ReloadWaveForm！
2023-03-22 19:11:28,408 [AppLog] INFO : {1}号喷头电压更新成功：MCU_SetPhVoltage{18V,18V,16V,19V}；
2023-03-22 19:11:28,486 [AppLog] INFO : {1}号喷头温度更新失败：MCU_SetPhVoltage{25℃}
2023-03-22 19:11:28,892 [AppLog] INFO : {2}号喷头电压更新失败：MCU_SetPhVoltage{18V,18V,18V,18V}；
2023-03-22 19:11:29,079 [AppLog] INFO : {2}号喷头温度更新失败：MCU_SetPhVoltage{25℃}
2023-03-22 19:11:29,485 [AppLog] INFO : {3}号喷头电压更新失败：MCU_SetPhVoltage{18V,18V,18V,18V}；
2023-03-22 19:11:29,688 [AppLog] INFO : {3}号喷头温度更新失败：MCU_SetPhVoltage{25℃}
2023-03-22 19:11:30,093 [AppLog] INFO : {4}号喷头电压更新失败：MCU_SetPhVoltage{18V,18V,18V,18V}；
2023-03-22 19:11:30,281 [AppLog] INFO : {4}号喷头温度更新失败：MCU_SetPhVoltage{25℃}
2023-03-22 19:11:30,671 [AppLog] INFO : {5}号喷头电压更新失败：MCU_SetPhVoltage{18V,18V,18V,18V}；
2023-03-22 19:11:30,873 [AppLog] INFO : {5}号喷头温度更新失败：MCU_SetPhVoltage{25℃}
2023-03-22 19:11:31,263 [AppLog] INFO : {6}号喷头电压更新失败：MCU_SetPhVoltage{18V,18V,18V,18V}；
2023-03-22 19:11:31,466 [AppLog] INFO : {6}号喷头温度更新失败：MCU_SetPhVoltage{25℃}
2023-03-22 19:11:31,872 [AppLog] INFO : {7}号喷头电压更新失败：MCU_SetPhVoltage{18V,18V,18V,18V}；
2023-03-22 19:11:32,075 [AppLog] INFO : {7}号喷头温度更新失败：MCU_SetPhVoltage{25℃}
2023-03-22 19:11:32,465 [AppLog] INFO : {8}号喷头电压更新失败：MCU_SetPhVoltage{18V,18V,18V,18V}；
2023-03-22 19:11:32,667 [AppLog] INFO : {8}号喷头温度更新失败：MCU_SetPhVoltage{25℃}
2023-03-22 19:11:41,154 [AppLog] INFO : 更新波形路径：DEV_UpdateParam：{D:\Release\波形文件\0316新调=波形文件=水性胶水\反面对比：ricoh_phcfg16 - wave4(水性打印效果非常差).rhdat}
2023-03-22 19:11:46,536 [AppLog] INFO : 重新加载完波形：DEV_ReloadWaveForm！
2023-03-22 19:11:57,175 [AppLog] INFO : {1}号喷头电压更新成功：MCU_SetPhVoltage{18V,18V,18V,18V}；
2023-03-22 19:11:57,284 [AppLog] INFO : {1}号喷头温度更新失败：MCU_SetPhVoltage{25℃}
2023-03-22 19:11:57,659 [AppLog] INFO : {2}号喷头电压更新失败：MCU_SetPhVoltage{18V,18V,18V,18V}；
2023-03-22 19:11:57,861 [AppLog] INFO : {2}号喷头温度更新失败：MCU_SetPhVoltage{25℃}
2023-03-22 19:11:58,267 [AppLog] INFO : {3}号喷头电压更新失败：MCU_SetPhVoltage{18V,18V,18V,18V}；
2023-03-22 19:11:58,470 [AppLog] INFO : {3}号喷头温度更新失败：MCU_SetPhVoltage{25℃}
2023-03-22 19:11:58,875 [AppLog] INFO : {4}号喷头电压更新失败：MCU_SetPhVoltage{18V,18V,18V,18V}；
2023-03-22 19:11:59,078 [AppLog] INFO : {4}号喷头温度更新失败：MCU_SetPhVoltage{25℃}
2023-03-22 19:11:59,468 [AppLog] INFO : {5}号喷头电压更新失败：MCU_SetPhVoltage{18V,18V,18V,18V}；
2023-03-22 19:11:59,687 [AppLog] INFO : {5}号喷头温度更新失败：MCU_SetPhVoltage{25℃}
2023-03-22 19:12:00,108 [AppLog] INFO : {6}号喷头电压更新失败：MCU_SetPhVoltage{18V,18V,18V,18V}；
2023-03-22 19:12:00,295 [AppLog] INFO : {6}号喷头温度更新失败：MCU_SetPhVoltage{25℃}
2023-03-22 19:12:00,701 [AppLog] INFO : {7}号喷头电压更新失败：MCU_SetPhVoltage{18V,18V,18V,18V}；
2023-03-22 19:12:00,903 [AppLog] INFO : {7}号喷头温度更新失败：MCU_SetPhVoltage{25℃}
2023-03-22 19:12:01,293 [AppLog] INFO : {8}号喷头电压更新失败：MCU_SetPhVoltage{18V,18V,18V,18V}；
2023-03-22 19:12:01,481 [AppLog] INFO : {8}号喷头温度更新失败：MCU_SetPhVoltage{25℃}
2023-03-22 19:12:04,164 [AppLog] INFO : 进入气压控制卡参数监控状态时
2023-03-22 19:12:04,164 [AppLog] INFO : 进入气压控制卡参数设置状态时
2023-03-22 19:12:07,253 [AppLog] INFO : 进入气压控制卡参数监控状态时
2023-03-22 19:12:07,253 [AppLog] INFO : 进入气压控制卡参数设置状态时
2023-03-22 19:12:10,263 [AppLog] INFO : 进入气压控制卡参数监控状态时
2023-03-22 19:12:10,263 [AppLog] INFO : 进入气压控制卡参数设置状态时
2023-03-22 19:12:14,319 [AppLog] INFO : 进入气压控制卡参数监控状态时
2023-03-22 19:12:14,319 [AppLog] INFO : 进入气压控制卡参数设置状态时
2023-03-22 19:12:22,416 [AppLog] INFO : 进入气压控制卡参数监控状态时
2023-03-22 19:12:22,416 [AppLog] INFO : 进入气压控制卡参数设置状态时
2023-03-22 19:12:30,793 [AppLog] INFO : 退出手动调试子模块，未执行修改
==========================================================================
2023-03-22 19:12:32,057 [AppLog] INFO : 进入手动调试子模块！
2023-03-22 19:12:32,057 [AppLog] INFO : 进入：ManulBtn_Click=》准备创建对象-手动操作！
2023-03-22 19:12:32,088 [AppLog] INFO : 创建：ManualControl=》创建完成-手动操作！
2023-03-22 19:12:32,088 [AppLog] INFO : 加载成功：温控Modbus接口！
2023-03-22 19:37:30,480 [AppLog] INFO : {1}号喷头电压更新成功：MCU_SetPhVoltage{18V,18V,18V,18V}；
2023-03-22 19:37:30,558 [AppLog] INFO : {1}号喷头温度更新失败：MCU_SetPhVoltage{25℃}
2023-03-22 19:37:30,995 [AppLog] INFO : {2}号喷头电压更新失败：MCU_SetPhVoltage{18V,18V,18V,18V}；
2023-03-22 19:37:31,198 [AppLog] INFO : {2}号喷头温度更新失败：MCU_SetPhVoltage{25℃}
2023-03-22 19:37:31,588 [AppLog] INFO : {3}号喷头电压更新失败：MCU_SetPhVoltage{18V,18V,18V,18V}；
2023-03-22 19:37:31,790 [AppLog] INFO : {3}号喷头温度更新失败：MCU_SetPhVoltage{25℃}
2023-03-22 19:37:32,196 [AppLog] INFO : {4}号喷头电压更新失败：MCU_SetPhVoltage{18V,18V,18V,18V}；
2023-03-22 19:37:32,414 [AppLog] INFO : {4}号喷头温度更新失败：MCU_SetPhVoltage{25℃}
2023-03-22 19:37:32,804 [AppLog] INFO : {5}号喷头电压更新失败：MCU_SetPhVoltage{18V,18V,18V,18V}；
2023-03-22 19:37:33,023 [AppLog] INFO : {5}号喷头温度更新失败：MCU_SetPhVoltage{25℃}
2023-03-22 19:37:33,444 [AppLog] INFO : {6}号喷头电压更新失败：MCU_SetPhVoltage{18V,18V,18V,18V}；
2023-03-22 19:37:33,631 [AppLog] INFO : {6}号喷头温度更新失败：MCU_SetPhVoltage{25℃}
2023-03-22 19:37:34,052 [AppLog] INFO : {7}号喷头电压更新失败：MCU_SetPhVoltage{18V,18V,18V,18V}；
2023-03-22 19:37:34,255 [AppLog] INFO : {7}号喷头温度更新失败：MCU_SetPhVoltage{25℃}
2023-03-22 19:37:34,645 [AppLog] INFO : {8}号喷头电压更新失败：MCU_SetPhVoltage{18V,18V,18V,18V}；
2023-03-22 19:37:34,864 [AppLog] INFO : {8}号喷头温度更新失败：MCU_SetPhVoltage{25℃}
2023-03-22 19:37:54,208 [AppLog] INFO : {1}号喷头电压更新成功：MCU_SetPhVoltage{18V,18V,18.5V,18V}；
2023-03-22 19:37:54,286 [AppLog] INFO : {1}号喷头温度更新失败：MCU_SetPhVoltage{25℃}
2023-03-22 19:37:54,691 [AppLog] INFO : {2}号喷头电压更新失败：MCU_SetPhVoltage{18V,18V,18V,18V}；
2023-03-22 19:37:54,894 [AppLog] INFO : {2}号喷头温度更新失败：MCU_SetPhVoltage{25℃}
2023-03-22 19:37:55,300 [AppLog] INFO : {3}号喷头电压更新失败：MCU_SetPhVoltage{18V,18V,18V,18V}；
2023-03-22 19:37:55,502 [AppLog] INFO : {3}号喷头温度更新失败：MCU_SetPhVoltage{25℃}
2023-03-22 19:37:55,908 [AppLog] INFO : {4}号喷头电压更新失败：MCU_SetPhVoltage{18V,18V,18V,18V}；
2023-03-22 19:37:56,111 [AppLog] INFO : {4}号喷头温度更新失败：MCU_SetPhVoltage{25℃}
2023-03-22 19:37:56,532 [AppLog] INFO : {5}号喷头电压更新失败：MCU_SetPhVoltage{18V,18V,18V,18V}；
2023-03-22 19:37:56,719 [AppLog] INFO : {5}号喷头温度更新失败：MCU_SetPhVoltage{25℃}
2023-03-22 19:37:57,094 [AppLog] INFO : {6}号喷头电压更新失败：MCU_SetPhVoltage{18V,18V,18V,18V}；
2023-03-22 19:37:57,296 [AppLog] INFO : {6}号喷头温度更新失败：MCU_SetPhVoltage{25℃}
2023-03-22 19:37:57,702 [AppLog] INFO : {7}号喷头电压更新失败：MCU_SetPhVoltage{18V,18V,18V,18V}；
2023-03-22 19:37:57,889 [AppLog] INFO : {7}号喷头温度更新失败：MCU_SetPhVoltage{25℃}
2023-03-22 19:37:58,295 [AppLog] INFO : {8}号喷头电压更新失败：MCU_SetPhVoltage{18V,18V,18V,18V}；
2023-03-22 19:37:58,498 [AppLog] INFO : {8}号喷头温度更新失败：MCU_SetPhVoltage{25℃}
2023-03-22 19:38:48,012 [AppLog] INFO : {1}号喷头电压更新成功：MCU_SetPhVoltage{18V,18V,18.5V,18V}；
2023-03-22 19:38:48,090 [AppLog] INFO : {1}号喷头温度更新失败：MCU_SetPhVoltage{25℃}
2023-03-22 19:38:48,511 [AppLog] INFO : {2}号喷头电压更新失败：MCU_SetPhVoltage{18V,18V,18V,18V}；
2023-03-22 19:38:48,698 [AppLog] INFO : {2}号喷头温度更新失败：MCU_SetPhVoltage{25℃}
2023-03-22 19:38:49,073 [AppLog] INFO : {3}号喷头电压更新失败：MCU_SetPhVoltage{18V,18V,18V,18V}；
2023-03-22 19:38:49,276 [AppLog] INFO : {3}号喷头温度更新失败：MCU_SetPhVoltage{25℃}
2023-03-22 19:38:49,681 [AppLog] INFO : {4}号喷头电压更新失败：MCU_SetPhVoltage{18V,18V,18V,18V}；
2023-03-22 19:38:49,868 [AppLog] INFO : {4}号喷头温度更新失败：MCU_SetPhVoltage{25℃}
2023-03-22 19:38:50,243 [AppLog] INFO : {5}号喷头电压更新失败：MCU_SetPhVoltage{18V,18V,18V,18V}；
2023-03-22 19:38:50,446 [AppLog] INFO : {5}号喷头温度更新失败：MCU_SetPhVoltage{25℃}
2023-03-22 19:38:50,851 [AppLog] INFO : {6}号喷头电压更新失败：MCU_SetPhVoltage{18V,18V,18V,18V}；
2023-03-22 19:38:51,038 [AppLog] INFO : {6}号喷头温度更新失败：MCU_SetPhVoltage{25℃}
2023-03-22 19:38:51,444 [AppLog] INFO : {7}号喷头电压更新失败：MCU_SetPhVoltage{18V,18V,18V,18V}；
2023-03-22 19:38:51,647 [AppLog] INFO : {7}号喷头温度更新失败：MCU_SetPhVoltage{25℃}
2023-03-22 19:38:52,037 [AppLog] INFO : {8}号喷头电压更新失败：MCU_SetPhVoltage{18V,18V,18V,18V}；
2023-03-22 19:38:52,240 [AppLog] INFO : {8}号喷头温度更新失败：MCU_SetPhVoltage{25℃}
2023-03-22 19:40:25,153 [AppLog] INFO : 退出手动调试子模块，未执行修改
==========================================================================
2023-03-22 19:40:26,152 [AppLog] INFO : 开启系统：板卡通讯，伺服供电，照明系统，UV/HR固化系统！
2023-03-22 19:40:26,947 [AppLog] INFO : 关闭系统：一键关闭系统开始！
2023-03-22 19:40:33,172 [AppLog] INFO : 关闭系统：一键关闭系统结束！
2023-03-22 19:40:33,203 [AppLog] INFO : 喷墨控制器的所有轴输出关闭！
2023-03-22 19:40:33,219 [AppLog] INFO : 喷墨控制器关闭！
2023-03-22 19:40:33,219 [AppLog] INFO : 进入电气控制模块
2023-03-22 19:40:35,153 [AppLog] INFO : 退出电气控制模块
2023-03-22 19:40:36,323 [AppLog] INFO : 软件及设备关停中：墨车所有方向运动确认停止（X,Y,Y2)： bImmeStop{False},nAxisMask{0x7}
2023-03-22 19:40:36,323 [AppLog] INFO : 软件及设备关停中：喷墨控制器板卡系统关闭（X,Y,Y2)：DEV_CloseDevice
2023-03-22 19:40:36,994 [AppLog] INFO : 软件及设备关停成功
==========================================================================
操作系统:{Microsoft Windows 7 旗舰版 }
运行环境:{ .Net Framework Enviroment Version 4.0.30319.42000}
盘符：D
CPU使用率：{0%} ，可用内存大小:{14240MB}，硬盘剩余空间：
  盘符 C:\ 的剩余空间：70 GB
  盘符 D:\ 的剩余空间：88 GB
==========================================================================
2023-03-22 19:43:36,363 [AppLog] INFO : 软件开机密码正确，登录成功1次
==========================================================================
操作系统:{Microsoft Windows 7 旗舰版 }
运行环境:{ .Net Framework Enviroment Version 4.0.30319.42000}
盘符：D
CPU使用率：{16.70332%} ，可用内存大小:{14345MB}，硬盘剩余空间：
  盘符 C:\ 的剩余空间：70 GB
  盘符 D:\ 的剩余空间：88 GB
硬件配置情况：
  CPU 厂家: GenuineIntel CPU 型号: Intel(R) Core(TM) i7-4770 CPU @ 3.40GHz
  内存条厂家: Kingston 内存条型号: 99P5471-043.A00LF 
  内存条厂家: Kingston 内存条型号: 99P5471-043.A00LF 
  硬盘厂家: (标准磁盘驱动器) 硬盘型号: Micron_1300_MTFDDAK256TDL ATA Device
==========================================================================
2023-03-22 19:43:36,378 [AppLog] INFO : 开启系统：板卡通讯，伺服供电，照明系统，UV/HR固化系统！
2023-03-22 19:43:36,380 [AppLog] INFO : 开启系统：一键启动系统开始！
2023-03-22 19:43:42,444 [AppLog] INFO : 开启系统：一键启动系统结束！
2023-03-22 19:43:42,444 [AppLog] INFO : 初始化喷墨控制器启动！
2023-03-22 19:44:05,922 [AppLog] INFO : 打开喷墨控制器设备成功！
2023-03-22 19:44:08,294 [AppLog] INFO : 更新{1}号喷头电压成功：MCU_SetPhVoltage{15V,15V,15V,15V}；
2023-03-22 19:44:08,372 [AppLog] INFO : 更新{1}号喷头温度失败：MCU_SetPhVoltage{25℃}
2023-03-22 19:44:08,746 [AppLog] INFO : 更新{2}号喷头电压失败：MCU_SetPhVoltage{15V,15V,15V,15V}；
2023-03-22 19:44:08,933 [AppLog] INFO : 更新{2}号喷头温度失败：MCU_SetPhVoltage{25℃}
2023-03-22 19:44:09,308 [AppLog] INFO : 更新{3}号喷头电压失败：MCU_SetPhVoltage{15V,15V,15V,15V}；
2023-03-22 19:44:09,495 [AppLog] INFO : 更新{3}号喷头温度失败：MCU_SetPhVoltage{25℃}
2023-03-22 19:44:09,869 [AppLog] INFO : 更新{4}号喷头电压失败：MCU_SetPhVoltage{15V,15V,15V,15V}；
2023-03-22 19:44:10,056 [AppLog] INFO : 更新{4}号喷头温度失败：MCU_SetPhVoltage{25℃}
2023-03-22 19:44:10,431 [AppLog] INFO : 更新{5}号喷头电压失败：MCU_SetPhVoltage{15V,15V,15V,15V}；
2023-03-22 19:44:10,618 [AppLog] INFO : 更新{5}号喷头温度失败：MCU_SetPhVoltage{25℃}
2023-03-22 19:44:10,992 [AppLog] INFO : 更新{6}号喷头电压失败：MCU_SetPhVoltage{15V,15V,15V,15V}；
2023-03-22 19:44:11,180 [AppLog] INFO : 更新{6}号喷头温度失败：MCU_SetPhVoltage{25℃}
2023-03-22 19:44:11,554 [AppLog] INFO : 更新{7}号喷头电压失败：MCU_SetPhVoltage{15V,15V,15V,15V}；
2023-03-22 19:44:11,741 [AppLog] INFO : 更新{7}号喷头温度失败：MCU_SetPhVoltage{25℃}
2023-03-22 19:44:12,116 [AppLog] INFO : 更新{8}号喷头电压失败：MCU_SetPhVoltage{15V,15V,15V,15V}；
2023-03-22 19:44:12,303 [AppLog] INFO : 更新{8}号喷头温度失败：MCU_SetPhVoltage{25℃}
2023-03-22 19:44:12,318 [AppLog] INFO : 初始化喷墨控制器成功！
2023-03-22 19:44:12,318 [AppLog] INFO : 【RecordPressureAndTemperatureAndValtage】: 准备读取{1}号喷头打印前状态：读取电压！！
2023-03-22 19:44:12,474 [AppLog] INFO : 【RecordPressureAndTemperatureAndValtage】: 准备读取{1}号喷头打印前状态：读取温度！！
2023-03-22 19:44:13,800 [AppLog] INFO : 【RecordPressureAndTemperatureAndValtage】: {1}号喷头打印前状态：系统负压为{-2.40kPa}，喷头温度为{14.91451℃}，喷头电压为{14.91451V,15.02201V,15.01325V,16.48082V}；
2023-03-22 19:44:13,800 [AppLog] INFO : 进入：EquipmentMotionLogic3=》准备创建对象-手动操作！
2023-03-22 19:44:13,956 [AppLog] INFO : 进入：EquipmentMotionLogic3=》创建完成-手动操作！
2023-03-22 19:44:14,097 [AppLog] INFO : 红外灯控制器485通讯建立！
2023-03-22 19:44:14,097 [AppLog] INFO : 进入电气控制模块
2023-03-22 19:44:15,454 [AppLog] INFO : 电气控制模块：手动打开端口14
2023-03-22 19:44:16,437 [AppLog] INFO : 电气控制模块：手动打开端口15
2023-03-22 19:44:17,186 [AppLog] INFO : 退出电气控制模块
2023-03-22 19:44:20,181 [AppLog] INFO : 进入手动调试子模块！
2023-03-22 19:44:20,181 [AppLog] INFO : 进入：ManulBtn_Click=》准备创建对象-手动操作！
2023-03-22 19:44:20,212 [AppLog] INFO : 创建：ManualControl=》创建完成-手动操作！
2023-03-22 19:44:20,212 [AppLog] INFO : 加载成功：温控Modbus接口！
2023-03-22 19:44:40,804 [AppLog] INFO : {1}号喷头电压更新成功：MCU_SetPhVoltage{0V,0V,0V,0V}；
2023-03-22 19:44:40,913 [AppLog] INFO : {1}号喷头温度更新失败：MCU_SetPhVoltage{25℃}
2023-03-22 19:44:41,334 [AppLog] INFO : {2}号喷头电压更新失败：MCU_SetPhVoltage{18V,18V,18V,18V}；
2023-03-22 19:44:41,553 [AppLog] INFO : {2}号喷头温度更新失败：MCU_SetPhVoltage{25℃}
2023-03-22 19:44:41,943 [AppLog] INFO : {3}号喷头电压更新失败：MCU_SetPhVoltage{18V,18V,18V,18V}；
2023-03-22 19:44:42,161 [AppLog] INFO : {3}号喷头温度更新失败：MCU_SetPhVoltage{25℃}
2023-03-22 19:44:42,582 [AppLog] INFO : {4}号喷头电压更新失败：MCU_SetPhVoltage{18V,18V,18V,18V}；
2023-03-22 19:44:42,770 [AppLog] INFO : {4}号喷头温度更新失败：MCU_SetPhVoltage{25℃}
2023-03-22 19:44:43,144 [AppLog] INFO : {5}号喷头电压更新失败：MCU_SetPhVoltage{18V,18V,18V,18V}；
2023-03-22 19:44:43,362 [AppLog] INFO : {5}号喷头温度更新失败：MCU_SetPhVoltage{25℃}
2023-03-22 19:44:43,752 [AppLog] INFO : {6}号喷头电压更新失败：MCU_SetPhVoltage{18V,18V,18V,18V}；
2023-03-22 19:44:43,940 [AppLog] INFO : {6}号喷头温度更新失败：MCU_SetPhVoltage{25℃}
2023-03-22 19:44:44,345 [AppLog] INFO : {7}号喷头电压更新失败：MCU_SetPhVoltage{18V,18V,18V,18V}；
2023-03-22 19:44:44,548 [AppLog] INFO : {7}号喷头温度更新失败：MCU_SetPhVoltage{25℃}
2023-03-22 19:44:44,954 [AppLog] INFO : {8}号喷头电压更新失败：MCU_SetPhVoltage{18V,18V,18V,18V}；
2023-03-22 19:44:45,172 [AppLog] INFO : {8}号喷头温度更新失败：MCU_SetPhVoltage{25℃}
2023-03-22 19:45:19,991 [AppLog] INFO : {1}号喷头电压更新成功：MCU_SetPhVoltage{0V,0V,0V,0V}；
2023-03-22 19:45:20,100 [AppLog] INFO : {1}号喷头温度更新失败：MCU_SetPhVoltage{25℃}
2023-03-22 19:45:20,475 [AppLog] INFO : {2}号喷头电压更新失败：MCU_SetPhVoltage{18V,18V,18V,18V}；
2023-03-22 19:45:20,693 [AppLog] INFO : {2}号喷头温度更新失败：MCU_SetPhVoltage{25℃}
2023-03-22 19:45:21,083 [AppLog] INFO : {3}号喷头电压更新失败：MCU_SetPhVoltage{18V,18V,18V,18V}；
2023-03-22 19:45:21,302 [AppLog] INFO : {3}号喷头温度更新失败：MCU_SetPhVoltage{25℃}
2023-03-22 19:45:21,707 [AppLog] INFO : {4}号喷头电压更新失败：MCU_SetPhVoltage{18V,18V,18V,18V}；
2023-03-22 19:45:21,894 [AppLog] INFO : {4}号喷头温度更新失败：MCU_SetPhVoltage{25℃}
2023-03-22 19:45:22,331 [AppLog] INFO : {5}号喷头电压更新失败：MCU_SetPhVoltage{18V,18V,18V,18V}；
2023-03-22 19:45:22,534 [AppLog] INFO : {5}号喷头温度更新失败：MCU_SetPhVoltage{25℃}
2023-03-22 19:45:22,924 [AppLog] INFO : {6}号喷头电压更新失败：MCU_SetPhVoltage{18V,18V,18V,18V}；
2023-03-22 19:45:23,142 [AppLog] INFO : {6}号喷头温度更新失败：MCU_SetPhVoltage{25℃}
2023-03-22 19:45:23,548 [AppLog] INFO : {7}号喷头电压更新失败：MCU_SetPhVoltage{18V,18V,18V,18V}；
2023-03-22 19:45:23,751 [AppLog] INFO : {7}号喷头温度更新失败：MCU_SetPhVoltage{25℃}
2023-03-22 19:45:24,156 [AppLog] INFO : {8}号喷头电压更新失败：MCU_SetPhVoltage{18V,18V,18V,18V}；
2023-03-22 19:45:24,375 [AppLog] INFO : {8}号喷头温度更新失败：MCU_SetPhVoltage{25℃}
2023-03-22 19:45:42,658 [AppLog] INFO : {1}号喷头电压更新成功：MCU_SetPhVoltage{0V,0V,0V,18V}；
2023-03-22 19:45:42,736 [AppLog] INFO : {1}号喷头温度更新失败：MCU_SetPhVoltage{25℃}
2023-03-22 19:45:43,157 [AppLog] INFO : {2}号喷头电压更新失败：MCU_SetPhVoltage{18V,18V,18V,18V}；
2023-03-22 19:45:43,345 [AppLog] INFO : {2}号喷头温度更新失败：MCU_SetPhVoltage{25℃}
2023-03-22 19:45:43,750 [AppLog] INFO : {3}号喷头电压更新失败：MCU_SetPhVoltage{18V,18V,18V,18V}；
2023-03-22 19:45:43,953 [AppLog] INFO : {3}号喷头温度更新失败：MCU_SetPhVoltage{25℃}
2023-03-22 19:45:44,343 [AppLog] INFO : {4}号喷头电压更新失败：MCU_SetPhVoltage{18V,18V,18V,18V}；
2023-03-22 19:45:44,546 [AppLog] INFO : {4}号喷头温度更新失败：MCU_SetPhVoltage{25℃}
2023-03-22 19:45:44,967 [AppLog] INFO : {5}号喷头电压更新失败：MCU_SetPhVoltage{18V,18V,18V,18V}；
2023-03-22 19:45:45,170 [AppLog] INFO : {5}号喷头温度更新失败：MCU_SetPhVoltage{25℃}
2023-03-22 19:45:45,575 [AppLog] INFO : {6}号喷头电压更新失败：MCU_SetPhVoltage{18V,18V,18V,18V}；
2023-03-22 19:45:45,794 [AppLog] INFO : {6}号喷头温度更新失败：MCU_SetPhVoltage{25℃}
2023-03-22 19:45:46,199 [AppLog] INFO : {7}号喷头电压更新失败：MCU_SetPhVoltage{18V,18V,18V,18V}；
2023-03-22 19:45:46,387 [AppLog] INFO : {7}号喷头温度更新失败：MCU_SetPhVoltage{25℃}
2023-03-22 19:45:46,823 [AppLog] INFO : {8}号喷头电压更新失败：MCU_SetPhVoltage{18V,18V,18V,18V}；
2023-03-22 19:45:47,026 [AppLog] INFO : {8}号喷头温度更新失败：MCU_SetPhVoltage{25℃}
2023-03-22 19:46:18,335 [AppLog] INFO : {1}号喷头电压更新成功：MCU_SetPhVoltage{0V,0V,0V,0V}；
2023-03-22 19:46:18,413 [AppLog] INFO : {1}号喷头温度更新失败：MCU_SetPhVoltage{25℃}
2023-03-22 19:46:18,819 [AppLog] INFO : {2}号喷头电压更新失败：MCU_SetPhVoltage{18V,18V,18V,18V}；
2023-03-22 19:46:19,022 [AppLog] INFO : {2}号喷头温度更新失败：MCU_SetPhVoltage{25℃}
2023-03-22 19:46:19,443 [AppLog] INFO : {3}号喷头电压更新失败：MCU_SetPhVoltage{18V,18V,18V,18V}；
2023-03-22 19:46:19,646 [AppLog] INFO : {3}号喷头温度更新失败：MCU_SetPhVoltage{25℃}
2023-03-22 19:46:20,036 [AppLog] INFO : {4}号喷头电压更新失败：MCU_SetPhVoltage{18V,18V,18V,18V}；
2023-03-22 19:46:20,239 [AppLog] INFO : {4}号喷头温度更新失败：MCU_SetPhVoltage{25℃}
2023-03-22 19:46:20,660 [AppLog] INFO : {5}号喷头电压更新失败：MCU_SetPhVoltage{18V,18V,18V,18V}；
2023-03-22 19:46:20,847 [AppLog] INFO : {5}号喷头温度更新失败：MCU_SetPhVoltage{25℃}
2023-03-22 19:46:21,268 [AppLog] INFO : {6}号喷头电压更新失败：MCU_SetPhVoltage{18V,18V,18V,18V}；
2023-03-22 19:46:21,487 [AppLog] INFO : {6}号喷头温度更新失败：MCU_SetPhVoltage{25℃}
2023-03-22 19:46:21,877 [AppLog] INFO : {7}号喷头电压更新失败：MCU_SetPhVoltage{18V,18V,18V,18V}；
2023-03-22 19:46:22,095 [AppLog] INFO : {7}号喷头温度更新失败：MCU_SetPhVoltage{25℃}
2023-03-22 19:46:22,516 [AppLog] INFO : {8}号喷头电压更新失败：MCU_SetPhVoltage{18V,18V,18V,18V}；
2023-03-22 19:46:22,719 [AppLog] INFO : {8}号喷头温度更新失败：MCU_SetPhVoltage{25℃}
2023-03-22 19:46:59,176 [AppLog] INFO : {1}号喷头电压更新成功：MCU_SetPhVoltage{18V,18V,18V,0V}；
2023-03-22 19:46:59,254 [AppLog] INFO : {1}号喷头温度更新失败：MCU_SetPhVoltage{25℃}
2023-03-22 19:46:59,675 [AppLog] INFO : {2}号喷头电压更新失败：MCU_SetPhVoltage{18V,18V,18V,18V}；
2023-03-22 19:46:59,878 [AppLog] INFO : {2}号喷头温度更新失败：MCU_SetPhVoltage{25℃}
2023-03-22 19:47:00,268 [AppLog] INFO : {3}号喷头电压更新失败：MCU_SetPhVoltage{18V,18V,18V,18V}；
2023-03-22 19:47:00,487 [AppLog] INFO : {3}号喷头温度更新失败：MCU_SetPhVoltage{25℃}
2023-03-22 19:47:00,908 [AppLog] INFO : {4}号喷头电压更新失败：MCU_SetPhVoltage{18V,18V,18V,18V}；
2023-03-22 19:47:01,111 [AppLog] INFO : {4}号喷头温度更新失败：MCU_SetPhVoltage{25℃}
2023-03-22 19:47:01,501 [AppLog] INFO : {5}号喷头电压更新失败：MCU_SetPhVoltage{18V,18V,18V,18V}；
2023-03-22 19:47:01,703 [AppLog] INFO : {5}号喷头温度更新失败：MCU_SetPhVoltage{25℃}
2023-03-22 19:47:02,140 [AppLog] INFO : {6}号喷头电压更新失败：MCU_SetPhVoltage{18V,18V,18V,18V}；
2023-03-22 19:47:02,327 [AppLog] INFO : {6}号喷头温度更新失败：MCU_SetPhVoltage{25℃}
2023-03-22 19:47:02,749 [AppLog] INFO : {7}号喷头电压更新失败：MCU_SetPhVoltage{18V,18V,18V,18V}；
2023-03-22 19:47:02,951 [AppLog] INFO : {7}号喷头温度更新失败：MCU_SetPhVoltage{25℃}
2023-03-22 19:47:03,341 [AppLog] INFO : {8}号喷头电压更新失败：MCU_SetPhVoltage{18V,18V,18V,18V}；
2023-03-22 19:47:03,544 [AppLog] INFO : {8}号喷头温度更新失败：MCU_SetPhVoltage{25℃}
2023-03-22 19:47:13,341 [AppLog] INFO : {1}号喷头电压更新成功：MCU_SetPhVoltage{18V,18V,18V,18V}；
2023-03-22 19:47:13,450 [AppLog] INFO : {1}号喷头温度更新失败：MCU_SetPhVoltage{25℃}
2023-03-22 19:47:13,840 [AppLog] INFO : {2}号喷头电压更新失败：MCU_SetPhVoltage{18V,18V,18V,18V}；
2023-03-22 19:47:14,027 [AppLog] INFO : {2}号喷头温度更新失败：MCU_SetPhVoltage{25℃}
2023-03-22 19:47:14,449 [AppLog] INFO : {3}号喷头电压更新失败：MCU_SetPhVoltage{18V,18V,18V,18V}；
2023-03-22 19:47:14,667 [AppLog] INFO : {3}号喷头温度更新失败：MCU_SetPhVoltage{25℃}
2023-03-22 19:47:15,073 [AppLog] INFO : {4}号喷头电压更新失败：MCU_SetPhVoltage{18V,18V,18V,18V}；
2023-03-22 19:47:15,291 [AppLog] INFO : {4}号喷头温度更新失败：MCU_SetPhVoltage{25℃}
2023-03-22 19:47:15,697 [AppLog] INFO : {5}号喷头电压更新失败：MCU_SetPhVoltage{18V,18V,18V,18V}；
2023-03-22 19:47:15,884 [AppLog] INFO : {5}号喷头温度更新失败：MCU_SetPhVoltage{25℃}
2023-03-22 19:47:16,321 [AppLog] INFO : {6}号喷头电压更新失败：MCU_SetPhVoltage{18V,18V,18V,18V}；
2023-03-22 19:47:16,523 [AppLog] INFO : {6}号喷头温度更新失败：MCU_SetPhVoltage{25℃}
2023-03-22 19:47:16,913 [AppLog] INFO : {7}号喷头电压更新失败：MCU_SetPhVoltage{18V,18V,18V,18V}；
2023-03-22 19:47:17,116 [AppLog] INFO : {7}号喷头温度更新失败：MCU_SetPhVoltage{25℃}
2023-03-22 19:47:17,553 [AppLog] INFO : {8}号喷头电压更新失败：MCU_SetPhVoltage{18V,18V,18V,18V}；
2023-03-22 19:47:17,756 [AppLog] INFO : {8}号喷头温度更新失败：MCU_SetPhVoltage{25℃}
2023-03-22 19:47:28,785 [AppLog] INFO : 更新波形路径：DEV_UpdateParam：{D:\Release\波形文件\0316新调=波形文件=水性胶水\世彪新调：ricoh_big-单点模式-开启MN1(开启微动).rhdat}
2023-03-22 19:47:34,495 [AppLog] INFO : 重新加载完波形：DEV_ReloadWaveForm！
2023-03-22 19:48:21,685 [AppLog] INFO : {1}号喷头电压更新成功：MCU_SetPhVoltage{0V,0V,0V,0V}；
2023-03-22 19:48:21,763 [AppLog] INFO : {1}号喷头温度更新失败：MCU_SetPhVoltage{25℃}
2023-03-22 19:48:22,200 [AppLog] INFO : {2}号喷头电压更新失败：MCU_SetPhVoltage{18V,18V,18V,18V}；
2023-03-22 19:48:22,402 [AppLog] INFO : {2}号喷头温度更新失败：MCU_SetPhVoltage{25℃}
2023-03-22 19:48:22,792 [AppLog] INFO : {3}号喷头电压更新失败：MCU_SetPhVoltage{18V,18V,18V,18V}；
2023-03-22 19:48:22,995 [AppLog] INFO : {3}号喷头温度更新失败：MCU_SetPhVoltage{25℃}
2023-03-22 19:48:23,401 [AppLog] INFO : {4}号喷头电压更新失败：MCU_SetPhVoltage{18V,18V,18V,18V}；
2023-03-22 19:48:23,604 [AppLog] INFO : {4}号喷头温度更新失败：MCU_SetPhVoltage{25℃}
2023-03-22 19:48:24,009 [AppLog] INFO : {5}号喷头电压更新失败：MCU_SetPhVoltage{18V,18V,18V,18V}；
2023-03-22 19:48:24,228 [AppLog] INFO : {5}号喷头温度更新失败：MCU_SetPhVoltage{25℃}
2023-03-22 19:48:24,664 [AppLog] INFO : {6}号喷头电压更新失败：MCU_SetPhVoltage{18V,18V,18V,18V}；
2023-03-22 19:48:24,852 [AppLog] INFO : {6}号喷头温度更新失败：MCU_SetPhVoltage{25℃}
2023-03-22 19:48:25,288 [AppLog] INFO : {7}号喷头电压更新失败：MCU_SetPhVoltage{18V,18V,18V,18V}；
2023-03-22 19:48:25,491 [AppLog] INFO : {7}号喷头温度更新失败：MCU_SetPhVoltage{25℃}
2023-03-22 19:48:25,881 [AppLog] INFO : {8}号喷头电压更新失败：MCU_SetPhVoltage{18V,18V,18V,18V}；
2023-03-22 19:48:26,100 [AppLog] INFO : {8}号喷头温度更新失败：MCU_SetPhVoltage{25℃}
2023-03-22 19:48:34,664 [AppLog] INFO : 更新波形路径：DEV_UpdateParam：{D:\Release\波形文件\0316新调=波形文件=水性胶水\世彪新调：ricoh_big-单点模式-开启MN1(开启微动).rhdat}
2023-03-22 19:48:34,664 [AppLog] INFO : 重新加载完波形：DEV_ReloadWaveForm！
2023-03-22 19:52:30,458 [AppLog] INFO : {1}号喷头电压更新成功：MCU_SetPhVoltage{22V,22V,22V,22V}；
2023-03-22 19:52:30,568 [AppLog] INFO : {1}号喷头温度更新失败：MCU_SetPhVoltage{25℃}
2023-03-22 19:52:31,004 [AppLog] INFO : {2}号喷头电压更新失败：MCU_SetPhVoltage{18V,18V,18V,18V}；
2023-03-22 19:52:31,207 [AppLog] INFO : {2}号喷头温度更新失败：MCU_SetPhVoltage{25℃}
2023-03-22 19:52:31,597 [AppLog] INFO : {3}号喷头电压更新失败：MCU_SetPhVoltage{18V,18V,18V,18V}；
2023-03-22 19:52:31,816 [AppLog] INFO : {3}号喷头温度更新失败：MCU_SetPhVoltage{25℃}
2023-03-22 19:52:32,237 [AppLog] INFO : {4}号喷头电压更新失败：MCU_SetPhVoltage{18V,18V,18V,18V}；
2023-03-22 19:52:32,424 [AppLog] INFO : {4}号喷头温度更新失败：MCU_SetPhVoltage{25℃}
2023-03-22 19:52:32,861 [AppLog] INFO : {5}号喷头电压更新失败：MCU_SetPhVoltage{18V,18V,18V,18V}；
2023-03-22 19:52:33,064 [AppLog] INFO : {5}号喷头温度更新失败：MCU_SetPhVoltage{25℃}
2023-03-22 19:52:33,454 [AppLog] INFO : {6}号喷头电压更新失败：MCU_SetPhVoltage{18V,18V,18V,18V}；
2023-03-22 19:52:33,672 [AppLog] INFO : {6}号喷头温度更新失败：MCU_SetPhVoltage{25℃}
2023-03-22 19:52:34,093 [AppLog] INFO : {7}号喷头电压更新失败：MCU_SetPhVoltage{18V,18V,18V,18V}；
2023-03-22 19:52:34,296 [AppLog] INFO : {7}号喷头温度更新失败：MCU_SetPhVoltage{25℃}
2023-03-22 19:52:34,702 [AppLog] INFO : {8}号喷头电压更新失败：MCU_SetPhVoltage{18V,18V,18V,18V}；
2023-03-22 19:52:34,920 [AppLog] INFO : {8}号喷头温度更新失败：MCU_SetPhVoltage{25℃}
2023-03-22 19:52:47,759 [AppLog] INFO : 更新波形路径：DEV_UpdateParam：{D:\Release\波形文件\0316新调=波形文件=水性胶水\世彪新调：ricoh_big-单点模式-开启MN1(开启微动).rhdat}
2023-03-22 19:52:47,759 [AppLog] INFO : 重新加载完波形：DEV_ReloadWaveForm！
2023-03-22 19:53:18,678 [AppLog] INFO : 更新波形路径：DEV_UpdateParam：{D:\Release\波形文件\0316新调=波形文件=水性胶水\调好：WaveForm-31pl-双滴-18+13.rhdat}
2023-03-22 19:53:24,372 [AppLog] INFO : 重新加载完波形：DEV_ReloadWaveForm！
2023-03-22 19:53:39,769 [AppLog] INFO : 更新波形路径：DEV_UpdateParam：{D:\Release\波形文件\0316新调=波形文件=水性胶水\世彪新调：ricoh_big-单点模式-开启MN1(开启微动).rhdat}
2023-03-22 19:53:45,463 [AppLog] INFO : 重新加载完波形：DEV_ReloadWaveForm！
2023-03-22 19:54:29,112 [AppLog] INFO : 更新波形路径：DEV_UpdateParam：{D:\Release\波形文件\0316新调=波形文件=水性胶水\世彪新调：ricoh_big-单点模式-开启MN1(开启微动).rhdat}
2023-03-22 19:54:29,112 [AppLog] INFO : 重新加载完波形：DEV_ReloadWaveForm！
2023-03-22 19:54:49,392 [AppLog] INFO : {1}号喷头电压更新成功：MCU_SetPhVoltage{0V,0V,0V,0V}；
2023-03-22 19:54:49,470 [AppLog] INFO : {1}号喷头温度更新失败：MCU_SetPhVoltage{25℃}
2023-03-22 19:54:49,907 [AppLog] INFO : {2}号喷头电压更新失败：MCU_SetPhVoltage{18V,18V,18V,18V}；
2023-03-22 19:54:50,094 [AppLog] INFO : {2}号喷头温度更新失败：MCU_SetPhVoltage{25℃}
2023-03-22 19:54:50,500 [AppLog] INFO : {3}号喷头电压更新失败：MCU_SetPhVoltage{18V,18V,18V,18V}；
2023-03-22 19:54:50,703 [AppLog] INFO : {3}号喷头温度更新失败：MCU_SetPhVoltage{25℃}
2023-03-22 19:54:51,093 [AppLog] INFO : {4}号喷头电压更新失败：MCU_SetPhVoltage{18V,18V,18V,18V}；
2023-03-22 19:54:51,311 [AppLog] INFO : {4}号喷头温度更新失败：MCU_SetPhVoltage{25℃}
2023-03-22 19:54:51,732 [AppLog] INFO : {5}号喷头电压更新失败：MCU_SetPhVoltage{18V,18V,18V,18V}；
2023-03-22 19:54:51,935 [AppLog] INFO : {5}号喷头温度更新失败：MCU_SetPhVoltage{25℃}
2023-03-22 19:54:52,341 [AppLog] INFO : {6}号喷头电压更新失败：MCU_SetPhVoltage{18V,18V,18V,18V}；
2023-03-22 19:54:52,559 [AppLog] INFO : {6}号喷头温度更新失败：MCU_SetPhVoltage{25℃}
2023-03-22 19:54:52,965 [AppLog] INFO : {7}号喷头电压更新失败：MCU_SetPhVoltage{18V,18V,18V,18V}；
2023-03-22 19:54:53,152 [AppLog] INFO : {7}号喷头温度更新失败：MCU_SetPhVoltage{25℃}
2023-03-22 19:54:53,557 [AppLog] INFO : {8}号喷头电压更新失败：MCU_SetPhVoltage{18V,18V,18V,18V}；
2023-03-22 19:54:53,776 [AppLog] INFO : {8}号喷头温度更新失败：MCU_SetPhVoltage{25℃}
2023-03-22 19:55:05,757 [AppLog] INFO : 更新波形路径：DEV_UpdateParam：{D:\Release\波形文件\0316新调=波形文件=水性胶水\世彪新调：ricoh_big-单点模式-开启MN1(开启微动).rhdat}
2023-03-22 19:55:05,757 [AppLog] INFO : 重新加载完波形：DEV_ReloadWaveForm！
2023-03-22 19:55:22,511 [AppLog] INFO : {1}号喷头电压更新成功：MCU_SetPhVoltage{18V,18V,18V,18V}；
2023-03-22 19:55:22,605 [AppLog] INFO : {1}号喷头温度更新失败：MCU_SetPhVoltage{25℃}
2023-03-22 19:55:23,057 [AppLog] INFO : {2}号喷头电压更新失败：MCU_SetPhVoltage{18V,18V,18V,18V}；
2023-03-22 19:55:23,244 [AppLog] INFO : {2}号喷头温度更新失败：MCU_SetPhVoltage{25℃}
2023-03-22 19:55:23,634 [AppLog] INFO : {3}号喷头电压更新失败：MCU_SetPhVoltage{18V,18V,18V,18V}；
2023-03-22 19:55:23,853 [AppLog] INFO : {3}号喷头温度更新失败：MCU_SetPhVoltage{25℃}
2023-03-22 19:55:24,274 [AppLog] INFO : {4}号喷头电压更新失败：MCU_SetPhVoltage{18V,18V,18V,18V}；
2023-03-22 19:55:24,477 [AppLog] INFO : {4}号喷头温度更新失败：MCU_SetPhVoltage{25℃}
2023-03-22 19:55:24,867 [AppLog] INFO : {5}号喷头电压更新失败：MCU_SetPhVoltage{18V,18V,18V,18V}；
2023-03-22 19:55:25,085 [AppLog] INFO : {5}号喷头温度更新失败：MCU_SetPhVoltage{25℃}
2023-03-22 19:55:25,506 [AppLog] INFO : {6}号喷头电压更新失败：MCU_SetPhVoltage{18V,18V,18V,18V}；
2023-03-22 19:55:25,694 [AppLog] INFO : {6}号喷头温度更新失败：MCU_SetPhVoltage{25℃}
2023-03-22 19:55:26,130 [AppLog] INFO : {7}号喷头电压更新失败：MCU_SetPhVoltage{18V,18V,18V,18V}；
2023-03-22 19:55:26,349 [AppLog] INFO : {7}号喷头温度更新失败：MCU_SetPhVoltage{25℃}
2023-03-22 19:55:26,739 [AppLog] INFO : {8}号喷头电压更新失败：MCU_SetPhVoltage{18V,18V,18V,18V}；
2023-03-22 19:55:26,942 [AppLog] INFO : {8}号喷头温度更新失败：MCU_SetPhVoltage{25℃}
2023-03-22 19:55:36,785 [AppLog] INFO : 更新波形路径：DEV_UpdateParam：{D:\Release\波形文件\0316新调=波形文件=水性胶水\调好：WaveForm-31pl-双滴-18+13.rhdat}
2023-03-22 19:55:42,510 [AppLog] INFO : 重新加载完波形：DEV_ReloadWaveForm！
2023-03-22 19:56:01,839 [AppLog] INFO : {1}号喷头电压更新成功：MCU_SetPhVoltage{18V,18V,18V,18V}；
2023-03-22 19:56:01,932 [AppLog] INFO : {1}号喷头温度更新失败：MCU_SetPhVoltage{25℃}
2023-03-22 19:56:02,338 [AppLog] INFO : {2}号喷头电压更新失败：MCU_SetPhVoltage{18V,18V,18V,18V}；
2023-03-22 19:56:02,525 [AppLog] INFO : {2}号喷头温度更新失败：MCU_SetPhVoltage{25℃}
2023-03-22 19:56:02,946 [AppLog] INFO : {3}号喷头电压更新失败：MCU_SetPhVoltage{18V,18V,18V,18V}；
2023-03-22 19:56:03,149 [AppLog] INFO : {3}号喷头温度更新失败：MCU_SetPhVoltage{25℃}
2023-03-22 19:56:03,539 [AppLog] INFO : {4}号喷头电压更新失败：MCU_SetPhVoltage{18V,18V,18V,18V}；
2023-03-22 19:56:03,758 [AppLog] INFO : {4}号喷头温度更新失败：MCU_SetPhVoltage{25℃}
2023-03-22 19:56:04,163 [AppLog] INFO : {5}号喷头电压更新失败：MCU_SetPhVoltage{18V,18V,18V,18V}；
2023-03-22 19:56:04,366 [AppLog] INFO : {5}号喷头温度更新失败：MCU_SetPhVoltage{25℃}
2023-03-22 19:56:04,756 [AppLog] INFO : {6}号喷头电压更新失败：MCU_SetPhVoltage{18V,18V,18V,18V}；
2023-03-22 19:56:04,974 [AppLog] INFO : {6}号喷头温度更新失败：MCU_SetPhVoltage{25℃}
2023-03-22 19:56:05,396 [AppLog] INFO : {7}号喷头电压更新失败：MCU_SetPhVoltage{18V,18V,18V,18V}；
2023-03-22 19:56:05,583 [AppLog] INFO : {7}号喷头温度更新失败：MCU_SetPhVoltage{25℃}
2023-03-22 19:56:06,020 [AppLog] INFO : {8}号喷头电压更新失败：MCU_SetPhVoltage{18V,18V,18V,18V}；
2023-03-22 19:56:06,222 [AppLog] INFO : {8}号喷头温度更新失败：MCU_SetPhVoltage{25℃}
2023-03-22 19:56:32,352 [AppLog] INFO : 更新波形路径：DEV_UpdateParam：{D:\Release\波形文件\0316新调=波形文件=水性胶水\世彪新调：ricoh_big-单点模式-开启MN1(开启微动).rhdat}
2023-03-22 19:56:37,781 [AppLog] INFO : 重新加载完波形：DEV_ReloadWaveForm！
2023-03-22 19:57:46,983 [AppLog] INFO : 退出手动调试子模块，未执行修改
==========================================================================
2023-03-22 19:57:48,512 [AppLog] INFO : 开启系统：板卡通讯，伺服供电，照明系统，UV/HR固化系统！
2023-03-22 19:57:49,885 [AppLog] INFO : 关闭系统：一键关闭系统开始！
2023-03-22 19:57:56,109 [AppLog] INFO : 关闭系统：一键关闭系统结束！
2023-03-22 19:57:56,140 [AppLog] INFO : 喷墨控制器的所有轴输出关闭！
2023-03-22 19:57:56,140 [AppLog] INFO : 喷墨控制器关闭！
2023-03-22 19:57:56,156 [AppLog] INFO : 进入电气控制模块
2023-03-22 19:57:58,449 [AppLog] INFO : 退出电气控制模块
2023-03-22 19:57:59,541 [AppLog] INFO : 开启系统：板卡通讯，伺服供电，照明系统，UV/HR固化系统！
2023-03-22 19:57:59,541 [AppLog] INFO : 开启系统：一键启动系统开始！
2023-03-22 19:58:05,641 [AppLog] INFO : 开启系统：一键启动系统结束！
2023-03-22 19:58:05,641 [AppLog] INFO : 初始化喷墨控制器启动！
2023-03-22 19:58:28,370 [AppLog] INFO : 打开喷墨控制器设备成功！
2023-03-22 19:58:32,317 [AppLog] INFO : 更新{1}号喷头电压成功：MCU_SetPhVoltage{15V,15V,15V,15V}；
2023-03-22 19:58:32,395 [AppLog] INFO : 更新{1}号喷头温度失败：MCU_SetPhVoltage{25℃}
2023-03-22 19:58:32,785 [AppLog] INFO : 更新{2}号喷头电压失败：MCU_SetPhVoltage{15V,15V,15V,15V}；
2023-03-22 19:58:32,972 [AppLog] INFO : 更新{2}号喷头温度失败：MCU_SetPhVoltage{25℃}
2023-03-22 19:58:33,346 [AppLog] INFO : 更新{3}号喷头电压失败：MCU_SetPhVoltage{15V,15V,15V,15V}；
2023-03-22 19:58:33,533 [AppLog] INFO : 更新{3}号喷头温度失败：MCU_SetPhVoltage{25℃}
2023-03-22 19:58:33,908 [AppLog] INFO : 更新{4}号喷头电压失败：MCU_SetPhVoltage{15V,15V,15V,15V}；
2023-03-22 19:58:34,111 [AppLog] INFO : 更新{4}号喷头温度失败：MCU_SetPhVoltage{25℃}
2023-03-22 19:58:34,501 [AppLog] INFO : 更新{5}号喷头电压失败：MCU_SetPhVoltage{15V,15V,15V,15V}；
2023-03-22 19:58:34,703 [AppLog] INFO : 更新{5}号喷头温度失败：MCU_SetPhVoltage{25℃}
2023-03-22 19:58:35,093 [AppLog] INFO : 更新{6}号喷头电压失败：MCU_SetPhVoltage{15V,15V,15V,15V}；
2023-03-22 19:58:35,296 [AppLog] INFO : 更新{6}号喷头温度失败：MCU_SetPhVoltage{25℃}
2023-03-22 19:58:35,686 [AppLog] INFO : 更新{7}号喷头电压失败：MCU_SetPhVoltage{15V,15V,15V,15V}；
2023-03-22 19:58:35,889 [AppLog] INFO : 更新{7}号喷头温度失败：MCU_SetPhVoltage{25℃}
2023-03-22 19:58:36,326 [AppLog] INFO : 更新{8}号喷头电压失败：MCU_SetPhVoltage{15V,15V,15V,15V}；
2023-03-22 19:58:36,529 [AppLog] INFO : 更新{8}号喷头温度失败：MCU_SetPhVoltage{25℃}
2023-03-22 19:58:36,544 [AppLog] INFO : 初始化喷墨控制器成功！
2023-03-22 19:58:36,544 [AppLog] INFO : 【RecordPressureAndTemperatureAndValtage】: 准备读取{1}号喷头打印前状态：读取电压！！
2023-03-22 19:58:36,700 [AppLog] INFO : 【RecordPressureAndTemperatureAndValtage】: 准备读取{1}号喷头打印前状态：读取温度！！
2023-03-22 19:58:39,664 [AppLog] INFO : 【RecordPressureAndTemperatureAndValtage】: {1}号喷头打印前状态：系统负压为{-2.40kPa}，喷头温度为{14.94139℃}，喷头电压为{14.94139V,15.04888V,14.87889V,16.48082V}；
2023-03-22 19:58:39,664 [AppLog] INFO : 进入：EquipmentMotionLogic3=》准备创建对象-手动操作！
2023-03-22 19:58:39,680 [AppLog] INFO : 进入：EquipmentMotionLogic3=》创建完成-手动操作！
2023-03-22 19:58:39,805 [AppLog] INFO : 红外灯控制器485通讯建立！
2023-03-22 19:58:39,805 [AppLog] INFO : 进入电气控制模块
2023-03-22 19:58:40,819 [AppLog] INFO : 退出电气控制模块
2023-03-22 19:58:41,583 [AppLog] INFO : 进入手动调试子模块！
2023-03-22 19:58:41,583 [AppLog] INFO : 进入：ManulBtn_Click=》准备创建对象-手动操作！
2023-03-22 19:58:41,599 [AppLog] INFO : 创建：ManualControl=》创建完成-手动操作！
2023-03-22 19:58:41,599 [AppLog] INFO : 加载成功：温控Modbus接口！
2023-03-22 19:58:53,174 [AppLog] INFO : 更新波形路径：DEV_UpdateParam：{D:\Release\波形文件\0316新调=波形文件=水性胶水\世彪新调：ricoh_big-单点模式-开启MN1(开启微动).rhdat}
2023-03-22 19:58:53,174 [AppLog] INFO : 重新加载完波形：DEV_ReloadWaveForm！
2023-03-22 19:59:03,174 [AppLog] INFO : 退出手动调试子模块，未执行修改
==========================================================================
2023-03-22 19:59:04,188 [AppLog] INFO : 开启系统：板卡通讯，伺服供电，照明系统，UV/HR固化系统！
2023-03-22 19:59:05,014 [AppLog] INFO : 关闭系统：一键关闭系统开始！
2023-03-22 19:59:11,223 [AppLog] INFO : 关闭系统：一键关闭系统结束！
2023-03-22 19:59:11,223 [AppLog] INFO : 喷墨控制器的所有轴输出关闭！
2023-03-22 19:59:11,254 [AppLog] INFO : 喷墨控制器关闭！
2023-03-22 19:59:11,254 [AppLog] INFO : 进入电气控制模块
2023-03-22 19:59:12,752 [AppLog] INFO : 电气控制模块：手动关闭端口14
2023-03-22 19:59:14,250 [AppLog] INFO : 电气控制模块：手动关闭端口15
2023-03-22 19:59:14,874 [AppLog] INFO : 退出电气控制模块
2023-03-22 19:59:16,980 [AppLog] INFO : 软件及设备关停中：墨车所有方向运动确认停止（X,Y,Y2)： bImmeStop{False},nAxisMask{0x7}
2023-03-22 19:59:16,980 [AppLog] INFO : 软件及设备关停中：喷墨控制器板卡系统关闭（X,Y,Y2)：DEV_CloseDevice
2023-03-22 19:59:17,650 [AppLog] INFO : 软件及设备关停成功
==========================================================================
操作系统:{Microsoft Windows 7 旗舰版 }
运行环境:{ .Net Framework Enviroment Version 4.0.30319.42000}
盘符：D
CPU使用率：{33.92833%} ，可用内存大小:{14283MB}，硬盘剩余空间：
  盘符 C:\ 的剩余空间：70 GB
  盘符 D:\ 的剩余空间：88 GB
==========================================================================
