2024-01-27 11:06:56,261 [AppLog] INFO : 软件开机密码正确，登录成功1次
==========================================================================
操作系统:{Microsoft Windows 7 旗舰版 }
运行环境:{ .Net Framework Enviroment Version 4.0.30319.42000}
盘符：D
CPU使用率：{41.07117%} ，可用内存大小:{14378MB}，硬盘剩余空间：
  盘符 C:\ 的剩余空间：70 GB
  盘符 D:\ 的剩余空间：57 GB
硬件配置情况：
  CPU 厂家: GenuineIntel CPU 型号: Intel(R) Core(TM) i7-4770 CPU @ 3.40GHz
  内存条厂家: Kingston 内存条型号: 99P5471-043.A00LF 
  内存条厂家: Kingston 内存条型号: 99P5471-043.A00LF 
  硬盘厂家: (标准磁盘驱动器) 硬盘型号: Micron_1300_MTFDDAK256TDL ATA Device
==========================================================================
2024-01-27 11:06:56,526 [AppLog] INFO : 开启系统：板卡通讯，伺服供电，照明系统，UV/HR固化系统！
2024-01-27 11:06:56,542 [AppLog] INFO : 开启系统：一键启动系统开始！
2024-01-27 11:07:02,626 [AppLog] INFO : 开启系统：一键启动系统结束！
2024-01-27 11:07:02,844 [AppLog] INFO : 创建：AutoPrintMotion0=》初次创建完成-手动操作！
2024-01-27 11:07:02,922 [AppLog] INFO : 初始化喷墨控制器启动！
2024-01-27 11:07:26,712 [AppLog] INFO : 打开喷墨控制器设备成功！
2024-01-27 11:07:26,743 [AppLog] INFO : 输入校准值1次{成功}，打印往返差校准值为：BiDirEncPrtOff{5},分频值{8},打印速度{300mm/s}
2024-01-27 11:07:27,133 [AppLog] INFO : PASS打印前关键状态：DEV_GetDeviceInfo：LPPRINTER_INFO:nXSysEncDPI{5080}nStatus{909129520}nPrintStatus{0}bSuperDevice{1}
LPPRINTER_INFO-LPPrtRunInfo:bJobPrtRuning{False}bLayerPrtIsOver{False}nContReqMemErr{0}nContWDErr{0}nCurPrtDir{0}nDTLayerIndex{0}nDTLayerPassIndex{0}nDTPtrCtlIndex{0}nLayerPassCount{0}nPrintLayerIndex{0}nPrintPassIndex{0}nProcLayerIndex{0}nPrtDataMemAddr{0}nPrtState{0}nReverse{System.Int32[]}nRevPrtCols{0}
LPPRINTER_INFO-LPDRVINFO:nFMVersion{45074}nFpgaVersion{539038216}nPCBVersion{0}nState{0}nNextState{0}nPtvwarnState{0}nCrc32{0}nRevInfo{System.UInt32[]}nSignature{0}
2024-01-27 11:09:31,855 [AppLog] INFO : 初始化喷墨控制器成功！
2024-01-27 11:09:31,855 [AppLog] INFO : 进入：EquipmentMotionLogic3=》准备创建对象-手动操作！
2024-01-27 11:09:31,887 [AppLog] INFO : 进入：EquipmentMotionLogic3=》创建完成-手动操作！
2024-01-27 11:09:32,027 [AppLog] INFO : 红外灯控制器485通讯建立！
2024-01-27 11:09:32,027 [AppLog] INFO : 进入电气控制模块
2024-01-27 11:09:35,178 [AppLog] INFO : 电气控制模块：手动打开端口15
2024-01-27 11:09:36,411 [AppLog] INFO : 电气控制模块：手动打开端口14
2024-01-27 11:09:37,269 [AppLog] INFO : 退出电气控制模块
2024-01-27 11:09:45,615 [AppLog] INFO : 进入手动调试子模块！
2024-01-27 11:09:45,615 [AppLog] INFO : 进入：ManulBtn_Click=》准备创建对象-手动操作！
2024-01-27 11:09:45,646 [AppLog] INFO : 创建：ManualControl=》创建完成-手动操作！
2024-01-27 11:09:45,646 [AppLog] INFO : 加载成功：温控Modbus接口！
2024-01-27 11:10:00,435 [AppLog] INFO : 切换为JOG模式====》：输出AXIS{第1轴}
2024-01-27 11:10:01,418 [AppLog] INFO : 手动正向JOG指令（8轴运控板卡系统） ====》：输出AXIS{第1轴},运动速度{2MM/s}
2024-01-27 11:10:03,711 [AppLog] INFO : 手动停止JOG输出（8轴运控板卡系统） ====》：输出AXIS{第1轴}
2024-01-27 11:10:03,960 [AppLog] INFO : 手动正向JOG指令（8轴运控板卡系统） ====》：输出AXIS{第1轴},运动速度{2MM/s}
2024-01-27 11:10:05,801 [AppLog] INFO : 手动停止JOG输出（8轴运控板卡系统） ====》：输出AXIS{第1轴}
2024-01-27 11:10:06,066 [AppLog] INFO : 手动正向JOG指令（8轴运控板卡系统） ====》：输出AXIS{第1轴},运动速度{2MM/s}
2024-01-27 11:10:07,283 [AppLog] INFO : 手动停止JOG输出（8轴运控板卡系统） ====》：输出AXIS{第1轴}
2024-01-27 11:10:07,564 [AppLog] INFO : 手动正向JOG指令（8轴运控板卡系统） ====》：输出AXIS{第1轴},运动速度{2MM/s}
2024-01-27 11:10:09,420 [AppLog] INFO : 手动停止JOG输出（8轴运控板卡系统） ====》：输出AXIS{第1轴}
2024-01-27 11:10:09,764 [AppLog] INFO : 手动正向JOG指令（8轴运控板卡系统） ====》：输出AXIS{第1轴},运动速度{2MM/s}
2024-01-27 11:10:10,700 [AppLog] INFO : 手动停止JOG输出（8轴运控板卡系统） ====》：输出AXIS{第1轴}
2024-01-27 11:10:10,700 [AppLog] INFO : 手动正向JOG指令（8轴运控板卡系统） ====》：输出AXIS{第1轴},运动速度{2MM/s}
2024-01-27 11:10:10,824 [AppLog] INFO : 手动停止JOG输出（8轴运控板卡系统） ====》：输出AXIS{第1轴}
2024-01-27 11:10:11,105 [AppLog] INFO : 手动正向JOG指令（8轴运控板卡系统） ====》：输出AXIS{第1轴},运动速度{2MM/s}
2024-01-27 11:10:11,729 [AppLog] INFO : 手动停止JOG输出（8轴运控板卡系统） ====》：输出AXIS{第1轴}
2024-01-27 11:10:13,352 [AppLog] INFO : 手动正向JOG指令（8轴运控板卡系统） ====》：输出AXIS{第1轴},运动速度{2MM/s}
2024-01-27 11:10:15,348 [AppLog] INFO : 手动停止JOG输出（8轴运控板卡系统） ====》：输出AXIS{第1轴}
2024-01-27 11:10:15,504 [AppLog] INFO : 手动正向JOG指令（8轴运控板卡系统） ====》：输出AXIS{第1轴},运动速度{2MM/s}
2024-01-27 11:10:22,010 [AppLog] INFO : 手动停止JOG输出（8轴运控板卡系统） ====》：输出AXIS{第1轴}
2024-01-27 11:10:22,540 [AppLog] INFO : 手动正向JOG指令（8轴运控板卡系统） ====》：输出AXIS{第1轴},运动速度{2MM/s}
2024-01-27 11:10:24,318 [AppLog] INFO : 手动停止JOG输出（8轴运控板卡系统） ====》：输出AXIS{第1轴}
2024-01-27 11:10:24,537 [AppLog] INFO : 手动正向JOG指令（8轴运控板卡系统） ====》：输出AXIS{第1轴},运动速度{2MM/s}
2024-01-27 11:10:31,089 [AppLog] INFO : 手动停止JOG输出（8轴运控板卡系统） ====》：输出AXIS{第1轴}
2024-01-27 11:10:31,510 [AppLog] INFO : 手动正向JOG指令（8轴运控板卡系统） ====》：输出AXIS{第1轴},运动速度{2MM/s}
2024-01-27 11:10:34,412 [AppLog] INFO : 手动停止JOG输出（8轴运控板卡系统） ====》：输出AXIS{第1轴}
2024-01-27 11:10:34,583 [AppLog] INFO : 手动正向JOG指令（8轴运控板卡系统） ====》：输出AXIS{第1轴},运动速度{2MM/s}
2024-01-27 11:10:35,894 [AppLog] INFO : 手动停止JOG输出（8轴运控板卡系统） ====》：输出AXIS{第1轴}
2024-01-27 11:10:36,284 [AppLog] INFO : 手动正向JOG指令（8轴运控板卡系统） ====》：输出AXIS{第1轴},运动速度{2MM/s}
2024-01-27 11:10:40,308 [AppLog] INFO : 手动停止JOG输出（8轴运控板卡系统） ====》：输出AXIS{第1轴}
2024-01-27 11:10:40,496 [AppLog] INFO : 手动正向JOG指令（8轴运控板卡系统） ====》：输出AXIS{第1轴},运动速度{2MM/s}
2024-01-27 11:10:41,666 [AppLog] INFO : 手动停止JOG输出（8轴运控板卡系统） ====》：输出AXIS{第1轴}
2024-01-27 11:10:42,180 [AppLog] INFO : 手动正向JOG指令（8轴运控板卡系统） ====》：输出AXIS{第1轴},运动速度{2MM/s}
2024-01-27 11:10:48,826 [AppLog] INFO : 手动停止JOG输出（8轴运控板卡系统） ====》：输出AXIS{第1轴}
2024-01-27 11:10:48,982 [AppLog] INFO : 手动正向JOG指令（8轴运控板卡系统） ====》：输出AXIS{第1轴},运动速度{2MM/s}
2024-01-27 11:10:57,952 [AppLog] INFO : 手动停止JOG输出（8轴运控板卡系统） ====》：输出AXIS{第1轴}
2024-01-27 11:10:58,155 [AppLog] INFO : 手动正向JOG指令（8轴运控板卡系统） ====》：输出AXIS{第1轴},运动速度{2MM/s}
2024-01-27 11:10:58,919 [AppLog] INFO : 手动停止JOG输出（8轴运控板卡系统） ====》：输出AXIS{第1轴}
2024-01-27 11:10:59,481 [AppLog] INFO : 手动正向JOG指令（8轴运控板卡系统） ====》：输出AXIS{第1轴},运动速度{2MM/s}
2024-01-27 11:11:01,743 [AppLog] INFO : 手动停止JOG输出（8轴运控板卡系统） ====》：输出AXIS{第1轴}
2024-01-27 11:11:02,039 [AppLog] INFO : 手动正向JOG指令（8轴运控板卡系统） ====》：输出AXIS{第1轴},运动速度{2MM/s}
2024-01-27 11:11:02,648 [AppLog] INFO : 手动停止JOG输出（8轴运控板卡系统） ====》：输出AXIS{第1轴}
2024-01-27 11:11:02,975 [AppLog] INFO : 手动正向JOG指令（8轴运控板卡系统） ====》：输出AXIS{第1轴},运动速度{2MM/s}
2024-01-27 11:11:05,908 [AppLog] INFO : 手动停止JOG输出（8轴运控板卡系统） ====》：输出AXIS{第1轴}
2024-01-27 11:11:06,080 [AppLog] INFO : 手动正向JOG指令（8轴运控板卡系统） ====》：输出AXIS{第1轴},运动速度{2MM/s}
2024-01-27 11:11:07,109 [AppLog] INFO : 手动停止JOG输出（8轴运控板卡系统） ====》：输出AXIS{第1轴}
2024-01-27 11:11:07,312 [AppLog] INFO : 手动正向JOG指令（8轴运控板卡系统） ====》：输出AXIS{第1轴},运动速度{2MM/s}
2024-01-27 11:11:14,160 [AppLog] INFO : 手动停止JOG输出（8轴运控板卡系统） ====》：输出AXIS{第1轴}
2024-01-27 11:11:18,653 [AppLog] INFO : 手动正向JOG指令（8轴运控板卡系统） ====》：输出AXIS{第1轴},运动速度{5MM/s}
2024-01-27 11:11:33,083 [AppLog] INFO : 手动停止JOG输出（8轴运控板卡系统） ====》：输出AXIS{第1轴}
2024-01-27 11:11:33,161 [AppLog] INFO : 手动正向JOG指令（8轴运控板卡系统） ====》：输出AXIS{第1轴},运动速度{5MM/s}
2024-01-27 11:11:34,253 [AppLog] INFO : 手动停止JOG输出（8轴运控板卡系统） ====》：输出AXIS{第1轴}
2024-01-27 11:11:34,378 [AppLog] INFO : 手动正向JOG指令（8轴运控板卡系统） ====》：输出AXIS{第1轴},运动速度{5MM/s}
2024-01-27 11:11:34,519 [AppLog] INFO : 手动停止JOG输出（8轴运控板卡系统） ====》：输出AXIS{第1轴}
2024-01-27 11:11:34,877 [AppLog] INFO : 手动正向JOG指令（8轴运控板卡系统） ====》：输出AXIS{第1轴},运动速度{5MM/s}
2024-01-27 11:11:44,128 [AppLog] INFO : 手动停止JOG输出（8轴运控板卡系统） ====》：输出AXIS{第1轴}
2024-01-27 11:11:44,315 [AppLog] INFO : 手动正向JOG指令（8轴运控板卡系统） ====》：输出AXIS{第1轴},运动速度{5MM/s}
2024-01-27 11:11:57,919 [AppLog] INFO : 手动停止JOG输出（8轴运控板卡系统） ====》：输出AXIS{第1轴}
2024-01-27 11:11:58,246 [AppLog] INFO : 手动正向JOG指令（8轴运控板卡系统） ====》：输出AXIS{第1轴},运动速度{5MM/s}
2024-01-27 11:11:58,808 [AppLog] INFO : 手动停止JOG输出（8轴运控板卡系统） ====》：输出AXIS{第1轴}
2024-01-27 11:11:59,073 [AppLog] INFO : 手动正向JOG指令（8轴运控板卡系统） ====》：输出AXIS{第1轴},运动速度{5MM/s}
2024-01-27 11:11:59,260 [AppLog] INFO : 手动停止JOG输出（8轴运控板卡系统） ====》：输出AXIS{第1轴}
2024-01-27 11:12:00,992 [AppLog] INFO : 手动负向JOG指令（8轴运控板卡系统） ====》：输出AXIS{第1轴},运动速度{5MM/s}
2024-01-27 11:12:08,012 [AppLog] INFO : 手动停止JOG输出（8轴运控板卡系统） ====》：输出AXIS{第1轴}
2024-01-27 11:13:52,470 [AppLog] INFO : 手动正向JOG指令（8轴运控板卡系统） ====》：输出AXIS{第1轴},运动速度{5MM/s}
2024-01-27 11:13:56,682 [AppLog] INFO : 手动停止JOG输出（8轴运控板卡系统） ====》：输出AXIS{第1轴}
2024-01-27 11:13:56,760 [AppLog] INFO : 手动正向JOG指令（8轴运控板卡系统） ====》：输出AXIS{第1轴},运动速度{5MM/s}
2024-01-27 11:13:59,256 [AppLog] INFO : 手动停止JOG输出（8轴运控板卡系统） ====》：输出AXIS{第1轴}
2024-01-27 11:14:00,238 [AppLog] INFO : 手动负向JOG指令（8轴运控板卡系统） ====》：输出AXIS{第1轴},运动速度{5MM/s}
2024-01-27 11:14:11,704 [AppLog] INFO : 手动停止JOG输出（8轴运控板卡系统） ====》：输出AXIS{第1轴}
2024-01-27 11:17:38,764 [AppLog] INFO : 手动正向JOG指令（8轴运控板卡系统） ====》：输出AXIS{第1轴},运动速度{5MM/s}
2024-01-27 11:17:49,855 [AppLog] INFO : 手动停止JOG输出（8轴运控板卡系统） ====》：输出AXIS{第1轴}
2024-01-27 11:17:50,932 [AppLog] INFO : 手动负向JOG指令（8轴运控板卡系统） ====》：输出AXIS{第1轴},运动速度{5MM/s}
2024-01-27 11:17:58,357 [AppLog] INFO : 手动停止JOG输出（8轴运控板卡系统） ====》：输出AXIS{第1轴}
2024-01-27 11:19:01,272 [AppLog] INFO : 手动正向JOG指令（8轴运控板卡系统） ====》：输出AXIS{第1轴},运动速度{5MM/s}
2024-01-27 11:19:01,818 [AppLog] INFO : 手动停止JOG输出（8轴运控板卡系统） ====》：输出AXIS{第1轴}
2024-01-27 11:19:01,865 [AppLog] INFO : 手动正向JOG指令（8轴运控板卡系统） ====》：输出AXIS{第1轴},运动速度{5MM/s}
2024-01-27 11:19:03,331 [AppLog] INFO : 手动停止JOG输出（8轴运控板卡系统） ====》：输出AXIS{第1轴}
2024-01-27 11:21:14,684 [AppLog] INFO : 手动正向JOG指令（8轴运控板卡系统） ====》：输出AXIS{第1轴},运动速度{5MM/s}
2024-01-27 11:21:19,442 [AppLog] INFO : 手动停止JOG输出（8轴运控板卡系统） ====》：输出AXIS{第1轴}
2024-01-27 11:21:19,629 [AppLog] INFO : 手动正向JOG指令（8轴运控板卡系统） ====》：输出AXIS{第1轴},运动速度{5MM/s}
2024-01-27 11:21:21,204 [AppLog] INFO : 手动停止JOG输出（8轴运控板卡系统） ====》：输出AXIS{第1轴}
2024-01-27 11:21:21,516 [AppLog] INFO : 手动正向JOG指令（8轴运控板卡系统） ====》：输出AXIS{第1轴},运动速度{5MM/s}
2024-01-27 11:21:21,891 [AppLog] INFO : 手动停止JOG输出（8轴运控板卡系统） ====》：输出AXIS{第1轴}
2024-01-27 11:21:23,123 [AppLog] INFO : 手动负向JOG指令（8轴运控板卡系统） ====》：输出AXIS{第1轴},运动速度{5MM/s}
2024-01-27 11:21:34,386 [AppLog] INFO : 手动停止JOG输出（8轴运控板卡系统） ====》：输出AXIS{第1轴}
2024-01-27 11:23:59,981 [AppLog] INFO : 手动负向JOG指令（8轴运控板卡系统） ====》：输出AXIS{第1轴},运动速度{5MM/s}
2024-01-27 11:24:00,122 [AppLog] INFO : 手动停止JOG输出（8轴运控板卡系统） ====》：输出AXIS{第1轴}
2024-01-27 11:24:01,339 [AppLog] INFO : 手动正向JOG指令（8轴运控板卡系统） ====》：输出AXIS{第1轴},运动速度{5MM/s}
2024-01-27 11:24:11,229 [AppLog] INFO : 手动停止JOG输出（8轴运控板卡系统） ====》：输出AXIS{第1轴}
2024-01-27 11:24:11,463 [AppLog] INFO : 手动正向JOG指令（8轴运控板卡系统） ====》：输出AXIS{第1轴},运动速度{5MM/s}
2024-01-27 11:24:11,635 [AppLog] INFO : 手动停止JOG输出（8轴运控板卡系统） ====》：输出AXIS{第1轴}
2024-01-27 11:24:11,978 [AppLog] INFO : 手动正向JOG指令（8轴运控板卡系统） ====》：输出AXIS{第1轴},运动速度{5MM/s}
2024-01-27 11:24:12,103 [AppLog] INFO : 手动停止JOG输出（8轴运控板卡系统） ====》：输出AXIS{第1轴}
2024-01-27 11:24:12,259 [AppLog] INFO : 手动正向JOG指令（8轴运控板卡系统） ====》：输出AXIS{第1轴},运动速度{5MM/s}
2024-01-27 11:24:12,352 [AppLog] INFO : 手动停止JOG输出（8轴运控板卡系统） ====》：输出AXIS{第1轴}
2024-01-27 11:24:12,493 [AppLog] INFO : 手动正向JOG指令（8轴运控板卡系统） ====》：输出AXIS{第1轴},运动速度{5MM/s}
2024-01-27 11:24:12,571 [AppLog] INFO : 手动停止JOG输出（8轴运控板卡系统） ====》：输出AXIS{第1轴}
2024-01-27 11:24:12,664 [AppLog] INFO : 手动正向JOG指令（8轴运控板卡系统） ====》：输出AXIS{第1轴},运动速度{5MM/s}
2024-01-27 11:24:12,742 [AppLog] INFO : 手动停止JOG输出（8轴运控板卡系统） ====》：输出AXIS{第1轴}
2024-01-27 11:24:13,039 [AppLog] INFO : 手动正向JOG指令（8轴运控板卡系统） ====》：输出AXIS{第1轴},运动速度{5MM/s}
2024-01-27 11:24:13,132 [AppLog] INFO : 手动停止JOG输出（8轴运控板卡系统） ====》：输出AXIS{第1轴}
2024-01-27 11:24:13,319 [AppLog] INFO : 手动正向JOG指令（8轴运控板卡系统） ====》：输出AXIS{第1轴},运动速度{5MM/s}
2024-01-27 11:24:13,351 [AppLog] INFO : 手动停止JOG输出（8轴运控板卡系统） ====》：输出AXIS{第1轴}
2024-01-27 11:24:13,647 [AppLog] INFO : 手动正向JOG指令（8轴运控板卡系统） ====》：输出AXIS{第1轴},运动速度{5MM/s}
2024-01-27 11:24:13,709 [AppLog] INFO : 手动停止JOG输出（8轴运控板卡系统） ====》：输出AXIS{第1轴}
2024-01-27 11:24:13,865 [AppLog] INFO : 手动正向JOG指令（8轴运控板卡系统） ====》：输出AXIS{第1轴},运动速度{5MM/s}
2024-01-27 11:24:13,912 [AppLog] INFO : 手动停止JOG输出（8轴运控板卡系统） ====》：输出AXIS{第1轴}
2024-01-27 11:24:14,037 [AppLog] INFO : 手动正向JOG指令（8轴运控板卡系统） ====》：输出AXIS{第1轴},运动速度{5MM/s}
2024-01-27 11:24:14,115 [AppLog] INFO : 手动停止JOG输出（8轴运控板卡系统） ====》：输出AXIS{第1轴}
2024-01-27 11:24:14,240 [AppLog] INFO : 手动正向JOG指令（8轴运控板卡系统） ====》：输出AXIS{第1轴},运动速度{5MM/s}
2024-01-27 11:24:14,333 [AppLog] INFO : 手动停止JOG输出（8轴运控板卡系统） ====》：输出AXIS{第1轴}
2024-01-27 11:24:14,661 [AppLog] INFO : 手动正向JOG指令（8轴运控板卡系统） ====》：输出AXIS{第1轴},运动速度{5MM/s}
2024-01-27 11:24:14,739 [AppLog] INFO : 手动停止JOG输出（8轴运控板卡系统） ====》：输出AXIS{第1轴}
2024-01-27 11:24:14,864 [AppLog] INFO : 手动正向JOG指令（8轴运控板卡系统） ====》：输出AXIS{第1轴},运动速度{5MM/s}
2024-01-27 11:24:14,973 [AppLog] INFO : 手动停止JOG输出（8轴运控板卡系统） ====》：输出AXIS{第1轴}
2024-01-27 11:24:15,113 [AppLog] INFO : 手动正向JOG指令（8轴运控板卡系统） ====》：输出AXIS{第1轴},运动速度{5MM/s}
2024-01-27 11:24:15,207 [AppLog] INFO : 手动停止JOG输出（8轴运控板卡系统） ====》：输出AXIS{第1轴}
2024-01-27 11:24:15,301 [AppLog] INFO : 手动正向JOG指令（8轴运控板卡系统） ====》：输出AXIS{第1轴},运动速度{5MM/s}
2024-01-27 11:24:15,394 [AppLog] INFO : 手动停止JOG输出（8轴运控板卡系统） ====》：输出AXIS{第1轴}
2024-01-27 11:24:15,519 [AppLog] INFO : 手动正向JOG指令（8轴运控板卡系统） ====》：输出AXIS{第1轴},运动速度{5MM/s}
2024-01-27 11:24:15,613 [AppLog] INFO : 手动停止JOG输出（8轴运控板卡系统） ====》：输出AXIS{第1轴}
2024-01-27 11:24:15,737 [AppLog] INFO : 手动正向JOG指令（8轴运控板卡系统） ====》：输出AXIS{第1轴},运动速度{5MM/s}
2024-01-27 11:24:15,831 [AppLog] INFO : 手动停止JOG输出（8轴运控板卡系统） ====》：输出AXIS{第1轴}
2024-01-27 11:24:17,266 [AppLog] INFO : 手动正向JOG指令（8轴运控板卡系统） ====》：输出AXIS{第1轴},运动速度{5MM/s}
2024-01-27 11:24:17,375 [AppLog] INFO : 手动停止JOG输出（8轴运控板卡系统） ====》：输出AXIS{第1轴}
2024-01-27 11:24:18,998 [AppLog] INFO : 手动负向JOG指令（8轴运控板卡系统） ====》：输出AXIS{第1轴},运动速度{5MM/s}
2024-01-27 11:24:19,076 [AppLog] INFO : 手动停止JOG输出（8轴运控板卡系统） ====》：输出AXIS{第1轴}
2024-01-27 11:24:19,232 [AppLog] INFO : 手动负向JOG指令（8轴运控板卡系统） ====》：输出AXIS{第1轴},运动速度{5MM/s}
2024-01-27 11:24:19,325 [AppLog] INFO : 手动停止JOG输出（8轴运控板卡系统） ====》：输出AXIS{第1轴}
2024-01-27 11:24:19,450 [AppLog] INFO : 手动负向JOG指令（8轴运控板卡系统） ====》：输出AXIS{第1轴},运动速度{5MM/s}
2024-01-27 11:24:19,575 [AppLog] INFO : 手动停止JOG输出（8轴运控板卡系统） ====》：输出AXIS{第1轴}
2024-01-27 11:24:19,653 [AppLog] INFO : 手动负向JOG指令（8轴运控板卡系统） ====》：输出AXIS{第1轴},运动速度{5MM/s}
2024-01-27 11:24:19,778 [AppLog] INFO : 手动停止JOG输出（8轴运控板卡系统） ====》：输出AXIS{第1轴}
2024-01-27 11:24:19,903 [AppLog] INFO : 手动负向JOG指令（8轴运控板卡系统） ====》：输出AXIS{第1轴},运动速度{5MM/s}
2024-01-27 11:24:19,996 [AppLog] INFO : 手动停止JOG输出（8轴运控板卡系统） ====》：输出AXIS{第1轴}
2024-01-27 11:24:20,105 [AppLog] INFO : 手动负向JOG指令（8轴运控板卡系统） ====》：输出AXIS{第1轴},运动速度{5MM/s}
2024-01-27 11:24:20,183 [AppLog] INFO : 手动停止JOG输出（8轴运控板卡系统） ====》：输出AXIS{第1轴}
2024-01-27 11:24:20,355 [AppLog] INFO : 手动负向JOG指令（8轴运控板卡系统） ====》：输出AXIS{第1轴},运动速度{5MM/s}
2024-01-27 11:24:20,417 [AppLog] INFO : 手动停止JOG输出（8轴运控板卡系统） ====》：输出AXIS{第1轴}
2024-01-27 11:24:20,573 [AppLog] INFO : 手动负向JOG指令（8轴运控板卡系统） ====》：输出AXIS{第1轴},运动速度{5MM/s}
2024-01-27 11:24:20,651 [AppLog] INFO : 手动停止JOG输出（8轴运控板卡系统） ====》：输出AXIS{第1轴}
2024-01-27 11:24:20,807 [AppLog] INFO : 手动负向JOG指令（8轴运控板卡系统） ====》：输出AXIS{第1轴},运动速度{5MM/s}
2024-01-27 11:24:20,901 [AppLog] INFO : 手动停止JOG输出（8轴运控板卡系统） ====》：输出AXIS{第1轴}
2024-01-27 11:24:21,041 [AppLog] INFO : 手动负向JOG指令（8轴运控板卡系统） ====》：输出AXIS{第1轴},运动速度{5MM/s}
2024-01-27 11:24:34,286 [AppLog] INFO : 手动停止JOG输出（8轴运控板卡系统） ====》：输出AXIS{第1轴}
2024-01-27 11:26:50,911 [AppLog] INFO : 手动正向JOG指令（8轴运控板卡系统） ====》：输出AXIS{第1轴},运动速度{5MM/s}
2024-01-27 11:27:02,533 [AppLog] INFO : 手动停止JOG输出（8轴运控板卡系统） ====》：输出AXIS{第1轴}
2024-01-27 11:27:03,329 [AppLog] INFO : 手动正向JOG指令（8轴运控板卡系统） ====》：输出AXIS{第1轴},运动速度{5MM/s}
2024-01-27 11:27:03,453 [AppLog] INFO : 手动停止JOG输出（8轴运控板卡系统） ====》：输出AXIS{第1轴}
2024-01-27 11:27:03,547 [AppLog] INFO : 手动正向JOG指令（8轴运控板卡系统） ====》：输出AXIS{第1轴},运动速度{5MM/s}
2024-01-27 11:27:03,687 [AppLog] INFO : 手动停止JOG输出（8轴运控板卡系统） ====》：输出AXIS{第1轴}
2024-01-27 11:27:03,797 [AppLog] INFO : 手动正向JOG指令（8轴运控板卡系统） ====》：输出AXIS{第1轴},运动速度{5MM/s}
2024-01-27 11:27:03,921 [AppLog] INFO : 手动停止JOG输出（8轴运控板卡系统） ====》：输出AXIS{第1轴}
2024-01-27 11:27:03,999 [AppLog] INFO : 手动正向JOG指令（8轴运控板卡系统） ====》：输出AXIS{第1轴},运动速度{5MM/s}
2024-01-27 11:27:04,140 [AppLog] INFO : 手动停止JOG输出（8轴运控板卡系统） ====》：输出AXIS{第1轴}
2024-01-27 11:37:48,343 [AppLog] INFO : 手动负向JOG指令（8轴运控板卡系统） ====》：输出AXIS{第1轴},运动速度{5MM/s}
2024-01-27 11:37:48,405 [AppLog] INFO : 手动停止JOG输出（8轴运控板卡系统） ====》：输出AXIS{第1轴}
2024-01-27 11:37:50,277 [AppLog] INFO : 退出手动调试子模块,已执行修改
==========================================================================
2024-01-27 11:37:51,463 [AppLog] INFO : 进入手动调试子模块！
2024-01-27 11:37:51,478 [AppLog] INFO : 进入：ManulBtn_Click=》准备创建对象-手动操作！
2024-01-27 11:37:51,494 [AppLog] INFO : 创建：ManualControl=》创建完成-手动操作！
2024-01-27 11:37:51,494 [AppLog] INFO : 加载成功：温控Modbus接口！
2024-01-27 11:37:55,347 [AppLog] INFO : 开启铺粉车回零校准：PowderCarHomeBtn_Click
2024-01-27 11:37:55,363 [AppLog] INFO : 开启粉车回零校准线程：PowderCarHomeResetThread
2024-01-27 11:38:03,225 [AppLog] INFO : 手动正向点动指令（8轴运控板卡系统） ====》：输出AXIS{第2轴},点动量{-116MM},运动速度{75MM/s}
2024-01-27 11:38:03,225 [AppLog] INFO : 粉车回零校准线程成功：PowderCarHomeResetThread
2024-01-27 11:38:08,966 [AppLog] INFO : 手动开启自动进给铺粉过程：AutoSupplyPowderBtn_Click
2024-01-27 11:38:08,982 [AppLog] INFO : 开启手动铺粉逻辑：NewAutoSupplyPowderThread
2024-01-27 11:38:08,982 [AppLog] INFO : 电气控制模块：手动打开端口14
2024-01-27 11:38:08,982 [AppLog] INFO : 电气控制模块：手动打开端口15
2024-01-27 11:38:09,060 [AppLog] INFO : 手动正向点动指令（8轴运控板卡系统） ====》：输出AXIS{第1轴},点动量{-0.1MM},运动速度{2MM/s}
2024-01-27 11:38:09,060 [AppLog] INFO : 成形面高度下降层厚 TrapSpace{0.1mm}：TrapMoveUp(1, true, Convert.ToString(vel), Convert.ToString(TrapSpace), true, true）
2024-01-27 11:38:09,372 [AppLog] INFO : 手动停止自动进给铺粉过程：AutoSupplyPowderBtn_Click
2024-01-27 11:38:09,840 [AppLog] INFO : 手动正向点动指令（8轴运控板卡系统） ====》：输出AXIS{第1轴},点动量{-1.5MM},运动速度{2MM/s}
2024-01-27 11:38:09,840 [AppLog] INFO : 成形面高度下降指定厚度 TrapSpace{1.5mm}：TrapMoveUp(1, true, Convert.ToString(vel), Convert.ToString(TrapSpace), true, true）
2024-01-27 11:38:10,417 [AppLog] INFO : 手动开启自动进给铺粉过程：AutoSupplyPowderBtn_Click
2024-01-27 11:38:10,620 [AppLog] INFO : 手动正向点动指令（8轴运控板卡系统） ====》：输出AXIS{第1轴},点动量{1.5MM},运动速度{2MM/s}
2024-01-27 11:38:10,620 [AppLog] INFO : 电气控制模块：手动关闭端口15
2024-01-27 11:38:10,620 [AppLog] INFO : 电气控制模块：手动关闭端口14
2024-01-27 11:38:10,620 [AppLog] INFO : 成形面高度上升层厚 TrapSpace{1.5mm}：TrapMoveUp(1, true, Convert.ToString(vel), Convert.ToString(TrapSpace), true, true）
2024-01-27 11:38:10,916 [AppLog] INFO : 手动正向点动指令（8轴运控板卡系统） ====》：输出AXIS{第8轴},点动量{0.6MM},运动速度{2.5MM/s}
2024-01-27 11:38:10,916 [AppLog] INFO : Hopper落粉轴转2圈落粉，速度0.5rev/s：TrapMoveUp(8, true, 0.5, rotateNuM.ToString(), true, false)
2024-01-27 11:38:11,930 [AppLog] INFO : 开启铺粉车不等停运动至准备打印位置215mm，速度250mm/s：BackToStation2
2024-01-27 11:38:12,788 [AppLog] INFO : 手动正向点动指令（8轴运控板卡系统） ====》：输出AXIS{第2轴},点动量{214MM},运动速度{250MM/s}
2024-01-27 11:38:12,788 [AppLog] INFO : 当前铺粉车位置：打印位置215mm
2024-01-27 11:38:12,788 [AppLog] INFO : 手动正向点动指令（8轴运控板卡系统） ====》：输出AXIS{第2轴},点动量{480MM},运动速度{75MM/s}
2024-01-27 11:38:12,788 [AppLog] INFO : 开启铺粉车不等停运动至站2，速度0.5rev/s：BackToStation2
2024-01-27 11:38:12,897 [AppLog] INFO : 打开IR灯：OpenIRLamp(true)
2024-01-27 11:38:13,085 [AppLog] INFO : 手动正向点动指令（8轴运控板卡系统） ====》：输出AXIS{第3轴},点动量{0.125MM},运动速度{1MM/s}
2024-01-27 11:38:13,085 [AppLog] INFO : 在{40mm}处，落粉轴运动{45度}，落粉轴转速{1rev/s}：TrapMoveUp(3, true, Convert.ToString(DispenseRollerSpeed), 0.5, true, true)
2024-01-27 11:38:13,085 [AppLog] INFO : 手动正向点动指令（8轴运控板卡系统） ====》：输出AXIS{第3轴},点动量{0.5MM},运动速度{0.113013698630137MM/s}
2024-01-27 11:38:13,085 [AppLog] INFO : 开启均匀落粉及辊子铺平运动：TrapMoveUp(3, true, Convert.ToString(DispenseRollerSpeed), 0.5, true, true)
2024-01-27 11:38:16,829 [AppLog] INFO : 关闭IR灯：OpenIRLamp(false)
2024-01-27 11:38:18,451 [AppLog] INFO : 手动正向点动指令（8轴运控板卡系统） ====》：输出AXIS{第3轴},点动量{0.5MM},运动速度{2MM/s}
2024-01-27 11:38:18,451 [AppLog] INFO : 落粉轴继续转动以倒掉余粉：TrapMoveUp(3, true, 2, 0.5, true, false)
2024-01-27 11:38:19,184 [AppLog] INFO : 电气控制模块：手动打开端口14
2024-01-27 11:38:19,184 [AppLog] INFO : 电气控制模块：手动打开端口15
2024-01-27 11:38:19,964 [AppLog] INFO : 手动正向点动指令（8轴运控板卡系统） ====》：输出AXIS{第1轴},点动量{-1.5MM},运动速度{2MM/s}
2024-01-27 11:38:19,964 [AppLog] INFO : 电气控制模块：手动关闭端口15
2024-01-27 11:38:19,964 [AppLog] INFO : 电气控制模块：手动关闭端口14
2024-01-27 11:38:19,964 [AppLog] INFO : 成形面高度下降指定厚度 TrapSpace{1.5mm}：TrapMoveUp(1, true, Convert.ToString(vel), Convert.ToString(TrapSpace), true, true）
2024-01-27 11:38:22,757 [AppLog] INFO : 手动正向点动指令（8轴运控板卡系统） ====》：输出AXIS{第2轴},点动量{-696.5MM},运动速度{250MM/s}
2024-01-27 11:38:22,757 [AppLog] INFO : 铺粉车返回至站1：BackToStation2(AimPos, MovSpeed, true)：-1.5mm，速度250mm/s：BackToStation2
2024-01-27 11:38:23,537 [AppLog] INFO : 落粉轴回零成功：motionMap.SetBackSpreaderAxis(3, 0.5, 2, -SinkPosition)：ReturnCode{True}
2024-01-27 11:38:23,537 [AppLog] INFO : 电气控制模块：手动打开端口14
2024-01-27 11:38:23,537 [AppLog] INFO : 电气控制模块：手动打开端口15
2024-01-27 11:38:24,301 [AppLog] INFO : 手动正向点动指令（8轴运控板卡系统） ====》：输出AXIS{第1轴},点动量{1.5MM},运动速度{2MM/s}
2024-01-27 11:38:24,301 [AppLog] INFO : 电气控制模块：手动关闭端口15
2024-01-27 11:38:24,301 [AppLog] INFO : 电气控制模块：手动关闭端口14
2024-01-27 11:38:24,301 [AppLog] INFO : 成形面高度上升层厚 TrapSpace{1.5mm}：TrapMoveUp(1, true, Convert.ToString(vel), Convert.ToString(TrapSpace), true, true）
2024-01-27 11:38:24,301 [AppLog] INFO : 手动铺粉正常结束：NewAutoSupplyPowderThread
2024-01-27 11:38:24,317 [AppLog] INFO : 发送监控指令，拍照记录1条：SendMessageFromSharedMemory
2024-01-27 11:38:29,355 [AppLog] INFO : 手动正向点动指令（8轴运控板卡系统） ====》：输出AXIS{第1轴},点动量{1.5MM},运动速度{2MM/s}
2024-01-27 11:38:31,305 [AppLog] INFO : 手动正向点动指令（8轴运控板卡系统） ====》：输出AXIS{第1轴},点动量{1.5MM},运动速度{2MM/s}
2024-01-27 11:38:38,138 [AppLog] INFO : 手动负向点动指令（8轴运控板卡系统） ====》：输出AXIS{第1轴},点动量{1.5MM},运动速度{2MM/s}
2024-01-27 11:38:41,102 [AppLog] INFO : 手动负向点动指令（8轴运控板卡系统） ====》：输出AXIS{第1轴},点动量{1.5MM},运动速度{2MM/s}
2024-01-27 11:38:43,551 [AppLog] INFO : 手动正向点动指令（8轴运控板卡系统） ====》：输出AXIS{第1轴},点动量{1.5MM},运动速度{2MM/s}
2024-01-27 11:38:45,938 [AppLog] INFO : 手动开启自动进给铺粉过程：AutoSupplyPowderBtn_Click
2024-01-27 11:38:45,938 [AppLog] INFO : 开启手动铺粉逻辑：NewAutoSupplyPowderThread
2024-01-27 11:38:45,938 [AppLog] INFO : 电气控制模块：手动打开端口14
2024-01-27 11:38:45,938 [AppLog] INFO : 电气控制模块：手动打开端口15
2024-01-27 11:38:46,016 [AppLog] INFO : 手动正向点动指令（8轴运控板卡系统） ====》：输出AXIS{第1轴},点动量{-0.1MM},运动速度{2MM/s}
2024-01-27 11:38:46,016 [AppLog] INFO : 成形面高度下降层厚 TrapSpace{0.1mm}：TrapMoveUp(1, true, Convert.ToString(vel), Convert.ToString(TrapSpace), true, true）
2024-01-27 11:38:46,781 [AppLog] INFO : 手动正向点动指令（8轴运控板卡系统） ====》：输出AXIS{第1轴},点动量{-1.5MM},运动速度{2MM/s}
2024-01-27 11:38:46,781 [AppLog] INFO : 成形面高度下降指定厚度 TrapSpace{1.5mm}：TrapMoveUp(1, true, Convert.ToString(vel), Convert.ToString(TrapSpace), true, true）
2024-01-27 11:38:47,561 [AppLog] INFO : 手动正向点动指令（8轴运控板卡系统） ====》：输出AXIS{第1轴},点动量{1.5MM},运动速度{2MM/s}
2024-01-27 11:38:47,561 [AppLog] INFO : 电气控制模块：手动关闭端口15
2024-01-27 11:38:47,561 [AppLog] INFO : 电气控制模块：手动关闭端口14
2024-01-27 11:38:47,561 [AppLog] INFO : 成形面高度上升层厚 TrapSpace{1.5mm}：TrapMoveUp(1, true, Convert.ToString(vel), Convert.ToString(TrapSpace), true, true）
2024-01-27 11:38:47,810 [AppLog] INFO : 手动正向点动指令（8轴运控板卡系统） ====》：输出AXIS{第8轴},点动量{0.6MM},运动速度{2.5MM/s}
2024-01-27 11:38:47,810 [AppLog] INFO : Hopper落粉轴转2圈落粉，速度0.5rev/s：TrapMoveUp(8, true, 0.5, rotateNuM.ToString(), true, false)
2024-01-27 11:38:48,824 [AppLog] INFO : 开启铺粉车不等停运动至准备打印位置215mm，速度250mm/s：BackToStation2
2024-01-27 11:38:49,682 [AppLog] INFO : 手动正向点动指令（8轴运控板卡系统） ====》：输出AXIS{第2轴},点动量{216.5MM},运动速度{250MM/s}
2024-01-27 11:38:49,682 [AppLog] INFO : 当前铺粉车位置：打印位置215mm
2024-01-27 11:38:49,682 [AppLog] INFO : 手动正向点动指令（8轴运控板卡系统） ====》：输出AXIS{第2轴},点动量{480MM},运动速度{75MM/s}
2024-01-27 11:38:49,682 [AppLog] INFO : 开启铺粉车不等停运动至站2，速度0.5rev/s：BackToStation2
2024-01-27 11:38:49,807 [AppLog] INFO : 打开IR灯：OpenIRLamp(true)
2024-01-27 11:38:49,947 [AppLog] INFO : 手动正向点动指令（8轴运控板卡系统） ====》：输出AXIS{第3轴},点动量{0.125MM},运动速度{1MM/s}
2024-01-27 11:38:49,947 [AppLog] INFO : 在{40mm}处，落粉轴运动{45度}，落粉轴转速{1rev/s}：TrapMoveUp(3, true, Convert.ToString(DispenseRollerSpeed), 0.5, true, true)
2024-01-27 11:38:49,947 [AppLog] INFO : 手动正向点动指令（8轴运控板卡系统） ====》：输出AXIS{第3轴},点动量{0.5MM},运动速度{0.113013698630137MM/s}
2024-01-27 11:38:49,947 [AppLog] INFO : 开启均匀落粉及辊子铺平运动：TrapMoveUp(3, true, Convert.ToString(DispenseRollerSpeed), 0.5, true, true)
2024-01-27 11:38:53,738 [AppLog] INFO : 关闭IR灯：OpenIRLamp(false)
2024-01-27 11:38:55,345 [AppLog] INFO : 手动正向点动指令（8轴运控板卡系统） ====》：输出AXIS{第3轴},点动量{0.5MM},运动速度{2MM/s}
2024-01-27 11:38:55,345 [AppLog] INFO : 落粉轴继续转动以倒掉余粉：TrapMoveUp(3, true, 2, 0.5, true, false)
2024-01-27 11:38:56,094 [AppLog] INFO : 电气控制模块：手动打开端口14
2024-01-27 11:38:56,094 [AppLog] INFO : 电气控制模块：手动打开端口15
2024-01-27 11:38:56,874 [AppLog] INFO : 手动正向点动指令（8轴运控板卡系统） ====》：输出AXIS{第1轴},点动量{-1.5MM},运动速度{2MM/s}
2024-01-27 11:38:56,874 [AppLog] INFO : 电气控制模块：手动关闭端口15
2024-01-27 11:38:56,874 [AppLog] INFO : 电气控制模块：手动关闭端口14
2024-01-27 11:38:56,874 [AppLog] INFO : 成形面高度下降指定厚度 TrapSpace{1.5mm}：TrapMoveUp(1, true, Convert.ToString(vel), Convert.ToString(TrapSpace), true, true）
2024-01-27 11:38:59,666 [AppLog] INFO : 手动正向点动指令（8轴运控板卡系统） ====》：输出AXIS{第2轴},点动量{-696.5MM},运动速度{250MM/s}
2024-01-27 11:38:59,666 [AppLog] INFO : 铺粉车返回至站1：BackToStation2(AimPos, MovSpeed, true)：-1.5mm，速度250mm/s：BackToStation2
2024-01-27 11:39:00,446 [AppLog] INFO : 落粉轴回零成功：motionMap.SetBackSpreaderAxis(3, 0.5, 2, -SinkPosition)：ReturnCode{True}
2024-01-27 11:39:00,446 [AppLog] INFO : 电气控制模块：手动打开端口14
2024-01-27 11:39:00,446 [AppLog] INFO : 电气控制模块：手动打开端口15
2024-01-27 11:39:00,977 [AppLog] INFO : 手动停止自动进给铺粉过程：AutoSupplyPowderBtn_Click
2024-01-27 11:39:01,211 [AppLog] INFO : 手动正向点动指令（8轴运控板卡系统） ====》：输出AXIS{第1轴},点动量{1.5MM},运动速度{2MM/s}
2024-01-27 11:39:01,211 [AppLog] INFO : 电气控制模块：手动关闭端口15
2024-01-27 11:39:01,211 [AppLog] INFO : 电气控制模块：手动关闭端口14
2024-01-27 11:39:01,211 [AppLog] INFO : 成形面高度上升层厚 TrapSpace{1.5mm}：TrapMoveUp(1, true, Convert.ToString(vel), Convert.ToString(TrapSpace), true, true）
2024-01-27 11:39:01,211 [AppLog] INFO : 手动铺粉正常结束：NewAutoSupplyPowderThread
2024-01-27 11:39:01,211 [AppLog] INFO : 发送监控指令，拍照记录1条：SendMessageFromSharedMemory
2024-01-27 11:39:09,635 [AppLog] INFO : 手动正向JOG指令（8轴运控板卡系统） ====》：输出AXIS{第2轴},运动速度{50MM/s}
2024-01-27 11:39:09,759 [AppLog] INFO : 自动停止铺粉棍轴JOG输出（8轴运控板卡系统） ====》：输出AXIS{第6轴}
2024-01-27 11:39:09,759 [AppLog] INFO : 手动停止JOG输出（8轴运控板卡系统） ====》：输出AXIS{第2轴}
2024-01-27 11:39:10,118 [AppLog] INFO : 手动正向JOG指令（8轴运控板卡系统） ====》：输出AXIS{第2轴},运动速度{50MM/s}
2024-01-27 11:39:19,213 [AppLog] INFO : 自动停止铺粉棍轴JOG输出（8轴运控板卡系统） ====》：输出AXIS{第6轴}
2024-01-27 11:39:19,213 [AppLog] INFO : 手动停止JOG输出（8轴运控板卡系统） ====》：输出AXIS{第2轴}
2024-01-27 11:39:24,798 [AppLog] INFO : 手动正向JOG指令（8轴运控板卡系统） ====》：输出AXIS{第3轴},运动速度{1MM/s}
2024-01-27 11:39:24,891 [AppLog] INFO : 手动停止JOG输出（8轴运控板卡系统） ====》：输出AXIS{第3轴}
2024-01-27 11:39:25,375 [AppLog] INFO : 手动正向JOG指令（8轴运控板卡系统） ====》：输出AXIS{第3轴},运动速度{1MM/s}
2024-01-27 11:39:25,422 [AppLog] INFO : 手动停止JOG输出（8轴运控板卡系统） ====》：输出AXIS{第3轴}
2024-01-27 11:39:25,812 [AppLog] INFO : 手动正向JOG指令（8轴运控板卡系统） ====》：输出AXIS{第3轴},运动速度{1MM/s}
2024-01-27 11:39:25,890 [AppLog] INFO : 手动停止JOG输出（8轴运控板卡系统） ====》：输出AXIS{第3轴}
2024-01-27 11:40:44,467 [AppLog] INFO : 手动正向JOG指令（8轴运控板卡系统） ====》：输出AXIS{第3轴},运动速度{1MM/s}
2024-01-27 11:40:44,576 [AppLog] INFO : 手动停止JOG输出（8轴运控板卡系统） ====》：输出AXIS{第3轴}
2024-01-27 11:40:45,544 [AppLog] INFO : 手动正向JOG指令（8轴运控板卡系统） ====》：输出AXIS{第3轴},运动速度{1MM/s}
2024-01-27 11:40:45,653 [AppLog] INFO : 手动停止JOG输出（8轴运控板卡系统） ====》：输出AXIS{第3轴}
2024-01-27 11:41:04,888 [AppLog] INFO : 手动正向JOG指令（8轴运控板卡系统） ====》：输出AXIS{第3轴},运动速度{1MM/s}
2024-01-27 11:41:04,966 [AppLog] INFO : 手动停止JOG输出（8轴运控板卡系统） ====》：输出AXIS{第3轴}
2024-01-27 11:41:05,636 [AppLog] INFO : 手动正向JOG指令（8轴运控板卡系统） ====》：输出AXIS{第3轴},运动速度{1MM/s}
2024-01-27 11:41:05,714 [AppLog] INFO : 手动停止JOG输出（8轴运控板卡系统） ====》：输出AXIS{第3轴}
2024-01-27 11:41:06,151 [AppLog] INFO : 手动正向JOG指令（8轴运控板卡系统） ====》：输出AXIS{第3轴},运动速度{1MM/s}
2024-01-27 11:41:06,198 [AppLog] INFO : 手动停止JOG输出（8轴运控板卡系统） ====》：输出AXIS{第3轴}
2024-01-27 11:41:11,596 [AppLog] INFO : 手动正向JOG指令（8轴运控板卡系统） ====》：输出AXIS{第2轴},运动速度{50MM/s}
2024-01-27 11:41:15,074 [AppLog] INFO : 自动停止铺粉棍轴JOG输出（8轴运控板卡系统） ====》：输出AXIS{第6轴}
2024-01-27 11:41:15,074 [AppLog] INFO : 手动停止JOG输出（8轴运控板卡系统） ====》：输出AXIS{第2轴}
2024-01-27 11:41:15,589 [AppLog] INFO : 手动正向JOG指令（8轴运控板卡系统） ====》：输出AXIS{第2轴},运动速度{50MM/s}
2024-01-27 11:41:15,683 [AppLog] INFO : 自动停止铺粉棍轴JOG输出（8轴运控板卡系统） ====》：输出AXIS{第6轴}
2024-01-27 11:41:15,683 [AppLog] INFO : 手动停止JOG输出（8轴运控板卡系统） ====》：输出AXIS{第2轴}
2024-01-27 11:41:15,870 [AppLog] INFO : 手动正向JOG指令（8轴运控板卡系统） ====》：输出AXIS{第2轴},运动速度{50MM/s}
2024-01-27 11:41:15,932 [AppLog] INFO : 自动停止铺粉棍轴JOG输出（8轴运控板卡系统） ====》：输出AXIS{第6轴}
2024-01-27 11:41:15,932 [AppLog] INFO : 手动停止JOG输出（8轴运控板卡系统） ====》：输出AXIS{第2轴}
2024-01-27 11:41:32,858 [AppLog] INFO : 手动正向JOG指令（8轴运控板卡系统） ====》：输出AXIS{第2轴},运动速度{50MM/s}
2024-01-27 11:41:32,968 [AppLog] INFO : 自动停止铺粉棍轴JOG输出（8轴运控板卡系统） ====》：输出AXIS{第6轴}
2024-01-27 11:41:32,968 [AppLog] INFO : 手动停止JOG输出（8轴运控板卡系统） ====》：输出AXIS{第2轴}
2024-01-27 11:41:34,637 [AppLog] INFO : 手动正向JOG指令（8轴运控板卡系统） ====》：输出AXIS{第3轴},运动速度{1MM/s}
2024-01-27 11:41:34,684 [AppLog] INFO : 手动停止JOG输出（8轴运控板卡系统） ====》：输出AXIS{第3轴}
2024-01-27 11:41:35,011 [AppLog] INFO : 手动正向JOG指令（8轴运控板卡系统） ====》：输出AXIS{第3轴},运动速度{1MM/s}
2024-01-27 11:41:35,120 [AppLog] INFO : 手动停止JOG输出（8轴运控板卡系统） ====》：输出AXIS{第3轴}
2024-01-27 11:41:38,459 [AppLog] INFO : 手动正向JOG指令（8轴运控板卡系统） ====》：输出AXIS{第3轴},运动速度{1MM/s}
2024-01-27 11:41:38,599 [AppLog] INFO : 手动停止JOG输出（8轴运控板卡系统） ====》：输出AXIS{第3轴}
2024-01-27 11:41:38,755 [AppLog] INFO : 手动正向JOG指令（8轴运控板卡系统） ====》：输出AXIS{第3轴},运动速度{1MM/s}
2024-01-27 11:41:38,864 [AppLog] INFO : 手动停止JOG输出（8轴运控板卡系统） ====》：输出AXIS{第3轴}
2024-01-27 11:41:39,301 [AppLog] INFO : 手动正向JOG指令（8轴运控板卡系统） ====》：输出AXIS{第3轴},运动速度{1MM/s}
2024-01-27 11:41:39,426 [AppLog] INFO : 手动停止JOG输出（8轴运控板卡系统） ====》：输出AXIS{第3轴}
2024-01-27 11:41:39,878 [AppLog] INFO : 手动正向JOG指令（8轴运控板卡系统） ====》：输出AXIS{第3轴},运动速度{1MM/s}
2024-01-27 11:41:39,925 [AppLog] INFO : 手动停止JOG输出（8轴运控板卡系统） ====》：输出AXIS{第3轴}
2024-01-27 11:41:40,955 [AppLog] INFO : 手动正向JOG指令（8轴运控板卡系统） ====》：输出AXIS{第3轴},运动速度{1MM/s}
2024-01-27 11:41:41,142 [AppLog] INFO : 手动停止JOG输出（8轴运控板卡系统） ====》：输出AXIS{第3轴}
2024-01-27 11:41:41,236 [AppLog] INFO : 手动正向JOG指令（8轴运控板卡系统） ====》：输出AXIS{第3轴},运动速度{1MM/s}
2024-01-27 11:41:41,329 [AppLog] INFO : 手动停止JOG输出（8轴运控板卡系统） ====》：输出AXIS{第3轴}
2024-01-27 11:41:42,281 [AppLog] INFO : 手动正向JOG指令（8轴运控板卡系统） ====》：输出AXIS{第3轴},运动速度{1MM/s}
2024-01-27 11:41:42,406 [AppLog] INFO : 手动停止JOG输出（8轴运控板卡系统） ====》：输出AXIS{第3轴}
2024-01-27 11:41:43,498 [AppLog] INFO : 手动正向JOG指令（8轴运控板卡系统） ====》：输出AXIS{第3轴},运动速度{1MM/s}
2024-01-27 11:41:43,560 [AppLog] INFO : 手动停止JOG输出（8轴运控板卡系统） ====》：输出AXIS{第3轴}
2024-01-27 11:41:43,997 [AppLog] INFO : 手动正向JOG指令（8轴运控板卡系统） ====》：输出AXIS{第3轴},运动速度{1MM/s}
2024-01-27 11:41:44,106 [AppLog] INFO : 手动停止JOG输出（8轴运控板卡系统） ====》：输出AXIS{第3轴}
2024-01-27 11:41:44,324 [AppLog] INFO : 手动正向JOG指令（8轴运控板卡系统） ====》：输出AXIS{第3轴},运动速度{1MM/s}
2024-01-27 11:41:44,418 [AppLog] INFO : 手动停止JOG输出（8轴运控板卡系统） ====》：输出AXIS{第3轴}
2024-01-27 11:41:45,541 [AppLog] INFO : 手动正向JOG指令（8轴运控板卡系统） ====》：输出AXIS{第3轴},运动速度{1MM/s}
2024-01-27 11:41:45,650 [AppLog] INFO : 手动停止JOG输出（8轴运控板卡系统） ====》：输出AXIS{第3轴}
2024-01-27 11:41:46,524 [AppLog] INFO : 手动正向JOG指令（8轴运控板卡系统） ====》：输出AXIS{第3轴},运动速度{1MM/s}
2024-01-27 11:41:46,602 [AppLog] INFO : 手动停止JOG输出（8轴运控板卡系统） ====》：输出AXIS{第3轴}
2024-01-27 11:42:14,901 [AppLog] INFO : 手动正向JOG指令（8轴运控板卡系统） ====》：输出AXIS{第3轴},运动速度{1MM/s}
2024-01-27 11:42:14,963 [AppLog] INFO : 手动停止JOG输出（8轴运控板卡系统） ====》：输出AXIS{第3轴}
2024-01-27 11:42:15,337 [AppLog] INFO : 手动正向JOG指令（8轴运控板卡系统） ====》：输出AXIS{第3轴},运动速度{1MM/s}
2024-01-27 11:42:15,415 [AppLog] INFO : 手动停止JOG输出（8轴运控板卡系统） ====》：输出AXIS{第3轴}
2024-01-27 11:42:18,317 [AppLog] INFO : 手动正向JOG指令（8轴运控板卡系统） ====》：输出AXIS{第3轴},运动速度{1MM/s}
2024-01-27 11:42:18,457 [AppLog] INFO : 手动停止JOG输出（8轴运控板卡系统） ====》：输出AXIS{第3轴}
2024-01-27 11:42:18,676 [AppLog] INFO : 手动正向JOG指令（8轴运控板卡系统） ====》：输出AXIS{第3轴},运动速度{1MM/s}
2024-01-27 11:42:18,785 [AppLog] INFO : 手动停止JOG输出（8轴运控板卡系统） ====》：输出AXIS{第3轴}
2024-01-27 11:42:18,925 [AppLog] INFO : 手动正向JOG指令（8轴运控板卡系统） ====》：输出AXIS{第3轴},运动速度{1MM/s}
2024-01-27 11:42:19,019 [AppLog] INFO : 手动停止JOG输出（8轴运控板卡系统） ====》：输出AXIS{第3轴}
2024-01-27 11:42:19,284 [AppLog] INFO : 手动正向JOG指令（8轴运控板卡系统） ====》：输出AXIS{第3轴},运动速度{1MM/s}
2024-01-27 11:42:19,393 [AppLog] INFO : 手动停止JOG输出（8轴运控板卡系统） ====》：输出AXIS{第3轴}
2024-01-27 11:42:20,704 [AppLog] INFO : 手动正向JOG指令（8轴运控板卡系统） ====》：输出AXIS{第3轴},运动速度{1MM/s}
2024-01-27 11:42:20,829 [AppLog] INFO : 手动停止JOG输出（8轴运控板卡系统） ====》：输出AXIS{第3轴}
2024-01-27 11:42:21,203 [AppLog] INFO : 手动正向JOG指令（8轴运控板卡系统） ====》：输出AXIS{第3轴},运动速度{1MM/s}
2024-01-27 11:42:21,359 [AppLog] INFO : 手动停止JOG输出（8轴运控板卡系统） ====》：输出AXIS{第3轴}
2024-01-27 11:42:28,660 [AppLog] INFO : 手动正向JOG指令（8轴运控板卡系统） ====》：输出AXIS{第3轴},运动速度{1MM/s}
2024-01-27 11:42:28,785 [AppLog] INFO : 手动停止JOG输出（8轴运控板卡系统） ====》：输出AXIS{第3轴}
2024-01-27 11:42:29,611 [AppLog] INFO : 手动正向JOG指令（8轴运控板卡系统） ====》：输出AXIS{第3轴},运动速度{1MM/s}
2024-01-27 11:42:29,736 [AppLog] INFO : 手动停止JOG输出（8轴运控板卡系统） ====》：输出AXIS{第3轴}
2024-01-27 11:42:30,173 [AppLog] INFO : 手动正向JOG指令（8轴运控板卡系统） ====》：输出AXIS{第3轴},运动速度{1MM/s}
2024-01-27 11:42:30,298 [AppLog] INFO : 手动停止JOG输出（8轴运控板卡系统） ====》：输出AXIS{第3轴}
2024-01-27 11:42:30,750 [AppLog] INFO : 手动正向JOG指令（8轴运控板卡系统） ====》：输出AXIS{第3轴},运动速度{1MM/s}
2024-01-27 11:42:30,906 [AppLog] INFO : 手动停止JOG输出（8轴运控板卡系统） ====》：输出AXIS{第3轴}
2024-01-27 11:42:31,281 [AppLog] INFO : 手动正向JOG指令（8轴运控板卡系统） ====》：输出AXIS{第3轴},运动速度{1MM/s}
2024-01-27 11:42:31,374 [AppLog] INFO : 手动停止JOG输出（8轴运控板卡系统） ====》：输出AXIS{第3轴}
2024-01-27 11:42:32,997 [AppLog] INFO : 手动负向JOG指令（8轴运控板卡系统） ====》：输出AXIS{第3轴},运动速度{1MM/s}
2024-01-27 11:42:33,090 [AppLog] INFO : 手动停止JOG输出（8轴运控板卡系统） ====》：输出AXIS{第3轴}
2024-01-27 11:42:33,433 [AppLog] INFO : 手动负向JOG指令（8轴运控板卡系统） ====》：输出AXIS{第3轴},运动速度{1MM/s}
2024-01-27 11:42:33,543 [AppLog] INFO : 手动停止JOG输出（8轴运控板卡系统） ====》：输出AXIS{第3轴}
2024-01-27 11:42:45,118 [AppLog] INFO : 手动负向JOG指令（8轴运控板卡系统） ====》：输出AXIS{第2轴},运动速度{50MM/s}
2024-01-27 11:42:56,911 [AppLog] INFO : 自动停止铺粉棍轴JOG输出（8轴运控板卡系统） ====》：输出AXIS{第6轴}
2024-01-27 11:42:56,911 [AppLog] INFO : 手动停止JOG输出（8轴运控板卡系统） ====》：输出AXIS{第2轴}
2024-01-27 11:42:57,114 [AppLog] INFO : 手动负向JOG指令（8轴运控板卡系统） ====》：输出AXIS{第2轴},运动速度{50MM/s}
2024-01-27 11:42:57,177 [AppLog] INFO : 自动停止铺粉棍轴JOG输出（8轴运控板卡系统） ====》：输出AXIS{第6轴}
2024-01-27 11:42:57,192 [AppLog] INFO : 手动停止JOG输出（8轴运控板卡系统） ====》：输出AXIS{第2轴}
2024-01-27 11:42:57,286 [AppLog] INFO : 手动负向JOG指令（8轴运控板卡系统） ====》：输出AXIS{第2轴},运动速度{50MM/s}
2024-01-27 11:42:57,379 [AppLog] INFO : 自动停止铺粉棍轴JOG输出（8轴运控板卡系统） ====》：输出AXIS{第6轴}
2024-01-27 11:42:57,379 [AppLog] INFO : 手动停止JOG输出（8轴运控板卡系统） ====》：输出AXIS{第2轴}
2024-01-27 11:42:57,473 [AppLog] INFO : 手动负向JOG指令（8轴运控板卡系统） ====》：输出AXIS{第2轴},运动速度{50MM/s}
2024-01-27 11:42:57,567 [AppLog] INFO : 自动停止铺粉棍轴JOG输出（8轴运控板卡系统） ====》：输出AXIS{第6轴}
2024-01-27 11:42:57,567 [AppLog] INFO : 手动停止JOG输出（8轴运控板卡系统） ====》：输出AXIS{第2轴}
2024-01-27 11:42:57,660 [AppLog] INFO : 手动负向JOG指令（8轴运控板卡系统） ====》：输出AXIS{第2轴},运动速度{50MM/s}
2024-01-27 11:42:57,723 [AppLog] INFO : 自动停止铺粉棍轴JOG输出（8轴运控板卡系统） ====》：输出AXIS{第6轴}
2024-01-27 11:42:57,723 [AppLog] INFO : 手动停止JOG输出（8轴运控板卡系统） ====》：输出AXIS{第2轴}
2024-01-27 11:42:57,863 [AppLog] INFO : 手动负向JOG指令（8轴运控板卡系统） ====》：输出AXIS{第2轴},运动速度{50MM/s}
2024-01-27 11:42:57,941 [AppLog] INFO : 自动停止铺粉棍轴JOG输出（8轴运控板卡系统） ====》：输出AXIS{第6轴}
2024-01-27 11:42:57,941 [AppLog] INFO : 手动停止JOG输出（8轴运控板卡系统） ====》：输出AXIS{第2轴}
2024-01-27 11:42:58,050 [AppLog] INFO : 手动负向JOG指令（8轴运控板卡系统） ====》：输出AXIS{第2轴},运动速度{50MM/s}
2024-01-27 11:42:58,128 [AppLog] INFO : 自动停止铺粉棍轴JOG输出（8轴运控板卡系统） ====》：输出AXIS{第6轴}
2024-01-27 11:42:58,128 [AppLog] INFO : 手动停止JOG输出（8轴运控板卡系统） ====》：输出AXIS{第2轴}
2024-01-27 11:42:58,237 [AppLog] INFO : 手动负向JOG指令（8轴运控板卡系统） ====》：输出AXIS{第2轴},运动速度{50MM/s}
2024-01-27 11:42:58,315 [AppLog] INFO : 自动停止铺粉棍轴JOG输出（8轴运控板卡系统） ====》：输出AXIS{第6轴}
2024-01-27 11:42:58,315 [AppLog] INFO : 手动停止JOG输出（8轴运控板卡系统） ====》：输出AXIS{第2轴}
2024-01-27 11:42:58,409 [AppLog] INFO : 手动负向JOG指令（8轴运控板卡系统） ====》：输出AXIS{第2轴},运动速度{50MM/s}
2024-01-27 11:42:58,503 [AppLog] INFO : 自动停止铺粉棍轴JOG输出（8轴运控板卡系统） ====》：输出AXIS{第6轴}
2024-01-27 11:42:58,503 [AppLog] INFO : 手动停止JOG输出（8轴运控板卡系统） ====》：输出AXIS{第2轴}
2024-01-27 11:43:00,796 [AppLog] INFO : 手动负向JOG指令（8轴运控板卡系统） ====》：输出AXIS{第2轴},运动速度{50MM/s}
2024-01-27 11:43:00,858 [AppLog] INFO : 自动停止铺粉棍轴JOG输出（8轴运控板卡系统） ====》：输出AXIS{第6轴}
2024-01-27 11:43:00,858 [AppLog] INFO : 手动停止JOG输出（8轴运控板卡系统） ====》：输出AXIS{第2轴}
2024-01-27 11:43:01,014 [AppLog] INFO : 手动负向JOG指令（8轴运控板卡系统） ====》：输出AXIS{第2轴},运动速度{50MM/s}
2024-01-27 11:43:01,077 [AppLog] INFO : 自动停止铺粉棍轴JOG输出（8轴运控板卡系统） ====》：输出AXIS{第6轴}
2024-01-27 11:43:01,077 [AppLog] INFO : 手动停止JOG输出（8轴运控板卡系统） ====》：输出AXIS{第2轴}
2024-01-27 11:43:01,217 [AppLog] INFO : 手动负向JOG指令（8轴运控板卡系统） ====》：输出AXIS{第2轴},运动速度{50MM/s}
2024-01-27 11:43:01,279 [AppLog] INFO : 自动停止铺粉棍轴JOG输出（8轴运控板卡系统） ====》：输出AXIS{第6轴}
2024-01-27 11:43:01,279 [AppLog] INFO : 手动停止JOG输出（8轴运控板卡系统） ====》：输出AXIS{第2轴}
2024-01-27 11:43:01,404 [AppLog] INFO : 手动负向JOG指令（8轴运控板卡系统） ====》：输出AXIS{第2轴},运动速度{50MM/s}
2024-01-27 11:43:01,451 [AppLog] INFO : 自动停止铺粉棍轴JOG输出（8轴运控板卡系统） ====》：输出AXIS{第6轴}
2024-01-27 11:43:01,451 [AppLog] INFO : 手动停止JOG输出（8轴运控板卡系统） ====》：输出AXIS{第2轴}
2024-01-27 11:43:01,607 [AppLog] INFO : 手动负向JOG指令（8轴运控板卡系统） ====》：输出AXIS{第2轴},运动速度{50MM/s}
2024-01-27 11:43:01,669 [AppLog] INFO : 自动停止铺粉棍轴JOG输出（8轴运控板卡系统） ====》：输出AXIS{第6轴}
2024-01-27 11:43:01,669 [AppLog] INFO : 手动停止JOG输出（8轴运控板卡系统） ====》：输出AXIS{第2轴}
2024-01-27 11:43:02,574 [AppLog] INFO : 手动负向JOG指令（8轴运控板卡系统） ====》：输出AXIS{第2轴},运动速度{50MM/s}
2024-01-27 11:43:02,637 [AppLog] INFO : 自动停止铺粉棍轴JOG输出（8轴运控板卡系统） ====》：输出AXIS{第6轴}
2024-01-27 11:43:02,637 [AppLog] INFO : 手动停止JOG输出（8轴运控板卡系统） ====》：输出AXIS{第2轴}
2024-01-27 11:43:04,509 [AppLog] INFO : 手动正向JOG指令（8轴运控板卡系统） ====》：输出AXIS{第2轴},运动速度{50MM/s}
2024-01-27 11:43:04,587 [AppLog] INFO : 自动停止铺粉棍轴JOG输出（8轴运控板卡系统） ====》：输出AXIS{第6轴}
2024-01-27 11:43:04,587 [AppLog] INFO : 手动停止JOG输出（8轴运控板卡系统） ====》：输出AXIS{第2轴}
2024-01-27 11:43:04,945 [AppLog] INFO : 手动正向JOG指令（8轴运控板卡系统） ====》：输出AXIS{第2轴},运动速度{50MM/s}
2024-01-27 11:43:05,023 [AppLog] INFO : 自动停止铺粉棍轴JOG输出（8轴运控板卡系统） ====》：输出AXIS{第6轴}
2024-01-27 11:43:05,023 [AppLog] INFO : 手动停止JOG输出（8轴运控板卡系统） ====》：输出AXIS{第2轴}
2024-01-27 11:43:05,148 [AppLog] INFO : 手动正向JOG指令（8轴运控板卡系统） ====》：输出AXIS{第2轴},运动速度{50MM/s}
2024-01-27 11:43:05,257 [AppLog] INFO : 自动停止铺粉棍轴JOG输出（8轴运控板卡系统） ====》：输出AXIS{第6轴}
2024-01-27 11:43:05,257 [AppLog] INFO : 手动停止JOG输出（8轴运控板卡系统） ====》：输出AXIS{第2轴}
2024-01-27 11:43:05,367 [AppLog] INFO : 手动正向JOG指令（8轴运控板卡系统） ====》：输出AXIS{第2轴},运动速度{50MM/s}
2024-01-27 11:43:05,445 [AppLog] INFO : 自动停止铺粉棍轴JOG输出（8轴运控板卡系统） ====》：输出AXIS{第6轴}
2024-01-27 11:43:05,445 [AppLog] INFO : 手动停止JOG输出（8轴运控板卡系统） ====》：输出AXIS{第2轴}
2024-01-27 11:43:05,850 [AppLog] INFO : 手动正向JOG指令（8轴运控板卡系统） ====》：输出AXIS{第2轴},运动速度{50MM/s}
2024-01-27 11:43:05,913 [AppLog] INFO : 自动停止铺粉棍轴JOG输出（8轴运控板卡系统） ====》：输出AXIS{第6轴}
2024-01-27 11:43:05,913 [AppLog] INFO : 手动停止JOG输出（8轴运控板卡系统） ====》：输出AXIS{第2轴}
2024-01-27 11:43:06,037 [AppLog] INFO : 手动正向JOG指令（8轴运控板卡系统） ====》：输出AXIS{第2轴},运动速度{50MM/s}
2024-01-27 11:43:06,131 [AppLog] INFO : 自动停止铺粉棍轴JOG输出（8轴运控板卡系统） ====》：输出AXIS{第6轴}
2024-01-27 11:43:06,131 [AppLog] INFO : 手动停止JOG输出（8轴运控板卡系统） ====》：输出AXIS{第2轴}
2024-01-27 11:43:06,271 [AppLog] INFO : 手动正向JOG指令（8轴运控板卡系统） ====》：输出AXIS{第2轴},运动速度{50MM/s}
2024-01-27 11:43:06,318 [AppLog] INFO : 自动停止铺粉棍轴JOG输出（8轴运控板卡系统） ====》：输出AXIS{第6轴}
2024-01-27 11:43:06,334 [AppLog] INFO : 手动停止JOG输出（8轴运控板卡系统） ====》：输出AXIS{第2轴}
2024-01-27 11:43:36,707 [AppLog] INFO : 手动正向点动指令（8轴运控板卡系统） ====》：输出AXIS{第1轴},点动量{1.5MM},运动速度{2MM/s}
2024-01-27 11:43:45,037 [AppLog] INFO : 开启铺粉车回零校准：PowderCarHomeBtn_Click
2024-01-27 11:43:45,037 [AppLog] INFO : 开启粉车回零校准线程：PowderCarHomeResetThread
2024-01-27 11:43:51,184 [AppLog] INFO : 手动正向点动指令（8轴运控板卡系统） ====》：输出AXIS{第2轴},点动量{-116MM},运动速度{75MM/s}
2024-01-27 11:43:51,184 [AppLog] INFO : 粉车回零校准线程成功：PowderCarHomeResetThread
2024-01-27 11:43:57,284 [AppLog] INFO : 手动开启自动进给铺粉过程：AutoSupplyPowderBtn_Click
2024-01-27 11:43:58,438 [AppLog] INFO : 手动开启自动进给铺粉过程：AutoSupplyPowderBtn_Click
2024-01-27 11:43:58,438 [AppLog] INFO : 开启手动铺粉逻辑：NewAutoSupplyPowderThread
2024-01-27 11:43:58,454 [AppLog] INFO : 电气控制模块：手动打开端口14
2024-01-27 11:43:58,454 [AppLog] INFO : 电气控制模块：手动打开端口15
2024-01-27 11:43:58,516 [AppLog] INFO : 手动正向点动指令（8轴运控板卡系统） ====》：输出AXIS{第1轴},点动量{-0.1MM},运动速度{2MM/s}
2024-01-27 11:43:58,516 [AppLog] INFO : 成形面高度下降层厚 TrapSpace{0.1mm}：TrapMoveUp(1, true, Convert.ToString(vel), Convert.ToString(TrapSpace), true, true）
2024-01-27 11:43:59,296 [AppLog] INFO : 手动正向点动指令（8轴运控板卡系统） ====》：输出AXIS{第1轴},点动量{-1.5MM},运动速度{2MM/s}
2024-01-27 11:43:59,296 [AppLog] INFO : 成形面高度下降指定厚度 TrapSpace{1.5mm}：TrapMoveUp(1, true, Convert.ToString(vel), Convert.ToString(TrapSpace), true, true）
2024-01-27 11:44:00,076 [AppLog] INFO : 手动正向点动指令（8轴运控板卡系统） ====》：输出AXIS{第1轴},点动量{1.5MM},运动速度{2MM/s}
2024-01-27 11:44:00,076 [AppLog] INFO : 电气控制模块：手动关闭端口15
2024-01-27 11:44:00,076 [AppLog] INFO : 电气控制模块：手动关闭端口14
2024-01-27 11:44:00,076 [AppLog] INFO : 成形面高度上升层厚 TrapSpace{1.5mm}：TrapMoveUp(1, true, Convert.ToString(vel), Convert.ToString(TrapSpace), true, true）
2024-01-27 11:44:00,326 [AppLog] INFO : 手动正向点动指令（8轴运控板卡系统） ====》：输出AXIS{第8轴},点动量{0.6MM},运动速度{2.5MM/s}
2024-01-27 11:44:00,326 [AppLog] INFO : Hopper落粉轴转2圈落粉，速度0.5rev/s：TrapMoveUp(8, true, 0.5, rotateNuM.ToString(), true, false)
2024-01-27 11:44:01,340 [AppLog] INFO : 开启铺粉车不等停运动至准备打印位置215mm，速度250mm/s：BackToStation2
2024-01-27 11:44:02,198 [AppLog] INFO : 手动正向点动指令（8轴运控板卡系统） ====》：输出AXIS{第2轴},点动量{214MM},运动速度{250MM/s}
2024-01-27 11:44:02,198 [AppLog] INFO : 当前铺粉车位置：打印位置215mm
2024-01-27 11:44:02,198 [AppLog] INFO : 手动正向点动指令（8轴运控板卡系统） ====》：输出AXIS{第2轴},点动量{480MM},运动速度{75MM/s}
2024-01-27 11:44:02,198 [AppLog] INFO : 开启铺粉车不等停运动至站2，速度0.5rev/s：BackToStation2
2024-01-27 11:44:02,307 [AppLog] INFO : 打开IR灯：OpenIRLamp(true)
2024-01-27 11:44:02,447 [AppLog] INFO : 手动正向点动指令（8轴运控板卡系统） ====》：输出AXIS{第3轴},点动量{0.125MM},运动速度{1MM/s}
2024-01-27 11:44:02,447 [AppLog] INFO : 在{40mm}处，落粉轴运动{45度}，落粉轴转速{1rev/s}：TrapMoveUp(3, true, Convert.ToString(DispenseRollerSpeed), 0.5, true, true)
2024-01-27 11:44:02,447 [AppLog] INFO : 手动正向点动指令（8轴运控板卡系统） ====》：输出AXIS{第3轴},点动量{0.5MM},运动速度{0.113013698630137MM/s}
2024-01-27 11:44:02,447 [AppLog] INFO : 开启均匀落粉及辊子铺平运动：TrapMoveUp(3, true, Convert.ToString(DispenseRollerSpeed), 0.5, true, true)
2024-01-27 11:44:06,238 [AppLog] INFO : 关闭IR灯：OpenIRLamp(false)
2024-01-27 11:44:07,860 [AppLog] INFO : 手动正向点动指令（8轴运控板卡系统） ====》：输出AXIS{第3轴},点动量{0.5MM},运动速度{2MM/s}
2024-01-27 11:44:07,860 [AppLog] INFO : 落粉轴继续转动以倒掉余粉：TrapMoveUp(3, true, 2, 0.5, true, false)
2024-01-27 11:44:08,594 [AppLog] INFO : 电气控制模块：手动打开端口14
2024-01-27 11:44:08,594 [AppLog] INFO : 电气控制模块：手动打开端口15
2024-01-27 11:44:09,374 [AppLog] INFO : 手动正向点动指令（8轴运控板卡系统） ====》：输出AXIS{第1轴},点动量{-1.5MM},运动速度{2MM/s}
2024-01-27 11:44:09,374 [AppLog] INFO : 电气控制模块：手动关闭端口15
2024-01-27 11:44:09,374 [AppLog] INFO : 电气控制模块：手动关闭端口14
2024-01-27 11:44:09,374 [AppLog] INFO : 成形面高度下降指定厚度 TrapSpace{1.5mm}：TrapMoveUp(1, true, Convert.ToString(vel), Convert.ToString(TrapSpace), true, true）
2024-01-27 11:44:12,166 [AppLog] INFO : 手动正向点动指令（8轴运控板卡系统） ====》：输出AXIS{第2轴},点动量{-696.5MM},运动速度{250MM/s}
2024-01-27 11:44:12,166 [AppLog] INFO : 铺粉车返回至站1：BackToStation2(AimPos, MovSpeed, true)：-1.5mm，速度250mm/s：BackToStation2
2024-01-27 11:44:12,821 [AppLog] INFO : 落粉轴回零成功：motionMap.SetBackSpreaderAxis(3, 0.5, 2, -SinkPosition)：ReturnCode{True}
2024-01-27 11:44:12,821 [AppLog] INFO : 电气控制模块：手动打开端口14
2024-01-27 11:44:12,821 [AppLog] INFO : 电气控制模块：手动打开端口15
2024-01-27 11:44:13,586 [AppLog] INFO : 手动正向点动指令（8轴运控板卡系统） ====》：输出AXIS{第1轴},点动量{1.5MM},运动速度{2MM/s}
2024-01-27 11:44:13,586 [AppLog] INFO : 电气控制模块：手动关闭端口15
2024-01-27 11:44:13,586 [AppLog] INFO : 电气控制模块：手动关闭端口14
2024-01-27 11:44:13,586 [AppLog] INFO : 成形面高度上升层厚 TrapSpace{1.5mm}：TrapMoveUp(1, true, Convert.ToString(vel), Convert.ToString(TrapSpace), true, true）
2024-01-27 11:44:13,586 [AppLog] INFO : 手动铺粉正常结束：NewAutoSupplyPowderThread
2024-01-27 11:44:13,586 [AppLog] INFO : 发送监控指令，拍照记录1条：SendMessageFromSharedMemory
2024-01-27 11:44:14,600 [AppLog] INFO : 手动正向JOG指令（8轴运控板卡系统） ====》：输出AXIS{第2轴},运动速度{50MM/s}
2024-01-27 11:44:14,771 [AppLog] INFO : 自动停止铺粉棍轴JOG输出（8轴运控板卡系统） ====》：输出AXIS{第6轴}
2024-01-27 11:44:14,771 [AppLog] INFO : 手动停止JOG输出（8轴运控板卡系统） ====》：输出AXIS{第2轴}
2024-01-27 11:44:15,005 [AppLog] INFO : 手动正向JOG指令（8轴运控板卡系统） ====》：输出AXIS{第2轴},运动速度{50MM/s}
2024-01-27 11:44:23,226 [AppLog] INFO : 自动停止铺粉棍轴JOG输出（8轴运控板卡系统） ====》：输出AXIS{第6轴}
2024-01-27 11:44:23,226 [AppLog] INFO : 手动停止JOG输出（8轴运控板卡系统） ====》：输出AXIS{第2轴}
2024-01-27 11:44:29,123 [AppLog] INFO : 手动正向JOG指令（8轴运控板卡系统） ====》：输出AXIS{第3轴},运动速度{1MM/s}
2024-01-27 11:44:29,404 [AppLog] INFO : 手动停止JOG输出（8轴运控板卡系统） ====》：输出AXIS{第3轴}
2024-01-27 11:44:29,981 [AppLog] INFO : 手动正向JOG指令（8轴运控板卡系统） ====》：输出AXIS{第3轴},运动速度{1MM/s}
2024-01-27 11:44:30,075 [AppLog] INFO : 手动停止JOG输出（8轴运控板卡系统） ====》：输出AXIS{第3轴}
2024-01-27 11:44:30,215 [AppLog] INFO : 手动正向JOG指令（8轴运控板卡系统） ====》：输出AXIS{第3轴},运动速度{1MM/s}
2024-01-27 11:44:30,324 [AppLog] INFO : 手动停止JOG输出（8轴运控板卡系统） ====》：输出AXIS{第3轴}
2024-01-27 11:44:30,434 [AppLog] INFO : 手动正向JOG指令（8轴运控板卡系统） ====》：输出AXIS{第3轴},运动速度{1MM/s}
2024-01-27 11:44:30,527 [AppLog] INFO : 手动停止JOG输出（8轴运控板卡系统） ====》：输出AXIS{第3轴}
2024-01-27 11:44:30,621 [AppLog] INFO : 手动正向JOG指令（8轴运控板卡系统） ====》：输出AXIS{第3轴},运动速度{1MM/s}
2024-01-27 11:44:30,714 [AppLog] INFO : 手动停止JOG输出（8轴运控板卡系统） ====》：输出AXIS{第3轴}
2024-01-27 11:44:30,808 [AppLog] INFO : 手动正向JOG指令（8轴运控板卡系统） ====》：输出AXIS{第3轴},运动速度{1MM/s}
2024-01-27 11:44:30,886 [AppLog] INFO : 手动停止JOG输出（8轴运控板卡系统） ====》：输出AXIS{第3轴}
2024-01-27 11:44:30,995 [AppLog] INFO : 手动正向JOG指令（8轴运控板卡系统） ====》：输出AXIS{第3轴},运动速度{1MM/s}
2024-01-27 11:44:31,089 [AppLog] INFO : 手动停止JOG输出（8轴运控板卡系统） ====》：输出AXIS{第3轴}
2024-01-27 11:44:31,182 [AppLog] INFO : 手动正向JOG指令（8轴运控板卡系统） ====》：输出AXIS{第3轴},运动速度{1MM/s}
2024-01-27 11:44:31,260 [AppLog] INFO : 手动停止JOG输出（8轴运控板卡系统） ====》：输出AXIS{第3轴}
2024-01-27 11:44:31,370 [AppLog] INFO : 手动正向JOG指令（8轴运控板卡系统） ====》：输出AXIS{第3轴},运动速度{1MM/s}
2024-01-27 11:44:31,432 [AppLog] INFO : 手动停止JOG输出（8轴运控板卡系统） ====》：输出AXIS{第3轴}
2024-01-27 11:44:31,838 [AppLog] INFO : 手动正向JOG指令（8轴运控板卡系统） ====》：输出AXIS{第3轴},运动速度{1MM/s}
2024-01-27 11:44:31,884 [AppLog] INFO : 手动停止JOG输出（8轴运控板卡系统） ====》：输出AXIS{第3轴}
2024-01-27 11:44:45,956 [AppLog] INFO : 手动负向JOG指令（8轴运控板卡系统） ====》：输出AXIS{第2轴},运动速度{50MM/s}
2024-01-27 11:44:53,288 [AppLog] INFO : 自动停止铺粉棍轴JOG输出（8轴运控板卡系统） ====》：输出AXIS{第6轴}
2024-01-27 11:44:53,288 [AppLog] INFO : 手动停止JOG输出（8轴运控板卡系统） ====》：输出AXIS{第2轴}
2024-01-27 11:44:53,490 [AppLog] INFO : 手动负向JOG指令（8轴运控板卡系统） ====》：输出AXIS{第2轴},运动速度{50MM/s}
2024-01-27 11:44:53,537 [AppLog] INFO : 自动停止铺粉棍轴JOG输出（8轴运控板卡系统） ====》：输出AXIS{第6轴}
2024-01-27 11:44:53,537 [AppLog] INFO : 手动停止JOG输出（8轴运控板卡系统） ====》：输出AXIS{第2轴}
2024-01-27 11:44:56,673 [AppLog] INFO : 开启铺粉车回零校准：PowderCarHomeBtn_Click
2024-01-27 11:44:56,673 [AppLog] INFO : 开启粉车回零校准线程：PowderCarHomeResetThread
2024-01-27 11:45:01,914 [AppLog] INFO : 手动正向点动指令（8轴运控板卡系统） ====》：输出AXIS{第2轴},点动量{-116MM},运动速度{75MM/s}
2024-01-27 11:45:01,914 [AppLog] INFO : 粉车回零校准线程成功：PowderCarHomeResetThread
2024-01-27 11:45:15,705 [AppLog] INFO : 手动正向点动指令（8轴运控板卡系统） ====》：输出AXIS{第1轴},点动量{1.5MM},运动速度{2MM/s}
2024-01-27 11:45:21,305 [AppLog] INFO : 手动停止自动进给铺粉过程：AutoSupplyPowderBtn_Click
2024-01-27 11:45:22,194 [AppLog] INFO : 手动开启自动进给铺粉过程：AutoSupplyPowderBtn_Click
2024-01-27 11:45:24,831 [AppLog] INFO : 手动开启自动进给铺粉过程：AutoSupplyPowderBtn_Click
2024-01-27 11:45:24,831 [AppLog] INFO : 开启手动铺粉逻辑：NewAutoSupplyPowderThread
2024-01-27 11:45:24,846 [AppLog] INFO : 电气控制模块：手动打开端口14
2024-01-27 11:45:24,846 [AppLog] INFO : 电气控制模块：手动打开端口15
2024-01-27 11:45:24,909 [AppLog] INFO : 手动正向点动指令（8轴运控板卡系统） ====》：输出AXIS{第1轴},点动量{-0.1MM},运动速度{2MM/s}
2024-01-27 11:45:24,909 [AppLog] INFO : 成形面高度下降层厚 TrapSpace{0.1mm}：TrapMoveUp(1, true, Convert.ToString(vel), Convert.ToString(TrapSpace), true, true）
2024-01-27 11:45:25,689 [AppLog] INFO : 手动正向点动指令（8轴运控板卡系统） ====》：输出AXIS{第1轴},点动量{-1.5MM},运动速度{2MM/s}
2024-01-27 11:45:25,689 [AppLog] INFO : 成形面高度下降指定厚度 TrapSpace{1.5mm}：TrapMoveUp(1, true, Convert.ToString(vel), Convert.ToString(TrapSpace), true, true）
2024-01-27 11:45:26,469 [AppLog] INFO : 手动正向点动指令（8轴运控板卡系统） ====》：输出AXIS{第1轴},点动量{1.5MM},运动速度{2MM/s}
2024-01-27 11:45:26,469 [AppLog] INFO : 电气控制模块：手动关闭端口15
2024-01-27 11:45:26,469 [AppLog] INFO : 电气控制模块：手动关闭端口14
2024-01-27 11:45:26,469 [AppLog] INFO : 成形面高度上升层厚 TrapSpace{1.5mm}：TrapMoveUp(1, true, Convert.ToString(vel), Convert.ToString(TrapSpace), true, true）
2024-01-27 11:45:26,718 [AppLog] INFO : 手动正向点动指令（8轴运控板卡系统） ====》：输出AXIS{第8轴},点动量{0.6MM},运动速度{2.5MM/s}
2024-01-27 11:45:26,718 [AppLog] INFO : Hopper落粉轴转2圈落粉，速度0.5rev/s：TrapMoveUp(8, true, 0.5, rotateNuM.ToString(), true, false)
2024-01-27 11:45:27,732 [AppLog] INFO : 开启铺粉车不等停运动至准备打印位置215mm，速度250mm/s：BackToStation2
2024-01-27 11:45:28,590 [AppLog] INFO : 手动正向点动指令（8轴运控板卡系统） ====》：输出AXIS{第2轴},点动量{214MM},运动速度{250MM/s}
2024-01-27 11:45:28,590 [AppLog] INFO : 当前铺粉车位置：打印位置215mm
2024-01-27 11:45:28,590 [AppLog] INFO : 手动正向点动指令（8轴运控板卡系统） ====》：输出AXIS{第2轴},点动量{480MM},运动速度{75MM/s}
2024-01-27 11:45:28,590 [AppLog] INFO : 开启铺粉车不等停运动至站2，速度0.5rev/s：BackToStation2
2024-01-27 11:45:28,715 [AppLog] INFO : 打开IR灯：OpenIRLamp(true)
2024-01-27 11:45:28,840 [AppLog] INFO : 手动正向点动指令（8轴运控板卡系统） ====》：输出AXIS{第3轴},点动量{0.125MM},运动速度{1MM/s}
2024-01-27 11:45:28,840 [AppLog] INFO : 在{40mm}处，落粉轴运动{45度}，落粉轴转速{1rev/s}：TrapMoveUp(3, true, Convert.ToString(DispenseRollerSpeed), 0.5, true, true)
2024-01-27 11:45:28,840 [AppLog] INFO : 手动正向点动指令（8轴运控板卡系统） ====》：输出AXIS{第3轴},点动量{0.5MM},运动速度{0.113013698630137MM/s}
2024-01-27 11:45:28,840 [AppLog] INFO : 开启均匀落粉及辊子铺平运动：TrapMoveUp(3, true, Convert.ToString(DispenseRollerSpeed), 0.5, true, true)
2024-01-27 11:45:32,631 [AppLog] INFO : 关闭IR灯：OpenIRLamp(false)
2024-01-27 11:45:34,253 [AppLog] INFO : 手动正向点动指令（8轴运控板卡系统） ====》：输出AXIS{第3轴},点动量{0.5MM},运动速度{2MM/s}
2024-01-27 11:45:34,253 [AppLog] INFO : 落粉轴继续转动以倒掉余粉：TrapMoveUp(3, true, 2, 0.5, true, false)
2024-01-27 11:45:34,986 [AppLog] INFO : 电气控制模块：手动打开端口14
2024-01-27 11:45:34,986 [AppLog] INFO : 电气控制模块：手动打开端口15
2024-01-27 11:45:35,766 [AppLog] INFO : 手动正向点动指令（8轴运控板卡系统） ====》：输出AXIS{第1轴},点动量{-1.5MM},运动速度{2MM/s}
2024-01-27 11:45:35,766 [AppLog] INFO : 电气控制模块：手动关闭端口15
2024-01-27 11:45:35,766 [AppLog] INFO : 电气控制模块：手动关闭端口14
2024-01-27 11:45:35,766 [AppLog] INFO : 成形面高度下降指定厚度 TrapSpace{1.5mm}：TrapMoveUp(1, true, Convert.ToString(vel), Convert.ToString(TrapSpace), true, true）
2024-01-27 11:45:38,559 [AppLog] INFO : 手动正向点动指令（8轴运控板卡系统） ====》：输出AXIS{第2轴},点动量{-696.5MM},运动速度{250MM/s}
2024-01-27 11:45:38,559 [AppLog] INFO : 铺粉车返回至站1：BackToStation2(AimPos, MovSpeed, true)：-1.5mm，速度250mm/s：BackToStation2
2024-01-27 11:45:39,339 [AppLog] INFO : 落粉轴回零成功：motionMap.SetBackSpreaderAxis(3, 0.5, 2, -SinkPosition)：ReturnCode{True}
2024-01-27 11:45:39,339 [AppLog] INFO : 电气控制模块：手动打开端口14
2024-01-27 11:45:39,339 [AppLog] INFO : 电气控制模块：手动打开端口15
2024-01-27 11:45:40,103 [AppLog] INFO : 手动正向点动指令（8轴运控板卡系统） ====》：输出AXIS{第1轴},点动量{1.5MM},运动速度{2MM/s}
2024-01-27 11:45:40,103 [AppLog] INFO : 电气控制模块：手动关闭端口15
2024-01-27 11:45:40,103 [AppLog] INFO : 电气控制模块：手动关闭端口14
2024-01-27 11:45:40,103 [AppLog] INFO : 成形面高度上升层厚 TrapSpace{1.5mm}：TrapMoveUp(1, true, Convert.ToString(vel), Convert.ToString(TrapSpace), true, true）
2024-01-27 11:45:40,103 [AppLog] INFO : 手动铺粉正常结束：NewAutoSupplyPowderThread
2024-01-27 11:45:40,103 [AppLog] INFO : 发送监控指令，拍照记录1条：SendMessageFromSharedMemory
2024-01-27 11:45:41,928 [AppLog] INFO : 手动停止自动进给铺粉过程：AutoSupplyPowderBtn_Click
2024-01-27 11:49:39,985 [AppLog] INFO : 手动正向点动指令（8轴运控板卡系统） ====》：输出AXIS{第1轴},点动量{0.5MM},运动速度{2MM/s}
2024-01-27 11:49:46,771 [AppLog] INFO : 手动开启自动进给铺粉过程：AutoSupplyPowderBtn_Click
2024-01-27 11:49:49,610 [AppLog] INFO : 手动开启自动进给铺粉过程：AutoSupplyPowderBtn_Click
2024-01-27 11:49:49,610 [AppLog] INFO : 开启手动铺粉逻辑：NewAutoSupplyPowderThread
2024-01-27 11:49:49,610 [AppLog] INFO : 电气控制模块：手动打开端口14
2024-01-27 11:49:49,610 [AppLog] INFO : 电气控制模块：手动打开端口15
2024-01-27 11:49:49,688 [AppLog] INFO : 手动正向点动指令（8轴运控板卡系统） ====》：输出AXIS{第1轴},点动量{-0.1MM},运动速度{2MM/s}
2024-01-27 11:49:49,688 [AppLog] INFO : 成形面高度下降层厚 TrapSpace{0.1mm}：TrapMoveUp(1, true, Convert.ToString(vel), Convert.ToString(TrapSpace), true, true）
2024-01-27 11:49:50,468 [AppLog] INFO : 手动正向点动指令（8轴运控板卡系统） ====》：输出AXIS{第1轴},点动量{-1.5MM},运动速度{2MM/s}
2024-01-27 11:49:50,468 [AppLog] INFO : 成形面高度下降指定厚度 TrapSpace{1.5mm}：TrapMoveUp(1, true, Convert.ToString(vel), Convert.ToString(TrapSpace), true, true）
2024-01-27 11:49:51,233 [AppLog] INFO : 手动正向点动指令（8轴运控板卡系统） ====》：输出AXIS{第1轴},点动量{1.5MM},运动速度{2MM/s}
2024-01-27 11:49:51,233 [AppLog] INFO : 电气控制模块：手动关闭端口15
2024-01-27 11:49:51,233 [AppLog] INFO : 电气控制模块：手动关闭端口14
2024-01-27 11:49:51,233 [AppLog] INFO : 成形面高度上升层厚 TrapSpace{1.5mm}：TrapMoveUp(1, true, Convert.ToString(vel), Convert.ToString(TrapSpace), true, true）
2024-01-27 11:49:51,482 [AppLog] INFO : 手动正向点动指令（8轴运控板卡系统） ====》：输出AXIS{第8轴},点动量{0.6MM},运动速度{2.5MM/s}
2024-01-27 11:49:51,482 [AppLog] INFO : Hopper落粉轴转2圈落粉，速度0.5rev/s：TrapMoveUp(8, true, 0.5, rotateNuM.ToString(), true, false)
2024-01-27 11:49:52,496 [AppLog] INFO : 开启铺粉车不等停运动至准备打印位置215mm，速度250mm/s：BackToStation2
2024-01-27 11:49:53,354 [AppLog] INFO : 手动正向点动指令（8轴运控板卡系统） ====》：输出AXIS{第2轴},点动量{216.5MM},运动速度{250MM/s}
2024-01-27 11:49:53,354 [AppLog] INFO : 当前铺粉车位置：打印位置215mm
2024-01-27 11:49:53,354 [AppLog] INFO : 手动正向点动指令（8轴运控板卡系统） ====》：输出AXIS{第2轴},点动量{480MM},运动速度{75MM/s}
2024-01-27 11:49:53,354 [AppLog] INFO : 开启铺粉车不等停运动至站2，速度0.5rev/s：BackToStation2
2024-01-27 11:49:53,479 [AppLog] INFO : 打开IR灯：OpenIRLamp(true)
2024-01-27 11:49:53,619 [AppLog] INFO : 手动正向点动指令（8轴运控板卡系统） ====》：输出AXIS{第3轴},点动量{0.125MM},运动速度{1MM/s}
2024-01-27 11:49:53,619 [AppLog] INFO : 在{40mm}处，落粉轴运动{45度}，落粉轴转速{1rev/s}：TrapMoveUp(3, true, Convert.ToString(DispenseRollerSpeed), 0.5, true, true)
2024-01-27 11:49:53,619 [AppLog] INFO : 手动正向点动指令（8轴运控板卡系统） ====》：输出AXIS{第3轴},点动量{0.5MM},运动速度{0.113013698630137MM/s}
2024-01-27 11:49:53,619 [AppLog] INFO : 开启均匀落粉及辊子铺平运动：TrapMoveUp(3, true, Convert.ToString(DispenseRollerSpeed), 0.5, true, true)
2024-01-27 11:49:57,457 [AppLog] INFO : 关闭IR灯：OpenIRLamp(false)
2024-01-27 11:49:59,017 [AppLog] INFO : 手动正向点动指令（8轴运控板卡系统） ====》：输出AXIS{第3轴},点动量{0.5MM},运动速度{2MM/s}
2024-01-27 11:49:59,017 [AppLog] INFO : 落粉轴继续转动以倒掉余粉：TrapMoveUp(3, true, 2, 0.5, true, false)
2024-01-27 11:49:59,766 [AppLog] INFO : 电气控制模块：手动打开端口14
2024-01-27 11:49:59,766 [AppLog] INFO : 电气控制模块：手动打开端口15
2024-01-27 11:50:00,546 [AppLog] INFO : 手动正向点动指令（8轴运控板卡系统） ====》：输出AXIS{第1轴},点动量{-1.5MM},运动速度{2MM/s}
2024-01-27 11:50:00,546 [AppLog] INFO : 电气控制模块：手动关闭端口15
2024-01-27 11:50:00,546 [AppLog] INFO : 电气控制模块：手动关闭端口14
2024-01-27 11:50:00,546 [AppLog] INFO : 成形面高度下降指定厚度 TrapSpace{1.5mm}：TrapMoveUp(1, true, Convert.ToString(vel), Convert.ToString(TrapSpace), true, true）
2024-01-27 11:50:03,323 [AppLog] INFO : 手动正向点动指令（8轴运控板卡系统） ====》：输出AXIS{第2轴},点动量{-696.5MM},运动速度{250MM/s}
2024-01-27 11:50:03,323 [AppLog] INFO : 铺粉车返回至站1：BackToStation2(AimPos, MovSpeed, true)：-1.5mm，速度250mm/s：BackToStation2
2024-01-27 11:50:04,103 [AppLog] INFO : 落粉轴回零成功：motionMap.SetBackSpreaderAxis(3, 0.5, 2, -SinkPosition)：ReturnCode{True}
2024-01-27 11:50:04,103 [AppLog] INFO : 电气控制模块：手动打开端口14
2024-01-27 11:50:04,103 [AppLog] INFO : 电气控制模块：手动打开端口15
2024-01-27 11:50:04,867 [AppLog] INFO : 手动正向点动指令（8轴运控板卡系统） ====》：输出AXIS{第1轴},点动量{1.5MM},运动速度{2MM/s}
2024-01-27 11:50:04,867 [AppLog] INFO : 电气控制模块：手动关闭端口15
2024-01-27 11:50:04,867 [AppLog] INFO : 电气控制模块：手动关闭端口14
2024-01-27 11:50:04,867 [AppLog] INFO : 成形面高度上升层厚 TrapSpace{1.5mm}：TrapMoveUp(1, true, Convert.ToString(vel), Convert.ToString(TrapSpace), true, true）
2024-01-27 11:50:04,867 [AppLog] INFO : 手动铺粉正常结束：NewAutoSupplyPowderThread
2024-01-27 11:50:04,867 [AppLog] INFO : 发送监控指令，拍照记录1条：SendMessageFromSharedMemory
2024-01-27 11:50:06,630 [AppLog] INFO : 手动停止自动进给铺粉过程：AutoSupplyPowderBtn_Click
2024-01-27 11:51:01,947 [AppLog] INFO : 手动开启自动进给铺粉过程：AutoSupplyPowderBtn_Click
2024-01-27 11:51:02,712 [AppLog] INFO : 手动开启自动进给铺粉过程：AutoSupplyPowderBtn_Click
2024-01-27 11:51:02,712 [AppLog] INFO : 开启手动铺粉逻辑：NewAutoSupplyPowderThread
2024-01-27 11:51:02,712 [AppLog] INFO : 电气控制模块：手动打开端口14
2024-01-27 11:51:02,712 [AppLog] INFO : 电气控制模块：手动打开端口15
2024-01-27 11:51:02,790 [AppLog] INFO : 手动正向点动指令（8轴运控板卡系统） ====》：输出AXIS{第1轴},点动量{-0.1MM},运动速度{2MM/s}
2024-01-27 11:51:02,790 [AppLog] INFO : 成形面高度下降层厚 TrapSpace{0.1mm}：TrapMoveUp(1, true, Convert.ToString(vel), Convert.ToString(TrapSpace), true, true）
2024-01-27 11:51:03,570 [AppLog] INFO : 手动正向点动指令（8轴运控板卡系统） ====》：输出AXIS{第1轴},点动量{-1.5MM},运动速度{2MM/s}
2024-01-27 11:51:03,570 [AppLog] INFO : 成形面高度下降指定厚度 TrapSpace{1.5mm}：TrapMoveUp(1, true, Convert.ToString(vel), Convert.ToString(TrapSpace), true, true）
2024-01-27 11:51:04,334 [AppLog] INFO : 手动正向点动指令（8轴运控板卡系统） ====》：输出AXIS{第1轴},点动量{1.5MM},运动速度{2MM/s}
2024-01-27 11:51:04,350 [AppLog] INFO : 电气控制模块：手动关闭端口15
2024-01-27 11:51:04,350 [AppLog] INFO : 电气控制模块：手动关闭端口14
2024-01-27 11:51:04,350 [AppLog] INFO : 成形面高度上升层厚 TrapSpace{1.5mm}：TrapMoveUp(1, true, Convert.ToString(vel), Convert.ToString(TrapSpace), true, true）
2024-01-27 11:51:04,584 [AppLog] INFO : 手动正向点动指令（8轴运控板卡系统） ====》：输出AXIS{第8轴},点动量{0.6MM},运动速度{2.5MM/s}
2024-01-27 11:51:04,599 [AppLog] INFO : Hopper落粉轴转2圈落粉，速度0.5rev/s：TrapMoveUp(8, true, 0.5, rotateNuM.ToString(), true, false)
2024-01-27 11:51:05,613 [AppLog] INFO : 开启铺粉车不等停运动至准备打印位置215mm，速度250mm/s：BackToStation2
2024-01-27 11:51:06,471 [AppLog] INFO : 手动正向点动指令（8轴运控板卡系统） ====》：输出AXIS{第2轴},点动量{216.5MM},运动速度{250MM/s}
2024-01-27 11:51:06,471 [AppLog] INFO : 当前铺粉车位置：打印位置215mm
2024-01-27 11:51:06,471 [AppLog] INFO : 手动正向点动指令（8轴运控板卡系统） ====》：输出AXIS{第2轴},点动量{480MM},运动速度{75MM/s}
2024-01-27 11:51:06,471 [AppLog] INFO : 开启铺粉车不等停运动至站2，速度0.5rev/s：BackToStation2
2024-01-27 11:51:06,596 [AppLog] INFO : 打开IR灯：OpenIRLamp(true)
2024-01-27 11:51:06,721 [AppLog] INFO : 手动正向点动指令（8轴运控板卡系统） ====》：输出AXIS{第3轴},点动量{0.125MM},运动速度{1MM/s}
2024-01-27 11:51:06,721 [AppLog] INFO : 在{40mm}处，落粉轴运动{45度}，落粉轴转速{1rev/s}：TrapMoveUp(3, true, Convert.ToString(DispenseRollerSpeed), 0.5, true, true)
2024-01-27 11:51:06,721 [AppLog] INFO : 手动正向点动指令（8轴运控板卡系统） ====》：输出AXIS{第3轴},点动量{0.5MM},运动速度{0.113013698630137MM/s}
2024-01-27 11:51:06,721 [AppLog] INFO : 开启均匀落粉及辊子铺平运动：TrapMoveUp(3, true, Convert.ToString(DispenseRollerSpeed), 0.5, true, true)
2024-01-27 11:51:10,543 [AppLog] INFO : 关闭IR灯：OpenIRLamp(false)
2024-01-27 11:51:12,134 [AppLog] INFO : 手动正向点动指令（8轴运控板卡系统） ====》：输出AXIS{第3轴},点动量{0.5MM},运动速度{2MM/s}
2024-01-27 11:51:12,134 [AppLog] INFO : 落粉轴继续转动以倒掉余粉：TrapMoveUp(3, true, 2, 0.5, true, false)
2024-01-27 11:51:12,883 [AppLog] INFO : 电气控制模块：手动打开端口14
2024-01-27 11:51:12,883 [AppLog] INFO : 电气控制模块：手动打开端口15
2024-01-27 11:51:13,663 [AppLog] INFO : 手动正向点动指令（8轴运控板卡系统） ====》：输出AXIS{第1轴},点动量{-1.5MM},运动速度{2MM/s}
2024-01-27 11:51:13,663 [AppLog] INFO : 电气控制模块：手动关闭端口15
2024-01-27 11:51:13,663 [AppLog] INFO : 电气控制模块：手动关闭端口14
2024-01-27 11:51:13,663 [AppLog] INFO : 成形面高度下降指定厚度 TrapSpace{1.5mm}：TrapMoveUp(1, true, Convert.ToString(vel), Convert.ToString(TrapSpace), true, true）
2024-01-27 11:51:16,440 [AppLog] INFO : 手动正向点动指令（8轴运控板卡系统） ====》：输出AXIS{第2轴},点动量{-696.5MM},运动速度{250MM/s}
2024-01-27 11:51:16,440 [AppLog] INFO : 铺粉车返回至站1：BackToStation2(AimPos, MovSpeed, true)：-1.5mm，速度250mm/s：BackToStation2
2024-01-27 11:51:17,111 [AppLog] INFO : 手动停止自动进给铺粉过程：AutoSupplyPowderBtn_Click
2024-01-27 11:51:17,220 [AppLog] INFO : 落粉轴回零成功：motionMap.SetBackSpreaderAxis(3, 0.5, 2, -SinkPosition)：ReturnCode{True}
2024-01-27 11:51:17,220 [AppLog] INFO : 电气控制模块：手动打开端口14
2024-01-27 11:51:17,220 [AppLog] INFO : 电气控制模块：手动打开端口15
2024-01-27 11:51:17,984 [AppLog] INFO : 手动正向点动指令（8轴运控板卡系统） ====》：输出AXIS{第1轴},点动量{1.5MM},运动速度{2MM/s}
2024-01-27 11:51:17,984 [AppLog] INFO : 电气控制模块：手动关闭端口15
2024-01-27 11:51:17,984 [AppLog] INFO : 电气控制模块：手动关闭端口14
2024-01-27 11:51:17,984 [AppLog] INFO : 成形面高度上升层厚 TrapSpace{1.5mm}：TrapMoveUp(1, true, Convert.ToString(vel), Convert.ToString(TrapSpace), true, true）
2024-01-27 11:51:17,984 [AppLog] INFO : 手动铺粉正常结束：NewAutoSupplyPowderThread
2024-01-27 11:51:17,984 [AppLog] INFO : 发送监控指令，拍照记录1条：SendMessageFromSharedMemory
2024-01-27 11:54:24,327 [AppLog] INFO : 退出手动调试子模块，未执行修改
==========================================================================
2024-01-27 11:54:30,067 [AppLog] INFO : 开启系统：板卡通讯，伺服供电，照明系统，UV/HR固化系统！
2024-01-27 11:54:31,783 [AppLog] INFO : 关闭系统：一键关闭系统开始！
2024-01-27 11:54:37,992 [AppLog] INFO : 关闭系统：一键关闭系统结束！
2024-01-27 11:54:37,992 [AppLog] INFO : 喷墨控制器的所有轴输出关闭！
2024-01-27 11:54:41,752 [AppLog] INFO : 喷墨控制器关闭！
2024-01-27 11:54:41,752 [AppLog] INFO : 创建：AutoPrintMotion0=》不需重新创建-手动操作！
2024-01-27 11:54:41,752 [AppLog] INFO : 进入电气控制模块
2024-01-27 11:54:44,716 [AppLog] INFO : 退出电气控制模块
2024-01-27 11:54:47,118 [AppLog] INFO : 软件及设备关停中：墨车所有方向运动确认停止（X,Y,Y2)： bImmeStop{False},nAxisMask{0x7}
2024-01-27 11:54:47,118 [AppLog] INFO : 软件及设备关停中：喷墨控制器板卡系统关闭（X,Y,Y2)：DEV_CloseDevice
2024-01-27 11:54:47,789 [AppLog] INFO : 软件及设备关停成功
==========================================================================
操作系统:{Microsoft Windows 7 旗舰版 }
运行环境:{ .Net Framework Enviroment Version 4.0.30319.42000}
盘符：D
CPU使用率：{0%} ，可用内存大小:{14158MB}，硬盘剩余空间：
  盘符 C:\ 的剩余空间：70 GB
  盘符 D:\ 的剩余空间：57 GB
==========================================================================
