2023-08-30 12:22:28,864 [AppLog] INFO : 软件开机密码正确，登录成功1次
==========================================================================
操作系统:{Microsoft Windows 7 旗舰版 }
运行环境:{ .Net Framework Enviroment Version 4.0.30319.42000}
盘符：D
CPU使用率：{8.928188%} ，可用内存大小:{14364MB}，硬盘剩余空间：
  盘符 C:\ 的剩余空间：70 GB
  盘符 D:\ 的剩余空间：70 GB
硬件配置情况：
  CPU 厂家: GenuineIntel CPU 型号: Intel(R) Core(TM) i7-4770 CPU @ 3.40GHz
  内存条厂家: Kingston 内存条型号: 99P5471-043.A00LF 
  内存条厂家: Kingston 内存条型号: 99P5471-043.A00LF 
  硬盘厂家: (标准磁盘驱动器) 硬盘型号: Micron_1300_MTFDDAK256TDL ATA Device
==========================================================================
2023-08-30 12:22:31,875 [AppLog] INFO : 进入电气控制模块
2023-08-30 12:22:32,686 [AppLog] INFO : 退出电气控制模块
2023-08-30 12:22:33,497 [AppLog] INFO : 显示模组校准栏
2023-08-30 12:22:34,698 [AppLog] INFO : 不显示模组校准栏
2023-08-30 12:22:35,088 [AppLog] INFO : 进入手动调试子模块！
2023-08-30 12:22:35,088 [AppLog] INFO : 进入：ManulBtn_Click=》准备创建对象-手动操作！
2023-08-30 12:22:35,291 [AppLog] INFO : 创建：ManualControl=》创建完成-手动操作！
2023-08-30 12:22:36,648 [AppLog] INFO : 退出手动调试子模块,已执行修改
==========================================================================
2023-08-30 12:27:58,087 [AppLog] INFO : 软件及设备关停中：墨车所有方向运动确认停止（X,Y,Y2)： bImmeStop{False},nAxisMask{0x7}
2023-08-30 12:27:58,103 [AppLog] INFO : 软件及设备关停中：喷墨控制器板卡系统关闭（X,Y,Y2)：DEV_CloseDevice
2023-08-30 12:27:58,773 [AppLog] INFO : 软件及设备关停成功
==========================================================================
操作系统:{Microsoft Windows 7 旗舰版 }
运行环境:{ .Net Framework Enviroment Version 4.0.30319.42000}
盘符：D
CPU使用率：{0%} ，可用内存大小:{14347MB}，硬盘剩余空间：
  盘符 C:\ 的剩余空间：70 GB
  盘符 D:\ 的剩余空间：70 GB
==========================================================================
