2023-03-24 17:00:19,579 [AppLog] INFO : 退出手动调试子模块，未执行修改
==========================================================================
2023-03-24 17:00:20,546 [AppLog] INFO : 开启系统：板卡通讯，伺服供电，照明系统，UV/HR固化系统！
2023-03-24 17:00:21,467 [AppLog] INFO : 关闭系统：一键关闭系统开始！
2023-03-24 17:00:27,676 [AppLog] INFO : 关闭系统：一键关闭系统结束！
2023-03-24 17:00:27,676 [AppLog] INFO : 喷墨控制器的所有轴输出关闭！
2023-03-24 17:00:27,691 [AppLog] INFO : 喷墨控制器关闭！
2023-03-24 17:00:27,707 [AppLog] INFO : 进入电气控制模块
2023-03-24 17:00:29,095 [AppLog] INFO : 退出电气控制模块
2023-03-24 17:00:30,562 [AppLog] INFO : 软件及设备关停中：墨车所有方向运动确认停止（X,Y,Y2)： bImmeStop{False},nAxisMask{0x7}
2023-03-24 17:00:30,562 [AppLog] INFO : 软件及设备关停中：喷墨控制器板卡系统关闭（X,Y,Y2)：DEV_CloseDevice
2023-03-24 17:00:31,232 [AppLog] INFO : 软件及设备关停成功
==========================================================================
操作系统:{Microsoft Windows 7 旗舰版 }
运行环境:{ .Net Framework Enviroment Version 4.0.30319.42000}
盘符：D
CPU使用率：{0%} ，可用内存大小:{14197MB}，硬盘剩余空间：
  盘符 C:\ 的剩余空间：70 GB
  盘符 D:\ 的剩余空间：88 GB
==========================================================================
2023-03-24 17:01:59,513 [AppLog] INFO : 软件开机密码正确，登录成功1次
==========================================================================
操作系统:{Microsoft Windows 7 旗舰版 }
运行环境:{ .Net Framework Enviroment Version 4.0.30319.42000}
盘符：D
CPU使用率：{41.07117%} ，可用内存大小:{14213MB}，硬盘剩余空间：
  盘符 C:\ 的剩余空间：70 GB
  盘符 D:\ 的剩余空间：88 GB
硬件配置情况：
  CPU 厂家: GenuineIntel CPU 型号: Intel(R) Core(TM) i7-4770 CPU @ 3.40GHz
  内存条厂家: Kingston 内存条型号: 99P5471-043.A00LF 
  内存条厂家: Kingston 内存条型号: 99P5471-043.A00LF 
  硬盘厂家: (标准磁盘驱动器) 硬盘型号: Micron_1300_MTFDDAK256TDL ATA Device
==========================================================================
2023-03-24 17:01:59,529 [AppLog] INFO : 开启系统：板卡通讯，伺服供电，照明系统，UV/HR固化系统！
2023-03-24 17:01:59,529 [AppLog] INFO : 开启系统：一键启动系统开始！
2023-03-24 17:02:05,628 [AppLog] INFO : 开启系统：一键启动系统结束！
2023-03-24 17:02:30,822 [AppLog] INFO : 初始化喷墨控制器！
2023-03-24 17:02:31,072 [AppLog] INFO : 红外灯控制器485通讯建立！
2023-03-24 17:02:31,072 [AppLog] INFO : 进入电气控制模块
2023-03-24 17:02:32,070 [AppLog] INFO : 退出电气控制模块
2023-03-24 17:02:32,819 [AppLog] INFO : 进入手动调试子模块！
2023-03-24 17:03:00,041 [AppLog] INFO : 更新喷头电压及温度参数成功：MCU_SetPhVoltage:1号喷头电压：{18V,18V,18V,18V}；MCU_SetPhVoltage:1号喷头温度：{28℃}
2023-03-24 17:03:12,287 [AppLog] INFO : 更新波形路径：DEV_UpdateParam：{D:\ricoh_phcfg.rhdat}
2023-03-24 17:03:17,950 [AppLog] INFO : 重新加载完波形：DEV_ReloadWaveForm！
2023-03-24 17:04:04,781 [AppLog] INFO : 软件开机密码正确，登录成功1次
==========================================================================
操作系统:{Microsoft Windows 7 旗舰版 }
运行环境:{ .Net Framework Enviroment Version 4.0.30319.42000}
盘符：D
CPU使用率：{46.4283%} ，可用内存大小:{14189MB}，硬盘剩余空间：
  盘符 C:\ 的剩余空间：70 GB
  盘符 D:\ 的剩余空间：88 GB
硬件配置情况：
  CPU 厂家: GenuineIntel CPU 型号: Intel(R) Core(TM) i7-4770 CPU @ 3.40GHz
  内存条厂家: Kingston 内存条型号: 99P5471-043.A00LF 
  内存条厂家: Kingston 内存条型号: 99P5471-043.A00LF 
  硬盘厂家: (标准磁盘驱动器) 硬盘型号: Micron_1300_MTFDDAK256TDL ATA Device
==========================================================================
2023-03-24 17:04:04,781 [AppLog] INFO : 开启系统：板卡通讯，伺服供电，照明系统，UV/HR固化系统！
2023-03-24 17:04:04,781 [AppLog] INFO : 开启系统：一键启动系统开始！
2023-03-24 17:04:10,881 [AppLog] INFO : 开启系统：一键启动系统结束！
2023-03-24 17:04:10,881 [AppLog] INFO : 初始化喷墨控制器启动！
2023-03-24 17:04:34,359 [AppLog] INFO : 打开喷墨控制器设备成功！
2023-03-24 17:04:36,075 [AppLog] INFO : 更新{1}号喷头温度失败：MCU_SetPhVoltage{25℃}
2023-03-24 17:04:36,262 [AppLog] INFO : 更新{2}号喷头温度失败：MCU_SetPhVoltage{25℃}
2023-03-24 17:04:36,449 [AppLog] INFO : 更新{3}号喷头温度失败：MCU_SetPhVoltage{25℃}
2023-03-24 17:04:36,636 [AppLog] INFO : 更新{4}号喷头温度失败：MCU_SetPhVoltage{25℃}
2023-03-24 17:04:36,824 [AppLog] INFO : 更新{5}号喷头温度失败：MCU_SetPhVoltage{25℃}
2023-03-24 17:04:37,011 [AppLog] INFO : 更新{6}号喷头温度失败：MCU_SetPhVoltage{25℃}
2023-03-24 17:04:37,198 [AppLog] INFO : 更新{7}号喷头温度失败：MCU_SetPhVoltage{25℃}
2023-03-24 17:04:37,385 [AppLog] INFO : 更新{8}号喷头温度失败：MCU_SetPhVoltage{25℃}
2023-03-24 17:04:37,401 [AppLog] INFO : 初始化喷墨控制器成功！
2023-03-24 17:04:37,401 [AppLog] INFO : 进入：EquipmentMotionLogic3=》准备创建对象-手动操作！
2023-03-24 17:04:37,557 [AppLog] INFO : 进入：EquipmentMotionLogic3=》创建完成-手动操作！
2023-03-24 17:04:37,697 [AppLog] INFO : 红外灯控制器485通讯建立！
2023-03-24 17:04:37,697 [AppLog] INFO : 进入电气控制模块
2023-03-24 17:04:38,727 [AppLog] INFO : 退出电气控制模块
2023-03-24 17:04:41,238 [AppLog] INFO : 进入手动调试子模块！
2023-03-24 17:04:41,238 [AppLog] INFO : 进入：ManulBtn_Click=》准备创建对象-手动操作！
2023-03-24 17:04:41,270 [AppLog] INFO : 创建：ManualControl=》创建完成-手动操作！
2023-03-24 17:04:41,270 [AppLog] INFO : 加载成功：温控Modbus接口！
2023-03-24 17:04:49,304 [AppLog] INFO : {1}号喷头温度更新失败：MCU_SetPhVoltage{28℃}
2023-03-24 17:04:49,506 [AppLog] INFO : {2}号喷头温度更新失败：MCU_SetPhVoltage{25℃}
2023-03-24 17:04:49,694 [AppLog] INFO : {3}号喷头温度更新失败：MCU_SetPhVoltage{25℃}
2023-03-24 17:04:49,896 [AppLog] INFO : {4}号喷头温度更新失败：MCU_SetPhVoltage{25℃}
2023-03-24 17:04:50,115 [AppLog] INFO : {5}号喷头温度更新失败：MCU_SetPhVoltage{25℃}
2023-03-24 17:04:50,318 [AppLog] INFO : {6}号喷头温度更新失败：MCU_SetPhVoltage{25℃}
2023-03-24 17:04:50,520 [AppLog] INFO : {7}号喷头温度更新失败：MCU_SetPhVoltage{25℃}
2023-03-24 17:04:50,708 [AppLog] INFO : {8}号喷头温度更新失败：MCU_SetPhVoltage{25℃}
2023-03-24 17:04:58,258 [AppLog] INFO : 更新波形路径：DEV_UpdateParam：{D:\ricoh_phcfg.rhdat}
2023-03-24 17:04:58,258 [AppLog] INFO : {1}号喷头基准电压更新成功：DEV_SetWaveStdVoltage{0V,0V,0V,0V}；
2023-03-24 17:05:03,921 [AppLog] INFO : 重新加载完波形：DEV_ReloadWaveForm! 当前波形文件的基准电压参考值为：{19V}
2023-03-24 17:05:04,217 [AppLog] INFO : {1}号喷头电压调压成功：MCU_SetPhVoltage{0V,0V,0V,0V}；
2023-03-24 17:05:04,451 [AppLog] INFO : 开启闪喷： IDP_FlashPrtCtl(true)：ReturnCode{True}
2023-03-24 17:05:04,482 [AppLog] INFO : 关闭闪喷： IDP_FlashPrtCtl(false)：ReturnCode{True}
2023-03-24 17:05:05,949 [AppLog] INFO : 开启闪喷： IDP_FlashPrtCtl(true)：ReturnCode{True}
2023-03-24 17:05:07,462 [AppLog] INFO : 关闭闪喷： IDP_FlashPrtCtl(false)：ReturnCode{True}
2023-03-24 17:05:08,117 [AppLog] INFO : 开启闪喷： IDP_FlashPrtCtl(true)：ReturnCode{True}
2023-03-24 17:05:09,225 [AppLog] INFO : 关闭闪喷： IDP_FlashPrtCtl(false)：ReturnCode{True}
2023-03-24 17:05:09,864 [AppLog] INFO : 开启闪喷： IDP_FlashPrtCtl(true)：ReturnCode{True}
2023-03-24 17:05:11,003 [AppLog] INFO : 关闭闪喷： IDP_FlashPrtCtl(false)：ReturnCode{True}
2023-03-24 17:05:11,721 [AppLog] INFO : 开启闪喷： IDP_FlashPrtCtl(true)：ReturnCode{True}
2023-03-24 17:05:12,470 [AppLog] INFO : 关闭闪喷： IDP_FlashPrtCtl(false)：ReturnCode{True}
2023-03-24 17:05:19,755 [AppLog] INFO : 退出手动调试子模块,已执行修改
==========================================================================
2023-03-24 17:05:21,034 [AppLog] INFO : 进入JOB参数设置：修改前初始参数：灰度数据格式{1bits}打印灰阶{1阶}m_XPrintDpi{635Dpi}墨车运动速度{200MM/s}X向起打位置{50MM}X向起打位置偏移{0MM}Y向起打位置偏移{0MM}
2023-03-24 17:05:26,541 [AppLog] INFO : 退出JOB参数设置：修改后参数：灰度数据格式{1bits}打印灰阶{1阶}m_XPrintDpi{635Dpi}墨车运动速度{200MM/s}X向起打位置{50MM}X向起打位置偏移{0MM}Y向起打位置偏移{0MM}
2023-03-24 17:05:27,680 [AppLog] INFO : 进入手动调试子模块！
2023-03-24 17:05:27,680 [AppLog] INFO : 进入：ManulBtn_Click=》准备创建对象-手动操作！
2023-03-24 17:05:27,711 [AppLog] INFO : 创建：ManualControl=》创建完成-手动操作！
2023-03-24 17:05:27,711 [AppLog] INFO : 加载成功：温控Modbus接口！
2023-03-24 17:05:32,297 [AppLog] INFO : 开启闪喷： IDP_FlashPrtCtl(true)：ReturnCode{True}
2023-03-24 17:05:33,311 [AppLog] INFO : 关闭闪喷： IDP_FlashPrtCtl(false)：ReturnCode{True}
2023-03-24 17:05:33,982 [AppLog] INFO : 开启闪喷： IDP_FlashPrtCtl(true)：ReturnCode{True}
2023-03-24 17:05:34,887 [AppLog] INFO : 关闭闪喷： IDP_FlashPrtCtl(false)：ReturnCode{True}
2023-03-24 17:05:35,386 [AppLog] INFO : 开启闪喷： IDP_FlashPrtCtl(true)：ReturnCode{True}
2023-03-24 17:05:36,197 [AppLog] INFO : 关闭闪喷： IDP_FlashPrtCtl(false)：ReturnCode{True}
2023-03-24 17:05:36,712 [AppLog] INFO : 开启闪喷： IDP_FlashPrtCtl(true)：ReturnCode{True}
2023-03-24 17:05:37,383 [AppLog] INFO : 关闭闪喷： IDP_FlashPrtCtl(false)：ReturnCode{True}
2023-03-24 17:05:38,537 [AppLog] INFO : 退出手动调试子模块,已执行修改
==========================================================================
2023-03-24 17:05:39,473 [AppLog] INFO : 进入JOB参数设置：修改前初始参数：灰度数据格式{1bits}打印灰阶{1阶}m_XPrintDpi{635Dpi}墨车运动速度{200MM/s}X向起打位置{50MM}X向起打位置偏移{0MM}Y向起打位置偏移{0MM}
2023-03-24 17:05:45,417 [AppLog] INFO : 退出JOB参数设置：修改后参数：灰度数据格式{1bits}打印灰阶{1阶}m_XPrintDpi{635Dpi}墨车运动速度{200MM/s}X向起打位置{50MM}X向起打位置偏移{0MM}Y向起打位置偏移{0MM}
2023-03-24 17:05:46,384 [AppLog] INFO : 进入手动调试子模块！
2023-03-24 17:05:46,384 [AppLog] INFO : 进入：ManulBtn_Click=》准备创建对象-手动操作！
2023-03-24 17:05:46,415 [AppLog] INFO : 创建：ManualControl=》创建完成-手动操作！
2023-03-24 17:05:46,415 [AppLog] INFO : 加载成功：温控Modbus接口！
2023-03-24 17:05:49,067 [AppLog] INFO : 开启闪喷： IDP_FlashPrtCtl(true)：ReturnCode{True}
2023-03-24 17:05:50,300 [AppLog] INFO : 关闭闪喷： IDP_FlashPrtCtl(false)：ReturnCode{True}
2023-03-24 17:05:50,830 [AppLog] INFO : 开启闪喷： IDP_FlashPrtCtl(true)：ReturnCode{True}
2023-03-24 17:05:51,688 [AppLog] INFO : 关闭闪喷： IDP_FlashPrtCtl(false)：ReturnCode{True}
2023-03-24 17:05:53,295 [AppLog] INFO : 退出手动调试子模块,已执行修改
==========================================================================
2023-03-24 17:05:55,448 [AppLog] INFO : 进入JOB参数设置：修改前初始参数：灰度数据格式{1bits}打印灰阶{1阶}m_XPrintDpi{635Dpi}墨车运动速度{200MM/s}X向起打位置{50MM}X向起打位置偏移{0MM}Y向起打位置偏移{0MM}
2023-03-24 17:06:02,577 [AppLog] INFO : 退出JOB参数设置：修改后参数：灰度数据格式{1bits}打印灰阶{1阶}m_XPrintDpi{635Dpi}墨车运动速度{200MM/s}X向起打位置{50MM}X向起打位置偏移{0MM}Y向起打位置偏移{0MM}
2023-03-24 17:06:04,745 [AppLog] INFO : 开启闪喷： IDP_FlashPrtCtl(true)：ReturnCode{True}
2023-03-24 17:06:07,070 [AppLog] INFO : 关闭闪喷： IDP_FlashPrtCtl(true)：ReturnCode{True}
2023-03-24 17:06:09,503 [AppLog] INFO : 进入手动调试子模块！
2023-03-24 17:06:09,503 [AppLog] INFO : 进入：ManulBtn_Click=》准备创建对象-手动操作！
2023-03-24 17:06:09,535 [AppLog] INFO : 创建：ManualControl=》创建完成-手动操作！
2023-03-24 17:06:09,535 [AppLog] INFO : 加载成功：温控Modbus接口！
2023-03-24 17:06:11,687 [AppLog] INFO : 开启闪喷： IDP_FlashPrtCtl(true)：ReturnCode{True}
2023-03-24 17:06:12,421 [AppLog] INFO : 关闭闪喷： IDP_FlashPrtCtl(false)：ReturnCode{True}
2023-03-24 17:30:21,055 [AppLog] INFO : 退出手动调试子模块，未执行修改
==========================================================================
2023-03-24 17:30:23,332 [AppLog] INFO : 开启系统：板卡通讯，伺服供电，照明系统，UV/HR固化系统！
2023-03-24 17:30:24,112 [AppLog] INFO : 关闭系统：一键关闭系统开始！
2023-03-24 17:30:25,719 [AppLog] INFO : 进入电气控制模块
2023-03-24 17:30:27,591 [AppLog] INFO : 退出电气控制模块
2023-03-24 17:30:28,777 [AppLog] INFO : 进入电气控制模块
2023-03-24 17:30:30,118 [AppLog] INFO : 退出电气控制模块
2023-03-24 17:30:30,337 [AppLog] INFO : 关闭系统：一键关闭系统结束！
2023-03-24 17:30:30,337 [AppLog] INFO : 喷墨控制器的所有轴输出关闭！
2023-03-24 17:30:31,959 [AppLog] INFO : 喷墨控制器关闭！
2023-03-24 17:30:31,959 [AppLog] INFO : 进入电气控制模块
2023-03-24 17:30:33,051 [AppLog] INFO : 退出电气控制模块
2023-03-24 17:30:33,987 [AppLog] INFO : 进入电气控制模块
2023-03-24 17:30:34,549 [AppLog] INFO : 电气控制模块：手动打开端口8
2023-03-24 17:30:38,121 [AppLog] INFO : 退出电气控制模块
2023-03-24 17:44:04,175 [AppLog] INFO : 进入电气控制模块
2023-03-24 17:44:06,249 [AppLog] INFO : 退出电气控制模块
