2023-07-13 14:43:51,719 [AppLog] INFO : 软件开机密码正确，登录成功1次
==========================================================================
操作系统:{Microsoft Windows 7 旗舰版 }
运行环境:{ .Net Framework Enviroment Version 4.0.30319.42000}
盘符：D
CPU使用率：{29.26831%} ，可用内存大小:{14278MB}，硬盘剩余空间：
  盘符 C:\ 的剩余空间：70 GB
  盘符 D:\ 的剩余空间：81 GB
  盘符 F:\ 的剩余空间：46 GB
硬件配置情况：
  CPU 厂家: GenuineIntel CPU 型号: Intel(R) Core(TM) i7-4770 CPU @ 3.40GHz
  内存条厂家: Kingston 内存条型号: 99P5471-043.A00LF 
  内存条厂家: Kingston 内存条型号: 99P5471-043.A00LF 
  硬盘厂家: (标准磁盘驱动器) 硬盘型号: Micron_1300_MTFDDAK256TDL ATA Device
  硬盘厂家: (标准磁盘驱动器) 硬盘型号:  USB  SanDisk 3.2Gen1 USB Device
==========================================================================
2023-07-13 14:43:53,981 [AppLog] INFO : 开启系统：板卡通讯，伺服供电，照明系统，UV/HR固化系统！
2023-07-13 14:43:53,984 [AppLog] INFO : 开启系统：一键启动系统开始！
2023-07-13 14:43:59,993 [AppLog] INFO : 开启系统：一键启动系统结束！
2023-07-13 14:44:00,201 [AppLog] INFO : 创建：AutoPrintMotion0=》初次创建完成-手动操作！
2023-07-13 14:44:00,272 [AppLog] INFO : 初始化喷墨控制器启动！
2023-07-13 14:44:24,054 [AppLog] INFO : 打开喷墨控制器设备成功！
2023-07-13 14:44:24,085 [AppLog] INFO : 输入校准值1次{成功}，打印往返差校准值为：BiDirEncPrtOff{5},分频值{8},打印速度{300mm/s}
2023-07-13 14:44:24,475 [AppLog] INFO : PASS打印前关键状态：DEV_GetDeviceInfo：LPPRINTER_INFO:nXSysEncDPI{5080}nStatus{909129520}nPrintStatus{0}bSuperDevice{1}
LPPRINTER_INFO-LPPrtRunInfo:bJobPrtRuning{False}bLayerPrtIsOver{False}nContReqMemErr{0}nContWDErr{0}nCurPrtDir{0}nDTLayerIndex{0}nDTLayerPassIndex{0}nDTPtrCtlIndex{0}nLayerPassCount{0}nPrintLayerIndex{0}nPrintPassIndex{0}nProcLayerIndex{0}nPrtDataMemAddr{0}nPrtState{0}nReverse{System.Int32[]}nRevPrtCols{0}
LPPRINTER_INFO-LPDRVINFO:nFMVersion{45074}nFpgaVersion{539038216}nPCBVersion{0}nState{0}nNextState{0}nPtvwarnState{0}nCrc32{0}nRevInfo{System.UInt32[]}nSignature{0}
2023-07-13 14:44:27,642 [AppLog] INFO : 初始化喷墨控制器成功！
2023-07-13 14:44:27,642 [AppLog] INFO : 进入：EquipmentMotionLogic3=》准备创建对象-手动操作！
2023-07-13 14:44:27,673 [AppLog] INFO : 进入：EquipmentMotionLogic3=》创建完成-手动操作！
2023-07-13 14:44:27,813 [AppLog] INFO : 红外灯控制器485通讯建立！
2023-07-13 14:44:27,813 [AppLog] INFO : 进入电气控制模块
2023-07-13 14:44:28,734 [AppLog] INFO : 退出电气控制模块
2023-07-13 14:44:29,389 [AppLog] INFO : 开启系统：板卡通讯，伺服供电，照明系统，UV/HR固化系统！
2023-07-13 14:44:30,200 [AppLog] INFO : 关闭系统：一键关闭系统开始！
2023-07-13 14:44:36,424 [AppLog] INFO : 关闭系统：一键关闭系统结束！
2023-07-13 14:44:36,424 [AppLog] INFO : 喷墨控制器的所有轴输出关闭！
2023-07-13 14:44:38,016 [AppLog] INFO : 喷墨控制器关闭！
2023-07-13 14:44:38,016 [AppLog] INFO : 创建：AutoPrintMotion0=》不需重新创建-手动操作！
2023-07-13 14:44:38,016 [AppLog] INFO : 进入电气控制模块
2023-07-13 14:44:39,404 [AppLog] INFO : 退出电气控制模块
2023-07-13 14:44:41,042 [AppLog] INFO : 软件及设备关停中：墨车所有方向运动确认停止（X,Y,Y2)： bImmeStop{False},nAxisMask{0x7}
2023-07-13 14:44:41,042 [AppLog] INFO : 软件及设备关停中：喷墨控制器板卡系统关闭（X,Y,Y2)：DEV_CloseDevice
2023-07-13 14:44:41,666 [AppLog] INFO : 软件及设备关停成功
==========================================================================
操作系统:{Microsoft Windows 7 旗舰版 }
运行环境:{ .Net Framework Enviroment Version 4.0.30319.42000}
盘符：D
CPU使用率：{0%} ，可用内存大小:{14229MB}，硬盘剩余空间：
  盘符 C:\ 的剩余空间：70 GB
  盘符 D:\ 的剩余空间：81 GB
  盘符 F:\ 的剩余空间：46 GB
==========================================================================
2023-07-13 14:45:05,924 [AppLog] INFO : 软件开机密码正确，登录成功1次
==========================================================================
操作系统:{Microsoft Windows 7 旗舰版 }
运行环境:{ .Net Framework Enviroment Version 4.0.30319.42000}
盘符：D
CPU使用率：{7.142386%} ，可用内存大小:{14250MB}，硬盘剩余空间：
  盘符 C:\ 的剩余空间：70 GB
  盘符 D:\ 的剩余空间：81 GB
  盘符 F:\ 的剩余空间：46 GB
硬件配置情况：
  CPU 厂家: GenuineIntel CPU 型号: Intel(R) Core(TM) i7-4770 CPU @ 3.40GHz
  内存条厂家: Kingston 内存条型号: 99P5471-043.A00LF 
  内存条厂家: Kingston 内存条型号: 99P5471-043.A00LF 
  硬盘厂家: (标准磁盘驱动器) 硬盘型号: Micron_1300_MTFDDAK256TDL ATA Device
  硬盘厂家: (标准磁盘驱动器) 硬盘型号:  USB  SanDisk 3.2Gen1 USB Device
==========================================================================
2023-07-13 14:45:07,094 [AppLog] INFO : 开启系统：板卡通讯，伺服供电，照明系统，UV/HR固化系统！
2023-07-13 14:45:07,094 [AppLog] INFO : 开启系统：一键启动系统开始！
2023-07-13 14:45:13,194 [AppLog] INFO : 开启系统：一键启动系统结束！
2023-07-13 14:45:13,350 [AppLog] INFO : 创建：AutoPrintMotion0=》初次创建完成-手动操作！
2023-07-13 14:45:13,428 [AppLog] INFO : 初始化喷墨控制器启动！
2023-07-13 14:45:37,202 [AppLog] INFO : 打开喷墨控制器设备成功！
2023-07-13 14:45:37,233 [AppLog] INFO : 输入校准值1次{成功}，打印往返差校准值为：BiDirEncPrtOff{5},分频值{8},打印速度{300mm/s}
2023-07-13 14:45:37,608 [AppLog] INFO : PASS打印前关键状态：DEV_GetDeviceInfo：LPPRINTER_INFO:nXSysEncDPI{5080}nStatus{909129520}nPrintStatus{0}bSuperDevice{1}
LPPRINTER_INFO-LPPrtRunInfo:bJobPrtRuning{False}bLayerPrtIsOver{False}nContReqMemErr{0}nContWDErr{0}nCurPrtDir{0}nDTLayerIndex{0}nDTLayerPassIndex{0}nDTPtrCtlIndex{0}nLayerPassCount{0}nPrintLayerIndex{0}nPrintPassIndex{0}nProcLayerIndex{0}nPrtDataMemAddr{0}nPrtState{0}nReverse{System.Int32[]}nRevPrtCols{0}
LPPRINTER_INFO-LPDRVINFO:nFMVersion{45074}nFpgaVersion{539038216}nPCBVersion{0}nState{0}nNextState{0}nPtvwarnState{0}nCrc32{0}nRevInfo{System.UInt32[]}nSignature{0}
2023-07-13 14:45:40,197 [AppLog] INFO : 初始化喷墨控制器成功！
2023-07-13 14:45:40,197 [AppLog] INFO : 进入：EquipmentMotionLogic3=》准备创建对象-手动操作！
2023-07-13 14:45:40,229 [AppLog] INFO : 进入：EquipmentMotionLogic3=》创建完成-手动操作！
2023-07-13 14:45:40,369 [AppLog] INFO : 红外灯控制器485通讯建立！
2023-07-13 14:45:40,369 [AppLog] INFO : 进入电气控制模块
2023-07-13 14:45:40,962 [AppLog] INFO : 退出电气控制模块
2023-07-13 14:45:41,804 [AppLog] INFO : 进入手动调试子模块！
2023-07-13 14:45:41,804 [AppLog] INFO : 进入：ManulBtn_Click=》准备创建对象-手动操作！
2023-07-13 14:45:41,835 [AppLog] INFO : 创建：ManualControl=》创建完成-手动操作！
2023-07-13 14:45:41,835 [AppLog] INFO : 加载成功：温控Modbus接口！
2023-07-13 14:49:13,777 [AppLog] INFO : 退出手动调试子模块,已执行修改
==========================================================================
2023-07-13 14:49:14,745 [AppLog] INFO : 进入手动调试子模块！
2023-07-13 14:49:14,745 [AppLog] INFO : 进入：ManulBtn_Click=》准备创建对象-手动操作！
2023-07-13 14:49:14,776 [AppLog] INFO : 创建：ManualControl=》创建完成-手动操作！
2023-07-13 14:49:14,776 [AppLog] INFO : 加载成功：温控Modbus接口！
2023-07-13 14:49:52,512 [AppLog] INFO : 退出手动调试子模块,已执行修改
==========================================================================
