2023-04-17 14:04:56,316 [AppLog] INFO : 退出手动调试子模块,已执行修改
==========================================================================
2023-04-17 14:04:56,987 [AppLog] INFO : 开启系统：板卡通讯，伺服供电，照明系统，UV/HR固化系统！
2023-04-17 14:04:57,689 [AppLog] INFO : 关闭系统：一键关闭系统开始！
2023-04-17 14:05:03,900 [AppLog] INFO : 关闭系统：一键关闭系统结束！
2023-04-17 14:05:03,909 [AppLog] INFO : 喷墨控制器的所有轴输出关闭！
2023-04-17 14:05:04,031 [AppLog] INFO : 喷墨控制器关闭！
2023-04-17 14:05:04,033 [AppLog] INFO : 进入电气控制模块
2023-04-17 14:05:04,948 [AppLog] INFO : 电气控制模块：手动关闭端口14
2023-04-17 14:05:05,498 [AppLog] INFO : 电气控制模块：手动关闭端口15
2023-04-17 14:05:06,132 [AppLog] INFO : 退出电气控制模块
2023-04-17 14:05:07,171 [AppLog] INFO : 软件及设备关停中：墨车所有方向运动确认停止（X,Y,Y2)： bImmeStop{False},nAxisMask{0x7}
2023-04-17 14:05:07,172 [AppLog] INFO : 软件及设备关停中：喷墨控制器板卡系统关闭（X,Y,Y2)：DEV_CloseDevice
2023-04-17 14:05:07,859 [AppLog] INFO : 软件及设备关停成功
==========================================================================
操作系统:{Microsoft Windows 7 旗舰版 }
运行环境:{ .Net Framework Enviroment Version 4.0.30319.42000}
盘符：D
CPU使用率：{31.75349%} ，可用内存大小:{14105MB}，硬盘剩余空间：
  盘符 C:\ 的剩余空间：70 GB
  盘符 D:\ 的剩余空间：88 GB
  盘符 F:\ 的剩余空间：3 GB
==========================================================================
2023-04-17 14:05:39,955 [AppLog] INFO : 软件开机密码正确，登录成功1次
==========================================================================
操作系统:{Microsoft Windows 7 旗舰版 }
运行环境:{ .Net Framework Enviroment Version 4.0.30319.42000}
盘符：D
CPU使用率：{51.73515%} ，可用内存大小:{14120MB}，硬盘剩余空间：
  盘符 C:\ 的剩余空间：70 GB
  盘符 D:\ 的剩余空间：88 GB
  盘符 F:\ 的剩余空间：3 GB
硬件配置情况：
  CPU 厂家: GenuineIntel CPU 型号: Intel(R) Core(TM) i7-4770 CPU @ 3.40GHz
  内存条厂家: Kingston 内存条型号: 99P5471-043.A00LF 
  内存条厂家: Kingston 内存条型号: 99P5471-043.A00LF 
  硬盘厂家: (标准磁盘驱动器) 硬盘型号: Micron_1300_MTFDDAK256TDL ATA Device
  硬盘厂家: (标准磁盘驱动器) 硬盘型号: Generic Flash Disk USB Device
==========================================================================
2023-04-17 14:05:39,969 [AppLog] INFO : 开启系统：板卡通讯，伺服供电，照明系统，UV/HR固化系统！
2023-04-17 14:05:39,971 [AppLog] INFO : 开启系统：一键启动系统开始！
2023-04-17 14:05:45,975 [AppLog] INFO : 开启系统：一键启动系统结束！
2023-04-17 14:05:45,976 [AppLog] INFO : 初始化喷墨控制器启动！
2023-04-17 14:06:08,011 [AppLog] INFO : 打开喷墨控制器设备成功！
2023-04-17 14:06:08,042 [AppLog] INFO : 输入校准值1次{成功}，打印往返差校准值为：BiDirEncPrtOff{5},分频值{8},打印速度{300mm/s}
2023-04-17 14:06:12,425 [AppLog] INFO : 初始化喷墨控制器成功！
2023-04-17 14:06:12,425 [AppLog] INFO : 进入：EquipmentMotionLogic3=》准备创建对象-手动操作！
2023-04-17 14:06:12,597 [AppLog] INFO : 进入：EquipmentMotionLogic3=》创建完成-手动操作！
2023-04-17 14:06:12,722 [AppLog] INFO : 红外灯控制器485通讯建立！
2023-04-17 14:06:12,722 [AppLog] INFO : 进入电气控制模块
2023-04-17 14:06:14,375 [AppLog] INFO : 电气控制模块：手动打开端口14
2023-04-17 14:06:14,937 [AppLog] INFO : 电气控制模块：手动打开端口15
2023-04-17 14:06:15,405 [AppLog] INFO : 退出电气控制模块
2023-04-17 14:06:17,620 [AppLog] INFO : 进入手动调试子模块！
2023-04-17 14:06:17,620 [AppLog] INFO : 进入：ManulBtn_Click=》准备创建对象-手动操作！
2023-04-17 14:06:17,651 [AppLog] INFO : 创建：ManualControl=》创建完成-手动操作！
2023-04-17 14:06:17,651 [AppLog] INFO : 加载成功：温控Modbus接口！
2023-04-17 14:06:23,361 [AppLog] INFO : 开启墨车回零校准：PrintCarHomeBtn_Click
2023-04-17 14:06:23,361 [AppLog] INFO : 开启墨车回零校准线程：InkCarEncoderResetThread
2023-04-17 14:06:45,560 [AppLog] INFO : 墨车回零校准线程成功：InkCarEncoderResetThread
2023-04-17 14:06:48,134 [AppLog] INFO : 墨车回零校准线程失败：InkCarEncoderResetThread
2023-04-17 14:06:51,519 [AppLog] INFO : 手动控制墨车运动开启：沿Y轴后侧方向运动 ↓↓↓：nAxis{{1}},Dir{{true}},nPlsSpeed{{{nSpeed}}},nPlsCount{{750000}},cControlFlag{{{nCtlValue}}}
2023-04-17 14:06:56,168 [AppLog] INFO : 手动控制墨车运动带减速停止：沿Y轴方向运动 ↑↑↑↓↓↓ ====: bImmeStop{{false}},nAxisMask{{0x2}}
2023-04-17 14:06:57,307 [AppLog] INFO : 手动控制墨车运动开启，沿X轴右侧方向运动 ====》：nAxis{0},Dir{true},nPlsSpeed{50000},nPlsCount{750000},cControlFlag{2}
2023-04-17 14:06:57,884 [AppLog] INFO : 手动控制墨车运动带减速停止：沿X轴方向运动 ====》《=== ====: bImmeStop{false},nAxisMask{0x1}
2023-04-17 14:07:03,984 [AppLog] INFO : 开启刮墨轴回零校准：SpreaderHomeBtn_Click
2023-04-17 14:07:04,686 [AppLog] INFO : 刮墨轴回零成功：SpreaderHomeBtn_Click：{AXIS{4},Vel{1圈/s},开槽位置{-20°}}
2023-04-17 14:07:15,169 [AppLog] INFO : 手动开启自动清洗过程：AutoCleanBtn_Click
2023-04-17 14:07:15,169 [AppLog] INFO : 进入自动清洗过程：AutoCleanThread
2023-04-17 14:07:15,637 [AppLog] INFO : 刮墨轴回零成功：motionMap.SetBackSpreaderAxis(4, 1, 2, -SinkHomePosition)
2023-04-17 14:07:15,637 [AppLog] INFO : 准备读取编码器位置：Y方向！
2023-04-17 14:07:15,637 [AppLog] INFO : 准备运动，编码器当前位置：DEM_GetAxisEncodeVal：MoveDirectionFlag{false为Y方向：True}CurrentPos{287.74}AimPos{116}
2023-04-17 14:07:17,337 [AppLog] INFO : Y方向运动开始：DEM_Run：返回值{True}nAxis{1}DirFlag{False}nSpeed{300000}MoveStep{-172064.76034}nCtlValue{1}
2023-04-17 14:07:17,400 [AppLog] INFO : Y方向到位停止：DEM_StopAxisRun：返回值{True}CurrentPos{116.12}bImmeStop{False}nAxisMask{2}
2023-04-17 14:07:17,400 [AppLog] INFO : 准备读取编码器位置：X方向！
2023-04-17 14:07:17,400 [AppLog] INFO : 准备运动，当前位置：DEV_GetPrintEncoderValue：MoveDirectionFlag{false为Y方向：False}CurrentPos{768.45}AimPos{780}
2023-04-17 14:07:17,446 [AppLog] INFO : X方向运动开始：DEM_Run：返回值{True}nAxis{0}DirFlag{True}nSpeed{300000}MoveStep{11550}nCtlValue{2}
2023-04-17 14:07:17,790 [AppLog] INFO : X方向到位停止：DEM_StopAxisRun：返回值{True}CurrentPos{778.87}bImmeStop{False}nAxisMask{1}
2023-04-17 14:07:17,790 [AppLog] INFO : 关闭闪喷： IDP_FlashPrtCtl(false)：ReturnCode{True}
2023-04-17 14:07:19,022 [AppLog] INFO : 开启闪喷： IDP_FlashPrtCtl(true)：ReturnCode{True}
2023-04-17 14:07:19,022 [AppLog] INFO : 开启压墨： motionMap.SetDo(13, true)
2023-04-17 14:07:20,535 [AppLog] INFO : 关闭压墨： motionMap.SetDo(13, true)
2023-04-17 14:07:20,535 [AppLog] INFO : 压墨等待开启：{2.5S}
2023-04-17 14:07:23,047 [AppLog] INFO : 压墨等待完成：{2.5S}
2023-04-17 14:07:23,047 [AppLog] INFO : 开启闪喷： IDP_FlashPrtCtl(false)：ReturnCode{True}
2023-04-17 14:07:23,047 [AppLog] INFO : 准备读取编码器位置：X方向！
2023-04-17 14:07:23,047 [AppLog] INFO : 准备运动，当前位置：DEV_GetPrintEncoderValue：MoveDirectionFlag{false为Y方向：False}CurrentPos{780.015}AimPos{680}
2023-04-17 14:07:23,078 [AppLog] INFO : X方向运动开始：DEM_Run：返回值{True}nAxis{0}DirFlag{False}nSpeed{150000}MoveStep{-100015}nCtlValue{2}
2023-04-17 14:07:23,998 [AppLog] INFO : X方向到位停止：DEM_StopAxisRun：返回值{True}CurrentPos{684.535}bImmeStop{False}nAxisMask{1}
2023-04-17 14:07:25,028 [AppLog] INFO : 刮墨轴回零成功：motionMap.SetBackSpreaderAxis(4, 1, 2, -SinkHomePosition)
2023-04-17 14:07:25,028 [AppLog] INFO : 准备读取编码器位置：X方向！
2023-04-17 14:07:25,028 [AppLog] INFO : 准备运动，当前位置：DEV_GetPrintEncoderValue：MoveDirectionFlag{false为Y方向：False}CurrentPos{680.645}AimPos{780}
2023-04-17 14:07:25,059 [AppLog] INFO : X方向运动开始：DEM_Run：返回值{True}nAxis{0}DirFlag{True}nSpeed{300000}MoveStep{99355}nCtlValue{2}
2023-04-17 14:07:26,572 [AppLog] INFO : X方向到位停止：DEM_StopAxisRun：返回值{True}CurrentPos{779.33}bImmeStop{False}nAxisMask{1}
2023-04-17 14:07:26,572 [AppLog] INFO : 关闭闪喷： IDP_FlashPrtCtl(false)：ReturnCode{True}
2023-04-17 14:07:27,789 [AppLog] INFO : 准备读取编码器位置：X方向！
2023-04-17 14:07:27,789 [AppLog] INFO : 准备运动，当前位置：DEV_GetPrintEncoderValue：MoveDirectionFlag{false为Y方向：False}CurrentPos{779.35}AimPos{680}
2023-04-17 14:07:27,820 [AppLog] INFO : X方向运动开始：DEM_Run：返回值{True}nAxis{0}DirFlag{False}nSpeed{150000}MoveStep{-99350}nCtlValue{2}
2023-04-17 14:07:28,756 [AppLog] INFO : X方向到位停止：DEM_StopAxisRun：返回值{True}CurrentPos{683.91}bImmeStop{False}nAxisMask{1}
2023-04-17 14:07:29,334 [AppLog] INFO : 准备读取编码器位置：X方向！
2023-04-17 14:07:29,334 [AppLog] INFO : 准备运动，当前位置：DEV_GetPrintEncoderValue：MoveDirectionFlag{false为Y方向：False}CurrentPos{680.655}AimPos{758}
2023-04-17 14:07:29,380 [AppLog] INFO : X方向运动开始：DEM_Run：返回值{True}nAxis{0}DirFlag{True}nSpeed{300000}MoveStep{77345}nCtlValue{2}
2023-04-17 14:07:31,034 [AppLog] INFO : X方向到位停止：DEM_StopAxisRun：返回值{True}CurrentPos{757.27}bImmeStop{False}nAxisMask{1}
2023-04-17 14:07:31,034 [AppLog] INFO : 准备读取编码器位置：Y方向！
2023-04-17 14:07:31,034 [AppLog] INFO : 准备运动，编码器当前位置：DEM_GetAxisEncodeVal：MoveDirectionFlag{false为Y方向：True}CurrentPos{116.08}AimPos{317}
2023-04-17 14:07:32,313 [AppLog] INFO : Y方向运动开始：DEM_Run：返回值{True}nAxis{1}DirFlag{True}nSpeed{300000}MoveStep{201299.93972}nCtlValue{1}
2023-04-17 14:07:32,376 [AppLog] INFO : Y方向到位停止：DEM_StopAxisRun：返回值{True}CurrentPos{316.115}bImmeStop{False}nAxisMask{2}
2023-04-17 14:07:32,376 [AppLog] INFO : 结束自动清洗过程：AutoCleanThread
2023-04-17 14:07:33,842 [AppLog] INFO : 手动停止自动清洗过程：AutoCleanBtn_Click
2023-04-17 14:07:34,326 [AppLog] INFO : 手动开启自动清洗过程：AutoCleanBtn_Click
2023-04-17 14:07:34,326 [AppLog] INFO : 进入自动清洗过程：AutoCleanThread
2023-04-17 14:07:34,778 [AppLog] INFO : 刮墨轴回零成功：motionMap.SetBackSpreaderAxis(4, 1, 2, -SinkHomePosition)
2023-04-17 14:07:34,778 [AppLog] INFO : 准备读取编码器位置：Y方向！
2023-04-17 14:07:34,778 [AppLog] INFO : 准备运动，编码器当前位置：DEM_GetAxisEncodeVal：MoveDirectionFlag{false为Y方向：True}CurrentPos{316.825}AimPos{116}
2023-04-17 14:07:36,026 [AppLog] INFO : Y方向运动开始：DEM_Run：返回值{True}nAxis{1}DirFlag{False}nSpeed{300000}MoveStep{-201204.760075}nCtlValue{1}
2023-04-17 14:07:36,088 [AppLog] INFO : Y方向到位停止：DEM_StopAxisRun：返回值{True}CurrentPos{117.11}bImmeStop{False}nAxisMask{2}
2023-04-17 14:07:36,088 [AppLog] INFO : 准备读取编码器位置：X方向！
2023-04-17 14:07:36,088 [AppLog] INFO : 准备运动，当前位置：DEV_GetPrintEncoderValue：MoveDirectionFlag{false为Y方向：False}CurrentPos{757.295}AimPos{780}
2023-04-17 14:07:36,120 [AppLog] INFO : X方向运动开始：DEM_Run：返回值{True}nAxis{0}DirFlag{True}nSpeed{300000}MoveStep{22705}nCtlValue{2}
2023-04-17 14:07:36,525 [AppLog] INFO : X方向到位停止：DEM_StopAxisRun：返回值{True}CurrentPos{777.355}bImmeStop{False}nAxisMask{1}
2023-04-17 14:07:36,541 [AppLog] INFO : 关闭闪喷： IDP_FlashPrtCtl(false)：ReturnCode{True}
2023-04-17 14:07:37,789 [AppLog] INFO : 开启闪喷： IDP_FlashPrtCtl(true)：ReturnCode{True}
2023-04-17 14:07:37,789 [AppLog] INFO : 开启压墨： motionMap.SetDo(13, true)
2023-04-17 14:07:39,302 [AppLog] INFO : 关闭压墨： motionMap.SetDo(13, true)
2023-04-17 14:07:39,302 [AppLog] INFO : 压墨等待开启：{2.5S}
2023-04-17 14:07:41,814 [AppLog] INFO : 压墨等待完成：{2.5S}
2023-04-17 14:07:41,814 [AppLog] INFO : 开启闪喷： IDP_FlashPrtCtl(false)：ReturnCode{True}
2023-04-17 14:07:41,814 [AppLog] INFO : 准备读取编码器位置：X方向！
2023-04-17 14:07:41,814 [AppLog] INFO : 准备运动，当前位置：DEV_GetPrintEncoderValue：MoveDirectionFlag{false为Y方向：False}CurrentPos{780.08}AimPos{680}
2023-04-17 14:07:41,845 [AppLog] INFO : X方向运动开始：DEM_Run：返回值{True}nAxis{0}DirFlag{False}nSpeed{150000}MoveStep{-100080}nCtlValue{2}
2023-04-17 14:07:42,781 [AppLog] INFO : X方向到位停止：DEM_StopAxisRun：返回值{True}CurrentPos{683.97}bImmeStop{False}nAxisMask{1}
2023-04-17 14:07:43,810 [AppLog] INFO : 刮墨轴回零成功：motionMap.SetBackSpreaderAxis(4, 1, 2, -SinkHomePosition)
2023-04-17 14:07:43,810 [AppLog] INFO : 准备读取编码器位置：X方向！
2023-04-17 14:07:43,810 [AppLog] INFO : 准备运动，当前位置：DEV_GetPrintEncoderValue：MoveDirectionFlag{false为Y方向：False}CurrentPos{680.62}AimPos{780}
2023-04-17 14:07:43,842 [AppLog] INFO : X方向运动开始：DEM_Run：返回值{True}nAxis{0}DirFlag{True}nSpeed{300000}MoveStep{99380}nCtlValue{2}
2023-04-17 14:07:45,620 [AppLog] INFO : X方向到位停止：DEM_StopAxisRun：返回值{True}CurrentPos{779.33}bImmeStop{False}nAxisMask{1}
2023-04-17 14:07:45,620 [AppLog] INFO : 关闭闪喷： IDP_FlashPrtCtl(false)：ReturnCode{True}
2023-04-17 14:07:46,837 [AppLog] INFO : 准备读取编码器位置：X方向！
2023-04-17 14:07:46,837 [AppLog] INFO : 准备运动，当前位置：DEV_GetPrintEncoderValue：MoveDirectionFlag{false为Y方向：False}CurrentPos{779.34}AimPos{680}
2023-04-17 14:07:46,868 [AppLog] INFO : X方向运动开始：DEM_Run：返回值{True}nAxis{0}DirFlag{False}nSpeed{150000}MoveStep{-99340}nCtlValue{2}
2023-04-17 14:07:47,788 [AppLog] INFO : X方向到位停止：DEM_StopAxisRun：返回值{True}CurrentPos{684.58}bImmeStop{False}nAxisMask{1}
2023-04-17 14:07:48,366 [AppLog] INFO : 准备读取编码器位置：X方向！
2023-04-17 14:07:48,366 [AppLog] INFO : 准备运动，当前位置：DEV_GetPrintEncoderValue：MoveDirectionFlag{false为Y方向：False}CurrentPos{680.67}AimPos{758}
2023-04-17 14:07:48,397 [AppLog] INFO : X方向运动开始：DEM_Run：返回值{True}nAxis{0}DirFlag{True}nSpeed{300000}MoveStep{77330}nCtlValue{2}
2023-04-17 14:07:49,910 [AppLog] INFO : X方向到位停止：DEM_StopAxisRun：返回值{True}CurrentPos{757.265}bImmeStop{False}nAxisMask{1}
2023-04-17 14:07:49,910 [AppLog] INFO : 准备读取编码器位置：Y方向！
2023-04-17 14:07:49,926 [AppLog] INFO : 准备运动，编码器当前位置：DEM_GetAxisEncodeVal：MoveDirectionFlag{false为Y方向：True}CurrentPos{116.175}AimPos{317}
2023-04-17 14:07:51,174 [AppLog] INFO : Y方向运动开始：DEM_Run：返回值{True}nAxis{1}DirFlag{True}nSpeed{300000}MoveStep{201204.760075}nCtlValue{1}
2023-04-17 14:07:51,236 [AppLog] INFO : Y方向到位停止：DEM_StopAxisRun：返回值{True}CurrentPos{315.76}bImmeStop{False}nAxisMask{2}
2023-04-17 14:07:51,236 [AppLog] INFO : 结束自动清洗过程：AutoCleanThread
2023-04-17 14:07:56,306 [AppLog] INFO : 退出手动调试子模块,已执行修改
==========================================================================
2023-04-17 14:07:57,211 [AppLog] INFO : 进入手动调试子模块！
2023-04-17 14:07:57,211 [AppLog] INFO : 进入：ManulBtn_Click=》准备创建对象-手动操作！
2023-04-17 14:07:57,242 [AppLog] INFO : 创建：ManualControl=》创建完成-手动操作！
2023-04-17 14:07:57,242 [AppLog] INFO : 加载成功：温控Modbus接口！
2023-04-17 14:08:00,128 [AppLog] INFO : 手动开启自动清洗过程：AutoCleanBtn_Click
2023-04-17 14:08:00,128 [AppLog] INFO : 进入自动清洗过程：AutoCleanThread
2023-04-17 14:08:00,596 [AppLog] INFO : 刮墨轴回零成功：motionMap.SetBackSpreaderAxis(4, 1, 2, -SinkHomePosition)
2023-04-17 14:08:00,596 [AppLog] INFO : 准备读取编码器位置：Y方向！
2023-04-17 14:08:00,596 [AppLog] INFO : 准备运动，编码器当前位置：DEM_GetAxisEncodeVal：MoveDirectionFlag{false为Y方向：True}CurrentPos{316.835}AimPos{116}
2023-04-17 14:08:01,844 [AppLog] INFO : Y方向运动开始：DEM_Run：返回值{True}nAxis{1}DirFlag{False}nSpeed{300000}MoveStep{-201214.778985}nCtlValue{1}
2023-04-17 14:08:01,906 [AppLog] INFO : Y方向到位停止：DEM_StopAxisRun：返回值{True}CurrentPos{117.12}bImmeStop{False}nAxisMask{2}
2023-04-17 14:08:01,906 [AppLog] INFO : 准备读取编码器位置：X方向！
2023-04-17 14:08:01,906 [AppLog] INFO : 准备运动，当前位置：DEV_GetPrintEncoderValue：MoveDirectionFlag{false为Y方向：False}CurrentPos{757.295}AimPos{780}
2023-04-17 14:08:01,938 [AppLog] INFO : X方向运动开始：DEM_Run：返回值{True}nAxis{0}DirFlag{True}nSpeed{300000}MoveStep{22705}nCtlValue{2}
2023-04-17 14:08:02,343 [AppLog] INFO : X方向到位停止：DEM_StopAxisRun：返回值{True}CurrentPos{776.37}bImmeStop{False}nAxisMask{1}
2023-04-17 14:08:02,359 [AppLog] INFO : 关闭闪喷： IDP_FlashPrtCtl(false)：ReturnCode{True}
2023-04-17 14:08:03,591 [AppLog] INFO : 开启闪喷： IDP_FlashPrtCtl(true)：ReturnCode{True}
2023-04-17 14:08:03,591 [AppLog] INFO : 开启压墨： motionMap.SetDo(13, true)
2023-04-17 14:08:05,104 [AppLog] INFO : 关闭压墨： motionMap.SetDo(13, true)
2023-04-17 14:08:05,104 [AppLog] INFO : 压墨等待开启：{2.5S}
2023-04-17 14:08:07,616 [AppLog] INFO : 压墨等待完成：{2.5S}
2023-04-17 14:08:07,616 [AppLog] INFO : 开启闪喷： IDP_FlashPrtCtl(false)：ReturnCode{True}
2023-04-17 14:08:07,616 [AppLog] INFO : 准备读取编码器位置：X方向！
2023-04-17 14:08:07,616 [AppLog] INFO : 准备运动，当前位置：DEV_GetPrintEncoderValue：MoveDirectionFlag{false为Y方向：False}CurrentPos{780.075}AimPos{680}
2023-04-17 14:08:07,647 [AppLog] INFO : X方向运动开始：DEM_Run：返回值{True}nAxis{0}DirFlag{False}nSpeed{150000}MoveStep{-100075}nCtlValue{2}
2023-04-17 14:08:08,583 [AppLog] INFO : X方向到位停止：DEM_StopAxisRun：返回值{True}CurrentPos{684.58}bImmeStop{False}nAxisMask{1}
2023-04-17 14:08:09,160 [AppLog] INFO : 准备读取编码器位置：X方向！
2023-04-17 14:08:09,160 [AppLog] INFO : 准备运动，当前位置：DEV_GetPrintEncoderValue：MoveDirectionFlag{false为Y方向：False}CurrentPos{680.62}AimPos{758}
2023-04-17 14:08:09,192 [AppLog] INFO : X方向运动开始：DEM_Run：返回值{True}nAxis{0}DirFlag{True}nSpeed{300000}MoveStep{77380}nCtlValue{2}
2023-04-17 14:08:09,940 [AppLog] INFO : X方向到位停止：DEM_StopAxisRun：返回值{True}CurrentPos{752.54}bImmeStop{False}nAxisMask{1}
2023-04-17 14:08:09,940 [AppLog] INFO : 准备读取编码器位置：Y方向！
2023-04-17 14:08:09,940 [AppLog] INFO : 准备运动，编码器当前位置：DEM_GetAxisEncodeVal：MoveDirectionFlag{false为Y方向：True}CurrentPos{116.17}AimPos{317}
2023-04-17 14:08:11,188 [AppLog] INFO : Y方向运动开始：DEM_Run：返回值{True}nAxis{1}DirFlag{True}nSpeed{300000}MoveStep{201209.76953}nCtlValue{1}
2023-04-17 14:08:11,251 [AppLog] INFO : Y方向到位停止：DEM_StopAxisRun：返回值{True}CurrentPos{315.825}bImmeStop{False}nAxisMask{2}
2023-04-17 14:08:11,251 [AppLog] INFO : 结束自动清洗过程：AutoCleanThread
2023-04-17 14:08:49,393 [AppLog] INFO : 手动停止自动清洗过程：AutoCleanBtn_Click
2023-04-17 14:08:49,845 [AppLog] INFO : 手动开启自动清洗过程：AutoCleanBtn_Click
2023-04-17 14:08:49,845 [AppLog] INFO : 进入自动清洗过程：AutoCleanThread
2023-04-17 14:08:50,298 [AppLog] INFO : 刮墨轴回零成功：motionMap.SetBackSpreaderAxis(4, 1, 2, -SinkHomePosition)
2023-04-17 14:08:50,298 [AppLog] INFO : 准备读取编码器位置：Y方向！
2023-04-17 14:08:50,298 [AppLog] INFO : 准备运动，编码器当前位置：DEM_GetAxisEncodeVal：MoveDirectionFlag{false为Y方向：True}CurrentPos{316.835}AimPos{116}
2023-04-17 14:08:51,546 [AppLog] INFO : Y方向运动开始：DEM_Run：返回值{True}nAxis{1}DirFlag{False}nSpeed{300000}MoveStep{-201214.778985}nCtlValue{1}
2023-04-17 14:08:51,608 [AppLog] INFO : Y方向到位停止：DEM_StopAxisRun：返回值{True}CurrentPos{117.145}bImmeStop{False}nAxisMask{2}
2023-04-17 14:08:51,608 [AppLog] INFO : 准备读取编码器位置：X方向！
2023-04-17 14:08:51,608 [AppLog] INFO : 准备运动，当前位置：DEV_GetPrintEncoderValue：MoveDirectionFlag{false为Y方向：False}CurrentPos{757.33}AimPos{780}
2023-04-17 14:08:51,639 [AppLog] INFO : X方向运动开始：DEM_Run：返回值{True}nAxis{0}DirFlag{True}nSpeed{300000}MoveStep{22670}nCtlValue{2}
2023-04-17 14:08:52,029 [AppLog] INFO : X方向到位停止：DEM_StopAxisRun：返回值{True}CurrentPos{775.36}bImmeStop{False}nAxisMask{1}
2023-04-17 14:08:52,029 [AppLog] INFO : 关闭闪喷： IDP_FlashPrtCtl(false)：ReturnCode{True}
2023-04-17 14:08:53,262 [AppLog] INFO : 开启闪喷： IDP_FlashPrtCtl(true)：ReturnCode{True}
2023-04-17 14:08:53,262 [AppLog] INFO : 开启压墨： motionMap.SetDo(13, true)
2023-04-17 14:08:54,775 [AppLog] INFO : 关闭压墨： motionMap.SetDo(13, true)
2023-04-17 14:08:54,775 [AppLog] INFO : 压墨等待开启：{2.5S}
2023-04-17 14:08:57,287 [AppLog] INFO : 压墨等待完成：{2.5S}
2023-04-17 14:08:57,287 [AppLog] INFO : 开启闪喷： IDP_FlashPrtCtl(false)：ReturnCode{True}
2023-04-17 14:08:57,287 [AppLog] INFO : 准备读取编码器位置：X方向！
2023-04-17 14:08:57,287 [AppLog] INFO : 准备运动，当前位置：DEV_GetPrintEncoderValue：MoveDirectionFlag{false为Y方向：False}CurrentPos{780.05}AimPos{680}
2023-04-17 14:08:57,318 [AppLog] INFO : X方向运动开始：DEM_Run：返回值{True}nAxis{0}DirFlag{False}nSpeed{150000}MoveStep{-100050}nCtlValue{2}
2023-04-17 14:08:58,254 [AppLog] INFO : X方向到位停止：DEM_StopAxisRun：返回值{True}CurrentPos{683.895}bImmeStop{False}nAxisMask{1}
2023-04-17 14:08:58,847 [AppLog] INFO : 准备读取编码器位置：X方向！
2023-04-17 14:08:58,847 [AppLog] INFO : 准备运动，当前位置：DEV_GetPrintEncoderValue：MoveDirectionFlag{false为Y方向：False}CurrentPos{680.61}AimPos{758}
2023-04-17 14:08:58,878 [AppLog] INFO : X方向运动开始：DEM_Run：返回值{True}nAxis{0}DirFlag{True}nSpeed{300000}MoveStep{77390}nCtlValue{2}
2023-04-17 14:08:59,627 [AppLog] INFO : X方向到位停止：DEM_StopAxisRun：返回值{True}CurrentPos{752.51}bImmeStop{False}nAxisMask{1}
2023-04-17 14:08:59,627 [AppLog] INFO : 准备读取编码器位置：Y方向！
2023-04-17 14:08:59,627 [AppLog] INFO : 准备运动，编码器当前位置：DEM_GetAxisEncodeVal：MoveDirectionFlag{false为Y方向：True}CurrentPos{116.17}AimPos{317}
2023-04-17 14:09:00,875 [AppLog] INFO : Y方向运动开始：DEM_Run：返回值{True}nAxis{1}DirFlag{True}nSpeed{300000}MoveStep{201209.76953}nCtlValue{1}
2023-04-17 14:09:00,953 [AppLog] INFO : Y方向到位停止：DEM_StopAxisRun：返回值{True}CurrentPos{316.365}bImmeStop{False}nAxisMask{2}
2023-04-17 14:09:00,953 [AppLog] INFO : 结束自动清洗过程：AutoCleanThread
2023-04-17 14:09:06,054 [AppLog] INFO : 退出手动调试子模块,已执行修改
==========================================================================
2023-04-17 14:09:07,271 [AppLog] INFO : 进入手动调试子模块！
2023-04-17 14:09:07,271 [AppLog] INFO : 进入：ManulBtn_Click=》准备创建对象-手动操作！
2023-04-17 14:09:07,302 [AppLog] INFO : 创建：ManualControl=》创建完成-手动操作！
2023-04-17 14:09:07,302 [AppLog] INFO : 加载成功：温控Modbus接口！
2023-04-17 14:09:11,139 [AppLog] INFO : 手动开启自动清洗过程：AutoCleanBtn_Click
2023-04-17 14:09:11,139 [AppLog] INFO : 进入自动清洗过程：AutoCleanThread
2023-04-17 14:09:11,607 [AppLog] INFO : 刮墨轴回零成功：motionMap.SetBackSpreaderAxis(4, 1, 2, -SinkHomePosition)
2023-04-17 14:09:11,607 [AppLog] INFO : 准备读取编码器位置：Y方向！
2023-04-17 14:09:11,607 [AppLog] INFO : 准备运动，编码器当前位置：DEM_GetAxisEncodeVal：MoveDirectionFlag{false为Y方向：True}CurrentPos{316.825}AimPos{116}
2023-04-17 14:09:12,855 [AppLog] INFO : Y方向运动开始：DEM_Run：返回值{True}nAxis{1}DirFlag{False}nSpeed{300000}MoveStep{-201204.760075}nCtlValue{1}
2023-04-17 14:09:12,918 [AppLog] INFO : Y方向到位停止：DEM_StopAxisRun：返回值{True}CurrentPos{117.16}bImmeStop{False}nAxisMask{2}
2023-04-17 14:09:12,918 [AppLog] INFO : 准备读取编码器位置：X方向！
2023-04-17 14:09:12,918 [AppLog] INFO : 准备运动，当前位置：DEV_GetPrintEncoderValue：MoveDirectionFlag{false为Y方向：False}CurrentPos{757.34}AimPos{780}
2023-04-17 14:09:12,949 [AppLog] INFO : X方向运动开始：DEM_Run：返回值{True}nAxis{0}DirFlag{True}nSpeed{300000}MoveStep{22660}nCtlValue{2}
2023-04-17 14:09:13,339 [AppLog] INFO : X方向到位停止：DEM_StopAxisRun：返回值{True}CurrentPos{775.275}bImmeStop{False}nAxisMask{1}
2023-04-17 14:09:13,339 [AppLog] INFO : 关闭闪喷： IDP_FlashPrtCtl(false)：ReturnCode{True}
2023-04-17 14:09:14,649 [AppLog] INFO : 开启闪喷： IDP_FlashPrtCtl(true)：ReturnCode{True}
2023-04-17 14:09:14,649 [AppLog] INFO : 开启压墨： motionMap.SetDo(13, true)
2023-04-17 14:09:16,163 [AppLog] INFO : 关闭压墨： motionMap.SetDo(13, true)
2023-04-17 14:09:16,163 [AppLog] INFO : 压墨等待开启：{2.5S}
2023-04-17 14:09:18,674 [AppLog] INFO : 压墨等待完成：{2.5S}
2023-04-17 14:09:18,674 [AppLog] INFO : 开启闪喷： IDP_FlashPrtCtl(false)：ReturnCode{True}
2023-04-17 14:09:18,674 [AppLog] INFO : 准备读取编码器位置：X方向！
2023-04-17 14:09:18,674 [AppLog] INFO : 准备运动，当前位置：DEV_GetPrintEncoderValue：MoveDirectionFlag{false为Y方向：False}CurrentPos{780.05}AimPos{680}
2023-04-17 14:09:18,705 [AppLog] INFO : X方向运动开始：DEM_Run：返回值{True}nAxis{0}DirFlag{False}nSpeed{150000}MoveStep{-100050}nCtlValue{2}
2023-04-17 14:09:19,626 [AppLog] INFO : X方向到位停止：DEM_StopAxisRun：返回值{True}CurrentPos{685.49}bImmeStop{False}nAxisMask{1}
2023-04-17 14:09:20,265 [AppLog] INFO : 准备读取编码器位置：X方向！
2023-04-17 14:09:20,265 [AppLog] INFO : 准备运动，当前位置：DEV_GetPrintEncoderValue：MoveDirectionFlag{false为Y方向：False}CurrentPos{680.615}AimPos{758}
2023-04-17 14:09:20,297 [AppLog] INFO : X方向运动开始：DEM_Run：返回值{True}nAxis{0}DirFlag{True}nSpeed{300000}MoveStep{77385}nCtlValue{2}
2023-04-17 14:09:21,045 [AppLog] INFO : X方向到位停止：DEM_StopAxisRun：返回值{True}CurrentPos{753.04}bImmeStop{False}nAxisMask{1}
2023-04-17 14:09:21,045 [AppLog] INFO : 准备读取编码器位置：Y方向！
2023-04-17 14:09:21,045 [AppLog] INFO : 准备运动，编码器当前位置：DEM_GetAxisEncodeVal：MoveDirectionFlag{false为Y方向：True}CurrentPos{116.175}AimPos{317}
2023-04-17 14:09:22,293 [AppLog] INFO : Y方向运动开始：DEM_Run：返回值{True}nAxis{1}DirFlag{True}nSpeed{300000}MoveStep{201204.760075}nCtlValue{1}
2023-04-17 14:09:22,371 [AppLog] INFO : Y方向到位停止：DEM_StopAxisRun：返回值{True}CurrentPos{316.085}bImmeStop{False}nAxisMask{2}
2023-04-17 14:09:22,371 [AppLog] INFO : 结束自动清洗过程：AutoCleanThread
2023-04-17 14:09:27,363 [AppLog] INFO : 退出手动调试子模块,已执行修改
==========================================================================
2023-04-17 14:09:28,284 [AppLog] INFO : 进入手动调试子模块！
2023-04-17 14:09:28,284 [AppLog] INFO : 进入：ManulBtn_Click=》准备创建对象-手动操作！
2023-04-17 14:09:28,315 [AppLog] INFO : 创建：ManualControl=》创建完成-手动操作！
2023-04-17 14:09:28,315 [AppLog] INFO : 加载成功：温控Modbus接口！
2023-04-17 14:09:32,262 [AppLog] INFO : 手动开启自动清洗过程：AutoCleanBtn_Click
2023-04-17 14:09:32,262 [AppLog] INFO : 进入自动清洗过程：AutoCleanThread
2023-04-17 14:09:32,667 [AppLog] INFO : 刮墨轴回零成功：motionMap.SetBackSpreaderAxis(4, 1, 2, -SinkHomePosition)
2023-04-17 14:09:32,667 [AppLog] INFO : 准备读取编码器位置：Y方向！
2023-04-17 14:09:32,667 [AppLog] INFO : 准备运动，编码器当前位置：DEM_GetAxisEncodeVal：MoveDirectionFlag{false为Y方向：True}CurrentPos{316.825}AimPos{116}
2023-04-17 14:09:33,915 [AppLog] INFO : Y方向运动开始：DEM_Run：返回值{True}nAxis{1}DirFlag{False}nSpeed{300000}MoveStep{-201204.760075}nCtlValue{1}
2023-04-17 14:09:33,978 [AppLog] INFO : Y方向到位停止：DEM_StopAxisRun：返回值{True}CurrentPos{117.125}bImmeStop{False}nAxisMask{2}
2023-04-17 14:09:33,978 [AppLog] INFO : 准备读取编码器位置：X方向！
2023-04-17 14:09:33,978 [AppLog] INFO : 准备运动，当前位置：DEV_GetPrintEncoderValue：MoveDirectionFlag{false为Y方向：False}CurrentPos{757.335}AimPos{780}
2023-04-17 14:09:34,009 [AppLog] INFO : X方向运动开始：DEM_Run：返回值{True}nAxis{0}DirFlag{True}nSpeed{300000}MoveStep{22665}nCtlValue{2}
2023-04-17 14:09:34,399 [AppLog] INFO : X方向到位停止：DEM_StopAxisRun：返回值{True}CurrentPos{775.625}bImmeStop{False}nAxisMask{1}
2023-04-17 14:09:34,399 [AppLog] INFO : 关闭闪喷： IDP_FlashPrtCtl(false)：ReturnCode{True}
2023-04-17 14:09:35,709 [AppLog] INFO : 开启闪喷： IDP_FlashPrtCtl(true)：ReturnCode{True}
2023-04-17 14:09:35,709 [AppLog] INFO : 开启压墨： motionMap.SetDo(13, true)
2023-04-17 14:09:37,223 [AppLog] INFO : 关闭压墨： motionMap.SetDo(13, true)
2023-04-17 14:09:37,223 [AppLog] INFO : 压墨等待开启：{2.5S}
2023-04-17 14:09:39,734 [AppLog] INFO : 压墨等待完成：{2.5S}
2023-04-17 14:09:39,734 [AppLog] INFO : 开启闪喷： IDP_FlashPrtCtl(false)：ReturnCode{True}
2023-04-17 14:09:39,734 [AppLog] INFO : 准备读取编码器位置：X方向！
2023-04-17 14:09:39,734 [AppLog] INFO : 准备运动，当前位置：DEV_GetPrintEncoderValue：MoveDirectionFlag{false为Y方向：False}CurrentPos{780.05}AimPos{680}
2023-04-17 14:09:39,765 [AppLog] INFO : X方向运动开始：DEM_Run：返回值{True}nAxis{0}DirFlag{False}nSpeed{150000}MoveStep{-100050}nCtlValue{2}
2023-04-17 14:09:40,701 [AppLog] INFO : X方向到位停止：DEM_StopAxisRun：返回值{True}CurrentPos{684.62}bImmeStop{False}nAxisMask{1}
2023-04-17 14:09:41,341 [AppLog] INFO : 准备读取编码器位置：X方向！
2023-04-17 14:09:41,341 [AppLog] INFO : 准备运动，当前位置：DEV_GetPrintEncoderValue：MoveDirectionFlag{false为Y方向：False}CurrentPos{680.62}AimPos{758}
2023-04-17 14:09:41,372 [AppLog] INFO : X方向运动开始：DEM_Run：返回值{True}nAxis{0}DirFlag{True}nSpeed{300000}MoveStep{77380}nCtlValue{2}
2023-04-17 14:09:42,121 [AppLog] INFO : X方向到位停止：DEM_StopAxisRun：返回值{True}CurrentPos{753.04}bImmeStop{False}nAxisMask{1}
2023-04-17 14:09:42,121 [AppLog] INFO : 准备读取编码器位置：Y方向！
2023-04-17 14:09:42,121 [AppLog] INFO : 准备运动，编码器当前位置：DEM_GetAxisEncodeVal：MoveDirectionFlag{false为Y方向：True}CurrentPos{116.175}AimPos{317}
2023-04-17 14:09:43,385 [AppLog] INFO : Y方向运动开始：DEM_Run：返回值{True}nAxis{1}DirFlag{True}nSpeed{300000}MoveStep{201204.760075}nCtlValue{1}
2023-04-17 14:09:43,447 [AppLog] INFO : Y方向到位停止：DEM_StopAxisRun：返回值{True}CurrentPos{315.82}bImmeStop{False}nAxisMask{2}
2023-04-17 14:09:43,447 [AppLog] INFO : 结束自动清洗过程：AutoCleanThread
2023-04-17 14:09:53,899 [AppLog] INFO : 开启刮墨轴回零校准：SpreaderHomeBtn_Click
2023-04-17 14:09:54,367 [AppLog] INFO : 刮墨轴回零成功：SpreaderHomeBtn_Click：{AXIS{4},Vel{1圈/s},开槽位置{-20°}}
2023-04-17 14:10:08,251 [AppLog] INFO : 开启刮墨轴回零校准：SpreaderHomeBtn_Click
2023-04-17 14:10:08,641 [AppLog] INFO : 刮墨轴回零成功：SpreaderHomeBtn_Click：{AXIS{4},Vel{1圈/s},开槽位置{0°}}
2023-04-17 14:10:15,365 [AppLog] INFO : 开启刮墨轴回零校准：SpreaderHomeBtn_Click
2023-04-17 14:10:16,784 [AppLog] INFO : 刮墨轴回零成功：SpreaderHomeBtn_Click：{AXIS{4},Vel{1圈/s},开槽位置{-15°}}
2023-04-17 14:10:23,258 [AppLog] INFO : 开启刮墨轴回零校准：SpreaderHomeBtn_Click
2023-04-17 14:10:23,648 [AppLog] INFO : 刮墨轴回零成功：SpreaderHomeBtn_Click：{AXIS{4},Vel{1圈/s},开槽位置{15°}}
2023-04-17 14:10:30,528 [AppLog] INFO : 开启刮墨轴回零校准：SpreaderHomeBtn_Click
2023-04-17 14:10:31,963 [AppLog] INFO : 刮墨轴回零成功：SpreaderHomeBtn_Click：{AXIS{4},Vel{1圈/s},开槽位置{-20°}}
2023-04-17 14:10:49,061 [AppLog] INFO : 开启刮墨轴回零校准：SpreaderHomeBtn_Click
2023-04-17 14:10:49,529 [AppLog] INFO : 刮墨轴回零成功：SpreaderHomeBtn_Click：{AXIS{4},Vel{1圈/s},开槽位置{-20°}}
2023-04-17 14:22:38,659 [AppLog] INFO : 退出手动调试子模块,已执行修改
==========================================================================
2023-04-17 14:22:41,498 [AppLog] INFO : 开启系统：板卡通讯，伺服供电，照明系统，UV/HR固化系统！
2023-04-17 14:22:42,278 [AppLog] INFO : 关闭系统：一键关闭系统开始！
2023-04-17 14:22:48,432 [AppLog] INFO : 关闭系统：一键关闭系统结束！
2023-04-17 14:22:48,464 [AppLog] INFO : 喷墨控制器的所有轴输出关闭！
2023-04-17 14:22:48,507 [AppLog] INFO : 喷墨控制器关闭！
2023-04-17 14:22:48,516 [AppLog] INFO : 进入电气控制模块
2023-04-17 14:22:49,387 [AppLog] INFO : 电气控制模块：手动关闭端口14
2023-04-17 14:22:50,014 [AppLog] INFO : 电气控制模块：手动关闭端口15
2023-04-17 14:22:50,607 [AppLog] INFO : 退出电气控制模块
2023-04-17 14:22:51,767 [AppLog] INFO : 软件及设备关停中：墨车所有方向运动确认停止（X,Y,Y2)： bImmeStop{False},nAxisMask{0x7}
2023-04-17 14:22:51,768 [AppLog] INFO : 软件及设备关停中：喷墨控制器板卡系统关闭（X,Y,Y2)：DEV_CloseDevice
2023-04-17 14:22:52,553 [AppLog] INFO : 软件及设备关停成功
==========================================================================
操作系统:{Microsoft Windows 7 旗舰版 }
运行环境:{ .Net Framework Enviroment Version 4.0.30319.42000}
盘符：D
CPU使用率：{29.8036%} ，可用内存大小:{14063MB}，硬盘剩余空间：
  盘符 C:\ 的剩余空间：70 GB
  盘符 D:\ 的剩余空间：88 GB
  盘符 F:\ 的剩余空间：3 GB
==========================================================================
2023-04-17 14:23:20,493 [AppLog] INFO : 软件开机密码正确，登录成功1次
==========================================================================
操作系统:{Microsoft Windows 7 旗舰版 }
运行环境:{ .Net Framework Enviroment Version 4.0.30319.42000}
盘符：D
CPU使用率：{16.98447%} ，可用内存大小:{14106MB}，硬盘剩余空间：
  盘符 C:\ 的剩余空间：70 GB
  盘符 D:\ 的剩余空间：88 GB
  盘符 F:\ 的剩余空间：3 GB
硬件配置情况：
  CPU 厂家: GenuineIntel CPU 型号: Intel(R) Core(TM) i7-4770 CPU @ 3.40GHz
  内存条厂家: Kingston 内存条型号: 99P5471-043.A00LF 
  内存条厂家: Kingston 内存条型号: 99P5471-043.A00LF 
  硬盘厂家: (标准磁盘驱动器) 硬盘型号: Micron_1300_MTFDDAK256TDL ATA Device
  硬盘厂家: (标准磁盘驱动器) 硬盘型号: Generic Flash Disk USB Device
==========================================================================
2023-04-17 14:23:22,710 [AppLog] INFO : 开启系统：板卡通讯，伺服供电，照明系统，UV/HR固化系统！
2023-04-17 14:23:22,711 [AppLog] INFO : 开启系统：一键启动系统开始！
2023-04-17 14:23:28,716 [AppLog] INFO : 开启系统：一键启动系统结束！
2023-04-17 14:23:28,717 [AppLog] INFO : 初始化喷墨控制器启动！
2023-04-17 14:23:51,750 [AppLog] INFO : 打开喷墨控制器设备成功！
2023-04-17 14:23:51,781 [AppLog] INFO : 输入校准值1次{成功}，打印往返差校准值为：BiDirEncPrtOff{5},分频值{8},打印速度{300mm/s}
2023-04-17 14:23:53,715 [AppLog] INFO : 初始化喷墨控制器成功！
2023-04-17 14:23:53,715 [AppLog] INFO : 进入：EquipmentMotionLogic3=》准备创建对象-手动操作！
2023-04-17 14:23:53,887 [AppLog] INFO : 进入：EquipmentMotionLogic3=》创建完成-手动操作！
2023-04-17 14:23:53,996 [AppLog] INFO : 红外灯控制器485通讯建立！
2023-04-17 14:23:54,012 [AppLog] INFO : 进入电气控制模块
2023-04-17 14:23:54,916 [AppLog] INFO : 电气控制模块：手动打开端口14
2023-04-17 14:23:55,572 [AppLog] INFO : 电气控制模块：手动打开端口15
2023-04-17 14:23:56,367 [AppLog] INFO : 退出电气控制模块
2023-04-17 14:23:57,069 [AppLog] INFO : 进入手动调试子模块！
2023-04-17 14:23:57,069 [AppLog] INFO : 进入：ManulBtn_Click=》准备创建对象-手动操作！
2023-04-17 14:23:57,085 [AppLog] INFO : 创建：ManualControl=》创建完成-手动操作！
2023-04-17 14:23:57,085 [AppLog] INFO : 加载成功：温控Modbus接口！
2023-04-17 14:24:03,216 [AppLog] INFO : 开启墨车回零校准：PrintCarHomeBtn_Click
2023-04-17 14:24:03,216 [AppLog] INFO : 开启墨车回零校准线程：InkCarEncoderResetThread
2023-04-17 14:24:25,430 [AppLog] INFO : 墨车回零校准线程成功：InkCarEncoderResetThread
2023-04-17 14:24:31,982 [AppLog] INFO : 墨车回零校准线程失败：InkCarEncoderResetThread
2023-04-17 14:24:38,643 [AppLog] INFO : 手动开启自动清洗过程：AutoCleanBtn_Click
2023-04-17 14:24:38,643 [AppLog] INFO : 进入自动清洗过程：AutoCleanThread
2023-04-17 14:24:39,111 [AppLog] INFO : 刮墨轴回零成功：motionMap.SetBackSpreaderAxis(4, 1, 2, -SinkHomePosition)
2023-04-17 14:24:39,111 [AppLog] INFO : 准备读取编码器位置：Y方向！
2023-04-17 14:24:39,111 [AppLog] INFO : 准备运动，编码器当前位置：DEM_GetAxisEncodeVal：MoveDirectionFlag{false为Y方向：True}CurrentPos{51.625}AimPos{116}
2023-04-17 14:24:39,845 [AppLog] INFO : Y方向运动开始：DEM_Run：返回值{True}nAxis{1}DirFlag{True}nSpeed{300000}MoveStep{64496.733125}nCtlValue{1}
2023-04-17 14:24:39,907 [AppLog] INFO : Y方向到位停止：DEM_StopAxisRun：返回值{True}CurrentPos{115.315}bImmeStop{False}nAxisMask{2}
2023-04-17 14:24:39,907 [AppLog] INFO : 准备读取编码器位置：X方向！
2023-04-17 14:24:39,907 [AppLog] INFO : 准备运动，当前位置：DEV_GetPrintEncoderValue：MoveDirectionFlag{false为Y方向：False}CurrentPos{738.57}AimPos{780}
2023-04-17 14:24:39,938 [AppLog] INFO : X方向运动开始：DEM_Run：返回值{True}nAxis{0}DirFlag{True}nSpeed{300000}MoveStep{41429.9999999999}nCtlValue{2}
2023-04-17 14:24:40,484 [AppLog] INFO : X方向到位停止：DEM_StopAxisRun：返回值{True}CurrentPos{776.475}bImmeStop{False}nAxisMask{1}
2023-04-17 14:24:40,484 [AppLog] INFO : 关闭闪喷： IDP_FlashPrtCtl(false)：ReturnCode{True}
2023-04-17 14:24:41,717 [AppLog] INFO : 开启闪喷： IDP_FlashPrtCtl(true)：ReturnCode{True}
2023-04-17 14:24:41,717 [AppLog] INFO : 开启压墨： motionMap.SetDo(13, true)
2023-04-17 14:24:43,230 [AppLog] INFO : 关闭压墨： motionMap.SetDo(13, true)
2023-04-17 14:24:43,230 [AppLog] INFO : 压墨等待开启：{2.5S}
2023-04-17 14:24:45,741 [AppLog] INFO : 压墨等待完成：{2.5S}
2023-04-17 14:24:45,741 [AppLog] INFO : 开启闪喷： IDP_FlashPrtCtl(false)：ReturnCode{True}
2023-04-17 14:24:45,741 [AppLog] INFO : 准备读取编码器位置：X方向！
2023-04-17 14:24:45,741 [AppLog] INFO : 准备运动，当前位置：DEV_GetPrintEncoderValue：MoveDirectionFlag{false为Y方向：False}CurrentPos{779.355}AimPos{680}
2023-04-17 14:24:45,773 [AppLog] INFO : X方向运动开始：DEM_Run：返回值{True}nAxis{0}DirFlag{False}nSpeed{150000}MoveStep{-99355}nCtlValue{2}
2023-04-17 14:24:46,709 [AppLog] INFO : X方向到位停止：DEM_StopAxisRun：返回值{True}CurrentPos{683.5}bImmeStop{False}nAxisMask{1}
2023-04-17 14:24:47,348 [AppLog] INFO : 准备读取编码器位置：X方向！
2023-04-17 14:24:47,348 [AppLog] INFO : 准备运动，当前位置：DEV_GetPrintEncoderValue：MoveDirectionFlag{false为Y方向：False}CurrentPos{680.595}AimPos{758}
2023-04-17 14:24:47,379 [AppLog] INFO : X方向运动开始：DEM_Run：返回值{True}nAxis{0}DirFlag{True}nSpeed{300000}MoveStep{77405}nCtlValue{2}
2023-04-17 14:24:48,128 [AppLog] INFO : X方向到位停止：DEM_StopAxisRun：返回值{True}CurrentPos{753.565}bImmeStop{False}nAxisMask{1}
2023-04-17 14:24:48,128 [AppLog] INFO : 准备读取编码器位置：Y方向！
2023-04-17 14:24:48,128 [AppLog] INFO : 准备运动，编码器当前位置：DEM_GetAxisEncodeVal：MoveDirectionFlag{false为Y方向：True}CurrentPos{116.025}AimPos{317}
2023-04-17 14:24:49,392 [AppLog] INFO : Y方向运动开始：DEM_Run：返回值{True}nAxis{1}DirFlag{True}nSpeed{300000}MoveStep{201355.043725}nCtlValue{1}
2023-04-17 14:24:49,454 [AppLog] INFO : Y方向到位停止：DEM_StopAxisRun：返回值{True}CurrentPos{316.35}bImmeStop{False}nAxisMask{2}
2023-04-17 14:24:49,454 [AppLog] INFO : 结束自动清洗过程：AutoCleanThread
2023-04-17 14:25:01,903 [AppLog] INFO : 手动停止自动清洗过程：AutoCleanBtn_Click
2023-04-17 14:25:02,371 [AppLog] INFO : 手动开启自动清洗过程：AutoCleanBtn_Click
2023-04-17 14:25:02,387 [AppLog] INFO : 进入自动清洗过程：AutoCleanThread
2023-04-17 14:25:02,839 [AppLog] INFO : 刮墨轴回零成功：motionMap.SetBackSpreaderAxis(4, 1, 2, -SinkHomePosition)
2023-04-17 14:25:02,839 [AppLog] INFO : 准备读取编码器位置：Y方向！
2023-04-17 14:25:02,839 [AppLog] INFO : 准备运动，编码器当前位置：DEM_GetAxisEncodeVal：MoveDirectionFlag{false为Y方向：True}CurrentPos{316.96}AimPos{116}
2023-04-17 14:25:04,087 [AppLog] INFO : Y方向运动开始：DEM_Run：返回值{True}nAxis{1}DirFlag{False}nSpeed{300000}MoveStep{-201340.01536}nCtlValue{1}
2023-04-17 14:25:04,149 [AppLog] INFO : Y方向到位停止：DEM_StopAxisRun：返回值{True}CurrentPos{117.115}bImmeStop{False}nAxisMask{2}
2023-04-17 14:25:04,149 [AppLog] INFO : 准备读取编码器位置：X方向！
2023-04-17 14:25:04,149 [AppLog] INFO : 准备运动，当前位置：DEV_GetPrintEncoderValue：MoveDirectionFlag{false为Y方向：False}CurrentPos{757.36}AimPos{780}
2023-04-17 14:25:04,181 [AppLog] INFO : X方向运动开始：DEM_Run：返回值{True}nAxis{0}DirFlag{True}nSpeed{300000}MoveStep{22640}nCtlValue{2}
2023-04-17 14:25:04,929 [AppLog] INFO : X方向到位停止：DEM_StopAxisRun：返回值{True}CurrentPos{780.015}bImmeStop{False}nAxisMask{1}
2023-04-17 14:25:04,929 [AppLog] INFO : 关闭闪喷： IDP_FlashPrtCtl(false)：ReturnCode{True}
2023-04-17 14:25:06,162 [AppLog] INFO : 开启闪喷： IDP_FlashPrtCtl(true)：ReturnCode{True}
2023-04-17 14:25:06,162 [AppLog] INFO : 开启压墨： motionMap.SetDo(13, true)
2023-04-17 14:25:07,675 [AppLog] INFO : 关闭压墨： motionMap.SetDo(13, true)
2023-04-17 14:25:07,675 [AppLog] INFO : 压墨等待开启：{2.5S}
2023-04-17 14:25:10,187 [AppLog] INFO : 压墨等待完成：{2.5S}
2023-04-17 14:25:10,187 [AppLog] INFO : 开启闪喷： IDP_FlashPrtCtl(false)：ReturnCode{True}
2023-04-17 14:25:10,187 [AppLog] INFO : 准备读取编码器位置：X方向！
2023-04-17 14:25:10,187 [AppLog] INFO : 准备运动，当前位置：DEV_GetPrintEncoderValue：MoveDirectionFlag{false为Y方向：False}CurrentPos{780.015}AimPos{680}
2023-04-17 14:25:10,218 [AppLog] INFO : X方向运动开始：DEM_Run：返回值{True}nAxis{0}DirFlag{False}nSpeed{150000}MoveStep{-100015}nCtlValue{2}
2023-04-17 14:25:11,154 [AppLog] INFO : X方向到位停止：DEM_StopAxisRun：返回值{True}CurrentPos{684.475}bImmeStop{False}nAxisMask{1}
2023-04-17 14:25:12,246 [AppLog] INFO : 刮墨轴回零成功：motionMap.SetBackSpreaderAxis(4, 1, 2, -SinkHomePosition)
2023-04-17 14:25:12,246 [AppLog] INFO : 准备读取编码器位置：X方向！
2023-04-17 14:25:12,246 [AppLog] INFO : 准备运动，当前位置：DEV_GetPrintEncoderValue：MoveDirectionFlag{false为Y方向：False}CurrentPos{680.62}AimPos{780}
2023-04-17 14:25:12,277 [AppLog] INFO : X方向运动开始：DEM_Run：返回值{True}nAxis{0}DirFlag{True}nSpeed{300000}MoveStep{99380}nCtlValue{2}
2023-04-17 14:25:14,040 [AppLog] INFO : X方向到位停止：DEM_StopAxisRun：返回值{True}CurrentPos{779.34}bImmeStop{False}nAxisMask{1}
2023-04-17 14:25:14,040 [AppLog] INFO : 关闭闪喷： IDP_FlashPrtCtl(false)：ReturnCode{True}
2023-04-17 14:25:15,257 [AppLog] INFO : 准备读取编码器位置：X方向！
2023-04-17 14:25:15,257 [AppLog] INFO : 准备运动，当前位置：DEV_GetPrintEncoderValue：MoveDirectionFlag{false为Y方向：False}CurrentPos{779.355}AimPos{680}
2023-04-17 14:25:15,288 [AppLog] INFO : X方向运动开始：DEM_Run：返回值{True}nAxis{0}DirFlag{False}nSpeed{150000}MoveStep{-99355}nCtlValue{2}
2023-04-17 14:25:16,224 [AppLog] INFO : X方向到位停止：DEM_StopAxisRun：返回值{True}CurrentPos{683.895}bImmeStop{False}nAxisMask{1}
2023-04-17 14:25:16,863 [AppLog] INFO : 准备读取编码器位置：X方向！
2023-04-17 14:25:16,863 [AppLog] INFO : 准备运动，当前位置：DEV_GetPrintEncoderValue：MoveDirectionFlag{false为Y方向：False}CurrentPos{680.65}AimPos{758}
2023-04-17 14:25:16,895 [AppLog] INFO : X方向运动开始：DEM_Run：返回值{True}nAxis{0}DirFlag{True}nSpeed{300000}MoveStep{77350}nCtlValue{2}
2023-04-17 14:25:17,643 [AppLog] INFO : X方向到位停止：DEM_StopAxisRun：返回值{True}CurrentPos{753.255}bImmeStop{False}nAxisMask{1}
2023-04-17 14:25:17,643 [AppLog] INFO : 准备读取编码器位置：Y方向！
2023-04-17 14:25:17,643 [AppLog] INFO : 准备运动，编码器当前位置：DEM_GetAxisEncodeVal：MoveDirectionFlag{false为Y方向：True}CurrentPos{116.155}AimPos{317}
2023-04-17 14:25:18,907 [AppLog] INFO : Y方向运动开始：DEM_Run：返回值{True}nAxis{1}DirFlag{True}nSpeed{300000}MoveStep{201224.797895}nCtlValue{1}
2023-04-17 14:25:18,985 [AppLog] INFO : Y方向到位停止：DEM_StopAxisRun：返回值{True}CurrentPos{316.215}bImmeStop{False}nAxisMask{2}
2023-04-17 14:25:18,985 [AppLog] INFO : 结束自动清洗过程：AutoCleanThread
2023-04-17 14:25:24,507 [AppLog] INFO : 手动停止自动清洗过程：AutoCleanBtn_Click
2023-04-17 14:25:27,050 [AppLog] INFO : 退出手动调试子模块,已执行修改
==========================================================================
2023-04-17 14:25:39,671 [AppLog] INFO : 进入手动调试子模块！
2023-04-17 14:25:39,671 [AppLog] INFO : 进入：ManulBtn_Click=》准备创建对象-手动操作！
2023-04-17 14:25:39,702 [AppLog] INFO : 创建：ManualControl=》创建完成-手动操作！
2023-04-17 14:25:39,702 [AppLog] INFO : 加载成功：温控Modbus接口！
2023-04-17 14:25:40,731 [AppLog] INFO : 手动开启自动清洗过程：AutoCleanBtn_Click
2023-04-17 14:25:40,731 [AppLog] INFO : 进入自动清洗过程：AutoCleanThread
2023-04-17 14:25:41,184 [AppLog] INFO : 刮墨轴回零成功：motionMap.SetBackSpreaderAxis(4, 1, 2, -SinkHomePosition)
2023-04-17 14:25:41,184 [AppLog] INFO : 准备读取编码器位置：Y方向！
2023-04-17 14:25:41,184 [AppLog] INFO : 准备运动，编码器当前位置：DEM_GetAxisEncodeVal：MoveDirectionFlag{false为Y方向：True}CurrentPos{316.85}AimPos{116}
2023-04-17 14:25:42,432 [AppLog] INFO : Y方向运动开始：DEM_Run：返回值{True}nAxis{1}DirFlag{False}nSpeed{300000}MoveStep{-201229.80735}nCtlValue{1}
2023-04-17 14:25:42,494 [AppLog] INFO : Y方向到位停止：DEM_StopAxisRun：返回值{True}CurrentPos{117.165}bImmeStop{False}nAxisMask{2}
2023-04-17 14:25:42,494 [AppLog] INFO : 准备读取编码器位置：X方向！
2023-04-17 14:25:42,494 [AppLog] INFO : 准备运动，当前位置：DEV_GetPrintEncoderValue：MoveDirectionFlag{false为Y方向：False}CurrentPos{757.34}AimPos{780}
2023-04-17 14:25:42,525 [AppLog] INFO : X方向运动开始：DEM_Run：返回值{True}nAxis{0}DirFlag{True}nSpeed{300000}MoveStep{22660}nCtlValue{2}
2023-04-17 14:25:42,915 [AppLog] INFO : X方向到位停止：DEM_StopAxisRun：返回值{True}CurrentPos{775.87}bImmeStop{False}nAxisMask{1}
2023-04-17 14:25:42,931 [AppLog] INFO : 关闭闪喷： IDP_FlashPrtCtl(false)：ReturnCode{True}
2023-04-17 14:25:44,226 [AppLog] INFO : 开启闪喷： IDP_FlashPrtCtl(true)：ReturnCode{True}
2023-04-17 14:25:44,226 [AppLog] INFO : 开启压墨： motionMap.SetDo(13, true)
2023-04-17 14:25:45,739 [AppLog] INFO : 关闭压墨： motionMap.SetDo(13, true)
2023-04-17 14:25:45,739 [AppLog] INFO : 压墨等待开启：{2.5S}
2023-04-17 14:25:48,251 [AppLog] INFO : 压墨等待完成：{2.5S}
2023-04-17 14:25:48,251 [AppLog] INFO : 开启闪喷： IDP_FlashPrtCtl(false)：ReturnCode{True}
2023-04-17 14:25:48,251 [AppLog] INFO : 准备读取编码器位置：X方向！
2023-04-17 14:25:48,251 [AppLog] INFO : 准备运动，当前位置：DEV_GetPrintEncoderValue：MoveDirectionFlag{false为Y方向：False}CurrentPos{780.055}AimPos{680}
2023-04-17 14:25:48,282 [AppLog] INFO : X方向运动开始：DEM_Run：返回值{True}nAxis{0}DirFlag{False}nSpeed{150000}MoveStep{-100055}nCtlValue{2}
2023-04-17 14:25:49,202 [AppLog] INFO : X方向到位停止：DEM_StopAxisRun：返回值{True}CurrentPos{685.42}bImmeStop{False}nAxisMask{1}
2023-04-17 14:25:50,294 [AppLog] INFO : 刮墨轴回零成功：motionMap.SetBackSpreaderAxis(4, 1, 2, -SinkHomePosition)
2023-04-17 14:25:50,294 [AppLog] INFO : 准备读取编码器位置：X方向！
2023-04-17 14:25:50,294 [AppLog] INFO : 准备运动，当前位置：DEV_GetPrintEncoderValue：MoveDirectionFlag{false为Y方向：False}CurrentPos{680.6}AimPos{780}
2023-04-17 14:25:50,326 [AppLog] INFO : X方向运动开始：DEM_Run：返回值{True}nAxis{0}DirFlag{True}nSpeed{300000}MoveStep{99400}nCtlValue{2}
2023-04-17 14:25:51,168 [AppLog] INFO : X方向到位停止：DEM_StopAxisRun：返回值{True}CurrentPos{774.51}bImmeStop{False}nAxisMask{1}
2023-04-17 14:25:51,168 [AppLog] INFO : 关闭闪喷： IDP_FlashPrtCtl(false)：ReturnCode{True}
2023-04-17 14:25:52,385 [AppLog] INFO : 准备读取编码器位置：X方向！
2023-04-17 14:25:52,385 [AppLog] INFO : 准备运动，当前位置：DEV_GetPrintEncoderValue：MoveDirectionFlag{false为Y方向：False}CurrentPos{779.39}AimPos{680}
2023-04-17 14:25:52,416 [AppLog] INFO : X方向运动开始：DEM_Run：返回值{True}nAxis{0}DirFlag{False}nSpeed{150000}MoveStep{-99390}nCtlValue{2}
2023-04-17 14:25:53,336 [AppLog] INFO : X方向到位停止：DEM_StopAxisRun：返回值{True}CurrentPos{684.73}bImmeStop{False}nAxisMask{1}
2023-04-17 14:25:53,976 [AppLog] INFO : 准备读取编码器位置：X方向！
2023-04-17 14:25:53,976 [AppLog] INFO : 准备运动，当前位置：DEV_GetPrintEncoderValue：MoveDirectionFlag{false为Y方向：False}CurrentPos{680.61}AimPos{758}
2023-04-17 14:25:54,007 [AppLog] INFO : X方向运动开始：DEM_Run：返回值{True}nAxis{0}DirFlag{True}nSpeed{300000}MoveStep{77390}nCtlValue{2}
2023-04-17 14:25:54,756 [AppLog] INFO : X方向到位停止：DEM_StopAxisRun：返回值{True}CurrentPos{753.13}bImmeStop{False}nAxisMask{1}
2023-04-17 14:25:54,756 [AppLog] INFO : 准备读取编码器位置：Y方向！
2023-04-17 14:25:54,756 [AppLog] INFO : 准备运动，编码器当前位置：DEM_GetAxisEncodeVal：MoveDirectionFlag{false为Y方向：True}CurrentPos{116.15}AimPos{317}
2023-04-17 14:25:56,004 [AppLog] INFO : Y方向运动开始：DEM_Run：返回值{True}nAxis{1}DirFlag{True}nSpeed{300000}MoveStep{201229.80735}nCtlValue{1}
2023-04-17 14:25:56,082 [AppLog] INFO : Y方向到位停止：DEM_StopAxisRun：返回值{True}CurrentPos{316.03}bImmeStop{False}nAxisMask{2}
2023-04-17 14:25:56,082 [AppLog] INFO : 结束自动清洗过程：AutoCleanThread
2023-04-17 14:26:04,319 [AppLog] INFO : 开启刮墨轴回零校准：SpreaderHomeBtn_Click
2023-04-17 14:26:04,724 [AppLog] INFO : 刮墨轴回零成功：SpreaderHomeBtn_Click：{AXIS{4},Vel{1圈/s},开槽位置{-10°}}
2023-04-17 14:26:08,094 [AppLog] INFO : 手动停止自动清洗过程：AutoCleanBtn_Click
2023-04-17 14:26:08,531 [AppLog] INFO : 手动开启自动清洗过程：AutoCleanBtn_Click
2023-04-17 14:26:08,531 [AppLog] INFO : 进入自动清洗过程：AutoCleanThread
2023-04-17 14:26:08,905 [AppLog] INFO : 刮墨轴回零成功：motionMap.SetBackSpreaderAxis(4, 1, 2, -SinkHomePosition)
2023-04-17 14:26:08,905 [AppLog] INFO : 准备读取编码器位置：Y方向！
2023-04-17 14:26:08,905 [AppLog] INFO : 准备运动，编码器当前位置：DEM_GetAxisEncodeVal：MoveDirectionFlag{false为Y方向：True}CurrentPos{316.84}AimPos{116}
2023-04-17 14:26:10,153 [AppLog] INFO : Y方向运动开始：DEM_Run：返回值{True}nAxis{1}DirFlag{False}nSpeed{300000}MoveStep{-201219.78844}nCtlValue{1}
2023-04-17 14:26:10,231 [AppLog] INFO : Y方向到位停止：DEM_StopAxisRun：返回值{True}CurrentPos{116.94}bImmeStop{False}nAxisMask{2}
2023-04-17 14:26:10,231 [AppLog] INFO : 准备读取编码器位置：X方向！
2023-04-17 14:26:10,231 [AppLog] INFO : 准备运动，当前位置：DEV_GetPrintEncoderValue：MoveDirectionFlag{false为Y方向：False}CurrentPos{757.35}AimPos{780}
2023-04-17 14:26:10,262 [AppLog] INFO : X方向运动开始：DEM_Run：返回值{True}nAxis{0}DirFlag{True}nSpeed{300000}MoveStep{22650}nCtlValue{2}
2023-04-17 14:26:11,105 [AppLog] INFO : X方向到位停止：DEM_StopAxisRun：返回值{True}CurrentPos{780.025}bImmeStop{False}nAxisMask{1}
2023-04-17 14:26:11,105 [AppLog] INFO : 关闭闪喷： IDP_FlashPrtCtl(false)：ReturnCode{True}
2023-04-17 14:26:12,337 [AppLog] INFO : 开启闪喷： IDP_FlashPrtCtl(true)：ReturnCode{True}
2023-04-17 14:26:12,337 [AppLog] INFO : 开启压墨： motionMap.SetDo(13, true)
2023-04-17 14:26:13,850 [AppLog] INFO : 关闭压墨： motionMap.SetDo(13, true)
2023-04-17 14:26:13,850 [AppLog] INFO : 压墨等待开启：{2.5S}
2023-04-17 14:26:16,362 [AppLog] INFO : 压墨等待完成：{2.5S}
2023-04-17 14:26:16,362 [AppLog] INFO : 开启闪喷： IDP_FlashPrtCtl(false)：ReturnCode{True}
2023-04-17 14:26:16,362 [AppLog] INFO : 准备读取编码器位置：X方向！
2023-04-17 14:26:16,362 [AppLog] INFO : 准备运动，当前位置：DEV_GetPrintEncoderValue：MoveDirectionFlag{false为Y方向：False}CurrentPos{780.025}AimPos{680}
2023-04-17 14:26:16,393 [AppLog] INFO : X方向运动开始：DEM_Run：返回值{True}nAxis{0}DirFlag{False}nSpeed{150000}MoveStep{-100025}nCtlValue{2}
2023-04-17 14:26:17,329 [AppLog] INFO : X方向到位停止：DEM_StopAxisRun：返回值{True}CurrentPos{684.5}bImmeStop{False}nAxisMask{1}
2023-04-17 14:26:18,265 [AppLog] INFO : 刮墨轴回零成功：motionMap.SetBackSpreaderAxis(4, 1, 2, -SinkHomePosition)
2023-04-17 14:26:18,265 [AppLog] INFO : 准备读取编码器位置：X方向！
2023-04-17 14:26:18,265 [AppLog] INFO : 准备运动，当前位置：DEV_GetPrintEncoderValue：MoveDirectionFlag{false为Y方向：False}CurrentPos{680.62}AimPos{780}
2023-04-17 14:26:18,296 [AppLog] INFO : X方向运动开始：DEM_Run：返回值{True}nAxis{0}DirFlag{True}nSpeed{300000}MoveStep{99380}nCtlValue{2}
2023-04-17 14:26:20,059 [AppLog] INFO : X方向到位停止：DEM_StopAxisRun：返回值{True}CurrentPos{779.345}bImmeStop{False}nAxisMask{1}
2023-04-17 14:26:20,059 [AppLog] INFO : 关闭闪喷： IDP_FlashPrtCtl(false)：ReturnCode{True}
2023-04-17 14:26:21,276 [AppLog] INFO : 准备读取编码器位置：X方向！
2023-04-17 14:26:21,276 [AppLog] INFO : 准备运动，当前位置：DEV_GetPrintEncoderValue：MoveDirectionFlag{false为Y方向：False}CurrentPos{779.355}AimPos{680}
2023-04-17 14:26:21,307 [AppLog] INFO : X方向运动开始：DEM_Run：返回值{True}nAxis{0}DirFlag{False}nSpeed{150000}MoveStep{-99355}nCtlValue{2}
2023-04-17 14:26:22,243 [AppLog] INFO : X方向到位停止：DEM_StopAxisRun：返回值{True}CurrentPos{683.895}bImmeStop{False}nAxisMask{1}
2023-04-17 14:26:22,820 [AppLog] INFO : 准备读取编码器位置：X方向！
2023-04-17 14:26:22,820 [AppLog] INFO : 准备运动，当前位置：DEV_GetPrintEncoderValue：MoveDirectionFlag{false为Y方向：False}CurrentPos{680.655}AimPos{758}
2023-04-17 14:26:22,852 [AppLog] INFO : X方向运动开始：DEM_Run：返回值{True}nAxis{0}DirFlag{True}nSpeed{300000}MoveStep{77345}nCtlValue{2}
2023-04-17 14:26:24,505 [AppLog] INFO : X方向到位停止：DEM_StopAxisRun：返回值{True}CurrentPos{757.29}bImmeStop{False}nAxisMask{1}
2023-04-17 14:26:24,505 [AppLog] INFO : 准备读取编码器位置：Y方向！
2023-04-17 14:26:24,505 [AppLog] INFO : 准备运动，编码器当前位置：DEM_GetAxisEncodeVal：MoveDirectionFlag{false为Y方向：True}CurrentPos{116.16}AimPos{317}
2023-04-17 14:26:25,753 [AppLog] INFO : Y方向运动开始：DEM_Run：返回值{True}nAxis{1}DirFlag{True}nSpeed{300000}MoveStep{201219.78844}nCtlValue{1}
2023-04-17 14:26:25,831 [AppLog] INFO : Y方向到位停止：DEM_StopAxisRun：返回值{True}CurrentPos{316.375}bImmeStop{False}nAxisMask{2}
2023-04-17 14:26:25,831 [AppLog] INFO : 结束自动清洗过程：AutoCleanThread
2023-04-17 14:26:27,407 [AppLog] INFO : 退出手动调试子模块,已执行修改
==========================================================================
2023-04-17 14:26:34,505 [AppLog] INFO : 开启系统：板卡通讯，伺服供电，照明系统，UV/HR固化系统！
2023-04-17 14:26:35,254 [AppLog] INFO : 关闭系统：一键关闭系统开始！
2023-04-17 14:26:41,478 [AppLog] INFO : 关闭系统：一键关闭系统结束！
2023-04-17 14:26:41,478 [AppLog] INFO : 喷墨控制器的所有轴输出关闭！
2023-04-17 14:26:41,509 [AppLog] INFO : 喷墨控制器关闭！
2023-04-17 14:26:41,509 [AppLog] INFO : 进入电气控制模块
2023-04-17 14:26:52,741 [AppLog] INFO : 退出电气控制模块
2023-04-17 14:26:53,927 [AppLog] INFO : 开启系统：板卡通讯，伺服供电，照明系统，UV/HR固化系统！
2023-04-17 14:26:53,927 [AppLog] INFO : 开启系统：一键启动系统开始！
2023-04-17 14:27:00,011 [AppLog] INFO : 开启系统：一键启动系统结束！
2023-04-17 14:27:00,011 [AppLog] INFO : 初始化喷墨控制器启动！
2023-04-17 14:27:22,724 [AppLog] INFO : 打开喷墨控制器设备成功！
2023-04-17 14:27:22,756 [AppLog] INFO : 输入校准值1次{成功}，打印往返差校准值为：BiDirEncPrtOff{5},分频值{8},打印速度{300mm/s}
2023-04-17 14:29:51,798 [AppLog] INFO : 初始化喷墨控制器成功！
2023-04-17 14:29:51,798 [AppLog] INFO : 进入：EquipmentMotionLogic3=》准备创建对象-手动操作！
2023-04-17 14:29:51,830 [AppLog] INFO : 进入：EquipmentMotionLogic3=》创建完成-手动操作！
2023-04-17 14:29:51,954 [AppLog] INFO : 红外灯控制器485通讯建立！
2023-04-17 14:29:51,954 [AppLog] INFO : 进入电气控制模块
2023-04-17 14:29:53,171 [AppLog] INFO : 退出电气控制模块
2023-04-17 14:32:03,369 [AppLog] INFO : 进入手动调试子模块！
2023-04-17 14:32:03,369 [AppLog] INFO : 进入：ManulBtn_Click=》准备创建对象-手动操作！
2023-04-17 14:32:03,400 [AppLog] INFO : 创建：ManualControl=》创建完成-手动操作！
2023-04-17 14:32:03,400 [AppLog] INFO : 加载成功：温控Modbus接口！
2023-04-17 14:32:12,355 [AppLog] INFO : 开启墨车回零校准：PrintCarHomeBtn_Click
2023-04-17 14:32:12,355 [AppLog] INFO : 开启墨车回零校准线程：InkCarEncoderResetThread
2023-04-17 14:32:34,569 [AppLog] INFO : 墨车回零校准线程成功：InkCarEncoderResetThread
2023-04-17 14:32:37,268 [AppLog] INFO : 墨车回零校准线程失败：InkCarEncoderResetThread
2023-04-17 14:32:45,941 [AppLog] INFO : 退出手动调试子模块,已执行修改
==========================================================================
2023-04-17 14:32:46,753 [AppLog] INFO : 进入手动调试子模块！
2023-04-17 14:32:46,753 [AppLog] INFO : 进入：ManulBtn_Click=》准备创建对象-手动操作！
2023-04-17 14:32:46,768 [AppLog] INFO : 创建：ManualControl=》创建完成-手动操作！
2023-04-17 14:32:46,784 [AppLog] INFO : 加载成功：温控Modbus接口！
2023-04-17 14:32:52,415 [AppLog] INFO : 手动开启自动清洗过程：AutoCleanBtn_Click
2023-04-17 14:32:52,415 [AppLog] INFO : 进入自动清洗过程：AutoCleanThread
2023-04-17 14:32:52,790 [AppLog] INFO : 刮墨轴回零成功：motionMap.SetBackSpreaderAxis(4, 1, 2, -SinkHomePosition)
2023-04-17 14:32:52,790 [AppLog] INFO : 准备读取编码器位置：Y方向！
2023-04-17 14:32:52,790 [AppLog] INFO : 准备运动，编码器当前位置：DEM_GetAxisEncodeVal：MoveDirectionFlag{false为Y方向：True}CurrentPos{51.545}AimPos{116}
2023-04-17 14:32:53,601 [AppLog] INFO : Y方向运动开始：DEM_Run：返回值{False}nAxis{1}DirFlag{True}nSpeed{300000}MoveStep{64576.884405}nCtlValue{1}
2023-04-17 14:32:53,663 [AppLog] INFO : Y方向到位停止：DEM_StopAxisRun：返回值{True}CurrentPos{115.95}bImmeStop{False}nAxisMask{2}
2023-04-17 14:32:53,663 [AppLog] INFO : 准备读取编码器位置：X方向！
2023-04-17 14:32:53,663 [AppLog] INFO : 准备运动，当前位置：DEV_GetPrintEncoderValue：MoveDirectionFlag{false为Y方向：False}CurrentPos{738.535}AimPos{780}
2023-04-17 14:32:53,695 [AppLog] INFO : X方向运动开始：DEM_Run：返回值{True}nAxis{0}DirFlag{True}nSpeed{300000}MoveStep{41465}nCtlValue{2}
2023-04-17 14:32:54,319 [AppLog] INFO : X方向到位停止：DEM_StopAxisRun：返回值{True}CurrentPos{778.94}bImmeStop{False}nAxisMask{1}
2023-04-17 14:32:54,319 [AppLog] INFO : 关闭闪喷： IDP_FlashPrtCtl(false)：ReturnCode{True}
2023-04-17 14:32:55,551 [AppLog] INFO : 开启闪喷： IDP_FlashPrtCtl(true)：ReturnCode{True}
2023-04-17 14:32:55,551 [AppLog] INFO : 开启压墨： motionMap.SetDo(13, true)
2023-04-17 14:32:57,064 [AppLog] INFO : 关闭压墨： motionMap.SetDo(13, true)
2023-04-17 14:32:57,064 [AppLog] INFO : 压墨等待开启：{2.5S}
2023-04-17 14:32:59,576 [AppLog] INFO : 压墨等待完成：{2.5S}
2023-04-17 14:32:59,576 [AppLog] INFO : 开启闪喷： IDP_FlashPrtCtl(false)：ReturnCode{True}
2023-04-17 14:32:59,576 [AppLog] INFO : 准备读取编码器位置：X方向！
2023-04-17 14:32:59,576 [AppLog] INFO : 准备运动，当前位置：DEV_GetPrintEncoderValue：MoveDirectionFlag{false为Y方向：False}CurrentPos{779.335}AimPos{680}
2023-04-17 14:32:59,607 [AppLog] INFO : X方向运动开始：DEM_Run：返回值{True}nAxis{0}DirFlag{False}nSpeed{150000}MoveStep{-99335}nCtlValue{2}
2023-04-17 14:33:00,527 [AppLog] INFO : X方向到位停止：DEM_StopAxisRun：返回值{True}CurrentPos{684.225}bImmeStop{False}nAxisMask{1}
2023-04-17 14:33:01,105 [AppLog] INFO : 准备读取编码器位置：X方向！
2023-04-17 14:33:01,105 [AppLog] INFO : 准备运动，当前位置：DEV_GetPrintEncoderValue：MoveDirectionFlag{false为Y方向：False}CurrentPos{680.635}AimPos{758}
2023-04-17 14:33:01,136 [AppLog] INFO : X方向运动开始：DEM_Run：返回值{True}nAxis{0}DirFlag{True}nSpeed{300000}MoveStep{77365}nCtlValue{2}
2023-04-17 14:33:01,885 [AppLog] INFO : X方向到位停止：DEM_StopAxisRun：返回值{True}CurrentPos{753.515}bImmeStop{False}nAxisMask{1}
2023-04-17 14:33:01,885 [AppLog] INFO : 准备读取编码器位置：Y方向！
2023-04-17 14:33:01,885 [AppLog] INFO : 准备运动，编码器当前位置：DEM_GetAxisEncodeVal：MoveDirectionFlag{false为Y方向：True}CurrentPos{116.02}AimPos{317}
2023-04-17 14:33:03,148 [AppLog] INFO : Y方向运动开始：DEM_Run：返回值{True}nAxis{1}DirFlag{True}nSpeed{300000}MoveStep{201360.05318}nCtlValue{1}
2023-04-17 14:33:03,211 [AppLog] INFO : Y方向到位停止：DEM_StopAxisRun：返回值{True}CurrentPos{316.035}bImmeStop{False}nAxisMask{2}
2023-04-17 14:33:03,211 [AppLog] INFO : 结束自动清洗过程：AutoCleanThread
2023-04-17 14:33:26,392 [AppLog] INFO : 手动停止自动清洗过程：AutoCleanBtn_Click
2023-04-17 14:33:44,941 [AppLog] INFO : 退出手动调试子模块,已执行修改
==========================================================================
2023-04-17 14:33:45,721 [AppLog] INFO : 进入手动调试子模块！
2023-04-17 14:33:45,721 [AppLog] INFO : 进入：ManulBtn_Click=》准备创建对象-手动操作！
2023-04-17 14:33:45,752 [AppLog] INFO : 创建：ManualControl=》创建完成-手动操作！
2023-04-17 14:33:45,752 [AppLog] INFO : 加载成功：温控Modbus接口！
2023-04-17 14:33:48,154 [AppLog] INFO : 手动开启自动清洗过程：AutoCleanBtn_Click
2023-04-17 14:33:48,154 [AppLog] INFO : 进入自动清洗过程：AutoCleanThread
2023-04-17 14:33:48,513 [AppLog] INFO : 刮墨轴回零成功：motionMap.SetBackSpreaderAxis(4, 1, 2, -SinkHomePosition)
2023-04-17 14:33:48,513 [AppLog] INFO : 准备读取编码器位置：Y方向！
2023-04-17 14:33:48,529 [AppLog] INFO : 准备运动，编码器当前位置：DEM_GetAxisEncodeVal：MoveDirectionFlag{false为Y方向：True}CurrentPos{316.97}AimPos{116}
2023-04-17 14:33:49,777 [AppLog] INFO : Y方向运动开始：DEM_Run：返回值{True}nAxis{1}DirFlag{False}nSpeed{300000}MoveStep{-201350.03427}nCtlValue{1}
2023-04-17 14:33:49,839 [AppLog] INFO : Y方向到位停止：DEM_StopAxisRun：返回值{True}CurrentPos{117.12}bImmeStop{False}nAxisMask{2}
2023-04-17 14:33:49,839 [AppLog] INFO : 准备读取编码器位置：X方向！
2023-04-17 14:33:49,855 [AppLog] INFO : 准备运动，当前位置：DEV_GetPrintEncoderValue：MoveDirectionFlag{false为Y方向：False}CurrentPos{757.36}AimPos{780}
2023-04-17 14:33:49,886 [AppLog] INFO : X方向运动开始：DEM_Run：返回值{True}nAxis{0}DirFlag{True}nSpeed{300000}MoveStep{22640}nCtlValue{2}
2023-04-17 14:33:50,635 [AppLog] INFO : X方向到位停止：DEM_StopAxisRun：返回值{True}CurrentPos{780.015}bImmeStop{False}nAxisMask{1}
2023-04-17 14:33:50,635 [AppLog] INFO : 关闭闪喷： IDP_FlashPrtCtl(false)：ReturnCode{True}
2023-04-17 14:33:51,867 [AppLog] INFO : 开启闪喷： IDP_FlashPrtCtl(true)：ReturnCode{True}
2023-04-17 14:33:51,867 [AppLog] INFO : 开启压墨： motionMap.SetDo(13, true)
2023-04-17 14:33:53,380 [AppLog] INFO : 关闭压墨： motionMap.SetDo(13, true)
2023-04-17 14:33:53,380 [AppLog] INFO : 压墨等待开启：{2.5S}
2023-04-17 14:33:55,892 [AppLog] INFO : 压墨等待完成：{2.5S}
2023-04-17 14:33:55,892 [AppLog] INFO : 开启闪喷： IDP_FlashPrtCtl(false)：ReturnCode{True}
2023-04-17 14:33:55,892 [AppLog] INFO : 准备读取编码器位置：X方向！
2023-04-17 14:33:55,892 [AppLog] INFO : 准备运动，当前位置：DEV_GetPrintEncoderValue：MoveDirectionFlag{false为Y方向：False}CurrentPos{780.015}AimPos{680}
2023-04-17 14:33:55,923 [AppLog] INFO : X方向运动开始：DEM_Run：返回值{True}nAxis{0}DirFlag{False}nSpeed{150000}MoveStep{-100015}nCtlValue{2}
2023-04-17 14:33:56,859 [AppLog] INFO : X方向到位停止：DEM_StopAxisRun：返回值{True}CurrentPos{684.49}bImmeStop{False}nAxisMask{1}
2023-04-17 14:33:57,436 [AppLog] INFO : 准备读取编码器位置：X方向！
2023-04-17 14:33:57,436 [AppLog] INFO : 准备运动，当前位置：DEV_GetPrintEncoderValue：MoveDirectionFlag{false为Y方向：False}CurrentPos{680.625}AimPos{758}
2023-04-17 14:33:57,468 [AppLog] INFO : X方向运动开始：DEM_Run：返回值{True}nAxis{0}DirFlag{True}nSpeed{300000}MoveStep{77375}nCtlValue{2}
2023-04-17 14:33:58,216 [AppLog] INFO : X方向到位停止：DEM_StopAxisRun：返回值{True}CurrentPos{752.88}bImmeStop{False}nAxisMask{1}
2023-04-17 14:33:58,216 [AppLog] INFO : 准备读取编码器位置：Y方向！
2023-04-17 14:33:58,216 [AppLog] INFO : 准备运动，编码器当前位置：DEM_GetAxisEncodeVal：MoveDirectionFlag{false为Y方向：True}CurrentPos{116.15}AimPos{317}
2023-04-17 14:33:59,464 [AppLog] INFO : Y方向运动开始：DEM_Run：返回值{True}nAxis{1}DirFlag{True}nSpeed{300000}MoveStep{201229.80735}nCtlValue{1}
2023-04-17 14:33:59,527 [AppLog] INFO : Y方向到位停止：DEM_StopAxisRun：返回值{True}CurrentPos{315.76}bImmeStop{False}nAxisMask{2}
2023-04-17 14:33:59,527 [AppLog] INFO : 结束自动清洗过程：AutoCleanThread
2023-04-17 14:34:09,854 [AppLog] INFO : 开启刮墨轴回零校准：SpreaderHomeBtn_Click
2023-04-17 14:34:10,478 [AppLog] INFO : 刮墨轴回零成功：SpreaderHomeBtn_Click：{AXIS{4},Vel{1圈/s},开槽位置{-85°}}
2023-04-17 14:34:24,222 [AppLog] INFO : 开启刮墨轴回零校准：SpreaderHomeBtn_Click
2023-04-17 14:34:24,814 [AppLog] INFO : 刮墨轴回零成功：SpreaderHomeBtn_Click：{AXIS{4},Vel{1圈/s},开槽位置{-10°}}
2023-04-17 14:34:35,329 [AppLog] INFO : 手动停止自动清洗过程：AutoCleanBtn_Click
2023-04-17 14:34:35,844 [AppLog] INFO : 手动开启自动清洗过程：AutoCleanBtn_Click
2023-04-17 14:34:35,844 [AppLog] INFO : 进入自动清洗过程：AutoCleanThread
2023-04-17 14:34:36,202 [AppLog] INFO : 刮墨轴回零成功：motionMap.SetBackSpreaderAxis(4, 1, 2, -SinkHomePosition)
2023-04-17 14:34:36,202 [AppLog] INFO : 准备读取编码器位置：Y方向！
2023-04-17 14:34:36,218 [AppLog] INFO : 准备运动，编码器当前位置：DEM_GetAxisEncodeVal：MoveDirectionFlag{false为Y方向：True}CurrentPos{316.855}AimPos{116}
2023-04-17 14:34:37,482 [AppLog] INFO : Y方向运动开始：DEM_Run：返回值{True}nAxis{1}DirFlag{False}nSpeed{300000}MoveStep{-201234.816805}nCtlValue{1}
2023-04-17 14:34:37,544 [AppLog] INFO : Y方向到位停止：DEM_StopAxisRun：返回值{True}CurrentPos{117.115}bImmeStop{False}nAxisMask{2}
2023-04-17 14:34:37,544 [AppLog] INFO : 准备读取编码器位置：X方向！
2023-04-17 14:34:37,544 [AppLog] INFO : 准备运动，当前位置：DEV_GetPrintEncoderValue：MoveDirectionFlag{false为Y方向：False}CurrentPos{757.35}AimPos{780}
2023-04-17 14:34:37,575 [AppLog] INFO : X方向运动开始：DEM_Run：返回值{True}nAxis{0}DirFlag{True}nSpeed{300000}MoveStep{22650}nCtlValue{2}
2023-04-17 14:34:38,418 [AppLog] INFO : X方向到位停止：DEM_StopAxisRun：返回值{True}CurrentPos{780.01}bImmeStop{False}nAxisMask{1}
2023-04-17 14:34:38,418 [AppLog] INFO : 关闭闪喷： IDP_FlashPrtCtl(false)：ReturnCode{True}
2023-04-17 14:34:39,650 [AppLog] INFO : 开启闪喷： IDP_FlashPrtCtl(true)：ReturnCode{True}
2023-04-17 14:34:39,650 [AppLog] INFO : 开启压墨： motionMap.SetDo(13, true)
2023-04-17 14:34:41,163 [AppLog] INFO : 关闭压墨： motionMap.SetDo(13, true)
2023-04-17 14:34:41,163 [AppLog] INFO : 压墨等待开启：{2.5S}
2023-04-17 14:34:43,675 [AppLog] INFO : 压墨等待完成：{2.5S}
2023-04-17 14:34:43,675 [AppLog] INFO : 开启闪喷： IDP_FlashPrtCtl(false)：ReturnCode{True}
2023-04-17 14:34:43,675 [AppLog] INFO : 准备读取编码器位置：X方向！
2023-04-17 14:34:43,675 [AppLog] INFO : 准备运动，当前位置：DEV_GetPrintEncoderValue：MoveDirectionFlag{false为Y方向：False}CurrentPos{780.01}AimPos{680}
2023-04-17 14:34:43,706 [AppLog] INFO : X方向运动开始：DEM_Run：返回值{True}nAxis{0}DirFlag{False}nSpeed{150000}MoveStep{-100010}nCtlValue{2}
2023-04-17 14:34:44,642 [AppLog] INFO : X方向到位停止：DEM_StopAxisRun：返回值{True}CurrentPos{684.535}bImmeStop{False}nAxisMask{1}
2023-04-17 14:34:45,219 [AppLog] INFO : 准备读取编码器位置：X方向！
2023-04-17 14:34:45,219 [AppLog] INFO : 准备运动，当前位置：DEV_GetPrintEncoderValue：MoveDirectionFlag{false为Y方向：False}CurrentPos{680.64}AimPos{758}
2023-04-17 14:34:45,250 [AppLog] INFO : X方向运动开始：DEM_Run：返回值{True}nAxis{0}DirFlag{True}nSpeed{300000}MoveStep{77360}nCtlValue{2}
2023-04-17 14:34:45,999 [AppLog] INFO : X方向到位停止：DEM_StopAxisRun：返回值{True}CurrentPos{753.1}bImmeStop{False}nAxisMask{1}
2023-04-17 14:34:45,999 [AppLog] INFO : 准备读取编码器位置：Y方向！
2023-04-17 14:34:45,999 [AppLog] INFO : 准备运动，编码器当前位置：DEM_GetAxisEncodeVal：MoveDirectionFlag{false为Y方向：True}CurrentPos{116.145}AimPos{317}
2023-04-17 14:34:47,247 [AppLog] INFO : Y方向运动开始：DEM_Run：返回值{True}nAxis{1}DirFlag{True}nSpeed{300000}MoveStep{201234.816805}nCtlValue{1}
2023-04-17 14:34:47,310 [AppLog] INFO : Y方向到位停止：DEM_StopAxisRun：返回值{True}CurrentPos{315.705}bImmeStop{False}nAxisMask{2}
2023-04-17 14:34:47,310 [AppLog] INFO : 结束自动清洗过程：AutoCleanThread
2023-04-17 14:35:26,029 [AppLog] INFO : 退出手动调试子模块,已执行修改
==========================================================================
2023-04-17 14:35:26,981 [AppLog] INFO : 进入手动调试子模块！
2023-04-17 14:35:26,981 [AppLog] INFO : 进入：ManulBtn_Click=》准备创建对象-手动操作！
2023-04-17 14:35:27,012 [AppLog] INFO : 创建：ManualControl=》创建完成-手动操作！
2023-04-17 14:35:27,012 [AppLog] INFO : 加载成功：温控Modbus接口！
2023-04-17 14:35:31,551 [AppLog] INFO : 手动开启自动清洗过程：AutoCleanBtn_Click
2023-04-17 14:35:31,551 [AppLog] INFO : 进入自动清洗过程：AutoCleanThread
2023-04-17 14:35:31,910 [AppLog] INFO : 刮墨轴回零成功：motionMap.SetBackSpreaderAxis(4, 1, 2, -SinkHomePosition)
2023-04-17 14:35:31,910 [AppLog] INFO : 准备读取编码器位置：Y方向！
2023-04-17 14:35:31,910 [AppLog] INFO : 准备运动，编码器当前位置：DEM_GetAxisEncodeVal：MoveDirectionFlag{false为Y方向：True}CurrentPos{316.84}AimPos{116}
2023-04-17 14:35:33,158 [AppLog] INFO : Y方向运动开始：DEM_Run：返回值{True}nAxis{1}DirFlag{False}nSpeed{300000}MoveStep{-201219.78844}nCtlValue{1}
2023-04-17 14:35:33,221 [AppLog] INFO : Y方向到位停止：DEM_StopAxisRun：返回值{True}CurrentPos{117.135}bImmeStop{False}nAxisMask{2}
2023-04-17 14:35:33,221 [AppLog] INFO : 准备读取编码器位置：X方向！
2023-04-17 14:35:33,221 [AppLog] INFO : 准备运动，当前位置：DEV_GetPrintEncoderValue：MoveDirectionFlag{false为Y方向：False}CurrentPos{757.355}AimPos{780}
2023-04-17 14:35:33,252 [AppLog] INFO : X方向运动开始：DEM_Run：返回值{True}nAxis{0}DirFlag{True}nSpeed{300000}MoveStep{22645}nCtlValue{2}
2023-04-17 14:35:34,047 [AppLog] INFO : X方向到位停止：DEM_StopAxisRun：返回值{True}CurrentPos{780.015}bImmeStop{False}nAxisMask{1}
2023-04-17 14:35:34,047 [AppLog] INFO : 关闭闪喷： IDP_FlashPrtCtl(false)：ReturnCode{True}
2023-04-17 14:35:35,280 [AppLog] INFO : 开启闪喷： IDP_FlashPrtCtl(true)：ReturnCode{True}
2023-04-17 14:35:35,280 [AppLog] INFO : 开启压墨： motionMap.SetDo(13, true)
2023-04-17 14:35:36,793 [AppLog] INFO : 关闭压墨： motionMap.SetDo(13, true)
2023-04-17 14:35:36,793 [AppLog] INFO : 压墨等待开启：{2.5S}
2023-04-17 14:35:39,305 [AppLog] INFO : 压墨等待完成：{2.5S}
2023-04-17 14:35:39,305 [AppLog] INFO : 开启闪喷： IDP_FlashPrtCtl(false)：ReturnCode{True}
2023-04-17 14:35:39,305 [AppLog] INFO : 准备读取编码器位置：X方向！
2023-04-17 14:35:39,305 [AppLog] INFO : 准备运动，当前位置：DEV_GetPrintEncoderValue：MoveDirectionFlag{false为Y方向：False}CurrentPos{780.015}AimPos{680}
2023-04-17 14:35:39,336 [AppLog] INFO : X方向运动开始：DEM_Run：返回值{True}nAxis{0}DirFlag{False}nSpeed{150000}MoveStep{-100015}nCtlValue{2}
2023-04-17 14:35:40,272 [AppLog] INFO : X方向到位停止：DEM_StopAxisRun：返回值{True}CurrentPos{684.56}bImmeStop{False}nAxisMask{1}
2023-04-17 14:35:40,849 [AppLog] INFO : 准备读取编码器位置：X方向！
2023-04-17 14:35:40,849 [AppLog] INFO : 准备运动，当前位置：DEV_GetPrintEncoderValue：MoveDirectionFlag{false为Y方向：False}CurrentPos{680.63}AimPos{758}
2023-04-17 14:35:40,880 [AppLog] INFO : X方向运动开始：DEM_Run：返回值{True}nAxis{0}DirFlag{True}nSpeed{300000}MoveStep{77370}nCtlValue{2}
2023-04-17 14:35:41,629 [AppLog] INFO : X方向到位停止：DEM_StopAxisRun：返回值{True}CurrentPos{753.075}bImmeStop{False}nAxisMask{1}
2023-04-17 14:35:41,629 [AppLog] INFO : 准备读取编码器位置：Y方向！
2023-04-17 14:35:41,629 [AppLog] INFO : 准备运动，编码器当前位置：DEM_GetAxisEncodeVal：MoveDirectionFlag{false为Y方向：True}CurrentPos{116.16}AimPos{317}
2023-04-17 14:35:42,877 [AppLog] INFO : Y方向运动开始：DEM_Run：返回值{True}nAxis{1}DirFlag{True}nSpeed{300000}MoveStep{201219.78844}nCtlValue{1}
2023-04-17 14:35:42,955 [AppLog] INFO : Y方向到位停止：DEM_StopAxisRun：返回值{True}CurrentPos{316.325}bImmeStop{False}nAxisMask{2}
2023-04-17 14:35:42,955 [AppLog] INFO : 结束自动清洗过程：AutoCleanThread
2023-04-17 14:36:16,121 [AppLog] INFO : 手动停止自动清洗过程：AutoCleanBtn_Click
2023-04-17 14:36:16,667 [AppLog] INFO : 手动开启自动清洗过程：AutoCleanBtn_Click
2023-04-17 14:36:16,667 [AppLog] INFO : 进入自动清洗过程：AutoCleanThread
2023-04-17 14:36:17,041 [AppLog] INFO : 刮墨轴回零成功：motionMap.SetBackSpreaderAxis(4, 1, 2, -SinkHomePosition)
2023-04-17 14:36:17,041 [AppLog] INFO : 准备读取编码器位置：Y方向！
2023-04-17 14:36:17,041 [AppLog] INFO : 准备运动，编码器当前位置：DEM_GetAxisEncodeVal：MoveDirectionFlag{false为Y方向：True}CurrentPos{316.84}AimPos{116}
2023-04-17 14:36:18,289 [AppLog] INFO : Y方向运动开始：DEM_Run：返回值{True}nAxis{1}DirFlag{False}nSpeed{300000}MoveStep{-201219.78844}nCtlValue{1}
2023-04-17 14:36:18,351 [AppLog] INFO : Y方向到位停止：DEM_StopAxisRun：返回值{True}CurrentPos{117.14}bImmeStop{False}nAxisMask{2}
2023-04-17 14:36:18,351 [AppLog] INFO : 准备读取编码器位置：X方向！
2023-04-17 14:36:18,383 [AppLog] INFO : 准备运动，当前位置：DEV_GetPrintEncoderValue：MoveDirectionFlag{false为Y方向：False}CurrentPos{757.355}AimPos{780}
2023-04-17 14:36:18,414 [AppLog] INFO : X方向运动开始：DEM_Run：返回值{True}nAxis{0}DirFlag{True}nSpeed{300000}MoveStep{22645}nCtlValue{2}
2023-04-17 14:36:19,209 [AppLog] INFO : X方向到位停止：DEM_StopAxisRun：返回值{True}CurrentPos{780.015}bImmeStop{False}nAxisMask{1}
2023-04-17 14:36:19,225 [AppLog] INFO : 关闭闪喷： IDP_FlashPrtCtl(false)：ReturnCode{True}
2023-04-17 14:36:20,457 [AppLog] INFO : 开启闪喷： IDP_FlashPrtCtl(true)：ReturnCode{True}
2023-04-17 14:36:20,457 [AppLog] INFO : 开启压墨： motionMap.SetDo(13, true)
2023-04-17 14:36:21,971 [AppLog] INFO : 关闭压墨： motionMap.SetDo(13, true)
2023-04-17 14:36:21,971 [AppLog] INFO : 压墨等待开启：{2.5S}
2023-04-17 14:36:24,482 [AppLog] INFO : 压墨等待完成：{2.5S}
2023-04-17 14:36:24,498 [AppLog] INFO : 开启闪喷： IDP_FlashPrtCtl(false)：ReturnCode{True}
2023-04-17 14:36:24,498 [AppLog] INFO : 准备读取编码器位置：X方向！
2023-04-17 14:36:24,498 [AppLog] INFO : 准备运动，当前位置：DEV_GetPrintEncoderValue：MoveDirectionFlag{false为Y方向：False}CurrentPos{780.015}AimPos{680}
2023-04-17 14:36:24,545 [AppLog] INFO : X方向运动开始：DEM_Run：返回值{True}nAxis{0}DirFlag{False}nSpeed{150000}MoveStep{-100015}nCtlValue{2}
2023-04-17 14:36:25,481 [AppLog] INFO : X方向到位停止：DEM_StopAxisRun：返回值{True}CurrentPos{684.455}bImmeStop{False}nAxisMask{1}
2023-04-17 14:36:26,058 [AppLog] INFO : 准备读取编码器位置：X方向！
2023-04-17 14:36:26,058 [AppLog] INFO : 准备运动，当前位置：DEV_GetPrintEncoderValue：MoveDirectionFlag{false为Y方向：False}CurrentPos{680.63}AimPos{758}
2023-04-17 14:36:26,089 [AppLog] INFO : X方向运动开始：DEM_Run：返回值{True}nAxis{0}DirFlag{True}nSpeed{300000}MoveStep{77370}nCtlValue{2}
2023-04-17 14:36:26,838 [AppLog] INFO : X方向到位停止：DEM_StopAxisRun：返回值{True}CurrentPos{753.07}bImmeStop{False}nAxisMask{1}
2023-04-17 14:36:26,838 [AppLog] INFO : 准备读取编码器位置：Y方向！
2023-04-17 14:36:26,838 [AppLog] INFO : 准备运动，编码器当前位置：DEM_GetAxisEncodeVal：MoveDirectionFlag{false为Y方向：True}CurrentPos{116.16}AimPos{317}
2023-04-17 14:36:28,086 [AppLog] INFO : Y方向运动开始：DEM_Run：返回值{True}nAxis{1}DirFlag{True}nSpeed{300000}MoveStep{201219.78844}nCtlValue{1}
2023-04-17 14:36:28,148 [AppLog] INFO : Y方向到位停止：DEM_StopAxisRun：返回值{True}CurrentPos{315.745}bImmeStop{False}nAxisMask{2}
2023-04-17 14:36:28,148 [AppLog] INFO : 结束自动清洗过程：AutoCleanThread
2023-04-17 14:37:43,855 [AppLog] INFO : 手动停止自动清洗过程：AutoCleanBtn_Click
2023-04-17 14:37:44,526 [AppLog] INFO : 手动开启自动清洗过程：AutoCleanBtn_Click
2023-04-17 14:37:44,526 [AppLog] INFO : 进入自动清洗过程：AutoCleanThread
2023-04-17 14:37:44,900 [AppLog] INFO : 刮墨轴回零成功：motionMap.SetBackSpreaderAxis(4, 1, 2, -SinkHomePosition)
2023-04-17 14:37:44,900 [AppLog] INFO : 准备读取编码器位置：Y方向！
2023-04-17 14:37:44,916 [AppLog] INFO : 准备运动，编码器当前位置：DEM_GetAxisEncodeVal：MoveDirectionFlag{false为Y方向：True}CurrentPos{316.84}AimPos{116}
2023-04-17 14:37:46,180 [AppLog] INFO : Y方向运动开始：DEM_Run：返回值{True}nAxis{1}DirFlag{False}nSpeed{300000}MoveStep{-201219.78844}nCtlValue{1}
2023-04-17 14:37:46,242 [AppLog] INFO : Y方向到位停止：DEM_StopAxisRun：返回值{True}CurrentPos{117.13}bImmeStop{False}nAxisMask{2}
2023-04-17 14:37:46,242 [AppLog] INFO : 准备读取编码器位置：X方向！
2023-04-17 14:37:46,242 [AppLog] INFO : 准备运动，当前位置：DEV_GetPrintEncoderValue：MoveDirectionFlag{false为Y方向：False}CurrentPos{757.355}AimPos{780}
2023-04-17 14:37:46,273 [AppLog] INFO : X方向运动开始：DEM_Run：返回值{True}nAxis{0}DirFlag{True}nSpeed{300000}MoveStep{22645}nCtlValue{2}
2023-04-17 14:37:47,069 [AppLog] INFO : X方向到位停止：DEM_StopAxisRun：返回值{True}CurrentPos{780.015}bImmeStop{False}nAxisMask{1}
2023-04-17 14:37:47,069 [AppLog] INFO : 关闭闪喷： IDP_FlashPrtCtl(false)：ReturnCode{True}
2023-04-17 14:37:48,301 [AppLog] INFO : 开启闪喷： IDP_FlashPrtCtl(true)：ReturnCode{True}
2023-04-17 14:37:48,301 [AppLog] INFO : 开启压墨： motionMap.SetDo(13, true)
2023-04-17 14:37:49,814 [AppLog] INFO : 关闭压墨： motionMap.SetDo(13, true)
2023-04-17 14:37:49,814 [AppLog] INFO : 压墨等待开启：{2.5S}
2023-04-17 14:37:52,326 [AppLog] INFO : 压墨等待完成：{2.5S}
2023-04-17 14:37:52,326 [AppLog] INFO : 开启闪喷： IDP_FlashPrtCtl(false)：ReturnCode{True}
2023-04-17 14:37:52,326 [AppLog] INFO : 准备读取编码器位置：X方向！
2023-04-17 14:37:52,326 [AppLog] INFO : 准备运动，当前位置：DEV_GetPrintEncoderValue：MoveDirectionFlag{false为Y方向：False}CurrentPos{780.015}AimPos{680}
2023-04-17 14:37:52,357 [AppLog] INFO : X方向运动开始：DEM_Run：返回值{True}nAxis{0}DirFlag{False}nSpeed{150000}MoveStep{-100015}nCtlValue{2}
2023-04-17 14:37:53,293 [AppLog] INFO : X方向到位停止：DEM_StopAxisRun：返回值{True}CurrentPos{684.33}bImmeStop{False}nAxisMask{1}
2023-04-17 14:37:53,870 [AppLog] INFO : 准备读取编码器位置：X方向！
2023-04-17 14:37:53,870 [AppLog] INFO : 准备运动，当前位置：DEV_GetPrintEncoderValue：MoveDirectionFlag{false为Y方向：False}CurrentPos{680.625}AimPos{758}
2023-04-17 14:37:53,902 [AppLog] INFO : X方向运动开始：DEM_Run：返回值{True}nAxis{0}DirFlag{True}nSpeed{300000}MoveStep{77375}nCtlValue{2}
2023-04-17 14:37:54,650 [AppLog] INFO : X方向到位停止：DEM_StopAxisRun：返回值{True}CurrentPos{753.095}bImmeStop{False}nAxisMask{1}
2023-04-17 14:37:54,650 [AppLog] INFO : 准备读取编码器位置：Y方向！
2023-04-17 14:37:54,650 [AppLog] INFO : 准备运动，编码器当前位置：DEM_GetAxisEncodeVal：MoveDirectionFlag{false为Y方向：True}CurrentPos{116.16}AimPos{317}
2023-04-17 14:37:55,898 [AppLog] INFO : Y方向运动开始：DEM_Run：返回值{True}nAxis{1}DirFlag{True}nSpeed{300000}MoveStep{201219.78844}nCtlValue{1}
2023-04-17 14:37:55,961 [AppLog] INFO : Y方向到位停止：DEM_StopAxisRun：返回值{True}CurrentPos{315.81}bImmeStop{False}nAxisMask{2}
2023-04-17 14:37:55,961 [AppLog] INFO : 结束自动清洗过程：AutoCleanThread
2023-04-17 14:38:21,326 [AppLog] INFO : 手动停止自动清洗过程：AutoCleanBtn_Click
2023-04-17 14:38:21,841 [AppLog] INFO : 手动开启自动清洗过程：AutoCleanBtn_Click
2023-04-17 14:38:21,841 [AppLog] INFO : 进入自动清洗过程：AutoCleanThread
2023-04-17 14:38:22,216 [AppLog] INFO : 刮墨轴回零成功：motionMap.SetBackSpreaderAxis(4, 1, 2, -SinkHomePosition)
2023-04-17 14:38:22,216 [AppLog] INFO : 准备读取编码器位置：Y方向！
2023-04-17 14:38:22,216 [AppLog] INFO : 准备运动，编码器当前位置：DEM_GetAxisEncodeVal：MoveDirectionFlag{false为Y方向：True}CurrentPos{316.885}AimPos{116}
2023-04-17 14:38:23,495 [AppLog] INFO : Y方向运动开始：DEM_Run：返回值{True}nAxis{1}DirFlag{False}nSpeed{300000}MoveStep{-201264.873535}nCtlValue{1}
2023-04-17 14:38:23,573 [AppLog] INFO : Y方向到位停止：DEM_StopAxisRun：返回值{True}CurrentPos{116.49}bImmeStop{False}nAxisMask{2}
2023-04-17 14:38:23,573 [AppLog] INFO : 准备读取编码器位置：X方向！
2023-04-17 14:38:23,573 [AppLog] INFO : 准备运动，当前位置：DEV_GetPrintEncoderValue：MoveDirectionFlag{false为Y方向：False}CurrentPos{757.355}AimPos{780}
2023-04-17 14:38:23,604 [AppLog] INFO : X方向运动开始：DEM_Run：返回值{True}nAxis{0}DirFlag{True}nSpeed{300000}MoveStep{22645}nCtlValue{2}
2023-04-17 14:38:24,400 [AppLog] INFO : X方向到位停止：DEM_StopAxisRun：返回值{True}CurrentPos{780.015}bImmeStop{False}nAxisMask{1}
2023-04-17 14:38:24,400 [AppLog] INFO : 关闭闪喷： IDP_FlashPrtCtl(false)：ReturnCode{True}
2023-04-17 14:38:25,632 [AppLog] INFO : 开启闪喷： IDP_FlashPrtCtl(true)：ReturnCode{True}
2023-04-17 14:38:25,632 [AppLog] INFO : 开启压墨： motionMap.SetDo(13, true)
2023-04-17 14:38:27,145 [AppLog] INFO : 关闭压墨： motionMap.SetDo(13, true)
2023-04-17 14:38:27,145 [AppLog] INFO : 压墨等待开启：{2.5S}
2023-04-17 14:38:29,657 [AppLog] INFO : 压墨等待完成：{2.5S}
2023-04-17 14:38:29,672 [AppLog] INFO : 开启闪喷： IDP_FlashPrtCtl(false)：ReturnCode{True}
2023-04-17 14:38:29,672 [AppLog] INFO : 准备读取编码器位置：X方向！
2023-04-17 14:38:29,672 [AppLog] INFO : 准备运动，当前位置：DEV_GetPrintEncoderValue：MoveDirectionFlag{false为Y方向：False}CurrentPos{780.015}AimPos{680}
2023-04-17 14:38:29,704 [AppLog] INFO : X方向运动开始：DEM_Run：返回值{True}nAxis{0}DirFlag{False}nSpeed{150000}MoveStep{-100015}nCtlValue{2}
2023-04-17 14:38:30,640 [AppLog] INFO : X方向到位停止：DEM_StopAxisRun：返回值{True}CurrentPos{684.665}bImmeStop{False}nAxisMask{1}
2023-04-17 14:38:31,217 [AppLog] INFO : 准备读取编码器位置：X方向！
2023-04-17 14:38:31,217 [AppLog] INFO : 准备运动，当前位置：DEV_GetPrintEncoderValue：MoveDirectionFlag{false为Y方向：False}CurrentPos{680.63}AimPos{758}
2023-04-17 14:38:31,248 [AppLog] INFO : X方向运动开始：DEM_Run：返回值{True}nAxis{0}DirFlag{True}nSpeed{300000}MoveStep{77370}nCtlValue{2}
2023-04-17 14:38:31,997 [AppLog] INFO : X方向到位停止：DEM_StopAxisRun：返回值{True}CurrentPos{753.09}bImmeStop{False}nAxisMask{1}
2023-04-17 14:38:31,997 [AppLog] INFO : 准备读取编码器位置：Y方向！
2023-04-17 14:38:31,997 [AppLog] INFO : 准备运动，编码器当前位置：DEM_GetAxisEncodeVal：MoveDirectionFlag{false为Y方向：True}CurrentPos{116.115}AimPos{317}
2023-04-17 14:38:33,260 [AppLog] INFO : Y方向运动开始：DEM_Run：返回值{True}nAxis{1}DirFlag{True}nSpeed{300000}MoveStep{201264.873535}nCtlValue{1}
2023-04-17 14:38:33,323 [AppLog] INFO : Y方向到位停止：DEM_StopAxisRun：返回值{True}CurrentPos{316.12}bImmeStop{False}nAxisMask{2}
2023-04-17 14:38:33,323 [AppLog] INFO : 结束自动清洗过程：AutoCleanThread
2023-04-17 14:39:35,817 [AppLog] INFO : 手动停止自动清洗过程：AutoCleanBtn_Click
2023-04-17 14:39:36,285 [AppLog] INFO : 手动开启自动清洗过程：AutoCleanBtn_Click
2023-04-17 14:39:36,285 [AppLog] INFO : 进入自动清洗过程：AutoCleanThread
2023-04-17 14:39:36,659 [AppLog] INFO : 刮墨轴回零成功：motionMap.SetBackSpreaderAxis(4, 1, 2, -SinkHomePosition)
2023-04-17 14:39:36,659 [AppLog] INFO : 准备读取编码器位置：Y方向！
2023-04-17 14:39:36,659 [AppLog] INFO : 准备运动，编码器当前位置：DEM_GetAxisEncodeVal：MoveDirectionFlag{false为Y方向：True}CurrentPos{316.84}AimPos{116}
2023-04-17 14:39:37,907 [AppLog] INFO : Y方向运动开始：DEM_Run：返回值{True}nAxis{1}DirFlag{False}nSpeed{300000}MoveStep{-201219.78844}nCtlValue{1}
2023-04-17 14:39:37,969 [AppLog] INFO : Y方向到位停止：DEM_StopAxisRun：返回值{True}CurrentPos{117.09}bImmeStop{False}nAxisMask{2}
2023-04-17 14:39:37,969 [AppLog] INFO : 准备读取编码器位置：X方向！
2023-04-17 14:39:37,969 [AppLog] INFO : 准备运动，当前位置：DEV_GetPrintEncoderValue：MoveDirectionFlag{false为Y方向：False}CurrentPos{757.36}AimPos{780}
2023-04-17 14:39:38,001 [AppLog] INFO : X方向运动开始：DEM_Run：返回值{True}nAxis{0}DirFlag{True}nSpeed{300000}MoveStep{22640}nCtlValue{2}
2023-04-17 14:39:38,749 [AppLog] INFO : X方向到位停止：DEM_StopAxisRun：返回值{True}CurrentPos{780.015}bImmeStop{False}nAxisMask{1}
2023-04-17 14:39:38,765 [AppLog] INFO : 关闭闪喷： IDP_FlashPrtCtl(false)：ReturnCode{True}
2023-04-17 14:39:39,997 [AppLog] INFO : 开启闪喷： IDP_FlashPrtCtl(true)：ReturnCode{True}
2023-04-17 14:39:39,997 [AppLog] INFO : 开启压墨： motionMap.SetDo(13, true)
2023-04-17 14:39:41,511 [AppLog] INFO : 关闭压墨： motionMap.SetDo(13, true)
2023-04-17 14:39:41,511 [AppLog] INFO : 压墨等待开启：{2.5S}
2023-04-17 14:39:44,022 [AppLog] INFO : 压墨等待完成：{2.5S}
2023-04-17 14:39:44,022 [AppLog] INFO : 开启闪喷： IDP_FlashPrtCtl(false)：ReturnCode{True}
2023-04-17 14:39:44,022 [AppLog] INFO : 准备读取编码器位置：X方向！
2023-04-17 14:39:44,022 [AppLog] INFO : 准备运动，当前位置：DEV_GetPrintEncoderValue：MoveDirectionFlag{false为Y方向：False}CurrentPos{780.015}AimPos{680}
2023-04-17 14:39:44,053 [AppLog] INFO : X方向运动开始：DEM_Run：返回值{True}nAxis{0}DirFlag{False}nSpeed{150000}MoveStep{-100015}nCtlValue{2}
2023-04-17 14:39:44,989 [AppLog] INFO : X方向到位停止：DEM_StopAxisRun：返回值{True}CurrentPos{684.53}bImmeStop{False}nAxisMask{1}
2023-04-17 14:39:45,567 [AppLog] INFO : 准备读取编码器位置：X方向！
2023-04-17 14:39:45,567 [AppLog] INFO : 准备运动，当前位置：DEV_GetPrintEncoderValue：MoveDirectionFlag{false为Y方向：False}CurrentPos{680.63}AimPos{758}
2023-04-17 14:39:45,598 [AppLog] INFO : X方向运动开始：DEM_Run：返回值{True}nAxis{0}DirFlag{True}nSpeed{300000}MoveStep{77370}nCtlValue{2}
2023-04-17 14:39:46,347 [AppLog] INFO : X方向到位停止：DEM_StopAxisRun：返回值{True}CurrentPos{753.075}bImmeStop{False}nAxisMask{1}
2023-04-17 14:39:46,347 [AppLog] INFO : 准备读取编码器位置：Y方向！
2023-04-17 14:39:46,347 [AppLog] INFO : 准备运动，编码器当前位置：DEM_GetAxisEncodeVal：MoveDirectionFlag{false为Y方向：True}CurrentPos{116.165}AimPos{317}
2023-04-17 14:39:47,610 [AppLog] INFO : Y方向运动开始：DEM_Run：返回值{True}nAxis{1}DirFlag{True}nSpeed{300000}MoveStep{201214.778985}nCtlValue{1}
2023-04-17 14:39:47,673 [AppLog] INFO : Y方向到位停止：DEM_StopAxisRun：返回值{True}CurrentPos{315.695}bImmeStop{False}nAxisMask{2}
2023-04-17 14:39:47,673 [AppLog] INFO : 结束自动清洗过程：AutoCleanThread
2023-04-17 14:40:26,173 [AppLog] INFO : 退出手动调试子模块,已执行修改
==========================================================================
2023-04-17 14:40:26,797 [AppLog] INFO : 开启系统：板卡通讯，伺服供电，照明系统，UV/HR固化系统！
2023-04-17 14:40:27,811 [AppLog] INFO : 关闭系统：一键关闭系统开始！
2023-04-17 14:40:34,020 [AppLog] INFO : 关闭系统：一键关闭系统结束！
2023-04-17 14:40:34,020 [AppLog] INFO : 喷墨控制器的所有轴输出关闭！
2023-04-17 14:40:35,892 [AppLog] INFO : 喷墨控制器关闭！
2023-04-17 14:40:35,892 [AppLog] INFO : 进入电气控制模块
2023-04-17 14:40:36,844 [AppLog] INFO : 电气控制模块：手动关闭端口14
2023-04-17 14:40:37,515 [AppLog] INFO : 电气控制模块：手动关闭端口15
2023-04-17 14:40:38,419 [AppLog] INFO : 退出电气控制模块
2023-04-17 14:40:39,933 [AppLog] INFO : 软件及设备关停中：墨车所有方向运动确认停止（X,Y,Y2)： bImmeStop{False},nAxisMask{0x7}
2023-04-17 14:40:39,933 [AppLog] INFO : 软件及设备关停中：喷墨控制器板卡系统关闭（X,Y,Y2)：DEV_CloseDevice
2023-04-17 14:40:40,603 [AppLog] INFO : 软件及设备关停成功
==========================================================================
操作系统:{Microsoft Windows 7 旗舰版 }
运行环境:{ .Net Framework Enviroment Version 4.0.30319.42000}
盘符：D
CPU使用率：{0%} ，可用内存大小:{14080MB}，硬盘剩余空间：
  盘符 C:\ 的剩余空间：70 GB
  盘符 D:\ 的剩余空间：88 GB
  盘符 F:\ 的剩余空间：3 GB
==========================================================================
