2023-03-09 11:51:42,643 [AppLog] INFO : 软件开机密码正确，登录成功1次
==========================================================================
操作系统:{Microsoft Windows 7 旗舰版 }
运行环境:{ .Net Framework Enviroment Version 4.0.30319.42000}
盘符：D
CPU使用率：{42.85688%} ，可用内存大小:{14312MB}，硬盘剩余空间：
  盘符 C:\ 的剩余空间：82 GB
  盘符 D:\ 的剩余空间：92 GB
  盘符 E:\ 的剩余空间：13 GB
硬件配置情况：
  CPU 厂家: GenuineIntel CPU 型号: Intel(R) Core(TM) i7-4770 CPU @ 3.40GHz
  内存条厂家: Kingston 内存条型号: 99P5471-043.A00LF 
  内存条厂家: Kingston 内存条型号: 99P5471-043.A00LF 
  硬盘厂家: (标准磁盘驱动器) 硬盘型号: Micron_1300_MTFDDAK256TDL ATA Device
  硬盘厂家: (标准磁盘驱动器) 硬盘型号: Kingston DataTraveler 2.0 USB Device
==========================================================================
2023-03-09 11:51:42,659 [AppLog] INFO : 开启系统：板卡通讯，伺服供电，照明系统，UV/HR固化系统！
2023-03-09 11:51:42,659 [AppLog] INFO : 开启系统：一键启动系统开始！
2023-03-09 11:51:42,659 [AppLog] INFO : 开启系统：板卡通讯，伺服供电，照明系统，UV/HR固化系统！
2023-03-09 11:51:48,743 [AppLog] INFO : 开启系统：一键启动系统结束！
2023-03-09 11:52:28,195 [AppLog] INFO : 初始化喷墨控制器！
2023-03-09 11:52:28,491 [AppLog] INFO : 红外灯控制器485通讯建立！
2023-03-09 11:52:28,491 [AppLog] INFO : 进入电气控制模块
2023-03-09 11:52:30,457 [AppLog] INFO : 电气控制模块：手动打开端口14
2023-03-09 11:52:31,299 [AppLog] INFO : 电气控制模块：手动打开端口15
2023-03-09 11:52:32,657 [AppLog] INFO : 退出电气控制模块
2023-03-09 11:52:33,608 [AppLog] INFO : 进入手动调试子模块！
2023-03-09 11:52:36,947 [AppLog] INFO : 手动负向JOG指令（8轴运控板卡系统） ====》：输出AXIS{第1轴},运动速度{5MM/s}
2023-03-09 11:52:37,056 [AppLog] INFO : 手动停止JOG输出（8轴运控板卡系统） ====》：输出AXIS{第1轴}
2023-03-09 11:52:37,586 [AppLog] INFO : 手动负向JOG指令（8轴运控板卡系统） ====》：输出AXIS{第1轴},运动速度{5MM/s}
2023-03-09 11:52:37,711 [AppLog] INFO : 手动停止JOG输出（8轴运控板卡系统） ====》：输出AXIS{第1轴}
2023-03-09 11:52:38,351 [AppLog] INFO : 手动负向JOG指令（8轴运控板卡系统） ====》：输出AXIS{第1轴},运动速度{5MM/s}
2023-03-09 11:52:38,507 [AppLog] INFO : 手动停止JOG输出（8轴运控板卡系统） ====》：输出AXIS{第1轴}
2023-03-09 11:52:38,803 [AppLog] INFO : 手动负向JOG指令（8轴运控板卡系统） ====》：输出AXIS{第1轴},运动速度{5MM/s}
2023-03-09 11:52:38,975 [AppLog] INFO : 手动停止JOG输出（8轴运控板卡系统） ====》：输出AXIS{第1轴}
2023-03-09 11:52:39,209 [AppLog] INFO : 手动负向JOG指令（8轴运控板卡系统） ====》：输出AXIS{第1轴},运动速度{5MM/s}
2023-03-09 11:52:39,786 [AppLog] INFO : 手动停止JOG输出（8轴运控板卡系统） ====》：输出AXIS{第1轴}
2023-03-09 11:52:40,051 [AppLog] INFO : 手动负向JOG指令（8轴运控板卡系统） ====》：输出AXIS{第1轴},运动速度{5MM/s}
2023-03-09 11:52:40,394 [AppLog] INFO : 手动停止JOG输出（8轴运控板卡系统） ====》：输出AXIS{第1轴}
2023-03-09 11:52:40,628 [AppLog] INFO : 手动负向JOG指令（8轴运控板卡系统） ====》：输出AXIS{第1轴},运动速度{5MM/s}
2023-03-09 11:52:40,815 [AppLog] INFO : 手动停止JOG输出（8轴运控板卡系统） ====》：输出AXIS{第1轴}
2023-03-09 11:52:41,127 [AppLog] INFO : 手动负向JOG指令（8轴运控板卡系统） ====》：输出AXIS{第1轴},运动速度{5MM/s}
2023-03-09 11:52:41,268 [AppLog] INFO : 手动停止JOG输出（8轴运控板卡系统） ====》：输出AXIS{第1轴}
2023-03-09 11:52:41,736 [AppLog] INFO : 手动负向JOG指令（8轴运控板卡系统） ====》：输出AXIS{第1轴},运动速度{5MM/s}
2023-03-09 11:52:41,892 [AppLog] INFO : 手动停止JOG输出（8轴运控板卡系统） ====》：输出AXIS{第1轴}
2023-03-09 11:52:42,547 [AppLog] INFO : 手动负向JOG指令（8轴运控板卡系统） ====》：输出AXIS{第1轴},运动速度{5MM/s}
2023-03-09 11:52:42,672 [AppLog] INFO : 手动停止JOG输出（8轴运控板卡系统） ====》：输出AXIS{第1轴}
2023-03-09 11:52:43,187 [AppLog] INFO : 手动负向JOG指令（8轴运控板卡系统） ====》：输出AXIS{第1轴},运动速度{5MM/s}
2023-03-09 11:52:43,311 [AppLog] INFO : 手动停止JOG输出（8轴运控板卡系统） ====》：输出AXIS{第1轴}
2023-03-09 11:52:44,076 [AppLog] INFO : 手动负向JOG指令（8轴运控板卡系统） ====》：输出AXIS{第1轴},运动速度{5MM/s}
2023-03-09 11:52:44,138 [AppLog] INFO : 手动停止JOG输出（8轴运控板卡系统） ====》：输出AXIS{第1轴}
2023-03-09 11:52:44,684 [AppLog] INFO : 手动负向JOG指令（8轴运控板卡系统） ====》：输出AXIS{第1轴},运动速度{5MM/s}
2023-03-09 11:52:44,747 [AppLog] INFO : 手动停止JOG输出（8轴运控板卡系统） ====》：输出AXIS{第1轴}
2023-03-09 11:52:45,152 [AppLog] INFO : 手动负向JOG指令（8轴运控板卡系统） ====》：输出AXIS{第1轴},运动速度{5MM/s}
2023-03-09 11:52:45,246 [AppLog] INFO : 手动停止JOG输出（8轴运控板卡系统） ====》：输出AXIS{第1轴}
2023-03-09 11:52:45,542 [AppLog] INFO : 手动负向JOG指令（8轴运控板卡系统） ====》：输出AXIS{第1轴},运动速度{5MM/s}
2023-03-09 11:52:45,667 [AppLog] INFO : 手动停止JOG输出（8轴运控板卡系统） ====》：输出AXIS{第1轴}
2023-03-09 11:52:47,414 [AppLog] INFO : 手动正向JOG指令（8轴运控板卡系统） ====》：输出AXIS{第1轴},运动速度{5MM/s}
2023-03-09 11:52:47,508 [AppLog] INFO : 手动停止JOG输出（8轴运控板卡系统） ====》：输出AXIS{第1轴}
2023-03-09 11:52:48,147 [AppLog] INFO : 手动正向JOG指令（8轴运控板卡系统） ====》：输出AXIS{第1轴},运动速度{5MM/s}
2023-03-09 11:52:48,241 [AppLog] INFO : 手动停止JOG输出（8轴运控板卡系统） ====》：输出AXIS{第1轴}
2023-03-09 11:52:54,013 [AppLog] INFO : 退出手动调试子模块，未执行修改
==========================================================================
2023-03-09 11:53:04,449 [AppLog] INFO : 进入手动调试子模块！
2023-03-09 11:54:02,154 [AppLog] INFO : 切换为点动模式====》：输出AXIS{第1轴}
2023-03-09 11:54:15,851 [AppLog] INFO : 手动正向点动指令（8轴运控板卡系统） ====》：输出AXIS{第1轴},点动量{0.05MM},运动速度{5MM/s}
2023-03-09 11:54:37,223 [AppLog] INFO : 手动正向点动指令（8轴运控板卡系统） ====》：输出AXIS{第1轴},点动量{0.05MM},运动速度{5MM/s}
2023-03-09 11:54:42,901 [AppLog] INFO : 手动正向点动指令（8轴运控板卡系统） ====》：输出AXIS{第1轴},点动量{0.05MM},运动速度{5MM/s}
2023-03-09 11:54:46,942 [AppLog] INFO : 手动正向点动指令（8轴运控板卡系统） ====》：输出AXIS{第1轴},点动量{0.05MM},运动速度{5MM/s}
2023-03-09 11:54:48,455 [AppLog] INFO : 手动正向点动指令（8轴运控板卡系统） ====》：输出AXIS{第1轴},点动量{0.05MM},运动速度{5MM/s}
2023-03-09 11:54:59,905 [AppLog] INFO : 切换为JOG模式====》：输出AXIS{第1轴}
2023-03-09 11:55:01,122 [AppLog] INFO : 手动正向JOG指令（8轴运控板卡系统） ====》：输出AXIS{第1轴},运动速度{5MM/s}
2023-03-09 11:55:01,200 [AppLog] INFO : 手动停止JOG输出（8轴运控板卡系统） ====》：输出AXIS{第1轴}
2023-03-09 11:55:01,574 [AppLog] INFO : 手动正向JOG指令（8轴运控板卡系统） ====》：输出AXIS{第1轴},运动速度{5MM/s}
2023-03-09 11:55:01,684 [AppLog] INFO : 手动停止JOG输出（8轴运控板卡系统） ====》：输出AXIS{第1轴}
2023-03-09 11:55:02,635 [AppLog] INFO : 手动正向JOG指令（8轴运控板卡系统） ====》：输出AXIS{第1轴},运动速度{5MM/s}
2023-03-09 11:55:02,713 [AppLog] INFO : 手动停止JOG输出（8轴运控板卡系统） ====》：输出AXIS{第1轴}
2023-03-09 11:55:03,259 [AppLog] INFO : 手动正向JOG指令（8轴运控板卡系统） ====》：输出AXIS{第1轴},运动速度{5MM/s}
2023-03-09 11:55:03,322 [AppLog] INFO : 手动停止JOG输出（8轴运控板卡系统） ====》：输出AXIS{第1轴}
2023-03-09 11:55:03,680 [AppLog] INFO : 手动正向JOG指令（8轴运控板卡系统） ====》：输出AXIS{第1轴},运动速度{5MM/s}
2023-03-09 11:55:03,774 [AppLog] INFO : 手动停止JOG输出（8轴运控板卡系统） ====》：输出AXIS{第1轴}
2023-03-09 11:55:21,480 [AppLog] INFO : 切换为点动模式====》：输出AXIS{第1轴}
2023-03-09 11:55:36,784 [AppLog] INFO : 手动正向点动指令（8轴运控板卡系统） ====》：输出AXIS{第1轴},点动量{0.05MM},运动速度{5MM/s}
2023-03-09 11:55:38,469 [AppLog] INFO : 手动正向点动指令（8轴运控板卡系统） ====》：输出AXIS{第1轴},点动量{0.05MM},运动速度{5MM/s}
2023-03-09 11:55:40,325 [AppLog] INFO : 手动正向点动指令（8轴运控板卡系统） ====》：输出AXIS{第1轴},点动量{0.05MM},运动速度{5MM/s}
2023-03-09 11:55:41,745 [AppLog] INFO : 手动正向点动指令（8轴运控板卡系统） ====》：输出AXIS{第1轴},点动量{0.05MM},运动速度{5MM/s}
2023-03-09 11:55:43,570 [AppLog] INFO : 手动正向点动指令（8轴运控板卡系统） ====》：输出AXIS{第1轴},点动量{0.05MM},运动速度{5MM/s}
2023-03-09 11:55:45,551 [AppLog] INFO : 手动正向点动指令（8轴运控板卡系统） ====》：输出AXIS{第1轴},点动量{0.05MM},运动速度{5MM/s}
2023-03-09 11:55:47,641 [AppLog] INFO : 手动正向点动指令（8轴运控板卡系统） ====》：输出AXIS{第1轴},点动量{0.05MM},运动速度{5MM/s}
2023-03-09 11:55:49,357 [AppLog] INFO : 手动正向点动指令（8轴运控板卡系统） ====》：输出AXIS{第1轴},点动量{0.05MM},运动速度{5MM/s}
2023-03-09 11:55:51,198 [AppLog] INFO : 手动正向点动指令（8轴运控板卡系统） ====》：输出AXIS{第1轴},点动量{0.05MM},运动速度{5MM/s}
2023-03-09 11:55:53,070 [AppLog] INFO : 手动正向点动指令（8轴运控板卡系统） ====》：输出AXIS{第1轴},点动量{0.05MM},运动速度{5MM/s}
2023-03-09 11:55:54,989 [AppLog] INFO : 手动正向点动指令（8轴运控板卡系统） ====》：输出AXIS{第1轴},点动量{0.05MM},运动速度{5MM/s}
2023-03-09 11:55:57,298 [AppLog] INFO : 手动正向点动指令（8轴运控板卡系统） ====》：输出AXIS{第1轴},点动量{0.05MM},运动速度{5MM/s}
2023-03-09 11:55:59,263 [AppLog] INFO : 手动正向点动指令（8轴运控板卡系统） ====》：输出AXIS{第1轴},点动量{0.05MM},运动速度{5MM/s}
2023-03-09 11:56:01,151 [AppLog] INFO : 手动正向点动指令（8轴运控板卡系统） ====》：输出AXIS{第1轴},点动量{0.05MM},运动速度{5MM/s}
2023-03-09 11:56:03,397 [AppLog] INFO : 手动正向点动指令（8轴运控板卡系统） ====》：输出AXIS{第1轴},点动量{0.05MM},运动速度{5MM/s}
2023-03-09 11:56:05,971 [AppLog] INFO : 手动正向点动指令（8轴运控板卡系统） ====》：输出AXIS{第1轴},点动量{0.05MM},运动速度{5MM/s}
2023-03-09 11:56:09,481 [AppLog] INFO : 退出手动调试子模块,已执行修改
==========================================================================
2023-03-09 11:56:42,772 [AppLog] INFO : 进入手动调试子模块！
2023-03-09 11:56:45,892 [AppLog] INFO : 退出手动调试子模块，未执行修改
==========================================================================
