2023-04-06 19:44:34,599 [AppLog] INFO : 开启系统：板卡通讯，伺服供电，照明系统，UV/HR固化系统！
2023-04-06 19:44:35,705 [AppLog] INFO : 关闭系统：一键关闭系统开始！
2023-04-06 19:44:41,839 [AppLog] INFO : 关闭系统：一键关闭系统结束！
2023-04-06 19:44:41,847 [AppLog] INFO : 喷墨控制器的所有轴输出关闭！
2023-04-06 19:44:41,871 [AppLog] INFO : 喷墨控制器关闭！
2023-04-06 19:44:41,879 [AppLog] INFO : 进入电气控制模块
2023-04-06 19:44:51,415 [AppLog] INFO : 电气控制模块：手动关闭端口14
2023-04-06 19:44:51,991 [AppLog] INFO : 电气控制模块：手动关闭端口15
2023-04-06 19:44:52,877 [AppLog] INFO : 退出电气控制模块
2023-04-06 19:44:55,233 [AppLog] INFO : 软件及设备关停中：墨车所有方向运动确认停止（X,Y,Y2)： bImmeStop{False},nAxisMask{0x7}
2023-04-06 19:44:55,233 [AppLog] INFO : 软件及设备关停中：喷墨控制器板卡系统关闭（X,Y,Y2)：DEV_CloseDevice
2023-04-06 19:44:55,941 [AppLog] INFO : 软件及设备关停成功
==========================================================================
操作系统:{Microsoft Windows 7 旗舰版 }
运行环境:{ .Net Framework Enviroment Version 4.0.30319.42000}
盘符：D
CPU使用率：{16.15436%} ，可用内存大小:{13766MB}，硬盘剩余空间：
  盘符 C:\ 的剩余空间：70 GB
  盘符 D:\ 的剩余空间：88 GB
  盘符 F:\ 的剩余空间：3 GB
==========================================================================
2023-04-06 19:45:38,394 [AppLog] INFO : 软件开机密码正确，登录成功1次
==========================================================================
操作系统:{Microsoft Windows 7 旗舰版 }
运行环境:{ .Net Framework Enviroment Version 4.0.30319.42000}
盘符：D
CPU使用率：{37.49975%} ，可用内存大小:{14010MB}，硬盘剩余空间：
  盘符 C:\ 的剩余空间：70 GB
  盘符 D:\ 的剩余空间：88 GB
  盘符 F:\ 的剩余空间：3 GB
硬件配置情况：
  CPU 厂家: GenuineIntel CPU 型号: Intel(R) Core(TM) i7-4770 CPU @ 3.40GHz
  内存条厂家: Kingston 内存条型号: 99P5471-043.A00LF 
  内存条厂家: Kingston 内存条型号: 99P5471-043.A00LF 
  硬盘厂家: (标准磁盘驱动器) 硬盘型号: Micron_1300_MTFDDAK256TDL ATA Device
  硬盘厂家: (标准磁盘驱动器) 硬盘型号: Generic Flash Disk USB Device
==========================================================================
2023-04-06 19:45:41,218 [AppLog] INFO : 进入电气控制模块
2023-04-06 19:45:41,951 [AppLog] INFO : 退出电气控制模块
2023-04-06 19:45:45,211 [AppLog] INFO : 进入JOB参数设置：修改前初始参数：灰度数据格式{1bits}打印灰阶{1阶}m_XPrintDpi{635Dpi}墨车运动速度{300MM/s}X向起打位置{50MM}X向起打位置偏移{0MM}Y向起打位置偏移{0MM}
2023-04-06 19:45:54,446 [AppLog] INFO : 退出JOB参数设置：未修改直接退出！
2023-04-06 19:45:56,303 [AppLog] INFO : 软件及设备关停中：墨车所有方向运动确认停止（X,Y,Y2)： bImmeStop{False},nAxisMask{0x7}
2023-04-06 19:45:56,303 [AppLog] INFO : 软件及设备关停中：喷墨控制器板卡系统关闭（X,Y,Y2)：DEV_CloseDevice
2023-04-06 19:45:56,927 [AppLog] INFO : 软件及设备关停成功
==========================================================================
操作系统:{Microsoft Windows 7 旗舰版 }
运行环境:{ .Net Framework Enviroment Version 4.0.30319.42000}
盘符：D
CPU使用率：{14.28532%} ，可用内存大小:{13988MB}，硬盘剩余空间：
  盘符 C:\ 的剩余空间：70 GB
  盘符 D:\ 的剩余空间：88 GB
  盘符 F:\ 的剩余空间：3 GB
==========================================================================
2023-04-06 19:53:55,602 [AppLog] INFO : 软件开机密码正确，登录成功1次
==========================================================================
操作系统:{Microsoft Windows 7 旗舰版 }
运行环境:{ .Net Framework Enviroment Version 4.0.30319.42000}
盘符：D
CPU使用率：{12.06324%} ，可用内存大小:{14272MB}，硬盘剩余空间：
  盘符 C:\ 的剩余空间：70 GB
  盘符 D:\ 的剩余空间：88 GB
  盘符 F:\ 的剩余空间：3 GB
硬件配置情况：
  CPU 厂家: GenuineIntel CPU 型号: Intel(R) Core(TM) i7-4770 CPU @ 3.40GHz
  内存条厂家: Kingston 内存条型号: 99P5471-043.A00LF 
  内存条厂家: Kingston 内存条型号: 99P5471-043.A00LF 
  硬盘厂家: (标准磁盘驱动器) 硬盘型号: Micron_1300_MTFDDAK256TDL ATA Device
  硬盘厂家: (标准磁盘驱动器) 硬盘型号: Generic Flash Disk USB Device
==========================================================================
2023-04-06 19:54:00,157 [AppLog] INFO : 开启系统：板卡通讯，伺服供电，照明系统，UV/HR固化系统！
2023-04-06 19:54:00,159 [AppLog] INFO : 开启系统：一键启动系统开始！
2023-04-06 19:54:06,168 [AppLog] INFO : 开启系统：一键启动系统结束！
2023-04-06 19:54:06,169 [AppLog] INFO : 初始化喷墨控制器启动！
2023-04-06 19:54:25,344 [AppLog] INFO : 打开喷墨控制器设备成功！
2023-04-06 19:54:37,196 [AppLog] INFO : 初始化喷墨控制器成功！
2023-04-06 19:54:37,197 [AppLog] INFO : 进入：EquipmentMotionLogic3=》准备创建对象-手动操作！
2023-04-06 19:54:37,405 [AppLog] INFO : 进入：EquipmentMotionLogic3=》创建完成-手动操作！
2023-04-06 19:54:37,543 [AppLog] INFO : 红外灯控制器485通讯建立！
2023-04-06 19:54:37,544 [AppLog] INFO : 进入电气控制模块
2023-04-06 19:54:39,264 [AppLog] INFO : 电气控制模块：手动打开端口14
2023-04-06 19:54:39,928 [AppLog] INFO : 电气控制模块：手动打开端口15
2023-04-06 19:54:40,490 [AppLog] INFO : 退出电气控制模块
2023-04-06 19:54:41,415 [AppLog] INFO : 进入手动调试子模块！
2023-04-06 19:54:41,415 [AppLog] INFO : 进入：ManulBtn_Click=》准备创建对象-手动操作！
2023-04-06 19:54:41,444 [AppLog] INFO : 创建：ManualControl=》创建完成-手动操作！
2023-04-06 19:54:41,444 [AppLog] INFO : 加载成功：温控Modbus接口！
2023-04-06 19:54:44,516 [AppLog] INFO : 开启铺粉车回零校准：PowderCarHomeBtn_Click
2023-04-06 19:54:44,516 [AppLog] INFO : 开启粉车回零校准线程：PowderCarHomeResetThread
2023-04-06 19:54:53,020 [AppLog] INFO : 手动正向点动指令（8轴运控板卡系统） ====》：输出AXIS{第2轴},点动量{-116MM},运动速度{50MM/s}
2023-04-06 19:54:53,020 [AppLog] INFO : 粉车回零校准线程成功：PowderCarHomeResetThread
2023-04-06 19:54:55,984 [AppLog] INFO : 开启自动供墨：DEV_EnableInkAutoSupply：ReturnCode{True},Action{true},ControlBit{255}
2023-04-06 19:55:02,692 [AppLog] INFO : 进入气压控制卡参数监控状态时
2023-04-06 19:55:17,840 [AppLog] INFO : 更新气压控制卡参数：DEV_AdibControl:二级墨盒加热电压：{12V}；MCU_SetPhVoltage:二级墨盒加热温度：{25℃}MCU_SetPhVoltage:负压目标值：{System.Single[]kPa}MCU_SetPhVoltage:负压阈值：{0.1kPa}
2023-04-06 19:55:17,965 [AppLog] INFO : 进入气压控制卡参数设置状态时
2023-04-06 19:55:25,078 [AppLog] INFO : 更新波形路径：DEV_UpdateParam：{D:\Release\波形文件\0316新调=波形文件=水性胶水\世彪新调：ricoh_big-单点模式-开启MN1(开启微动).rhdat}
2023-04-06 19:55:25,078 [AppLog] INFO : {1}号喷头基准电压更新成功：DEV_SetWaveStdVoltage{0V,0V,0V,0V}；
2023-04-06 19:55:30,523 [AppLog] INFO : 重新加载完波形：DEV_ReloadWaveForm! 当前波形文件的基准电压参考值为：{18V}
2023-04-06 19:55:30,804 [AppLog] INFO : {1}号喷头电压调压成功：MCU_SetPhVoltage{0V,0V,0V,0V}；
2023-04-06 19:55:40,257 [AppLog] INFO : {1}号喷头温度更新成功：MCU_SetPhStdTemp{28℃}
2023-04-06 19:55:55,608 [AppLog] INFO : 开启刮墨轴回零校准：SpreaderHomeBtn_Click
2023-04-06 19:55:57,339 [AppLog] INFO : 刮墨轴回零成功：SpreaderHomeBtn_Click：{AXIS{4},Vel{1圈/s},开槽位置{-107°}}
2023-04-06 19:56:07,323 [AppLog] INFO : 退出手动调试子模块，未执行修改
==========================================================================
2023-04-06 19:56:08,135 [AppLog] INFO : 进入JOB参数设置：修改前初始参数：灰度数据格式{1bits}打印灰阶{1阶}m_XPrintDpi{635Dpi}墨车运动速度{300MM/s}X向起打位置{50MM}X向起打位置偏移{0MM}Y向起打位置偏移{0MM}
2023-04-06 19:56:12,861 [AppLog] INFO : 退出JOB参数设置：修改后参数：灰度数据格式{1bits}打印灰阶{1阶}m_XPrintDpi{635Dpi}墨车运动速度{300MM/s}X向起打位置{50MM}X向起打位置偏移{0MM}Y向起打位置偏移{0MM}
2023-04-06 19:56:13,953 [AppLog] INFO : 进入手动调试子模块！
2023-04-06 19:56:13,953 [AppLog] INFO : 进入：ManulBtn_Click=》准备创建对象-手动操作！
2023-04-06 19:56:14,000 [AppLog] INFO : 创建：ManualControl=》创建完成-手动操作！
2023-04-06 19:56:14,000 [AppLog] INFO : 加载成功：温控Modbus接口！
2023-04-06 19:56:18,493 [AppLog] INFO : 退出手动调试子模块,已执行修改
==========================================================================
2023-04-06 19:56:20,474 [AppLog] INFO : 进入JOB参数设置：修改前初始参数：灰度数据格式{1bits}打印灰阶{1阶}m_XPrintDpi{635Dpi}墨车运动速度{300MM/s}X向起打位置{50MM}X向起打位置偏移{0MM}Y向起打位置偏移{0MM}
2023-04-06 19:56:27,947 [AppLog] INFO : 退出JOB参数设置：修改后参数：灰度数据格式{1bits}打印灰阶{1阶}m_XPrintDpi{635Dpi}墨车运动速度{300MM/s}X向起打位置{50MM}X向起打位置偏移{0MM}Y向起打位置偏移{0MM}
2023-04-06 19:56:29,023 [AppLog] INFO : 进入数据加载模块
2023-04-06 19:56:43,687 [AppLog] INFO : CAD数据加载：添加.bjgroup格式CAD数据成功-D:\Release\CLI输入文件\shibiao-0321\shibiao-0321晚.bjgroup
2023-04-06 19:56:50,099 [AppLog] INFO : 进入手动调试子模块！
2023-04-06 19:56:50,099 [AppLog] INFO : 进入：ManulBtn_Click=》准备创建对象-手动操作！
2023-04-06 19:56:50,130 [AppLog] INFO : 创建：ManualControl=》创建完成-手动操作！
2023-04-06 19:56:50,130 [AppLog] INFO : 加载成功：温控Modbus接口！
2023-04-06 19:57:00,036 [AppLog] INFO : 手动正向JOG指令（8轴运控板卡系统） ====》：输出AXIS{第4轴},运动速度{0.5MM/s}
2023-04-06 19:57:00,753 [AppLog] INFO : 自动停止铺粉棍轴JOG输出（8轴运控板卡系统） ====》：输出AXIS{第6轴}
2023-04-06 19:57:00,753 [AppLog] INFO : 手动停止JOG输出（8轴运控板卡系统） ====》：输出AXIS{第4轴}
2023-04-06 19:57:01,128 [AppLog] INFO : 手动正向JOG指令（8轴运控板卡系统） ====》：输出AXIS{第4轴},运动速度{0.5MM/s}
2023-04-06 19:57:01,221 [AppLog] INFO : 自动停止铺粉棍轴JOG输出（8轴运控板卡系统） ====》：输出AXIS{第6轴}
2023-04-06 19:57:01,221 [AppLog] INFO : 手动停止JOG输出（8轴运控板卡系统） ====》：输出AXIS{第4轴}
2023-04-06 19:57:43,841 [AppLog] INFO : 退出手动调试子模块，未执行修改
==========================================================================
2023-04-06 19:57:56,227 [AppLog] INFO : 进入手动调试子模块！
2023-04-06 19:57:56,227 [AppLog] INFO : 进入：ManulBtn_Click=》准备创建对象-手动操作！
2023-04-06 19:57:56,243 [AppLog] INFO : 创建：ManualControl=》创建完成-手动操作！
2023-04-06 19:57:56,243 [AppLog] INFO : 加载成功：温控Modbus接口！
2023-04-06 19:58:10,626 [AppLog] INFO : 退出手动调试子模块,已执行修改
==========================================================================
2023-04-06 19:58:11,515 [AppLog] INFO : 进入手动调试子模块！
2023-04-06 19:58:11,515 [AppLog] INFO : 进入：ManulBtn_Click=》准备创建对象-手动操作！
2023-04-06 19:58:11,546 [AppLog] INFO : 创建：ManualControl=》创建完成-手动操作！
2023-04-06 19:58:11,546 [AppLog] INFO : 加载成功：温控Modbus接口！
2023-04-06 19:58:17,209 [AppLog] INFO : 退出手动调试子模块，未执行修改
==========================================================================
2023-04-06 19:58:18,176 [AppLog] INFO : 进入JOB参数设置：修改前初始参数：灰度数据格式{1bits}打印灰阶{1阶}m_XPrintDpi{635Dpi}墨车运动速度{300MM/s}X向起打位置{50MM}X向起打位置偏移{0MM}Y向起打位置偏移{0MM}
2023-04-06 19:58:27,084 [AppLog] INFO : 退出JOB参数设置：修改后参数：灰度数据格式{1bits}打印灰阶{1阶}m_XPrintDpi{635Dpi}墨车运动速度{300MM/s}X向起打位置{50MM}X向起打位置偏移{0MM}Y向起打位置偏移{0MM}
2023-04-06 19:58:30,017 [AppLog] INFO : 进入JOB参数设置：修改前初始参数：灰度数据格式{1bits}打印灰阶{1阶}m_XPrintDpi{635Dpi}墨车运动速度{300MM/s}X向起打位置{50MM}X向起打位置偏移{0MM}Y向起打位置偏移{0MM}
2023-04-06 19:58:32,731 [AppLog] INFO : 退出JOB参数设置：未修改直接退出！
2023-04-06 19:58:33,714 [AppLog] INFO : 进入手动调试子模块！
2023-04-06 19:58:33,714 [AppLog] INFO : 进入：ManulBtn_Click=》准备创建对象-手动操作！
2023-04-06 19:58:33,730 [AppLog] INFO : 创建：ManualControl=》创建完成-手动操作！
2023-04-06 19:58:33,730 [AppLog] INFO : 加载成功：温控Modbus接口！
2023-04-06 19:59:22,948 [AppLog] INFO : 退出手动调试子模块,已执行修改
==========================================================================
2023-04-06 19:59:24,289 [AppLog] INFO : 进入电气控制模块
2023-04-06 19:59:25,116 [AppLog] INFO : 退出电气控制模块
2023-04-06 19:59:26,005 [AppLog] INFO : 进入手动调试子模块！
2023-04-06 19:59:26,005 [AppLog] INFO : 进入：ManulBtn_Click=》准备创建对象-手动操作！
2023-04-06 19:59:26,037 [AppLog] INFO : 创建：ManualControl=》创建完成-手动操作！
2023-04-06 19:59:26,037 [AppLog] INFO : 加载成功：温控Modbus接口！
2023-04-06 19:59:30,155 [AppLog] INFO : 手动开启自动进给铺粉过程：AutoSupplyPowderBtn_Click
2023-04-06 19:59:30,171 [AppLog] INFO : 开启手动铺粉逻辑：NewAutoSupplyPowderThread
2023-04-06 19:59:30,295 [AppLog] INFO : 手动正向点动指令（8轴运控板卡系统） ====》：输出AXIS{第1轴},点动量{-0.1MM},运动速度{2MM/s}
2023-04-06 19:59:30,295 [AppLog] INFO : 成形面高度下降层厚 TrapSpace{0.1mm}：TrapMoveUp(1, true, Convert.ToString(vel), Convert.ToString(TrapSpace), true, true）
2023-04-06 19:59:31,075 [AppLog] INFO : 手动正向点动指令（8轴运控板卡系统） ====》：输出AXIS{第1轴},点动量{-1.5MM},运动速度{2MM/s}
2023-04-06 19:59:31,075 [AppLog] INFO : 成形面高度下降指定厚度 TrapSpace{1.5mm}：TrapMoveUp(1, true, Convert.ToString(vel), Convert.ToString(TrapSpace), true, true）
2023-04-06 19:59:31,855 [AppLog] INFO : 手动正向点动指令（8轴运控板卡系统） ====》：输出AXIS{第1轴},点动量{1.5MM},运动速度{2MM/s}
2023-04-06 19:59:31,855 [AppLog] INFO : 成形面高度上升层厚 TrapSpace{1.5mm}：TrapMoveUp(1, true, Convert.ToString(vel), Convert.ToString(TrapSpace), true, true）
2023-04-06 19:59:32,105 [AppLog] INFO : 手动正向点动指令（8轴运控板卡系统） ====》：输出AXIS{第8轴},点动量{0.5MM},运动速度{2.5MM/s}
2023-04-06 19:59:32,105 [AppLog] INFO : Hopper落粉轴转2圈落粉，速度0.5rev/s：TrapMoveUp(8, true, 0.5, rotateNuM.ToString(), true, false)
2023-04-06 19:59:33,384 [AppLog] INFO : 手动正向点动指令（8轴运控板卡系统） ====》：输出AXIS{第2轴},点动量{254MM},运动速度{200MM/s}
2023-04-06 19:59:33,384 [AppLog] INFO : 开启铺粉车不等停运动至准备打印位置255mm，速度200mm/s：BackToStation2
2023-04-06 19:59:33,384 [AppLog] INFO : 手动正向点动指令（8轴运控板卡系统） ====》：输出AXIS{第2轴},点动量{440MM},运动速度{50MM/s}
2023-04-06 19:59:33,384 [AppLog] INFO : 开启铺粉车不等停运动至站2，速度0.5rev/s：BackToStation2
2023-04-06 19:59:33,509 [AppLog] INFO : 打开IR灯：OpenIRLamp(true)
2023-04-06 19:59:33,556 [AppLog] INFO : 手动正向点动指令（8轴运控板卡系统） ====》：输出AXIS{第3轴},点动量{0.5MM},运动速度{0.0753424657534247MM/s}
2023-04-06 19:59:33,556 [AppLog] INFO : 开启均匀落粉及辊子铺平运动：TrapMoveUp(3, true, Convert.ToString(DispenseRollerSpeed), 0.5, true, true)
2023-04-06 19:59:38,595 [AppLog] INFO : 关闭IR灯：OpenIRLamp(false)
2023-04-06 19:59:40,950 [AppLog] INFO : 手动正向点动指令（8轴运控板卡系统） ====》：输出AXIS{第3轴},点动量{0.5MM},运动速度{2MM/s}
2023-04-06 19:59:40,950 [AppLog] INFO : 落粉轴继续转动以倒掉余粉：TrapMoveUp(3, true, 2, 0.5, true, false)
2023-04-06 19:59:42,963 [AppLog] INFO : 手动正向点动指令（8轴运控板卡系统） ====》：输出AXIS{第1轴},点动量{-1.5MM},运动速度{2MM/s}
2023-04-06 19:59:42,963 [AppLog] INFO : 成形面高度下降指定厚度 TrapSpace{1.5mm}：TrapMoveUp(1, true, Convert.ToString(vel), Convert.ToString(TrapSpace), true, true）
2023-04-06 19:59:46,473 [AppLog] INFO : 手动正向点动指令（8轴运控板卡系统） ====》：输出AXIS{第2轴},点动量{-698MM},运动速度{200MM/s}
2023-04-06 19:59:46,473 [AppLog] INFO : 铺粉车返回至站1：BackToStation2(AimPos, MovSpeed, true)：-3mm，速度200mm/s：BackToStation2
2023-04-06 19:59:46,863 [AppLog] INFO : 落粉轴回零成功：motionMap.SetBackSpreaderAxis(3, 0.5, 2, -SinkPosition)：ReturnCode{True}
2023-04-06 19:59:47,627 [AppLog] INFO : 手动正向点动指令（8轴运控板卡系统） ====》：输出AXIS{第1轴},点动量{1.5MM},运动速度{2MM/s}
2023-04-06 19:59:47,627 [AppLog] INFO : 成形面高度上升层厚 TrapSpace{1.5mm}：TrapMoveUp(1, true, Convert.ToString(vel), Convert.ToString(TrapSpace), true, true）
2023-04-06 19:59:47,627 [AppLog] INFO : 手动铺粉正常结束：NewAutoSupplyPowderThread
2023-04-06 19:59:47,643 [AppLog] INFO : 发送监控指令，拍照记录1条：SendMessageFromSharedMemory
2023-04-06 19:59:53,711 [AppLog] INFO : 手动停止自动进给铺粉过程：AutoSupplyPowderBtn_Click
2023-04-06 19:59:54,273 [AppLog] INFO : 手动开启自动进给铺粉过程：AutoSupplyPowderBtn_Click
2023-04-06 19:59:55,536 [AppLog] INFO : 手动开启自动进给铺粉过程：AutoSupplyPowderBtn_Click
2023-04-06 19:59:55,552 [AppLog] INFO : 开启手动铺粉逻辑：NewAutoSupplyPowderThread
2023-04-06 19:59:55,614 [AppLog] INFO : 手动正向点动指令（8轴运控板卡系统） ====》：输出AXIS{第1轴},点动量{-0.1MM},运动速度{2MM/s}
2023-04-06 19:59:55,614 [AppLog] INFO : 成形面高度下降层厚 TrapSpace{0.1mm}：TrapMoveUp(1, true, Convert.ToString(vel), Convert.ToString(TrapSpace), true, true）
2023-04-06 19:59:56,394 [AppLog] INFO : 手动正向点动指令（8轴运控板卡系统） ====》：输出AXIS{第1轴},点动量{-1.5MM},运动速度{2MM/s}
2023-04-06 19:59:56,394 [AppLog] INFO : 成形面高度下降指定厚度 TrapSpace{1.5mm}：TrapMoveUp(1, true, Convert.ToString(vel), Convert.ToString(TrapSpace), true, true）
2023-04-06 19:59:57,174 [AppLog] INFO : 手动正向点动指令（8轴运控板卡系统） ====》：输出AXIS{第1轴},点动量{1.5MM},运动速度{2MM/s}
2023-04-06 19:59:57,174 [AppLog] INFO : 成形面高度上升层厚 TrapSpace{1.5mm}：TrapMoveUp(1, true, Convert.ToString(vel), Convert.ToString(TrapSpace), true, true）
2023-04-06 19:59:57,377 [AppLog] INFO : 手动正向点动指令（8轴运控板卡系统） ====》：输出AXIS{第8轴},点动量{0.5MM},运动速度{2.5MM/s}
2023-04-06 19:59:57,377 [AppLog] INFO : Hopper落粉轴转2圈落粉，速度0.5rev/s：TrapMoveUp(8, true, 0.5, rotateNuM.ToString(), true, false)
2023-04-06 19:59:58,672 [AppLog] INFO : 手动正向点动指令（8轴运控板卡系统） ====》：输出AXIS{第2轴},点动量{258MM},运动速度{200MM/s}
2023-04-06 19:59:58,672 [AppLog] INFO : 开启铺粉车不等停运动至准备打印位置255mm，速度200mm/s：BackToStation2
2023-04-06 19:59:58,672 [AppLog] INFO : 手动正向点动指令（8轴运控板卡系统） ====》：输出AXIS{第2轴},点动量{440MM},运动速度{50MM/s}
2023-04-06 19:59:58,687 [AppLog] INFO : 开启铺粉车不等停运动至站2，速度0.5rev/s：BackToStation2
2023-04-06 19:59:58,797 [AppLog] INFO : 打开IR灯：OpenIRLamp(true)
2023-04-06 19:59:58,797 [AppLog] INFO : 手动正向点动指令（8轴运控板卡系统） ====》：输出AXIS{第3轴},点动量{0.5MM},运动速度{0.0753424657534247MM/s}
2023-04-06 19:59:58,797 [AppLog] INFO : 开启均匀落粉及辊子铺平运动：TrapMoveUp(3, true, Convert.ToString(DispenseRollerSpeed), 0.5, true, true)
