2023-03-23 17:00:05,923 [AppLog] INFO : 关闭系统：一键关闭系统结束！
2023-03-23 17:00:05,960 [AppLog] INFO : 喷墨控制器的所有轴输出关闭！
2023-03-23 17:00:05,979 [AppLog] INFO : 喷墨控制器关闭！
2023-03-23 17:00:05,981 [AppLog] INFO : 进入电气控制模块
2023-03-23 17:00:10,475 [AppLog] INFO : 退出电气控制模块
2023-03-23 17:00:12,386 [AppLog] INFO : 软件及设备关停中：墨车所有方向运动确认停止（X,Y,Y2)： bImmeStop{False},nAxisMask{0x7}
2023-03-23 17:00:12,387 [AppLog] INFO : 软件及设备关停中：喷墨控制器板卡系统关闭（X,Y,Y2)：DEV_CloseDevice
2023-03-23 17:00:13,102 [AppLog] INFO : 软件及设备关停成功
==========================================================================
操作系统:{Microsoft Windows 7 旗舰版 }
运行环境:{ .Net Framework Enviroment Version 4.0.30319.42000}
盘符：D
CPU使用率：{4.454846%} ，可用内存大小:{14053MB}，硬盘剩余空间：
  盘符 C:\ 的剩余空间：70 GB
  盘符 D:\ 的剩余空间：88 GB
  盘符 F:\ 的剩余空间：3 GB
==========================================================================
2023-03-23 17:00:36,843 [AppLog] INFO : 软件开机密码正确，登录成功1次
==========================================================================
操作系统:{Microsoft Windows 7 旗舰版 }
运行环境:{ .Net Framework Enviroment Version 4.0.30319.42000}
盘符：D
CPU使用率：{53.66568%} ，可用内存大小:{14192MB}，硬盘剩余空间：
  盘符 C:\ 的剩余空间：70 GB
  盘符 D:\ 的剩余空间：88 GB
  盘符 F:\ 的剩余空间：3 GB
硬件配置情况：
  CPU 厂家: GenuineIntel CPU 型号: Intel(R) Core(TM) i7-4770 CPU @ 3.40GHz
  内存条厂家: Kingston 内存条型号: 99P5471-043.A00LF 
  内存条厂家: Kingston 内存条型号: 99P5471-043.A00LF 
  硬盘厂家: (标准磁盘驱动器) 硬盘型号: Micron_1300_MTFDDAK256TDL ATA Device
  硬盘厂家: (标准磁盘驱动器) 硬盘型号: Generic Flash Disk USB Device
==========================================================================
2023-03-23 17:00:36,856 [AppLog] INFO : 开启系统：板卡通讯，伺服供电，照明系统，UV/HR固化系统！
2023-03-23 17:00:36,858 [AppLog] INFO : 开启系统：一键启动系统开始！
2023-03-23 17:00:42,864 [AppLog] INFO : 开启系统：一键启动系统结束！
2023-03-23 17:00:42,865 [AppLog] INFO : 初始化喷墨控制器启动！
2023-03-23 17:01:03,065 [AppLog] INFO : 打开喷墨控制器设备成功！
2023-03-23 17:01:04,687 [AppLog] INFO : 更新{1}号喷头温度失败：MCU_SetPhVoltage{25℃}
2023-03-23 17:01:04,874 [AppLog] INFO : 更新{2}号喷头温度失败：MCU_SetPhVoltage{25℃}
2023-03-23 17:01:05,061 [AppLog] INFO : 更新{3}号喷头温度失败：MCU_SetPhVoltage{25℃}
2023-03-23 17:01:05,249 [AppLog] INFO : 更新{4}号喷头温度失败：MCU_SetPhVoltage{25℃}
2023-03-23 17:01:05,436 [AppLog] INFO : 更新{5}号喷头温度失败：MCU_SetPhVoltage{25℃}
2023-03-23 17:01:05,623 [AppLog] INFO : 更新{6}号喷头温度失败：MCU_SetPhVoltage{25℃}
2023-03-23 17:01:05,810 [AppLog] INFO : 更新{7}号喷头温度失败：MCU_SetPhVoltage{25℃}
2023-03-23 17:01:05,997 [AppLog] INFO : 更新{8}号喷头温度失败：MCU_SetPhVoltage{25℃}
2023-03-23 17:01:06,013 [AppLog] INFO : 初始化喷墨控制器成功！
2023-03-23 17:01:06,013 [AppLog] INFO : 进入：EquipmentMotionLogic3=》准备创建对象-手动操作！
2023-03-23 17:01:06,153 [AppLog] INFO : 进入：EquipmentMotionLogic3=》创建完成-手动操作！
2023-03-23 17:01:06,278 [AppLog] INFO : 红外灯控制器485通讯建立！
2023-03-23 17:01:06,294 [AppLog] INFO : 进入电气控制模块
2023-03-23 17:01:07,308 [AppLog] INFO : 退出电气控制模块
2023-03-23 17:01:08,462 [AppLog] INFO : 进入手动调试子模块！
2023-03-23 17:01:08,462 [AppLog] INFO : 进入：ManulBtn_Click=》准备创建对象-手动操作！
2023-03-23 17:01:08,478 [AppLog] INFO : 创建：ManualControl=》创建完成-手动操作！
2023-03-23 17:01:08,478 [AppLog] INFO : 加载成功：温控Modbus接口！
2023-03-23 17:01:17,557 [AppLog] INFO : 更新波形路径：DEV_UpdateParam：{D:\Release\波形文件\0316新调=波形文件=水性胶水\世彪新调：ricoh_big-单点模式-开启MN1(开启微动).rhdat}
2023-03-23 17:01:17,557 [AppLog] INFO : {1}号喷头基准电压更新成功：DEV_SetWaveStdVoltage{0V,0V,0V,0V}；
2023-03-23 17:01:23,095 [AppLog] INFO : 重新加载完波形：DEV_ReloadWaveForm! 当前波形文件的基准电压参考值为：{System.Single[]V}
2023-03-23 17:01:23,376 [AppLog] INFO : {1}号喷头电压调压成功：MCU_SetPhVoltage{0V,0V,0V,0V}；
2023-03-23 17:03:42,294 [AppLog] INFO : 退出手动调试子模块，未执行修改
==========================================================================
2023-03-23 17:03:43,729 [AppLog] INFO : 开启系统：板卡通讯，伺服供电，照明系统，UV/HR固化系统！
2023-03-23 17:03:44,416 [AppLog] INFO : 关闭系统：一键关闭系统开始！
2023-03-23 17:03:50,569 [AppLog] INFO : 关闭系统：一键关闭系统结束！
2023-03-23 17:03:50,578 [AppLog] INFO : 喷墨控制器的所有轴输出关闭！
2023-03-23 17:03:50,693 [AppLog] INFO : 喷墨控制器关闭！
2023-03-23 17:03:50,702 [AppLog] INFO : 进入电气控制模块
2023-03-23 17:04:09,189 [AppLog] INFO : 退出电气控制模块
2023-03-23 17:04:17,669 [AppLog] INFO : 软件及设备关停中：墨车所有方向运动确认停止（X,Y,Y2)： bImmeStop{False},nAxisMask{0x7}
2023-03-23 17:04:17,670 [AppLog] INFO : 软件及设备关停中：喷墨控制器板卡系统关闭（X,Y,Y2)：DEV_CloseDevice
2023-03-23 17:04:18,372 [AppLog] INFO : 软件及设备关停成功
==========================================================================
操作系统:{Microsoft Windows 7 旗舰版 }
运行环境:{ .Net Framework Enviroment Version 4.0.30319.42000}
盘符：D
CPU使用率：{16.15428%} ，可用内存大小:{14135MB}，硬盘剩余空间：
  盘符 C:\ 的剩余空间：70 GB
  盘符 D:\ 的剩余空间：88 GB
  盘符 F:\ 的剩余空间：3 GB
==========================================================================
2023-03-23 17:04:38,540 [AppLog] INFO : 软件开机密码正确，登录成功1次
==========================================================================
操作系统:{Microsoft Windows 7 旗舰版 }
运行环境:{ .Net Framework Enviroment Version 4.0.30319.42000}
盘符：D
CPU使用率：{9.262042%} ，可用内存大小:{14178MB}，硬盘剩余空间：
  盘符 C:\ 的剩余空间：70 GB
  盘符 D:\ 的剩余空间：88 GB
  盘符 F:\ 的剩余空间：3 GB
硬件配置情况：
  CPU 厂家: GenuineIntel CPU 型号: Intel(R) Core(TM) i7-4770 CPU @ 3.40GHz
  内存条厂家: Kingston 内存条型号: 99P5471-043.A00LF 
  内存条厂家: Kingston 内存条型号: 99P5471-043.A00LF 
  硬盘厂家: (标准磁盘驱动器) 硬盘型号: Micron_1300_MTFDDAK256TDL ATA Device
  硬盘厂家: (标准磁盘驱动器) 硬盘型号: Generic Flash Disk USB Device
==========================================================================
2023-03-23 17:04:38,554 [AppLog] INFO : 开启系统：板卡通讯，伺服供电，照明系统，UV/HR固化系统！
2023-03-23 17:04:38,555 [AppLog] INFO : 开启系统：一键启动系统开始！
2023-03-23 17:04:44,560 [AppLog] INFO : 开启系统：一键启动系统结束！
2023-03-23 17:04:44,561 [AppLog] INFO : 初始化喷墨控制器启动！
2023-03-23 17:05:08,036 [AppLog] INFO : 打开喷墨控制器设备成功！
2023-03-23 17:05:09,846 [AppLog] INFO : 更新{1}号喷头温度失败：MCU_SetPhVoltage{25℃}
2023-03-23 17:05:10,033 [AppLog] INFO : 更新{2}号喷头温度失败：MCU_SetPhVoltage{25℃}
2023-03-23 17:05:10,220 [AppLog] INFO : 更新{3}号喷头温度失败：MCU_SetPhVoltage{25℃}
2023-03-23 17:05:10,407 [AppLog] INFO : 更新{4}号喷头温度失败：MCU_SetPhVoltage{25℃}
2023-03-23 17:05:10,595 [AppLog] INFO : 更新{5}号喷头温度失败：MCU_SetPhVoltage{25℃}
2023-03-23 17:05:10,782 [AppLog] INFO : 更新{6}号喷头温度失败：MCU_SetPhVoltage{25℃}
2023-03-23 17:05:10,969 [AppLog] INFO : 更新{7}号喷头温度失败：MCU_SetPhVoltage{25℃}
2023-03-23 17:05:11,156 [AppLog] INFO : 更新{8}号喷头温度失败：MCU_SetPhVoltage{25℃}
2023-03-23 17:05:11,172 [AppLog] INFO : 初始化喷墨控制器成功！
2023-03-23 17:05:11,172 [AppLog] INFO : 进入：EquipmentMotionLogic3=》准备创建对象-手动操作！
2023-03-23 17:05:11,328 [AppLog] INFO : 进入：EquipmentMotionLogic3=》创建完成-手动操作！
2023-03-23 17:05:11,453 [AppLog] INFO : 红外灯控制器485通讯建立！
2023-03-23 17:05:11,453 [AppLog] INFO : 进入电气控制模块
2023-03-23 17:05:12,576 [AppLog] INFO : 退出电气控制模块
2023-03-23 17:05:14,557 [AppLog] INFO : 进入手动调试子模块！
2023-03-23 17:05:14,557 [AppLog] INFO : 进入：ManulBtn_Click=》准备创建对象-手动操作！
2023-03-23 17:05:14,588 [AppLog] INFO : 创建：ManualControl=》创建完成-手动操作！
2023-03-23 17:05:14,588 [AppLog] INFO : 加载成功：温控Modbus接口！
2023-03-23 17:05:19,752 [AppLog] INFO : 更新波形路径：DEV_UpdateParam：{D:\Release\波形文件\0316新调=波形文件=水性胶水\世彪新调：ricoh_big-单点模式-开启MN1(开启微动).rhdat}
2023-03-23 17:05:19,752 [AppLog] INFO : {1}号喷头基准电压更新成功：DEV_SetWaveStdVoltage{0V,0V,0V,0V}；
2023-03-23 17:05:25,134 [AppLog] INFO : 重新加载完波形：DEV_ReloadWaveForm! 当前波形文件的基准电压参考值为：{18V}
2023-03-23 17:05:25,415 [AppLog] INFO : {1}号喷头电压调压成功：MCU_SetPhVoltage{0V,0V,0V,0V}；
2023-03-23 17:06:01,669 [AppLog] INFO : 更新波形路径：DEV_UpdateParam：{D:\Release\波形文件\0316新调=波形文件=水性胶水\调好：WaveForm-31pl-双滴-18+13.rhdat}
2023-03-23 17:06:01,669 [AppLog] INFO : {1}号喷头基准电压更新成功：DEV_SetWaveStdVoltage{0V,0V,0V,0V}；
2023-03-23 17:06:07,067 [AppLog] INFO : 重新加载完波形：DEV_ReloadWaveForm! 当前波形文件的基准电压参考值为：{20V}
2023-03-23 17:06:07,379 [AppLog] INFO : {1}号喷头电压调压成功：MCU_SetPhVoltage{0V,0V,0V,0V}；
2023-03-23 17:06:24,913 [AppLog] INFO : 更新波形路径：DEV_UpdateParam：{D:\Release\波形文件\0316新调=波形文件=水性胶水\世彪新调：ricoh_big-单点模式-开启MN1(开启微动).rhdat}
2023-03-23 17:06:24,913 [AppLog] INFO : {1}号喷头基准电压更新成功：DEV_SetWaveStdVoltage{0V,0V,0V,0V}；
2023-03-23 17:06:30,295 [AppLog] INFO : 重新加载完波形：DEV_ReloadWaveForm! 当前波形文件的基准电压参考值为：{18V}
2023-03-23 17:06:30,607 [AppLog] INFO : {1}号喷头电压调压成功：MCU_SetPhVoltage{0V,0V,0V,0V}；
2023-03-23 17:07:03,258 [AppLog] INFO : {1}号喷头电压调压成功：MCU_SetPhVoltage{22V,22V,22V,22V}；
2023-03-23 17:07:03,648 [AppLog] INFO : {2}号喷头电压调压失败：MCU_SetPhVoltage{18V,18V,18V,18V}；
2023-03-23 17:07:04,069 [AppLog] INFO : {3}号喷头电压调压失败：MCU_SetPhVoltage{18V,18V,18V,18V}；
2023-03-23 17:07:04,475 [AppLog] INFO : {4}号喷头电压调压失败：MCU_SetPhVoltage{18V,18V,18V,18V}；
2023-03-23 17:07:04,865 [AppLog] INFO : {5}号喷头电压调压失败：MCU_SetPhVoltage{18V,18V,18V,18V}；
2023-03-23 17:07:05,286 [AppLog] INFO : {6}号喷头电压调压失败：MCU_SetPhVoltage{18V,18V,18V,18V}；
2023-03-23 17:07:05,676 [AppLog] INFO : {7}号喷头电压调压失败：MCU_SetPhVoltage{18V,18V,18V,18V}；
2023-03-23 17:07:06,113 [AppLog] INFO : {8}号喷头电压调压失败：MCU_SetPhVoltage{18V,18V,18V,18V}；
2023-03-23 17:07:15,707 [AppLog] INFO : 更新波形路径：DEV_UpdateParam：{D:\Release\波形文件\0316新调=波形文件=水性胶水\世彪新调：ricoh_big-单点模式-开启MN1(开启微动).rhdat}
2023-03-23 17:07:15,707 [AppLog] INFO : {1}号喷头基准电压更新成功：DEV_SetWaveStdVoltage{22V,22V,22V,22V}；
2023-03-23 17:07:15,722 [AppLog] INFO : 重新加载完波形：DEV_ReloadWaveForm! 当前波形文件的基准电压参考值为：{18V}
2023-03-23 17:07:16,144 [AppLog] INFO : {1}号喷头电压调压成功：MCU_SetPhVoltage{22V,22V,22V,22V}；
2023-03-23 17:07:31,915 [AppLog] INFO : 更新波形路径：DEV_UpdateParam：{D:\Release\波形文件\0316新调=波形文件=水性胶水\世彪新调：ricoh_big-单点模式-关闭MN1(关闭微动).rhdat}
2023-03-23 17:07:31,915 [AppLog] INFO : {1}号喷头基准电压更新成功：DEV_SetWaveStdVoltage{22V,22V,22V,22V}；
2023-03-23 17:07:37,313 [AppLog] INFO : 重新加载完波形：DEV_ReloadWaveForm! 当前波形文件的基准电压参考值为：{18V}
2023-03-23 17:07:37,625 [AppLog] INFO : {1}号喷头电压调压成功：MCU_SetPhVoltage{22V,22V,22V,22V}；
2023-03-23 17:07:47,703 [AppLog] INFO : 更新波形路径：DEV_UpdateParam：{D:\Release\波形文件\0316新调=波形文件=水性胶水\世彪新调：ricoh_big-单点模式-开启MN1(开启微动).rhdat}
2023-03-23 17:07:47,703 [AppLog] INFO : {1}号喷头基准电压更新成功：DEV_SetWaveStdVoltage{22V,22V,22V,22V}；
2023-03-23 17:07:53,272 [AppLog] INFO : 重新加载完波形：DEV_ReloadWaveForm! 当前波形文件的基准电压参考值为：{18V}
2023-03-23 17:07:53,584 [AppLog] INFO : {1}号喷头电压调压成功：MCU_SetPhVoltage{22V,22V,22V,22V}；
2023-03-23 17:08:07,671 [AppLog] INFO : {1}号喷头电压调压成功：MCU_SetPhVoltage{0V,0V,0V,0V}；
2023-03-23 17:08:08,123 [AppLog] INFO : {2}号喷头电压调压失败：MCU_SetPhVoltage{18V,18V,18V,18V}；
2023-03-23 17:08:08,513 [AppLog] INFO : {3}号喷头电压调压失败：MCU_SetPhVoltage{18V,18V,18V,18V}；
2023-03-23 17:08:08,903 [AppLog] INFO : {4}号喷头电压调压失败：MCU_SetPhVoltage{18V,18V,18V,18V}；
2023-03-23 17:08:09,309 [AppLog] INFO : {5}号喷头电压调压失败：MCU_SetPhVoltage{18V,18V,18V,18V}；
2023-03-23 17:08:09,699 [AppLog] INFO : {6}号喷头电压调压失败：MCU_SetPhVoltage{18V,18V,18V,18V}；
2023-03-23 17:08:10,089 [AppLog] INFO : {7}号喷头电压调压失败：MCU_SetPhVoltage{18V,18V,18V,18V}；
2023-03-23 17:08:10,479 [AppLog] INFO : {8}号喷头电压调压失败：MCU_SetPhVoltage{18V,18V,18V,18V}；
2023-03-23 17:08:15,939 [AppLog] INFO : 更新波形路径：DEV_UpdateParam：{D:\Release\波形文件\0316新调=波形文件=水性胶水\世彪新调：ricoh_big-单点模式-开启MN1(开启微动).rhdat}
2023-03-23 17:08:15,939 [AppLog] INFO : {1}号喷头基准电压更新成功：DEV_SetWaveStdVoltage{0V,0V,0V,0V}；
2023-03-23 17:08:15,939 [AppLog] INFO : 重新加载完波形：DEV_ReloadWaveForm! 当前波形文件的基准电压参考值为：{18V}
2023-03-23 17:08:16,360 [AppLog] INFO : {1}号喷头电压调压成功：MCU_SetPhVoltage{0V,0V,0V,0V}；
2023-03-23 17:08:27,545 [AppLog] INFO : {1}号喷头电压调压成功：MCU_SetPhVoltage{22V,22V,22V,22V}；
2023-03-23 17:08:27,951 [AppLog] INFO : {2}号喷头电压调压失败：MCU_SetPhVoltage{18V,18V,18V,18V}；
2023-03-23 17:08:28,356 [AppLog] INFO : {3}号喷头电压调压失败：MCU_SetPhVoltage{18V,18V,18V,18V}；
2023-03-23 17:08:28,762 [AppLog] INFO : {4}号喷头电压调压失败：MCU_SetPhVoltage{18V,18V,18V,18V}；
2023-03-23 17:08:29,152 [AppLog] INFO : {5}号喷头电压调压失败：MCU_SetPhVoltage{18V,18V,18V,18V}；
2023-03-23 17:08:29,557 [AppLog] INFO : {6}号喷头电压调压失败：MCU_SetPhVoltage{18V,18V,18V,18V}；
2023-03-23 17:08:29,947 [AppLog] INFO : {7}号喷头电压调压失败：MCU_SetPhVoltage{18V,18V,18V,18V}；
2023-03-23 17:08:30,353 [AppLog] INFO : {8}号喷头电压调压失败：MCU_SetPhVoltage{18V,18V,18V,18V}；
2023-03-23 17:08:49,167 [AppLog] INFO : 更新波形路径：DEV_UpdateParam：{D:\Release\波形文件\0316新调=波形文件=水性胶水\世彪新调：ricoh_big-单点模式-开启MN1(开启微动).rhdat}
2023-03-23 17:08:49,167 [AppLog] INFO : {1}号喷头基准电压更新成功：DEV_SetWaveStdVoltage{22V,22V,22V,22V}；
2023-03-23 17:08:49,167 [AppLog] INFO : 重新加载完波形：DEV_ReloadWaveForm! 当前波形文件的基准电压参考值为：{18V}
2023-03-23 17:08:49,603 [AppLog] INFO : {1}号喷头电压调压成功：MCU_SetPhVoltage{22V,22V,22V,22V}；
2023-03-23 17:09:10,866 [AppLog] INFO : 更新波形路径：DEV_UpdateParam：{D:\Release\波形文件\0316新调=波形文件=水性胶水\世彪新调：ricoh_big-单点模式-关闭MN1(关闭微动).rhdat}
2023-03-23 17:09:10,866 [AppLog] INFO : {1}号喷头基准电压更新成功：DEV_SetWaveStdVoltage{22V,22V,22V,22V}；
2023-03-23 17:09:16,514 [AppLog] INFO : 重新加载完波形：DEV_ReloadWaveForm! 当前波形文件的基准电压参考值为：{18V}
2023-03-23 17:09:16,810 [AppLog] INFO : {1}号喷头电压调压成功：MCU_SetPhVoltage{22V,22V,22V,22V}；
2023-03-23 17:09:22,878 [AppLog] INFO : {1}号喷头电压调压成功：MCU_SetPhVoltage{0V,0V,0V,0V}；
2023-03-23 17:09:23,300 [AppLog] INFO : {2}号喷头电压调压失败：MCU_SetPhVoltage{18V,18V,18V,18V}；
2023-03-23 17:09:23,705 [AppLog] INFO : {3}号喷头电压调压失败：MCU_SetPhVoltage{18V,18V,18V,18V}；
2023-03-23 17:09:24,095 [AppLog] INFO : {4}号喷头电压调压失败：MCU_SetPhVoltage{18V,18V,18V,18V}；
2023-03-23 17:09:24,516 [AppLog] INFO : {5}号喷头电压调压失败：MCU_SetPhVoltage{18V,18V,18V,18V}；
2023-03-23 17:09:24,906 [AppLog] INFO : {6}号喷头电压调压失败：MCU_SetPhVoltage{18V,18V,18V,18V}；
2023-03-23 17:09:25,296 [AppLog] INFO : {7}号喷头电压调压失败：MCU_SetPhVoltage{18V,18V,18V,18V}；
2023-03-23 17:09:25,686 [AppLog] INFO : {8}号喷头电压调压失败：MCU_SetPhVoltage{18V,18V,18V,18V}；
2023-03-23 17:09:30,070 [AppLog] INFO : 更新波形路径：DEV_UpdateParam：{D:\Release\波形文件\0316新调=波形文件=水性胶水\世彪新调：ricoh_big-单点模式-开启MN1(开启微动).rhdat}
2023-03-23 17:09:30,070 [AppLog] INFO : {1}号喷头基准电压更新成功：DEV_SetWaveStdVoltage{0V,0V,0V,0V}；
2023-03-23 17:09:35,655 [AppLog] INFO : 重新加载完波形：DEV_ReloadWaveForm! 当前波形文件的基准电压参考值为：{18V}
2023-03-23 17:09:35,951 [AppLog] INFO : {1}号喷头电压调压成功：MCU_SetPhVoltage{0V,0V,0V,0V}；
2023-03-23 17:09:40,616 [AppLog] INFO : 更新波形路径：DEV_UpdateParam：{D:\Release\波形文件\0316新调=波形文件=水性胶水\调好：WaveForm-31pl-双滴-18+13.rhdat}
2023-03-23 17:09:40,616 [AppLog] INFO : {1}号喷头基准电压更新成功：DEV_SetWaveStdVoltage{0V,0V,0V,0V}；
2023-03-23 17:09:46,200 [AppLog] INFO : 重新加载完波形：DEV_ReloadWaveForm! 当前波形文件的基准电压参考值为：{20V}
2023-03-23 17:09:46,497 [AppLog] INFO : {1}号喷头电压调压成功：MCU_SetPhVoltage{0V,0V,0V,0V}；
2023-03-23 17:10:12,642 [AppLog] INFO : {1}号喷头电压调压成功：MCU_SetPhVoltage{18V,18V,18V,18V}；
2023-03-23 17:10:13,064 [AppLog] INFO : {2}号喷头电压调压失败：MCU_SetPhVoltage{18V,18V,18V,18V}；
2023-03-23 17:10:13,485 [AppLog] INFO : {3}号喷头电压调压失败：MCU_SetPhVoltage{18V,18V,18V,18V}；
2023-03-23 17:10:13,859 [AppLog] INFO : {4}号喷头电压调压失败：MCU_SetPhVoltage{18V,18V,18V,18V}；
2023-03-23 17:10:14,249 [AppLog] INFO : {5}号喷头电压调压失败：MCU_SetPhVoltage{18V,18V,18V,18V}；
2023-03-23 17:10:14,655 [AppLog] INFO : {6}号喷头电压调压失败：MCU_SetPhVoltage{18V,18V,18V,18V}；
2023-03-23 17:10:15,045 [AppLog] INFO : {7}号喷头电压调压失败：MCU_SetPhVoltage{18V,18V,18V,18V}；
2023-03-23 17:10:15,450 [AppLog] INFO : {8}号喷头电压调压失败：MCU_SetPhVoltage{18V,18V,18V,18V}；
2023-03-23 17:10:29,990 [AppLog] INFO : {1}号喷头电压调压成功：MCU_SetPhVoltage{0V,0V,0V,0V}；
2023-03-23 17:10:30,395 [AppLog] INFO : {2}号喷头电压调压失败：MCU_SetPhVoltage{18V,18V,18V,18V}；
2023-03-23 17:10:30,785 [AppLog] INFO : {3}号喷头电压调压失败：MCU_SetPhVoltage{18V,18V,18V,18V}；
2023-03-23 17:10:31,191 [AppLog] INFO : {4}号喷头电压调压失败：MCU_SetPhVoltage{18V,18V,18V,18V}；
2023-03-23 17:10:31,596 [AppLog] INFO : {5}号喷头电压调压失败：MCU_SetPhVoltage{18V,18V,18V,18V}；
2023-03-23 17:10:32,018 [AppLog] INFO : {6}号喷头电压调压失败：MCU_SetPhVoltage{18V,18V,18V,18V}；
2023-03-23 17:10:32,423 [AppLog] INFO : {7}号喷头电压调压失败：MCU_SetPhVoltage{18V,18V,18V,18V}；
2023-03-23 17:10:32,798 [AppLog] INFO : {8}号喷头电压调压失败：MCU_SetPhVoltage{18V,18V,18V,18V}；
2023-03-23 17:10:39,038 [AppLog] INFO : 更新波形路径：DEV_UpdateParam：{D:\Release\波形文件\0316新调=波形文件=水性胶水\世彪新调：ricoh_big-单点模式-开启MN1(开启微动).rhdat}
2023-03-23 17:10:39,038 [AppLog] INFO : {1}号喷头基准电压更新成功：DEV_SetWaveStdVoltage{0V,0V,0V,0V}；
2023-03-23 17:10:44,622 [AppLog] INFO : 重新加载完波形：DEV_ReloadWaveForm! 当前波形文件的基准电压参考值为：{18V}
2023-03-23 17:10:44,981 [AppLog] INFO : {1}号喷头电压调压成功：MCU_SetPhVoltage{0V,0V,0V,0V}；
2023-03-23 17:11:03,873 [AppLog] INFO : {1}号喷头电压调压成功：MCU_SetPhVoltage{18V,18V,18V,18V}；
2023-03-23 17:11:04,278 [AppLog] INFO : {2}号喷头电压调压失败：MCU_SetPhVoltage{18V,18V,18V,18V}；
2023-03-23 17:11:04,684 [AppLog] INFO : {3}号喷头电压调压失败：MCU_SetPhVoltage{18V,18V,18V,18V}；
2023-03-23 17:11:05,105 [AppLog] INFO : {4}号喷头电压调压失败：MCU_SetPhVoltage{18V,18V,18V,18V}；
2023-03-23 17:11:05,495 [AppLog] INFO : {5}号喷头电压调压失败：MCU_SetPhVoltage{18V,18V,18V,18V}；
2023-03-23 17:11:05,916 [AppLog] INFO : {6}号喷头电压调压失败：MCU_SetPhVoltage{18V,18V,18V,18V}；
2023-03-23 17:11:06,338 [AppLog] INFO : {7}号喷头电压调压失败：MCU_SetPhVoltage{18V,18V,18V,18V}；
2023-03-23 17:11:06,728 [AppLog] INFO : {8}号喷头电压调压失败：MCU_SetPhVoltage{18V,18V,18V,18V}；
2023-03-23 17:11:38,895 [AppLog] INFO : {1}号喷头电压调压成功：MCU_SetPhVoltage{19V,19V,19V,19V}；
2023-03-23 17:11:39,269 [AppLog] INFO : {2}号喷头电压调压失败：MCU_SetPhVoltage{18V,18V,18V,18V}；
2023-03-23 17:11:39,691 [AppLog] INFO : {3}号喷头电压调压失败：MCU_SetPhVoltage{18V,18V,18V,18V}；
2023-03-23 17:11:40,065 [AppLog] INFO : {4}号喷头电压调压失败：MCU_SetPhVoltage{18V,18V,18V,18V}；
2023-03-23 17:11:40,455 [AppLog] INFO : {5}号喷头电压调压失败：MCU_SetPhVoltage{18V,18V,18V,18V}；
2023-03-23 17:11:40,861 [AppLog] INFO : {6}号喷头电压调压失败：MCU_SetPhVoltage{18V,18V,18V,18V}；
2023-03-23 17:11:41,251 [AppLog] INFO : {7}号喷头电压调压失败：MCU_SetPhVoltage{18V,18V,18V,18V}；
2023-03-23 17:11:41,656 [AppLog] INFO : {8}号喷头电压调压失败：MCU_SetPhVoltage{18V,18V,18V,18V}；
2023-03-23 17:11:45,821 [AppLog] INFO : 退出手动调试子模块，未执行修改
==========================================================================
2023-03-23 17:11:47,257 [AppLog] INFO : 进入手动调试子模块！
2023-03-23 17:11:47,257 [AppLog] INFO : 进入：ManulBtn_Click=》准备创建对象-手动操作！
2023-03-23 17:11:47,272 [AppLog] INFO : 创建：ManualControl=》创建完成-手动操作！
2023-03-23 17:11:47,272 [AppLog] INFO : 加载成功：温控Modbus接口！
2023-03-23 17:11:52,342 [AppLog] INFO : 退出手动调试子模块，未执行修改
==========================================================================
2023-03-23 17:11:53,762 [AppLog] INFO : 进入手动调试子模块！
2023-03-23 17:11:53,762 [AppLog] INFO : 进入：ManulBtn_Click=》准备创建对象-手动操作！
2023-03-23 17:11:53,793 [AppLog] INFO : 创建：ManualControl=》创建完成-手动操作！
2023-03-23 17:11:53,793 [AppLog] INFO : 加载成功：温控Modbus接口！
2023-03-23 17:12:35,367 [AppLog] INFO : {1}号喷头电压调压成功：MCU_SetPhVoltage{22V,22V,22V,22V}；
2023-03-23 17:12:35,773 [AppLog] INFO : {2}号喷头电压调压失败：MCU_SetPhVoltage{18V,18V,18V,18V}；
2023-03-23 17:12:36,209 [AppLog] INFO : {3}号喷头电压调压失败：MCU_SetPhVoltage{18V,18V,18V,18V}；
2023-03-23 17:12:36,615 [AppLog] INFO : {4}号喷头电压调压失败：MCU_SetPhVoltage{18V,18V,18V,18V}；
2023-03-23 17:12:37,005 [AppLog] INFO : {5}号喷头电压调压失败：MCU_SetPhVoltage{18V,18V,18V,18V}；
2023-03-23 17:12:37,411 [AppLog] INFO : {6}号喷头电压调压失败：MCU_SetPhVoltage{18V,18V,18V,18V}；
2023-03-23 17:12:37,801 [AppLog] INFO : {7}号喷头电压调压失败：MCU_SetPhVoltage{18V,18V,18V,18V}；
2023-03-23 17:12:38,175 [AppLog] INFO : {8}号喷头电压调压失败：MCU_SetPhVoltage{18V,18V,18V,18V}；
2023-03-23 17:12:45,663 [AppLog] INFO : 更新波形路径：DEV_UpdateParam：{D:\Release\波形文件\0316新调=波形文件=水性胶水\世彪新调：ricoh_big-单点模式-开启MN1(开启微动).rhdat}
2023-03-23 17:12:45,663 [AppLog] INFO : {1}号喷头基准电压更新成功：DEV_SetWaveStdVoltage{22V,22V,22V,22V}；
2023-03-23 17:12:45,663 [AppLog] INFO : 重新加载完波形：DEV_ReloadWaveForm! 当前波形文件的基准电压参考值为：{18V}
2023-03-23 17:12:45,959 [AppLog] INFO : {1}号喷头电压调压成功：MCU_SetPhVoltage{22V,22V,22V,22V}；
2023-03-23 17:12:58,954 [AppLog] INFO : 更新波形路径：DEV_UpdateParam：{D:\Release\波形文件\0316新调=波形文件=水性胶水\世彪新调：ricoh_big-单点模式-开启MN1(开启微动).rhdat}
2023-03-23 17:12:58,954 [AppLog] INFO : {1}号喷头基准电压更新成功：DEV_SetWaveStdVoltage{22V,22V,22V,22V}；
2023-03-23 17:12:58,954 [AppLog] INFO : 重新加载完波形：DEV_ReloadWaveForm! 当前波形文件的基准电压参考值为：{18V}
2023-03-23 17:12:59,438 [AppLog] INFO : {1}号喷头电压调压成功：MCU_SetPhVoltage{22V,22V,22V,22V}；
2023-03-23 17:13:04,555 [AppLog] INFO : {1}号喷头电压调压成功：MCU_SetPhVoltage{22V,22V,22V,22V}；
2023-03-23 17:13:04,976 [AppLog] INFO : {2}号喷头电压调压失败：MCU_SetPhVoltage{18V,18V,18V,18V}；
2023-03-23 17:13:05,382 [AppLog] INFO : {3}号喷头电压调压失败：MCU_SetPhVoltage{18V,18V,18V,18V}；
2023-03-23 17:13:05,803 [AppLog] INFO : {4}号喷头电压调压失败：MCU_SetPhVoltage{18V,18V,18V,18V}；
2023-03-23 17:13:06,208 [AppLog] INFO : {5}号喷头电压调压失败：MCU_SetPhVoltage{18V,18V,18V,18V}；
2023-03-23 17:13:06,614 [AppLog] INFO : {6}号喷头电压调压失败：MCU_SetPhVoltage{18V,18V,18V,18V}；
2023-03-23 17:13:07,020 [AppLog] INFO : {7}号喷头电压调压失败：MCU_SetPhVoltage{18V,18V,18V,18V}；
2023-03-23 17:13:07,410 [AppLog] INFO : {8}号喷头电压调压失败：MCU_SetPhVoltage{18V,18V,18V,18V}；
2023-03-23 17:13:13,556 [AppLog] INFO : 更新波形路径：DEV_UpdateParam：{D:\Release\波形文件\0316新调=波形文件=水性胶水\世彪新调：ricoh_big-单点模式-开启MN1(开启微动).rhdat}
2023-03-23 17:13:13,556 [AppLog] INFO : {1}号喷头基准电压更新成功：DEV_SetWaveStdVoltage{22V,22V,22V,22V}；
2023-03-23 17:13:13,556 [AppLog] INFO : 重新加载完波形：DEV_ReloadWaveForm! 当前波形文件的基准电压参考值为：{18V}
2023-03-23 17:13:14,008 [AppLog] INFO : {1}号喷头电压调压成功：MCU_SetPhVoltage{22V,22V,22V,22V}；
2023-03-23 17:13:35,178 [AppLog] INFO : {1}号喷头电压调压成功：MCU_SetPhVoltage{22V,22V,22V,22V}；
2023-03-23 17:13:35,599 [AppLog] INFO : {2}号喷头电压调压失败：MCU_SetPhVoltage{18V,18V,18V,18V}；
2023-03-23 17:13:36,020 [AppLog] INFO : {3}号喷头电压调压失败：MCU_SetPhVoltage{18V,18V,18V,18V}；
2023-03-23 17:13:36,394 [AppLog] INFO : {4}号喷头电压调压失败：MCU_SetPhVoltage{18V,18V,18V,18V}；
2023-03-23 17:13:36,784 [AppLog] INFO : {5}号喷头电压调压失败：MCU_SetPhVoltage{18V,18V,18V,18V}；
2023-03-23 17:13:37,190 [AppLog] INFO : {6}号喷头电压调压失败：MCU_SetPhVoltage{18V,18V,18V,18V}；
2023-03-23 17:13:37,580 [AppLog] INFO : {7}号喷头电压调压失败：MCU_SetPhVoltage{18V,18V,18V,18V}；
2023-03-23 17:13:37,986 [AppLog] INFO : {8}号喷头电压调压失败：MCU_SetPhVoltage{18V,18V,18V,18V}；
2023-03-23 17:13:43,087 [AppLog] INFO : 更新波形路径：DEV_UpdateParam：{D:\Release\波形文件\0316新调=波形文件=水性胶水\世彪新调：ricoh_big-单点模式-开启MN1(开启微动).rhdat}
2023-03-23 17:13:43,087 [AppLog] INFO : {1}号喷头基准电压更新成功：DEV_SetWaveStdVoltage{22V,22V,22V,22V}；
2023-03-23 17:13:43,087 [AppLog] INFO : 重新加载完波形：DEV_ReloadWaveForm! 当前波形文件的基准电压参考值为：{18V}
2023-03-23 17:13:43,555 [AppLog] INFO : {1}号喷头电压调压成功：MCU_SetPhVoltage{22V,22V,22V,22V}；
2023-03-23 17:14:08,187 [AppLog] INFO : {1}号喷头电压调压成功：MCU_SetPhVoltage{17V,17V,17V,17V}；
2023-03-23 17:14:08,608 [AppLog] INFO : {2}号喷头电压调压失败：MCU_SetPhVoltage{18V,18V,18V,18V}；
2023-03-23 17:14:08,998 [AppLog] INFO : {3}号喷头电压调压失败：MCU_SetPhVoltage{18V,18V,18V,18V}；
2023-03-23 17:14:09,404 [AppLog] INFO : {4}号喷头电压调压失败：MCU_SetPhVoltage{18V,18V,18V,18V}；
2023-03-23 17:14:09,810 [AppLog] INFO : {5}号喷头电压调压失败：MCU_SetPhVoltage{18V,18V,18V,18V}；
2023-03-23 17:14:10,184 [AppLog] INFO : {6}号喷头电压调压失败：MCU_SetPhVoltage{18V,18V,18V,18V}；
2023-03-23 17:14:10,574 [AppLog] INFO : {7}号喷头电压调压失败：MCU_SetPhVoltage{18V,18V,18V,18V}；
2023-03-23 17:14:10,980 [AppLog] INFO : {8}号喷头电压调压失败：MCU_SetPhVoltage{18V,18V,18V,18V}；
2023-03-23 17:14:22,305 [AppLog] INFO : {1}号喷头电压调压成功：MCU_SetPhVoltage{0V,0V,0V,0V}；
2023-03-23 17:14:22,726 [AppLog] INFO : {2}号喷头电压调压失败：MCU_SetPhVoltage{18V,18V,18V,18V}；
2023-03-23 17:14:23,132 [AppLog] INFO : {3}号喷头电压调压失败：MCU_SetPhVoltage{18V,18V,18V,18V}；
2023-03-23 17:14:23,522 [AppLog] INFO : {4}号喷头电压调压失败：MCU_SetPhVoltage{18V,18V,18V,18V}；
2023-03-23 17:14:23,912 [AppLog] INFO : {5}号喷头电压调压失败：MCU_SetPhVoltage{18V,18V,18V,18V}；
2023-03-23 17:14:24,302 [AppLog] INFO : {6}号喷头电压调压失败：MCU_SetPhVoltage{18V,18V,18V,18V}；
2023-03-23 17:14:24,708 [AppLog] INFO : {7}号喷头电压调压失败：MCU_SetPhVoltage{18V,18V,18V,18V}；
2023-03-23 17:14:25,129 [AppLog] INFO : {8}号喷头电压调压失败：MCU_SetPhVoltage{18V,18V,18V,18V}；
2023-03-23 17:14:29,544 [AppLog] INFO : 更新波形路径：DEV_UpdateParam：{D:\Release\波形文件\0316新调=波形文件=水性胶水\世彪新调：ricoh_big-单点模式-开启MN1(开启微动).rhdat}
2023-03-23 17:14:29,544 [AppLog] INFO : {1}号喷头基准电压更新成功：DEV_SetWaveStdVoltage{0V,0V,0V,0V}；
2023-03-23 17:14:29,544 [AppLog] INFO : 重新加载完波形：DEV_ReloadWaveForm! 当前波形文件的基准电压参考值为：{18V}
2023-03-23 17:14:29,980 [AppLog] INFO : {1}号喷头电压调压成功：MCU_SetPhVoltage{0V,0V,0V,0V}；
2023-03-23 17:14:37,500 [AppLog] INFO : {1}号喷头电压调压成功：MCU_SetPhVoltage{22V,22V,22V,22V}；
2023-03-23 17:14:37,890 [AppLog] INFO : {2}号喷头电压调压失败：MCU_SetPhVoltage{18V,18V,18V,18V}；
2023-03-23 17:14:38,311 [AppLog] INFO : {3}号喷头电压调压失败：MCU_SetPhVoltage{18V,18V,18V,18V}；
2023-03-23 17:14:38,701 [AppLog] INFO : {4}号喷头电压调压失败：MCU_SetPhVoltage{18V,18V,18V,18V}；
2023-03-23 17:14:39,122 [AppLog] INFO : {5}号喷头电压调压失败：MCU_SetPhVoltage{18V,18V,18V,18V}；
2023-03-23 17:14:39,528 [AppLog] INFO : {6}号喷头电压调压失败：MCU_SetPhVoltage{18V,18V,18V,18V}；
2023-03-23 17:14:39,918 [AppLog] INFO : {7}号喷头电压调压失败：MCU_SetPhVoltage{18V,18V,18V,18V}；
2023-03-23 17:14:40,339 [AppLog] INFO : {8}号喷头电压调压失败：MCU_SetPhVoltage{18V,18V,18V,18V}；
2023-03-23 17:14:44,301 [AppLog] INFO : {1}号喷头电压调压成功：MCU_SetPhVoltage{22V,22V,22V,22V}；
2023-03-23 17:14:44,691 [AppLog] INFO : {2}号喷头电压调压失败：MCU_SetPhVoltage{18V,18V,18V,18V}；
2023-03-23 17:14:45,097 [AppLog] INFO : {3}号喷头电压调压失败：MCU_SetPhVoltage{18V,18V,18V,18V}；
2023-03-23 17:14:45,518 [AppLog] INFO : {4}号喷头电压调压失败：MCU_SetPhVoltage{18V,18V,18V,18V}；
2023-03-23 17:14:45,908 [AppLog] INFO : {5}号喷头电压调压失败：MCU_SetPhVoltage{18V,18V,18V,18V}；
2023-03-23 17:14:46,314 [AppLog] INFO : {6}号喷头电压调压失败：MCU_SetPhVoltage{18V,18V,18V,18V}；
2023-03-23 17:14:46,704 [AppLog] INFO : {7}号喷头电压调压失败：MCU_SetPhVoltage{18V,18V,18V,18V}；
2023-03-23 17:14:47,125 [AppLog] INFO : {8}号喷头电压调压失败：MCU_SetPhVoltage{18V,18V,18V,18V}；
2023-03-23 17:14:50,089 [AppLog] INFO : 更新波形路径：DEV_UpdateParam：{D:\Release\波形文件\0316新调=波形文件=水性胶水\世彪新调：ricoh_big-单点模式-开启MN1(开启微动).rhdat}
2023-03-23 17:14:50,089 [AppLog] INFO : {1}号喷头基准电压更新成功：DEV_SetWaveStdVoltage{22V,22V,22V,22V}；
2023-03-23 17:14:50,089 [AppLog] INFO : 重新加载完波形：DEV_ReloadWaveForm! 当前波形文件的基准电压参考值为：{18V}
2023-03-23 17:14:50,385 [AppLog] INFO : {1}号喷头电压调压成功：MCU_SetPhVoltage{22V,22V,22V,22V}；
2023-03-23 17:15:02,210 [AppLog] INFO : 更新波形路径：DEV_UpdateParam：{D:\Release\波形文件\0316新调=波形文件=水性胶水\调好：WaveForm-31pl-双滴-18+13.rhdat}
2023-03-23 17:15:02,210 [AppLog] INFO : {1}号喷头基准电压更新成功：DEV_SetWaveStdVoltage{22V,22V,22V,22V}；
2023-03-23 17:15:07,655 [AppLog] INFO : 重新加载完波形：DEV_ReloadWaveForm! 当前波形文件的基准电压参考值为：{20V}
2023-03-23 17:15:07,951 [AppLog] INFO : {1}号喷头电压调压成功：MCU_SetPhVoltage{22V,22V,22V,22V}；
2023-03-23 17:15:17,451 [AppLog] INFO : 更新波形路径：DEV_UpdateParam：{D:\Release\波形文件\0316新调=波形文件=水性胶水\世彪新调：ricoh_big-单点模式-关闭MN1(关闭微动).rhdat}
2023-03-23 17:15:17,451 [AppLog] INFO : {1}号喷头基准电压更新成功：DEV_SetWaveStdVoltage{22V,22V,22V,22V}；
2023-03-23 17:15:23,052 [AppLog] INFO : 重新加载完波形：DEV_ReloadWaveForm! 当前波形文件的基准电压参考值为：{18V}
2023-03-23 17:15:23,348 [AppLog] INFO : {1}号喷头电压调压成功：MCU_SetPhVoltage{22V,22V,22V,22V}；
2023-03-23 17:15:39,962 [AppLog] INFO : {1}号喷头电压调压成功：MCU_SetPhVoltage{0V,0V,0V,0V}；
2023-03-23 17:15:40,383 [AppLog] INFO : {2}号喷头电压调压失败：MCU_SetPhVoltage{18V,18V,18V,18V}；
2023-03-23 17:15:40,773 [AppLog] INFO : {3}号喷头电压调压失败：MCU_SetPhVoltage{18V,18V,18V,18V}；
2023-03-23 17:15:41,195 [AppLog] INFO : {4}号喷头电压调压失败：MCU_SetPhVoltage{18V,18V,18V,18V}；
2023-03-23 17:15:41,585 [AppLog] INFO : {5}号喷头电压调压失败：MCU_SetPhVoltage{18V,18V,18V,18V}；
2023-03-23 17:15:41,990 [AppLog] INFO : {6}号喷头电压调压失败：MCU_SetPhVoltage{18V,18V,18V,18V}；
2023-03-23 17:15:42,396 [AppLog] INFO : {7}号喷头电压调压失败：MCU_SetPhVoltage{18V,18V,18V,18V}；
2023-03-23 17:15:42,801 [AppLog] INFO : {8}号喷头电压调压失败：MCU_SetPhVoltage{18V,18V,18V,18V}；
2023-03-23 17:16:00,445 [AppLog] INFO : 更新波形路径：DEV_UpdateParam：{D:\Release\波形文件\0316新调=波形文件=水性胶水\世彪新调：ricoh_big-单点模式-开启MN1(开启微动).rhdat}
2023-03-23 17:16:00,445 [AppLog] INFO : {1}号喷头基准电压更新成功：DEV_SetWaveStdVoltage{0V,0V,0V,0V}；
2023-03-23 17:16:05,811 [AppLog] INFO : 重新加载完波形：DEV_ReloadWaveForm! 当前波形文件的基准电压参考值为：{18V}
2023-03-23 17:16:06,108 [AppLog] INFO : {1}号喷头电压调压成功：MCU_SetPhVoltage{0V,0V,0V,0V}；
2023-03-23 17:16:26,840 [AppLog] INFO : {1}号喷头温度更新失败：MCU_SetPhVoltage{25℃}
2023-03-23 17:16:27,059 [AppLog] INFO : {2}号喷头温度更新失败：MCU_SetPhVoltage{25℃}
2023-03-23 17:16:27,261 [AppLog] INFO : {3}号喷头温度更新失败：MCU_SetPhVoltage{25℃}
2023-03-23 17:16:27,449 [AppLog] INFO : {4}号喷头温度更新失败：MCU_SetPhVoltage{25℃}
2023-03-23 17:16:27,651 [AppLog] INFO : {5}号喷头温度更新失败：MCU_SetPhVoltage{25℃}
2023-03-23 17:16:27,854 [AppLog] INFO : {6}号喷头温度更新失败：MCU_SetPhVoltage{25℃}
2023-03-23 17:16:28,057 [AppLog] INFO : {7}号喷头温度更新失败：MCU_SetPhVoltage{25℃}
2023-03-23 17:16:28,275 [AppLog] INFO : {8}号喷头温度更新失败：MCU_SetPhVoltage{25℃}
2023-03-23 17:17:37,306 [AppLog] INFO : 退出手动调试子模块，未执行修改
==========================================================================
2023-03-23 17:17:38,101 [AppLog] INFO : 开启系统：板卡通讯，伺服供电，照明系统，UV/HR固化系统！
2023-03-23 17:17:39,521 [AppLog] INFO : 中止并退出关闭流程！
2023-03-23 17:17:40,176 [AppLog] INFO : 进入手动调试子模块！
2023-03-23 17:17:40,176 [AppLog] INFO : 进入：ManulBtn_Click=》准备创建对象-手动操作！
2023-03-23 17:17:40,207 [AppLog] INFO : 创建：ManualControl=》创建完成-手动操作！
2023-03-23 17:17:40,207 [AppLog] INFO : 加载成功：温控Modbus接口！
2023-03-23 17:17:43,390 [AppLog] INFO : 退出手动调试子模块，未执行修改
==========================================================================
2023-03-23 17:17:44,747 [AppLog] INFO : 开启系统：板卡通讯，伺服供电，照明系统，UV/HR固化系统！
2023-03-23 17:17:45,932 [AppLog] INFO : 关闭系统：一键关闭系统开始！
2023-03-23 17:17:52,157 [AppLog] INFO : 关闭系统：一键关闭系统结束！
2023-03-23 17:17:52,188 [AppLog] INFO : 喷墨控制器的所有轴输出关闭！
2023-03-23 17:17:52,250 [AppLog] INFO : 喷墨控制器关闭！
2023-03-23 17:17:52,266 [AppLog] INFO : 进入电气控制模块
2023-03-23 17:17:53,701 [AppLog] INFO : 退出电气控制模块
2023-03-23 17:17:54,715 [AppLog] INFO : 软件及设备关停中：墨车所有方向运动确认停止（X,Y,Y2)： bImmeStop{False},nAxisMask{0x7}
2023-03-23 17:17:54,715 [AppLog] INFO : 软件及设备关停中：喷墨控制器板卡系统关闭（X,Y,Y2)：DEV_CloseDevice
2023-03-23 17:17:55,386 [AppLog] INFO : 软件及设备关停成功
==========================================================================
操作系统:{Microsoft Windows 7 旗舰版 }
运行环境:{ .Net Framework Enviroment Version 4.0.30319.42000}
盘符：D
CPU使用率：{23.21397%} ，可用内存大小:{14153MB}，硬盘剩余空间：
  盘符 C:\ 的剩余空间：70 GB
  盘符 D:\ 的剩余空间：88 GB
  盘符 F:\ 的剩余空间：3 GB
==========================================================================
2023-03-23 17:38:04,211 [AppLog] INFO : 软件开机密码正确，登录成功1次
==========================================================================
操作系统:{Microsoft Windows 7 旗舰版 }
运行环境:{ .Net Framework Enviroment Version 4.0.30319.42000}
盘符：D
CPU使用率：{12.91703%} ，可用内存大小:{14117MB}，硬盘剩余空间：
  盘符 C:\ 的剩余空间：70 GB
  盘符 D:\ 的剩余空间：88 GB
  盘符 F:\ 的剩余空间：3 GB
硬件配置情况：
  CPU 厂家: GenuineIntel CPU 型号: Intel(R) Core(TM) i7-4770 CPU @ 3.40GHz
  内存条厂家: Kingston 内存条型号: 99P5471-043.A00LF 
  内存条厂家: Kingston 内存条型号: 99P5471-043.A00LF 
  硬盘厂家: (标准磁盘驱动器) 硬盘型号: Micron_1300_MTFDDAK256TDL ATA Device
  硬盘厂家: (标准磁盘驱动器) 硬盘型号: Generic Flash Disk USB Device
==========================================================================
2023-03-23 17:38:05,534 [AppLog] INFO : 开启系统：板卡通讯，伺服供电，照明系统，UV/HR固化系统！
2023-03-23 17:38:05,537 [AppLog] INFO : 开启系统：一键启动系统开始！
2023-03-23 17:38:11,545 [AppLog] INFO : 开启系统：一键启动系统结束！
2023-03-23 17:38:11,545 [AppLog] INFO : 初始化喷墨控制器启动！
2023-03-23 17:38:31,784 [AppLog] INFO : 打开喷墨控制器设备成功！
2023-03-23 17:38:33,750 [AppLog] INFO : 更新{1}号喷头温度失败：MCU_SetPhVoltage{25℃}
2023-03-23 17:38:33,937 [AppLog] INFO : 更新{2}号喷头温度失败：MCU_SetPhVoltage{25℃}
2023-03-23 17:38:34,124 [AppLog] INFO : 更新{3}号喷头温度失败：MCU_SetPhVoltage{25℃}
2023-03-23 17:38:34,311 [AppLog] INFO : 更新{4}号喷头温度失败：MCU_SetPhVoltage{25℃}
2023-03-23 17:38:34,499 [AppLog] INFO : 更新{5}号喷头温度失败：MCU_SetPhVoltage{25℃}
2023-03-23 17:38:34,686 [AppLog] INFO : 更新{6}号喷头温度失败：MCU_SetPhVoltage{25℃}
2023-03-23 17:38:34,873 [AppLog] INFO : 更新{7}号喷头温度失败：MCU_SetPhVoltage{25℃}
2023-03-23 17:38:35,060 [AppLog] INFO : 更新{8}号喷头温度失败：MCU_SetPhVoltage{25℃}
2023-03-23 17:38:35,076 [AppLog] INFO : 初始化喷墨控制器成功！
2023-03-23 17:38:35,076 [AppLog] INFO : 进入：EquipmentMotionLogic3=》准备创建对象-手动操作！
2023-03-23 17:38:35,263 [AppLog] INFO : 进入：EquipmentMotionLogic3=》创建完成-手动操作！
2023-03-23 17:38:35,403 [AppLog] INFO : 红外灯控制器485通讯建立！
2023-03-23 17:38:35,403 [AppLog] INFO : 进入电气控制模块
2023-03-23 17:38:35,435 [AppLog] INFO : 电气控制模块：手动关闭端口11
2023-03-23 17:38:35,435 [AppLog] INFO : 电气控制模块：手动打开端口11
2023-03-23 17:38:35,435 [AppLog] INFO : 电气控制模块：手动关闭端口11
2023-03-23 17:38:36,761 [AppLog] INFO : 退出电气控制模块
2023-03-23 17:38:38,305 [AppLog] INFO : 进入手动调试子模块！
2023-03-23 17:38:38,305 [AppLog] INFO : 进入：ManulBtn_Click=》准备创建对象-手动操作！
2023-03-23 17:38:38,336 [AppLog] INFO : 创建：ManualControl=》创建完成-手动操作！
2023-03-23 17:38:38,336 [AppLog] INFO : 加载成功：温控Modbus接口！
2023-03-23 17:38:50,223 [AppLog] INFO : 更新波形路径：DEV_UpdateParam：{D:\Release\波形文件\0316新调=波形文件=水性胶水\世彪新调：ricoh_big-单点模式-开启MN1(开启微动).rhdat}
2023-03-23 17:38:50,223 [AppLog] INFO : {1}号喷头基准电压更新成功：DEV_SetWaveStdVoltage{0V,0V,0V,0V}；
2023-03-23 17:38:55,512 [AppLog] INFO : 重新加载完波形：DEV_ReloadWaveForm! 当前波形文件的基准电压参考值为：{18V}
2023-03-23 17:38:55,793 [AppLog] INFO : {1}号喷头电压调压成功：MCU_SetPhVoltage{0V,0V,0V,0V}；
2023-03-23 17:39:10,691 [AppLog] INFO : 退出手动调试子模块,已执行修改
==========================================================================
2023-03-23 17:39:12,298 [AppLog] INFO : 进入电气控制模块
2023-03-23 17:39:13,031 [AppLog] INFO : 退出电气控制模块
2023-03-23 17:39:14,357 [AppLog] INFO : 开启系统：板卡通讯，伺服供电，照明系统，UV/HR固化系统！
2023-03-23 17:39:15,059 [AppLog] INFO : 关闭系统：一键关闭系统开始！
2023-03-23 17:39:21,268 [AppLog] INFO : 关闭系统：一键关闭系统结束！
2023-03-23 17:39:21,268 [AppLog] INFO : 喷墨控制器的所有轴输出关闭！
2023-03-23 17:39:23,218 [AppLog] INFO : 喷墨控制器关闭！
2023-03-23 17:39:23,218 [AppLog] INFO : 进入电气控制模块
2023-03-23 17:39:24,450 [AppLog] INFO : 退出电气控制模块
2023-03-23 17:39:26,197 [AppLog] INFO : 软件及设备关停中：墨车所有方向运动确认停止（X,Y,Y2)： bImmeStop{False},nAxisMask{0x7}
2023-03-23 17:39:26,197 [AppLog] INFO : 软件及设备关停中：喷墨控制器板卡系统关闭（X,Y,Y2)：DEV_CloseDevice
2023-03-23 17:39:26,837 [AppLog] INFO : 软件及设备关停成功
==========================================================================
操作系统:{Microsoft Windows 7 旗舰版 }
运行环境:{ .Net Framework Enviroment Version 4.0.30319.42000}
盘符：D
CPU使用率：{7.142478%} ，可用内存大小:{14278MB}，硬盘剩余空间：
  盘符 C:\ 的剩余空间：70 GB
  盘符 D:\ 的剩余空间：88 GB
  盘符 F:\ 的剩余空间：3 GB
==========================================================================
