2023-07-20 19:49:03,487 [AppLog] INFO : 软件开机密码正确，登录成功1次
==========================================================================
操作系统:{Microsoft Windows 7 旗舰版 }
运行环境:{ .Net Framework Enviroment Version 4.0.30319.42000}
盘符：D
CPU使用率：{46.4283%} ，可用内存大小:{14295MB}，硬盘剩余空间：
  盘符 C:\ 的剩余空间：70 GB
  盘符 D:\ 的剩余空间：81 GB
  盘符 E:\ 的剩余空间：0 GB
硬件配置情况：
  CPU 厂家: GenuineIntel CPU 型号: Intel(R) Core(TM) i7-4770 CPU @ 3.40GHz
  内存条厂家: Kingston 内存条型号: 99P5471-043.A00LF 
  内存条厂家: Kingston 内存条型号: 99P5471-043.A00LF 
  硬盘厂家: (标准磁盘驱动器) 硬盘型号: Micron_1300_MTFDDAK256TDL ATA Device
  硬盘厂家: (标准磁盘驱动器) 硬盘型号: VendorCo ProductCode USB Device
==========================================================================
2023-07-20 19:49:05,905 [AppLog] INFO : 进入数据加载模块
2023-07-20 19:49:41,785 [AppLog] INFO : CAD数据加载：添加.CLI格式CAD数据成功-D:\Release-3DPrintingForBinderJetting-V2.0\CLI输入文件\0720daying-yangjiang\4-散热器_Rescaled(1.25).cli
2023-07-20 19:49:41,925 [AppLog] INFO : CAD数据加载：添加.CLI格式CAD数据成功-D:\Release-3DPrintingForBinderJetting-V2.0\CLI输入文件\0720daying-yangjiang\one0719_Rescaled(0.500179).cli
2023-07-20 19:49:41,957 [AppLog] INFO : CAD数据加载：添加.CLI格式CAD数据成功-D:\Release-3DPrintingForBinderJetting-V2.0\CLI输入文件\0720daying-yangjiang\two0719_Rescaled(0.5)_Rescaled(0.5)_Rescaled(2).cli
2023-07-20 19:49:42,081 [AppLog] INFO : CAD数据加载：添加.CLI格式CAD数据成功-D:\Release-3DPrintingForBinderJetting-V2.0\CLI输入文件\0720daying-yangjiang\蜂窝_Rescaled(0.625003)_Rescaled(0.625).cli
2023-07-20 19:49:42,222 [AppLog] INFO : CAD数据加载：添加.CLI格式CAD数据成功-D:\Release-3DPrintingForBinderJetting-V2.0\CLI输入文件\0720daying-yangjiang\蜂窝_Rescaled(0.625003)_Rescaled(0.625)_2.cli
2023-07-20 19:49:42,768 [AppLog] INFO : CAD数据加载：添加.CLI格式CAD数据成功-D:\Release-3DPrintingForBinderJetting-V2.0\CLI输入文件\0720daying-yangjiang\负泊松比（0.618壁厚3）_Rescaled(0.759878)_Rescaled(0.759878)_Rescaled(1.316).cli
2023-07-20 19:49:42,799 [AppLog] INFO : CAD数据加载：添加.CLI格式CAD数据成功-D:\Release-3DPrintingForBinderJetting-V2.0\CLI输入文件\0720daying-yangjiang\铭牌（Times New Roman字体）_Rescaled(0.473653)_Rescaled(0.75)_Rescaled(0.75)_Rescaled(1.33333)_Rescaled(0.833333).cli
2023-07-20 19:49:42,830 [AppLog] INFO : CAD数据加载：添加.CLI格式CAD数据成功-D:\Release-3DPrintingForBinderJetting-V2.0\CLI输入文件\0720daying-yangjiang\铭牌（Times New Roman字体）_Rescaled(0.473653)_Rescaled(0.75)_Rescaled(0.75)_Rescaled(1.33333)_Rescaled(0.833333)_2.cli
2023-07-20 19:49:52,986 [AppLog] INFO : CAD位置平移：SelectCADFile{D:\Release-3DPrintingForBinderJetting-V2.0\CLI输入文件\0720daying-yangjiang\4-散热器_Rescaled(1.25).cliD:\Release-3DPrintingForBinderJetting-V2.0\CLI输入文件\0720daying-yangjiang\one0719_Rescaled(0.500179).cliD:\Release-3DPrintingForBinderJetting-V2.0\CLI输入文件\0720daying-yangjiang\two0719_Rescaled(0.5)_Rescaled(0.5)_Rescaled(2).cliD:\Release-3DPrintingForBinderJetting-V2.0\CLI输入文件\0720daying-yangjiang\蜂窝_Rescaled(0.625003)_Rescaled(0.625).cliD:\Release-3DPrintingForBinderJetting-V2.0\CLI输入文件\0720daying-yangjiang\蜂窝_Rescaled(0.625003)_Rescaled(0.625)_2.cliD:\Release-3DPrintingForBinderJetting-V2.0\CLI输入文件\0720daying-yangjiang\负泊松比（0.618壁厚3）_Rescaled(0.759878)_Rescaled(0.759878)_Rescaled(1.316).cliD:\Release-3DPrintingForBinderJetting-V2.0\CLI输入文件\0720daying-yangjiang\铭牌（Times New Roman字体）_Rescaled(0.473653)_Rescaled(0.75)_Rescaled(0.75)_Rescaled(1.33333)_Rescaled(0.833333).cliD:\Release-3DPrintingForBinderJetting-V2.0\CLI输入文件\0720daying-yangjiang\铭牌（Times New Roman字体）_Rescaled(0.473653)_Rescaled(0.75)_Rescaled(0.75)_Rescaled(1.33333)_Rescaled(0.833333)_2.cli}
平移方式{true为目标位置平移，false为相对平移{True}}X方向平移目标值{-92.746103MM}Y方向平移目标值{-53.4979999999999MM}Z方向平移目标值{0MM}X方向平移增量{10MM}Y方向平移增量{0MM}Z方向平移增量{0MM}
2023-07-20 19:49:59,023 [AppLog] INFO : 进入数据加载模块
2023-07-20 19:50:05,466 [AppLog] INFO : 进入数据加载模块
2023-07-20 19:50:20,660 [AppLog] INFO : CAD数据加载：添加.CLI格式CAD数据成功-D:\Release-3DPrintingForBinderJetting-V2.0\CLI输入文件\0718DAYING\Box_1.cli
2023-07-20 19:50:38,975 [AppLog] INFO : CAD数据阵列：SelectCADFile{D:\Release-3DPrintingForBinderJetting-V2.0\CLI输入文件\0718DAYING\Box_1.cli}
X方向间距{200MM}Y方向间距{-5MM}X方向数目{2}Y方向数目{1}
2023-07-20 19:50:42,922 [AppLog] INFO : CAD位置平移：SelectCADFile{D:\Release-3DPrintingForBinderJetting-V2.0\CLI输入文件\0718DAYING\Box_1.cliD:\Release-3DPrintingForBinderJetting-V2.0\CLI输入文件\0718DAYING\Box_1-copys-0-1.cli}
平移方式{true为目标位置平移，false为相对平移{True}}X方向平移目标值{-101.9MM}Y方向平移目标值{-74.9499985MM}Z方向平移目标值{0MM}X方向平移增量{10MM}Y方向平移增量{0MM}Z方向平移增量{0MM}
2023-07-20 19:51:12,421 [AppLog] INFO : CAD位置平移：SelectCADFile{D:\Release-3DPrintingForBinderJetting-V2.0\CLI输入文件\0720daying-yangjiang\4-散热器_Rescaled(1.25).cli}
平移方式{true为目标位置平移，false为相对平移{False}}X方向平移目标值{-24.995MM}Y方向平移目标值{-24.995MM}Z方向平移目标值{0MM}X方向平移增量{10MM}Y方向平移增量{-5MM}Z方向平移增量{0MM}
2023-07-20 19:51:23,996 [AppLog] INFO : CAD位置平移：SelectCADFile{D:\Release-3DPrintingForBinderJetting-V2.0\CLI输入文件\0720daying-yangjiang\4-散热器_Rescaled(1.25).cli}
平移方式{true为目标位置平移，false为相对平移{False}}X方向平移目标值{-24.995MM}Y方向平移目标值{-24.995MM}Z方向平移目标值{0MM}X方向平移增量{-10MM}Y方向平移增量{5MM}Z方向平移增量{0MM}
2023-07-20 19:51:37,288 [AppLog] INFO : CAD位置平移：SelectCADFile{D:\Release-3DPrintingForBinderJetting-V2.0\CLI输入文件\0720daying-yangjiang\4-散热器_Rescaled(1.25).cli}
平移方式{true为目标位置平移，false为相对平移{False}}X方向平移目标值{-24.995MM}Y方向平移目标值{-24.995MM}Z方向平移目标值{0MM}X方向平移增量{0MM}Y方向平移增量{2MM}Z方向平移增量{0MM}
2023-07-20 19:51:49,986 [AppLog] INFO : CAD位置平移：SelectCADFile{D:\Release-3DPrintingForBinderJetting-V2.0\CLI输入文件\0720daying-yangjiang\4-散热器_Rescaled(1.25).cli}
平移方式{true为目标位置平移，false为相对平移{False}}X方向平移目标值{-24.995MM}Y方向平移目标值{-24.995MM}Z方向平移目标值{0MM}X方向平移增量{0MM}Y方向平移增量{-4MM}Z方向平移增量{0MM}
2023-07-20 19:51:59,128 [AppLog] INFO : CAD位置平移：SelectCADFile{D:\Release-3DPrintingForBinderJetting-V2.0\CLI输入文件\0720daying-yangjiang\4-散热器_Rescaled(1.25).cli}
平移方式{true为目标位置平移，false为相对平移{False}}X方向平移目标值{-24.995MM}Y方向平移目标值{-24.995MM}Z方向平移目标值{0MM}X方向平移增量{0MM}Y方向平移增量{1MM}Z方向平移增量{0MM}
2023-07-20 19:52:23,292 [AppLog] INFO : CAD数据保存：保存.bjgroup格式CAD数据成功：D:\Release-3DPrintingForBinderJetting-V2.0\CLI输入文件\dayingjian-0720.bjgroup
2023-07-20 19:54:57,951 [AppLog] INFO : 软件及设备关停中：墨车所有方向运动确认停止（X,Y,Y2)： bImmeStop{False},nAxisMask{0x7}
2023-07-20 19:54:57,951 [AppLog] INFO : 软件及设备关停中：喷墨控制器板卡系统关闭（X,Y,Y2)：DEV_CloseDevice
2023-07-20 19:54:58,622 [AppLog] INFO : 软件及设备关停成功
==========================================================================
操作系统:{Microsoft Windows 7 旗舰版 }
运行环境:{ .Net Framework Enviroment Version 4.0.30319.42000}
盘符：D
CPU使用率：{32.14252%} ，可用内存大小:{14025MB}，硬盘剩余空间：
  盘符 C:\ 的剩余空间：70 GB
  盘符 D:\ 的剩余空间：80 GB
  盘符 E:\ 的剩余空间：0 GB
==========================================================================
