2023-07-14 21:31:59,555 [AppLog] INFO : 软件开机密码正确，登录成功1次
==========================================================================
操作系统:{Microsoft Windows 7 旗舰版 }
运行环境:{ .Net Framework Enviroment Version 4.0.30319.42000}
盘符：D
CPU使用率：{24.99959%} ，可用内存大小:{14392MB}，硬盘剩余空间：
  盘符 C:\ 的剩余空间：70 GB
  盘符 D:\ 的剩余空间：81 GB
硬件配置情况：
  CPU 厂家: GenuineIntel CPU 型号: Intel(R) Core(TM) i7-4770 CPU @ 3.40GHz
  内存条厂家: Kingston 内存条型号: 99P5471-043.A00LF 
  内存条厂家: Kingston 内存条型号: 99P5471-043.A00LF 
  硬盘厂家: (标准磁盘驱动器) 硬盘型号: Micron_1300_MTFDDAK256TDL ATA Device
==========================================================================
2023-07-14 21:32:01,661 [AppLog] INFO : 开启系统：板卡通讯，伺服供电，照明系统，UV/HR固化系统！
2023-07-14 21:32:01,661 [AppLog] INFO : 开启系统：一键启动系统开始！
2023-07-14 21:32:07,745 [AppLog] INFO : 开启系统：一键启动系统结束！
2023-07-14 21:32:07,947 [AppLog] INFO : 创建：AutoPrintMotion0=》初次创建完成-手动操作！
2023-07-14 21:32:08,010 [AppLog] INFO : 初始化喷墨控制器启动！
2023-07-14 21:32:31,800 [AppLog] INFO : 打开喷墨控制器设备成功！
2023-07-14 21:32:31,831 [AppLog] INFO : 输入校准值1次{成功}，打印往返差校准值为：BiDirEncPrtOff{5},分频值{8},打印速度{300mm/s}
2023-07-14 21:32:32,221 [AppLog] INFO : PASS打印前关键状态：DEV_GetDeviceInfo：LPPRINTER_INFO:nXSysEncDPI{5080}nStatus{909129520}nPrintStatus{0}bSuperDevice{1}
LPPRINTER_INFO-LPPrtRunInfo:bJobPrtRuning{False}bLayerPrtIsOver{False}nContReqMemErr{0}nContWDErr{0}nCurPrtDir{0}nDTLayerIndex{0}nDTLayerPassIndex{0}nDTPtrCtlIndex{0}nLayerPassCount{0}nPrintLayerIndex{0}nPrintPassIndex{0}nProcLayerIndex{0}nPrtDataMemAddr{0}nPrtState{0}nReverse{System.Int32[]}nRevPrtCols{0}
LPPRINTER_INFO-LPDRVINFO:nFMVersion{45074}nFpgaVersion{539038216}nPCBVersion{0}nState{0}nNextState{0}nPtvwarnState{0}nCrc32{0}nRevInfo{System.UInt32[]}nSignature{0}
2023-07-14 21:32:37,447 [AppLog] INFO : 初始化喷墨控制器成功！
2023-07-14 21:32:37,447 [AppLog] INFO : 进入：EquipmentMotionLogic3=》准备创建对象-手动操作！
2023-07-14 21:32:37,478 [AppLog] INFO : 进入：EquipmentMotionLogic3=》创建完成-手动操作！
2023-07-14 21:32:37,619 [AppLog] INFO : 红外灯控制器485通讯建立！
2023-07-14 21:32:37,619 [AppLog] INFO : 进入电气控制模块
2023-07-14 21:32:39,928 [AppLog] INFO : 退出电气控制模块
2023-07-14 21:32:40,661 [AppLog] INFO : 进入手动调试子模块！
2023-07-14 21:32:40,661 [AppLog] INFO : 进入：ManulBtn_Click=》准备创建对象-手动操作！
2023-07-14 21:32:40,692 [AppLog] INFO : 创建：ManualControl=》创建完成-手动操作！
2023-07-14 21:32:40,692 [AppLog] INFO : 加载成功：温控Modbus接口！
2023-07-14 21:32:44,093 [AppLog] INFO : 进入气压控制卡参数监控状态时
2023-07-14 21:32:50,738 [AppLog] INFO : 更新气压控制卡参数：DEV_AdibControl:二级墨盒加热电压：{12V}；MCU_SetPhVoltage:二级墨盒加热温度：{25℃}MCU_SetPhVoltage:负压目标值：{System.Single[]kPa}MCU_SetPhVoltage:负压阈值：{0.1kPa}
2023-07-14 21:33:08,429 [AppLog] INFO : 开启手动压墨上墨：PushInkBtn_Click
2023-07-14 21:33:08,912 [AppLog] INFO : 停止手动压墨上墨：PushInkBtn_Click
2023-07-14 21:33:09,490 [AppLog] INFO : 开启手动压墨上墨：PushInkBtn_Click
2023-07-14 21:33:10,145 [AppLog] INFO : 停止手动压墨上墨：PushInkBtn_Click
2023-07-14 21:33:10,956 [AppLog] INFO : 开启手动压墨上墨：PushInkBtn_Click
2023-07-14 21:33:11,564 [AppLog] INFO : 停止手动压墨上墨：PushInkBtn_Click
2023-07-14 21:33:12,110 [AppLog] INFO : 开启手动压墨上墨：PushInkBtn_Click
2023-07-14 21:33:13,093 [AppLog] INFO : 停止手动压墨上墨：PushInkBtn_Click
2023-07-14 21:33:14,903 [AppLog] INFO : 开启手动压墨上墨：PushInkBtn_Click
2023-07-14 21:33:16,931 [AppLog] INFO : 停止手动压墨上墨：PushInkBtn_Click
2023-07-14 21:33:17,477 [AppLog] INFO : 开启手动压墨上墨：PushInkBtn_Click
2023-07-14 21:33:18,803 [AppLog] INFO : 停止手动压墨上墨：PushInkBtn_Click
2023-07-14 21:33:19,364 [AppLog] INFO : 开启手动压墨上墨：PushInkBtn_Click
2023-07-14 21:33:23,467 [AppLog] INFO : 停止手动压墨上墨：PushInkBtn_Click
2023-07-14 21:33:24,091 [AppLog] INFO : 开启手动压墨上墨：PushInkBtn_Click
2023-07-14 21:34:59,392 [AppLog] INFO : 停止手动压墨上墨：PushInkBtn_Click
2023-07-14 21:35:00,094 [AppLog] INFO : 开启手动压墨上墨：PushInkBtn_Click
2023-07-14 21:35:01,123 [AppLog] INFO : 停止手动压墨上墨：PushInkBtn_Click
2023-07-14 21:35:10,125 [AppLog] INFO : 更新气压控制卡参数：DEV_AdibControl:二级墨盒加热电压：{12V}；MCU_SetPhVoltage:二级墨盒加热温度：{25℃}MCU_SetPhVoltage:负压目标值：{System.Single[]kPa}MCU_SetPhVoltage:负压阈值：{0.1kPa}
2023-07-14 21:35:26,177 [AppLog] INFO : 进入气压控制卡参数设置状态时
2023-07-14 21:35:32,089 [AppLog] INFO : 进入气压控制卡参数监控状态时
2023-07-14 21:35:33,696 [AppLog] INFO : 更新气压控制卡参数：DEV_AdibControl:二级墨盒加热电压：{12V}；MCU_SetPhVoltage:二级墨盒加热温度：{25℃}MCU_SetPhVoltage:负压目标值：{System.Single[]kPa}MCU_SetPhVoltage:负压阈值：{0.1kPa}
2023-07-14 21:35:34,835 [AppLog] INFO : 进入气压控制卡参数设置状态时
2023-07-14 21:35:36,504 [AppLog] INFO : 退出手动调试子模块,已执行修改
==========================================================================
2023-07-14 21:38:10,664 [AppLog] INFO : 进入手动调试子模块！
2023-07-14 21:38:10,664 [AppLog] INFO : 进入：ManulBtn_Click=》准备创建对象-手动操作！
2023-07-14 21:38:10,679 [AppLog] INFO : 创建：ManualControl=》创建完成-手动操作！
2023-07-14 21:38:10,695 [AppLog] INFO : 加载成功：温控Modbus接口！
2023-07-14 21:38:18,604 [AppLog] INFO : 开启手动压墨上墨：PushInkBtn_Click
2023-07-14 21:38:20,289 [AppLog] INFO : 停止手动压墨上墨：PushInkBtn_Click
2023-07-14 21:38:20,773 [AppLog] INFO : 开启手动压墨上墨：PushInkBtn_Click
2023-07-14 21:38:22,161 [AppLog] INFO : 停止手动压墨上墨：PushInkBtn_Click
2023-07-14 21:38:22,754 [AppLog] INFO : 开启手动压墨上墨：PushInkBtn_Click
2023-07-14 21:38:23,971 [AppLog] INFO : 停止手动压墨上墨：PushInkBtn_Click
2023-07-14 21:38:28,448 [AppLog] INFO : 开启手动压墨上墨：PushInkBtn_Click
2023-07-14 21:38:30,039 [AppLog] INFO : 停止手动压墨上墨：PushInkBtn_Click
2023-07-14 21:38:31,006 [AppLog] INFO : 开启手动压墨上墨：PushInkBtn_Click
2023-07-14 21:38:32,363 [AppLog] INFO : 停止手动压墨上墨：PushInkBtn_Click
2023-07-14 21:38:32,972 [AppLog] INFO : 开启手动压墨上墨：PushInkBtn_Click
2023-07-14 21:38:34,064 [AppLog] INFO : 停止手动压墨上墨：PushInkBtn_Click
2023-07-14 21:38:35,031 [AppLog] INFO : 开启手动压墨上墨：PushInkBtn_Click
2023-07-14 21:38:36,700 [AppLog] INFO : 停止手动压墨上墨：PushInkBtn_Click
2023-07-14 21:38:37,184 [AppLog] INFO : 开启手动压墨上墨：PushInkBtn_Click
2023-07-14 21:38:38,167 [AppLog] INFO : 停止手动压墨上墨：PushInkBtn_Click
2023-07-14 21:38:39,040 [AppLog] INFO : 开启手动压墨上墨：PushInkBtn_Click
2023-07-14 21:38:39,883 [AppLog] INFO : 停止手动压墨上墨：PushInkBtn_Click
2023-07-14 21:38:41,162 [AppLog] INFO : 开启手动压墨上墨：PushInkBtn_Click
2023-07-14 21:38:41,302 [AppLog] INFO : 停止手动压墨上墨：PushInkBtn_Click
2023-07-14 21:38:41,879 [AppLog] INFO : 开启手动压墨上墨：PushInkBtn_Click
2023-07-14 21:38:43,268 [AppLog] INFO : 停止手动压墨上墨：PushInkBtn_Click
2023-07-14 21:38:44,204 [AppLog] INFO : 开启手动压墨上墨：PushInkBtn_Click
2023-07-14 21:38:45,187 [AppLog] INFO : 停止手动压墨上墨：PushInkBtn_Click
2023-07-14 21:38:46,715 [AppLog] INFO : 开启手动压墨上墨：PushInkBtn_Click
2023-07-14 21:38:47,714 [AppLog] INFO : 停止手动压墨上墨：PushInkBtn_Click
2023-07-14 21:38:48,712 [AppLog] INFO : 开启手动压墨上墨：PushInkBtn_Click
2023-07-14 21:38:49,711 [AppLog] INFO : 停止手动压墨上墨：PushInkBtn_Click
2023-07-14 21:38:50,397 [AppLog] INFO : 开启手动压墨上墨：PushInkBtn_Click
2023-07-14 21:38:51,224 [AppLog] INFO : 停止手动压墨上墨：PushInkBtn_Click
2023-07-14 21:38:52,160 [AppLog] INFO : 开启手动压墨上墨：PushInkBtn_Click
2023-07-14 21:38:53,611 [AppLog] INFO : 停止手动压墨上墨：PushInkBtn_Click
2023-07-14 21:38:54,063 [AppLog] INFO : 开启手动压墨上墨：PushInkBtn_Click
2023-07-14 21:38:55,171 [AppLog] INFO : 停止手动压墨上墨：PushInkBtn_Click
2023-07-14 21:38:55,951 [AppLog] INFO : 开启手动压墨上墨：PushInkBtn_Click
2023-07-14 21:38:57,089 [AppLog] INFO : 停止手动压墨上墨：PushInkBtn_Click
2023-07-14 21:38:58,337 [AppLog] INFO : 开启手动压墨上墨：PushInkBtn_Click
2023-07-14 21:38:59,663 [AppLog] INFO : 停止手动压墨上墨：PushInkBtn_Click
2023-07-14 21:39:00,490 [AppLog] INFO : 开启手动压墨上墨：PushInkBtn_Click
2023-07-14 21:39:01,535 [AppLog] INFO : 停止手动压墨上墨：PushInkBtn_Click
2023-07-14 21:39:05,404 [AppLog] INFO : 开启手动压墨上墨：PushInkBtn_Click
2023-07-14 21:39:06,590 [AppLog] INFO : 停止手动压墨上墨：PushInkBtn_Click
2023-07-14 21:39:08,633 [AppLog] INFO : 开启手动压墨上墨：PushInkBtn_Click
2023-07-14 21:39:09,881 [AppLog] INFO : 停止手动压墨上墨：PushInkBtn_Click
2023-07-14 21:39:12,190 [AppLog] INFO : 开启手动压墨上墨：PushInkBtn_Click
2023-07-14 21:39:13,391 [AppLog] INFO : 停止手动压墨上墨：PushInkBtn_Click
2023-07-14 21:39:14,795 [AppLog] INFO : 开启手动压墨上墨：PushInkBtn_Click
2023-07-14 21:39:15,591 [AppLog] INFO : 停止手动压墨上墨：PushInkBtn_Click
2023-07-14 21:39:15,716 [AppLog] INFO : 开启手动压墨上墨：PushInkBtn_Click
2023-07-14 21:39:16,589 [AppLog] INFO : 停止手动压墨上墨：PushInkBtn_Click
2023-07-14 21:39:17,291 [AppLog] INFO : 开启手动压墨上墨：PushInkBtn_Click
2023-07-14 21:39:18,165 [AppLog] INFO : 停止手动压墨上墨：PushInkBtn_Click
2023-07-14 21:39:18,945 [AppLog] INFO : 开启手动压墨上墨：PushInkBtn_Click
2023-07-14 21:39:19,819 [AppLog] INFO : 停止手动压墨上墨：PushInkBtn_Click
2023-07-14 21:39:20,536 [AppLog] INFO : 开启手动压墨上墨：PushInkBtn_Click
2023-07-14 21:39:21,519 [AppLog] INFO : 停止手动压墨上墨：PushInkBtn_Click
2023-07-14 21:39:23,063 [AppLog] INFO : 开启手动压墨上墨：PushInkBtn_Click
2023-07-14 21:39:23,953 [AppLog] INFO : 停止手动压墨上墨：PushInkBtn_Click
2023-07-14 21:39:24,826 [AppLog] INFO : 开启手动压墨上墨：PushInkBtn_Click
2023-07-14 21:39:25,871 [AppLog] INFO : 停止手动压墨上墨：PushInkBtn_Click
2023-07-14 21:39:26,729 [AppLog] INFO : 开启手动压墨上墨：PushInkBtn_Click
2023-07-14 21:39:27,665 [AppLog] INFO : 停止手动压墨上墨：PushInkBtn_Click
2023-07-14 21:39:28,929 [AppLog] INFO : 开启手动压墨上墨：PushInkBtn_Click
2023-07-14 21:39:30,068 [AppLog] INFO : 停止手动压墨上墨：PushInkBtn_Click
2023-07-14 21:39:31,144 [AppLog] INFO : 开启手动压墨上墨：PushInkBtn_Click
2023-07-14 21:39:31,862 [AppLog] INFO : 停止手动压墨上墨：PushInkBtn_Click
2023-07-14 21:39:32,611 [AppLog] INFO : 开启手动压墨上墨：PushInkBtn_Click
2023-07-14 21:39:33,313 [AppLog] INFO : 停止手动压墨上墨：PushInkBtn_Click
2023-07-14 21:39:33,968 [AppLog] INFO : 开启手动压墨上墨：PushInkBtn_Click
2023-07-14 21:39:34,795 [AppLog] INFO : 停止手动压墨上墨：PushInkBtn_Click
2023-07-14 21:39:35,746 [AppLog] INFO : 开启手动压墨上墨：PushInkBtn_Click
2023-07-14 21:39:36,604 [AppLog] INFO : 停止手动压墨上墨：PushInkBtn_Click
2023-07-14 21:39:37,353 [AppLog] INFO : 开启手动压墨上墨：PushInkBtn_Click
2023-07-14 21:39:40,005 [AppLog] INFO : 停止手动压墨上墨：PushInkBtn_Click
2023-07-14 21:39:40,847 [AppLog] INFO : 开启手动压墨上墨：PushInkBtn_Click
2023-07-14 21:39:41,986 [AppLog] INFO : 停止手动压墨上墨：PushInkBtn_Click
2023-07-14 21:39:43,453 [AppLog] INFO : 开启手动压墨上墨：PushInkBtn_Click
2023-07-14 21:39:44,435 [AppLog] INFO : 停止手动压墨上墨：PushInkBtn_Click
2023-07-14 21:39:49,599 [AppLog] INFO : 开启手动压墨上墨：PushInkBtn_Click
2023-07-14 21:39:51,097 [AppLog] INFO : 停止手动压墨上墨：PushInkBtn_Click
2023-07-14 21:39:51,627 [AppLog] INFO : 开启手动压墨上墨：PushInkBtn_Click
2023-07-14 21:39:52,470 [AppLog] INFO : 停止手动压墨上墨：PushInkBtn_Click
2023-07-14 21:39:53,343 [AppLog] INFO : 开启手动压墨上墨：PushInkBtn_Click
2023-07-14 21:39:54,451 [AppLog] INFO : 停止手动压墨上墨：PushInkBtn_Click
2023-07-14 21:39:55,122 [AppLog] INFO : 开启手动压墨上墨：PushInkBtn_Click
2023-07-14 21:39:56,245 [AppLog] INFO : 停止手动压墨上墨：PushInkBtn_Click
2023-07-14 21:39:57,352 [AppLog] INFO : 开启手动压墨上墨：PushInkBtn_Click
2023-07-14 21:39:58,117 [AppLog] INFO : 停止手动压墨上墨：PushInkBtn_Click
2023-07-14 21:39:58,756 [AppLog] INFO : 开启手动压墨上墨：PushInkBtn_Click
2023-07-14 21:39:59,521 [AppLog] INFO : 停止手动压墨上墨：PushInkBtn_Click
2023-07-14 21:40:00,535 [AppLog] INFO : 开启手动压墨上墨：PushInkBtn_Click
2023-07-14 21:40:01,330 [AppLog] INFO : 停止手动压墨上墨：PushInkBtn_Click
2023-07-14 21:40:42,093 [AppLog] INFO : 开启手动压墨上墨：PushInkBtn_Click
2023-07-14 21:40:42,998 [AppLog] INFO : 停止手动压墨上墨：PushInkBtn_Click
2023-07-14 21:40:43,731 [AppLog] INFO : 开启手动压墨上墨：PushInkBtn_Click
2023-07-14 21:40:44,854 [AppLog] INFO : 停止手动压墨上墨：PushInkBtn_Click
2023-07-14 21:40:45,416 [AppLog] INFO : 开启手动压墨上墨：PushInkBtn_Click
2023-07-14 21:40:46,570 [AppLog] INFO : 停止手动压墨上墨：PushInkBtn_Click
2023-07-14 21:40:47,241 [AppLog] INFO : 开启手动压墨上墨：PushInkBtn_Click
2023-07-14 21:40:50,361 [AppLog] INFO : 停止手动压墨上墨：PushInkBtn_Click
2023-07-14 21:40:50,860 [AppLog] INFO : 开启手动压墨上墨：PushInkBtn_Click
2023-07-14 21:40:51,609 [AppLog] INFO : 停止手动压墨上墨：PushInkBtn_Click
2023-07-14 21:40:52,202 [AppLog] INFO : 开启手动压墨上墨：PushInkBtn_Click
2023-07-14 21:40:53,169 [AppLog] INFO : 停止手动压墨上墨：PushInkBtn_Click
2023-07-14 21:40:53,731 [AppLog] INFO : 开启手动压墨上墨：PushInkBtn_Click
2023-07-14 21:40:54,823 [AppLog] INFO : 停止手动压墨上墨：PushInkBtn_Click
2023-07-14 21:40:55,696 [AppLog] INFO : 开启手动压墨上墨：PushInkBtn_Click
2023-07-14 21:40:56,601 [AppLog] INFO : 停止手动压墨上墨：PushInkBtn_Click
2023-07-14 21:40:57,319 [AppLog] INFO : 开启手动压墨上墨：PushInkBtn_Click
2023-07-14 21:40:58,068 [AppLog] INFO : 停止手动压墨上墨：PushInkBtn_Click
2023-07-14 21:40:59,316 [AppLog] INFO : 开启手动压墨上墨：PushInkBtn_Click
2023-07-14 21:41:00,018 [AppLog] INFO : 停止手动压墨上墨：PushInkBtn_Click
2023-07-14 21:41:00,782 [AppLog] INFO : 开启手动压墨上墨：PushInkBtn_Click
2023-07-14 21:41:01,328 [AppLog] INFO : 停止手动压墨上墨：PushInkBtn_Click
2023-07-14 21:41:09,955 [AppLog] INFO : 开启手动压墨上墨：PushInkBtn_Click
2023-07-14 21:41:10,314 [AppLog] INFO : 停止手动压墨上墨：PushInkBtn_Click
2023-07-14 21:41:11,203 [AppLog] INFO : 开启手动压墨上墨：PushInkBtn_Click
2023-07-14 21:41:11,702 [AppLog] INFO : 停止手动压墨上墨：PushInkBtn_Click
2023-07-14 21:41:12,607 [AppLog] INFO : 开启手动压墨上墨：PushInkBtn_Click
2023-07-14 21:41:13,137 [AppLog] INFO : 停止手动压墨上墨：PushInkBtn_Click
2023-07-14 21:41:44,213 [AppLog] INFO : 开启手动压墨上墨：PushInkBtn_Click
2023-07-14 21:41:45,008 [AppLog] INFO : 停止手动压墨上墨：PushInkBtn_Click
2023-07-14 21:41:46,256 [AppLog] INFO : 开启手动压墨上墨：PushInkBtn_Click
2023-07-14 21:41:47,099 [AppLog] INFO : 停止手动压墨上墨：PushInkBtn_Click
2023-07-14 21:41:50,546 [AppLog] INFO : 开启手动压墨上墨：PushInkBtn_Click
2023-07-14 21:41:51,311 [AppLog] INFO : 停止手动压墨上墨：PushInkBtn_Click
2023-07-14 21:41:52,231 [AppLog] INFO : 开启手动压墨上墨：PushInkBtn_Click
2023-07-14 21:41:53,042 [AppLog] INFO : 停止手动压墨上墨：PushInkBtn_Click
2023-07-14 21:41:54,212 [AppLog] INFO : 开启手动压墨上墨：PushInkBtn_Click
2023-07-14 21:41:54,867 [AppLog] INFO : 停止手动压墨上墨：PushInkBtn_Click
2023-07-14 21:41:55,928 [AppLog] INFO : 开启手动压墨上墨：PushInkBtn_Click
2023-07-14 21:41:56,583 [AppLog] INFO : 停止手动压墨上墨：PushInkBtn_Click
2023-07-14 21:41:57,551 [AppLog] INFO : 开启手动压墨上墨：PushInkBtn_Click
2023-07-14 21:41:58,221 [AppLog] INFO : 停止手动压墨上墨：PushInkBtn_Click
2023-07-14 21:42:44,943 [AppLog] INFO : 开启手动压墨上墨：PushInkBtn_Click
2023-07-14 21:42:45,271 [AppLog] INFO : 停止手动压墨上墨：PushInkBtn_Click
2023-07-14 21:42:54,319 [AppLog] INFO : 开启手动压墨上墨：PushInkBtn_Click
2023-07-14 21:42:55,255 [AppLog] INFO : 停止手动压墨上墨：PushInkBtn_Click
2023-07-14 21:42:56,472 [AppLog] INFO : 开启手动压墨上墨：PushInkBtn_Click
2023-07-14 21:42:57,018 [AppLog] INFO : 停止手动压墨上墨：PushInkBtn_Click
2023-07-14 21:43:23,226 [AppLog] INFO : 开启手动压墨上墨：PushInkBtn_Click
2023-07-14 21:43:24,552 [AppLog] INFO : 停止手动压墨上墨：PushInkBtn_Click
2023-07-14 21:43:31,759 [AppLog] INFO : 开启手动压墨上墨：PushInkBtn_Click
2023-07-14 21:43:32,477 [AppLog] INFO : 停止手动压墨上墨：PushInkBtn_Click
2023-07-14 21:43:44,473 [AppLog] INFO : 开启手动压墨上墨：PushInkBtn_Click
2023-07-14 21:43:45,191 [AppLog] INFO : 停止手动压墨上墨：PushInkBtn_Click
2023-07-14 21:43:57,328 [AppLog] INFO : 开启手动压墨上墨：PushInkBtn_Click
2023-07-14 21:43:58,061 [AppLog] INFO : 停止手动压墨上墨：PushInkBtn_Click
2023-07-14 21:44:19,183 [AppLog] INFO : 开启手动压墨上墨：PushInkBtn_Click
2023-07-14 21:44:20,650 [AppLog] INFO : 停止手动压墨上墨：PushInkBtn_Click
2023-07-14 21:44:36,608 [AppLog] INFO : 开启手动压墨上墨：PushInkBtn_Click
2023-07-14 21:44:37,919 [AppLog] INFO : 停止手动压墨上墨：PushInkBtn_Click
2023-07-14 21:44:49,213 [AppLog] INFO : 开启手动压墨上墨：PushInkBtn_Click
2023-07-14 21:44:50,648 [AppLog] INFO : 停止手动压墨上墨：PushInkBtn_Click
2023-07-14 21:45:18,182 [AppLog] INFO : 开启手动压墨上墨：PushInkBtn_Click
2023-07-14 21:45:20,242 [AppLog] INFO : 停止手动压墨上墨：PushInkBtn_Click
2023-07-14 21:45:28,744 [AppLog] INFO : 开启手动压墨上墨：PushInkBtn_Click
2023-07-14 21:45:29,680 [AppLog] INFO : 停止手动压墨上墨：PushInkBtn_Click
2023-07-14 21:45:42,363 [AppLog] INFO : 开启手动压墨上墨：PushInkBtn_Click
2023-07-14 21:45:43,548 [AppLog] INFO : 停止手动压墨上墨：PushInkBtn_Click
2023-07-14 21:45:54,359 [AppLog] INFO : 开启手动压墨上墨：PushInkBtn_Click
2023-07-14 21:45:55,981 [AppLog] INFO : 停止手动压墨上墨：PushInkBtn_Click
2023-07-14 21:46:05,685 [AppLog] INFO : 开启手动压墨上墨：PushInkBtn_Click
2023-07-14 21:46:06,870 [AppLog] INFO : 停止手动压墨上墨：PushInkBtn_Click
2023-07-14 21:46:22,283 [AppLog] INFO : 开启手动压墨上墨：PushInkBtn_Click
2023-07-14 21:46:24,576 [AppLog] INFO : 停止手动压墨上墨：PushInkBtn_Click
2023-07-14 21:46:34,295 [AppLog] INFO : 开启手动压墨上墨：PushInkBtn_Click
2023-07-14 21:46:35,309 [AppLog] INFO : 停止手动压墨上墨：PushInkBtn_Click
2023-07-14 21:46:44,341 [AppLog] INFO : 开启手动压墨上墨：PushInkBtn_Click
2023-07-14 21:46:45,855 [AppLog] INFO : 停止手动压墨上墨：PushInkBtn_Click
2023-07-14 21:47:02,765 [AppLog] INFO : 进入气压控制卡参数监控状态时
2023-07-14 21:47:05,979 [AppLog] INFO : 更新气压控制卡参数：DEV_AdibControl:二级墨盒加热电压：{12V}；MCU_SetPhVoltage:二级墨盒加热温度：{25℃}MCU_SetPhVoltage:负压目标值：{System.Single[]kPa}MCU_SetPhVoltage:负压阈值：{0.1kPa}
2023-07-14 21:47:08,147 [AppLog] INFO : 更新气压控制卡参数：DEV_AdibControl:二级墨盒加热电压：{12V}；MCU_SetPhVoltage:二级墨盒加热温度：{25℃}MCU_SetPhVoltage:负压目标值：{System.Single[]kPa}MCU_SetPhVoltage:负压阈值：{0.1kPa}
2023-07-14 21:47:47,880 [AppLog] INFO : 开启手动压墨上墨：PushInkBtn_Click
2023-07-14 21:47:49,206 [AppLog] INFO : 停止手动压墨上墨：PushInkBtn_Click
2023-07-14 21:48:00,719 [AppLog] INFO : 开启手动压墨上墨：PushInkBtn_Click
2023-07-14 21:48:02,700 [AppLog] INFO : 停止手动压墨上墨：PushInkBtn_Click
2023-07-14 21:48:18,082 [AppLog] INFO : 开启手动压墨上墨：PushInkBtn_Click
2023-07-14 21:48:19,720 [AppLog] INFO : 停止手动压墨上墨：PushInkBtn_Click
2023-07-14 21:51:28,075 [AppLog] INFO : 退出手动调试子模块,已执行修改
==========================================================================
2023-07-14 21:51:29,245 [AppLog] INFO : 进入手动调试子模块！
2023-07-14 21:51:29,245 [AppLog] INFO : 进入：ManulBtn_Click=》准备创建对象-手动操作！
2023-07-14 21:51:29,276 [AppLog] INFO : 创建：ManualControl=》创建完成-手动操作！
2023-07-14 21:51:29,276 [AppLog] INFO : 加载成功：温控Modbus接口！
2023-07-14 21:51:35,890 [AppLog] INFO : 退出手动调试子模块,已执行修改
==========================================================================
2023-07-14 21:51:37,497 [AppLog] INFO : 进入手动调试子模块！
2023-07-14 21:51:37,497 [AppLog] INFO : 进入：ManulBtn_Click=》准备创建对象-手动操作！
2023-07-14 21:51:37,544 [AppLog] INFO : 创建：ManualControl=》创建完成-手动操作！
2023-07-14 21:51:37,544 [AppLog] INFO : 加载成功：温控Modbus接口！
2023-07-14 21:51:39,759 [AppLog] INFO : 退出手动调试子模块,已执行修改
==========================================================================
2023-07-14 21:51:40,992 [AppLog] INFO : 进入手动调试子模块！
2023-07-14 21:51:40,992 [AppLog] INFO : 进入：ManulBtn_Click=》准备创建对象-手动操作！
2023-07-14 21:51:41,023 [AppLog] INFO : 创建：ManualControl=》创建完成-手动操作！
2023-07-14 21:51:41,023 [AppLog] INFO : 加载成功：温控Modbus接口！
2023-07-14 21:51:44,174 [AppLog] INFO : 退出手动调试子模块,已执行修改
==========================================================================
2023-07-14 21:51:45,235 [AppLog] INFO : 进入手动调试子模块！
2023-07-14 21:51:45,250 [AppLog] INFO : 进入：ManulBtn_Click=》准备创建对象-手动操作！
2023-07-14 21:51:45,266 [AppLog] INFO : 创建：ManualControl=》创建完成-手动操作！
2023-07-14 21:51:45,282 [AppLog] INFO : 加载成功：温控Modbus接口！
2023-07-14 21:51:48,183 [AppLog] INFO : 退出手动调试子模块,已执行修改
==========================================================================
2023-07-14 21:51:48,932 [AppLog] INFO : 进入手动调试子模块！
2023-07-14 21:51:48,932 [AppLog] INFO : 进入：ManulBtn_Click=》准备创建对象-手动操作！
2023-07-14 21:51:48,963 [AppLog] INFO : 创建：ManualControl=》创建完成-手动操作！
2023-07-14 21:51:48,963 [AppLog] INFO : 加载成功：温控Modbus接口！
2023-07-14 21:52:16,232 [AppLog] INFO : 进入气压控制卡参数监控状态时
2023-07-14 21:52:16,294 [AppLog] INFO : 退出手动调试子模块,已执行修改
==========================================================================
2023-07-14 21:52:18,681 [AppLog] INFO : 进入手动调试子模块！
2023-07-14 21:52:18,681 [AppLog] INFO : 进入：ManulBtn_Click=》准备创建对象-手动操作！
2023-07-14 21:52:18,712 [AppLog] INFO : 创建：ManualControl=》创建完成-手动操作！
2023-07-14 21:52:18,712 [AppLog] INFO : 加载成功：温控Modbus接口！
2023-07-14 21:52:21,442 [AppLog] INFO : 开启手动压墨上墨：PushInkBtn_Click
2023-07-14 21:52:22,285 [AppLog] INFO : 停止手动压墨上墨：PushInkBtn_Click
2023-07-14 21:52:25,608 [AppLog] INFO : 开启手动压墨上墨：PushInkBtn_Click
2023-07-14 21:52:26,715 [AppLog] INFO : 停止手动压墨上墨：PushInkBtn_Click
2023-07-14 21:52:29,523 [AppLog] INFO : 开启手动压墨上墨：PushInkBtn_Click
2023-07-14 21:52:30,522 [AppLog] INFO : 停止手动压墨上墨：PushInkBtn_Click
2023-07-14 21:52:33,033 [AppLog] INFO : 开启手动压墨上墨：PushInkBtn_Click
2023-07-14 21:52:34,188 [AppLog] INFO : 停止手动压墨上墨：PushInkBtn_Click
2023-07-14 21:52:36,606 [AppLog] INFO : 开启手动压墨上墨：PushInkBtn_Click
2023-07-14 21:52:37,651 [AppLog] INFO : 停止手动压墨上墨：PushInkBtn_Click
2023-07-14 21:52:40,162 [AppLog] INFO : 开启手动压墨上墨：PushInkBtn_Click
2023-07-14 21:52:41,114 [AppLog] INFO : 停止手动压墨上墨：PushInkBtn_Click
2023-07-14 21:52:43,314 [AppLog] INFO : 开启手动压墨上墨：PushInkBtn_Click
2023-07-14 21:52:44,265 [AppLog] INFO : 停止手动压墨上墨：PushInkBtn_Click
2023-07-14 21:52:46,434 [AppLog] INFO : 开启手动压墨上墨：PushInkBtn_Click
2023-07-14 21:52:47,401 [AppLog] INFO : 停止手动压墨上墨：PushInkBtn_Click
2023-07-14 21:52:49,616 [AppLog] INFO : 开启手动压墨上墨：PushInkBtn_Click
2023-07-14 21:52:50,505 [AppLog] INFO : 停止手动压墨上墨：PushInkBtn_Click
2023-07-14 21:52:52,736 [AppLog] INFO : 开启手动压墨上墨：PushInkBtn_Click
2023-07-14 21:52:53,859 [AppLog] INFO : 停止手动压墨上墨：PushInkBtn_Click
2023-07-14 21:52:55,326 [AppLog] INFO : 退出手动调试子模块,已执行修改
==========================================================================
2023-07-14 21:53:56,774 [AppLog] INFO : 进入手动调试子模块！
2023-07-14 21:53:56,774 [AppLog] INFO : 进入：ManulBtn_Click=》准备创建对象-手动操作！
2023-07-14 21:53:56,805 [AppLog] INFO : 创建：ManualControl=》创建完成-手动操作！
2023-07-14 21:53:56,805 [AppLog] INFO : 加载成功：温控Modbus接口！
2023-07-14 21:54:01,205 [AppLog] INFO : 开启手动压墨上墨：PushInkBtn_Click
2023-07-14 21:54:01,969 [AppLog] INFO : 停止手动压墨上墨：PushInkBtn_Click
2023-07-14 21:54:02,765 [AppLog] INFO : 开启手动压墨上墨：PushInkBtn_Click
2023-07-14 21:54:03,701 [AppLog] INFO : 停止手动压墨上墨：PushInkBtn_Click
2023-07-14 21:54:07,429 [AppLog] INFO : 开启手动压墨上墨：PushInkBtn_Click
2023-07-14 21:54:08,693 [AppLog] INFO : 停止手动压墨上墨：PushInkBtn_Click
2023-07-14 21:54:10,019 [AppLog] INFO : 开启手动压墨上墨：PushInkBtn_Click
2023-07-14 21:54:10,955 [AppLog] INFO : 停止手动压墨上墨：PushInkBtn_Click
2023-07-14 21:54:12,702 [AppLog] INFO : 开启手动压墨上墨：PushInkBtn_Click
2023-07-14 21:54:13,700 [AppLog] INFO : 停止手动压墨上墨：PushInkBtn_Click
2023-07-14 21:54:15,042 [AppLog] INFO : 开启手动压墨上墨：PushInkBtn_Click
2023-07-14 21:54:16,056 [AppLog] INFO : 停止手动压墨上墨：PushInkBtn_Click
2023-07-14 21:54:17,475 [AppLog] INFO : 开启手动压墨上墨：PushInkBtn_Click
2023-07-14 21:54:18,365 [AppLog] INFO : 停止手动压墨上墨：PushInkBtn_Click
2023-07-14 21:54:21,937 [AppLog] INFO : 开启手动压墨上墨：PushInkBtn_Click
2023-07-14 21:54:22,748 [AppLog] INFO : 停止手动压墨上墨：PushInkBtn_Click
2023-07-14 21:54:24,386 [AppLog] INFO : 开启手动压墨上墨：PushInkBtn_Click
2023-07-14 21:54:25,463 [AppLog] INFO : 停止手动压墨上墨：PushInkBtn_Click
2023-07-14 21:54:31,406 [AppLog] INFO : 开启手动压墨上墨：PushInkBtn_Click
2023-07-14 21:54:32,389 [AppLog] INFO : 停止手动压墨上墨：PushInkBtn_Click
2023-07-14 21:54:35,088 [AppLog] INFO : 开启手动压墨上墨：PushInkBtn_Click
2023-07-14 21:54:35,993 [AppLog] INFO : 停止手动压墨上墨：PushInkBtn_Click
2023-07-14 21:54:43,574 [AppLog] INFO : 开启手动压墨上墨：PushInkBtn_Click
2023-07-14 21:54:44,354 [AppLog] INFO : 停止手动压墨上墨：PushInkBtn_Click
2023-07-14 21:54:45,462 [AppLog] INFO : 开启手动压墨上墨：PushInkBtn_Click
2023-07-14 21:54:46,367 [AppLog] INFO : 停止手动压墨上墨：PushInkBtn_Click
2023-07-14 21:54:47,911 [AppLog] INFO : 开启手动压墨上墨：PushInkBtn_Click
2023-07-14 21:54:48,831 [AppLog] INFO : 停止手动压墨上墨：PushInkBtn_Click
2023-07-14 21:54:50,735 [AppLog] INFO : 开启手动压墨上墨：PushInkBtn_Click
2023-07-14 21:54:51,889 [AppLog] INFO : 停止手动压墨上墨：PushInkBtn_Click
2023-07-14 21:54:54,198 [AppLog] INFO : 开启手动压墨上墨：PushInkBtn_Click
2023-07-14 21:54:55,992 [AppLog] INFO : 停止手动压墨上墨：PushInkBtn_Click
2023-07-14 21:54:58,660 [AppLog] INFO : 开启手动压墨上墨：PushInkBtn_Click
2023-07-14 21:54:59,783 [AppLog] INFO : 停止手动压墨上墨：PushInkBtn_Click
2023-07-14 21:55:02,232 [AppLog] INFO : 开启手动压墨上墨：PushInkBtn_Click
2023-07-14 21:55:03,262 [AppLog] INFO : 停止手动压墨上墨：PushInkBtn_Click
2023-07-14 21:55:06,678 [AppLog] INFO : 开启手动压墨上墨：PushInkBtn_Click
2023-07-14 21:55:07,723 [AppLog] INFO : 停止手动压墨上墨：PushInkBtn_Click
2023-07-14 21:55:09,985 [AppLog] INFO : 开启手动压墨上墨：PushInkBtn_Click
2023-07-14 21:55:11,108 [AppLog] INFO : 停止手动压墨上墨：PushInkBtn_Click
2023-07-14 21:55:13,823 [AppLog] INFO : 开启手动压墨上墨：PushInkBtn_Click
2023-07-14 21:55:14,962 [AppLog] INFO : 停止手动压墨上墨：PushInkBtn_Click
2023-07-14 21:55:17,692 [AppLog] INFO : 开启手动压墨上墨：PushInkBtn_Click
2023-07-14 21:55:18,721 [AppLog] INFO : 停止手动压墨上墨：PushInkBtn_Click
2023-07-14 21:55:20,780 [AppLog] INFO : 开启手动压墨上墨：PushInkBtn_Click
2023-07-14 21:55:21,857 [AppLog] INFO : 停止手动压墨上墨：PushInkBtn_Click
2023-07-14 21:55:24,212 [AppLog] INFO : 开启手动压墨上墨：PushInkBtn_Click
2023-07-14 21:55:25,304 [AppLog] INFO : 停止手动压墨上墨：PushInkBtn_Click
2023-07-14 21:55:27,738 [AppLog] INFO : 开启手动压墨上墨：PushInkBtn_Click
2023-07-14 21:55:28,643 [AppLog] INFO : 停止手动压墨上墨：PushInkBtn_Click
2023-07-14 21:55:32,465 [AppLog] INFO : 退出手动调试子模块,已执行修改
==========================================================================
