2023-03-13 20:02:03,376 [AppLog] INFO : 软件开机密码正确，登录成功1次
==========================================================================
操作系统:{Microsoft Windows 7 旗舰版 }
运行环境:{ .Net Framework Enviroment Version 4.0.30319.42000}
盘符：D
CPU使用率：{24.99964%} ，可用内存大小:{14404MB}，硬盘剩余空间：
  盘符 C:\ 的剩余空间：71 GB
  盘符 D:\ 的剩余空间：91 GB
硬件配置情况：
  CPU 厂家: GenuineIntel CPU 型号: Intel(R) Core(TM) i7-4770 CPU @ 3.40GHz
  内存条厂家: Kingston 内存条型号: 99P5471-043.A00LF 
  内存条厂家: Kingston 内存条型号: 99P5471-043.A00LF 
  硬盘厂家: (标准磁盘驱动器) 硬盘型号: Micron_1300_MTFDDAK256TDL ATA Device
==========================================================================
2023-03-13 20:02:04,811 [AppLog] INFO : 开启系统：板卡通讯，伺服供电，照明系统，UV/HR固化系统！
2023-03-13 20:02:04,811 [AppLog] INFO : 开启系统：一键启动系统开始！
2023-03-13 20:02:10,895 [AppLog] INFO : 开启系统：一键启动系统结束！
2023-03-13 20:02:35,917 [AppLog] INFO : 初始化喷墨控制器！
2023-03-13 20:02:36,214 [AppLog] INFO : 红外灯控制器485通讯建立！
2023-03-13 20:02:36,214 [AppLog] INFO : 进入电气控制模块
2023-03-13 20:02:37,727 [AppLog] INFO : 电气控制模块：手动打开端口14
2023-03-13 20:02:38,569 [AppLog] INFO : 电气控制模块：手动打开端口15
2023-03-13 20:02:39,349 [AppLog] INFO : 退出电气控制模块
2023-03-13 20:02:40,145 [AppLog] INFO : 进入手动调试子模块！
2023-03-13 20:02:53,124 [AppLog] INFO : 退出手动调试子模块，未执行修改
==========================================================================
2023-03-13 20:02:54,060 [AppLog] INFO : 进入数据加载模块
2023-03-13 20:03:10,580 [AppLog] INFO : 进入JOB参数设置：修改前初始参数：灰度数据格式{1bits}打印灰阶{1阶}m_XPrintDpi{1270Dpi}墨车运动速度{80MM/s}X向起打位置{50MM}Y向起打位置{20MM}
2023-03-13 20:03:12,328 [AppLog] INFO : CAD数据加载：添加.bjgroup格式CAD数据成功-D:\Release\CLI输入文件\SCUT-3DP测试件打-0915\shibiaoceshi-0309.bjgroup
2023-03-13 20:03:14,558 [AppLog] INFO : 退出JOB参数设置：未修改直接退出！
2023-03-13 20:03:15,432 [AppLog] INFO : 监控记录设置！
2023-03-13 20:03:18,786 [AppLog] INFO : 更新监控配置文件：SaveJsonFile：配置文件路径{D:\Release\MonitorPrint-Configuration.json}m_sMonitorRecordPath{D:\shibiao-daying-0309}m_sPrintJobName{dayinpaizhaoceshi-0309}m_anJettingBinderBedMonitorFlags{False,False,False,False,False,False,True,False,False,False,False,True,}
2023-03-13 20:03:20,440 [AppLog] INFO : 进入手动调试子模块！
2023-03-13 20:03:22,124 [AppLog] INFO : 退出手动调试子模块，未执行修改
==========================================================================
2023-03-13 20:03:23,029 [AppLog] INFO : 进入电气控制模块
2023-03-13 20:03:23,918 [AppLog] INFO : 退出电气控制模块
2023-03-13 20:03:24,480 [AppLog] INFO : 显示模组校准栏
2023-03-13 20:03:26,071 [AppLog] INFO : 不显示模组校准栏
2023-03-13 20:04:29,891 [AppLog] INFO : 开启系统：板卡通讯，伺服供电，照明系统，UV/HR固化系统！
2023-03-13 20:04:31,747 [AppLog] INFO : 关闭系统：一键关闭系统开始！
2023-03-13 20:04:37,972 [AppLog] INFO : 关闭系统：一键关闭系统结束！
2023-03-13 20:04:38,003 [AppLog] INFO : 喷墨控制器的所有轴输出关闭！
2023-03-13 20:04:38,019 [AppLog] INFO : 喷墨控制器关闭！
2023-03-13 20:04:38,019 [AppLog] INFO : 进入电气控制模块
2023-03-13 20:04:38,955 [AppLog] INFO : 电气控制模块：手动关闭端口14
2023-03-13 20:04:39,703 [AppLog] INFO : 电气控制模块：手动关闭端口15
2023-03-13 20:04:40,405 [AppLog] INFO : 退出电气控制模块
2023-03-13 20:04:44,290 [AppLog] INFO : 软件及设备关停中：墨车所有方向运动确认停止（X,Y,Y2)： bImmeStop{False},nAxisMask{0x7}
2023-03-13 20:04:44,290 [AppLog] INFO : 软件及设备关停中：喷墨控制器板卡系统关闭（X,Y,Y2)：DEV_CloseDevice
2023-03-13 20:04:44,929 [AppLog] INFO : 软件及设备关停成功
==========================================================================
操作系统:{Microsoft Windows 7 旗舰版 }
运行环境:{ .Net Framework Enviroment Version 4.0.30319.42000}
盘符：D
CPU使用率：{41.07117%} ，可用内存大小:{14140MB}，硬盘剩余空间：
  盘符 C:\ 的剩余空间：71 GB
  盘符 D:\ 的剩余空间：91 GB
==========================================================================
