2023-11-28 19:10:01,304 [AppLog] INFO : 软件开机密码正确，登录成功1次
==========================================================================
操作系统:{Microsoft Windows 7 旗舰版 }
运行环境:{ .Net Framework Enviroment Version 4.0.30319.42000}
盘符：D
CPU使用率：{37.49975%} ，可用内存大小:{14381MB}，硬盘剩余空间：
  盘符 C:\ 的剩余空间：70 GB
  盘符 D:\ 的剩余空间：70 GB
硬件配置情况：
  CPU 厂家: GenuineIntel CPU 型号: Intel(R) Core(TM) i7-4770 CPU @ 3.40GHz
  内存条厂家: Kingston 内存条型号: 99P5471-043.A00LF 
  内存条厂家: Kingston 内存条型号: 99P5471-043.A00LF 
  硬盘厂家: (标准磁盘驱动器) 硬盘型号: Micron_1300_MTFDDAK256TDL ATA Device
==========================================================================
2023-11-28 19:10:01,320 [AppLog] INFO : 开启系统：板卡通讯，伺服供电，照明系统，UV/HR固化系统！
2023-11-28 19:10:01,320 [AppLog] INFO : 开启系统：一键启动系统开始！
2023-11-28 19:10:07,404 [AppLog] INFO : 开启系统：一键启动系统结束！
2023-11-28 19:10:07,607 [AppLog] INFO : 创建：AutoPrintMotion0=》初次创建完成-手动操作！
2023-11-28 19:10:07,685 [AppLog] INFO : 初始化喷墨控制器启动！
2023-11-28 19:10:31,459 [AppLog] INFO : 打开喷墨控制器设备成功！
2023-11-28 19:10:31,475 [AppLog] INFO : 输入校准值1次{成功}，打印往返差校准值为：BiDirEncPrtOff{5},分频值{8},打印速度{300mm/s}
2023-11-28 19:10:31,865 [AppLog] INFO : PASS打印前关键状态：DEV_GetDeviceInfo：LPPRINTER_INFO:nXSysEncDPI{5080}nStatus{909129520}nPrintStatus{0}bSuperDevice{1}
LPPRINTER_INFO-LPPrtRunInfo:bJobPrtRuning{False}bLayerPrtIsOver{False}nContReqMemErr{0}nContWDErr{0}nCurPrtDir{0}nDTLayerIndex{0}nDTLayerPassIndex{0}nDTPtrCtlIndex{0}nLayerPassCount{0}nPrintLayerIndex{0}nPrintPassIndex{0}nProcLayerIndex{0}nPrtDataMemAddr{0}nPrtState{0}nReverse{System.Int32[]}nRevPrtCols{0}
LPPRINTER_INFO-LPDRVINFO:nFMVersion{45074}nFpgaVersion{539038216}nPCBVersion{0}nState{0}nNextState{0}nPtvwarnState{0}nCrc32{0}nRevInfo{System.UInt32[]}nSignature{0}
2023-11-28 19:10:43,409 [AppLog] INFO : 初始化喷墨控制器成功！
2023-11-28 19:10:43,409 [AppLog] INFO : 进入：EquipmentMotionLogic3=》准备创建对象-手动操作！
2023-11-28 19:10:43,440 [AppLog] INFO : 进入：EquipmentMotionLogic3=》创建完成-手动操作！
2023-11-28 19:12:48,256 [AppLog] INFO : 软件开机密码正确，登录成功1次
==========================================================================
操作系统:{Microsoft Windows 7 旗舰版 }
运行环境:{ .Net Framework Enviroment Version 4.0.30319.42000}
盘符：D
CPU使用率：{49.99973%} ，可用内存大小:{14359MB}，硬盘剩余空间：
  盘符 C:\ 的剩余空间：70 GB
  盘符 D:\ 的剩余空间：70 GB
硬件配置情况：
  CPU 厂家: GenuineIntel CPU 型号: Intel(R) Core(TM) i7-4770 CPU @ 3.40GHz
  内存条厂家: Kingston 内存条型号: 99P5471-043.A00LF 
  内存条厂家: Kingston 内存条型号: 99P5471-043.A00LF 
  硬盘厂家: (标准磁盘驱动器) 硬盘型号: Micron_1300_MTFDDAK256TDL ATA Device
==========================================================================
2023-11-28 19:12:48,272 [AppLog] INFO : 开启系统：板卡通讯，伺服供电，照明系统，UV/HR固化系统！
2023-11-28 19:12:48,272 [AppLog] INFO : 开启系统：一键启动系统开始！
2023-11-28 19:12:54,356 [AppLog] INFO : 开启系统：一键启动系统结束！
2023-11-28 19:12:54,527 [AppLog] INFO : 创建：AutoPrintMotion0=》初次创建完成-手动操作！
2023-11-28 19:12:54,590 [AppLog] INFO : 初始化喷墨控制器启动！
2023-11-28 19:13:18,364 [AppLog] INFO : 打开喷墨控制器设备成功！
2023-11-28 19:13:18,395 [AppLog] INFO : 输入校准值1次{成功}，打印往返差校准值为：BiDirEncPrtOff{5},分频值{8},打印速度{300mm/s}
2023-11-28 19:13:18,770 [AppLog] INFO : PASS打印前关键状态：DEV_GetDeviceInfo：LPPRINTER_INFO:nXSysEncDPI{5080}nStatus{909129520}nPrintStatus{0}bSuperDevice{1}
LPPRINTER_INFO-LPPrtRunInfo:bJobPrtRuning{False}bLayerPrtIsOver{False}nContReqMemErr{0}nContWDErr{0}nCurPrtDir{0}nDTLayerIndex{0}nDTLayerPassIndex{0}nDTPtrCtlIndex{0}nLayerPassCount{0}nPrintLayerIndex{0}nPrintPassIndex{0}nProcLayerIndex{0}nPrtDataMemAddr{0}nPrtState{0}nReverse{System.Int32[]}nRevPrtCols{0}
LPPRINTER_INFO-LPDRVINFO:nFMVersion{45074}nFpgaVersion{539038216}nPCBVersion{0}nState{0}nNextState{0}nPtvwarnState{0}nCrc32{0}nRevInfo{System.UInt32[]}nSignature{0}
2023-11-28 19:13:31,265 [AppLog] INFO : 初始化喷墨控制器成功！
2023-11-28 19:13:31,265 [AppLog] INFO : 进入：EquipmentMotionLogic3=》准备创建对象-手动操作！
2023-11-28 19:13:31,296 [AppLog] INFO : 进入：EquipmentMotionLogic3=》创建完成-手动操作！
2023-11-28 19:13:31,421 [AppLog] INFO : 红外灯控制器485通讯建立！
2023-11-28 19:13:31,421 [AppLog] INFO : 进入电气控制模块
2023-11-28 19:13:35,228 [AppLog] INFO : 电气控制模块：手动打开端口14
2023-11-28 19:13:36,226 [AppLog] INFO : 电气控制模块：手动打开端口15
2023-11-28 19:13:37,427 [AppLog] INFO : 退出电气控制模块
2023-11-28 19:13:38,644 [AppLog] INFO : 进入手动调试子模块！
2023-11-28 19:13:38,644 [AppLog] INFO : 进入：ManulBtn_Click=》准备创建对象-手动操作！
2023-11-28 19:13:38,675 [AppLog] INFO : 创建：ManualControl=》创建完成-手动操作！
2023-11-28 19:13:38,675 [AppLog] INFO : 加载成功：温控Modbus接口！
2023-11-28 19:13:58,784 [AppLog] INFO : 切换为点动模式====》：输出AXIS{第2轴}
2023-11-28 19:14:10,811 [AppLog] INFO : 手动负向点动指令（8轴运控板卡系统） ====》：输出AXIS{第2轴},点动量{10MM},运动速度{10MM/s}
2023-11-28 19:14:34,367 [AppLog] INFO : 手动负向点动指令（8轴运控板卡系统） ====》：输出AXIS{第2轴},点动量{10MM},运动速度{10MM/s}
2023-11-28 19:14:46,535 [AppLog] INFO : 手动负向点动指令（8轴运控板卡系统） ====》：输出AXIS{第2轴},点动量{10MM},运动速度{10MM/s}
2023-11-28 19:14:56,769 [AppLog] INFO : 手动负向点动指令（8轴运控板卡系统） ====》：输出AXIS{第2轴},点动量{10MM},运动速度{10MM/s}
2023-11-28 19:15:02,931 [AppLog] INFO : 手动负向点动指令（8轴运控板卡系统） ====》：输出AXIS{第2轴},点动量{10MM},运动速度{10MM/s}
2023-11-28 19:15:04,553 [AppLog] INFO : 手动负向点动指令（8轴运控板卡系统） ====》：输出AXIS{第2轴},点动量{10MM},运动速度{10MM/s}
2023-11-28 19:16:12,382 [AppLog] INFO : 手动负向点动指令（8轴运控板卡系统） ====》：输出AXIS{第1轴},点动量{1.5MM},运动速度{2MM/s}
2023-11-28 19:16:13,896 [AppLog] INFO : 切换为JOG模式====》：输出AXIS{第1轴}
2023-11-28 19:16:14,676 [AppLog] INFO : 手动负向JOG指令（8轴运控板卡系统） ====》：输出AXIS{第1轴},运动速度{2MM/s}
2023-11-28 19:16:15,970 [AppLog] INFO : 手动停止JOG输出（8轴运控板卡系统） ====》：输出AXIS{第1轴}
2023-11-28 19:16:19,028 [AppLog] INFO : 手动负向JOG指令（8轴运控板卡系统） ====》：输出AXIS{第1轴},运动速度{5MM/s}
2023-11-28 19:16:29,948 [AppLog] INFO : 手动负向JOG指令（8轴运控板卡系统） ====》：输出AXIS{第1轴},运动速度{5MM/s}
2023-11-28 19:16:30,057 [AppLog] INFO : 手动停止JOG输出（8轴运控板卡系统） ====》：输出AXIS{第1轴}
2023-11-28 19:16:30,822 [AppLog] INFO : 手动负向JOG指令（8轴运控板卡系统） ====》：输出AXIS{第1轴},运动速度{5MM/s}
2023-11-28 19:16:30,837 [AppLog] INFO : 手动停止JOG输出（8轴运控板卡系统） ====》：输出AXIS{第1轴}
2023-11-28 19:16:31,726 [AppLog] INFO : 手动负向JOG指令（8轴运控板卡系统） ====》：输出AXIS{第1轴},运动速度{5MM/s}
2023-11-28 19:16:31,789 [AppLog] INFO : 手动停止JOG输出（8轴运控板卡系统） ====》：输出AXIS{第1轴}
2023-11-28 19:16:32,506 [AppLog] INFO : 手动负向JOG指令（8轴运控板卡系统） ====》：输出AXIS{第1轴},运动速度{5MM/s}
2023-11-28 19:16:33,271 [AppLog] INFO : 手动停止JOG输出（8轴运控板卡系统） ====》：输出AXIS{第1轴}
2023-11-28 19:16:34,254 [AppLog] INFO : 手动负向JOG指令（8轴运控板卡系统） ====》：输出AXIS{第1轴},运动速度{5MM/s}
2023-11-28 19:16:38,091 [AppLog] INFO : 手动停止JOG输出（8轴运控板卡系统） ====》：输出AXIS{第1轴}
2023-11-28 19:16:38,809 [AppLog] INFO : 手动负向JOG指令（8轴运控板卡系统） ====》：输出AXIS{第1轴},运动速度{5MM/s}
2023-11-28 19:16:53,582 [AppLog] INFO : 手动停止JOG输出（8轴运控板卡系统） ====》：输出AXIS{第1轴}
2023-11-28 19:16:54,362 [AppLog] INFO : 手动负向JOG指令（8轴运控板卡系统） ====》：输出AXIS{第1轴},运动速度{5MM/s}
2023-11-28 19:17:04,362 [AppLog] INFO : 手动停止JOG输出（8轴运控板卡系统） ====》：输出AXIS{第1轴}
2023-11-28 19:17:04,627 [AppLog] INFO : 手动负向JOG指令（8轴运控板卡系统） ====》：输出AXIS{第1轴},运动速度{5MM/s}
2023-11-28 19:17:10,773 [AppLog] INFO : 手动停止JOG输出（8轴运控板卡系统） ====》：输出AXIS{第1轴}
2023-11-28 19:17:11,272 [AppLog] INFO : 手动负向JOG指令（8轴运控板卡系统） ====》：输出AXIS{第1轴},运动速度{5MM/s}
2023-11-28 19:17:12,396 [AppLog] INFO : 手动停止JOG输出（8轴运控板卡系统） ====》：输出AXIS{第1轴}
2023-11-28 19:17:12,973 [AppLog] INFO : 手动负向JOG指令（8轴运控板卡系统） ====》：输出AXIS{第1轴},运动速度{5MM/s}
2023-11-28 19:17:23,690 [AppLog] INFO : 手动停止JOG输出（8轴运控板卡系统） ====》：输出AXIS{第1轴}
2023-11-28 19:17:23,877 [AppLog] INFO : 手动负向JOG指令（8轴运控板卡系统） ====》：输出AXIS{第1轴},运动速度{5MM/s}
2023-11-28 19:17:24,798 [AppLog] INFO : 手动停止JOG输出（8轴运控板卡系统） ====》：输出AXIS{第1轴}
2023-11-28 19:17:25,281 [AppLog] INFO : 手动负向JOG指令（8轴运控板卡系统） ====》：输出AXIS{第1轴},运动速度{5MM/s}
2023-11-28 19:17:25,968 [AppLog] INFO : 手动停止JOG输出（8轴运控板卡系统） ====》：输出AXIS{第1轴}
2023-11-28 19:17:26,217 [AppLog] INFO : 手动负向JOG指令（8轴运控板卡系统） ====》：输出AXIS{第1轴},运动速度{5MM/s}
2023-11-28 19:17:27,808 [AppLog] INFO : 手动停止JOG输出（8轴运控板卡系统） ====》：输出AXIS{第1轴}
2023-11-28 19:17:28,136 [AppLog] INFO : 手动负向JOG指令（8轴运控板卡系统） ====》：输出AXIS{第1轴},运动速度{5MM/s}
2023-11-28 19:17:28,651 [AppLog] INFO : 手动停止JOG输出（8轴运控板卡系统） ====》：输出AXIS{第1轴}
2023-11-28 19:17:28,932 [AppLog] INFO : 手动负向JOG指令（8轴运控板卡系统） ====》：输出AXIS{第1轴},运动速度{5MM/s}
2023-11-28 19:17:29,462 [AppLog] INFO : 手动停止JOG输出（8轴运控板卡系统） ====》：输出AXIS{第1轴}
2023-11-28 19:17:29,930 [AppLog] INFO : 手动负向JOG指令（8轴运控板卡系统） ====》：输出AXIS{第1轴},运动速度{5MM/s}
2023-11-28 19:17:31,365 [AppLog] INFO : 手动停止JOG输出（8轴运控板卡系统） ====》：输出AXIS{第1轴}
2023-11-28 19:17:31,568 [AppLog] INFO : 手动负向JOG指令（8轴运控板卡系统） ====》：输出AXIS{第1轴},运动速度{5MM/s}
2023-11-28 19:17:32,052 [AppLog] INFO : 手动停止JOG输出（8轴运控板卡系统） ====》：输出AXIS{第1轴}
2023-11-28 19:17:35,718 [AppLog] INFO : 手动正向JOG指令（8轴运控板卡系统） ====》：输出AXIS{第1轴},运动速度{5MM/s}
2023-11-28 19:17:35,842 [AppLog] INFO : 手动停止JOG输出（8轴运控板卡系统） ====》：输出AXIS{第1轴}
2023-11-28 19:17:39,399 [AppLog] INFO : 手动正向JOG指令（8轴运控板卡系统） ====》：输出AXIS{第1轴},运动速度{2MM/s}
2023-11-28 19:17:39,493 [AppLog] INFO : 手动停止JOG输出（8轴运控板卡系统） ====》：输出AXIS{第1轴}
2023-11-28 19:17:41,287 [AppLog] INFO : 退出手动调试子模块，未执行修改
==========================================================================
2023-11-28 19:17:44,812 [AppLog] INFO : 进入电气控制模块
2023-11-28 19:17:46,014 [AppLog] INFO : 电气控制模块：手动关闭端口14
2023-11-28 19:17:47,074 [AppLog] INFO : 电气控制模块：手动关闭端口15
2023-11-28 19:17:47,839 [AppLog] INFO : 退出电气控制模块
2023-11-28 19:17:48,931 [AppLog] INFO : 进入手动调试子模块！
2023-11-28 19:17:48,946 [AppLog] INFO : 进入：ManulBtn_Click=》准备创建对象-手动操作！
2023-11-28 19:17:48,962 [AppLog] INFO : 创建：ManualControl=》创建完成-手动操作！
2023-11-28 19:17:48,962 [AppLog] INFO : 加载成功：温控Modbus接口！
2023-11-28 19:18:11,894 [AppLog] INFO : 退出手动调试子模块，未执行修改
==========================================================================
2023-11-28 19:18:13,236 [AppLog] INFO : 进入电气控制模块
2023-11-28 19:18:14,889 [AppLog] INFO : 退出电气控制模块
2023-11-28 19:32:11,906 [AppLog] INFO : 进入手动调试子模块！
2023-11-28 19:32:11,906 [AppLog] INFO : 进入：ManulBtn_Click=》准备创建对象-手动操作！
2023-11-28 19:32:11,937 [AppLog] INFO : 创建：ManualControl=》创建完成-手动操作！
2023-11-28 19:32:11,937 [AppLog] INFO : 加载成功：温控Modbus接口！
2023-11-28 19:32:14,808 [AppLog] INFO : 手动负向JOG指令（8轴运控板卡系统） ====》：输出AXIS{第2轴},运动速度{50MM/s}
2023-11-28 19:32:14,932 [AppLog] INFO : 自动停止铺粉棍轴JOG输出（8轴运控板卡系统） ====》：输出AXIS{第6轴}
2023-11-28 19:32:14,932 [AppLog] INFO : 手动停止JOG输出（8轴运控板卡系统） ====》：输出AXIS{第2轴}
2023-11-28 19:32:15,463 [AppLog] INFO : 手动负向JOG指令（8轴运控板卡系统） ====》：输出AXIS{第2轴},运动速度{50MM/s}
2023-11-28 19:32:15,619 [AppLog] INFO : 自动停止铺粉棍轴JOG输出（8轴运控板卡系统） ====》：输出AXIS{第6轴}
2023-11-28 19:32:15,619 [AppLog] INFO : 手动停止JOG输出（8轴运控板卡系统） ====》：输出AXIS{第2轴}
2023-11-28 19:32:15,946 [AppLog] INFO : 手动负向JOG指令（8轴运控板卡系统） ====》：输出AXIS{第2轴},运动速度{50MM/s}
2023-11-28 19:32:24,636 [AppLog] INFO : 自动停止铺粉棍轴JOG输出（8轴运控板卡系统） ====》：输出AXIS{第6轴}
2023-11-28 19:32:24,636 [AppLog] INFO : 手动停止JOG输出（8轴运控板卡系统） ====》：输出AXIS{第2轴}
2023-11-28 19:32:25,104 [AppLog] INFO : 手动负向JOG指令（8轴运控板卡系统） ====》：输出AXIS{第2轴},运动速度{50MM/s}
2023-11-28 19:32:25,774 [AppLog] INFO : 自动停止铺粉棍轴JOG输出（8轴运控板卡系统） ====》：输出AXIS{第6轴}
2023-11-28 19:32:25,774 [AppLog] INFO : 手动停止JOG输出（8轴运控板卡系统） ====》：输出AXIS{第2轴}
2023-11-28 19:32:26,882 [AppLog] INFO : 手动负向JOG指令（8轴运控板卡系统） ====》：输出AXIS{第2轴},运动速度{50MM/s}
2023-11-28 19:32:27,288 [AppLog] INFO : 自动停止铺粉棍轴JOG输出（8轴运控板卡系统） ====》：输出AXIS{第6轴}
2023-11-28 19:32:27,288 [AppLog] INFO : 手动停止JOG输出（8轴运控板卡系统） ====》：输出AXIS{第2轴}
2023-11-28 19:32:29,222 [AppLog] INFO : 手动负向JOG指令（8轴运控板卡系统） ====》：输出AXIS{第2轴},运动速度{50MM/s}
2023-11-28 19:32:29,362 [AppLog] INFO : 自动停止铺粉棍轴JOG输出（8轴运控板卡系统） ====》：输出AXIS{第6轴}
2023-11-28 19:32:29,362 [AppLog] INFO : 手动停止JOG输出（8轴运控板卡系统） ====》：输出AXIS{第2轴}
2023-11-28 19:32:33,122 [AppLog] INFO : 退出手动调试子模块，未执行修改
==========================================================================
2023-11-28 19:32:36,538 [AppLog] INFO : 进入手动调试子模块！
2023-11-28 19:32:36,538 [AppLog] INFO : 进入：ManulBtn_Click=》准备创建对象-手动操作！
2023-11-28 19:32:36,570 [AppLog] INFO : 创建：ManualControl=》创建完成-手动操作！
2023-11-28 19:32:36,570 [AppLog] INFO : 加载成功：温控Modbus接口！
2023-11-28 19:32:39,378 [AppLog] INFO : 手动正向点动指令（8轴运控板卡系统） ====》：输出AXIS{第1轴},点动量{1.5MM},运动速度{2MM/s}
2023-11-28 19:32:39,424 [AppLog] INFO : 切换为JOG模式====》：输出AXIS{第1轴}
2023-11-28 19:32:42,810 [AppLog] INFO : 手动正向JOG指令（8轴运控板卡系统） ====》：输出AXIS{第1轴},运动速度{5MM/s}
2023-11-28 19:32:42,934 [AppLog] INFO : 手动停止JOG输出（8轴运控板卡系统） ====》：输出AXIS{第1轴}
2023-11-28 19:32:43,418 [AppLog] INFO : 手动正向JOG指令（8轴运控板卡系统） ====》：输出AXIS{第1轴},运动速度{5MM/s}
2023-11-28 19:32:44,011 [AppLog] INFO : 手动停止JOG输出（8轴运控板卡系统） ====》：输出AXIS{第1轴}
2023-11-28 19:32:44,962 [AppLog] INFO : 手动正向JOG指令（8轴运控板卡系统） ====》：输出AXIS{第1轴},运动速度{5MM/s}
2023-11-28 19:32:48,784 [AppLog] INFO : 手动停止JOG输出（8轴运控板卡系统） ====》：输出AXIS{第1轴}
2023-11-28 19:32:49,299 [AppLog] INFO : 手动正向JOG指令（8轴运控板卡系统） ====》：输出AXIS{第1轴},运动速度{5MM/s}
2023-11-28 19:32:51,218 [AppLog] INFO : 手动停止JOG输出（8轴运控板卡系统） ====》：输出AXIS{第1轴}
2023-11-28 19:32:51,561 [AppLog] INFO : 手动正向JOG指令（8轴运控板卡系统） ====》：输出AXIS{第1轴},运动速度{5MM/s}
2023-11-28 19:32:53,386 [AppLog] INFO : 手动停止JOG输出（8轴运控板卡系统） ====》：输出AXIS{第1轴}
2023-11-28 19:32:53,995 [AppLog] INFO : 手动正向JOG指令（8轴运控板卡系统） ====》：输出AXIS{第1轴},运动速度{5MM/s}
2023-11-28 19:32:57,037 [AppLog] INFO : 手动停止JOG输出（8轴运控板卡系统） ====》：输出AXIS{第1轴}
2023-11-28 19:32:57,349 [AppLog] INFO : 手动正向JOG指令（8轴运控板卡系统） ====》：输出AXIS{第1轴},运动速度{5MM/s}
2023-11-28 19:32:59,205 [AppLog] INFO : 手动停止JOG输出（8轴运控板卡系统） ====》：输出AXIS{第1轴}
2023-11-28 19:32:59,486 [AppLog] INFO : 手动正向JOG指令（8轴运控板卡系统） ====》：输出AXIS{第1轴},运动速度{5MM/s}
2023-11-28 19:33:01,998 [AppLog] INFO : 手动停止JOG输出（8轴运控板卡系统） ====》：输出AXIS{第1轴}
2023-11-28 19:33:02,278 [AppLog] INFO : 手动正向JOG指令（8轴运控板卡系统） ====》：输出AXIS{第1轴},运动速度{5MM/s}
2023-11-28 19:33:04,244 [AppLog] INFO : 手动停止JOG输出（8轴运控板卡系统） ====》：输出AXIS{第1轴}
2023-11-28 19:33:05,227 [AppLog] INFO : 手动正向JOG指令（8轴运控板卡系统） ====》：输出AXIS{第1轴},运动速度{5MM/s}
2023-11-28 19:33:05,617 [AppLog] INFO : 手动停止JOG输出（8轴运控板卡系统） ====》：输出AXIS{第1轴}
2023-11-28 19:33:06,490 [AppLog] INFO : 手动正向JOG指令（8轴运控板卡系统） ====》：输出AXIS{第1轴},运动速度{5MM/s}
2023-11-28 19:33:06,896 [AppLog] INFO : 手动停止JOG输出（8轴运控板卡系统） ====》：输出AXIS{第1轴}
2023-11-28 19:33:07,692 [AppLog] INFO : 手动正向JOG指令（8轴运控板卡系统） ====》：输出AXIS{第1轴},运动速度{5MM/s}
2023-11-28 19:33:09,002 [AppLog] INFO : 手动停止JOG输出（8轴运控板卡系统） ====》：输出AXIS{第1轴}
2023-11-28 19:33:09,283 [AppLog] INFO : 手动正向JOG指令（8轴运控板卡系统） ====》：输出AXIS{第1轴},运动速度{5MM/s}
2023-11-28 19:33:27,831 [AppLog] INFO : 手动停止JOG输出（8轴运控板卡系统） ====》：输出AXIS{第1轴}
2023-11-28 19:33:28,674 [AppLog] INFO : 手动正向JOG指令（8轴运控板卡系统） ====》：输出AXIS{第1轴},运动速度{5MM/s}
2023-11-28 19:33:29,407 [AppLog] INFO : 手动停止JOG输出（8轴运控板卡系统） ====》：输出AXIS{第1轴}
2023-11-28 19:33:32,917 [AppLog] INFO : 退出手动调试子模块，未执行修改
==========================================================================
2023-11-28 19:33:33,962 [AppLog] INFO : 进入电气控制模块
2023-11-28 19:33:35,818 [AppLog] INFO : 电气控制模块：手动打开端口15
2023-11-28 19:33:36,848 [AppLog] INFO : 电气控制模块：手动打开端口14
2023-11-28 19:33:37,659 [AppLog] INFO : 退出电气控制模块
2023-11-28 19:33:38,689 [AppLog] INFO : 进入手动调试子模块！
2023-11-28 19:33:38,689 [AppLog] INFO : 进入：ManulBtn_Click=》准备创建对象-手动操作！
2023-11-28 19:33:38,720 [AppLog] INFO : 创建：ManualControl=》创建完成-手动操作！
2023-11-28 19:33:38,720 [AppLog] INFO : 加载成功：温控Modbus接口！
2023-11-28 19:33:42,620 [AppLog] INFO : 切换为JOG模式====》：输出AXIS{第1轴}
2023-11-28 19:33:43,634 [AppLog] INFO : 手动正向JOG指令（8轴运控板卡系统） ====》：输出AXIS{第1轴},运动速度{2MM/s}
2023-11-28 19:33:52,479 [AppLog] INFO : 手动停止JOG输出（8轴运控板卡系统） ====》：输出AXIS{第1轴}
2023-11-28 19:33:52,963 [AppLog] INFO : 手动正向JOG指令（8轴运控板卡系统） ====》：输出AXIS{第1轴},运动速度{2MM/s}
2023-11-28 19:33:53,665 [AppLog] INFO : 手动停止JOG输出（8轴运控板卡系统） ====》：输出AXIS{第1轴}
2023-11-28 19:33:54,024 [AppLog] INFO : 手动正向JOG指令（8轴运控板卡系统） ====》：输出AXIS{第1轴},运动速度{2MM/s}
2023-11-28 19:33:54,757 [AppLog] INFO : 手动停止JOG输出（8轴运控板卡系统） ====》：输出AXIS{第1轴}
2023-11-28 19:33:55,084 [AppLog] INFO : 手动正向JOG指令（8轴运控板卡系统） ====》：输出AXIS{第1轴},运动速度{2MM/s}
2023-11-28 19:33:55,849 [AppLog] INFO : 手动停止JOG输出（8轴运控板卡系统） ====》：输出AXIS{第1轴}
2023-11-28 19:33:59,219 [AppLog] INFO : 手动正向JOG指令（8轴运控板卡系统） ====》：输出AXIS{第1轴},运动速度{2MM/s}
2023-11-28 19:33:59,999 [AppLog] INFO : 手动停止JOG输出（8轴运控板卡系统） ====》：输出AXIS{第1轴}
2023-11-28 19:34:00,264 [AppLog] INFO : 手动正向JOG指令（8轴运控板卡系统） ====》：输出AXIS{第1轴},运动速度{2MM/s}
2023-11-28 19:34:00,857 [AppLog] INFO : 手动停止JOG输出（8轴运控板卡系统） ====》：输出AXIS{第1轴}
2023-11-28 19:34:06,270 [AppLog] INFO : 手动正向JOG指令（8轴运控板卡系统） ====》：输出AXIS{第1轴},运动速度{2MM/s}
2023-11-28 19:34:06,800 [AppLog] INFO : 手动停止JOG输出（8轴运控板卡系统） ====》：输出AXIS{第1轴}
2023-11-28 19:34:08,875 [AppLog] INFO : 手动正向JOG指令（8轴运控板卡系统） ====》：输出AXIS{第1轴},运动速度{2MM/s}
2023-11-28 19:34:09,421 [AppLog] INFO : 手动停止JOG输出（8轴运控板卡系统） ====》：输出AXIS{第1轴}
2023-11-28 19:34:10,669 [AppLog] INFO : 手动正向JOG指令（8轴运控板卡系统） ====》：输出AXIS{第1轴},运动速度{2MM/s}
2023-11-28 19:34:11,075 [AppLog] INFO : 手动停止JOG输出（8轴运控板卡系统） ====》：输出AXIS{第1轴}
2023-11-28 19:35:27,764 [AppLog] INFO : 手动正向JOG指令（8轴运控板卡系统） ====》：输出AXIS{第1轴},运动速度{2MM/s}
2023-11-28 19:35:42,147 [AppLog] INFO : 手动停止JOG输出（8轴运控板卡系统） ====》：输出AXIS{第1轴}
2023-11-28 19:35:42,335 [AppLog] INFO : 手动正向JOG指令（8轴运控板卡系统） ====》：输出AXIS{第1轴},运动速度{2MM/s}
2023-11-28 19:35:43,489 [AppLog] INFO : 手动停止JOG输出（8轴运控板卡系统） ====》：输出AXIS{第1轴}
2023-11-28 19:35:43,739 [AppLog] INFO : 手动正向JOG指令（8轴运控板卡系统） ====》：输出AXIS{第1轴},运动速度{2MM/s}
2023-11-28 19:35:50,587 [AppLog] INFO : 手动停止JOG输出（8轴运控板卡系统） ====》：输出AXIS{第1轴}
2023-11-28 19:35:50,899 [AppLog] INFO : 手动正向JOG指令（8轴运控板卡系统） ====》：输出AXIS{第1轴},运动速度{2MM/s}
2023-11-28 19:35:52,568 [AppLog] INFO : 手动停止JOG输出（8轴运控板卡系统） ====》：输出AXIS{第1轴}
2023-11-28 19:35:52,849 [AppLog] INFO : 手动正向JOG指令（8轴运控板卡系统） ====》：输出AXIS{第1轴},运动速度{2MM/s}
2023-11-28 19:35:53,458 [AppLog] INFO : 手动停止JOG输出（8轴运控板卡系统） ====》：输出AXIS{第1轴}
2023-11-28 19:35:54,175 [AppLog] INFO : 手动正向JOG指令（8轴运控板卡系统） ====》：输出AXIS{第1轴},运动速度{2MM/s}
2023-11-28 19:35:55,813 [AppLog] INFO : 手动停止JOG输出（8轴运控板卡系统） ====》：输出AXIS{第1轴}
2023-11-28 19:35:57,436 [AppLog] INFO : 手动正向JOG指令（8轴运控板卡系统） ====》：输出AXIS{第1轴},运动速度{2MM/s}
2023-11-28 19:35:59,776 [AppLog] INFO : 手动停止JOG输出（8轴运控板卡系统） ====》：输出AXIS{第1轴}
2023-11-28 19:36:00,010 [AppLog] INFO : 手动正向JOG指令（8轴运控板卡系统） ====》：输出AXIS{第1轴},运动速度{2MM/s}
2023-11-28 19:36:01,398 [AppLog] INFO : 手动停止JOG输出（8轴运控板卡系统） ====》：输出AXIS{第1轴}
2023-11-28 19:36:01,616 [AppLog] INFO : 手动正向JOG指令（8轴运控板卡系统） ====》：输出AXIS{第1轴},运动速度{2MM/s}
2023-11-28 19:36:08,122 [AppLog] INFO : 手动停止JOG输出（8轴运控板卡系统） ====》：输出AXIS{第1轴}
2023-11-28 19:36:08,402 [AppLog] INFO : 手动正向JOG指令（8轴运控板卡系统） ====》：输出AXIS{第1轴},运动速度{2MM/s}
2023-11-28 19:36:15,563 [AppLog] INFO : 手动停止JOG输出（8轴运控板卡系统） ====》：输出AXIS{第1轴}
2023-11-28 19:36:15,734 [AppLog] INFO : 手动正向JOG指令（8轴运控板卡系统） ====》：输出AXIS{第1轴},运动速度{2MM/s}
2023-11-28 19:36:17,138 [AppLog] INFO : 手动停止JOG输出（8轴运控板卡系统） ====》：输出AXIS{第1轴}
2023-11-28 19:36:21,038 [AppLog] INFO : 退出手动调试子模块，未执行修改
==========================================================================
2023-11-28 19:36:22,240 [AppLog] INFO : 开启系统：板卡通讯，伺服供电，照明系统，UV/HR固化系统！
2023-11-28 19:36:23,332 [AppLog] INFO : 关闭系统：一键关闭系统开始！
2023-11-28 19:36:29,540 [AppLog] INFO : 关闭系统：一键关闭系统结束！
2023-11-28 19:36:29,572 [AppLog] INFO : 喷墨控制器的所有轴输出关闭！
2023-11-28 19:36:29,665 [AppLog] INFO : 喷墨控制器关闭！
2023-11-28 19:36:29,665 [AppLog] INFO : 创建：AutoPrintMotion0=》不需重新创建-手动操作！
2023-11-28 19:36:29,681 [AppLog] INFO : 进入电气控制模块
2023-11-28 19:36:31,132 [AppLog] INFO : 电气控制模块：手动关闭端口14
2023-11-28 19:36:31,927 [AppLog] INFO : 电气控制模块：手动关闭端口15
2023-11-28 19:36:32,988 [AppLog] INFO : 退出电气控制模块
2023-11-28 19:36:37,340 [AppLog] INFO : 软件及设备关停中：墨车所有方向运动确认停止（X,Y,Y2)： bImmeStop{False},nAxisMask{0x7}
2023-11-28 19:36:37,356 [AppLog] INFO : 软件及设备关停中：喷墨控制器板卡系统关闭（X,Y,Y2)：DEV_CloseDevice
2023-11-28 19:36:38,027 [AppLog] INFO : 软件及设备关停成功
==========================================================================
操作系统:{Microsoft Windows 7 旗舰版 }
运行环境:{ .Net Framework Enviroment Version 4.0.30319.42000}
盘符：D
CPU使用率：{0%} ，可用内存大小:{14294MB}，硬盘剩余空间：
  盘符 C:\ 的剩余空间：70 GB
  盘符 D:\ 的剩余空间：70 GB
==========================================================================
