2023-04-24 19:34:23,912 [AppLog] INFO : 软件开机密码正确，登录成功1次
==========================================================================
操作系统:{Microsoft Windows 7 旗舰版 }
运行环境:{ .Net Framework Enviroment Version 4.0.30319.42000}
盘符：D
CPU使用率：{21.42826%} ，可用内存大小:{14311MB}，硬盘剩余空间：
  盘符 C:\ 的剩余空间：70 GB
  盘符 D:\ 的剩余空间：66 GB
  盘符 E:\ 的剩余空间：29 GB
硬件配置情况：
  CPU 厂家: GenuineIntel CPU 型号: Intel(R) Core(TM) i7-4770 CPU @ 3.40GHz
  内存条厂家: Kingston 内存条型号: 99P5471-043.A00LF 
  内存条厂家: Kingston 内存条型号: 99P5471-043.A00LF 
  硬盘厂家: (标准磁盘驱动器) 硬盘型号: Micron_1300_MTFDDAK256TDL ATA Device
  硬盘厂家: (标准磁盘驱动器) 硬盘型号: Mass Storage Device USB Device
==========================================================================
2023-04-24 19:34:25,612 [AppLog] INFO : 开启系统：板卡通讯，伺服供电，照明系统，UV/HR固化系统！
2023-04-24 19:34:25,612 [AppLog] INFO : 开启系统：一键启动系统开始！
2023-04-24 19:34:31,712 [AppLog] INFO : 开启系统：一键启动系统结束！
2023-04-24 19:34:31,899 [AppLog] INFO : 创建：AutoPrintMotion0=》初次创建完成-手动操作！
2023-04-24 19:34:31,977 [AppLog] INFO : 初始化喷墨控制器启动！
2023-04-24 19:34:55,455 [AppLog] INFO : 打开喷墨控制器设备成功！
2023-04-24 19:34:55,486 [AppLog] INFO : 输入校准值1次{成功}，打印往返差校准值为：BiDirEncPrtOff{5},分频值{8},打印速度{300mm/s}
2023-04-24 19:36:17,324 [AppLog] INFO : 初始化喷墨控制器成功！
2023-04-24 19:36:17,324 [AppLog] INFO : 进入：EquipmentMotionLogic3=》准备创建对象-手动操作！
2023-04-24 19:36:17,355 [AppLog] INFO : 进入：EquipmentMotionLogic3=》创建完成-手动操作！
2023-04-24 19:36:17,495 [AppLog] INFO : 红外灯控制器485通讯建立！
2023-04-24 19:36:17,495 [AppLog] INFO : 进入电气控制模块
2023-04-24 19:36:18,447 [AppLog] INFO : 电气控制模块：手动打开端口14
2023-04-24 19:36:19,243 [AppLog] INFO : 电气控制模块：手动关闭端口14
2023-04-24 19:36:19,648 [AppLog] INFO : 退出电气控制模块
2023-04-24 19:36:20,257 [AppLog] INFO : 进入手动调试子模块！
2023-04-24 19:36:20,257 [AppLog] INFO : 进入：ManulBtn_Click=》准备创建对象-手动操作！
2023-04-24 19:36:20,288 [AppLog] INFO : 创建：ManualControl=》创建完成-手动操作！
2023-04-24 19:36:20,288 [AppLog] INFO : 加载成功：温控Modbus接口！
2023-04-24 19:36:23,098 [AppLog] INFO : 开启手动冲洗喷头，端口{11}，清洗控制周期：{1}S,{0.5}S
2023-04-24 19:36:23,528 [AppLog] INFO : 关闭手动冲洗喷头：
2023-04-24 19:36:23,946 [AppLog] INFO : 开启手动冲洗喷头，端口{11}，清洗控制周期：{1}S,{0.5}S
2023-04-24 19:36:24,445 [AppLog] INFO : 关闭手动冲洗喷头：
2023-04-24 19:36:24,741 [AppLog] INFO : 开启手动冲洗喷头，端口{11}，清洗控制周期：{1}S,{0.5}S
2023-04-24 19:36:25,209 [AppLog] INFO : 关闭手动冲洗喷头：
2023-04-24 19:36:33,836 [AppLog] INFO : 开启手动冲洗喷头，端口{11}，清洗控制周期：{1}S,{0.5}S
2023-04-24 19:36:34,913 [AppLog] INFO : 关闭手动冲洗喷头：
2023-04-24 19:36:35,303 [AppLog] INFO : 开启手动冲洗喷头，端口{11}，清洗控制周期：{1}S,{0.5}S
2023-04-24 19:36:35,895 [AppLog] INFO : 关闭手动冲洗喷头：
2023-04-24 19:36:36,317 [AppLog] INFO : 开启手动冲洗喷头，端口{11}，清洗控制周期：{1}S,{0.5}S
2023-04-24 19:36:36,753 [AppLog] INFO : 关闭手动冲洗喷头：
2023-04-24 19:36:37,143 [AppLog] INFO : 开启手动冲洗喷头，端口{11}，清洗控制周期：{1}S,{0.5}S
2023-04-24 19:36:37,580 [AppLog] INFO : 关闭手动冲洗喷头：
2023-04-24 19:37:10,106 [AppLog] INFO : 开启手动冲洗喷头，端口{11}，清洗控制周期：{1}S,{0.5}S
2023-04-24 19:37:18,624 [AppLog] INFO : 关闭手动冲洗喷头：
2023-04-24 19:38:01,961 [AppLog] INFO : 开启手动冲洗喷头，端口{11}，清洗控制周期：{1}S,{0.5}S
2023-04-24 19:38:26,671 [AppLog] INFO : 关闭手动冲洗喷头：
2023-04-24 19:38:31,289 [AppLog] INFO : 开启手动冲洗喷头，端口{11}，清洗控制周期：{1}S,{0.5}S
2023-04-24 19:38:34,378 [AppLog] INFO : 关闭手动冲洗喷头：
2023-04-24 19:38:40,009 [AppLog] INFO : 开启手动冲洗喷头，端口{11}，清洗控制周期：{1}S,{0.1}S
2023-04-24 19:39:10,835 [AppLog] INFO : 关闭手动冲洗喷头：
2023-04-24 19:39:11,365 [AppLog] INFO : 开启手动冲洗喷头，端口{11}，清洗控制周期：{0.5}S,{0.1}S
2023-04-24 19:39:49,866 [AppLog] INFO : 关闭手动冲洗喷头：
2023-04-24 19:39:52,846 [AppLog] INFO : 开启手动冲洗喷头，端口{11}，清洗控制周期：{0.5}S,{0.1}S
2023-04-24 19:39:54,234 [AppLog] INFO : 关闭手动冲洗喷头：
2023-04-24 19:40:03,766 [AppLog] INFO : 开启手动冲洗喷头，端口{11}，清洗控制周期：{0.5}S,{0.1}S
2023-04-24 19:40:09,912 [AppLog] INFO : 关闭手动冲洗喷头：
2023-04-24 19:40:10,505 [AppLog] INFO : 开启手动冲洗喷头，端口{11}，清洗控制周期：{1}S,{0.1}S
2023-04-24 19:40:34,045 [AppLog] INFO : 关闭手动冲洗喷头：
2023-04-24 19:40:35,122 [AppLog] INFO : 退出手动调试子模块,已执行修改
==========================================================================
2023-04-24 19:45:24,952 [AppLog] INFO : 进入手动调试子模块！
2023-04-24 19:45:24,952 [AppLog] INFO : 进入：ManulBtn_Click=》准备创建对象-手动操作！
2023-04-24 19:45:24,984 [AppLog] INFO : 创建：ManualControl=》创建完成-手动操作！
2023-04-24 19:45:24,984 [AppLog] INFO : 加载成功：温控Modbus接口！
2023-04-24 19:45:30,958 [AppLog] INFO : 开启手动冲洗喷头，端口{11}，清洗控制周期：{1}S,{0.1}S
2023-04-24 19:45:33,205 [AppLog] INFO : 关闭手动冲洗喷头：
2023-04-24 19:45:33,688 [AppLog] INFO : 开启手动冲洗喷头，端口{11}，清洗控制周期：{1}S,{0.1}S
2023-04-24 19:45:37,011 [AppLog] INFO : 关闭手动冲洗喷头：
2023-04-24 19:45:48,664 [AppLog] INFO : 开启手动冲洗喷头，端口{11}，清洗控制周期：{0.5}S,{0.1}S
2023-04-24 19:45:51,535 [AppLog] INFO : 关闭手动冲洗喷头：
2023-04-24 19:45:57,198 [AppLog] INFO : 开启手动冲洗喷头，端口{11}，清洗控制周期：{0.5}S,{0.1}S
2023-04-24 19:46:01,082 [AppLog] INFO : 关闭手动冲洗喷头：
2023-04-24 19:46:01,628 [AppLog] INFO : 开启手动冲洗喷头，端口{11}，清洗控制周期：{0.5}S,{0.1}S
2023-04-24 19:46:02,642 [AppLog] INFO : 关闭手动冲洗喷头：
2023-04-24 19:46:12,408 [AppLog] INFO : 开启手动冲洗喷头，端口{11}，清洗控制周期：{0.3}S,{0.1}S
2023-04-24 19:46:13,640 [AppLog] INFO : 关闭手动冲洗喷头：
2023-04-24 19:46:20,676 [AppLog] INFO : 开启手动冲洗喷头，端口{11}，清洗控制周期：{0.3}S,{0.03}S
2023-04-24 19:46:22,501 [AppLog] INFO : 关闭手动冲洗喷头：
2023-04-24 19:46:22,875 [AppLog] INFO : 开启手动冲洗喷头，端口{11}，清洗控制周期：{0.3}S,{0.03}S
2023-04-24 19:46:23,874 [AppLog] INFO : 关闭手动冲洗喷头：
2023-04-24 19:46:29,287 [AppLog] INFO : 开启手动冲洗喷头，端口{11}，清洗控制周期：{0.3}S,{0.1}S
2023-04-24 19:46:32,157 [AppLog] INFO : 关闭手动冲洗喷头：
2023-04-24 19:46:38,382 [AppLog] INFO : 开启手动冲洗喷头，端口{11}，清洗控制周期：{0.3}S,{0.05}S
2023-04-24 19:46:42,219 [AppLog] INFO : 关闭手动冲洗喷头：
2023-04-24 19:46:42,765 [AppLog] INFO : 开启手动冲洗喷头，端口{11}，清洗控制周期：{0.3}S,{0.05}S
2023-04-24 19:46:43,202 [AppLog] INFO : 关闭手动冲洗喷头：
2023-04-24 19:46:47,180 [AppLog] INFO : 开启手动冲洗喷头，端口{11}，清洗控制周期：{0.3}S,{0.09}S
2023-04-24 19:46:48,210 [AppLog] INFO : 关闭手动冲洗喷头：
2023-04-24 19:46:53,826 [AppLog] INFO : 开启手动冲洗喷头，端口{11}，清洗控制周期：{0.3}S,{0.1}S
2023-04-24 19:46:55,183 [AppLog] INFO : 关闭手动冲洗喷头：
2023-04-24 19:46:55,635 [AppLog] INFO : 开启手动冲洗喷头，端口{11}，清洗控制周期：{0.3}S,{0.1}S
2023-04-24 19:46:56,244 [AppLog] INFO : 关闭手动冲洗喷头：
2023-04-24 19:47:01,127 [AppLog] INFO : 开启手动冲洗喷头，端口{11}，清洗控制周期：{1}S,{0.1}S
2023-04-24 19:47:11,547 [AppLog] INFO : 关闭手动冲洗喷头：
2023-04-24 19:47:15,869 [AppLog] INFO : 开启手动冲洗喷头，端口{11}，清洗控制周期：{2}S,{0.1}S
2023-04-24 19:47:29,144 [AppLog] INFO : 关闭手动冲洗喷头：
2023-04-24 19:47:29,862 [AppLog] INFO : 开启手动冲洗喷头，端口{11}，清洗控制周期：{2}S,{0.1}S
2023-04-24 19:47:34,698 [AppLog] INFO : 关闭手动冲洗喷头：
2023-04-24 19:47:35,072 [AppLog] INFO : 开启手动冲洗喷头，端口{11}，清洗控制周期：{2}S,{0.1}S
2023-04-24 19:47:37,443 [AppLog] INFO : 关闭手动冲洗喷头：
2023-04-24 19:47:45,009 [AppLog] INFO : 开启手动冲洗喷头，端口{11}，清洗控制周期：{1}S,{0.2}S
2023-04-24 19:47:46,460 [AppLog] INFO : 关闭手动冲洗喷头：
2023-04-24 19:47:47,537 [AppLog] INFO : 开启手动冲洗喷头，端口{11}，清洗控制周期：{1}S,{0.2}S
2023-04-24 19:47:53,215 [AppLog] INFO : 关闭手动冲洗喷头：
2023-04-24 19:47:56,507 [AppLog] INFO : 开启手动冲洗喷头，端口{11}，清洗控制周期：{2}S,{0.2}S
2023-04-24 19:48:05,430 [AppLog] INFO : 关闭手动冲洗喷头：
2023-04-24 19:48:05,991 [AppLog] INFO : 开启手动冲洗喷头，端口{11}，清洗控制周期：{2}S,{0.2}S
2023-04-24 19:48:13,745 [AppLog] INFO : 关闭手动冲洗喷头：
2023-04-24 19:48:16,444 [AppLog] INFO : 开启手动冲洗喷头，端口{11}，清洗控制周期：{3}S,{0.2}S
2023-04-24 19:48:18,799 [AppLog] INFO : 关闭手动冲洗喷头：
2023-04-24 19:48:19,501 [AppLog] INFO : 开启手动冲洗喷头，端口{11}，清洗控制周期：{3}S,{0.2}S
2023-04-24 19:48:25,819 [AppLog] INFO : 关闭手动冲洗喷头：
2023-04-24 19:48:30,530 [AppLog] INFO : 开启手动冲洗喷头，端口{11}，清洗控制周期：{3}S,{0.3}S
2023-04-24 19:48:43,697 [AppLog] INFO : 关闭手动冲洗喷头：
2023-04-24 19:48:48,720 [AppLog] INFO : 退出手动调试子模块,已执行修改
==========================================================================
2023-04-24 19:48:49,594 [AppLog] INFO : 进入手动调试子模块！
2023-04-24 19:48:49,594 [AppLog] INFO : 进入：ManulBtn_Click=》准备创建对象-手动操作！
2023-04-24 19:48:49,625 [AppLog] INFO : 创建：ManualControl=》创建完成-手动操作！
2023-04-24 19:48:49,625 [AppLog] INFO : 加载成功：温控Modbus接口！
2023-04-24 19:48:52,230 [AppLog] INFO : 退出手动调试子模块,已执行修改
==========================================================================
