2023-05-07 15:48:54,265 [AppLog] INFO : 软件开机密码正确，登录成功1次
==========================================================================
操作系统:{Microsoft Windows 7 旗舰版 }
运行环境:{ .Net Framework Enviroment Version 4.0.30319.42000}
盘符：D
CPU使用率：{14.28532%} ，可用内存大小:{14319MB}，硬盘剩余空间：
  盘符 C:\ 的剩余空间：70 GB
  盘符 D:\ 的剩余空间：67 GB
硬件配置情况：
  CPU 厂家: GenuineIntel CPU 型号: Intel(R) Core(TM) i7-4770 CPU @ 3.40GHz
  内存条厂家: Kingston 内存条型号: 99P5471-043.A00LF 
  内存条厂家: Kingston 内存条型号: 99P5471-043.A00LF 
  硬盘厂家: (标准磁盘驱动器) 硬盘型号: Micron_1300_MTFDDAK256TDL ATA Device
==========================================================================
2023-05-07 15:49:00,848 [AppLog] INFO : 开启系统：板卡通讯，伺服供电，照明系统，UV/HR固化系统！
2023-05-07 15:49:00,848 [AppLog] INFO : 开启系统：一键启动系统开始！
2023-05-07 15:49:06,932 [AppLog] INFO : 开启系统：一键启动系统结束！
2023-05-07 15:49:07,135 [AppLog] INFO : 创建：AutoPrintMotion0=》初次创建完成-手动操作！
2023-05-07 15:49:07,198 [AppLog] INFO : 初始化喷墨控制器启动！
2023-05-07 15:49:30,691 [AppLog] INFO : 打开喷墨控制器设备成功！
2023-05-07 15:49:30,707 [AppLog] INFO : 输入校准值1次{成功}，打印往返差校准值为：BiDirEncPrtOff{5},分频值{8},打印速度{300mm/s}
2023-05-07 15:49:32,641 [AppLog] INFO : 初始化喷墨控制器成功！
2023-05-07 15:49:32,641 [AppLog] INFO : 进入：EquipmentMotionLogic3=》准备创建对象-手动操作！
2023-05-07 15:49:32,672 [AppLog] INFO : 进入：EquipmentMotionLogic3=》创建完成-手动操作！
2023-05-07 15:49:32,797 [AppLog] INFO : 红外灯控制器485通讯建立！
2023-05-07 15:49:32,797 [AppLog] INFO : 进入电气控制模块
2023-05-07 15:49:33,811 [AppLog] INFO : 电气控制模块：手动打开端口14
2023-05-07 15:49:35,075 [AppLog] INFO : 电气控制模块：手动关闭端口14
2023-05-07 15:49:35,402 [AppLog] INFO : 退出电气控制模块
2023-05-07 15:49:36,245 [AppLog] INFO : 进入手动调试子模块！
2023-05-07 15:49:36,245 [AppLog] INFO : 进入：ManulBtn_Click=》准备创建对象-手动操作！
2023-05-07 15:49:36,276 [AppLog] INFO : 创建：ManualControl=》创建完成-手动操作！
2023-05-07 15:49:36,276 [AppLog] INFO : 加载成功：温控Modbus接口！
2023-05-07 15:51:33,526 [AppLog] INFO : 进入气压控制卡参数监控状态时
2023-05-07 15:51:42,823 [AppLog] INFO : 更新气压控制卡参数：DEV_AdibControl:二级墨盒加热电压：{12V}；MCU_SetPhVoltage:二级墨盒加热温度：{25℃}MCU_SetPhVoltage:负压目标值：{System.Single[]kPa}MCU_SetPhVoltage:负压阈值：{0.1kPa}
2023-05-07 15:51:51,060 [AppLog] INFO : 进入气压控制卡参数设置状态时
2023-05-07 15:55:47,884 [AppLog] INFO : 开启手动压墨上墨：PushInkBtn_Click
2023-05-07 15:55:49,990 [AppLog] INFO : 停止手动压墨上墨：PushInkBtn_Click
2023-05-07 15:55:51,332 [AppLog] INFO : 开启手动压墨上墨：PushInkBtn_Click
2023-05-07 15:55:57,946 [AppLog] INFO : 停止手动压墨上墨：PushInkBtn_Click
2023-05-07 15:55:58,601 [AppLog] INFO : 开启手动压墨上墨：PushInkBtn_Click
2023-05-07 15:56:07,493 [AppLog] INFO : 停止手动压墨上墨：PushInkBtn_Click
2023-05-07 15:56:09,646 [AppLog] INFO : 开启手动压墨上墨：PushInkBtn_Click
2023-05-07 15:56:10,769 [AppLog] INFO : 停止手动压墨上墨：PushInkBtn_Click
2023-05-07 15:56:12,267 [AppLog] INFO : 开启手动压墨上墨：PushInkBtn_Click
2023-05-07 15:56:13,718 [AppLog] INFO : 停止手动压墨上墨：PushInkBtn_Click
2023-05-07 15:56:14,794 [AppLog] INFO : 开启手动压墨上墨：PushInkBtn_Click
2023-05-07 15:56:16,339 [AppLog] INFO : 停止手动压墨上墨：PushInkBtn_Click
2023-05-07 15:56:17,852 [AppLog] INFO : 开启手动压墨上墨：PushInkBtn_Click
2023-05-07 15:56:19,381 [AppLog] INFO : 停止手动压墨上墨：PushInkBtn_Click
2023-05-07 15:56:36,837 [AppLog] INFO : 开启自动供墨：DEV_EnableInkAutoSupply：ReturnCode{True},Action{true},ControlBit{255}
2023-05-07 15:57:29,409 [AppLog] INFO : 停止自动供墨：DEV_EnableInkAutoSupply：ReturnCode{True},Action{false},ControlBit{255}
2023-05-07 15:57:31,047 [AppLog] INFO : 开启自动供墨：DEV_EnableInkAutoSupply：ReturnCode{True},Action{true},ControlBit{255}
2023-05-07 15:57:33,559 [AppLog] INFO : 停止自动供墨：DEV_EnableInkAutoSupply：ReturnCode{True},Action{false},ControlBit{255}
2023-05-07 15:57:43,668 [AppLog] INFO : 开启自动供墨：DEV_EnableInkAutoSupply：ReturnCode{True},Action{true},ControlBit{255}
2023-05-07 15:57:56,319 [AppLog] INFO : 停止自动供墨：DEV_EnableInkAutoSupply：ReturnCode{True},Action{false},ControlBit{255}
2023-05-07 15:58:01,202 [AppLog] INFO : 开启自动供墨：DEV_EnableInkAutoSupply：ReturnCode{True},Action{true},ControlBit{255}
2023-05-07 15:58:03,417 [AppLog] INFO : 停止自动供墨：DEV_EnableInkAutoSupply：ReturnCode{True},Action{false},ControlBit{255}
2023-05-07 15:58:25,601 [AppLog] INFO : 开启自动供墨：DEV_EnableInkAutoSupply：ReturnCode{True},Action{true},ControlBit{255}
2023-05-07 15:58:45,615 [AppLog] INFO : 停止自动供墨：DEV_EnableInkAutoSupply：ReturnCode{True},Action{false},ControlBit{255}
2023-05-07 15:58:52,401 [AppLog] INFO : 开启手动压墨上墨：PushInkBtn_Click
2023-05-07 15:58:56,114 [AppLog] INFO : 停止手动压墨上墨：PushInkBtn_Click
2023-05-07 15:58:56,223 [AppLog] INFO : 开启手动压墨上墨：PushInkBtn_Click
2023-05-07 15:59:06,653 [AppLog] INFO : 停止手动压墨上墨：PushInkBtn_Click
2023-05-07 15:59:27,823 [AppLog] INFO : 进入气压控制卡参数监控状态时
2023-05-07 15:59:33,893 [AppLog] INFO : 更新气压控制卡参数：DEV_AdibControl:二级墨盒加热电压：{12V}；MCU_SetPhVoltage:二级墨盒加热温度：{25℃}MCU_SetPhVoltage:负压目标值：{System.Single[]kPa}MCU_SetPhVoltage:负压阈值：{0.1kPa}
2023-05-07 15:59:40,633 [AppLog] INFO : 进入气压控制卡参数设置状态时
2023-05-07 15:59:50,343 [AppLog] INFO : 开启自动供墨：DEV_EnableInkAutoSupply：ReturnCode{True},Action{true},ControlBit{255}
