2023-04-07 20:49:39,608 [AppLog] INFO : 开启系统：板卡通讯，伺服供电，照明系统，UV/HR固化系统！
2023-04-07 20:49:39,623 [AppLog] INFO : 开启系统：一键启动系统开始！
2023-04-07 20:49:45,630 [AppLog] INFO : 开启系统：一键启动系统结束！
2023-04-07 20:49:45,631 [AppLog] INFO : 初始化喷墨控制器启动！
2023-04-07 20:50:09,102 [AppLog] INFO : 打开喷墨控制器设备成功！
2023-04-07 20:51:03,328 [AppLog] INFO : 初始化喷墨控制器成功！
2023-04-07 20:51:03,328 [AppLog] INFO : 进入：EquipmentMotionLogic3=》准备创建对象-手动操作！
2023-04-07 20:51:03,500 [AppLog] INFO : 进入：EquipmentMotionLogic3=》创建完成-手动操作！
2023-04-07 20:51:03,640 [AppLog] INFO : 红外灯控制器485通讯建立！
2023-04-07 20:51:03,640 [AppLog] INFO : 进入电气控制模块
2023-04-07 20:51:04,748 [AppLog] INFO : 电气控制模块：手动打开端口14
2023-04-07 20:51:05,356 [AppLog] INFO : 电气控制模块：手动打开端口15
2023-04-07 20:51:05,902 [AppLog] INFO : 退出电气控制模块
2023-04-07 20:51:06,838 [AppLog] INFO : 进入手动调试子模块！
2023-04-07 20:51:06,838 [AppLog] INFO : 进入：ManulBtn_Click=》准备创建对象-手动操作！
2023-04-07 20:51:06,854 [AppLog] INFO : 创建：ManualControl=》创建完成-手动操作！
2023-04-07 20:51:06,854 [AppLog] INFO : 加载成功：温控Modbus接口！
2023-04-07 20:51:11,081 [AppLog] INFO : 开启铺粉车回零校准：PowderCarHomeBtn_Click
2023-04-07 20:51:11,081 [AppLog] INFO : 开启粉车回零校准线程：PowderCarHomeResetThread
2023-04-07 20:51:18,679 [AppLog] INFO : 手动正向点动指令（8轴运控板卡系统） ====》：输出AXIS{第2轴},点动量{-116MM},运动速度{50MM/s}
2023-04-07 20:51:18,679 [AppLog] INFO : 粉车回零校准线程成功：PowderCarHomeResetThread
2023-04-07 20:51:22,813 [AppLog] INFO : 手动控制墨车运动开启：沿X轴左侧方向运动 《====：nAxis{{0}},Dir{{false}},nPlsSpeed{{{nSpeed}}},nPlsCount{{750000}},cControlFlag{{{nCtlValue}}}
2023-04-07 20:51:28,007 [AppLog] INFO : 手动控制墨车运动带减速停止：沿X轴方向运动 ====》《=== ====: bImmeStop{false},nAxisMask{0x1}
2023-04-07 20:51:28,444 [AppLog] INFO : 手动控制墨车运动开启：沿X轴左侧方向运动 《====：nAxis{{0}},Dir{{false}},nPlsSpeed{{{nSpeed}}},nPlsCount{{750000}},cControlFlag{{{nCtlValue}}}
2023-04-07 20:51:28,538 [AppLog] INFO : 手动控制墨车运动带减速停止：沿X轴方向运动 ====》《=== ====: bImmeStop{false},nAxisMask{0x1}
2023-04-07 20:51:28,834 [AppLog] INFO : 手动控制墨车运动开启：沿X轴左侧方向运动 《====：nAxis{{0}},Dir{{false}},nPlsSpeed{{{nSpeed}}},nPlsCount{{750000}},cControlFlag{{{nCtlValue}}}
2023-04-07 20:51:28,912 [AppLog] INFO : 手动控制墨车运动带减速停止：沿X轴方向运动 ====》《=== ====: bImmeStop{false},nAxisMask{0x1}
2023-04-07 20:51:29,240 [AppLog] INFO : 手动控制墨车运动开启：沿X轴左侧方向运动 《====：nAxis{{0}},Dir{{false}},nPlsSpeed{{{nSpeed}}},nPlsCount{{750000}},cControlFlag{{{nCtlValue}}}
2023-04-07 20:51:29,302 [AppLog] INFO : 手动控制墨车运动带减速停止：沿X轴方向运动 ====》《=== ====: bImmeStop{false},nAxisMask{0x1}
2023-04-07 20:52:49,627 [AppLog] INFO : 手动控制墨车运动开启，沿X轴右侧方向运动 ====》：nAxis{0},Dir{true},nPlsSpeed{50000},nPlsCount{750000},cControlFlag{2}
2023-04-07 20:52:51,249 [AppLog] INFO : 手动控制墨车运动带减速停止：沿X轴方向运动 ====》《=== ====: bImmeStop{false},nAxisMask{0x1}
2023-04-07 20:52:56,023 [AppLog] INFO : 手动正向JOG指令（8轴运控板卡系统） ====》：输出AXIS{第7轴},运动速度{1MM/s}
2023-04-07 20:52:56,069 [AppLog] INFO : 手动停止JOG输出（8轴运控板卡系统） ====》：输出AXIS{第7轴}
2023-04-07 20:52:56,366 [AppLog] INFO : 手动正向JOG指令（8轴运控板卡系统） ====》：输出AXIS{第7轴},运动速度{1MM/s}
2023-04-07 20:52:58,706 [AppLog] INFO : 手动停止JOG输出（8轴运控板卡系统） ====》：输出AXIS{第7轴}
2023-04-07 20:52:58,893 [AppLog] INFO : 手动正向JOG指令（8轴运控板卡系统） ====》：输出AXIS{第7轴},运动速度{1MM/s}
2023-04-07 20:52:59,033 [AppLog] INFO : 手动停止JOG输出（8轴运控板卡系统） ====》：输出AXIS{第7轴}
2023-04-07 20:52:59,127 [AppLog] INFO : 手动正向JOG指令（8轴运控板卡系统） ====》：输出AXIS{第7轴},运动速度{1MM/s}
2023-04-07 20:52:59,221 [AppLog] INFO : 手动停止JOG输出（8轴运控板卡系统） ====》：输出AXIS{第7轴}
2023-04-07 20:52:59,642 [AppLog] INFO : 手动正向JOG指令（8轴运控板卡系统） ====》：输出AXIS{第7轴},运动速度{1MM/s}
2023-04-07 20:52:59,767 [AppLog] INFO : 手动停止JOG输出（8轴运控板卡系统） ====》：输出AXIS{第7轴}
2023-04-07 20:53:00,016 [AppLog] INFO : 手动正向JOG指令（8轴运控板卡系统） ====》：输出AXIS{第7轴},运动速度{1MM/s}
2023-04-07 20:53:00,141 [AppLog] INFO : 手动停止JOG输出（8轴运控板卡系统） ====》：输出AXIS{第7轴}
2023-04-07 20:53:00,422 [AppLog] INFO : 手动正向JOG指令（8轴运控板卡系统） ====》：输出AXIS{第7轴},运动速度{1MM/s}
2023-04-07 20:53:00,562 [AppLog] INFO : 手动停止JOG输出（8轴运控板卡系统） ====》：输出AXIS{第7轴}
2023-04-07 20:53:01,748 [AppLog] INFO : 手动正向JOG指令（8轴运控板卡系统） ====》：输出AXIS{第7轴},运动速度{1MM/s}
2023-04-07 20:53:01,888 [AppLog] INFO : 手动停止JOG输出（8轴运控板卡系统） ====》：输出AXIS{第7轴}
2023-04-07 20:53:02,013 [AppLog] INFO : 手动正向JOG指令（8轴运控板卡系统） ====》：输出AXIS{第7轴},运动速度{1MM/s}
2023-04-07 20:53:02,153 [AppLog] INFO : 手动停止JOG输出（8轴运控板卡系统） ====》：输出AXIS{第7轴}
2023-04-07 20:53:02,247 [AppLog] INFO : 手动正向JOG指令（8轴运控板卡系统） ====》：输出AXIS{第7轴},运动速度{1MM/s}
2023-04-07 20:53:02,387 [AppLog] INFO : 手动停止JOG输出（8轴运控板卡系统） ====》：输出AXIS{第7轴}
2023-04-07 20:53:02,575 [AppLog] INFO : 手动正向JOG指令（8轴运控板卡系统） ====》：输出AXIS{第7轴},运动速度{1MM/s}
2023-04-07 20:53:02,684 [AppLog] INFO : 手动停止JOG输出（8轴运控板卡系统） ====》：输出AXIS{第7轴}
2023-04-07 20:53:12,216 [AppLog] INFO : 手动负向JOG指令（8轴运控板卡系统） ====》：输出AXIS{第7轴},运动速度{1MM/s}
2023-04-07 20:53:15,070 [AppLog] INFO : 手动停止JOG输出（8轴运控板卡系统） ====》：输出AXIS{第7轴}
2023-04-07 20:53:18,471 [AppLog] INFO : 手动控制墨车运动开启：沿X轴左侧方向运动 《====：nAxis{{0}},Dir{{false}},nPlsSpeed{{{nSpeed}}},nPlsCount{{750000}},cControlFlag{{{nCtlValue}}}
2023-04-07 20:53:20,374 [AppLog] INFO : 手动控制墨车运动带减速停止：沿X轴方向运动 ====》《=== ====: bImmeStop{false},nAxisMask{0x1}
2023-04-07 20:53:20,624 [AppLog] INFO : 手动控制墨车运动开启：沿X轴左侧方向运动 《====：nAxis{{0}},Dir{{false}},nPlsSpeed{{{nSpeed}}},nPlsCount{{750000}},cControlFlag{{{nCtlValue}}}
2023-04-07 20:53:20,702 [AppLog] INFO : 手动控制墨车运动带减速停止：沿X轴方向运动 ====》《=== ====: bImmeStop{false},nAxisMask{0x1}
2023-04-07 20:53:20,858 [AppLog] INFO : 手动控制墨车运动开启：沿X轴左侧方向运动 《====：nAxis{{0}},Dir{{false}},nPlsSpeed{{{nSpeed}}},nPlsCount{{750000}},cControlFlag{{{nCtlValue}}}
2023-04-07 20:53:20,952 [AppLog] INFO : 手动控制墨车运动带减速停止：沿X轴方向运动 ====》《=== ====: bImmeStop{false},nAxisMask{0x1}
2023-04-07 20:53:21,045 [AppLog] INFO : 手动控制墨车运动开启：沿X轴左侧方向运动 《====：nAxis{{0}},Dir{{false}},nPlsSpeed{{{nSpeed}}},nPlsCount{{750000}},cControlFlag{{{nCtlValue}}}
2023-04-07 20:53:21,139 [AppLog] INFO : 手动控制墨车运动带减速停止：沿X轴方向运动 ====》《=== ====: bImmeStop{false},nAxisMask{0x1}
2023-04-07 20:53:21,357 [AppLog] INFO : 手动控制墨车运动开启：沿X轴左侧方向运动 《====：nAxis{{0}},Dir{{false}},nPlsSpeed{{{nSpeed}}},nPlsCount{{750000}},cControlFlag{{{nCtlValue}}}
2023-04-07 20:53:21,435 [AppLog] INFO : 手动控制墨车运动带减速停止：沿X轴方向运动 ====》《=== ====: bImmeStop{false},nAxisMask{0x1}
2023-04-07 20:53:21,654 [AppLog] INFO : 手动控制墨车运动开启：沿X轴左侧方向运动 《====：nAxis{{0}},Dir{{false}},nPlsSpeed{{{nSpeed}}},nPlsCount{{750000}},cControlFlag{{{nCtlValue}}}
2023-04-07 20:53:21,732 [AppLog] INFO : 手动控制墨车运动带减速停止：沿X轴方向运动 ====》《=== ====: bImmeStop{false},nAxisMask{0x1}
2023-04-07 20:53:21,950 [AppLog] INFO : 手动控制墨车运动开启：沿X轴左侧方向运动 《====：nAxis{{0}},Dir{{false}},nPlsSpeed{{{nSpeed}}},nPlsCount{{750000}},cControlFlag{{{nCtlValue}}}
2023-04-07 20:53:22,044 [AppLog] INFO : 手动控制墨车运动带减速停止：沿X轴方向运动 ====》《=== ====: bImmeStop{false},nAxisMask{0x1}
2023-04-07 20:53:22,168 [AppLog] INFO : 手动控制墨车运动开启：沿X轴左侧方向运动 《====：nAxis{{0}},Dir{{false}},nPlsSpeed{{{nSpeed}}},nPlsCount{{750000}},cControlFlag{{{nCtlValue}}}
2023-04-07 20:53:22,293 [AppLog] INFO : 手动控制墨车运动带减速停止：沿X轴方向运动 ====》《=== ====: bImmeStop{false},nAxisMask{0x1}
2023-04-07 20:53:22,543 [AppLog] INFO : 手动控制墨车运动开启：沿X轴左侧方向运动 《====：nAxis{{0}},Dir{{false}},nPlsSpeed{{{nSpeed}}},nPlsCount{{750000}},cControlFlag{{{nCtlValue}}}
2023-04-07 20:53:22,621 [AppLog] INFO : 手动控制墨车运动带减速停止：沿X轴方向运动 ====》《=== ====: bImmeStop{false},nAxisMask{0x1}
2023-04-07 20:53:23,697 [AppLog] INFO : 手动控制墨车运动开启：沿X轴左侧方向运动 《====：nAxis{{0}},Dir{{false}},nPlsSpeed{{{nSpeed}}},nPlsCount{{750000}},cControlFlag{{{nCtlValue}}}
2023-04-07 20:53:24,243 [AppLog] INFO : 手动控制墨车运动带减速停止：沿X轴方向运动 ====》《=== ====: bImmeStop{false},nAxisMask{0x1}
2023-04-07 20:53:24,789 [AppLog] INFO : 手动控制墨车运动开启：沿X轴左侧方向运动 《====：nAxis{{0}},Dir{{false}},nPlsSpeed{{{nSpeed}}},nPlsCount{{750000}},cControlFlag{{{nCtlValue}}}
2023-04-07 20:53:25,195 [AppLog] INFO : 手动控制墨车运动带减速停止：沿X轴方向运动 ====》《=== ====: bImmeStop{false},nAxisMask{0x1}
2023-04-07 20:53:25,694 [AppLog] INFO : 手动控制墨车运动开启：沿X轴左侧方向运动 《====：nAxis{{0}},Dir{{false}},nPlsSpeed{{{nSpeed}}},nPlsCount{{750000}},cControlFlag{{{nCtlValue}}}
2023-04-07 20:53:25,850 [AppLog] INFO : 手动控制墨车运动带减速停止：沿X轴方向运动 ====》《=== ====: bImmeStop{false},nAxisMask{0x1}
2023-04-07 20:53:26,162 [AppLog] INFO : 手动控制墨车运动开启：沿X轴左侧方向运动 《====：nAxis{{0}},Dir{{false}},nPlsSpeed{{{nSpeed}}},nPlsCount{{750000}},cControlFlag{{{nCtlValue}}}
2023-04-07 20:53:26,817 [AppLog] INFO : 手动控制墨车运动带减速停止：沿X轴方向运动 ====》《=== ====: bImmeStop{false},nAxisMask{0x1}
2023-04-07 20:53:27,379 [AppLog] INFO : 手动控制墨车运动开启：沿X轴左侧方向运动 《====：nAxis{{0}},Dir{{false}},nPlsSpeed{{{nSpeed}}},nPlsCount{{750000}},cControlFlag{{{nCtlValue}}}
2023-04-07 20:53:27,488 [AppLog] INFO : 手动控制墨车运动带减速停止：沿X轴方向运动 ====》《=== ====: bImmeStop{false},nAxisMask{0x1}
2023-04-07 20:53:51,715 [AppLog] INFO : 手动控制墨车运动开启：沿X轴左侧方向运动 《====：nAxis{{0}},Dir{{false}},nPlsSpeed{{{nSpeed}}},nPlsCount{{750000}},cControlFlag{{{nCtlValue}}}
2023-04-07 20:53:55,880 [AppLog] INFO : 手动控制墨车运动带减速停止：沿X轴方向运动 ====》《=== ====: bImmeStop{false},nAxisMask{0x1}
2023-04-07 20:54:01,558 [AppLog] INFO : 手动控制墨车运动开启：沿X轴左侧方向运动 《====：nAxis{{0}},Dir{{false}},nPlsSpeed{{{nSpeed}}},nPlsCount{{750000}},cControlFlag{{{nCtlValue}}}
2023-04-07 20:54:02,557 [AppLog] INFO : 手动控制墨车运动带减速停止：沿X轴方向运动 ====》《=== ====: bImmeStop{false},nAxisMask{0x1}
2023-04-07 20:54:06,691 [AppLog] INFO : 手动控制墨车运动开启：沿X轴左侧方向运动 《====：nAxis{{0}},Dir{{false}},nPlsSpeed{{{nSpeed}}},nPlsCount{{750000}},cControlFlag{{{nCtlValue}}}
2023-04-07 20:54:07,221 [AppLog] INFO : 手动控制墨车运动带减速停止：沿X轴方向运动 ====》《=== ====: bImmeStop{false},nAxisMask{0x1}
2023-04-07 20:54:08,922 [AppLog] INFO : 手动控制墨车运动开启：沿Y轴后侧方向运动 ↓↓↓：nAxis{{1}},Dir{{true}},nPlsSpeed{{{nSpeed}}},nPlsCount{{750000}},cControlFlag{{{nCtlValue}}}
2023-04-07 20:54:10,076 [AppLog] INFO : 手动控制墨车运动带减速停止：沿Y轴方向运动 ↑↑↑↓↓↓ ====: bImmeStop{{false}},nAxisMask{{0x2}}
2023-04-07 20:54:10,887 [AppLog] INFO : 手动控制墨车运动开启，沿X轴右侧方向运动 ====》：nAxis{0},Dir{true},nPlsSpeed{50000},nPlsCount{750000},cControlFlag{2}
2023-04-07 20:54:16,472 [AppLog] INFO : 手动控制墨车运动带减速停止：沿X轴方向运动 ====》《=== ====: bImmeStop{false},nAxisMask{0x1}
2023-04-07 20:54:16,940 [AppLog] INFO : 手动控制墨车运动开启，沿X轴右侧方向运动 ====》：nAxis{0},Dir{true},nPlsSpeed{50000},nPlsCount{750000},cControlFlag{2}
2023-04-07 20:54:19,389 [AppLog] INFO : 手动控制墨车运动带减速停止：沿X轴方向运动 ====》《=== ====: bImmeStop{false},nAxisMask{0x1}
2023-04-07 20:54:19,795 [AppLog] INFO : 手动控制墨车运动开启，沿X轴右侧方向运动 ====》：nAxis{0},Dir{true},nPlsSpeed{50000},nPlsCount{750000},cControlFlag{2}
2023-04-07 20:54:20,403 [AppLog] INFO : 手动控制墨车运动带减速停止：沿X轴方向运动 ====》《=== ====: bImmeStop{false},nAxisMask{0x1}
2023-04-07 20:54:21,043 [AppLog] INFO : 手动控制墨车运动开启，沿X轴右侧方向运动 ====》：nAxis{0},Dir{true},nPlsSpeed{50000},nPlsCount{750000},cControlFlag{2}
2023-04-07 20:54:21,230 [AppLog] INFO : 手动控制墨车运动带减速停止：沿X轴方向运动 ====》《=== ====: bImmeStop{false},nAxisMask{0x1}
2023-04-07 20:54:21,573 [AppLog] INFO : 手动控制墨车运动开启，沿X轴右侧方向运动 ====》：nAxis{0},Dir{true},nPlsSpeed{50000},nPlsCount{750000},cControlFlag{2}
2023-04-07 20:54:21,932 [AppLog] INFO : 手动控制墨车运动带减速停止：沿X轴方向运动 ====》《=== ====: bImmeStop{false},nAxisMask{0x1}
2023-04-07 20:54:27,189 [AppLog] INFO : 手动正向JOG指令（8轴运控板卡系统） ====》：输出AXIS{第7轴},运动速度{1MM/s}
2023-04-07 20:54:27,454 [AppLog] INFO : 手动停止JOG输出（8轴运控板卡系统） ====》：输出AXIS{第7轴}
2023-04-07 20:54:27,673 [AppLog] INFO : 手动正向JOG指令（8轴运控板卡系统） ====》：输出AXIS{第7轴},运动速度{1MM/s}
2023-04-07 20:54:27,798 [AppLog] INFO : 手动停止JOG输出（8轴运控板卡系统） ====》：输出AXIS{第7轴}
2023-04-07 20:54:27,922 [AppLog] INFO : 手动正向JOG指令（8轴运控板卡系统） ====》：输出AXIS{第7轴},运动速度{1MM/s}
2023-04-07 20:54:28,047 [AppLog] INFO : 手动停止JOG输出（8轴运控板卡系统） ====》：输出AXIS{第7轴}
2023-04-07 20:54:28,110 [AppLog] INFO : 手动正向JOG指令（8轴运控板卡系统） ====》：输出AXIS{第7轴},运动速度{1MM/s}
2023-04-07 20:54:28,234 [AppLog] INFO : 手动停止JOG输出（8轴运控板卡系统） ====》：输出AXIS{第7轴}
2023-04-07 20:54:28,312 [AppLog] INFO : 手动正向JOG指令（8轴运控板卡系统） ====》：输出AXIS{第7轴},运动速度{1MM/s}
2023-04-07 20:54:28,437 [AppLog] INFO : 手动停止JOG输出（8轴运控板卡系统） ====》：输出AXIS{第7轴}
2023-04-07 20:54:28,531 [AppLog] INFO : 手动正向JOG指令（8轴运控板卡系统） ====》：输出AXIS{第7轴},运动速度{1MM/s}
2023-04-07 20:54:28,687 [AppLog] INFO : 手动停止JOG输出（8轴运控板卡系统） ====》：输出AXIS{第7轴}
2023-04-07 20:54:28,780 [AppLog] INFO : 手动正向JOG指令（8轴运控板卡系统） ====》：输出AXIS{第7轴},运动速度{1MM/s}
2023-04-07 20:54:28,905 [AppLog] INFO : 手动停止JOG输出（8轴运控板卡系统） ====》：输出AXIS{第7轴}
2023-04-07 20:54:28,968 [AppLog] INFO : 手动正向JOG指令（8轴运控板卡系统） ====》：输出AXIS{第7轴},运动速度{1MM/s}
2023-04-07 20:54:29,124 [AppLog] INFO : 手动停止JOG输出（8轴运控板卡系统） ====》：输出AXIS{第7轴}
2023-04-07 20:54:29,217 [AppLog] INFO : 手动正向JOG指令（8轴运控板卡系统） ====》：输出AXIS{第7轴},运动速度{1MM/s}
2023-04-07 20:54:29,342 [AppLog] INFO : 手动停止JOG输出（8轴运控板卡系统） ====》：输出AXIS{第7轴}
2023-04-07 20:54:29,576 [AppLog] INFO : 手动正向JOG指令（8轴运控板卡系统） ====》：输出AXIS{第7轴},运动速度{1MM/s}
2023-04-07 20:54:29,701 [AppLog] INFO : 手动停止JOG输出（8轴运控板卡系统） ====》：输出AXIS{第7轴}
2023-04-07 20:54:29,794 [AppLog] INFO : 手动正向JOG指令（8轴运控板卡系统） ====》：输出AXIS{第7轴},运动速度{1MM/s}
2023-04-07 20:54:29,904 [AppLog] INFO : 手动停止JOG输出（8轴运控板卡系统） ====》：输出AXIS{第7轴}
2023-04-07 20:54:30,231 [AppLog] INFO : 手动正向JOG指令（8轴运控板卡系统） ====》：输出AXIS{第7轴},运动速度{1MM/s}
2023-04-07 20:54:30,356 [AppLog] INFO : 手动停止JOG输出（8轴运控板卡系统） ====》：输出AXIS{第7轴}
2023-04-07 20:54:30,450 [AppLog] INFO : 手动正向JOG指令（8轴运控板卡系统） ====》：输出AXIS{第7轴},运动速度{1MM/s}
2023-04-07 20:54:30,590 [AppLog] INFO : 手动停止JOG输出（8轴运控板卡系统） ====》：输出AXIS{第7轴}
2023-04-07 20:54:30,668 [AppLog] INFO : 手动正向JOG指令（8轴运控板卡系统） ====》：输出AXIS{第7轴},运动速度{1MM/s}
2023-04-07 20:54:30,793 [AppLog] INFO : 手动停止JOG输出（8轴运控板卡系统） ====》：输出AXIS{第7轴}
2023-04-07 20:54:30,949 [AppLog] INFO : 手动正向JOG指令（8轴运控板卡系统） ====》：输出AXIS{第7轴},运动速度{1MM/s}
2023-04-07 20:54:31,120 [AppLog] INFO : 手动停止JOG输出（8轴运控板卡系统） ====》：输出AXIS{第7轴}
2023-04-07 20:54:31,401 [AppLog] INFO : 手动正向JOG指令（8轴运控板卡系统） ====》：输出AXIS{第7轴},运动速度{1MM/s}
2023-04-07 20:54:31,542 [AppLog] INFO : 手动停止JOG输出（8轴运控板卡系统） ====》：输出AXIS{第7轴}
2023-04-07 20:54:31,947 [AppLog] INFO : 手动正向JOG指令（8轴运控板卡系统） ====》：输出AXIS{第7轴},运动速度{1MM/s}
2023-04-07 20:54:32,072 [AppLog] INFO : 手动停止JOG输出（8轴运控板卡系统） ====》：输出AXIS{第7轴}
2023-04-07 20:54:32,618 [AppLog] INFO : 手动正向JOG指令（8轴运控板卡系统） ====》：输出AXIS{第7轴},运动速度{1MM/s}
2023-04-07 20:54:32,743 [AppLog] INFO : 手动停止JOG输出（8轴运控板卡系统） ====》：输出AXIS{第7轴}
2023-04-07 20:54:33,211 [AppLog] INFO : 手动正向JOG指令（8轴运控板卡系统） ====》：输出AXIS{第7轴},运动速度{1MM/s}
2023-04-07 20:54:33,351 [AppLog] INFO : 手动停止JOG输出（8轴运控板卡系统） ====》：输出AXIS{第7轴}
2023-04-07 20:54:50,199 [AppLog] INFO : 手动控制墨车运动开启：沿Y轴前侧方向运动 ↑↑↑：nAxis{{1}},Dir{{false}},nPlsSpeed{{{nSpeed}}},nPlsCount{{750000}},cControlFlag{{{nCtlValue}}}
2023-04-07 20:54:53,101 [AppLog] INFO : 手动控制墨车运动带减速停止：沿Y轴方向运动 ↑↑↑↓↓↓ ====: bImmeStop{{false}},nAxisMask{{0x2}}
2023-04-07 20:54:53,491 [AppLog] INFO : 手动控制墨车运动开启：沿Y轴前侧方向运动 ↑↑↑：nAxis{{1}},Dir{{false}},nPlsSpeed{{{nSpeed}}},nPlsCount{{750000}},cControlFlag{{{nCtlValue}}}
2023-04-07 20:54:53,631 [AppLog] INFO : 手动控制墨车运动带减速停止：沿Y轴方向运动 ↑↑↑↓↓↓ ====: bImmeStop{{false}},nAxisMask{{0x2}}
2023-04-07 20:54:54,224 [AppLog] INFO : 手动控制墨车运动开启：沿Y轴前侧方向运动 ↑↑↑：nAxis{{1}},Dir{{false}},nPlsSpeed{{{nSpeed}}},nPlsCount{{750000}},cControlFlag{{{nCtlValue}}}
2023-04-07 20:54:54,286 [AppLog] INFO : 手动控制墨车运动带减速停止：沿Y轴方向运动 ↑↑↑↓↓↓ ====: bImmeStop{{false}},nAxisMask{{0x2}}
2023-04-07 20:54:57,562 [AppLog] INFO : 手动负向JOG指令（8轴运控板卡系统） ====》：输出AXIS{第7轴},运动速度{1MM/s}
2023-04-07 20:54:57,672 [AppLog] INFO : 手动停止JOG输出（8轴运控板卡系统） ====》：输出AXIS{第7轴}
2023-04-07 20:54:57,796 [AppLog] INFO : 手动负向JOG指令（8轴运控板卡系统） ====》：输出AXIS{第7轴},运动速度{1MM/s}
2023-04-07 20:54:57,906 [AppLog] INFO : 手动停止JOG输出（8轴运控板卡系统） ====》：输出AXIS{第7轴}
2023-04-07 20:54:57,984 [AppLog] INFO : 手动负向JOG指令（8轴运控板卡系统） ====》：输出AXIS{第7轴},运动速度{1MM/s}
2023-04-07 20:54:58,124 [AppLog] INFO : 手动停止JOG输出（8轴运控板卡系统） ====》：输出AXIS{第7轴}
2023-04-07 20:54:58,218 [AppLog] INFO : 手动负向JOG指令（8轴运控板卡系统） ====》：输出AXIS{第7轴},运动速度{1MM/s}
2023-04-07 20:54:58,327 [AppLog] INFO : 手动停止JOG输出（8轴运控板卡系统） ====》：输出AXIS{第7轴}
2023-04-07 20:54:58,405 [AppLog] INFO : 手动负向JOG指令（8轴运控板卡系统） ====》：输出AXIS{第7轴},运动速度{1MM/s}
2023-04-07 20:54:58,545 [AppLog] INFO : 手动停止JOG输出（8轴运控板卡系统） ====》：输出AXIS{第7轴}
2023-04-07 20:54:58,623 [AppLog] INFO : 手动负向JOG指令（8轴运控板卡系统） ====》：输出AXIS{第7轴},运动速度{1MM/s}
2023-04-07 20:54:58,764 [AppLog] INFO : 手动停止JOG输出（8轴运控板卡系统） ====》：输出AXIS{第7轴}
2023-04-07 20:54:59,013 [AppLog] INFO : 手动负向JOG指令（8轴运控板卡系统） ====》：输出AXIS{第7轴},运动速度{1MM/s}
2023-04-07 20:54:59,154 [AppLog] INFO : 手动停止JOG输出（8轴运控板卡系统） ====》：输出AXIS{第7轴}
2023-04-07 20:54:59,279 [AppLog] INFO : 手动负向JOG指令（8轴运控板卡系统） ====》：输出AXIS{第7轴},运动速度{1MM/s}
2023-04-07 20:54:59,450 [AppLog] INFO : 手动停止JOG输出（8轴运控板卡系统） ====》：输出AXIS{第7轴}
2023-04-07 20:54:59,528 [AppLog] INFO : 手动负向JOG指令（8轴运控板卡系统） ====》：输出AXIS{第7轴},运动速度{1MM/s}
2023-04-07 20:54:59,669 [AppLog] INFO : 手动停止JOG输出（8轴运控板卡系统） ====》：输出AXIS{第7轴}
2023-04-07 20:54:59,747 [AppLog] INFO : 手动负向JOG指令（8轴运控板卡系统） ====》：输出AXIS{第7轴},运动速度{1MM/s}
2023-04-07 20:54:59,871 [AppLog] INFO : 手动停止JOG输出（8轴运控板卡系统） ====》：输出AXIS{第7轴}
2023-04-07 20:54:59,934 [AppLog] INFO : 手动负向JOG指令（8轴运控板卡系统） ====》：输出AXIS{第7轴},运动速度{1MM/s}
2023-04-07 20:55:00,090 [AppLog] INFO : 手动停止JOG输出（8轴运控板卡系统） ====》：输出AXIS{第7轴}
2023-04-07 20:55:03,179 [AppLog] INFO : 手动控制墨车运动开启：沿X轴左侧方向运动 《====：nAxis{{0}},Dir{{false}},nPlsSpeed{{{nSpeed}}},nPlsCount{{750000}},cControlFlag{{{nCtlValue}}}
2023-04-07 20:55:04,957 [AppLog] INFO : 手动控制墨车运动带减速停止：沿X轴方向运动 ====》《=== ====: bImmeStop{false},nAxisMask{0x1}
2023-04-07 20:55:05,207 [AppLog] INFO : 手动控制墨车运动开启：沿X轴左侧方向运动 《====：nAxis{{0}},Dir{{false}},nPlsSpeed{{{nSpeed}}},nPlsCount{{750000}},cControlFlag{{{nCtlValue}}}
2023-04-07 20:55:12,929 [AppLog] INFO : 手动控制墨车运动带减速停止：沿X轴方向运动 ====》《=== ====: bImmeStop{false},nAxisMask{0x1}
2023-04-07 20:55:15,144 [AppLog] INFO : 手动控制墨车运动开启：沿Y轴后侧方向运动 ↓↓↓：nAxis{{1}},Dir{{true}},nPlsSpeed{{{nSpeed}}},nPlsCount{{750000}},cControlFlag{{{nCtlValue}}}
2023-04-07 20:55:16,751 [AppLog] INFO : 手动控制墨车运动带减速停止：沿Y轴方向运动 ↑↑↑↓↓↓ ====: bImmeStop{{false}},nAxisMask{{0x2}}
2023-04-07 20:55:17,577 [AppLog] INFO : 手动控制墨车运动开启，沿X轴右侧方向运动 ====》：nAxis{0},Dir{true},nPlsSpeed{50000},nPlsCount{750000},cControlFlag{2}
2023-04-07 20:55:26,969 [AppLog] INFO : 手动控制墨车运动带减速停止：沿X轴方向运动 ====》《=== ====: bImmeStop{false},nAxisMask{0x1}
2023-04-07 20:55:27,546 [AppLog] INFO : 手动控制墨车运动开启，沿X轴右侧方向运动 ====》：nAxis{0},Dir{true},nPlsSpeed{50000},nPlsCount{750000},cControlFlag{2}
2023-04-07 20:55:27,655 [AppLog] INFO : 手动控制墨车运动带减速停止：沿X轴方向运动 ====》《=== ====: bImmeStop{false},nAxisMask{0x1}
2023-04-07 20:55:28,544 [AppLog] INFO : 手动控制墨车运动开启，沿X轴右侧方向运动 ====》：nAxis{0},Dir{true},nPlsSpeed{50000},nPlsCount{750000},cControlFlag{2}
2023-04-07 20:55:28,794 [AppLog] INFO : 手动控制墨车运动带减速停止：沿X轴方向运动 ====》《=== ====: bImmeStop{false},nAxisMask{0x1}
2023-04-07 20:55:29,527 [AppLog] INFO : 手动控制墨车运动开启，沿X轴右侧方向运动 ====》：nAxis{0},Dir{true},nPlsSpeed{50000},nPlsCount{750000},cControlFlag{2}
2023-04-07 20:55:29,933 [AppLog] INFO : 手动控制墨车运动带减速停止：沿X轴方向运动 ====》《=== ====: bImmeStop{false},nAxisMask{0x1}
2023-04-07 20:55:30,338 [AppLog] INFO : 手动控制墨车运动开启，沿X轴右侧方向运动 ====》：nAxis{0},Dir{true},nPlsSpeed{50000},nPlsCount{750000},cControlFlag{2}
2023-04-07 20:55:30,510 [AppLog] INFO : 手动控制墨车运动带减速停止：沿X轴方向运动 ====》《=== ====: bImmeStop{false},nAxisMask{0x1}
2023-04-07 20:55:30,869 [AppLog] INFO : 手动控制墨车运动开启，沿X轴右侧方向运动 ====》：nAxis{0},Dir{true},nPlsSpeed{50000},nPlsCount{750000},cControlFlag{2}
2023-04-07 20:55:30,947 [AppLog] INFO : 手动控制墨车运动带减速停止：沿X轴方向运动 ====》《=== ====: bImmeStop{false},nAxisMask{0x1}
2023-04-07 20:55:31,477 [AppLog] INFO : 手动控制墨车运动开启，沿X轴右侧方向运动 ====》：nAxis{0},Dir{true},nPlsSpeed{50000},nPlsCount{750000},cControlFlag{2}
2023-04-07 20:55:31,586 [AppLog] INFO : 手动控制墨车运动带减速停止：沿X轴方向运动 ====》《=== ====: bImmeStop{false},nAxisMask{0x1}
2023-04-07 20:55:32,522 [AppLog] INFO : 手动控制墨车运动开启，沿X轴右侧方向运动 ====》：nAxis{0},Dir{true},nPlsSpeed{50000},nPlsCount{750000},cControlFlag{2}
2023-04-07 20:55:32,912 [AppLog] INFO : 手动控制墨车运动带减速停止：沿X轴方向运动 ====》《=== ====: bImmeStop{false},nAxisMask{0x1}
2023-04-07 20:55:51,289 [AppLog] INFO : 手动控制墨车运动开启：沿X轴左侧方向运动 《====：nAxis{{0}},Dir{{false}},nPlsSpeed{{{nSpeed}}},nPlsCount{{750000}},cControlFlag{{{nCtlValue}}}
2023-04-07 20:56:01,959 [AppLog] INFO : 手动控制墨车运动带减速停止：沿X轴方向运动 ====》《=== ====: bImmeStop{false},nAxisMask{0x1}
2023-04-07 20:56:08,589 [AppLog] INFO : 手动控制墨车运动开启：沿Y轴后侧方向运动 ↓↓↓：nAxis{{1}},Dir{{true}},nPlsSpeed{{{nSpeed}}},nPlsCount{{750000}},cControlFlag{{{nCtlValue}}}
2023-04-07 20:56:11,085 [AppLog] INFO : 手动控制墨车运动带减速停止：沿Y轴方向运动 ↑↑↑↓↓↓ ====: bImmeStop{{false}},nAxisMask{{0x2}}
2023-04-07 20:56:11,366 [AppLog] INFO : 手动控制墨车运动开启：沿Y轴后侧方向运动 ↓↓↓：nAxis{{1}},Dir{{true}},nPlsSpeed{{{nSpeed}}},nPlsCount{{750000}},cControlFlag{{{nCtlValue}}}
2023-04-07 20:56:11,507 [AppLog] INFO : 手动控制墨车运动带减速停止：沿Y轴方向运动 ↑↑↑↓↓↓ ====: bImmeStop{{false}},nAxisMask{{0x2}}
2023-04-07 20:56:11,756 [AppLog] INFO : 手动控制墨车运动开启：沿Y轴后侧方向运动 ↓↓↓：nAxis{{1}},Dir{{true}},nPlsSpeed{{{nSpeed}}},nPlsCount{{750000}},cControlFlag{{{nCtlValue}}}
2023-04-07 20:56:11,897 [AppLog] INFO : 手动控制墨车运动带减速停止：沿Y轴方向运动 ↑↑↑↓↓↓ ====: bImmeStop{{false}},nAxisMask{{0x2}}
2023-04-07 20:56:12,037 [AppLog] INFO : 手动控制墨车运动开启：沿Y轴后侧方向运动 ↓↓↓：nAxis{{1}},Dir{{true}},nPlsSpeed{{{nSpeed}}},nPlsCount{{750000}},cControlFlag{{{nCtlValue}}}
2023-04-07 20:56:12,131 [AppLog] INFO : 手动控制墨车运动带减速停止：沿Y轴方向运动 ↑↑↑↓↓↓ ====: bImmeStop{{false}},nAxisMask{{0x2}}
2023-04-07 20:56:12,255 [AppLog] INFO : 手动控制墨车运动开启：沿Y轴后侧方向运动 ↓↓↓：nAxis{{1}},Dir{{true}},nPlsSpeed{{{nSpeed}}},nPlsCount{{750000}},cControlFlag{{{nCtlValue}}}
2023-04-07 20:56:12,333 [AppLog] INFO : 手动控制墨车运动带减速停止：沿Y轴方向运动 ↑↑↑↓↓↓ ====: bImmeStop{{false}},nAxisMask{{0x2}}
2023-04-07 20:56:12,505 [AppLog] INFO : 手动控制墨车运动开启：沿Y轴后侧方向运动 ↓↓↓：nAxis{{1}},Dir{{true}},nPlsSpeed{{{nSpeed}}},nPlsCount{{750000}},cControlFlag{{{nCtlValue}}}
2023-04-07 20:56:12,552 [AppLog] INFO : 手动控制墨车运动带减速停止：沿Y轴方向运动 ↑↑↑↓↓↓ ====: bImmeStop{{false}},nAxisMask{{0x2}}
2023-04-07 20:56:12,692 [AppLog] INFO : 手动控制墨车运动开启：沿Y轴后侧方向运动 ↓↓↓：nAxis{{1}},Dir{{true}},nPlsSpeed{{{nSpeed}}},nPlsCount{{750000}},cControlFlag{{{nCtlValue}}}
2023-04-07 20:56:12,739 [AppLog] INFO : 手动控制墨车运动带减速停止：沿Y轴方向运动 ↑↑↑↓↓↓ ====: bImmeStop{{false}},nAxisMask{{0x2}}
2023-04-07 20:56:12,895 [AppLog] INFO : 手动控制墨车运动开启：沿Y轴后侧方向运动 ↓↓↓：nAxis{{1}},Dir{{true}},nPlsSpeed{{{nSpeed}}},nPlsCount{{750000}},cControlFlag{{{nCtlValue}}}
2023-04-07 20:56:12,973 [AppLog] INFO : 手动控制墨车运动带减速停止：沿Y轴方向运动 ↑↑↑↓↓↓ ====: bImmeStop{{false}},nAxisMask{{0x2}}
2023-04-07 20:56:13,503 [AppLog] INFO : 手动控制墨车运动开启：沿Y轴后侧方向运动 ↓↓↓：nAxis{{1}},Dir{{true}},nPlsSpeed{{{nSpeed}}},nPlsCount{{750000}},cControlFlag{{{nCtlValue}}}
2023-04-07 20:56:13,597 [AppLog] INFO : 手动控制墨车运动带减速停止：沿Y轴方向运动 ↑↑↑↓↓↓ ====: bImmeStop{{false}},nAxisMask{{0x2}}
2023-04-07 20:56:17,637 [AppLog] INFO : 手动控制墨车运动开启：沿Y轴前侧方向运动 ↑↑↑：nAxis{{1}},Dir{{false}},nPlsSpeed{{{nSpeed}}},nPlsCount{{750000}},cControlFlag{{{nCtlValue}}}
2023-04-07 20:56:21,257 [AppLog] INFO : 手动控制墨车运动带减速停止：沿Y轴方向运动 ↑↑↑↓↓↓ ====: bImmeStop{{false}},nAxisMask{{0x2}}
2023-04-07 20:56:41,365 [AppLog] INFO : 手动控制墨车运动开启，沿X轴右侧方向运动 ====》：nAxis{0},Dir{true},nPlsSpeed{50000},nPlsCount{750000},cControlFlag{2}
2023-04-07 20:56:50,179 [AppLog] INFO : 手动控制墨车运动带减速停止：沿X轴方向运动 ====》《=== ====: bImmeStop{false},nAxisMask{0x1}
2023-04-07 20:57:05,639 [AppLog] INFO : 手动控制墨车运动开启，沿X轴右侧方向运动 ====》：nAxis{0},Dir{true},nPlsSpeed{50000},nPlsCount{750000},cControlFlag{2}
2023-04-07 20:57:10,771 [AppLog] INFO : 手动控制墨车运动带减速停止：沿X轴方向运动 ====》《=== ====: bImmeStop{false},nAxisMask{0x1}
2023-04-07 20:57:11,036 [AppLog] INFO : 手动控制墨车运动开启，沿X轴右侧方向运动 ====》：nAxis{0},Dir{true},nPlsSpeed{50000},nPlsCount{750000},cControlFlag{2}
2023-04-07 20:57:11,473 [AppLog] INFO : 手动控制墨车运动带减速停止：沿X轴方向运动 ====》《=== ====: bImmeStop{false},nAxisMask{0x1}
2023-04-07 20:57:12,846 [AppLog] INFO : 手动控制墨车运动开启：沿Y轴后侧方向运动 ↓↓↓：nAxis{{1}},Dir{{true}},nPlsSpeed{{{nSpeed}}},nPlsCount{{750000}},cControlFlag{{{nCtlValue}}}
2023-04-07 20:57:13,595 [AppLog] INFO : 手动控制墨车运动带减速停止：沿Y轴方向运动 ↑↑↑↓↓↓ ====: bImmeStop{{false}},nAxisMask{{0x2}}
2023-04-07 20:57:14,125 [AppLog] INFO : 手动控制墨车运动开启，沿X轴右侧方向运动 ====》：nAxis{0},Dir{true},nPlsSpeed{50000},nPlsCount{750000},cControlFlag{2}
2023-04-07 20:57:14,562 [AppLog] INFO : 手动控制墨车运动带减速停止：沿X轴方向运动 ====》《=== ====: bImmeStop{false},nAxisMask{0x1}
2023-04-07 20:57:14,921 [AppLog] INFO : 手动控制墨车运动开启，沿X轴右侧方向运动 ====》：nAxis{0},Dir{true},nPlsSpeed{50000},nPlsCount{750000},cControlFlag{2}
2023-04-07 20:57:15,108 [AppLog] INFO : 手动控制墨车运动带减速停止：沿X轴方向运动 ====》《=== ====: bImmeStop{false},nAxisMask{0x1}
2023-04-07 20:57:38,664 [AppLog] INFO : 开启刮墨轴回零校准：SpreaderHomeBtn_Click
2023-04-07 20:57:39,709 [AppLog] INFO : 刮墨轴回零成功：SpreaderHomeBtn_Click：{AXIS{4},Vel{1圈/s},开槽位置{-107°}}
2023-04-07 20:58:07,477 [AppLog] INFO : 开启墨车回零校准：PrintCarHomeBtn_Click
2023-04-07 20:58:07,493 [AppLog] INFO : 开启墨车回零校准线程：InkCarEncoderResetThread
2023-04-07 20:58:19,037 [AppLog] INFO : 墨车回零校准线程成功：InkCarEncoderResetThread
2023-04-07 20:58:30,908 [AppLog] INFO : 手动负向JOG指令（8轴运控板卡系统） ====》：输出AXIS{第4轴},运动速度{0.5MM/s}
2023-04-07 20:58:31,018 [AppLog] INFO : 自动停止铺粉棍轴JOG输出（8轴运控板卡系统） ====》：输出AXIS{第6轴}
2023-04-07 20:58:31,018 [AppLog] INFO : 手动停止JOG输出（8轴运控板卡系统） ====》：输出AXIS{第4轴}
2023-04-07 20:58:36,540 [AppLog] INFO : 开启刮墨轴回零校准：SpreaderHomeBtn_Click
2023-04-07 20:58:37,570 [AppLog] INFO : 刮墨轴回零成功：SpreaderHomeBtn_Click：{AXIS{4},Vel{1圈/s},开槽位置{-107°}}
2023-04-07 20:58:41,563 [AppLog] INFO : 切换为点动模式====》：输出AXIS{第4轴}
2023-04-07 20:58:43,420 [AppLog] INFO : 手动负向点动指令（8轴运控板卡系统） ====》：输出AXIS{第4轴},点动量{0.5MM},运动速度{0.5MM/s}
2023-04-07 20:58:46,680 [AppLog] INFO : 手动正向点动指令（8轴运控板卡系统） ====》：输出AXIS{第4轴},点动量{0.5MM},运动速度{0.5MM/s}
2023-04-07 20:58:48,084 [AppLog] INFO : 手动正向点动指令（8轴运控板卡系统） ====》：输出AXIS{第4轴},点动量{0.5MM},运动速度{0.5MM/s}
2023-04-07 20:59:03,778 [AppLog] INFO : 手动控制墨车运动开启：沿X轴左侧方向运动 《====：nAxis{{0}},Dir{{false}},nPlsSpeed{{{nSpeed}}},nPlsCount{{750000}},cControlFlag{{{nCtlValue}}}
2023-04-07 20:59:03,871 [AppLog] INFO : 手动控制墨车运动带减速停止：沿X轴方向运动 ====》《=== ====: bImmeStop{false},nAxisMask{0x1}
2023-04-07 20:59:04,277 [AppLog] INFO : 手动控制墨车运动开启：沿X轴左侧方向运动 《====：nAxis{{0}},Dir{{false}},nPlsSpeed{{{nSpeed}}},nPlsCount{{750000}},cControlFlag{{{nCtlValue}}}
2023-04-07 20:59:04,386 [AppLog] INFO : 手动控制墨车运动带减速停止：沿X轴方向运动 ====》《=== ====: bImmeStop{false},nAxisMask{0x1}
2023-04-07 20:59:04,698 [AppLog] INFO : 手动控制墨车运动开启：沿X轴左侧方向运动 《====：nAxis{{0}},Dir{{false}},nPlsSpeed{{{nSpeed}}},nPlsCount{{750000}},cControlFlag{{{nCtlValue}}}
2023-04-07 20:59:05,057 [AppLog] INFO : 手动控制墨车运动带减速停止：沿X轴方向运动 ====》《=== ====: bImmeStop{false},nAxisMask{0x1}
2023-04-07 20:59:05,572 [AppLog] INFO : 手动控制墨车运动开启：沿X轴左侧方向运动 《====：nAxis{{0}},Dir{{false}},nPlsSpeed{{{nSpeed}}},nPlsCount{{750000}},cControlFlag{{{nCtlValue}}}
2023-04-07 20:59:05,650 [AppLog] INFO : 手动控制墨车运动带减速停止：沿X轴方向运动 ====》《=== ====: bImmeStop{false},nAxisMask{0x1}
2023-04-07 20:59:06,149 [AppLog] INFO : 手动控制墨车运动开启：沿X轴左侧方向运动 《====：nAxis{{0}},Dir{{false}},nPlsSpeed{{{nSpeed}}},nPlsCount{{750000}},cControlFlag{{{nCtlValue}}}
2023-04-07 20:59:06,399 [AppLog] INFO : 手动控制墨车运动带减速停止：沿X轴方向运动 ====》《=== ====: bImmeStop{false},nAxisMask{0x1}
2023-04-07 20:59:06,711 [AppLog] INFO : 手动控制墨车运动开启：沿X轴左侧方向运动 《====：nAxis{{0}},Dir{{false}},nPlsSpeed{{{nSpeed}}},nPlsCount{{750000}},cControlFlag{{{nCtlValue}}}
2023-04-07 20:59:07,085 [AppLog] INFO : 手动控制墨车运动带减速停止：沿X轴方向运动 ====》《=== ====: bImmeStop{false},nAxisMask{0x1}
2023-04-07 20:59:07,381 [AppLog] INFO : 手动控制墨车运动开启：沿X轴左侧方向运动 《====：nAxis{{0}},Dir{{false}},nPlsSpeed{{{nSpeed}}},nPlsCount{{750000}},cControlFlag{{{nCtlValue}}}
2023-04-07 20:59:07,506 [AppLog] INFO : 手动控制墨车运动带减速停止：沿X轴方向运动 ====》《=== ====: bImmeStop{false},nAxisMask{0x1}
2023-04-07 20:59:07,881 [AppLog] INFO : 手动控制墨车运动开启：沿X轴左侧方向运动 《====：nAxis{{0}},Dir{{false}},nPlsSpeed{{{nSpeed}}},nPlsCount{{750000}},cControlFlag{{{nCtlValue}}}
2023-04-07 20:59:07,990 [AppLog] INFO : 手动控制墨车运动带减速停止：沿X轴方向运动 ====》《=== ====: bImmeStop{false},nAxisMask{0x1}
2023-04-07 20:59:08,333 [AppLog] INFO : 手动控制墨车运动开启：沿X轴左侧方向运动 《====：nAxis{{0}},Dir{{false}},nPlsSpeed{{{nSpeed}}},nPlsCount{{750000}},cControlFlag{{{nCtlValue}}}
2023-04-07 20:59:08,395 [AppLog] INFO : 手动控制墨车运动带减速停止：沿X轴方向运动 ====》《=== ====: bImmeStop{false},nAxisMask{0x1}
2023-04-07 20:59:08,957 [AppLog] INFO : 手动控制墨车运动开启：沿X轴左侧方向运动 《====：nAxis{{0}},Dir{{false}},nPlsSpeed{{{nSpeed}}},nPlsCount{{750000}},cControlFlag{{{nCtlValue}}}
2023-04-07 20:59:09,019 [AppLog] INFO : 手动控制墨车运动带减速停止：沿X轴方向运动 ====》《=== ====: bImmeStop{false},nAxisMask{0x1}
2023-04-07 20:59:09,503 [AppLog] INFO : 手动控制墨车运动开启：沿X轴左侧方向运动 《====：nAxis{{0}},Dir{{false}},nPlsSpeed{{{nSpeed}}},nPlsCount{{750000}},cControlFlag{{{nCtlValue}}}
2023-04-07 20:59:09,581 [AppLog] INFO : 手动控制墨车运动带减速停止：沿X轴方向运动 ====》《=== ====: bImmeStop{false},nAxisMask{0x1}
2023-04-07 20:59:10,127 [AppLog] INFO : 手动控制墨车运动开启：沿X轴左侧方向运动 《====：nAxis{{0}},Dir{{false}},nPlsSpeed{{{nSpeed}}},nPlsCount{{750000}},cControlFlag{{{nCtlValue}}}
2023-04-07 20:59:10,205 [AppLog] INFO : 手动控制墨车运动带减速停止：沿X轴方向运动 ====》《=== ====: bImmeStop{false},nAxisMask{0x1}
2023-04-07 20:59:16,383 [AppLog] INFO : 手动控制墨车运动开启：沿Y轴后侧方向运动 ↓↓↓：nAxis{{1}},Dir{{true}},nPlsSpeed{{{nSpeed}}},nPlsCount{{750000}},cControlFlag{{{nCtlValue}}}
2023-04-07 20:59:18,005 [AppLog] INFO : 手动控制墨车运动带减速停止：沿Y轴方向运动 ↑↑↑↓↓↓ ====: bImmeStop{{false}},nAxisMask{{0x2}}
2023-04-07 20:59:20,361 [AppLog] INFO : 手动控制墨车运动开启：沿Y轴后侧方向运动 ↓↓↓：nAxis{{1}},Dir{{true}},nPlsSpeed{{{nSpeed}}},nPlsCount{{750000}},cControlFlag{{{nCtlValue}}}
2023-04-07 20:59:22,669 [AppLog] INFO : 手动控制墨车运动带减速停止：沿Y轴方向运动 ↑↑↑↓↓↓ ====: bImmeStop{{false}},nAxisMask{{0x2}}
2023-04-07 20:59:23,917 [AppLog] INFO : 手动控制墨车运动开启，沿X轴右侧方向运动 ====》：nAxis{0},Dir{true},nPlsSpeed{50000},nPlsCount{750000},cControlFlag{2}
2023-04-07 20:59:24,931 [AppLog] INFO : 手动控制墨车运动带减速停止：沿X轴方向运动 ====》《=== ====: bImmeStop{false},nAxisMask{0x1}
2023-04-07 20:59:26,273 [AppLog] INFO : 手动控制墨车运动开启：沿Y轴后侧方向运动 ↓↓↓：nAxis{{1}},Dir{{true}},nPlsSpeed{{{nSpeed}}},nPlsCount{{750000}},cControlFlag{{{nCtlValue}}}
2023-04-07 20:59:26,897 [AppLog] INFO : 手动控制墨车运动带减速停止：沿Y轴方向运动 ↑↑↑↓↓↓ ====: bImmeStop{{false}},nAxisMask{{0x2}}
2023-04-07 20:59:27,225 [AppLog] INFO : 手动控制墨车运动开启：沿Y轴后侧方向运动 ↓↓↓：nAxis{{1}},Dir{{true}},nPlsSpeed{{{nSpeed}}},nPlsCount{{750000}},cControlFlag{{{nCtlValue}}}
2023-04-07 20:59:27,771 [AppLog] INFO : 手动控制墨车运动带减速停止：沿Y轴方向运动 ↑↑↑↓↓↓ ====: bImmeStop{{false}},nAxisMask{{0x2}}
2023-04-07 20:59:28,722 [AppLog] INFO : 手动控制墨车运动开启，沿X轴右侧方向运动 ====》：nAxis{0},Dir{true},nPlsSpeed{50000},nPlsCount{750000},cControlFlag{2}
2023-04-07 20:59:30,048 [AppLog] INFO : 手动控制墨车运动带减速停止：沿X轴方向运动 ====》《=== ====: bImmeStop{false},nAxisMask{0x1}
2023-04-07 20:59:30,625 [AppLog] INFO : 手动控制墨车运动开启，沿X轴右侧方向运动 ====》：nAxis{0},Dir{true},nPlsSpeed{50000},nPlsCount{750000},cControlFlag{2}
2023-04-07 20:59:30,844 [AppLog] INFO : 手动控制墨车运动带减速停止：沿X轴方向运动 ====》《=== ====: bImmeStop{false},nAxisMask{0x1}
2023-04-07 20:59:31,125 [AppLog] INFO : 手动控制墨车运动开启，沿X轴右侧方向运动 ====》：nAxis{0},Dir{true},nPlsSpeed{50000},nPlsCount{750000},cControlFlag{2}
2023-04-07 20:59:31,265 [AppLog] INFO : 手动控制墨车运动带减速停止：沿X轴方向运动 ====》《=== ====: bImmeStop{false},nAxisMask{0x1}
2023-04-07 20:59:31,577 [AppLog] INFO : 手动控制墨车运动开启，沿X轴右侧方向运动 ====》：nAxis{0},Dir{true},nPlsSpeed{50000},nPlsCount{750000},cControlFlag{2}
2023-04-07 20:59:31,686 [AppLog] INFO : 手动控制墨车运动带减速停止：沿X轴方向运动 ====》《=== ====: bImmeStop{false},nAxisMask{0x1}
2023-04-07 20:59:32,061 [AppLog] INFO : 手动控制墨车运动开启，沿X轴右侧方向运动 ====》：nAxis{0},Dir{true},nPlsSpeed{50000},nPlsCount{750000},cControlFlag{2}
2023-04-07 20:59:32,185 [AppLog] INFO : 手动控制墨车运动带减速停止：沿X轴方向运动 ====》《=== ====: bImmeStop{false},nAxisMask{0x1}
2023-04-07 20:59:34,759 [AppLog] INFO : 手动控制墨车运动开启：沿Y轴前侧方向运动 ↑↑↑：nAxis{{1}},Dir{{false}},nPlsSpeed{{{nSpeed}}},nPlsCount{{750000}},cControlFlag{{{nCtlValue}}}
2023-04-07 20:59:36,990 [AppLog] INFO : 手动控制墨车运动带减速停止：沿Y轴方向运动 ↑↑↑↓↓↓ ====: bImmeStop{{false}},nAxisMask{{0x2}}
2023-04-07 20:59:37,318 [AppLog] INFO : 手动控制墨车运动开启：沿Y轴前侧方向运动 ↑↑↑：nAxis{{1}},Dir{{false}},nPlsSpeed{{{nSpeed}}},nPlsCount{{750000}},cControlFlag{{{nCtlValue}}}
2023-04-07 20:59:37,443 [AppLog] INFO : 手动控制墨车运动带减速停止：沿Y轴方向运动 ↑↑↑↓↓↓ ====: bImmeStop{{false}},nAxisMask{{0x2}}
2023-04-07 20:59:37,942 [AppLog] INFO : 手动控制墨车运动开启：沿Y轴前侧方向运动 ↑↑↑：nAxis{{1}},Dir{{false}},nPlsSpeed{{{nSpeed}}},nPlsCount{{750000}},cControlFlag{{{nCtlValue}}}
2023-04-07 20:59:39,455 [AppLog] INFO : 手动控制墨车运动带减速停止：沿Y轴方向运动 ↑↑↑↓↓↓ ====: bImmeStop{{false}},nAxisMask{{0x2}}
