2023-03-02 12:48:29,046 [AppLog] INFO : 软件开机密码正确，登录成功1次
==========================================================================
操作系统:{Microsoft Windows 7 旗舰版 }
运行环境:{ .Net Framework Enviroment Version 4.0.30319.42000}
盘符：D
CPU使用率：{44.64254%} ，可用内存大小:{14452MB}，硬盘剩余空间：
  盘符 C:\ 的剩余空间：82 GB
  盘符 D:\ 的剩余空间：98 GB
硬件配置情况：
  CPU 厂家: GenuineIntel CPU 型号: Intel(R) Core(TM) i7-4770 CPU @ 3.40GHz
  内存条厂家: Kingston 内存条型号: 99P5471-043.A00LF 
  内存条厂家: Kingston 内存条型号: 99P5471-043.A00LF 
  硬盘厂家: (标准磁盘驱动器) 硬盘型号: Micron_1300_MTFDDAK256TDL ATA Device
==========================================================================
2023-03-02 12:48:31,760 [AppLog] INFO : 开启系统：板卡通讯，伺服供电，照明系统，UV/HR固化系统！
2023-03-02 12:48:31,760 [AppLog] INFO : 开启系统：一键启动系统开始！
2023-03-02 12:48:37,844 [AppLog] INFO : 开启系统：一键启动系统结束！
2023-03-02 12:49:03,148 [AppLog] INFO : 初始化喷墨控制器！
2023-03-02 12:49:03,444 [AppLog] INFO : 红外灯控制器485通讯建立！
2023-03-02 12:49:03,444 [AppLog] INFO : 进入电气控制模块
2023-03-02 12:49:04,474 [AppLog] INFO : 电气控制模块：手动打开端口14
2023-03-02 12:49:05,082 [AppLog] INFO : 电气控制模块：手动打开端口15
2023-03-02 12:49:05,831 [AppLog] INFO : 退出电气控制模块
2023-03-02 12:49:07,516 [AppLog] INFO : 进入手动调试子模块！
2023-03-02 12:49:18,373 [AppLog] INFO : 退出手动调试子模块,已执行修改
==========================================================================
2023-03-02 12:49:20,542 [AppLog] INFO : 进入JOB参数设置：修改前初始参数：灰度数据格式{1bits}打印灰阶{1阶}m_XPrintDpi{635Dpi}墨车运动速度{50MM/s}X向起打位置{50MM}Y向起打位置{20MM}
2023-03-02 12:49:26,922 [AppLog] INFO : 退出JOB参数设置：修改后参数：灰度数据格式{1bits}打印灰阶{1阶}m_XPrintDpi{1270Dpi}墨车运动速度{50MM/s}X向起打位置{50MM}Y向起打位置{20MM}
2023-03-02 12:49:29,044 [AppLog] INFO : 进入数据加载模块
2023-03-02 12:49:31,711 [AppLog] INFO : 进入手动调试子模块！
2023-03-02 12:49:36,032 [AppLog] INFO : 开启墨车和铺粉车回零校准：EncoderResetBtn_Click
2023-03-02 12:49:36,032 [AppLog] INFO : 开启墨车回零校准线程：InkCarEncoderResetThread
2023-03-02 12:49:36,032 [AppLog] INFO : 开启粉车回零校准线程：PowderCarHomeResetThread
2023-03-02 12:49:46,079 [AppLog] INFO : 手动正向点动指令（8轴运控板卡系统） ====》：输出AXIS{第2轴},点动量{-116MM},运动速度{30MM/s}
2023-03-02 12:49:46,094 [AppLog] INFO : 粉车回零校准线程成功：PowderCarHomeResetThread
2023-03-02 12:49:59,339 [AppLog] INFO : 墨车回零校准线程成功：InkCarEncoderResetThread
2023-03-02 12:50:08,028 [AppLog] INFO : 更新波形路径：DEV_UpdateParam：{D:\Release\波形文件\ricoh_phcfg16 - wave4.rhdat}
2023-03-02 12:50:13,519 [AppLog] INFO : 重新加载完波形：DEV_ReloadWaveForm！
2023-03-02 12:50:18,979 [AppLog] INFO : 更新喷头电压及温度参数成功：MCU_SetPhVoltage:1号喷头电压：{18V,18V,18V,18V}；MCU_SetPhVoltage:1号喷头温度：{25℃}
2023-03-02 12:50:33,160 [AppLog] INFO : 手动控制墨车运动开启：沿Y轴后侧方向运动 ↓↓↓：nAxis{{1}},Dir{{true}},nPlsSpeed{{{nSpeed}}},nPlsCount{{750000}},cControlFlag{{{nCtlValue}}}
2023-03-02 12:50:33,409 [AppLog] INFO : 手动控制墨车运动带减速停止：沿Y轴方向运动 ↑↑↑↓↓↓ ====: bImmeStop{{false}},nAxisMask{{0x2}}
2023-03-02 12:50:33,456 [AppLog] INFO : 手动控制墨车运动开启：沿Y轴后侧方向运动 ↓↓↓：nAxis{{1}},Dir{{true}},nPlsSpeed{{{nSpeed}}},nPlsCount{{750000}},cControlFlag{{{nCtlValue}}}
2023-03-02 12:50:35,437 [AppLog] INFO : 手动控制墨车运动带减速停止：沿Y轴方向运动 ↑↑↑↓↓↓ ====: bImmeStop{{false}},nAxisMask{{0x2}}
2023-03-02 12:50:35,703 [AppLog] INFO : 手动控制墨车运动开启：沿Y轴后侧方向运动 ↓↓↓：nAxis{{1}},Dir{{true}},nPlsSpeed{{{nSpeed}}},nPlsCount{{750000}},cControlFlag{{{nCtlValue}}}
2023-03-02 12:50:35,968 [AppLog] INFO : 手动控制墨车运动带减速停止：沿Y轴方向运动 ↑↑↑↓↓↓ ====: bImmeStop{{false}},nAxisMask{{0x2}}
2023-03-02 12:50:36,295 [AppLog] INFO : 手动控制墨车运动开启：沿Y轴后侧方向运动 ↓↓↓：nAxis{{1}},Dir{{true}},nPlsSpeed{{{nSpeed}}},nPlsCount{{750000}},cControlFlag{{{nCtlValue}}}
2023-03-02 12:50:36,311 [AppLog] INFO : 手动控制墨车运动带减速停止：沿Y轴方向运动 ↑↑↑↓↓↓ ====: bImmeStop{{false}},nAxisMask{{0x2}}
2023-03-02 12:50:36,654 [AppLog] INFO : 手动控制墨车运动开启：沿Y轴后侧方向运动 ↓↓↓：nAxis{{1}},Dir{{true}},nPlsSpeed{{{nSpeed}}},nPlsCount{{750000}},cControlFlag{{{nCtlValue}}}
2023-03-02 12:50:36,748 [AppLog] INFO : 手动控制墨车运动带减速停止：沿Y轴方向运动 ↑↑↑↓↓↓ ====: bImmeStop{{false}},nAxisMask{{0x2}}
2023-03-02 12:50:36,966 [AppLog] INFO : 手动控制墨车运动开启：沿Y轴后侧方向运动 ↓↓↓：nAxis{{1}},Dir{{true}},nPlsSpeed{{{nSpeed}}},nPlsCount{{750000}},cControlFlag{{{nCtlValue}}}
2023-03-02 12:50:37,013 [AppLog] INFO : 手动控制墨车运动带减速停止：沿Y轴方向运动 ↑↑↑↓↓↓ ====: bImmeStop{{false}},nAxisMask{{0x2}}
2023-03-02 12:50:37,590 [AppLog] INFO : 手动控制墨车运动开启：沿Y轴后侧方向运动 ↓↓↓：nAxis{{1}},Dir{{true}},nPlsSpeed{{{nSpeed}}},nPlsCount{{750000}},cControlFlag{{{nCtlValue}}}
2023-03-02 12:50:37,590 [AppLog] INFO : 手动控制墨车运动带减速停止：沿Y轴方向运动 ↑↑↑↓↓↓ ====: bImmeStop{{false}},nAxisMask{{0x2}}
2023-03-02 12:50:38,698 [AppLog] INFO : 开启自动供墨：DEV_EnableInkAutoSupply：ReturnCode{True},Action{true},ControlBit{255}
2023-03-02 12:50:40,320 [AppLog] INFO : 开启手动压墨：PushInkBtn_Click
2023-03-02 12:51:05,483 [AppLog] INFO : 停止手动压墨：PushInkBtn_Click
2023-03-02 12:51:40,536 [AppLog] INFO : 开启手动压墨：PushInkBtn_Click
2023-03-02 12:51:49,709 [AppLog] INFO : 停止手动压墨：PushInkBtn_Click
2023-03-02 12:51:55,153 [AppLog] INFO : 停止自动供墨：DEV_EnableInkAutoSupply：ReturnCode{True},Action{false},ControlBit{255}
2023-03-02 12:51:55,731 [AppLog] INFO : 开启自动供墨：DEV_EnableInkAutoSupply：ReturnCode{True},Action{true},ControlBit{255}
2023-03-02 12:51:58,429 [AppLog] INFO : 手动开启自动清洗过程：AutoCleanBtn_Click
2023-03-02 12:51:58,429 [AppLog] INFO : 进入自动清洗过程：AutoCleanThread
2023-03-02 12:51:59,459 [AppLog] INFO : 刮墨轴回零成功：motionMap.SetBackSpreaderAxis(4, 1, 2, -SinkPosition)
2023-03-02 12:51:59,506 [AppLog] INFO : 准备运动，编码器当前位置：DEM_GetAxisEncodeVal：MoveDirectionFlag{false为Y方向：True}CurrentPos{313.505}AimPos{121}
2023-03-02 12:51:59,553 [AppLog] INFO : Y方向运动开始：DEM_Run：返回值{True}nAxis{1}DirFlag{False}nSpeed{100000}MoveStep{-192505}nCtlValue{0}
2023-03-02 12:52:01,659 [AppLog] INFO : Y方向到位停止：DEM_StopAxisRun：返回值{True}CurrentPos{127.86}bImmeStop{False}nAxisMask{2}
2023-03-02 12:52:01,659 [AppLog] INFO : 准备运动，当前位置：DEV_GetPrintEncoderValue：MoveDirectionFlag{false为Y方向：False}CurrentPos{738.235}AimPos{710}
2023-03-02 12:52:01,690 [AppLog] INFO : X方向运动开始：DEM_Run：返回值{True}nAxis{0}DirFlag{False}nSpeed{100000}MoveStep{-28235}nCtlValue{2}
2023-03-02 12:52:02,142 [AppLog] INFO : X方向到位停止：DEM_StopAxisRun：返回值{True}CurrentPos{714.445}bImmeStop{False}nAxisMask{1}
2023-03-02 12:52:02,985 [AppLog] INFO : 开启压墨： motionMap.SetDo(13, true)
2023-03-02 12:52:05,995 [AppLog] INFO : 关闭压墨： motionMap.SetDo(13, true)
2023-03-02 12:52:06,011 [AppLog] INFO : 开启闪喷： IDP_FlashPrtCtl(true)：ReturnCode{True}
2023-03-02 12:52:06,011 [AppLog] INFO : 准备运动，当前位置：DEV_GetPrintEncoderValue：MoveDirectionFlag{false为Y方向：False}CurrentPos{710.17}AimPos{780}
2023-03-02 12:52:06,058 [AppLog] INFO : X方向运动开始：DEM_Run：返回值{True}nAxis{0}DirFlag{True}nSpeed{50000}MoveStep{69830}nCtlValue{2}
2023-03-02 12:52:07,587 [AppLog] INFO : X方向到位停止：DEM_StopAxisRun：返回值{True}CurrentPos{778.81}bImmeStop{False}nAxisMask{1}
2023-03-02 12:52:07,977 [AppLog] INFO : 准备运动，当前位置：DEV_GetPrintEncoderValue：MoveDirectionFlag{false为Y方向：False}CurrentPos{779.4}AimPos{710}
2023-03-02 12:52:08,008 [AppLog] INFO : X方向运动开始：DEM_Run：返回值{True}nAxis{0}DirFlag{False}nSpeed{50000}MoveStep{-69400}nCtlValue{2}
2023-03-02 12:52:09,459 [AppLog] INFO : X方向到位停止：DEM_StopAxisRun：返回值{True}CurrentPos{714.09}bImmeStop{False}nAxisMask{1}
2023-03-02 12:52:11,034 [AppLog] INFO : 结束自动清洗过程：AutoCleanThread
2023-03-02 12:52:16,994 [AppLog] INFO : 手动停止自动清洗过程：AutoCleanBtn_Click
2023-03-02 12:53:38,878 [AppLog] INFO : 手动正向JOG指令（8轴运控板卡系统） ====》：输出AXIS{第1轴},运动速度{5MM/s}
2023-03-02 12:53:38,940 [AppLog] INFO : 手动停止JOG输出（8轴运控板卡系统） ====》：输出AXIS{第1轴}
2023-03-02 12:53:39,143 [AppLog] INFO : 手动正向JOG指令（8轴运控板卡系统） ====》：输出AXIS{第1轴},运动速度{5MM/s}
2023-03-02 12:53:39,237 [AppLog] INFO : 手动停止JOG输出（8轴运控板卡系统） ====》：输出AXIS{第1轴}
2023-03-02 12:53:39,346 [AppLog] INFO : 手动正向JOG指令（8轴运控板卡系统） ====》：输出AXIS{第1轴},运动速度{5MM/s}
2023-03-02 12:53:39,440 [AppLog] INFO : 手动停止JOG输出（8轴运控板卡系统） ====》：输出AXIS{第1轴}
2023-03-02 12:53:39,580 [AppLog] INFO : 手动正向JOG指令（8轴运控板卡系统） ====》：输出AXIS{第1轴},运动速度{5MM/s}
2023-03-02 12:53:39,580 [AppLog] INFO : 手动停止JOG输出（8轴运控板卡系统） ====》：输出AXIS{第1轴}
2023-03-02 12:53:39,705 [AppLog] INFO : 手动正向JOG指令（8轴运控板卡系统） ====》：输出AXIS{第1轴},运动速度{5MM/s}
2023-03-02 12:53:39,783 [AppLog] INFO : 手动停止JOG输出（8轴运控板卡系统） ====》：输出AXIS{第1轴}
2023-03-02 12:53:39,830 [AppLog] INFO : 手动正向JOG指令（8轴运控板卡系统） ====》：输出AXIS{第1轴},运动速度{5MM/s}
2023-03-02 12:53:39,923 [AppLog] INFO : 手动停止JOG输出（8轴运控板卡系统） ====》：输出AXIS{第1轴}
2023-03-02 12:53:40,001 [AppLog] INFO : 手动正向JOG指令（8轴运控板卡系统） ====》：输出AXIS{第1轴},运动速度{5MM/s}
2023-03-02 12:53:40,095 [AppLog] INFO : 手动停止JOG输出（8轴运控板卡系统） ====》：输出AXIS{第1轴}
2023-03-02 12:53:40,235 [AppLog] INFO : 手动正向JOG指令（8轴运控板卡系统） ====》：输出AXIS{第1轴},运动速度{5MM/s}
2023-03-02 12:53:40,251 [AppLog] INFO : 手动停止JOG输出（8轴运控板卡系统） ====》：输出AXIS{第1轴}
2023-03-02 12:53:40,391 [AppLog] INFO : 手动正向JOG指令（8轴运控板卡系统） ====》：输出AXIS{第1轴},运动速度{5MM/s}
2023-03-02 12:53:40,454 [AppLog] INFO : 手动停止JOG输出（8轴运控板卡系统） ====》：输出AXIS{第1轴}
2023-03-02 12:53:40,781 [AppLog] INFO : 手动正向JOG指令（8轴运控板卡系统） ====》：输出AXIS{第1轴},运动速度{5MM/s}
2023-03-02 12:53:40,781 [AppLog] INFO : 手动停止JOG输出（8轴运控板卡系统） ====》：输出AXIS{第1轴}
2023-03-02 12:53:40,781 [AppLog] INFO : 手动正向JOG指令（8轴运控板卡系统） ====》：输出AXIS{第1轴},运动速度{5MM/s}
2023-03-02 12:53:40,781 [AppLog] INFO : 手动停止JOG输出（8轴运控板卡系统） ====》：输出AXIS{第1轴}
2023-03-02 12:53:40,859 [AppLog] INFO : 手动正向JOG指令（8轴运控板卡系统） ====》：输出AXIS{第1轴},运动速度{5MM/s}
2023-03-02 12:53:41,015 [AppLog] INFO : 手动停止JOG输出（8轴运控板卡系统） ====》：输出AXIS{第1轴}
2023-03-02 12:53:41,031 [AppLog] INFO : 手动正向JOG指令（8轴运控板卡系统） ====》：输出AXIS{第1轴},运动速度{5MM/s}
2023-03-02 12:53:41,218 [AppLog] INFO : 手动停止JOG输出（8轴运控板卡系统） ====》：输出AXIS{第1轴}
2023-03-02 12:53:41,312 [AppLog] INFO : 手动正向JOG指令（8轴运控板卡系统） ====》：输出AXIS{第1轴},运动速度{5MM/s}
2023-03-02 12:53:41,452 [AppLog] INFO : 手动停止JOG输出（8轴运控板卡系统） ====》：输出AXIS{第1轴}
2023-03-02 12:53:41,468 [AppLog] INFO : 手动正向JOG指令（8轴运控板卡系统） ====》：输出AXIS{第1轴},运动速度{5MM/s}
2023-03-02 12:53:41,655 [AppLog] INFO : 手动停止JOG输出（8轴运控板卡系统） ====》：输出AXIS{第1轴}
2023-03-02 12:53:41,780 [AppLog] INFO : 手动正向JOG指令（8轴运控板卡系统） ====》：输出AXIS{第1轴},运动速度{5MM/s}
2023-03-02 12:53:41,873 [AppLog] INFO : 手动停止JOG输出（8轴运控板卡系统） ====》：输出AXIS{第1轴}
2023-03-02 12:53:41,967 [AppLog] INFO : 手动正向JOG指令（8轴运控板卡系统） ====》：输出AXIS{第1轴},运动速度{5MM/s}
2023-03-02 12:53:42,076 [AppLog] INFO : 手动停止JOG输出（8轴运控板卡系统） ====》：输出AXIS{第1轴}
2023-03-02 12:53:42,279 [AppLog] INFO : 手动正向JOG指令（8轴运控板卡系统） ====》：输出AXIS{第1轴},运动速度{5MM/s}
2023-03-02 12:53:42,388 [AppLog] INFO : 手动停止JOG输出（8轴运控板卡系统） ====》：输出AXIS{第1轴}
2023-03-02 12:53:42,544 [AppLog] INFO : 手动正向JOG指令（8轴运控板卡系统） ====》：输出AXIS{第1轴},运动速度{5MM/s}
2023-03-02 12:53:42,575 [AppLog] INFO : 手动停止JOG输出（8轴运控板卡系统） ====》：输出AXIS{第1轴}
2023-03-02 12:53:42,731 [AppLog] INFO : 手动正向JOG指令（8轴运控板卡系统） ====》：输出AXIS{第1轴},运动速度{5MM/s}
2023-03-02 12:53:42,778 [AppLog] INFO : 手动停止JOG输出（8轴运控板卡系统） ====》：输出AXIS{第1轴}
2023-03-02 12:53:42,918 [AppLog] INFO : 手动正向JOG指令（8轴运控板卡系统） ====》：输出AXIS{第1轴},运动速度{5MM/s}
2023-03-02 12:53:42,965 [AppLog] INFO : 手动停止JOG输出（8轴运控板卡系统） ====》：输出AXIS{第1轴}
2023-03-02 12:53:43,059 [AppLog] INFO : 手动正向JOG指令（8轴运控板卡系统） ====》：输出AXIS{第1轴},运动速度{5MM/s}
2023-03-02 12:53:43,418 [AppLog] INFO : 手动停止JOG输出（8轴运控板卡系统） ====》：输出AXIS{第1轴}
2023-03-02 12:53:43,574 [AppLog] INFO : 手动正向JOG指令（8轴运控板卡系统） ====》：输出AXIS{第1轴},运动速度{5MM/s}
2023-03-02 12:53:43,886 [AppLog] INFO : 手动停止JOG输出（8轴运控板卡系统） ====》：输出AXIS{第1轴}
2023-03-02 12:53:44,088 [AppLog] INFO : 手动正向JOG指令（8轴运控板卡系统） ====》：输出AXIS{第1轴},运动速度{5MM/s}
2023-03-02 12:53:44,354 [AppLog] INFO : 手动停止JOG输出（8轴运控板卡系统） ====》：输出AXIS{第1轴}
2023-03-02 12:53:44,510 [AppLog] INFO : 手动正向JOG指令（8轴运控板卡系统） ====》：输出AXIS{第1轴},运动速度{5MM/s}
2023-03-02 12:53:44,744 [AppLog] INFO : 手动停止JOG输出（8轴运控板卡系统） ====》：输出AXIS{第1轴}
2023-03-02 12:53:45,102 [AppLog] INFO : 手动正向JOG指令（8轴运控板卡系统） ====》：输出AXIS{第1轴},运动速度{5MM/s}
2023-03-02 12:53:45,212 [AppLog] INFO : 手动停止JOG输出（8轴运控板卡系统） ====》：输出AXIS{第1轴}
2023-03-02 12:53:47,848 [AppLog] INFO : 手动正向JOG指令（8轴运控板卡系统） ====》：输出AXIS{第2轴},运动速度{50MM/s}
2023-03-02 12:53:48,035 [AppLog] INFO : 手动停止JOG输出（8轴运控板卡系统） ====》：输出AXIS{第2轴}
2023-03-02 12:53:48,254 [AppLog] INFO : 手动正向JOG指令（8轴运控板卡系统） ====》：输出AXIS{第2轴},运动速度{50MM/s}
2023-03-02 12:53:52,232 [AppLog] INFO : 手动停止JOG输出（8轴运控板卡系统） ====》：输出AXIS{第2轴}
2023-03-02 12:53:52,372 [AppLog] INFO : 手动正向JOG指令（8轴运控板卡系统） ====》：输出AXIS{第2轴},运动速度{50MM/s}
2023-03-02 12:53:52,622 [AppLog] INFO : 手动停止JOG输出（8轴运控板卡系统） ====》：输出AXIS{第2轴}
2023-03-02 12:53:52,902 [AppLog] INFO : 手动正向JOG指令（8轴运控板卡系统） ====》：输出AXIS{第2轴},运动速度{50MM/s}
2023-03-02 12:53:54,759 [AppLog] INFO : 手动停止JOG输出（8轴运控板卡系统） ====》：输出AXIS{第2轴}
2023-03-02 12:53:57,754 [AppLog] INFO : 手动正向JOG指令（8轴运控板卡系统） ====》：输出AXIS{第2轴},运动速度{50MM/s}
2023-03-02 12:54:01,451 [AppLog] INFO : 手动停止JOG输出（8轴运控板卡系统） ====》：输出AXIS{第2轴}
2023-03-02 12:54:03,214 [AppLog] INFO : 手动正向JOG指令（8轴运控板卡系统） ====》：输出AXIS{第2轴},运动速度{50MM/s}
2023-03-02 12:54:05,289 [AppLog] INFO : 手动停止JOG输出（8轴运控板卡系统） ====》：输出AXIS{第2轴}
2023-03-02 12:54:14,446 [AppLog] INFO : 手动负向JOG指令（8轴运控板卡系统） ====》：输出AXIS{第2轴},运动速度{50MM/s}
2023-03-02 12:54:23,884 [AppLog] INFO : 手动停止JOG输出（8轴运控板卡系统） ====》：输出AXIS{第2轴}
2023-03-02 12:54:25,569 [AppLog] INFO : 手动负向JOG指令（8轴运控板卡系统） ====》：输出AXIS{第1轴},运动速度{5MM/s}
2023-03-02 12:54:25,663 [AppLog] INFO : 手动停止JOG输出（8轴运控板卡系统） ====》：输出AXIS{第1轴}
2023-03-02 12:54:45,833 [AppLog] INFO : 手动正向JOG指令（8轴运控板卡系统） ====》：输出AXIS{第2轴},运动速度{50MM/s}
2023-03-02 12:54:54,975 [AppLog] INFO : 手动停止JOG输出（8轴运控板卡系统） ====》：输出AXIS{第2轴}
2023-03-02 12:55:02,650 [AppLog] INFO : 手动正向JOG指令（8轴运控板卡系统） ====》：输出AXIS{第2轴},运动速度{50MM/s}
2023-03-02 12:55:03,539 [AppLog] INFO : 手动停止JOG输出（8轴运控板卡系统） ====》：输出AXIS{第2轴}
2023-03-02 12:55:05,084 [AppLog] INFO : 手动正向JOG指令（8轴运控板卡系统） ====》：输出AXIS{第6轴},运动速度{2MM/s}
2023-03-02 12:55:07,814 [AppLog] INFO : 手动停止JOG输出（8轴运控板卡系统） ====》：输出AXIS{第6轴}
2023-03-02 12:55:09,779 [AppLog] INFO : 手动负向JOG指令（8轴运控板卡系统） ====》：输出AXIS{第2轴},运动速度{50MM/s}
2023-03-02 12:55:16,253 [AppLog] INFO : 手动停止JOG输出（8轴运控板卡系统） ====》：输出AXIS{第2轴}
2023-03-02 12:55:35,457 [AppLog] INFO : 手动负向JOG指令（8轴运控板卡系统） ====》：输出AXIS{第2轴},运动速度{50MM/s}
2023-03-02 12:55:40,979 [AppLog] INFO : 手动停止JOG输出（8轴运控板卡系统） ====》：输出AXIS{第2轴}
2023-03-02 12:55:41,182 [AppLog] INFO : 手动负向JOG指令（8轴运控板卡系统） ====》：输出AXIS{第2轴},运动速度{50MM/s}
2023-03-02 12:55:41,775 [AppLog] INFO : 手动停止JOG输出（8轴运控板卡系统） ====》：输出AXIS{第2轴}
2023-03-02 12:55:42,025 [AppLog] INFO : 手动负向JOG指令（8轴运控板卡系统） ====》：输出AXIS{第2轴},运动速度{50MM/s}
2023-03-02 12:55:42,181 [AppLog] INFO : 手动停止JOG输出（8轴运控板卡系统） ====》：输出AXIS{第2轴}
2023-03-02 12:58:14,016 [AppLog] INFO : 退出手动调试子模块,已执行修改
==========================================================================
2023-03-02 12:58:15,701 [AppLog] INFO : 进入JOB参数设置：修改前初始参数：灰度数据格式{1bits}打印灰阶{1阶}m_XPrintDpi{1270Dpi}墨车运动速度{50MM/s}X向起打位置{50MM}Y向起打位置{20MM}
2023-03-02 12:58:16,793 [AppLog] INFO : 退出JOB参数设置：修改后参数：灰度数据格式{1bits}打印灰阶{1阶}m_XPrintDpi{1270Dpi}墨车运动速度{50MM/s}X向起打位置{50MM}Y向起打位置{20MM}
2023-03-02 12:58:17,916 [AppLog] INFO : 进入数据加载模块
2023-03-02 12:58:35,684 [AppLog] INFO : 进入数据加载模块
2023-03-02 12:58:46,386 [AppLog] INFO : CAD数据加载：添加.bjgroup格式CAD数据成功-D:\hk\最终零件\new-zuhe-80.bjgroup
2023-03-02 12:59:15,433 [AppLog] INFO : 进入手动调试子模块！
2023-03-02 12:59:23,888 [AppLog] INFO : IR固化手动出光模式：WriteSingleRegister：SlaveNumber{1}RegisterAddress{132}RegisterValue{1}
2023-03-02 12:59:23,951 [AppLog] INFO : IR固化更新功率为设定值：WriteSingleRegister：SlaveNumber{1}RegisterAddress{121}目标温度{40℃}
2023-03-02 12:59:26,166 [AppLog] INFO : IR固化手动出光模式：WriteSingleRegister：SlaveNumber{1}RegisterAddress{132}RegisterValue{1}
2023-03-02 12:59:26,228 [AppLog] INFO : IR固化停止出光成功：WriteSingleRegister：SlaveNumber{1}RegisterAddress{121}目标温度{0 ℃}
2023-03-02 12:59:38,646 [AppLog] INFO : 退出手动调试子模块,已执行修改
==========================================================================
2023-03-02 12:59:40,081 [AppLog] INFO : 进入JOB参数设置：修改前初始参数：灰度数据格式{1bits}打印灰阶{1阶}m_XPrintDpi{1270Dpi}墨车运动速度{50MM/s}X向起打位置{50MM}Y向起打位置{20MM}
2023-03-02 12:59:41,563 [AppLog] INFO : 退出JOB参数设置：修改后参数：灰度数据格式{1bits}打印灰阶{1阶}m_XPrintDpi{1270Dpi}墨车运动速度{50MM/s}X向起打位置{50MM}Y向起打位置{20MM}
2023-03-02 12:59:45,432 [AppLog] INFO : 启动打印任务：准备开启数据处理及打印线程
2023-03-02 12:59:45,447 [AppLog] INFO : 停止打印任务，释放板卡内存：IDP_StopPrintJob()：ReturnFlag{True}
2023-03-02 12:59:45,447 [AppLog] INFO : 启动打印线程成功： DataTaskTHREAD
2023-03-02 12:59:45,463 [AppLog] INFO : 写入打印参数：IDP_SartPrintJob：nJobID{1}szJobName{金属3DP打印}nPixelGrayBits{1} nPrtCtl{0}nPrtXEncPos{10000}fPrtYPos{0}
2023-03-02 12:59:45,463 [AppLog] INFO : 启动打印线程成功：PrintTaskTHREAD
2023-03-02 12:59:47,241 [AppLog] INFO : 作业写入成功：IDP_WriteImgLayerData：bpp:{1bit}灰阶:{1阶}nLayerIndex{0}LayerIndex{0}SubIndex{0}RePrintTimes{1}nBytesPerLine{2004}nWidth{16001}nHeight{7560}nXEncOff{0}nYJetOff{0}nImgStartJetIndex{0}nXDPI{1270}nYDPI{600}nPrtDir{0} nPrtFlag{1}nColorCnts{1}nReserved{System.Int32[]}
2023-03-02 12:59:48,911 [AppLog] INFO : 作业写入成功：IDP_WriteImgLayerData：bpp:{1bit}灰阶:{1阶}nLayerIndex{1}LayerIndex{0}SubIndex{1}RePrintTimes{1}nBytesPerLine{2004}nWidth{16001}nHeight{7560}nXEncOff{0}nYJetOff{0}nImgStartJetIndex{0}nXDPI{1270}nYDPI{600}nPrtDir{0} nPrtFlag{1}nColorCnts{1}nReserved{System.Int32[]}
2023-03-02 12:59:48,989 [AppLog] INFO : 关闭自动供墨：DEV_EnableInkAutoSupply：ControlBit{0xX}
2023-03-02 12:59:48,989 [AppLog] INFO : 初始化墨轴1：DEM_InitAxis：{0, 0x100}
2023-03-02 12:59:49,004 [AppLog] INFO : 初始化墨轴2：DEM_InitAxis：{1, 0x1400}
2023-03-02 12:59:49,020 [AppLog] INFO : 初始化墨轴3：DEM_InitAxis：{1, 0x1400}
2023-03-02 12:59:49,020 [AppLog] INFO : 使能所有墨轴：DEM_EnableAxisRun：{true}
2023-03-02 12:59:49,035 [AppLog] INFO : 使能双Y墨轴输出同步：DEM_EnableDYOutPut：{true, true}
2023-03-02 12:59:49,035 [AppLog] INFO : 初始化墨轴1：DEM_InitAxis：{0, 0x100}
2023-03-02 12:59:49,051 [AppLog] INFO : 使能所有墨轴：DEM_EnableAxisRun：{true}
2023-03-02 12:59:49,067 [AppLog] INFO : 开启自动供墨：DEV_EnableInkAutoSupply：ControlBit{0xFF}
2023-03-02 12:59:49,082 [AppLog] INFO : 接收到起始打印指令：PrintTaskTHREAD
2023-03-02 12:59:49,098 [AppLog] INFO : 获取打印Pass数据：IDP_GetPassItem2：nLayerIndex{1}nPassID{0}nProcState{3}LPPassDataItemb:PrtDir{False}nDataTxCompleteCnt{1}nHwMemAdrMatchMask{1}nLayerIndex{1}nLayerPassCount{6}nLayerPassIndex{0}nMinJet0ImgLinePos{0}nPrtMemHwAddr{System.UInt32[]}nPrtDataOffset{System.UInt32[]}nSrcDataSize{System.UInt32[]}nPrtColBytes{System.UInt32[]}nPrtPrecession{4}nSrcEndCols{16000}nSrcStartCols{0}nStartEncPos{76472}nValidPassJets{1280}nValidPrtCols{16619}nValidPrtCtlCnts{1}pDataBuf{0}pNextItem{674881840}
2023-03-02 12:59:49,113 [AppLog] INFO : 使能Pass打印成功：IDP_DoPassPrint2：nLayerIndex{1}nPassID{0}
2023-03-02 12:59:49,129 [AppLog] INFO : PASS打印前关键状态：DEV_GetDeviceInfo2：nLayerIndex{1}nPassID{0}LPPRINTER_INFO:nXSysEncDPI{0}nStatus{0}nPrintStatus{0}bSuperDevice{0}
LPPRINTER_INFO-LPPrtRunInfo:bJobPrtRuning{False}bLayerPrtIsOver{False}nContReqMemErr{0}nContWDErr{0}nCurPrtDir{0}nDTLayerIndex{0}nDTLayerPassIndex{0}nDTPtrCtlIndex{0}nLayerPassCount{0}nPrintLayerIndex{0}nPrintPassIndex{0}nProcLayerIndex{0}nPrtDataMemAddr{0}nPrtState{0}nReverse{System.Int32[]}nRevPrtCols{0}
LPPRINTER_INFO-LPDRVINFO:nFMVersion{0}nFpgaVersion{0}nPCBVersion{0}nState{0}nNextState{0}nPtvwarnState{0}nCrc32{0}nRevInfo{System.UInt32[]}nSignature{0}
2023-03-02 12:59:49,160 [AppLog] INFO : 关闭闪喷操作：IDP_FlashPrtCtl：返回值{True}
2023-03-02 12:59:49,160 [AppLog] INFO : 准备运动，编码器当前位置：DEM_GetAxisEncodeVal：MoveDirectionFlag{false为Y方向：True}CurrentPos{121.47}AimPos{15}
2023-03-02 12:59:49,207 [AppLog] INFO : Y方向运动开始：DEM_Run：返回值{True}nAxis{1}DirFlag{False}nSpeed{50000}MoveStep{-106470}nCtlValue{0}
2023-03-02 12:59:49,207 [AppLog] INFO : 准备运动，当前位置：DEV_GetPrintEncoderValue：MoveDirectionFlag{false为Y方向：False}CurrentPos{710.56}AimPos{25}
2023-03-02 12:59:49,238 [AppLog] INFO : X方向运动开始：DEM_Run：返回值{True}nAxis{0}DirFlag{False}nSpeed{50000}MoveStep{-685560}nCtlValue{2}
2023-03-02 12:59:50,689 [AppLog] INFO : 作业写入成功：IDP_WriteImgLayerData：bpp:{1bit}灰阶:{1阶}nLayerIndex{2}LayerIndex{1}SubIndex{1}RePrintTimes{1}nBytesPerLine{2004}nWidth{16001}nHeight{7560}nXEncOff{0}nYJetOff{0}nImgStartJetIndex{0}nXDPI{1270}nYDPI{600}nPrtDir{0} nPrtFlag{1}nColorCnts{1}nReserved{System.Int32[]}
2023-03-02 12:59:52,405 [AppLog] INFO : 作业写入成功：IDP_WriteImgLayerData：bpp:{1bit}灰阶:{1阶}nLayerIndex{3}LayerIndex{2}SubIndex{1}RePrintTimes{1}nBytesPerLine{2004}nWidth{16001}nHeight{7560}nXEncOff{0}nYJetOff{0}nImgStartJetIndex{0}nXDPI{1270}nYDPI{600}nPrtDir{0} nPrtFlag{1}nColorCnts{1}nReserved{System.Int32[]}
2023-03-02 12:59:54,106 [AppLog] INFO : 作业写入成功：IDP_WriteImgLayerData：bpp:{1bit}灰阶:{1阶}nLayerIndex{4}LayerIndex{3}SubIndex{1}RePrintTimes{1}nBytesPerLine{2004}nWidth{16001}nHeight{7560}nXEncOff{0}nYJetOff{0}nImgStartJetIndex{0}nXDPI{1270}nYDPI{600}nPrtDir{0} nPrtFlag{1}nColorCnts{1}nReserved{System.Int32[]}
2023-03-02 12:59:55,900 [AppLog] INFO : 作业写入成功：IDP_WriteImgLayerData：bpp:{1bit}灰阶:{1阶}nLayerIndex{5}LayerIndex{4}SubIndex{1}RePrintTimes{1}nBytesPerLine{2004}nWidth{16001}nHeight{7560}nXEncOff{0}nYJetOff{0}nImgStartJetIndex{0}nXDPI{1270}nYDPI{600}nPrtDir{0} nPrtFlag{1}nColorCnts{1}nReserved{System.Int32[]}
2023-03-02 12:59:57,616 [AppLog] INFO : 作业写入成功：IDP_WriteImgLayerData：bpp:{1bit}灰阶:{1阶}nLayerIndex{6}LayerIndex{5}SubIndex{1}RePrintTimes{1}nBytesPerLine{2004}nWidth{16001}nHeight{7560}nXEncOff{0}nYJetOff{0}nImgStartJetIndex{0}nXDPI{1270}nYDPI{600}nPrtDir{0} nPrtFlag{1}nColorCnts{1}nReserved{System.Int32[]}
2023-03-02 12:59:59,300 [AppLog] INFO : 作业写入成功：IDP_WriteImgLayerData：bpp:{1bit}灰阶:{1阶}nLayerIndex{7}LayerIndex{6}SubIndex{1}RePrintTimes{1}nBytesPerLine{2004}nWidth{16001}nHeight{7560}nXEncOff{0}nYJetOff{0}nImgStartJetIndex{0}nXDPI{1270}nYDPI{600}nPrtDir{0} nPrtFlag{1}nColorCnts{1}nReserved{System.Int32[]}
