2023-03-14 22:00:47,276 [AppLog] INFO : 软件开机密码正确，登录成功1次
==========================================================================
操作系统:{Microsoft Windows 7 旗舰版 }
运行环境:{ .Net Framework Enviroment Version 4.0.30319.42000}
盘符：D
CPU使用率：{1.785253%} ，可用内存大小:{13994MB}，硬盘剩余空间：
  盘符 C:\ 的剩余空间：71 GB
  盘符 D:\ 的剩余空间：89 GB
  盘符 F:\ 的剩余空间：3 GB
硬件配置情况：
  CPU 厂家: GenuineIntel CPU 型号: Intel(R) Core(TM) i7-4770 CPU @ 3.40GHz
  内存条厂家: Kingston 内存条型号: 99P5471-043.A00LF 
  内存条厂家: Kingston 内存条型号: 99P5471-043.A00LF 
  硬盘厂家: (标准磁盘驱动器) 硬盘型号: Micron_1300_MTFDDAK256TDL ATA Device
  硬盘厂家: (标准磁盘驱动器) 硬盘型号: Generic Flash Disk USB Device
==========================================================================
2023-03-14 22:00:51,503 [AppLog] INFO : 开启系统：板卡通讯，伺服供电，照明系统，UV/HR固化系统！
2023-03-14 22:00:51,503 [AppLog] INFO : 开启系统：一键启动系统开始！
2023-03-14 22:00:57,587 [AppLog] INFO : 开启系统：一键启动系统结束！
2023-03-14 22:01:27,071 [AppLog] INFO : 初始化喷墨控制器！
2023-03-14 22:01:27,321 [AppLog] INFO : 红外灯控制器485通讯建立！
2023-03-14 22:01:27,321 [AppLog] INFO : 进入电气控制模块
2023-03-14 22:01:29,006 [AppLog] INFO : 电气控制模块：手动打开端口14
2023-03-14 22:01:29,614 [AppLog] INFO : 电气控制模块：手动打开端口15
2023-03-14 22:01:30,332 [AppLog] INFO : 退出电气控制模块
2023-03-14 22:01:31,252 [AppLog] INFO : 进入手动调试子模块！
2023-03-14 22:01:33,577 [AppLog] INFO : 手动控制墨车运动开启，沿X轴右侧方向运动 ====》：nAxis{0},Dir{true},nPlsSpeed{100000},nPlsCount{750000},cControlFlag{2}
2023-03-14 22:01:39,099 [AppLog] INFO : 手动控制墨车运动带减速停止：沿X轴方向运动 ====》《=== ====: bImmeStop{false},nAxisMask{0x1}
2023-03-14 22:01:39,489 [AppLog] INFO : 手动控制墨车运动开启，沿X轴右侧方向运动 ====》：nAxis{0},Dir{true},nPlsSpeed{100000},nPlsCount{750000},cControlFlag{2}
2023-03-14 22:01:39,614 [AppLog] INFO : 手动控制墨车运动带减速停止：沿X轴方向运动 ====》《=== ====: bImmeStop{false},nAxisMask{0x1}
2023-03-14 22:01:40,597 [AppLog] INFO : 手动控制墨车运动开启，沿X轴右侧方向运动 ====》：nAxis{0},Dir{true},nPlsSpeed{100000},nPlsCount{750000},cControlFlag{2}
2023-03-14 22:01:41,127 [AppLog] INFO : 手动控制墨车运动带减速停止：沿X轴方向运动 ====》《=== ====: bImmeStop{false},nAxisMask{0x1}
2023-03-14 22:01:41,392 [AppLog] INFO : 手动控制墨车运动开启，沿X轴右侧方向运动 ====》：nAxis{0},Dir{true},nPlsSpeed{100000},nPlsCount{750000},cControlFlag{2}
2023-03-14 22:01:41,704 [AppLog] INFO : 手动控制墨车运动带减速停止：沿X轴方向运动 ====》《=== ====: bImmeStop{false},nAxisMask{0x1}
2023-03-14 22:01:44,793 [AppLog] INFO : 手动控制墨车运动开启，沿X轴右侧方向运动 ====》：nAxis{0},Dir{true},nPlsSpeed{100000},nPlsCount{750000},cControlFlag{2}
2023-03-14 22:01:45,027 [AppLog] INFO : 手动控制墨车运动带减速停止：沿X轴方向运动 ====》《=== ====: bImmeStop{false},nAxisMask{0x1}
2023-03-14 22:01:45,526 [AppLog] INFO : 手动控制墨车运动开启，沿X轴右侧方向运动 ====》：nAxis{0},Dir{true},nPlsSpeed{100000},nPlsCount{750000},cControlFlag{2}
2023-03-14 22:01:45,620 [AppLog] INFO : 手动控制墨车运动带减速停止：沿X轴方向运动 ====》《=== ====: bImmeStop{false},nAxisMask{0x1}
2023-03-14 22:01:45,901 [AppLog] INFO : 手动控制墨车运动开启，沿X轴右侧方向运动 ====》：nAxis{0},Dir{true},nPlsSpeed{100000},nPlsCount{750000},cControlFlag{2}
2023-03-14 22:01:46,057 [AppLog] INFO : 手动控制墨车运动带减速停止：沿X轴方向运动 ====》《=== ====: bImmeStop{false},nAxisMask{0x1}
2023-03-14 22:01:51,829 [AppLog] INFO : 手动控制墨车运动开启：沿Y轴后侧方向运动 ↓↓↓：nAxis{{1}},Dir{{true}},nPlsSpeed{{{nSpeed}}},nPlsCount{{750000}},cControlFlag{{{nCtlValue}}}
2023-03-14 22:01:52,063 [AppLog] INFO : 手动控制墨车运动带减速停止：沿Y轴方向运动 ↑↑↑↓↓↓ ====: bImmeStop{{false}},nAxisMask{{0x2}}
2023-03-14 22:01:55,074 [AppLog] INFO : 开启手动冲洗喷头：CleanBtn_Click
2023-03-14 22:01:55,822 [AppLog] INFO : 关闭手动冲洗喷头：CleanBtn_Click
2023-03-14 22:01:56,181 [AppLog] INFO : 开启手动冲洗喷头：CleanBtn_Click
2023-03-14 22:01:56,992 [AppLog] INFO : 关闭手动冲洗喷头：CleanBtn_Click
2023-03-14 22:01:57,336 [AppLog] INFO : 开启手动冲洗喷头：CleanBtn_Click
2023-03-14 22:01:58,053 [AppLog] INFO : 关闭手动冲洗喷头：CleanBtn_Click
2023-03-14 22:01:58,428 [AppLog] INFO : 开启手动冲洗喷头：CleanBtn_Click
2023-03-14 22:01:59,317 [AppLog] INFO : 关闭手动冲洗喷头：CleanBtn_Click
2023-03-14 22:01:59,660 [AppLog] INFO : 开启手动冲洗喷头：CleanBtn_Click
2023-03-14 22:02:00,487 [AppLog] INFO : 关闭手动冲洗喷头：CleanBtn_Click
2023-03-14 22:02:00,892 [AppLog] INFO : 开启手动冲洗喷头：CleanBtn_Click
2023-03-14 22:02:01,704 [AppLog] INFO : 关闭手动冲洗喷头：CleanBtn_Click
2023-03-14 22:02:02,062 [AppLog] INFO : 开启手动冲洗喷头：CleanBtn_Click
2023-03-14 22:02:02,702 [AppLog] INFO : 关闭手动冲洗喷头：CleanBtn_Click
2023-03-14 22:02:07,507 [AppLog] INFO : 退出手动调试子模块,已执行修改
==========================================================================
2023-03-14 22:02:46,554 [AppLog] INFO : 进入电气控制模块
2023-03-14 22:02:47,911 [AppLog] INFO : 退出电气控制模块
2023-03-14 22:02:48,519 [AppLog] INFO : 进入手动调试子模块！
2023-03-14 22:02:55,336 [AppLog] INFO : 手动负向JOG指令（8轴运控板卡系统） ====》：输出AXIS{第1轴},运动速度{3MM/s}
2023-03-14 22:02:59,720 [AppLog] INFO : 手动停止JOG输出（8轴运控板卡系统） ====》：输出AXIS{第1轴}
2023-03-14 22:03:00,172 [AppLog] INFO : 手动负向JOG指令（8轴运控板卡系统） ====》：输出AXIS{第1轴},运动速度{3MM/s}
2023-03-14 22:03:00,500 [AppLog] INFO : 手动停止JOG输出（8轴运控板卡系统） ====》：输出AXIS{第1轴}
2023-03-14 22:03:04,852 [AppLog] INFO : 手动负向JOG指令（8轴运控板卡系统） ====》：输出AXIS{第1轴},运动速度{3MM/s}
2023-03-14 22:03:05,040 [AppLog] INFO : 手动停止JOG输出（8轴运控板卡系统） ====》：输出AXIS{第1轴}
2023-03-14 22:03:06,646 [AppLog] INFO : 手动负向JOG指令（8轴运控板卡系统） ====》：输出AXIS{第1轴},运动速度{3MM/s}
2023-03-14 22:03:06,958 [AppLog] INFO : 手动停止JOG输出（8轴运控板卡系统） ====》：输出AXIS{第1轴}
2023-03-14 22:03:08,191 [AppLog] INFO : 手动负向JOG指令（8轴运控板卡系统） ====》：输出AXIS{第1轴},运动速度{3MM/s}
2023-03-14 22:03:08,394 [AppLog] INFO : 手动停止JOG输出（8轴运控板卡系统） ====》：输出AXIS{第1轴}
2023-03-14 22:03:08,628 [AppLog] INFO : 手动负向JOG指令（8轴运控板卡系统） ====》：输出AXIS{第1轴},运动速度{3MM/s}
2023-03-14 22:03:08,862 [AppLog] INFO : 手动停止JOG输出（8轴运控板卡系统） ====》：输出AXIS{第1轴}
2023-03-14 22:03:09,252 [AppLog] INFO : 手动负向JOG指令（8轴运控板卡系统） ====》：输出AXIS{第1轴},运动速度{3MM/s}
2023-03-14 22:03:09,376 [AppLog] INFO : 手动停止JOG输出（8轴运控板卡系统） ====》：输出AXIS{第1轴}
2023-03-14 22:03:09,657 [AppLog] INFO : 手动负向JOG指令（8轴运控板卡系统） ====》：输出AXIS{第1轴},运动速度{3MM/s}
2023-03-14 22:03:09,798 [AppLog] INFO : 手动停止JOG输出（8轴运控板卡系统） ====》：输出AXIS{第1轴}
2023-03-14 22:03:16,708 [AppLog] INFO : 手动正向JOG指令（8轴运控板卡系统） ====》：输出AXIS{第1轴},运动速度{3MM/s}
2023-03-14 22:03:16,849 [AppLog] INFO : 手动停止JOG输出（8轴运控板卡系统） ====》：输出AXIS{第1轴}
2023-03-14 22:03:17,239 [AppLog] INFO : 手动正向JOG指令（8轴运控板卡系统） ====》：输出AXIS{第1轴},运动速度{3MM/s}
2023-03-14 22:03:17,395 [AppLog] INFO : 手动停止JOG输出（8轴运控板卡系统） ====》：输出AXIS{第1轴}
2023-03-14 22:03:21,014 [AppLog] INFO : 退出手动调试子模块,已执行修改
==========================================================================
2023-03-14 22:03:22,215 [AppLog] INFO : 进入电气控制模块
2023-03-14 22:03:25,179 [AppLog] INFO : 电气控制模块：手动关闭端口15
2023-03-14 22:03:26,146 [AppLog] INFO : 退出电气控制模块
2023-03-14 22:03:26,911 [AppLog] INFO : 进入手动调试子模块！
2023-03-14 22:03:28,596 [AppLog] INFO : 手动负向JOG指令（8轴运控板卡系统） ====》：输出AXIS{第1轴},运动速度{5MM/s}
2023-03-14 22:03:41,918 [AppLog] INFO : 手动停止JOG输出（8轴运控板卡系统） ====》：输出AXIS{第1轴}
2023-03-14 22:03:46,380 [AppLog] INFO : 手动负向JOG指令（8轴运控板卡系统） ====》：输出AXIS{第1轴},运动速度{10MM/s}
2023-03-14 22:03:47,487 [AppLog] INFO : 手动停止JOG输出（8轴运控板卡系统） ====》：输出AXIS{第1轴}
2023-03-14 22:03:47,721 [AppLog] INFO : 手动负向JOG指令（8轴运控板卡系统） ====》：输出AXIS{第1轴},运动速度{10MM/s}
2023-03-14 22:04:03,727 [AppLog] INFO : 手动停止JOG输出（8轴运控板卡系统） ====》：输出AXIS{第1轴}
2023-03-14 22:04:03,961 [AppLog] INFO : 手动负向JOG指令（8轴运控板卡系统） ====》：输出AXIS{第1轴},运动速度{10MM/s}
2023-03-14 22:04:04,507 [AppLog] INFO : 手动停止JOG输出（8轴运控板卡系统） ====》：输出AXIS{第1轴}
2023-03-14 22:04:04,679 [AppLog] INFO : 手动负向JOG指令（8轴运控板卡系统） ====》：输出AXIS{第1轴},运动速度{10MM/s}
2023-03-14 22:04:08,251 [AppLog] INFO : 手动停止JOG输出（8轴运控板卡系统） ====》：输出AXIS{第1轴}
2023-03-14 22:04:14,553 [AppLog] INFO : 手动负向JOG指令（8轴运控板卡系统） ====》：输出AXIS{第1轴},运动速度{10MM/s}
2023-03-14 22:04:17,065 [AppLog] INFO : 手动停止JOG输出（8轴运控板卡系统） ====》：输出AXIS{第1轴}
2023-03-14 22:04:18,297 [AppLog] INFO : 手动负向JOG指令（8轴运控板卡系统） ====》：输出AXIS{第1轴},运动速度{10MM/s}
2023-03-14 22:04:18,422 [AppLog] INFO : 手动停止JOG输出（8轴运控板卡系统） ====》：输出AXIS{第1轴}
2023-03-14 22:04:19,795 [AppLog] INFO : 手动负向JOG指令（8轴运控板卡系统） ====》：输出AXIS{第1轴},运动速度{10MM/s}
2023-03-14 22:04:19,904 [AppLog] INFO : 手动停止JOG输出（8轴运控板卡系统） ====》：输出AXIS{第1轴}
2023-03-14 22:04:20,934 [AppLog] INFO : 退出手动调试子模块,已执行修改
==========================================================================
2023-03-14 22:04:22,697 [AppLog] INFO : 进入电气控制模块
2023-03-14 22:04:25,614 [AppLog] INFO : 电气控制模块：手动关闭端口14
2023-03-14 22:04:26,331 [AppLog] INFO : 退出电气控制模块
2023-03-14 22:04:53,928 [AppLog] INFO : 进入电气控制模块
2023-03-14 22:04:55,129 [AppLog] INFO : 退出电气控制模块
2023-03-14 22:04:55,800 [AppLog] INFO : 进入手动调试子模块！
2023-03-14 22:04:56,783 [AppLog] INFO : 手动负向JOG指令（8轴运控板卡系统） ====》：输出AXIS{第1轴},运动速度{5MM/s}
2023-03-14 22:04:57,375 [AppLog] INFO : 手动停止JOG输出（8轴运控板卡系统） ====》：输出AXIS{第1轴}
2023-03-14 22:04:58,171 [AppLog] INFO : 退出手动调试子模块,已执行修改
==========================================================================
2023-03-14 22:20:56,372 [AppLog] INFO : 进入手动调试子模块！
2023-03-14 22:21:04,468 [AppLog] INFO : 开启手动冲洗喷头：CleanBtn_Click
2023-03-14 22:21:05,810 [AppLog] INFO : 关闭手动冲洗喷头：CleanBtn_Click
2023-03-14 22:21:06,200 [AppLog] INFO : 开启手动冲洗喷头：CleanBtn_Click
2023-03-14 22:21:06,668 [AppLog] INFO : 关闭手动冲洗喷头：CleanBtn_Click
2023-03-14 22:21:07,058 [AppLog] INFO : 开启手动冲洗喷头：CleanBtn_Click
2023-03-14 22:21:07,588 [AppLog] INFO : 关闭手动冲洗喷头：CleanBtn_Click
2023-03-14 22:21:09,429 [AppLog] INFO : 退出手动调试子模块，未执行修改
==========================================================================
2023-03-14 22:21:10,474 [AppLog] INFO : 进入电气控制模块
2023-03-14 22:21:11,379 [AppLog] INFO : 退出电气控制模块
2023-03-14 22:21:12,003 [AppLog] INFO : 开启系统：板卡通讯，伺服供电，照明系统，UV/HR固化系统！
2023-03-14 22:21:12,923 [AppLog] INFO : 关闭系统：一键关闭系统开始！
2023-03-14 22:21:19,148 [AppLog] INFO : 关闭系统：一键关闭系统结束！
2023-03-14 22:21:19,148 [AppLog] INFO : 喷墨控制器的所有轴输出关闭！
2023-03-14 22:21:19,163 [AppLog] INFO : 喷墨控制器关闭！
2023-03-14 22:21:19,163 [AppLog] INFO : 进入电气控制模块
2023-03-14 22:21:21,113 [AppLog] INFO : 退出电气控制模块
2023-03-14 22:21:22,626 [AppLog] INFO : 软件及设备关停中：墨车所有方向运动确认停止（X,Y,Y2)： bImmeStop{False},nAxisMask{0x7}
2023-03-14 22:21:22,626 [AppLog] INFO : 软件及设备关停中：喷墨控制器板卡系统关闭（X,Y,Y2)：DEV_CloseDevice
2023-03-14 22:21:23,297 [AppLog] INFO : 软件及设备关停成功
==========================================================================
操作系统:{Microsoft Windows 7 旗舰版 }
运行环境:{ .Net Framework Enviroment Version 4.0.30319.42000}
盘符：D
CPU使用率：{12.49961%} ，可用内存大小:{13955MB}，硬盘剩余空间：
  盘符 C:\ 的剩余空间：71 GB
  盘符 D:\ 的剩余空间：89 GB
  盘符 F:\ 的剩余空间：3 GB
==========================================================================
