2023-11-23 10:54:07,731 [AppLog] INFO : 进入手动调试子模块！
2023-11-23 10:54:07,731 [AppLog] INFO : 进入：ManulBtn_Click=》准备创建对象-手动操作！
2023-11-23 10:54:07,762 [AppLog] INFO : 创建：ManualControl=》创建完成-手动操作！
2023-11-23 10:54:07,762 [AppLog] INFO : 加载成功：温控Modbus接口！
2023-11-23 10:54:10,742 [AppLog] INFO : 手动负向点动指令（8轴运控板卡系统） ====》：输出AXIS{第1轴},点动量{1.5MM},运动速度{2MM/s}
2023-11-23 10:54:20,960 [AppLog] INFO : 退出手动调试子模块，未执行修改
==========================================================================
2023-11-23 10:54:22,504 [AppLog] INFO : 进入电气控制模块
2023-11-23 10:54:24,548 [AppLog] INFO : 退出电气控制模块
2023-11-23 10:56:19,426 [AppLog] INFO : 开启系统：板卡通讯，伺服供电，照明系统，UV/HR固化系统！
2023-11-23 10:56:20,705 [AppLog] INFO : 关闭系统：一键关闭系统开始！
2023-11-23 10:56:26,930 [AppLog] INFO : 关闭系统：一键关闭系统结束！
2023-11-23 10:56:26,930 [AppLog] INFO : 喷墨控制器的所有轴输出关闭！
2023-11-23 10:56:29,738 [AppLog] INFO : 软件及设备关停中：墨车所有方向运动确认停止（X,Y,Y2)： bImmeStop{False},nAxisMask{0x7}
2023-11-23 10:56:29,847 [AppLog] INFO : 软件及设备关停中：喷墨控制器板卡系统关闭（X,Y,Y2)：DEV_CloseDevice
2023-11-23 10:56:29,847 [AppLog] INFO : 喷墨控制器关闭！
2023-11-23 10:56:29,847 [AppLog] INFO : 创建：AutoPrintMotion0=》不需重新创建-手动操作！
2023-11-23 10:56:30,518 [AppLog] INFO : 软件及设备关停成功
==========================================================================
操作系统:{Microsoft Windows 7 旗舰版 }
运行环境:{ .Net Framework Enviroment Version 4.0.30319.42000}
盘符：D
CPU使用率：{12.49961%} ，可用内存大小:{14060MB}，硬盘剩余空间：
  盘符 C:\ 的剩余空间：70 GB
  盘符 D:\ 的剩余空间：70 GB
==========================================================================
