2023-03-05 19:30:20,510 [AppLog] INFO : 软件开机密码正确，登录成功1次
==========================================================================
操作系统:{Microsoft Windows 7 旗舰版 }
运行环境:{ .Net Framework Enviroment Version 4.0.30319.42000}
盘符：D
CPU使用率：{21.42826%} ，可用内存大小:{14453MB}，硬盘剩余空间：
  盘符 C:\ 的剩余空间：82 GB
  盘符 D:\ 的剩余空间：91 GB
硬件配置情况：
  CPU 厂家: GenuineIntel CPU 型号: Intel(R) Core(TM) i7-4770 CPU @ 3.40GHz
  内存条厂家: Kingston 内存条型号: 99P5471-043.A00LF 
  内存条厂家: Kingston 内存条型号: 99P5471-043.A00LF 
  硬盘厂家: (标准磁盘驱动器) 硬盘型号: Micron_1300_MTFDDAK256TDL ATA Device
==========================================================================
2023-03-05 19:30:24,629 [AppLog] INFO : 开启系统：板卡通讯，伺服供电，照明系统，UV/HR固化系统！
2023-03-05 19:30:24,629 [AppLog] INFO : 开启系统：一键启动系统开始！
2023-03-05 19:30:30,728 [AppLog] INFO : 开启系统：一键启动系统结束！
2023-03-05 19:30:55,907 [AppLog] INFO : 初始化喷墨控制器！
2023-03-05 19:30:56,188 [AppLog] INFO : 红外灯控制器485通讯建立！
2023-03-05 19:30:56,188 [AppLog] INFO : 进入电气控制模块
2023-03-05 19:30:57,170 [AppLog] INFO : 电气控制模块：手动打开端口14
2023-03-05 19:30:57,872 [AppLog] INFO : 电气控制模块：手动打开端口15
2023-03-05 19:30:58,528 [AppLog] INFO : 退出电气控制模块
2023-03-05 19:30:59,230 [AppLog] INFO : 进入手动调试子模块！
2023-03-05 19:31:04,393 [AppLog] INFO : 开启手动冲洗喷头：CleanBtn_Click
2023-03-05 19:31:16,842 [AppLog] INFO : 关闭手动冲洗喷头：CleanBtn_Click
2023-03-05 19:31:18,433 [AppLog] INFO : 开启手动冲洗喷头：CleanBtn_Click
2023-03-05 19:31:21,241 [AppLog] INFO : 关闭手动冲洗喷头：CleanBtn_Click
2023-03-05 19:53:46,260 [AppLog] INFO : 更新波形路径：DEV_UpdateParam：{D:\Release\波形文件\ricoh_phcfg16 - wave4.rhdat}
2023-03-05 19:53:51,673 [AppLog] INFO : 重新加载完波形：DEV_ReloadWaveForm！
2023-03-05 19:53:56,322 [AppLog] INFO : 更新喷头电压及温度参数成功：MCU_SetPhVoltage:1号喷头电压：{18V,18V,18V,18V}；MCU_SetPhVoltage:1号喷头温度：{25℃}
2023-03-05 19:54:01,845 [AppLog] INFO : 更新喷头电压及温度参数成功：MCU_SetPhVoltage:1号喷头电压：{18V,18V,18V,18V}；MCU_SetPhVoltage:1号喷头温度：{25℃}
2023-03-05 19:54:31,126 [AppLog] INFO : 开启墨车和铺粉车回零校准：EncoderResetBtn_Click
2023-03-05 19:54:31,126 [AppLog] INFO : 开启墨车回零校准线程：InkCarEncoderResetThread
2023-03-05 19:54:31,126 [AppLog] INFO : 开启粉车回零校准线程：PowderCarHomeResetThread
2023-03-05 19:54:40,735 [AppLog] INFO : 手动正向点动指令（8轴运控板卡系统） ====》：输出AXIS{第2轴},点动量{-116MM},运动速度{30MM/s}
2023-03-05 19:54:40,751 [AppLog] INFO : 粉车回零校准线程成功：PowderCarHomeResetThread
2023-03-05 19:54:54,354 [AppLog] INFO : 墨车回零校准线程成功：InkCarEncoderResetThread
2023-03-05 19:55:08,394 [AppLog] INFO : 退出手动调试子模块,已执行修改
==========================================================================
2023-03-05 19:55:11,639 [AppLog] INFO : 进入手动调试子模块！
2023-03-05 19:55:20,578 [AppLog] INFO : 开启自动供墨：DEV_EnableInkAutoSupply：ReturnCode{True},Action{true},ControlBit{255}
2023-03-05 19:55:22,497 [AppLog] INFO : 手动控制墨车运动开启：沿Y轴后侧方向运动 ↓↓↓：nAxis{{1}},Dir{{true}},nPlsSpeed{{{nSpeed}}},nPlsCount{{750000}},cControlFlag{{{nCtlValue}}}
2023-03-05 19:55:24,868 [AppLog] INFO : 手动控制墨车运动带减速停止：沿Y轴方向运动 ↑↑↑↓↓↓ ====: bImmeStop{{false}},nAxisMask{{0x2}}
2023-03-05 19:55:25,055 [AppLog] INFO : 手动控制墨车运动开启：沿Y轴后侧方向运动 ↓↓↓：nAxis{{1}},Dir{{true}},nPlsSpeed{{{nSpeed}}},nPlsCount{{750000}},cControlFlag{{{nCtlValue}}}
2023-03-05 19:55:25,211 [AppLog] INFO : 手动控制墨车运动带减速停止：沿Y轴方向运动 ↑↑↑↓↓↓ ====: bImmeStop{{false}},nAxisMask{{0x2}}
2023-03-05 19:55:25,305 [AppLog] INFO : 手动控制墨车运动开启：沿Y轴后侧方向运动 ↓↓↓：nAxis{{1}},Dir{{true}},nPlsSpeed{{{nSpeed}}},nPlsCount{{750000}},cControlFlag{{{nCtlValue}}}
2023-03-05 19:55:25,414 [AppLog] INFO : 手动控制墨车运动带减速停止：沿Y轴方向运动 ↑↑↑↓↓↓ ====: bImmeStop{{false}},nAxisMask{{0x2}}
2023-03-05 19:55:25,726 [AppLog] INFO : 手动控制墨车运动开启：沿Y轴后侧方向运动 ↓↓↓：nAxis{{1}},Dir{{true}},nPlsSpeed{{{nSpeed}}},nPlsCount{{750000}},cControlFlag{{{nCtlValue}}}
2023-03-05 19:55:25,757 [AppLog] INFO : 手动控制墨车运动带减速停止：沿Y轴方向运动 ↑↑↑↓↓↓ ====: bImmeStop{{false}},nAxisMask{{0x2}}
2023-03-05 19:55:26,334 [AppLog] INFO : 手动控制墨车运动开启：沿Y轴后侧方向运动 ↓↓↓：nAxis{{1}},Dir{{true}},nPlsSpeed{{{nSpeed}}},nPlsCount{{750000}},cControlFlag{{{nCtlValue}}}
2023-03-05 19:55:26,334 [AppLog] INFO : 手动控制墨车运动带减速停止：沿Y轴方向运动 ↑↑↑↓↓↓ ====: bImmeStop{{false}},nAxisMask{{0x2}}
2023-03-05 19:55:27,645 [AppLog] INFO : 手动控制墨车运动开启，沿X轴右侧方向运动 ====》：nAxis{0},Dir{true},nPlsSpeed{100000},nPlsCount{750000},cControlFlag{2}
2023-03-05 19:55:27,660 [AppLog] INFO : 手动控制墨车运动带减速停止：沿X轴方向运动 ====》《=== ====: bImmeStop{false},nAxisMask{0x1}
2023-03-05 19:55:28,206 [AppLog] INFO : 手动控制墨车运动开启，沿X轴右侧方向运动 ====》：nAxis{0},Dir{true},nPlsSpeed{100000},nPlsCount{750000},cControlFlag{2}
2023-03-05 19:55:28,347 [AppLog] INFO : 手动控制墨车运动带减速停止：沿X轴方向运动 ====》《=== ====: bImmeStop{false},nAxisMask{0x1}
2023-03-05 19:55:28,471 [AppLog] INFO : 手动控制墨车运动开启，沿X轴右侧方向运动 ====》：nAxis{0},Dir{true},nPlsSpeed{100000},nPlsCount{750000},cControlFlag{2}
2023-03-05 19:55:28,581 [AppLog] INFO : 手动控制墨车运动带减速停止：沿X轴方向运动 ====》《=== ====: bImmeStop{false},nAxisMask{0x1}
2023-03-05 19:55:29,251 [AppLog] INFO : 手动控制墨车运动开启：沿X轴左侧方向运动 《====：nAxis{{0}},Dir{{false}},nPlsSpeed{{{nSpeed}}},nPlsCount{{750000}},cControlFlag{{{nCtlValue}}}
2023-03-05 19:55:29,298 [AppLog] INFO : 手动控制墨车运动带减速停止：沿X轴方向运动 ====》《=== ====: bImmeStop{false},nAxisMask{0x1}
2023-03-05 19:55:29,751 [AppLog] INFO : 手动控制墨车运动开启：沿X轴左侧方向运动 《====：nAxis{{0}},Dir{{false}},nPlsSpeed{{{nSpeed}}},nPlsCount{{750000}},cControlFlag{{{nCtlValue}}}
2023-03-05 19:55:29,829 [AppLog] INFO : 手动控制墨车运动带减速停止：沿X轴方向运动 ====》《=== ====: bImmeStop{false},nAxisMask{0x1}
2023-03-05 19:55:31,155 [AppLog] INFO : 开启手动压墨：PushInkBtn_Click
2023-03-05 19:55:46,177 [AppLog] INFO : 停止手动压墨：PushInkBtn_Click
2023-03-05 19:56:07,518 [AppLog] INFO : 手动开启自动清洗过程：AutoCleanBtn_Click
2023-03-05 19:56:07,518 [AppLog] INFO : 进入自动清洗过程：AutoCleanThread
2023-03-05 19:56:08,532 [AppLog] INFO : 刮墨轴回零成功：motionMap.SetBackSpreaderAxis(4, 1, 2, -SinkPosition)
2023-03-05 19:56:08,579 [AppLog] INFO : 准备运动，编码器当前位置：DEM_GetAxisEncodeVal：MoveDirectionFlag{false为Y方向：True}CurrentPos{317.7}AimPos{121}
2023-03-05 19:56:08,626 [AppLog] INFO : Y方向运动开始：DEM_Run：返回值{True}nAxis{1}DirFlag{False}nSpeed{100000}MoveStep{-196700}nCtlValue{0}
2023-03-05 19:56:10,748 [AppLog] INFO : Y方向到位停止：DEM_StopAxisRun：返回值{True}CurrentPos{129.285}bImmeStop{False}nAxisMask{2}
2023-03-05 19:56:10,748 [AppLog] INFO : 准备运动，当前位置：DEV_GetPrintEncoderValue：MoveDirectionFlag{false为Y方向：False}CurrentPos{752.525}AimPos{710}
2023-03-05 19:56:10,794 [AppLog] INFO : X方向运动开始：DEM_Run：返回值{True}nAxis{0}DirFlag{False}nSpeed{100000}MoveStep{-42525}nCtlValue{2}
2023-03-05 19:56:11,403 [AppLog] INFO : X方向到位停止：DEM_StopAxisRun：返回值{True}CurrentPos{713.31}bImmeStop{False}nAxisMask{1}
2023-03-05 19:56:12,245 [AppLog] INFO : 开启压墨： motionMap.SetDo(13, true)
2023-03-05 19:56:15,256 [AppLog] INFO : 关闭压墨： motionMap.SetDo(13, true)
2023-03-05 19:56:15,272 [AppLog] INFO : 开启闪喷： IDP_FlashPrtCtl(true)：ReturnCode{True}
2023-03-05 19:56:15,272 [AppLog] INFO : 准备运动，当前位置：DEV_GetPrintEncoderValue：MoveDirectionFlag{false为Y方向：False}CurrentPos{710.28}AimPos{780}
2023-03-05 19:56:15,303 [AppLog] INFO : X方向运动开始：DEM_Run：返回值{True}nAxis{0}DirFlag{True}nSpeed{50000}MoveStep{69720}nCtlValue{2}
2023-03-05 19:56:16,754 [AppLog] INFO : X方向到位停止：DEM_StopAxisRun：返回值{True}CurrentPos{776.45}bImmeStop{False}nAxisMask{1}
2023-03-05 19:56:17,097 [AppLog] INFO : 准备运动，当前位置：DEV_GetPrintEncoderValue：MoveDirectionFlag{false为Y方向：False}CurrentPos{779.5}AimPos{710}
2023-03-05 19:56:17,128 [AppLog] INFO : X方向运动开始：DEM_Run：返回值{True}nAxis{0}DirFlag{False}nSpeed{50000}MoveStep{-69500}nCtlValue{2}
2023-03-05 19:56:18,579 [AppLog] INFO : X方向到位停止：DEM_StopAxisRun：返回值{True}CurrentPos{713.435}bImmeStop{False}nAxisMask{1}
2023-03-05 19:56:20,154 [AppLog] INFO : 结束自动清洗过程：AutoCleanThread
2023-03-05 19:56:22,838 [AppLog] INFO : 手动停止自动清洗过程：AutoCleanBtn_Click
2023-03-05 19:56:24,476 [AppLog] INFO : 退出手动调试子模块，未执行修改
==========================================================================
2023-03-05 19:56:25,677 [AppLog] INFO : 进入JOB参数设置：修改前初始参数：灰度数据格式{1bits}打印灰阶{1阶}m_XPrintDpi{2540Dpi}墨车运动速度{50MM/s}X向起打位置{50MM}Y向起打位置{20MM}
2023-03-05 19:56:36,113 [AppLog] INFO : 退出JOB参数设置：修改后参数：灰度数据格式{1bits}打印灰阶{1阶}m_XPrintDpi{2540Dpi}墨车运动速度{50MM/s}X向起打位置{50MM}Y向起打位置{20MM}
2023-03-05 19:56:39,951 [AppLog] INFO : 进入数据加载模块
2023-03-05 19:56:49,654 [AppLog] INFO : CAD数据加载：添加.bjgroup格式CAD数据成功-D:\hk\最终零件\new-zuhe-80.bjgroup
2023-03-05 19:57:47,000 [AppLog] INFO : 进入手动调试子模块！
2023-03-05 19:57:48,045 [AppLog] INFO : 手动正向JOG指令（8轴运控板卡系统） ====》：输出AXIS{第2轴},运动速度{50MM/s}
2023-03-05 19:57:50,791 [AppLog] INFO : 手动停止JOG输出（8轴运控板卡系统） ====》：输出AXIS{第2轴}
2023-03-05 19:57:52,507 [AppLog] INFO : 切换为点动模式====》：输出AXIS{第1轴}
2023-03-05 19:57:53,411 [AppLog] INFO : 手动正向点动指令（8轴运控板卡系统） ====》：输出AXIS{第1轴},点动量{1MM},运动速度{5MM/s}
2023-03-05 19:57:54,332 [AppLog] INFO : 手动正向点动指令（8轴运控板卡系统） ====》：输出AXIS{第1轴},点动量{1MM},运动速度{5MM/s}
2023-03-05 19:57:55,049 [AppLog] INFO : 手动正向JOG指令（8轴运控板卡系统） ====》：输出AXIS{第2轴},运动速度{50MM/s}
2023-03-05 19:58:04,051 [AppLog] INFO : 手动停止JOG输出（8轴运控板卡系统） ====》：输出AXIS{第2轴}
2023-03-05 19:58:05,377 [AppLog] INFO : 手动负向JOG指令（8轴运控板卡系统） ====》：输出AXIS{第2轴},运动速度{50MM/s}
2023-03-05 19:58:16,921 [AppLog] INFO : 手动停止JOG输出（8轴运控板卡系统） ====》：输出AXIS{第2轴}
2023-03-05 19:58:17,201 [AppLog] INFO : 手动负向JOG指令（8轴运控板卡系统） ====》：输出AXIS{第2轴},运动速度{50MM/s}
2023-03-05 19:58:17,357 [AppLog] INFO : 手动停止JOG输出（8轴运控板卡系统） ====》：输出AXIS{第2轴}
2023-03-05 19:58:21,023 [AppLog] INFO : 手动正向点动指令（8轴运控板卡系统） ====》：输出AXIS{第1轴},点动量{1MM},运动速度{5MM/s}
2023-03-05 19:58:22,942 [AppLog] INFO : 手动正向点动指令（8轴运控板卡系统） ====》：输出AXIS{第1轴},点动量{1MM},运动速度{5MM/s}
2023-03-05 19:58:23,504 [AppLog] INFO : 手动正向JOG指令（8轴运控板卡系统） ====》：输出AXIS{第2轴},运动速度{50MM/s}
2023-03-05 19:58:35,859 [AppLog] INFO : 手动停止JOG输出（8轴运控板卡系统） ====》：输出AXIS{第2轴}
2023-03-05 19:58:37,091 [AppLog] INFO : 手动负向JOG指令（8轴运控板卡系统） ====》：输出AXIS{第2轴},运动速度{50MM/s}
2023-03-05 19:58:48,635 [AppLog] INFO : 手动停止JOG输出（8轴运控板卡系统） ====》：输出AXIS{第2轴}
2023-03-05 19:58:53,144 [AppLog] INFO : 手动正向点动指令（8轴运控板卡系统） ====》：输出AXIS{第1轴},点动量{1MM},运动速度{5MM/s}
2023-03-05 19:58:57,371 [AppLog] INFO : 手动正向JOG指令（8轴运控板卡系统） ====》：输出AXIS{第2轴},运动速度{50MM/s}
2023-03-05 19:59:09,025 [AppLog] INFO : 手动停止JOG输出（8轴运控板卡系统） ====》：输出AXIS{第2轴}
2023-03-05 19:59:10,600 [AppLog] INFO : 手动负向JOG指令（8轴运控板卡系统） ====》：输出AXIS{第2轴},运动速度{50MM/s}
2023-03-05 19:59:13,174 [AppLog] INFO : 手动停止JOG输出（8轴运控板卡系统） ====》：输出AXIS{第2轴}
2023-03-05 19:59:13,829 [AppLog] INFO : 手动正向JOG指令（8轴运控板卡系统） ====》：输出AXIS{第2轴},运动速度{50MM/s}
2023-03-05 19:59:16,294 [AppLog] INFO : 手动停止JOG输出（8轴运控板卡系统） ====》：输出AXIS{第2轴}
2023-03-05 19:59:26,465 [AppLog] INFO : 手动负向JOG指令（8轴运控板卡系统） ====》：输出AXIS{第2轴},运动速度{50MM/s}
2023-03-05 19:59:37,931 [AppLog] INFO : 手动停止JOG输出（8轴运控板卡系统） ====》：输出AXIS{第2轴}
2023-03-05 19:59:38,243 [AppLog] INFO : 手动负向JOG指令（8轴运控板卡系统） ====》：输出AXIS{第2轴},运动速度{50MM/s}
2023-03-05 19:59:38,696 [AppLog] INFO : 手动停止JOG输出（8轴运控板卡系统） ====》：输出AXIS{第2轴}
2023-03-05 19:59:45,326 [AppLog] INFO : 开启墨车和铺粉车回零校准：EncoderResetBtn_Click
2023-03-05 19:59:45,326 [AppLog] INFO : 开启墨车回零校准线程：InkCarEncoderResetThread
2023-03-05 19:59:45,326 [AppLog] INFO : 开启粉车回零校准线程：PowderCarHomeResetThread
2023-03-05 19:59:54,046 [AppLog] INFO : 手动正向点动指令（8轴运控板卡系统） ====》：输出AXIS{第2轴},点动量{-116MM},运动速度{30MM/s}
2023-03-05 19:59:54,046 [AppLog] INFO : 粉车回零校准线程成功：PowderCarHomeResetThread
