2023-03-31 11:03:36,170 [AppLog] INFO : 软件开机密码正确，登录成功1次
==========================================================================
操作系统:{Microsoft Windows 7 旗舰版 }
运行环境:{ .Net Framework Enviroment Version 4.0.30319.42000}
盘符：D
CPU使用率：{50.77913%} ，可用内存大小:{14181MB}，硬盘剩余空间：
  盘符 C:\ 的剩余空间：70 GB
  盘符 D:\ 的剩余空间：88 GB
  盘符 F:\ 的剩余空间：3 GB
硬件配置情况：
  CPU 厂家: GenuineIntel CPU 型号: Intel(R) Core(TM) i7-4770 CPU @ 3.40GHz
  内存条厂家: Kingston 内存条型号: 99P5471-043.A00LF 
  内存条厂家: Kingston 内存条型号: 99P5471-043.A00LF 
  硬盘厂家: (标准磁盘驱动器) 硬盘型号: Micron_1300_MTFDDAK256TDL ATA Device
  硬盘厂家: (标准磁盘驱动器) 硬盘型号: Generic Flash Disk USB Device
==========================================================================
2023-03-31 11:03:36,186 [AppLog] INFO : 开启系统：板卡通讯，伺服供电，照明系统，UV/HR固化系统！
2023-03-31 11:03:36,188 [AppLog] INFO : 开启系统：一键启动系统开始！
2023-03-31 11:03:42,196 [AppLog] INFO : 开启系统：一键启动系统结束！
2023-03-31 11:03:42,197 [AppLog] INFO : 初始化喷墨控制器启动！
2023-03-31 11:04:01,370 [AppLog] INFO : 打开喷墨控制器设备成功！
2023-03-31 11:04:17,973 [AppLog] INFO : 更新{1}号喷头温度成功：MCU_SetPhStdTemp{25℃}
2023-03-31 11:04:17,989 [AppLog] INFO : 初始化喷墨控制器成功！
2023-03-31 11:04:17,989 [AppLog] INFO : 进入：EquipmentMotionLogic3=》准备创建对象-手动操作！
2023-03-31 11:04:18,176 [AppLog] INFO : 进入：EquipmentMotionLogic3=》创建完成-手动操作！
2023-03-31 11:04:18,301 [AppLog] INFO : 红外灯控制器485通讯建立！
2023-03-31 11:04:18,301 [AppLog] INFO : 进入电气控制模块
2023-03-31 11:04:19,720 [AppLog] INFO : 退出电气控制模块
2023-03-31 11:04:20,578 [AppLog] INFO : 进入手动调试子模块！
2023-03-31 11:04:20,578 [AppLog] INFO : 进入：ManulBtn_Click=》准备创建对象-手动操作！
2023-03-31 11:04:20,594 [AppLog] INFO : 创建：ManualControl=》创建完成-手动操作！
2023-03-31 11:04:20,594 [AppLog] INFO : 加载成功：温控Modbus接口！
2023-03-31 11:11:09,689 [AppLog] INFO : 退出手动调试子模块,已执行修改
==========================================================================
2023-03-31 11:11:10,625 [AppLog] INFO : 开启系统：板卡通讯，伺服供电，照明系统，UV/HR固化系统！
2023-03-31 11:11:11,467 [AppLog] INFO : 关闭系统：一键关闭系统开始！
2023-03-31 11:11:17,676 [AppLog] INFO : 关闭系统：一键关闭系统结束！
2023-03-31 11:11:17,676 [AppLog] INFO : 喷墨控制器的所有轴输出关闭！
2023-03-31 11:11:20,094 [AppLog] INFO : 喷墨控制器关闭！
2023-03-31 11:11:20,094 [AppLog] INFO : 进入电气控制模块
2023-03-31 11:11:21,327 [AppLog] INFO : 退出电气控制模块
2023-03-31 11:11:22,793 [AppLog] INFO : 软件及设备关停中：墨车所有方向运动确认停止（X,Y,Y2)： bImmeStop{False},nAxisMask{0x7}
2023-03-31 11:11:22,793 [AppLog] INFO : 软件及设备关停中：喷墨控制器板卡系统关闭（X,Y,Y2)：DEV_CloseDevice
2023-03-31 11:11:23,464 [AppLog] INFO : 软件及设备关停成功
==========================================================================
操作系统:{Microsoft Windows 7 旗舰版 }
运行环境:{ .Net Framework Enviroment Version 4.0.30319.42000}
盘符：D
CPU使用率：{14.28532%} ，可用内存大小:{14325MB}，硬盘剩余空间：
  盘符 C:\ 的剩余空间：70 GB
  盘符 D:\ 的剩余空间：88 GB
  盘符 F:\ 的剩余空间：3 GB
==========================================================================
2023-03-31 11:13:11,260 [AppLog] INFO : 软件开机密码正确，登录成功1次
==========================================================================
操作系统:{Microsoft Windows 7 旗舰版 }
运行环境:{ .Net Framework Enviroment Version 4.0.30319.42000}
盘符：D
CPU使用率：{0%} ，可用内存大小:{14291MB}，硬盘剩余空间：
  盘符 C:\ 的剩余空间：70 GB
  盘符 D:\ 的剩余空间：88 GB
  盘符 F:\ 的剩余空间：3 GB
硬件配置情况：
  CPU 厂家: GenuineIntel CPU 型号: Intel(R) Core(TM) i7-4770 CPU @ 3.40GHz
  内存条厂家: Kingston 内存条型号: 99P5471-043.A00LF 
  内存条厂家: Kingston 内存条型号: 99P5471-043.A00LF 
  硬盘厂家: (标准磁盘驱动器) 硬盘型号: Micron_1300_MTFDDAK256TDL ATA Device
  硬盘厂家: (标准磁盘驱动器) 硬盘型号: Generic Flash Disk USB Device
==========================================================================
2023-03-31 11:13:15,214 [AppLog] INFO : 开启系统：板卡通讯，伺服供电，照明系统，UV/HR固化系统！
2023-03-31 11:13:15,217 [AppLog] INFO : 开启系统：一键启动系统开始！
2023-03-31 11:13:21,224 [AppLog] INFO : 开启系统：一键启动系统结束！
2023-03-31 11:13:21,233 [AppLog] INFO : 初始化喷墨控制器启动！
2023-03-31 11:13:40,410 [AppLog] INFO : 打开喷墨控制器设备成功！
2023-03-31 11:13:44,581 [AppLog] INFO : 更新{1}号喷头温度成功：MCU_SetPhStdTemp{25℃}
2023-03-31 11:13:44,607 [AppLog] INFO : 初始化喷墨控制器成功！
2023-03-31 11:13:44,607 [AppLog] INFO : 进入：EquipmentMotionLogic3=》准备创建对象-手动操作！
2023-03-31 11:13:44,788 [AppLog] INFO : 进入：EquipmentMotionLogic3=》创建完成-手动操作！
2023-03-31 11:13:44,923 [AppLog] INFO : 红外灯控制器485通讯建立！
2023-03-31 11:13:44,924 [AppLog] INFO : 进入电气控制模块
2023-03-31 11:13:47,055 [AppLog] INFO : 电气控制模块：手动打开端口14
2023-03-31 11:13:47,868 [AppLog] INFO : 电气控制模块：手动打开端口15
2023-03-31 11:13:48,596 [AppLog] INFO : 退出电气控制模块
2023-03-31 11:13:50,126 [AppLog] INFO : 进入手动调试子模块！
2023-03-31 11:13:50,127 [AppLog] INFO : 进入：ManulBtn_Click=》准备创建对象-手动操作！
2023-03-31 11:13:50,151 [AppLog] INFO : 创建：ManualControl=》创建完成-手动操作！
2023-03-31 11:13:50,152 [AppLog] INFO : 加载成功：温控Modbus接口！
2023-03-31 11:14:01,237 [AppLog] INFO : 更新波形路径：DEV_UpdateParam：{D:\Release\波形文件\0316新调=波形文件=水性胶水\世彪新调：ricoh_big-单点模式-开启MN1(开启微动).rhdat}
2023-03-31 11:14:01,237 [AppLog] INFO : {1}号喷头基准电压更新成功：DEV_SetWaveStdVoltage{0V,0V,0V,0V}；
2023-03-31 11:14:06,619 [AppLog] INFO : 重新加载完波形：DEV_ReloadWaveForm! 当前波形文件的基准电压参考值为：{18V}
2023-03-31 11:14:06,915 [AppLog] INFO : {1}号喷头电压调压成功：MCU_SetPhVoltage{0V,0V,0V,0V}；
2023-03-31 11:14:33,451 [AppLog] INFO : 进入气压控制卡参数监控状态时
2023-03-31 11:14:33,544 [AppLog] INFO : 进入气压控制卡参数设置状态时
2023-03-31 11:14:35,042 [AppLog] INFO : 进入气压控制卡参数监控状态时
2023-03-31 11:14:39,223 [AppLog] INFO : 退出手动调试子模块，未执行修改
==========================================================================
2023-03-31 11:14:40,658 [AppLog] INFO : 进入手动调试子模块！
2023-03-31 11:14:40,658 [AppLog] INFO : 进入：ManulBtn_Click=》准备创建对象-手动操作！
2023-03-31 11:14:40,689 [AppLog] INFO : 创建：ManualControl=》创建完成-手动操作！
2023-03-31 11:14:40,689 [AppLog] INFO : 加载成功：温控Modbus接口！
2023-03-31 11:14:43,747 [AppLog] INFO : 开启铺粉车回零校准：PowderCarHomeBtn_Click
2023-03-31 11:14:43,747 [AppLog] INFO : 开启粉车回零校准线程：PowderCarHomeResetThread
2023-03-31 11:14:53,793 [AppLog] INFO : 手动正向点动指令（8轴运控板卡系统） ====》：输出AXIS{第2轴},点动量{-116MM},运动速度{30MM/s}
2023-03-31 11:14:53,793 [AppLog] INFO : 粉车回零校准线程成功：PowderCarHomeResetThread
2023-03-31 11:14:58,270 [AppLog] INFO : 手动开启自动进给铺粉过程：AutoSupplyPowderBtn_Click
2023-03-31 11:14:58,270 [AppLog] INFO : 开启手动铺粉逻辑：NewAutoSupplyPowderThread
2023-03-31 11:14:58,442 [AppLog] INFO : 手动正向点动指令（8轴运控板卡系统） ====》：输出AXIS{第1轴},点动量{-0.08MM},运动速度{1MM/s}
2023-03-31 11:14:58,442 [AppLog] INFO : 成形面高度下降层厚 TrapSpace{0.08mm}：TrapMoveUp(1, true, Convert.ToString(vel), Convert.ToString(TrapSpace), true, true）
2023-03-31 11:14:59,955 [AppLog] INFO : 手动正向点动指令（8轴运控板卡系统） ====》：输出AXIS{第1轴},点动量{-1.5MM},运动速度{1MM/s}
2023-03-31 11:14:59,955 [AppLog] INFO : 成形面高度下降指定厚度 TrapSpace{1.5mm}：TrapMoveUp(1, true, Convert.ToString(vel), Convert.ToString(TrapSpace), true, true）
2023-03-31 11:15:01,484 [AppLog] INFO : 手动正向点动指令（8轴运控板卡系统） ====》：输出AXIS{第1轴},点动量{1.5MM},运动速度{1MM/s}
2023-03-31 11:15:01,484 [AppLog] INFO : 成形面高度上升层厚 TrapSpace{1.5mm}：TrapMoveUp(1, true, Convert.ToString(vel), Convert.ToString(TrapSpace), true, true）
2023-03-31 11:15:02,545 [AppLog] INFO : 手动正向点动指令（8轴运控板卡系统） ====》：输出AXIS{第8轴},点动量{0.5MM},运动速度{0.5MM/s}
2023-03-31 11:15:02,545 [AppLog] INFO : Hopper落粉轴转2圈落粉，速度0.5rev/s：TrapMoveUp(8, true, 0.5, rotateNuM.ToString(), true, false)
2023-03-31 11:15:02,857 [AppLog] INFO : 手动正向点动指令（8轴运控板卡系统） ====》：输出AXIS{第2轴},点动量{694MM},运动速度{30MM/s}
2023-03-31 11:15:02,857 [AppLog] INFO : 开启铺粉车不等停运动至站2，速度0.5rev/s：BackToStation2
2023-03-31 11:15:07,771 [AppLog] INFO : 打开IR灯：OpenIRLamp(true)
2023-03-31 11:15:11,374 [AppLog] INFO : 手动正向点动指令（8轴运控板卡系统） ====》：输出AXIS{第3轴},点动量{0.5MM},运动速度{0.0588235294117647MM/s}
2023-03-31 11:15:11,374 [AppLog] INFO : 开启均匀落粉及辊子铺平运动：TrapMoveUp(3, true, Convert.ToString(DispenseRollerSpeed), 0.5, true, true)
2023-03-31 11:15:19,939 [AppLog] INFO : 关闭IR灯：OpenIRLamp(false)
2023-03-31 11:15:23,745 [AppLog] INFO : 手动正向点动指令（8轴运控板卡系统） ====》：输出AXIS{第3轴},点动量{0.5MM},运动速度{2MM/s}
2023-03-31 11:15:23,745 [AppLog] INFO : 落粉轴继续转动以倒掉余粉：TrapMoveUp(3, true, 2, 0.5, true, false)
2023-03-31 11:15:27,505 [AppLog] INFO : 手动正向点动指令（8轴运控板卡系统） ====》：输出AXIS{第1轴},点动量{-1.5MM},运动速度{1MM/s}
2023-03-31 11:15:27,505 [AppLog] INFO : 成形面高度下降指定厚度 TrapSpace{1.5mm}：TrapMoveUp(1, true, Convert.ToString(vel), Convert.ToString(TrapSpace), true, true）
2023-03-31 11:15:32,169 [AppLog] INFO : 手动正向点动指令（8轴运控板卡系统） ====》：输出AXIS{第2轴},点动量{-698MM},运动速度{150MM/s}
2023-03-31 11:15:32,169 [AppLog] INFO : 铺粉车返回至站1：BackToStation2(AimPos, MovSpeed, true)
2023-03-31 11:15:32,949 [AppLog] INFO : 落粉轴回零成功：motionMap.SetBackSpreaderAxis(3, 0.5, 2, -SinkPosition)：ReturnCode{True}
2023-03-31 11:15:34,353 [AppLog] INFO : 手动停止自动进给铺粉过程：AutoSupplyPowderBtn_Click
2023-03-31 11:15:34,462 [AppLog] INFO : 手动正向点动指令（8轴运控板卡系统） ====》：输出AXIS{第1轴},点动量{1.5MM},运动速度{1MM/s}
2023-03-31 11:15:34,462 [AppLog] INFO : 成形面高度上升层厚 TrapSpace{1.5mm}：TrapMoveUp(1, true, Convert.ToString(vel), Convert.ToString(TrapSpace), true, true）
2023-03-31 11:15:34,462 [AppLog] INFO : 手动铺粉正常结束：NewAutoSupplyPowderThread
2023-03-31 11:15:34,478 [AppLog] INFO : 发送监控指令，拍照记录1条：SendMessageFromSharedMemory
2023-03-31 11:15:35,258 [AppLog] INFO : 退出手动调试子模块,已执行修改
==========================================================================
2023-03-31 11:15:36,506 [AppLog] INFO : 进入手动调试子模块！
2023-03-31 11:15:36,506 [AppLog] INFO : 进入：ManulBtn_Click=》准备创建对象-手动操作！
2023-03-31 11:15:36,522 [AppLog] INFO : 创建：ManualControl=》创建完成-手动操作！
2023-03-31 11:15:36,522 [AppLog] INFO : 加载成功：温控Modbus接口！
2023-03-31 11:15:42,403 [AppLog] INFO : 手动开启自动清洗过程：AutoCleanBtn_Click
2023-03-31 11:15:42,403 [AppLog] INFO : 中止自动清洗过程，墨车系统未回零：AutoCleanBtn_Click
2023-03-31 11:15:44,602 [AppLog] INFO : 手动开启自动清洗过程：AutoCleanBtn_Click
2023-03-31 11:15:44,602 [AppLog] INFO : 中止自动清洗过程，墨车系统未回零：AutoCleanBtn_Click
2023-03-31 11:15:45,694 [AppLog] INFO : 手动开启自动清洗过程：AutoCleanBtn_Click
2023-03-31 11:15:45,694 [AppLog] INFO : 中止自动清洗过程，墨车系统未回零：AutoCleanBtn_Click
2023-03-31 11:15:47,130 [AppLog] INFO : 手动开启自动清洗过程：AutoCleanBtn_Click
2023-03-31 11:15:47,130 [AppLog] INFO : 中止自动清洗过程，墨车系统未回零：AutoCleanBtn_Click
2023-03-31 11:15:48,268 [AppLog] INFO : 手动开启自动清洗过程：AutoCleanBtn_Click
2023-03-31 11:15:48,268 [AppLog] INFO : 中止自动清洗过程，墨车系统未回零：AutoCleanBtn_Click
2023-03-31 11:15:55,320 [AppLog] INFO : 手动正向JOG指令（8轴运控板卡系统） ====》：输出AXIS{第1轴},运动速度{5MM/s}
2023-03-31 11:15:55,429 [AppLog] INFO : 手动停止JOG输出（8轴运控板卡系统） ====》：输出AXIS{第1轴}
2023-03-31 11:15:55,647 [AppLog] INFO : 手动正向JOG指令（8轴运控板卡系统） ====》：输出AXIS{第1轴},运动速度{5MM/s}
2023-03-31 11:15:55,788 [AppLog] INFO : 手动停止JOG输出（8轴运控板卡系统） ====》：输出AXIS{第1轴}
2023-03-31 11:15:55,850 [AppLog] INFO : 手动正向JOG指令（8轴运控板卡系统） ====》：输出AXIS{第1轴},运动速度{5MM/s}
2023-03-31 11:15:55,975 [AppLog] INFO : 手动停止JOG输出（8轴运控板卡系统） ====》：输出AXIS{第1轴}
2023-03-31 11:15:56,068 [AppLog] INFO : 手动正向JOG指令（8轴运控板卡系统） ====》：输出AXIS{第1轴},运动速度{5MM/s}
2023-03-31 11:15:56,178 [AppLog] INFO : 手动停止JOG输出（8轴运控板卡系统） ====》：输出AXIS{第1轴}
2023-03-31 11:15:56,302 [AppLog] INFO : 手动正向JOG指令（8轴运控板卡系统） ====》：输出AXIS{第1轴},运动速度{5MM/s}
2023-03-31 11:15:56,412 [AppLog] INFO : 手动停止JOG输出（8轴运控板卡系统） ====》：输出AXIS{第1轴}
2023-03-31 11:15:56,833 [AppLog] INFO : 手动正向JOG指令（8轴运控板卡系统） ====》：输出AXIS{第1轴},运动速度{5MM/s}
2023-03-31 11:15:56,926 [AppLog] INFO : 手动停止JOG输出（8轴运控板卡系统） ====》：输出AXIS{第1轴}
2023-03-31 11:15:57,176 [AppLog] INFO : 手动正向JOG指令（8轴运控板卡系统） ====》：输出AXIS{第1轴},运动速度{5MM/s}
2023-03-31 11:15:57,316 [AppLog] INFO : 手动停止JOG输出（8轴运控板卡系统） ====》：输出AXIS{第1轴}
2023-03-31 11:15:57,441 [AppLog] INFO : 手动正向JOG指令（8轴运控板卡系统） ====》：输出AXIS{第1轴},运动速度{5MM/s}
2023-03-31 11:15:57,535 [AppLog] INFO : 手动停止JOG输出（8轴运控板卡系统） ====》：输出AXIS{第1轴}
2023-03-31 11:15:58,455 [AppLog] INFO : 手动负向JOG指令（8轴运控板卡系统） ====》：输出AXIS{第1轴},运动速度{5MM/s}
2023-03-31 11:15:58,518 [AppLog] INFO : 手动停止JOG输出（8轴运控板卡系统） ====》：输出AXIS{第1轴}
2023-03-31 11:15:58,814 [AppLog] INFO : 手动负向JOG指令（8轴运控板卡系统） ====》：输出AXIS{第1轴},运动速度{5MM/s}
2023-03-31 11:15:58,892 [AppLog] INFO : 手动停止JOG输出（8轴运控板卡系统） ====》：输出AXIS{第1轴}
2023-03-31 11:15:59,126 [AppLog] INFO : 手动负向JOG指令（8轴运控板卡系统） ====》：输出AXIS{第1轴},运动速度{5MM/s}
2023-03-31 11:15:59,204 [AppLog] INFO : 手动停止JOG输出（8轴运控板卡系统） ====》：输出AXIS{第1轴}
2023-03-31 11:15:59,438 [AppLog] INFO : 手动负向JOG指令（8轴运控板卡系统） ====》：输出AXIS{第1轴},运动速度{5MM/s}
2023-03-31 11:15:59,547 [AppLog] INFO : 手动停止JOG输出（8轴运控板卡系统） ====》：输出AXIS{第1轴}
2023-03-31 11:16:02,667 [AppLog] INFO : 手动开启自动进给铺粉过程：AutoSupplyPowderBtn_Click
2023-03-31 11:16:02,667 [AppLog] INFO : 开启手动铺粉逻辑：NewAutoSupplyPowderThread
2023-03-31 11:16:02,776 [AppLog] INFO : 手动正向点动指令（8轴运控板卡系统） ====》：输出AXIS{第1轴},点动量{-0.08MM},运动速度{1MM/s}
2023-03-31 11:16:02,776 [AppLog] INFO : 成形面高度下降层厚 TrapSpace{0.08mm}：TrapMoveUp(1, true, Convert.ToString(vel), Convert.ToString(TrapSpace), true, true）
2023-03-31 11:16:04,305 [AppLog] INFO : 手动正向点动指令（8轴运控板卡系统） ====》：输出AXIS{第1轴},点动量{-1.5MM},运动速度{1MM/s}
2023-03-31 11:16:04,305 [AppLog] INFO : 成形面高度下降指定厚度 TrapSpace{1.5mm}：TrapMoveUp(1, true, Convert.ToString(vel), Convert.ToString(TrapSpace), true, true）
2023-03-31 11:16:05,834 [AppLog] INFO : 手动正向点动指令（8轴运控板卡系统） ====》：输出AXIS{第1轴},点动量{1.5MM},运动速度{1MM/s}
2023-03-31 11:16:05,834 [AppLog] INFO : 成形面高度上升层厚 TrapSpace{1.5mm}：TrapMoveUp(1, true, Convert.ToString(vel), Convert.ToString(TrapSpace), true, true）
2023-03-31 11:16:06,832 [AppLog] INFO : 手动正向点动指令（8轴运控板卡系统） ====》：输出AXIS{第8轴},点动量{0.5MM},运动速度{0.5MM/s}
2023-03-31 11:16:06,832 [AppLog] INFO : Hopper落粉轴转2圈落粉，速度0.5rev/s：TrapMoveUp(8, true, 0.5, rotateNuM.ToString(), true, false)
2023-03-31 11:16:07,144 [AppLog] INFO : 手动正向点动指令（8轴运控板卡系统） ====》：输出AXIS{第2轴},点动量{698MM},运动速度{30MM/s}
2023-03-31 11:16:07,144 [AppLog] INFO : 开启铺粉车不等停运动至站2，速度0.5rev/s：BackToStation2
2023-03-31 11:16:12,214 [AppLog] INFO : 打开IR灯：OpenIRLamp(true)
2023-03-31 11:16:15,740 [AppLog] INFO : 手动正向点动指令（8轴运控板卡系统） ====》：输出AXIS{第3轴},点动量{0.5MM},运动速度{0.0588235294117647MM/s}
2023-03-31 11:16:15,740 [AppLog] INFO : 开启均匀落粉及辊子铺平运动：TrapMoveUp(3, true, Convert.ToString(DispenseRollerSpeed), 0.5, true, true)
2023-03-31 11:16:24,351 [AppLog] INFO : 关闭IR灯：OpenIRLamp(false)
2023-03-31 11:16:28,173 [AppLog] INFO : 手动正向点动指令（8轴运控板卡系统） ====》：输出AXIS{第3轴},点动量{0.5MM},运动速度{2MM/s}
2023-03-31 11:16:28,173 [AppLog] INFO : 落粉轴继续转动以倒掉余粉：TrapMoveUp(3, true, 2, 0.5, true, false)
2023-03-31 11:16:31,933 [AppLog] INFO : 手动正向点动指令（8轴运控板卡系统） ====》：输出AXIS{第1轴},点动量{-1.5MM},运动速度{1MM/s}
2023-03-31 11:16:31,933 [AppLog] INFO : 成形面高度下降指定厚度 TrapSpace{1.5mm}：TrapMoveUp(1, true, Convert.ToString(vel), Convert.ToString(TrapSpace), true, true）
2023-03-31 11:16:36,597 [AppLog] INFO : 手动正向点动指令（8轴运控板卡系统） ====》：输出AXIS{第2轴},点动量{-698MM},运动速度{150MM/s}
2023-03-31 11:16:36,597 [AppLog] INFO : 铺粉车返回至站1：BackToStation2(AimPos, MovSpeed, true)
2023-03-31 11:16:37,362 [AppLog] INFO : 落粉轴回零成功：motionMap.SetBackSpreaderAxis(3, 0.5, 2, -SinkPosition)：ReturnCode{True}
2023-03-31 11:16:38,875 [AppLog] INFO : 手动正向点动指令（8轴运控板卡系统） ====》：输出AXIS{第1轴},点动量{1.5MM},运动速度{1MM/s}
2023-03-31 11:16:38,875 [AppLog] INFO : 成形面高度上升层厚 TrapSpace{1.5mm}：TrapMoveUp(1, true, Convert.ToString(vel), Convert.ToString(TrapSpace), true, true）
2023-03-31 11:16:38,875 [AppLog] INFO : 手动铺粉正常结束：NewAutoSupplyPowderThread
2023-03-31 11:16:38,875 [AppLog] INFO : 发送监控指令，拍照记录1条：SendMessageFromSharedMemory
2023-03-31 11:16:49,857 [AppLog] INFO : 开启墨车回零校准：PrintCarHomeBtn_Click
2023-03-31 11:16:49,857 [AppLog] INFO : 开启墨车回零校准线程：InkCarEncoderResetThread
2023-03-31 11:17:13,211 [AppLog] INFO : 墨车回零校准线程成功：InkCarEncoderResetThread
2023-03-31 11:17:19,607 [AppLog] INFO : 手动开启自动清洗过程：AutoCleanBtn_Click
2023-03-31 11:17:19,607 [AppLog] INFO : 进入自动清洗过程：AutoCleanThread
2023-03-31 11:17:20,621 [AppLog] INFO : 刮墨轴回零成功：motionMap.SetBackSpreaderAxis(4, 1, 2, -SinkPosition)
2023-03-31 11:17:20,621 [AppLog] INFO : 准备读取编码器位置：Y方向！
2023-03-31 11:17:20,621 [AppLog] INFO : 准备运动，编码器当前位置：DEM_GetAxisEncodeVal：MoveDirectionFlag{false为Y方向：True}CurrentPos{53.015}AimPos{121}
2023-03-31 11:17:20,652 [AppLog] INFO : Y方向运动开始：DEM_Run：返回值{True}nAxis{1}DirFlag{True}nSpeed{100000}MoveStep{67985}nCtlValue{0}
2023-03-31 11:17:21,494 [AppLog] INFO : Y方向到位停止：DEM_StopAxisRun：返回值{True}CurrentPos{112.735}bImmeStop{False}nAxisMask{2}
2023-03-31 11:17:21,494 [AppLog] INFO : 准备读取编码器位置：X方向！
2023-03-31 11:17:21,494 [AppLog] INFO : 准备运动，当前位置：DEV_GetPrintEncoderValue：MoveDirectionFlag{false为Y方向：False}CurrentPos{738.125}AimPos{710}
2023-03-31 11:17:21,525 [AppLog] INFO : X方向运动开始：DEM_Run：返回值{True}nAxis{0}DirFlag{False}nSpeed{100000}MoveStep{-28125}nCtlValue{2}
2023-03-31 11:17:21,978 [AppLog] INFO : X方向到位停止：DEM_StopAxisRun：返回值{True}CurrentPos{714.79}bImmeStop{False}nAxisMask{1}
2023-03-31 11:17:22,820 [AppLog] INFO : 开启压墨： motionMap.SetDo(13, true)
2023-03-31 11:17:25,831 [AppLog] INFO : 关闭压墨： motionMap.SetDo(13, true)
2023-03-31 11:17:25,847 [AppLog] INFO : 开启闪喷： IDP_FlashPrtCtl(true)：ReturnCode{True}
2023-03-31 11:17:25,847 [AppLog] INFO : 准备读取编码器位置：X方向！
2023-03-31 11:17:25,862 [AppLog] INFO : 准备运动，当前位置：DEV_GetPrintEncoderValue：MoveDirectionFlag{false为Y方向：False}CurrentPos{710.165}AimPos{780}
2023-03-31 11:17:25,909 [AppLog] INFO : X方向运动开始：DEM_Run：返回值{True}nAxis{0}DirFlag{True}nSpeed{50000}MoveStep{69835}nCtlValue{2}
2023-03-31 11:17:27,375 [AppLog] INFO : X方向到位停止：DEM_StopAxisRun：返回值{True}CurrentPos{776.125}bImmeStop{False}nAxisMask{1}
2023-03-31 11:17:27,703 [AppLog] INFO : 准备读取编码器位置：X方向！
2023-03-31 11:17:27,703 [AppLog] INFO : 准备运动，当前位置：DEV_GetPrintEncoderValue：MoveDirectionFlag{false为Y方向：False}CurrentPos{779.39}AimPos{710}
2023-03-31 11:17:27,734 [AppLog] INFO : X方向运动开始：DEM_Run：返回值{True}nAxis{0}DirFlag{False}nSpeed{50000}MoveStep{-69390}nCtlValue{2}
2023-03-31 11:17:29,185 [AppLog] INFO : X方向到位停止：DEM_StopAxisRun：返回值{True}CurrentPos{714.09}bImmeStop{False}nAxisMask{1}
2023-03-31 11:17:30,761 [AppLog] INFO : 结束自动清洗过程：AutoCleanThread
2023-03-31 11:17:39,653 [AppLog] INFO : 进入气压控制卡参数监控状态时
2023-03-31 11:17:39,918 [AppLog] INFO : 进入气压控制卡参数设置状态时
2023-03-31 11:17:41,587 [AppLog] INFO : 进入气压控制卡参数监控状态时
2023-03-31 11:17:41,868 [AppLog] INFO : 进入气压控制卡参数设置状态时
2023-03-31 11:17:43,584 [AppLog] INFO : 进入气压控制卡参数监控状态时
2023-03-31 11:17:44,613 [AppLog] INFO : 进入气压控制卡参数设置状态时
2023-03-31 11:17:46,673 [AppLog] INFO : 进入气压控制卡参数监控状态时
2023-03-31 11:17:53,802 [AppLog] INFO : 更新气压控制卡参数：DEV_AdibControl:二级墨盒加热电压：{12V}；MCU_SetPhVoltage:二级墨盒加热温度：{25℃}MCU_SetPhVoltage:负压目标值：{System.Single[]kPa}MCU_SetPhVoltage:负压阈值：{0.16kPa}
2023-03-31 11:17:53,802 [AppLog] INFO : 进入气压控制卡参数设置状态时
2023-03-31 11:18:01,009 [AppLog] INFO : 退出手动调试子模块,已执行修改
==========================================================================
2023-03-31 11:18:03,614 [AppLog] INFO : 进入手动调试子模块！
2023-03-31 11:18:03,614 [AppLog] INFO : 进入：ManulBtn_Click=》准备创建对象-手动操作！
2023-03-31 11:18:03,645 [AppLog] INFO : 创建：ManualControl=》创建完成-手动操作！
2023-03-31 11:18:03,645 [AppLog] INFO : 加载成功：温控Modbus接口！
2023-03-31 11:18:05,798 [AppLog] INFO : 手动控制墨车运动开启：沿Y轴后侧方向运动 ↓↓↓：nAxis{{1}},Dir{{true}},nPlsSpeed{{{nSpeed}}},nPlsCount{{750000}},cControlFlag{{{nCtlValue}}}
2023-03-31 11:18:08,903 [AppLog] INFO : 手动控制墨车运动带减速停止：沿Y轴方向运动 ↑↑↑↓↓↓ ====: bImmeStop{{false}},nAxisMask{{0x2}}
2023-03-31 11:18:09,355 [AppLog] INFO : 手动控制墨车运动开启：沿Y轴后侧方向运动 ↓↓↓：nAxis{{1}},Dir{{true}},nPlsSpeed{{{nSpeed}}},nPlsCount{{750000}},cControlFlag{{{nCtlValue}}}
2023-03-31 11:18:09,464 [AppLog] INFO : 手动控制墨车运动带减速停止：沿Y轴方向运动 ↑↑↑↓↓↓ ====: bImmeStop{{false}},nAxisMask{{0x2}}
2023-03-31 11:18:09,558 [AppLog] INFO : 手动控制墨车运动开启：沿Y轴后侧方向运动 ↓↓↓：nAxis{{1}},Dir{{true}},nPlsSpeed{{{nSpeed}}},nPlsCount{{750000}},cControlFlag{{{nCtlValue}}}
2023-03-31 11:18:09,667 [AppLog] INFO : 手动控制墨车运动带减速停止：沿Y轴方向运动 ↑↑↑↓↓↓ ====: bImmeStop{{false}},nAxisMask{{0x2}}
2023-03-31 11:18:09,761 [AppLog] INFO : 手动控制墨车运动开启：沿Y轴后侧方向运动 ↓↓↓：nAxis{{1}},Dir{{true}},nPlsSpeed{{{nSpeed}}},nPlsCount{{750000}},cControlFlag{{{nCtlValue}}}
2023-03-31 11:18:09,870 [AppLog] INFO : 手动控制墨车运动带减速停止：沿Y轴方向运动 ↑↑↑↓↓↓ ====: bImmeStop{{false}},nAxisMask{{0x2}}
2023-03-31 11:18:10,275 [AppLog] INFO : 手动控制墨车运动开启：沿Y轴后侧方向运动 ↓↓↓：nAxis{{1}},Dir{{true}},nPlsSpeed{{{nSpeed}}},nPlsCount{{750000}},cControlFlag{{{nCtlValue}}}
2023-03-31 11:18:10,307 [AppLog] INFO : 手动控制墨车运动带减速停止：沿Y轴方向运动 ↑↑↑↓↓↓ ====: bImmeStop{{false}},nAxisMask{{0x2}}
2023-03-31 11:18:10,665 [AppLog] INFO : 手动控制墨车运动开启：沿Y轴后侧方向运动 ↓↓↓：nAxis{{1}},Dir{{true}},nPlsSpeed{{{nSpeed}}},nPlsCount{{750000}},cControlFlag{{{nCtlValue}}}
2023-03-31 11:18:10,712 [AppLog] INFO : 手动控制墨车运动带减速停止：沿Y轴方向运动 ↑↑↑↓↓↓ ====: bImmeStop{{false}},nAxisMask{{0x2}}
2023-03-31 11:18:11,071 [AppLog] INFO : 手动控制墨车运动开启：沿Y轴后侧方向运动 ↓↓↓：nAxis{{1}},Dir{{true}},nPlsSpeed{{{nSpeed}}},nPlsCount{{750000}},cControlFlag{{{nCtlValue}}}
2023-03-31 11:18:11,196 [AppLog] INFO : 手动控制墨车运动带减速停止：沿Y轴方向运动 ↑↑↑↓↓↓ ====: bImmeStop{{false}},nAxisMask{{0x2}}
2023-03-31 11:18:11,523 [AppLog] INFO : 手动控制墨车运动开启：沿Y轴后侧方向运动 ↓↓↓：nAxis{{1}},Dir{{true}},nPlsSpeed{{{nSpeed}}},nPlsCount{{750000}},cControlFlag{{{nCtlValue}}}
2023-03-31 11:18:11,570 [AppLog] INFO : 手动控制墨车运动带减速停止：沿Y轴方向运动 ↑↑↑↓↓↓ ====: bImmeStop{{false}},nAxisMask{{0x2}}
2023-03-31 11:18:12,537 [AppLog] INFO : 手动控制墨车运动开启，沿X轴右侧方向运动 ====》：nAxis{0},Dir{true},nPlsSpeed{50000},nPlsCount{750000},cControlFlag{2}
2023-03-31 11:18:13,052 [AppLog] INFO : 手动控制墨车运动带减速停止：沿X轴方向运动 ====》《=== ====: bImmeStop{false},nAxisMask{0x1}
2023-03-31 11:18:13,411 [AppLog] INFO : 手动控制墨车运动开启，沿X轴右侧方向运动 ====》：nAxis{0},Dir{true},nPlsSpeed{50000},nPlsCount{750000},cControlFlag{2}
2023-03-31 11:18:13,629 [AppLog] INFO : 手动控制墨车运动带减速停止：沿X轴方向运动 ====》《=== ====: bImmeStop{false},nAxisMask{0x1}
2023-03-31 11:18:18,481 [AppLog] INFO : 手动控制墨车运动开启：沿X轴左侧方向运动 《====：nAxis{{0}},Dir{{false}},nPlsSpeed{{{nSpeed}}},nPlsCount{{750000}},cControlFlag{{{nCtlValue}}}
2023-03-31 11:18:18,543 [AppLog] INFO : 手动控制墨车运动带减速停止：沿X轴方向运动 ====》《=== ====: bImmeStop{false},nAxisMask{0x1}
2023-03-31 11:18:20,899 [AppLog] INFO : 退出手动调试子模块,已执行修改
==========================================================================
2023-03-31 11:18:22,319 [AppLog] INFO : 进入手动调试子模块！
2023-03-31 11:18:22,319 [AppLog] INFO : 进入：ManulBtn_Click=》准备创建对象-手动操作！
2023-03-31 11:18:22,334 [AppLog] INFO : 创建：ManualControl=》创建完成-手动操作！
2023-03-31 11:18:22,334 [AppLog] INFO : 加载成功：温控Modbus接口！
2023-03-31 11:18:34,674 [AppLog] INFO : 退出手动调试子模块,已执行修改
==========================================================================
2023-03-31 11:18:36,827 [AppLog] INFO : 进入数据加载模块
2023-03-31 11:18:53,456 [AppLog] INFO : 进入数据加载模块
2023-03-31 11:19:06,576 [AppLog] INFO : CAD数据加载：添加.bjgroup格式CAD数据成功-D:\Release\CLI输入文件\shibiao-0321\shibiao-0321晚.bjgroup
2023-03-31 11:19:17,402 [AppLog] INFO : 进入手动调试子模块！
2023-03-31 11:19:17,402 [AppLog] INFO : 进入：ManulBtn_Click=》准备创建对象-手动操作！
2023-03-31 11:19:17,434 [AppLog] INFO : 创建：ManualControl=》创建完成-手动操作！
2023-03-31 11:19:17,434 [AppLog] INFO : 加载成功：温控Modbus接口！
2023-03-31 11:19:40,958 [AppLog] INFO : 开启铺粉车回零校准：PowderCarHomeBtn_Click
2023-03-31 11:19:40,958 [AppLog] INFO : 开启粉车回零校准线程：PowderCarHomeResetThread
2023-03-31 11:19:51,130 [AppLog] INFO : 手动正向点动指令（8轴运控板卡系统） ====》：输出AXIS{第2轴},点动量{-116MM},运动速度{30MM/s}
2023-03-31 11:19:51,130 [AppLog] INFO : 粉车回零校准线程成功：PowderCarHomeResetThread
2023-03-31 11:19:54,952 [AppLog] INFO : 退出手动调试子模块,已执行修改
==========================================================================
2023-03-31 11:19:56,309 [AppLog] INFO : 进入手动调试子模块！
2023-03-31 11:19:56,309 [AppLog] INFO : 进入：ManulBtn_Click=》准备创建对象-手动操作！
2023-03-31 11:19:56,340 [AppLog] INFO : 创建：ManualControl=》创建完成-手动操作！
2023-03-31 11:19:56,340 [AppLog] INFO : 加载成功：温控Modbus接口！
2023-03-31 11:20:00,568 [AppLog] INFO : 退出手动调试子模块,已执行修改
==========================================================================
2023-03-31 11:20:02,252 [AppLog] INFO : 进入手动调试子模块！
2023-03-31 11:20:02,252 [AppLog] INFO : 进入：ManulBtn_Click=》准备创建对象-手动操作！
2023-03-31 11:20:02,284 [AppLog] INFO : 创建：ManualControl=》创建完成-手动操作！
2023-03-31 11:20:02,284 [AppLog] INFO : 加载成功：温控Modbus接口！
2023-03-31 11:20:10,910 [AppLog] INFO : 手动开启自动进给铺粉过程：AutoSupplyPowderBtn_Click
2023-03-31 11:20:10,910 [AppLog] INFO : 开启手动铺粉逻辑：NewAutoSupplyPowderThread
2023-03-31 11:20:11,020 [AppLog] INFO : 手动正向点动指令（8轴运控板卡系统） ====》：输出AXIS{第1轴},点动量{-0.08MM},运动速度{1MM/s}
2023-03-31 11:20:11,020 [AppLog] INFO : 成形面高度下降层厚 TrapSpace{0.08mm}：TrapMoveUp(1, true, Convert.ToString(vel), Convert.ToString(TrapSpace), true, true）
2023-03-31 11:20:12,548 [AppLog] INFO : 手动正向点动指令（8轴运控板卡系统） ====》：输出AXIS{第1轴},点动量{-1.5MM},运动速度{1MM/s}
2023-03-31 11:20:12,548 [AppLog] INFO : 成形面高度下降指定厚度 TrapSpace{1.5mm}：TrapMoveUp(1, true, Convert.ToString(vel), Convert.ToString(TrapSpace), true, true）
2023-03-31 11:20:13,048 [AppLog] INFO : 手动停止自动进给铺粉过程：AutoSupplyPowderBtn_Click
2023-03-31 11:20:13,765 [AppLog] INFO : 手动开启自动进给铺粉过程：AutoSupplyPowderBtn_Click
2023-03-31 11:20:14,077 [AppLog] INFO : 手动正向点动指令（8轴运控板卡系统） ====》：输出AXIS{第1轴},点动量{1.5MM},运动速度{1MM/s}
2023-03-31 11:20:14,077 [AppLog] INFO : 成形面高度上升层厚 TrapSpace{1.5mm}：TrapMoveUp(1, true, Convert.ToString(vel), Convert.ToString(TrapSpace), true, true）
2023-03-31 11:20:15,076 [AppLog] INFO : 手动正向点动指令（8轴运控板卡系统） ====》：输出AXIS{第8轴},点动量{0.5MM},运动速度{0.5MM/s}
2023-03-31 11:20:15,076 [AppLog] INFO : Hopper落粉轴转2圈落粉，速度0.5rev/s：TrapMoveUp(8, true, 0.5, rotateNuM.ToString(), true, false)
2023-03-31 11:20:15,138 [AppLog] INFO : 手动开启自动进给铺粉过程：AutoSupplyPowderBtn_Click
2023-03-31 11:20:15,154 [AppLog] INFO : 开启手动铺粉逻辑：NewAutoSupplyPowderThread
2023-03-31 11:20:15,263 [AppLog] INFO : 手动正向点动指令（8轴运控板卡系统） ====》：输出AXIS{第1轴},点动量{-0.08MM},运动速度{1MM/s}
2023-03-31 11:20:15,263 [AppLog] INFO : 成形面高度下降层厚 TrapSpace{0.08mm}：TrapMoveUp(1, true, Convert.ToString(vel), Convert.ToString(TrapSpace), true, true）
2023-03-31 11:20:15,388 [AppLog] INFO : 手动正向点动指令（8轴运控板卡系统） ====》：输出AXIS{第2轴},点动量{694MM},运动速度{30MM/s}
2023-03-31 11:20:15,388 [AppLog] INFO : 开启铺粉车不等停运动至站2，速度0.5rev/s：BackToStation2
2023-03-31 11:20:16,448 [AppLog] INFO : 手动停止自动进给铺粉过程：AutoSupplyPowderBtn_Click
2023-03-31 11:20:16,776 [AppLog] INFO : 手动正向点动指令（8轴运控板卡系统） ====》：输出AXIS{第1轴},点动量{-1.5MM},运动速度{1MM/s}
2023-03-31 11:20:16,776 [AppLog] INFO : 成形面高度下降指定厚度 TrapSpace{1.5mm}：TrapMoveUp(1, true, Convert.ToString(vel), Convert.ToString(TrapSpace), true, true）
2023-03-31 11:20:18,305 [AppLog] INFO : 手动正向点动指令（8轴运控板卡系统） ====》：输出AXIS{第1轴},点动量{1.5MM},运动速度{1MM/s}
2023-03-31 11:20:18,305 [AppLog] INFO : 成形面高度上升层厚 TrapSpace{1.5mm}：TrapMoveUp(1, true, Convert.ToString(vel), Convert.ToString(TrapSpace), true, true）
2023-03-31 11:20:19,319 [AppLog] INFO : 手动正向点动指令（8轴运控板卡系统） ====》：输出AXIS{第8轴},点动量{0.5MM},运动速度{0.5MM/s}
2023-03-31 11:20:19,319 [AppLog] INFO : Hopper落粉轴转2圈落粉，速度0.5rev/s：TrapMoveUp(8, true, 0.5, rotateNuM.ToString(), true, false)
2023-03-31 11:20:19,631 [AppLog] INFO : 手动正向点动指令（8轴运控板卡系统） ====》：输出AXIS{第2轴},点动量{662.315MM},运动速度{30MM/s}
2023-03-31 11:20:19,631 [AppLog] INFO : 开启铺粉车不等停运动至站2，速度0.5rev/s：BackToStation2
2023-03-31 11:20:21,768 [AppLog] INFO : 手动负向JOG指令（8轴运控板卡系统） ====》：输出AXIS{第2轴},运动速度{50MM/s}
2023-03-31 11:20:21,893 [AppLog] INFO : 手动停止JOG输出（8轴运控板卡系统） ====》：输出AXIS{第2轴}
2023-03-31 11:20:39,911 [AppLog] INFO : 手动正向JOG指令（8轴运控板卡系统） ====》：输出AXIS{第2轴},运动速度{50MM/s}
2023-03-31 11:20:40,161 [AppLog] INFO : 手动停止JOG输出（8轴运控板卡系统） ====》：输出AXIS{第2轴}
2023-03-31 11:20:40,769 [AppLog] INFO : 手动正向JOG指令（8轴运控板卡系统） ====》：输出AXIS{第2轴},运动速度{50MM/s}
2023-03-31 11:20:41,767 [AppLog] INFO : 打开IR灯：OpenIRLamp(true)
2023-03-31 11:20:41,830 [AppLog] INFO : 打开IR灯：OpenIRLamp(true)
2023-03-31 11:20:41,923 [AppLog] INFO : 手动停止JOG输出（8轴运控板卡系统） ====》：输出AXIS{第2轴}
2023-03-31 11:20:42,282 [AppLog] INFO : 手动正向JOG指令（8轴运控板卡系统） ====》：输出AXIS{第2轴},运动速度{50MM/s}
2023-03-31 11:20:42,641 [AppLog] INFO : 手动停止JOG输出（8轴运控板卡系统） ====》：输出AXIS{第2轴}
2023-03-31 11:20:43,265 [AppLog] INFO : 手动正向JOG指令（8轴运控板卡系统） ====》：输出AXIS{第2轴},运动速度{50MM/s}
2023-03-31 11:20:44,653 [AppLog] INFO : 手动停止JOG输出（8轴运控板卡系统） ====》：输出AXIS{第2轴}
2023-03-31 11:20:47,415 [AppLog] INFO : 手动正向JOG指令（8轴运控板卡系统） ====》：输出AXIS{第2轴},运动速度{50MM/s}
2023-03-31 11:20:47,555 [AppLog] INFO : 手动正向点动指令（8轴运控板卡系统） ====》：输出AXIS{第3轴},点动量{0.5MM},运动速度{0.0588235294117647MM/s}
2023-03-31 11:20:47,555 [AppLog] INFO : 开启均匀落粉及辊子铺平运动：TrapMoveUp(3, true, Convert.ToString(DispenseRollerSpeed), 0.5, true, true)
2023-03-31 11:20:47,555 [AppLog] INFO : 手动正向点动指令（8轴运控板卡系统） ====》：输出AXIS{第3轴},点动量{0.5MM},运动速度{0.0588235294117647MM/s}
2023-03-31 11:20:47,555 [AppLog] INFO : 开启均匀落粉及辊子铺平运动：TrapMoveUp(3, true, Convert.ToString(DispenseRollerSpeed), 0.5, true, true)
2023-03-31 11:20:52,828 [AppLog] INFO : 关闭IR灯：OpenIRLamp(false)
2023-03-31 11:20:52,890 [AppLog] INFO : 关闭IR灯：OpenIRLamp(false)
2023-03-31 11:20:54,903 [AppLog] INFO : 手动正向点动指令（8轴运控板卡系统） ====》：输出AXIS{第3轴},点动量{0.5MM},运动速度{2MM/s}
2023-03-31 11:20:54,903 [AppLog] INFO : 落粉轴继续转动以倒掉余粉：TrapMoveUp(3, true, 2, 0.5, true, false)
2023-03-31 11:20:54,903 [AppLog] INFO : 手动正向点动指令（8轴运控板卡系统） ====》：输出AXIS{第3轴},点动量{0.5MM},运动速度{2MM/s}
2023-03-31 11:20:54,903 [AppLog] INFO : 落粉轴继续转动以倒掉余粉：TrapMoveUp(3, true, 2, 0.5, true, false)
2023-03-31 11:20:55,137 [AppLog] INFO : 手动停止JOG输出（8轴运控板卡系统） ====》：输出AXIS{第2轴}
2023-03-31 11:20:55,449 [AppLog] INFO : 手动正向JOG指令（8轴运控板卡系统） ====》：输出AXIS{第2轴},运动速度{50MM/s}
2023-03-31 11:20:55,542 [AppLog] INFO : 手动停止JOG输出（8轴运控板卡系统） ====》：输出AXIS{第2轴}
2023-03-31 11:20:55,776 [AppLog] INFO : 手动正向JOG指令（8轴运控板卡系统） ====》：输出AXIS{第2轴},运动速度{50MM/s}
2023-03-31 11:20:55,885 [AppLog] INFO : 手动停止JOG输出（8轴运控板卡系统） ====》：输出AXIS{第2轴}
2023-03-31 11:20:56,010 [AppLog] INFO : 手动正向JOG指令（8轴运控板卡系统） ====》：输出AXIS{第2轴},运动速度{50MM/s}
2023-03-31 11:20:56,104 [AppLog] INFO : 手动停止JOG输出（8轴运控板卡系统） ====》：输出AXIS{第2轴}
2023-03-31 11:20:56,197 [AppLog] INFO : 手动正向JOG指令（8轴运控板卡系统） ====》：输出AXIS{第2轴},运动速度{50MM/s}
2023-03-31 11:20:56,307 [AppLog] INFO : 手动停止JOG输出（8轴运控板卡系统） ====》：输出AXIS{第2轴}
2023-03-31 11:20:56,385 [AppLog] INFO : 手动正向JOG指令（8轴运控板卡系统） ====》：输出AXIS{第2轴},运动速度{50MM/s}
2023-03-31 11:20:56,494 [AppLog] INFO : 手动停止JOG输出（8轴运控板卡系统） ====》：输出AXIS{第2轴}
2023-03-31 11:20:56,572 [AppLog] INFO : 手动正向JOG指令（8轴运控板卡系统） ====》：输出AXIS{第2轴},运动速度{50MM/s}
2023-03-31 11:20:56,681 [AppLog] INFO : 手动停止JOG输出（8轴运控板卡系统） ====》：输出AXIS{第2轴}
2023-03-31 11:20:56,759 [AppLog] INFO : 手动正向JOG指令（8轴运控板卡系统） ====》：输出AXIS{第2轴},运动速度{50MM/s}
2023-03-31 11:20:56,868 [AppLog] INFO : 手动停止JOG输出（8轴运控板卡系统） ====》：输出AXIS{第2轴}
2023-03-31 11:20:56,993 [AppLog] INFO : 手动正向JOG指令（8轴运控板卡系统） ====》：输出AXIS{第2轴},运动速度{50MM/s}
2023-03-31 11:20:57,087 [AppLog] INFO : 手动停止JOG输出（8轴运控板卡系统） ====》：输出AXIS{第2轴}
2023-03-31 11:20:57,180 [AppLog] INFO : 手动正向JOG指令（8轴运控板卡系统） ====》：输出AXIS{第2轴},运动速度{50MM/s}
2023-03-31 11:20:57,289 [AppLog] INFO : 手动停止JOG输出（8轴运控板卡系统） ====》：输出AXIS{第2轴}
2023-03-31 11:20:57,695 [AppLog] INFO : 手动正向JOG指令（8轴运控板卡系统） ====》：输出AXIS{第2轴},运动速度{50MM/s}
2023-03-31 11:20:57,789 [AppLog] INFO : 手动停止JOG输出（8轴运控板卡系统） ====》：输出AXIS{第2轴}
2023-03-31 11:20:58,163 [AppLog] INFO : 手动正向JOG指令（8轴运控板卡系统） ====》：输出AXIS{第2轴},运动速度{50MM/s}
2023-03-31 11:20:58,257 [AppLog] INFO : 手动停止JOG输出（8轴运控板卡系统） ====》：输出AXIS{第2轴}
2023-03-31 11:20:58,600 [AppLog] INFO : 手动正向JOG指令（8轴运控板卡系统） ====》：输出AXIS{第2轴},运动速度{50MM/s}
2023-03-31 11:20:58,678 [AppLog] INFO : 手动停止JOG输出（8轴运控板卡系统） ====》：输出AXIS{第2轴}
2023-03-31 11:20:59,068 [AppLog] INFO : 手动正向JOG指令（8轴运控板卡系统） ====》：输出AXIS{第2轴},运动速度{50MM/s}
2023-03-31 11:20:59,146 [AppLog] INFO : 手动停止JOG输出（8轴运控板卡系统） ====》：输出AXIS{第2轴}
2023-03-31 11:21:00,191 [AppLog] INFO : 手动正向点动指令（8轴运控板卡系统） ====》：输出AXIS{第1轴},点动量{-1.5MM},运动速度{1MM/s}
2023-03-31 11:21:00,191 [AppLog] INFO : 成形面高度下降指定厚度 TrapSpace{1.5mm}：TrapMoveUp(1, true, Convert.ToString(vel), Convert.ToString(TrapSpace), true, true）
2023-03-31 11:21:00,191 [AppLog] INFO : 手动正向点动指令（8轴运控板卡系统） ====》：输出AXIS{第1轴},点动量{-1.5MM},运动速度{1MM/s}
2023-03-31 11:21:00,191 [AppLog] INFO : 成形面高度下降指定厚度 TrapSpace{1.5mm}：TrapMoveUp(1, true, Convert.ToString(vel), Convert.ToString(TrapSpace), true, true）
2023-03-31 11:21:00,191 [AppLog] INFO : 铺粉车返回至站1：BackToStation2(AimPos, MovSpeed, true)
2023-03-31 11:21:00,191 [AppLog] INFO : 铺粉车返回至站1：BackToStation2(AimPos, MovSpeed, true)
2023-03-31 11:21:00,643 [AppLog] INFO : 手动负向JOG指令（8轴运控板卡系统） ====》：输出AXIS{第2轴},运动速度{50MM/s}
2023-03-31 11:21:00,846 [AppLog] INFO : 手动停止JOG输出（8轴运控板卡系统） ====》：输出AXIS{第2轴}
2023-03-31 11:21:01,595 [AppLog] INFO : 手动负向JOG指令（8轴运控板卡系统） ====》：输出AXIS{第2轴},运动速度{50MM/s}
2023-03-31 11:21:02,375 [AppLog] INFO : 手动停止JOG输出（8轴运控板卡系统） ====》：输出AXIS{第2轴}
2023-03-31 11:21:02,827 [AppLog] INFO : 手动负向JOG指令（8轴运控板卡系统） ====》：输出AXIS{第2轴},运动速度{50MM/s}
2023-03-31 11:21:12,905 [AppLog] INFO : 手动停止JOG输出（8轴运控板卡系统） ====》：输出AXIS{第2轴}
2023-03-31 11:21:13,186 [AppLog] INFO : 手动负向JOG指令（8轴运控板卡系统） ====》：输出AXIS{第2轴},运动速度{50MM/s}
2023-03-31 11:21:13,576 [AppLog] INFO : 手动停止JOG输出（8轴运控板卡系统） ====》：输出AXIS{第2轴}
2023-03-31 11:21:13,888 [AppLog] INFO : 手动负向JOG指令（8轴运控板卡系统） ====》：输出AXIS{第2轴},运动速度{50MM/s}
2023-03-31 11:21:13,981 [AppLog] INFO : 手动停止JOG输出（8轴运控板卡系统） ====》：输出AXIS{第2轴}
2023-03-31 11:21:14,169 [AppLog] INFO : 手动负向JOG指令（8轴运控板卡系统） ====》：输出AXIS{第2轴},运动速度{50MM/s}
2023-03-31 11:21:14,262 [AppLog] INFO : 手动停止JOG输出（8轴运控板卡系统） ====》：输出AXIS{第2轴}
2023-03-31 11:21:14,340 [AppLog] INFO : 手动负向JOG指令（8轴运控板卡系统） ====》：输出AXIS{第2轴},运动速度{50MM/s}
2023-03-31 11:21:14,449 [AppLog] INFO : 手动停止JOG输出（8轴运控板卡系统） ====》：输出AXIS{第2轴}
2023-03-31 11:21:14,543 [AppLog] INFO : 手动负向JOG指令（8轴运控板卡系统） ====》：输出AXIS{第2轴},运动速度{50MM/s}
2023-03-31 11:21:14,605 [AppLog] INFO : 手动停止JOG输出（8轴运控板卡系统） ====》：输出AXIS{第2轴}
2023-03-31 11:21:14,683 [AppLog] INFO : 手动负向JOG指令（8轴运控板卡系统） ====》：输出AXIS{第2轴},运动速度{50MM/s}
2023-03-31 11:21:14,793 [AppLog] INFO : 手动停止JOG输出（8轴运控板卡系统） ====》：输出AXIS{第2轴}
2023-03-31 11:21:14,871 [AppLog] INFO : 手动负向JOG指令（8轴运控板卡系统） ====》：输出AXIS{第2轴},运动速度{50MM/s}
2023-03-31 11:21:14,964 [AppLog] INFO : 手动停止JOG输出（8轴运控板卡系统） ====》：输出AXIS{第2轴}
2023-03-31 11:21:15,058 [AppLog] INFO : 手动负向JOG指令（8轴运控板卡系统） ====》：输出AXIS{第2轴},运动速度{50MM/s}
2023-03-31 11:21:15,151 [AppLog] INFO : 手动停止JOG输出（8轴运控板卡系统） ====》：输出AXIS{第2轴}
2023-03-31 11:21:15,261 [AppLog] INFO : 手动负向JOG指令（8轴运控板卡系统） ====》：输出AXIS{第2轴},运动速度{50MM/s}
2023-03-31 11:21:15,339 [AppLog] INFO : 手动停止JOG输出（8轴运控板卡系统） ====》：输出AXIS{第2轴}
2023-03-31 11:21:15,479 [AppLog] INFO : 手动负向JOG指令（8轴运控板卡系统） ====》：输出AXIS{第2轴},运动速度{50MM/s}
2023-03-31 11:21:15,573 [AppLog] INFO : 手动停止JOG输出（8轴运控板卡系统） ====》：输出AXIS{第2轴}
2023-03-31 11:21:15,697 [AppLog] INFO : 手动负向JOG指令（8轴运控板卡系统） ====》：输出AXIS{第2轴},运动速度{50MM/s}
2023-03-31 11:21:15,822 [AppLog] INFO : 手动停止JOG输出（8轴运控板卡系统） ====》：输出AXIS{第2轴}
2023-03-31 11:21:15,916 [AppLog] INFO : 手动负向JOG指令（8轴运控板卡系统） ====》：输出AXIS{第2轴},运动速度{50MM/s}
2023-03-31 11:21:16,041 [AppLog] INFO : 手动停止JOG输出（8轴运控板卡系统） ====》：输出AXIS{第2轴}
2023-03-31 11:21:16,134 [AppLog] INFO : 手动负向JOG指令（8轴运控板卡系统） ====》：输出AXIS{第2轴},运动速度{50MM/s}
2023-03-31 11:21:16,275 [AppLog] INFO : 手动停止JOG输出（8轴运控板卡系统） ====》：输出AXIS{第2轴}
2023-03-31 11:21:16,368 [AppLog] INFO : 手动负向JOG指令（8轴运控板卡系统） ====》：输出AXIS{第2轴},运动速度{50MM/s}
2023-03-31 11:21:16,509 [AppLog] INFO : 手动停止JOG输出（8轴运控板卡系统） ====》：输出AXIS{第2轴}
2023-03-31 11:21:16,618 [AppLog] INFO : 手动负向JOG指令（8轴运控板卡系统） ====》：输出AXIS{第2轴},运动速度{50MM/s}
2023-03-31 11:21:16,743 [AppLog] INFO : 手动停止JOG输出（8轴运控板卡系统） ====》：输出AXIS{第2轴}
2023-03-31 11:21:16,883 [AppLog] INFO : 手动负向JOG指令（8轴运控板卡系统） ====》：输出AXIS{第2轴},运动速度{50MM/s}
2023-03-31 11:21:16,992 [AppLog] INFO : 手动停止JOG输出（8轴运控板卡系统） ====》：输出AXIS{第2轴}
2023-03-31 11:21:17,117 [AppLog] INFO : 手动负向JOG指令（8轴运控板卡系统） ====》：输出AXIS{第2轴},运动速度{50MM/s}
2023-03-31 11:21:17,242 [AppLog] INFO : 手动停止JOG输出（8轴运控板卡系统） ====》：输出AXIS{第2轴}
2023-03-31 11:21:17,320 [AppLog] INFO : 手动负向JOG指令（8轴运控板卡系统） ====》：输出AXIS{第2轴},运动速度{50MM/s}
2023-03-31 11:21:17,445 [AppLog] INFO : 手动停止JOG输出（8轴运控板卡系统） ====》：输出AXIS{第2轴}
2023-03-31 11:21:17,538 [AppLog] INFO : 手动负向JOG指令（8轴运控板卡系统） ====》：输出AXIS{第2轴},运动速度{50MM/s}
2023-03-31 11:21:17,632 [AppLog] INFO : 手动停止JOG输出（8轴运控板卡系统） ====》：输出AXIS{第2轴}
2023-03-31 11:21:17,741 [AppLog] INFO : 手动负向JOG指令（8轴运控板卡系统） ====》：输出AXIS{第2轴},运动速度{50MM/s}
2023-03-31 11:21:17,881 [AppLog] INFO : 手动停止JOG输出（8轴运控板卡系统） ====》：输出AXIS{第2轴}
2023-03-31 11:21:17,975 [AppLog] INFO : 手动负向JOG指令（8轴运控板卡系统） ====》：输出AXIS{第2轴},运动速度{50MM/s}
2023-03-31 11:21:18,069 [AppLog] INFO : 手动停止JOG输出（8轴运控板卡系统） ====》：输出AXIS{第2轴}
2023-03-31 11:21:18,209 [AppLog] INFO : 手动负向JOG指令（8轴运控板卡系统） ====》：输出AXIS{第2轴},运动速度{50MM/s}
2023-03-31 11:21:18,303 [AppLog] INFO : 手动停止JOG输出（8轴运控板卡系统） ====》：输出AXIS{第2轴}
2023-03-31 11:21:18,677 [AppLog] INFO : 手动负向JOG指令（8轴运控板卡系统） ====》：输出AXIS{第2轴},运动速度{50MM/s}
2023-03-31 11:21:18,755 [AppLog] INFO : 手动停止JOG输出（8轴运控板卡系统） ====》：输出AXIS{第2轴}
2023-03-31 11:21:18,989 [AppLog] INFO : 手动负向JOG指令（8轴运控板卡系统） ====》：输出AXIS{第2轴},运动速度{50MM/s}
2023-03-31 11:21:19,083 [AppLog] INFO : 手动停止JOG输出（8轴运控板卡系统） ====》：输出AXIS{第2轴}
2023-03-31 11:21:19,457 [AppLog] INFO : 手动负向JOG指令（8轴运控板卡系统） ====》：输出AXIS{第2轴},运动速度{50MM/s}
2023-03-31 11:21:19,551 [AppLog] INFO : 手动停止JOG输出（8轴运控板卡系统） ====》：输出AXIS{第2轴}
2023-03-31 11:21:19,941 [AppLog] INFO : 手动负向JOG指令（8轴运控板卡系统） ====》：输出AXIS{第2轴},运动速度{50MM/s}
2023-03-31 11:21:20,019 [AppLog] INFO : 手动停止JOG输出（8轴运控板卡系统） ====》：输出AXIS{第2轴}
2023-03-31 11:21:20,393 [AppLog] INFO : 手动负向JOG指令（8轴运控板卡系统） ====》：输出AXIS{第2轴},运动速度{50MM/s}
2023-03-31 11:21:20,487 [AppLog] INFO : 手动停止JOG输出（8轴运控板卡系统） ====》：输出AXIS{第2轴}
2023-03-31 11:21:20,861 [AppLog] INFO : 手动负向JOG指令（8轴运控板卡系统） ====》：输出AXIS{第2轴},运动速度{50MM/s}
2023-03-31 11:21:20,955 [AppLog] INFO : 手动停止JOG输出（8轴运控板卡系统） ====》：输出AXIS{第2轴}
2023-03-31 11:21:22,951 [AppLog] INFO : 手动正向JOG指令（8轴运控板卡系统） ====》：输出AXIS{第2轴},运动速度{50MM/s}
2023-03-31 11:21:23,061 [AppLog] INFO : 手动停止JOG输出（8轴运控板卡系统） ====》：输出AXIS{第2轴}
2023-03-31 11:21:23,404 [AppLog] INFO : 手动正向JOG指令（8轴运控板卡系统） ====》：输出AXIS{第2轴},运动速度{50MM/s}
2023-03-31 11:21:23,529 [AppLog] INFO : 手动停止JOG输出（8轴运控板卡系统） ====》：输出AXIS{第2轴}
2023-03-31 11:21:26,961 [AppLog] INFO : 退出手动调试子模块,已执行修改
==========================================================================
2023-03-31 11:21:28,224 [AppLog] INFO : 开启系统：板卡通讯，伺服供电，照明系统，UV/HR固化系统！
2023-03-31 11:21:29,160 [AppLog] INFO : 关闭系统：一键关闭系统开始！
2023-03-31 11:21:35,369 [AppLog] INFO : 关闭系统：一键关闭系统结束！
2023-03-31 11:21:35,369 [AppLog] INFO : 喷墨控制器的所有轴输出关闭！
2023-03-31 11:21:35,400 [AppLog] INFO : 喷墨控制器关闭！
2023-03-31 11:21:35,400 [AppLog] INFO : 进入电气控制模块
2023-03-31 11:21:36,804 [AppLog] INFO : 退出电气控制模块
2023-03-31 11:21:38,177 [AppLog] INFO : 进入电气控制模块
2023-03-31 11:21:38,754 [AppLog] INFO : 电气控制模块：手动关闭端口14
2023-03-31 11:21:39,675 [AppLog] INFO : 电气控制模块：手动关闭端口15
2023-03-31 11:21:41,141 [AppLog] INFO : 退出电气控制模块
2023-03-31 11:21:44,479 [AppLog] INFO : 软件及设备关停中：墨车所有方向运动确认停止（X,Y,Y2)： bImmeStop{False},nAxisMask{0x7}
2023-03-31 11:21:44,479 [AppLog] INFO : 软件及设备关停中：喷墨控制器板卡系统关闭（X,Y,Y2)：DEV_CloseDevice
2023-03-31 11:21:45,150 [AppLog] INFO : 软件及设备关停成功
==========================================================================
操作系统:{Microsoft Windows 7 旗舰版 }
运行环境:{ .Net Framework Enviroment Version 4.0.30319.42000}
盘符：D
CPU使用率：{0%} ，可用内存大小:{14186MB}，硬盘剩余空间：
  盘符 C:\ 的剩余空间：70 GB
  盘符 D:\ 的剩余空间：88 GB
  盘符 F:\ 的剩余空间：3 GB
==========================================================================
2023-03-31 11:22:00,048 [AppLog] INFO : 软件开机密码正确，登录成功1次
==========================================================================
操作系统:{Microsoft Windows 7 旗舰版 }
运行环境:{ .Net Framework Enviroment Version 4.0.30319.42000}
盘符：D
CPU使用率：{46.4283%} ，可用内存大小:{14325MB}，硬盘剩余空间：
  盘符 C:\ 的剩余空间：70 GB
  盘符 D:\ 的剩余空间：88 GB
  盘符 F:\ 的剩余空间：3 GB
硬件配置情况：
  CPU 厂家: GenuineIntel CPU 型号: Intel(R) Core(TM) i7-4770 CPU @ 3.40GHz
  内存条厂家: Kingston 内存条型号: 99P5471-043.A00LF 
  内存条厂家: Kingston 内存条型号: 99P5471-043.A00LF 
  硬盘厂家: (标准磁盘驱动器) 硬盘型号: Micron_1300_MTFDDAK256TDL ATA Device
  硬盘厂家: (标准磁盘驱动器) 硬盘型号: Generic Flash Disk USB Device
==========================================================================
2023-03-31 11:22:02,326 [AppLog] INFO : 开启系统：板卡通讯，伺服供电，照明系统，UV/HR固化系统！
2023-03-31 11:22:02,326 [AppLog] INFO : 开启系统：一键启动系统开始！
2023-03-31 11:22:08,410 [AppLog] INFO : 开启系统：一键启动系统结束！
2023-03-31 11:22:08,410 [AppLog] INFO : 初始化喷墨控制器启动！
2023-03-31 11:22:31,888 [AppLog] INFO : 打开喷墨控制器设备成功！
2023-03-31 11:22:34,400 [AppLog] INFO : 更新{1}号喷头温度成功：MCU_SetPhStdTemp{25℃}
2023-03-31 11:22:34,431 [AppLog] INFO : 初始化喷墨控制器成功！
2023-03-31 11:22:34,431 [AppLog] INFO : 进入：EquipmentMotionLogic3=》准备创建对象-手动操作！
2023-03-31 11:22:34,571 [AppLog] INFO : 进入：EquipmentMotionLogic3=》创建完成-手动操作！
2023-03-31 11:22:34,696 [AppLog] INFO : 红外灯控制器485通讯建立！
2023-03-31 11:22:34,696 [AppLog] INFO : 进入电气控制模块
2023-03-31 11:22:35,975 [AppLog] INFO : 退出电气控制模块
2023-03-31 11:22:36,755 [AppLog] INFO : 进入手动调试子模块！
2023-03-31 11:22:36,755 [AppLog] INFO : 进入：ManulBtn_Click=》准备创建对象-手动操作！
2023-03-31 11:22:36,786 [AppLog] INFO : 创建：ManualControl=》创建完成-手动操作！
2023-03-31 11:22:36,786 [AppLog] INFO : 加载成功：温控Modbus接口！
2023-03-31 11:22:38,346 [AppLog] INFO : 退出手动调试子模块,已执行修改
==========================================================================
2023-03-31 11:22:40,733 [AppLog] INFO : 进入手动调试子模块！
2023-03-31 11:22:40,733 [AppLog] INFO : 进入：ManulBtn_Click=》准备创建对象-手动操作！
2023-03-31 11:22:40,764 [AppLog] INFO : 创建：ManualControl=》创建完成-手动操作！
2023-03-31 11:22:40,764 [AppLog] INFO : 加载成功：温控Modbus接口！
2023-03-31 11:22:42,371 [AppLog] INFO : 手动开启自动进给铺粉过程：AutoSupplyPowderBtn_Click
2023-03-31 11:22:43,869 [AppLog] INFO : 手动开启自动进给铺粉过程：AutoSupplyPowderBtn_Click
2023-03-31 11:22:44,976 [AppLog] INFO : 手动开启自动进给铺粉过程：AutoSupplyPowderBtn_Click
2023-03-31 11:22:46,053 [AppLog] INFO : 手动开启自动进给铺粉过程：AutoSupplyPowderBtn_Click
2023-03-31 11:22:59,952 [AppLog] INFO : 退出手动调试子模块，未执行修改
==========================================================================
2023-03-31 11:23:02,168 [AppLog] INFO : 开启系统：板卡通讯，伺服供电，照明系统，UV/HR固化系统！
2023-03-31 11:23:03,790 [AppLog] INFO : 关闭系统：一键关闭系统开始！
2023-03-31 11:23:10,014 [AppLog] INFO : 关闭系统：一键关闭系统结束！
2023-03-31 11:23:10,014 [AppLog] INFO : 喷墨控制器的所有轴输出关闭！
2023-03-31 11:23:10,202 [AppLog] INFO : 喷墨控制器关闭！
2023-03-31 11:23:10,202 [AppLog] INFO : 进入电气控制模块
2023-03-31 11:23:12,152 [AppLog] INFO : 退出电气控制模块
2023-03-31 11:23:13,415 [AppLog] INFO : 软件及设备关停中：墨车所有方向运动确认停止（X,Y,Y2)： bImmeStop{False},nAxisMask{0x7}
2023-03-31 11:23:13,415 [AppLog] INFO : 软件及设备关停中：喷墨控制器板卡系统关闭（X,Y,Y2)：DEV_CloseDevice
2023-03-31 11:23:14,070 [AppLog] INFO : 软件及设备关停成功
==========================================================================
操作系统:{Microsoft Windows 7 旗舰版 }
运行环境:{ .Net Framework Enviroment Version 4.0.30319.42000}
盘符：D
CPU使用率：{33.92833%} ，可用内存大小:{14291MB}，硬盘剩余空间：
  盘符 C:\ 的剩余空间：70 GB
  盘符 D:\ 的剩余空间：88 GB
  盘符 F:\ 的剩余空间：3 GB
==========================================================================
2023-03-31 11:25:12,563 [AppLog] INFO : 软件开机密码正确，登录成功1次
==========================================================================
操作系统:{Microsoft Windows 7 旗舰版 }
运行环境:{ .Net Framework Enviroment Version 4.0.30319.42000}
盘符：D
CPU使用率：{3.451456%} ，可用内存大小:{14252MB}，硬盘剩余空间：
  盘符 C:\ 的剩余空间：70 GB
  盘符 D:\ 的剩余空间：88 GB
  盘符 F:\ 的剩余空间：3 GB
硬件配置情况：
  CPU 厂家: GenuineIntel CPU 型号: Intel(R) Core(TM) i7-4770 CPU @ 3.40GHz
  内存条厂家: Kingston 内存条型号: 99P5471-043.A00LF 
  内存条厂家: Kingston 内存条型号: 99P5471-043.A00LF 
  硬盘厂家: (标准磁盘驱动器) 硬盘型号: Micron_1300_MTFDDAK256TDL ATA Device
  硬盘厂家: (标准磁盘驱动器) 硬盘型号: Generic Flash Disk USB Device
==========================================================================
2023-03-31 11:25:18,928 [AppLog] INFO : 开启系统：板卡通讯，伺服供电，照明系统，UV/HR固化系统！
2023-03-31 11:25:18,930 [AppLog] INFO : 开启系统：一键启动系统开始！
2023-03-31 11:25:24,939 [AppLog] INFO : 开启系统：一键启动系统结束！
2023-03-31 11:25:24,940 [AppLog] INFO : 初始化喷墨控制器启动！
2023-03-31 11:25:44,114 [AppLog] INFO : 打开喷墨控制器设备成功！
2023-03-31 11:25:47,054 [AppLog] INFO : 更新{1}号喷头温度成功：MCU_SetPhStdTemp{25℃}
2023-03-31 11:25:47,080 [AppLog] INFO : 初始化喷墨控制器成功！
2023-03-31 11:25:47,080 [AppLog] INFO : 进入：EquipmentMotionLogic3=》准备创建对象-手动操作！
2023-03-31 11:25:47,272 [AppLog] INFO : 进入：EquipmentMotionLogic3=》创建完成-手动操作！
2023-03-31 11:25:47,398 [AppLog] INFO : 红外灯控制器485通讯建立！
2023-03-31 11:25:47,400 [AppLog] INFO : 进入电气控制模块
2023-03-31 11:25:48,561 [AppLog] INFO : 退出电气控制模块
2023-03-31 11:25:49,636 [AppLog] INFO : 进入手动调试子模块！
2023-03-31 11:25:49,637 [AppLog] INFO : 进入：ManulBtn_Click=》准备创建对象-手动操作！
2023-03-31 11:25:49,668 [AppLog] INFO : 创建：ManualControl=》创建完成-手动操作！
2023-03-31 11:25:49,668 [AppLog] INFO : 加载成功：温控Modbus接口！
2023-03-31 11:25:51,232 [AppLog] INFO : 退出手动调试子模块,已执行修改
==========================================================================
2023-03-31 11:25:52,932 [AppLog] INFO : 进入手动调试子模块！
2023-03-31 11:25:52,948 [AppLog] INFO : 进入：ManulBtn_Click=》准备创建对象-手动操作！
2023-03-31 11:25:52,964 [AppLog] INFO : 创建：ManualControl=》创建完成-手动操作！
2023-03-31 11:25:52,964 [AppLog] INFO : 加载成功：温控Modbus接口！
2023-03-31 11:26:24,928 [AppLog] INFO : {1}号喷头温度更新成功：MCU_SetPhStdTemp{28℃}
2023-03-31 11:26:58,702 [AppLog] INFO : 更新波形路径：DEV_UpdateParam：{D:\Release\波形文件\0316新调=波形文件=水性胶水\世彪新调：ricoh_big-单点模式-开启MN1(开启微动).rhdat}
2023-03-31 11:26:58,702 [AppLog] INFO : {1}号喷头基准电压更新成功：DEV_SetWaveStdVoltage{0V,0V,0V,0V}；
2023-03-31 11:27:04,271 [AppLog] INFO : 重新加载完波形：DEV_ReloadWaveForm! 当前波形文件的基准电压参考值为：{18V}
2023-03-31 11:27:04,568 [AppLog] INFO : {1}号喷头电压调压成功：MCU_SetPhVoltage{0V,0V,0V,0V}；
2023-03-31 11:27:11,322 [AppLog] INFO : 开启闪喷： IDP_FlashPrtCtl(true)：ReturnCode{True}
2023-03-31 11:27:12,212 [AppLog] INFO : 关闭闪喷： IDP_FlashPrtCtl(false)：ReturnCode{True}
2023-03-31 11:27:12,898 [AppLog] INFO : 开启闪喷： IDP_FlashPrtCtl(true)：ReturnCode{True}
2023-03-31 11:27:13,522 [AppLog] INFO : 关闭闪喷： IDP_FlashPrtCtl(false)：ReturnCode{True}
2023-03-31 11:27:14,208 [AppLog] INFO : 开启闪喷： IDP_FlashPrtCtl(true)：ReturnCode{True}
2023-03-31 11:27:14,801 [AppLog] INFO : 关闭闪喷： IDP_FlashPrtCtl(false)：ReturnCode{True}
2023-03-31 11:27:15,332 [AppLog] INFO : 开启闪喷： IDP_FlashPrtCtl(true)：ReturnCode{True}
2023-03-31 11:27:16,158 [AppLog] INFO : 关闭闪喷： IDP_FlashPrtCtl(false)：ReturnCode{True}
2023-03-31 11:27:16,704 [AppLog] INFO : 开启闪喷： IDP_FlashPrtCtl(true)：ReturnCode{True}
2023-03-31 11:27:17,547 [AppLog] INFO : 关闭闪喷： IDP_FlashPrtCtl(false)：ReturnCode{True}
2023-03-31 11:27:28,248 [AppLog] INFO : {1}号喷头温度更新成功：MCU_SetPhStdTemp{20℃}
2023-03-31 11:27:53,536 [AppLog] INFO : 开启铺粉车回零校准：PowderCarHomeBtn_Click
2023-03-31 11:27:53,536 [AppLog] INFO : 开启粉车回零校准线程：PowderCarHomeResetThread
2023-03-31 11:28:03,380 [AppLog] INFO : 手动正向点动指令（8轴运控板卡系统） ====》：输出AXIS{第2轴},点动量{-116MM},运动速度{30MM/s}
2023-03-31 11:28:03,458 [AppLog] INFO : 粉车回零校准线程成功：PowderCarHomeResetThread
2023-03-31 11:28:13,317 [AppLog] INFO : {1}号喷头温度更新成功：MCU_SetPhStdTemp{25℃}
2023-03-31 11:28:23,192 [AppLog] INFO : 开启闪喷： IDP_FlashPrtCtl(true)：ReturnCode{True}
2023-03-31 11:28:23,894 [AppLog] INFO : 关闭闪喷： IDP_FlashPrtCtl(false)：ReturnCode{True}
2023-03-31 11:35:42,988 [AppLog] INFO : 退出手动调试子模块,已执行修改
==========================================================================
2023-03-31 11:35:44,392 [AppLog] INFO : 开启系统：板卡通讯，伺服供电，照明系统，UV/HR固化系统！
2023-03-31 11:35:45,390 [AppLog] INFO : 关闭系统：一键关闭系统开始！
2023-03-31 11:35:51,615 [AppLog] INFO : 关闭系统：一键关闭系统结束！
2023-03-31 11:35:51,615 [AppLog] INFO : 喷墨控制器的所有轴输出关闭！
2023-03-31 11:35:54,282 [AppLog] INFO : 喷墨控制器关闭！
2023-03-31 11:35:54,282 [AppLog] INFO : 进入电气控制模块
2023-03-31 11:35:55,437 [AppLog] INFO : 退出电气控制模块
2023-03-31 11:35:58,011 [AppLog] INFO : 软件及设备关停中：墨车所有方向运动确认停止（X,Y,Y2)： bImmeStop{False},nAxisMask{0x7}
2023-03-31 11:35:58,011 [AppLog] INFO : 软件及设备关停中：喷墨控制器板卡系统关闭（X,Y,Y2)：DEV_CloseDevice
2023-03-31 11:35:58,681 [AppLog] INFO : 软件及设备关停成功
==========================================================================
操作系统:{Microsoft Windows 7 旗舰版 }
运行环境:{ .Net Framework Enviroment Version 4.0.30319.42000}
盘符：D
CPU使用率：{0%} ，可用内存大小:{14282MB}，硬盘剩余空间：
  盘符 C:\ 的剩余空间：70 GB
  盘符 D:\ 的剩余空间：88 GB
  盘符 F:\ 的剩余空间：3 GB
==========================================================================
2023-03-31 11:57:45,919 [AppLog] INFO : 软件开机密码正确，登录成功1次
==========================================================================
操作系统:{Microsoft Windows 7 旗舰版 }
运行环境:{ .Net Framework Enviroment Version 4.0.30319.42000}
盘符：D
CPU使用率：{13.97507%} ，可用内存大小:{14268MB}，硬盘剩余空间：
  盘符 C:\ 的剩余空间：70 GB
  盘符 D:\ 的剩余空间：88 GB
  盘符 F:\ 的剩余空间：3 GB
硬件配置情况：
  CPU 厂家: GenuineIntel CPU 型号: Intel(R) Core(TM) i7-4770 CPU @ 3.40GHz
  内存条厂家: Kingston 内存条型号: 99P5471-043.A00LF 
  内存条厂家: Kingston 内存条型号: 99P5471-043.A00LF 
  硬盘厂家: (标准磁盘驱动器) 硬盘型号: Micron_1300_MTFDDAK256TDL ATA Device
  硬盘厂家: (标准磁盘驱动器) 硬盘型号: Generic Flash Disk USB Device
==========================================================================
2023-03-31 11:57:51,726 [AppLog] INFO : 开启系统：板卡通讯，伺服供电，照明系统，UV/HR固化系统！
2023-03-31 11:57:51,729 [AppLog] INFO : 开启系统：一键启动系统开始！
2023-03-31 11:57:57,737 [AppLog] INFO : 开启系统：一键启动系统结束！
2023-03-31 11:57:57,738 [AppLog] INFO : 初始化喷墨控制器启动！
2023-03-31 11:58:19,772 [AppLog] INFO : 打开喷墨控制器设备成功！
2023-03-31 11:58:21,676 [AppLog] INFO : 初始化喷墨控制器成功！
2023-03-31 11:58:21,676 [AppLog] INFO : 进入：EquipmentMotionLogic3=》准备创建对象-手动操作！
2023-03-31 11:58:21,863 [AppLog] INFO : 进入：EquipmentMotionLogic3=》创建完成-手动操作！
2023-03-31 11:58:21,988 [AppLog] INFO : 红外灯控制器485通讯建立！
2023-03-31 11:58:21,988 [AppLog] INFO : 进入电气控制模块
2023-03-31 11:58:22,955 [AppLog] INFO : 退出电气控制模块
2023-03-31 11:58:24,952 [AppLog] INFO : 进入手动调试子模块！
2023-03-31 11:58:24,967 [AppLog] INFO : 进入：ManulBtn_Click=》准备创建对象-手动操作！
2023-03-31 11:58:24,983 [AppLog] INFO : 创建：ManualControl=》创建完成-手动操作！
2023-03-31 11:58:24,983 [AppLog] INFO : 加载成功：温控Modbus接口！
2023-03-31 11:59:02,813 [AppLog] INFO : 更新波形路径：DEV_UpdateParam：{D:\Release\波形文件\0316新调=波形文件=水性胶水\世彪新调：ricoh_big-单点模式-开启MN1(开启微动).rhdat}
2023-03-31 11:59:02,813 [AppLog] INFO : {1}号喷头基准电压更新成功：DEV_SetWaveStdVoltage{0V,0V,0V,0V}；
2023-03-31 11:59:08,226 [AppLog] INFO : 重新加载完波形：DEV_ReloadWaveForm! 当前波形文件的基准电压参考值为：{18V}
2023-03-31 11:59:08,523 [AppLog] INFO : {1}号喷头电压调压成功：MCU_SetPhVoltage{0V,0V,0V,0V}；
2023-03-31 11:59:12,189 [AppLog] INFO : 开启闪喷： IDP_FlashPrtCtl(true)：ReturnCode{True}
2023-03-31 11:59:13,047 [AppLog] INFO : 关闭闪喷： IDP_FlashPrtCtl(false)：ReturnCode{True}
2023-03-31 11:59:13,671 [AppLog] INFO : 开启闪喷： IDP_FlashPrtCtl(true)：ReturnCode{True}
2023-03-31 11:59:14,435 [AppLog] INFO : 关闭闪喷： IDP_FlashPrtCtl(false)：ReturnCode{True}
2023-03-31 11:59:15,293 [AppLog] INFO : 开启闪喷： IDP_FlashPrtCtl(true)：ReturnCode{True}
2023-03-31 11:59:16,089 [AppLog] INFO : 关闭闪喷： IDP_FlashPrtCtl(false)：ReturnCode{True}
2023-03-31 11:59:19,505 [AppLog] INFO : 退出手动调试子模块,已执行修改
==========================================================================
2023-03-31 11:59:21,252 [AppLog] INFO : 进入手动调试子模块！
2023-03-31 11:59:21,252 [AppLog] INFO : 进入：ManulBtn_Click=》准备创建对象-手动操作！
2023-03-31 11:59:21,283 [AppLog] INFO : 创建：ManualControl=》创建完成-手动操作！
2023-03-31 11:59:21,299 [AppLog] INFO : 加载成功：温控Modbus接口！
2023-03-31 11:59:35,277 [AppLog] INFO : {1}号喷头电压调压成功：MCU_SetPhVoltage{18V,18V,18V,18V}；
2023-03-31 11:59:55,525 [AppLog] INFO : {1}号喷头温度更新成功：MCU_SetPhStdTemp{28℃}
