2023-03-21 20:00:45,677 [AppLog] INFO : 进入气压控制卡参数监控状态时
2023-03-21 20:00:45,693 [AppLog] INFO : 进入气压控制卡参数设置状态时
2023-03-21 20:00:52,354 [AppLog] INFO : 退出手动调试子模块,已执行修改
==========================================================================
2023-03-21 20:00:53,524 [AppLog] INFO : 进入电气控制模块
2023-03-21 20:00:54,444 [AppLog] INFO : 退出电气控制模块
2023-03-21 20:00:55,599 [AppLog] INFO : 进入手动调试子模块！
2023-03-21 20:00:55,599 [AppLog] INFO : 进入：ManulBtn_Click=》准备创建对象-手动操作！
2023-03-21 20:00:55,630 [AppLog] INFO : 创建：ManualControl=》创建完成-手动操作！
2023-03-21 20:00:55,630 [AppLog] INFO : 加载成功：温控Modbus接口！
2023-03-21 20:01:00,981 [AppLog] INFO : 进入气压控制卡参数监控状态时
2023-03-21 20:01:02,899 [AppLog] INFO : 进入气压控制卡参数设置状态时
2023-03-21 20:01:30,699 [AppLog] INFO : 进入气压控制卡参数监控状态时
2023-03-21 20:01:43,038 [AppLog] INFO : 更新气压控制卡参数：DEV_AdibControl:二级墨盒加热电压：{12V}；MCU_SetPhVoltage:二级墨盒加热温度：{45℃}MCU_SetPhVoltage:负压目标值：{System.Single[]kPa}MCU_SetPhVoltage:负压阈值：{0.16kPa}
2023-03-21 20:01:48,358 [AppLog] INFO : 进入气压控制卡参数设置状态时
2023-03-21 20:04:07,956 [AppLog] INFO : 进入气压控制卡参数监控状态时
2023-03-21 20:04:15,006 [AppLog] INFO : 更新气压控制卡参数：DEV_AdibControl:二级墨盒加热电压：{12V}；MCU_SetPhVoltage:二级墨盒加热温度：{45℃}MCU_SetPhVoltage:负压目标值：{System.Single[]kPa}MCU_SetPhVoltage:负压阈值：{0.16kPa}
2023-03-21 20:04:20,268 [AppLog] INFO : 更新气压控制卡参数：DEV_AdibControl:二级墨盒加热电压：{12V}；MCU_SetPhVoltage:二级墨盒加热温度：{45℃}MCU_SetPhVoltage:负压目标值：{System.Single[]kPa}MCU_SetPhVoltage:负压阈值：{0.16kPa}
2023-03-21 20:05:20,852 [AppLog] INFO : 退出手动调试子模块，未执行修改
==========================================================================
2023-03-21 20:05:21,944 [AppLog] INFO : 开启系统：板卡通讯，伺服供电，照明系统，UV/HR固化系统！
2023-03-21 20:05:22,583 [AppLog] INFO : 关闭系统：一键关闭系统开始！
2023-03-21 20:05:28,808 [AppLog] INFO : 关闭系统：一键关闭系统结束！
2023-03-21 20:05:28,808 [AppLog] INFO : 喷墨控制器的所有轴输出关闭！
2023-03-21 20:05:30,446 [AppLog] INFO : 喷墨控制器关闭！
2023-03-21 20:05:30,446 [AppLog] INFO : 进入电气控制模块
2023-03-21 20:05:31,569 [AppLog] INFO : 电气控制模块：手动关闭端口14
2023-03-21 20:05:32,022 [AppLog] INFO : 电气控制模块：手动关闭端口15
2023-03-21 20:05:32,427 [AppLog] INFO : 退出电气控制模块
2023-03-21 20:05:34,393 [AppLog] INFO : 软件及设备关停中：墨车所有方向运动确认停止（X,Y,Y2)： bImmeStop{False},nAxisMask{0x7}
2023-03-21 20:05:34,393 [AppLog] INFO : 软件及设备关停中：喷墨控制器板卡系统关闭（X,Y,Y2)：DEV_CloseDevice
2023-03-21 20:05:35,064 [AppLog] INFO : 软件及设备关停成功
==========================================================================
操作系统:{Microsoft Windows 7 旗舰版 }
运行环境:{ .Net Framework Enviroment Version 4.0.30319.42000}
盘符：D
CPU使用率：{0%} ，可用内存大小:{14077MB}，硬盘剩余空间：
  盘符 C:\ 的剩余空间：70 GB
  盘符 D:\ 的剩余空间：88 GB
  盘符 F:\ 的剩余空间：3 GB
==========================================================================
2023-03-21 20:07:00,212 [AppLog] INFO : 软件开机密码正确，登录成功1次
==========================================================================
操作系统:{Microsoft Windows 7 旗舰版 }
运行环境:{ .Net Framework Enviroment Version 4.0.30319.42000}
盘符：D
CPU使用率：{2.504956%} ，可用内存大小:{14296MB}，硬盘剩余空间：
  盘符 C:\ 的剩余空间：70 GB
  盘符 D:\ 的剩余空间：88 GB
  盘符 F:\ 的剩余空间：3 GB
硬件配置情况：
  CPU 厂家: GenuineIntel CPU 型号: Intel(R) Core(TM) i7-4770 CPU @ 3.40GHz
  内存条厂家: Kingston 内存条型号: 99P5471-043.A00LF 
  内存条厂家: Kingston 内存条型号: 99P5471-043.A00LF 
  硬盘厂家: (标准磁盘驱动器) 硬盘型号: Micron_1300_MTFDDAK256TDL ATA Device
  硬盘厂家: (标准磁盘驱动器) 硬盘型号: Generic Flash Disk USB Device
==========================================================================
2023-03-21 20:07:02,292 [AppLog] INFO : 开启系统：板卡通讯，伺服供电，照明系统，UV/HR固化系统！
2023-03-21 20:07:02,294 [AppLog] INFO : 开启系统：一键启动系统开始！
2023-03-21 20:07:08,302 [AppLog] INFO : 开启系统：一键启动系统结束！
2023-03-21 20:07:29,264 [AppLog] INFO : 初始化喷墨控制器！
2023-03-21 20:07:29,264 [AppLog] INFO : 进入：EquipmentMotionLogic3=》准备创建对象-手动操作！
2023-03-21 20:07:29,428 [AppLog] INFO : 进入：EquipmentMotionLogic3=》创建完成-手动操作！
2023-03-21 20:07:29,566 [AppLog] INFO : 红外灯控制器485通讯建立！
2023-03-21 20:07:29,567 [AppLog] INFO : 进入电气控制模块
2023-03-21 20:07:31,057 [AppLog] INFO : 电气控制模块：手动打开端口14
2023-03-21 20:07:31,815 [AppLog] INFO : 电气控制模块：手动打开端口15
2023-03-21 20:07:32,375 [AppLog] INFO : 退出电气控制模块
2023-03-21 20:07:34,339 [AppLog] INFO : 进入手动调试子模块！
2023-03-21 20:07:34,339 [AppLog] INFO : 进入：ManulBtn_Click=》准备创建对象-手动操作！
2023-03-21 20:07:34,366 [AppLog] INFO : 创建：ManualControl=》创建完成-手动操作！
2023-03-21 20:07:34,366 [AppLog] INFO : 加载成功：温控Modbus接口！
2023-03-21 20:07:45,098 [AppLog] INFO : 进入气压控制卡参数监控状态时
2023-03-21 20:07:53,031 [AppLog] INFO : 更新气压控制卡参数：DEV_AdibControl:二级墨盒加热电压：{12V}；MCU_SetPhVoltage:二级墨盒加热温度：{45℃}MCU_SetPhVoltage:负压目标值：{System.Single[]kPa}MCU_SetPhVoltage:负压阈值：{0.16kPa}
2023-03-21 20:07:58,724 [AppLog] INFO : 进入气压控制卡参数设置状态时
2023-03-21 20:08:09,123 [AppLog] INFO : 进入气压控制卡参数监控状态时
2023-03-21 20:08:11,759 [AppLog] INFO : 更新气压控制卡参数：DEV_AdibControl:二级墨盒加热电压：{12V}；MCU_SetPhVoltage:二级墨盒加热温度：{45℃}MCU_SetPhVoltage:负压目标值：{System.Single[]kPa}MCU_SetPhVoltage:负压阈值：{0.16kPa}
2023-03-21 20:08:11,759 [AppLog] INFO : 进入气压控制卡参数设置状态时
2023-03-21 20:08:32,679 [AppLog] INFO : 更新波形路径：DEV_UpdateParam：{D:\Release\波形文件\0316新调=波形文件=水性胶水\世彪新调：ricoh_big-单点模式-开启MN1(开启微动).rhdat}
2023-03-21 20:08:38,014 [AppLog] INFO : 重新加载完波形：DEV_ReloadWaveForm！
2023-03-21 20:09:20,446 [AppLog] INFO : 进入气压控制卡参数监控状态时
2023-03-21 20:09:26,998 [AppLog] INFO : 更新气压控制卡参数：DEV_AdibControl:二级墨盒加热电压：{12V}；MCU_SetPhVoltage:二级墨盒加热温度：{45℃}MCU_SetPhVoltage:负压目标值：{System.Single[]kPa}MCU_SetPhVoltage:负压阈值：{0.16kPa}
2023-03-21 20:10:11,268 [AppLog] INFO : 进入气压控制卡参数设置状态时
2023-03-21 20:11:08,394 [AppLog] INFO : 进入气压控制卡参数监控状态时
2023-03-21 20:11:13,247 [AppLog] INFO : 更新气压控制卡参数：DEV_AdibControl:二级墨盒加热电压：{12V}；MCU_SetPhVoltage:二级墨盒加热温度：{45℃}MCU_SetPhVoltage:负压目标值：{System.Single[]kPa}MCU_SetPhVoltage:负压阈值：{0.16kPa}
2023-03-21 20:11:13,973 [AppLog] INFO : 进入气压控制卡参数设置状态时
2023-03-21 20:11:56,149 [AppLog] INFO : 进入气压控制卡参数监控状态时
2023-03-21 20:12:03,083 [AppLog] INFO : 更新气压控制卡参数：DEV_AdibControl:二级墨盒加热电压：{12V}；MCU_SetPhVoltage:二级墨盒加热温度：{45℃}MCU_SetPhVoltage:负压目标值：{System.Single[]kPa}MCU_SetPhVoltage:负压阈值：{0.16kPa}
2023-03-21 20:12:09,202 [AppLog] INFO : 更新喷头电压及温度参数成功：MCU_SetPhVoltage:1号喷头电压：{18V,18V,18V,18V}；MCU_SetPhVoltage:1号喷头温度：{25℃}
2023-03-21 20:12:09,202 [AppLog] INFO : 进入气压控制卡参数设置状态时
2023-03-21 20:12:15,867 [AppLog] INFO : 进入气压控制卡参数监控状态时
2023-03-21 20:12:18,819 [AppLog] INFO : 更新气压控制卡参数：DEV_AdibControl:二级墨盒加热电压：{12V}；MCU_SetPhVoltage:二级墨盒加热温度：{45℃}MCU_SetPhVoltage:负压目标值：{System.Single[]kPa}MCU_SetPhVoltage:负压阈值：{0.16kPa}
2023-03-21 20:12:19,197 [AppLog] INFO : 进入气压控制卡参数设置状态时
2023-03-21 20:12:40,816 [AppLog] INFO : 进入气压控制卡参数监控状态时
2023-03-21 20:12:40,832 [AppLog] INFO : 进入气压控制卡参数设置状态时
2023-03-21 20:24:46,224 [AppLog] INFO : 退出手动调试子模块,已执行修改
==========================================================================
2023-03-21 20:24:47,184 [AppLog] INFO : 开启系统：板卡通讯，伺服供电，照明系统，UV/HR固化系统！
2023-03-21 20:24:47,946 [AppLog] INFO : 关闭系统：一键关闭系统开始！
2023-03-21 20:24:54,073 [AppLog] INFO : 关闭系统：一键关闭系统结束！
2023-03-21 20:24:54,107 [AppLog] INFO : 喷墨控制器的所有轴输出关闭！
2023-03-21 20:24:54,135 [AppLog] INFO : 喷墨控制器关闭！
2023-03-21 20:24:54,175 [AppLog] INFO : 进入电气控制模块
2023-03-21 20:25:04,029 [AppLog] INFO : 电气控制模块：手动关闭端口14
2023-03-21 20:25:04,613 [AppLog] INFO : 电气控制模块：手动关闭端口15
2023-03-21 20:25:05,091 [AppLog] INFO : 退出电气控制模块
2023-03-21 20:25:06,317 [AppLog] INFO : 软件及设备关停中：墨车所有方向运动确认停止（X,Y,Y2)： bImmeStop{False},nAxisMask{0x7}
2023-03-21 20:25:06,318 [AppLog] INFO : 软件及设备关停中：喷墨控制器板卡系统关闭（X,Y,Y2)：DEV_CloseDevice
2023-03-21 20:25:07,045 [AppLog] INFO : 软件及设备关停成功
==========================================================================
操作系统:{Microsoft Windows 7 旗舰版 }
运行环境:{ .Net Framework Enviroment Version 4.0.30319.42000}
盘符：D
CPU使用率：{0%} ，可用内存大小:{14116MB}，硬盘剩余空间：
  盘符 C:\ 的剩余空间：70 GB
  盘符 D:\ 的剩余空间：88 GB
  盘符 F:\ 的剩余空间：3 GB
==========================================================================
2023-03-21 20:25:19,919 [AppLog] INFO : 软件开机密码正确，登录成功1次
==========================================================================
操作系统:{Microsoft Windows 7 旗舰版 }
运行环境:{ .Net Framework Enviroment Version 4.0.30319.42000}
盘符：D
CPU使用率：{44.01282%} ，可用内存大小:{14071MB}，硬盘剩余空间：
  盘符 C:\ 的剩余空间：70 GB
  盘符 D:\ 的剩余空间：88 GB
  盘符 F:\ 的剩余空间：3 GB
硬件配置情况：
  CPU 厂家: GenuineIntel CPU 型号: Intel(R) Core(TM) i7-4770 CPU @ 3.40GHz
  内存条厂家: Kingston 内存条型号: 99P5471-043.A00LF 
  内存条厂家: Kingston 内存条型号: 99P5471-043.A00LF 
  硬盘厂家: (标准磁盘驱动器) 硬盘型号: Micron_1300_MTFDDAK256TDL ATA Device
  硬盘厂家: (标准磁盘驱动器) 硬盘型号: Generic Flash Disk USB Device
==========================================================================
2023-03-21 20:25:19,934 [AppLog] INFO : 开启系统：板卡通讯，伺服供电，照明系统，UV/HR固化系统！
2023-03-21 20:25:19,935 [AppLog] INFO : 开启系统：一键启动系统开始！
2023-03-21 20:25:25,940 [AppLog] INFO : 开启系统：一键启动系统结束！
2023-03-21 20:25:46,495 [AppLog] INFO : 初始化喷墨控制器！
2023-03-21 20:25:46,495 [AppLog] INFO : 进入：EquipmentMotionLogic3=》准备创建对象-手动操作！
2023-03-21 20:25:46,625 [AppLog] INFO : 进入：EquipmentMotionLogic3=》创建完成-手动操作！
2023-03-21 20:25:46,743 [AppLog] INFO : 红外灯控制器485通讯建立！
2023-03-21 20:25:46,745 [AppLog] INFO : 进入电气控制模块
2023-03-21 20:25:47,730 [AppLog] INFO : 电气控制模块：手动打开端口14
2023-03-21 20:25:48,382 [AppLog] INFO : 电气控制模块：手动打开端口15
2023-03-21 20:25:48,963 [AppLog] INFO : 退出电气控制模块
2023-03-21 20:25:49,833 [AppLog] INFO : 进入手动调试子模块！
2023-03-21 20:25:49,834 [AppLog] INFO : 进入：ManulBtn_Click=》准备创建对象-手动操作！
2023-03-21 20:25:49,857 [AppLog] INFO : 创建：ManualControl=》创建完成-手动操作！
2023-03-21 20:25:49,858 [AppLog] INFO : 加载成功：温控Modbus接口！
2023-03-21 20:25:56,831 [AppLog] INFO : 进入气压控制卡参数监控状态时
2023-03-21 20:26:02,697 [AppLog] INFO : 更新气压控制卡参数：DEV_AdibControl:二级墨盒加热电压：{12V}；MCU_SetPhVoltage:二级墨盒加热温度：{45℃}MCU_SetPhVoltage:负压目标值：{System.Single[]kPa}MCU_SetPhVoltage:负压阈值：{0.16kPa}
2023-03-21 20:26:03,025 [AppLog] INFO : 进入气压控制卡参数设置状态时
2023-03-21 20:26:20,949 [AppLog] INFO : 进入气压控制卡参数监控状态时
2023-03-21 20:26:21,370 [AppLog] INFO : 进入气压控制卡参数设置状态时
2023-03-21 20:26:24,209 [AppLog] INFO : 退出手动调试子模块，未执行修改
==========================================================================
2023-03-21 20:26:25,567 [AppLog] INFO : 开启系统：板卡通讯，伺服供电，照明系统，UV/HR固化系统！
2023-03-21 20:26:26,627 [AppLog] INFO : 关闭系统：一键关闭系统开始！
2023-03-21 20:26:32,852 [AppLog] INFO : 关闭系统：一键关闭系统结束！
2023-03-21 20:26:32,852 [AppLog] INFO : 喷墨控制器的所有轴输出关闭！
2023-03-21 20:26:34,630 [AppLog] INFO : 喷墨控制器关闭！
2023-03-21 20:26:34,630 [AppLog] INFO : 进入电气控制模块
2023-03-21 20:26:37,282 [AppLog] INFO : 电气控制模块：手动关闭端口15
2023-03-21 20:26:38,312 [AppLog] INFO : 电气控制模块：手动关闭端口14
2023-03-21 20:26:38,858 [AppLog] INFO : 退出电气控制模块
2023-03-21 20:26:41,057 [AppLog] INFO : 软件及设备关停中：墨车所有方向运动确认停止（X,Y,Y2)： bImmeStop{False},nAxisMask{0x7}
2023-03-21 20:26:41,057 [AppLog] INFO : 软件及设备关停中：喷墨控制器板卡系统关闭（X,Y,Y2)：DEV_CloseDevice
2023-03-21 20:26:41,697 [AppLog] INFO : 软件及设备关停成功
==========================================================================
操作系统:{Microsoft Windows 7 旗舰版 }
运行环境:{ .Net Framework Enviroment Version 4.0.30319.42000}
盘符：D
CPU使用率：{0%} ，可用内存大小:{14191MB}，硬盘剩余空间：
  盘符 C:\ 的剩余空间：70 GB
  盘符 D:\ 的剩余空间：88 GB
  盘符 F:\ 的剩余空间：3 GB
==========================================================================
2023-03-21 20:27:08,342 [AppLog] INFO : 软件开机密码正确，登录成功1次
==========================================================================
操作系统:{Microsoft Windows 7 旗舰版 }
运行环境:{ .Net Framework Enviroment Version 4.0.30319.42000}
盘符：D
CPU使用率：{49.99973%} ，可用内存大小:{14197MB}，硬盘剩余空间：
  盘符 C:\ 的剩余空间：70 GB
  盘符 D:\ 的剩余空间：88 GB
  盘符 F:\ 的剩余空间：3 GB
硬件配置情况：
  CPU 厂家: GenuineIntel CPU 型号: Intel(R) Core(TM) i7-4770 CPU @ 3.40GHz
  内存条厂家: Kingston 内存条型号: 99P5471-043.A00LF 
  内存条厂家: Kingston 内存条型号: 99P5471-043.A00LF 
  硬盘厂家: (标准磁盘驱动器) 硬盘型号: Micron_1300_MTFDDAK256TDL ATA Device
  硬盘厂家: (标准磁盘驱动器) 硬盘型号: Generic Flash Disk USB Device
==========================================================================
2023-03-21 20:27:08,358 [AppLog] INFO : 开启系统：板卡通讯，伺服供电，照明系统，UV/HR固化系统！
2023-03-21 20:27:08,358 [AppLog] INFO : 开启系统：一键启动系统开始！
2023-03-21 20:27:14,442 [AppLog] INFO : 开启系统：一键启动系统结束！
2023-03-21 20:27:40,041 [AppLog] INFO : 初始化喷墨控制器！
2023-03-21 20:27:40,291 [AppLog] INFO : 红外灯控制器485通讯建立！
2023-03-21 20:27:40,291 [AppLog] INFO : 进入电气控制模块
2023-03-21 20:27:42,241 [AppLog] INFO : 电气控制模块：手动打开端口14
2023-03-21 20:27:42,818 [AppLog] INFO : 电气控制模块：手动打开端口15
2023-03-21 20:27:43,504 [AppLog] INFO : 退出电气控制模块
2023-03-21 20:27:44,300 [AppLog] INFO : 进入手动调试子模块！
2023-03-21 20:27:49,464 [AppLog] INFO : 进入气压控制卡参数监控状态时
2023-03-21 20:27:55,251 [AppLog] INFO : 更新气压控制卡参数：DEV_AdibControl:二级墨盒加热电压：{12V}；MCU_SetPhVoltage:二级墨盒加热温度：{45℃}MCU_SetPhVoltage:负压目标值：{System.Single[]kPa}MCU_SetPhVoltage:负压阈值：{0.16kPa}
2023-03-21 20:27:55,392 [AppLog] INFO : 进入气压控制卡参数设置状态时
2023-03-21 20:28:46,934 [AppLog] INFO : 进入气压控制卡参数监控状态时
2023-03-21 20:29:00,818 [AppLog] INFO : 更新气压控制卡参数：DEV_AdibControl:二级墨盒加热电压：{12V}；MCU_SetPhVoltage:二级墨盒加热温度：{45℃}MCU_SetPhVoltage:负压目标值：{System.Single[]kPa}MCU_SetPhVoltage:负压阈值：{0.16kPa}
2023-03-21 20:29:00,865 [AppLog] INFO : 进入气压控制卡参数设置状态时
2023-03-21 20:29:04,125 [AppLog] INFO : 进入气压控制卡参数监控状态时
2023-03-21 20:29:04,125 [AppLog] INFO : 进入气压控制卡参数设置状态时
2023-03-21 20:29:08,961 [AppLog] INFO : 进入气压控制卡参数监控状态时
2023-03-21 20:29:14,125 [AppLog] INFO : 更新气压控制卡参数：DEV_AdibControl:二级墨盒加热电压：{12V}；MCU_SetPhVoltage:二级墨盒加热温度：{45℃}MCU_SetPhVoltage:负压目标值：{System.Single[]kPa}MCU_SetPhVoltage:负压阈值：{0.16kPa}
2023-03-21 20:29:14,125 [AppLog] INFO : 进入气压控制卡参数设置状态时
2023-03-21 20:29:17,073 [AppLog] INFO : 进入气压控制卡参数监控状态时
2023-03-21 20:29:17,073 [AppLog] INFO : 进入气压控制卡参数设置状态时
2023-03-21 20:29:20,037 [AppLog] INFO : 进入气压控制卡参数监控状态时
2023-03-21 20:29:21,738 [AppLog] INFO : 进入气压控制卡参数设置状态时
2023-03-21 20:29:45,247 [AppLog] INFO : 进入气压控制卡参数监控状态时
2023-03-21 20:29:51,409 [AppLog] INFO : 更新气压控制卡参数：DEV_AdibControl:二级墨盒加热电压：{12V}；MCU_SetPhVoltage:二级墨盒加热温度：{45℃}MCU_SetPhVoltage:负压目标值：{System.Single[]kPa}MCU_SetPhVoltage:负压阈值：{0.16kPa}
2023-03-21 20:29:53,484 [AppLog] INFO : 进入气压控制卡参数设置状态时
2023-03-21 20:37:29,348 [AppLog] INFO : 开启手动压墨：PushInkBtn_Click
2023-03-21 20:37:30,377 [AppLog] INFO : 停止手动压墨：PushInkBtn_Click
2023-03-21 20:37:54,511 [AppLog] INFO : 进入气压控制卡参数监控状态时
2023-03-21 20:38:02,903 [AppLog] INFO : 更新气压控制卡参数：DEV_AdibControl:二级墨盒加热电压：{12V}；MCU_SetPhVoltage:二级墨盒加热温度：{45℃}MCU_SetPhVoltage:负压目标值：{System.Single[]kPa}MCU_SetPhVoltage:负压阈值：{0.16kPa}
2023-03-21 20:38:03,512 [AppLog] INFO : 进入气压控制卡参数设置状态时
2023-03-21 20:38:21,405 [AppLog] INFO : 进入气压控制卡参数监控状态时
2023-03-21 20:38:28,909 [AppLog] INFO : 更新气压控制卡参数：DEV_AdibControl:二级墨盒加热电压：{12V}；MCU_SetPhVoltage:二级墨盒加热温度：{45℃}MCU_SetPhVoltage:负压目标值：{System.Single[]kPa}MCU_SetPhVoltage:负压阈值：{0.16kPa}
2023-03-21 20:38:31,764 [AppLog] INFO : 更新气压控制卡参数：DEV_AdibControl:二级墨盒加热电压：{12V}；MCU_SetPhVoltage:二级墨盒加热温度：{45℃}MCU_SetPhVoltage:负压目标值：{System.Single[]kPa}MCU_SetPhVoltage:负压阈值：{0.16kPa}
2023-03-21 20:38:31,764 [AppLog] INFO : 进入气压控制卡参数设置状态时
2023-03-21 20:38:34,712 [AppLog] INFO : 进入气压控制卡参数监控状态时
2023-03-21 20:50:10,816 [AppLog] INFO : 更新气压控制卡参数：DEV_AdibControl:二级墨盒加热电压：{12V}；MCU_SetPhVoltage:二级墨盒加热温度：{45℃}MCU_SetPhVoltage:负压目标值：{System.Single[]kPa}MCU_SetPhVoltage:负压阈值：{0.16kPa}
2023-03-21 20:50:15,013 [AppLog] INFO : 更新气压控制卡参数：DEV_AdibControl:二级墨盒加热电压：{12V}；MCU_SetPhVoltage:二级墨盒加热温度：{45℃}MCU_SetPhVoltage:负压目标值：{System.Single[]kPa}MCU_SetPhVoltage:负压阈值：{0.16kPa}
2023-03-21 20:50:30,909 [AppLog] INFO : 更新气压控制卡参数：DEV_AdibControl:二级墨盒加热电压：{12V}；MCU_SetPhVoltage:二级墨盒加热温度：{45℃}MCU_SetPhVoltage:负压目标值：{System.Single[]kPa}MCU_SetPhVoltage:负压阈值：{0.16kPa}
2023-03-21 20:50:32,578 [AppLog] INFO : 更新气压控制卡参数：DEV_AdibControl:二级墨盒加热电压：{12V}；MCU_SetPhVoltage:二级墨盒加热温度：{45℃}MCU_SetPhVoltage:负压目标值：{System.Single[]kPa}MCU_SetPhVoltage:负压阈值：{0.16kPa}
2023-03-21 20:50:34,310 [AppLog] INFO : 更新气压控制卡参数：DEV_AdibControl:二级墨盒加热电压：{12V}；MCU_SetPhVoltage:二级墨盒加热温度：{45℃}MCU_SetPhVoltage:负压目标值：{System.Single[]kPa}MCU_SetPhVoltage:负压阈值：{0.16kPa}
2023-03-21 20:51:14,449 [AppLog] INFO : 进入气压控制卡参数设置状态时
2023-03-21 20:51:54,759 [AppLog] INFO : 进入气压控制卡参数监控状态时
2023-03-21 20:52:01,187 [AppLog] INFO : 更新气压控制卡参数：DEV_AdibControl:二级墨盒加热电压：{12V}；MCU_SetPhVoltage:二级墨盒加热温度：{45℃}MCU_SetPhVoltage:负压目标值：{System.Single[]kPa}MCU_SetPhVoltage:负压阈值：{0.16kPa}
2023-03-21 20:52:01,904 [AppLog] INFO : 进入气压控制卡参数设置状态时
2023-03-21 20:52:17,957 [AppLog] INFO : 进入气压控制卡参数监控状态时
2023-03-21 20:52:23,994 [AppLog] INFO : 更新气压控制卡参数：DEV_AdibControl:二级墨盒加热电压：{12V}；MCU_SetPhVoltage:二级墨盒加热温度：{45℃}MCU_SetPhVoltage:负压目标值：{System.Single[]kPa}MCU_SetPhVoltage:负压阈值：{0.16kPa}
2023-03-21 20:52:25,850 [AppLog] INFO : 进入气压控制卡参数设置状态时
2023-03-21 20:54:32,429 [AppLog] INFO : 退出手动调试子模块，未执行修改
==========================================================================
2023-03-21 20:54:36,734 [AppLog] INFO : 软件及设备关停中：墨车所有方向运动确认停止（X,Y,Y2)： bImmeStop{False},nAxisMask{0x7}
2023-03-21 20:54:36,766 [AppLog] INFO : 软件及设备关停中：喷墨控制器板卡系统关闭（X,Y,Y2)：DEV_CloseDevice
2023-03-21 20:54:37,436 [AppLog] INFO : 软件及设备关停成功
==========================================================================
操作系统:{Microsoft Windows 7 旗舰版 }
运行环境:{ .Net Framework Enviroment Version 4.0.30319.42000}
盘符：D
CPU使用率：{21.42817%} ，可用内存大小:{14139MB}，硬盘剩余空间：
  盘符 C:\ 的剩余空间：70 GB
  盘符 D:\ 的剩余空间：88 GB
  盘符 F:\ 的剩余空间：3 GB
==========================================================================
2023-03-21 20:56:44,530 [AppLog] INFO : 软件开机密码正确，登录成功1次
==========================================================================
操作系统:{Microsoft Windows 7 旗舰版 }
运行环境:{ .Net Framework Enviroment Version 4.0.30319.42000}
盘符：D
CPU使用率：{9.262042%} ，可用内存大小:{14134MB}，硬盘剩余空间：
  盘符 C:\ 的剩余空间：70 GB
  盘符 D:\ 的剩余空间：88 GB
  盘符 F:\ 的剩余空间：3 GB
硬件配置情况：
  CPU 厂家: GenuineIntel CPU 型号: Intel(R) Core(TM) i7-4770 CPU @ 3.40GHz
  内存条厂家: Kingston 内存条型号: 99P5471-043.A00LF 
  内存条厂家: Kingston 内存条型号: 99P5471-043.A00LF 
  硬盘厂家: (标准磁盘驱动器) 硬盘型号: Micron_1300_MTFDDAK256TDL ATA Device
  硬盘厂家: (标准磁盘驱动器) 硬盘型号: Generic Flash Disk USB Device
==========================================================================
2023-03-21 20:56:46,516 [AppLog] INFO : 开启系统：板卡通讯，伺服供电，照明系统，UV/HR固化系统！
2023-03-21 20:56:46,518 [AppLog] INFO : 开启系统：一键启动系统开始！
2023-03-21 20:56:52,527 [AppLog] INFO : 开启系统：一键启动系统结束！
2023-03-21 20:57:13,354 [AppLog] INFO : 初始化喷墨控制器！
2023-03-21 20:57:13,355 [AppLog] INFO : 进入：EquipmentMotionLogic3=》准备创建对象-手动操作！
2023-03-21 20:57:13,488 [AppLog] INFO : 进入：EquipmentMotionLogic3=》创建完成-手动操作！
2023-03-21 20:57:13,608 [AppLog] INFO : 红外灯控制器485通讯建立！
2023-03-21 20:57:13,609 [AppLog] INFO : 进入电气控制模块
2023-03-21 20:57:14,837 [AppLog] INFO : 电气控制模块：手动打开端口14
2023-03-21 20:57:15,533 [AppLog] INFO : 电气控制模块：手动打开端口15
2023-03-21 20:57:16,288 [AppLog] INFO : 退出电气控制模块
2023-03-21 20:57:17,540 [AppLog] INFO : 进入手动调试子模块！
2023-03-21 20:57:17,540 [AppLog] INFO : 进入：ManulBtn_Click=》准备创建对象-手动操作！
2023-03-21 20:57:17,564 [AppLog] INFO : 创建：ManualControl=》创建完成-手动操作！
2023-03-21 20:57:17,564 [AppLog] INFO : 加载成功：温控Modbus接口！
2023-03-21 20:57:24,528 [AppLog] INFO : 进入气压控制卡参数监控状态时
2023-03-21 20:57:31,157 [AppLog] INFO : 更新气压控制卡参数：DEV_AdibControl:二级墨盒加热电压：{12V}；MCU_SetPhVoltage:二级墨盒加热温度：{45℃}MCU_SetPhVoltage:负压目标值：{System.Single[]kPa}MCU_SetPhVoltage:负压阈值：{0.16kPa}
2023-03-21 20:57:32,982 [AppLog] INFO : 进入气压控制卡参数设置状态时
2023-03-21 20:57:39,659 [AppLog] INFO : 进入气压控制卡参数监控状态时
2023-03-21 20:57:46,039 [AppLog] INFO : 更新气压控制卡参数：DEV_AdibControl:二级墨盒加热电压：{12V}；MCU_SetPhVoltage:二级墨盒加热温度：{45℃}MCU_SetPhVoltage:负压目标值：{System.Single[]kPa}MCU_SetPhVoltage:负压阈值：{0.16kPa}
2023-03-21 20:57:48,676 [AppLog] INFO : 进入气压控制卡参数设置状态时
2023-03-21 20:57:56,710 [AppLog] INFO : 退出手动调试子模块,已执行修改
==========================================================================
2023-03-21 20:57:58,504 [AppLog] INFO : 进入手动调试子模块！
2023-03-21 20:57:58,504 [AppLog] INFO : 进入：ManulBtn_Click=》准备创建对象-手动操作！
2023-03-21 20:57:58,535 [AppLog] INFO : 创建：ManualControl=》创建完成-手动操作！
2023-03-21 20:57:58,535 [AppLog] INFO : 加载成功：温控Modbus接口！
2023-03-21 20:58:01,608 [AppLog] INFO : 手动正向JOG指令（8轴运控板卡系统） ====》：输出AXIS{第1轴},运动速度{5MM/s}
2023-03-21 20:58:01,686 [AppLog] INFO : 手动停止JOG输出（8轴运控板卡系统） ====》：输出AXIS{第1轴}
2023-03-21 20:58:01,780 [AppLog] INFO : 手动正向JOG指令（8轴运控板卡系统） ====》：输出AXIS{第1轴},运动速度{5MM/s}
2023-03-21 20:58:01,904 [AppLog] INFO : 手动停止JOG输出（8轴运控板卡系统） ====》：输出AXIS{第1轴}
2023-03-21 20:58:01,998 [AppLog] INFO : 手动正向JOG指令（8轴运控板卡系统） ====》：输出AXIS{第1轴},运动速度{5MM/s}
2023-03-21 20:58:02,123 [AppLog] INFO : 手动停止JOG输出（8轴运控板卡系统） ====》：输出AXIS{第1轴}
2023-03-21 20:58:02,185 [AppLog] INFO : 手动正向JOG指令（8轴运控板卡系统） ====》：输出AXIS{第1轴},运动速度{5MM/s}
2023-03-21 20:58:02,326 [AppLog] INFO : 手动停止JOG输出（8轴运控板卡系统） ====》：输出AXIS{第1轴}
2023-03-21 20:58:02,435 [AppLog] INFO : 手动正向JOG指令（8轴运控板卡系统） ====》：输出AXIS{第1轴},运动速度{5MM/s}
2023-03-21 20:58:02,528 [AppLog] INFO : 手动停止JOG输出（8轴运控板卡系统） ====》：输出AXIS{第1轴}
2023-03-21 20:58:03,418 [AppLog] INFO : 手动负向JOG指令（8轴运控板卡系统） ====》：输出AXIS{第1轴},运动速度{5MM/s}
2023-03-21 20:58:03,511 [AppLog] INFO : 手动停止JOG输出（8轴运控板卡系统） ====》：输出AXIS{第1轴}
2023-03-21 20:58:03,652 [AppLog] INFO : 手动负向JOG指令（8轴运控板卡系统） ====》：输出AXIS{第1轴},运动速度{5MM/s}
2023-03-21 20:58:03,745 [AppLog] INFO : 手动停止JOG输出（8轴运控板卡系统） ====》：输出AXIS{第1轴}
2023-03-21 20:58:03,979 [AppLog] INFO : 手动负向JOG指令（8轴运控板卡系统） ====》：输出AXIS{第1轴},运动速度{5MM/s}
2023-03-21 20:58:04,073 [AppLog] INFO : 手动停止JOG输出（8轴运控板卡系统） ====》：输出AXIS{第1轴}
2023-03-21 20:58:06,725 [AppLog] INFO : 手动正向JOG指令（8轴运控板卡系统） ====》：输出AXIS{第2轴},运动速度{50MM/s}
2023-03-21 20:58:20,921 [AppLog] INFO : 手动停止JOG输出（8轴运控板卡系统） ====》：输出AXIS{第2轴}
2023-03-21 20:58:21,202 [AppLog] INFO : 手动正向JOG指令（8轴运控板卡系统） ====》：输出AXIS{第2轴},运动速度{50MM/s}
2023-03-21 20:58:21,467 [AppLog] INFO : 手动停止JOG输出（8轴运控板卡系统） ====》：输出AXIS{第2轴}
2023-03-21 20:58:23,308 [AppLog] INFO : 手动负向JOG指令（8轴运控板卡系统） ====》：输出AXIS{第2轴},运动速度{50MM/s}
2023-03-21 20:58:34,633 [AppLog] INFO : 手动停止JOG输出（8轴运控板卡系统） ====》：输出AXIS{第2轴}
2023-03-21 20:59:10,747 [AppLog] INFO : 手动正向JOG指令（8轴运控板卡系统） ====》：输出AXIS{第2轴},运动速度{50MM/s}
2023-03-21 20:59:18,984 [AppLog] INFO : 手动停止JOG输出（8轴运控板卡系统） ====》：输出AXIS{第2轴}
2023-03-21 20:59:19,936 [AppLog] INFO : 手动负向JOG指令（8轴运控板卡系统） ====》：输出AXIS{第2轴},运动速度{50MM/s}
2023-03-21 20:59:20,123 [AppLog] INFO : 手动停止JOG输出（8轴运控板卡系统） ====》：输出AXIS{第2轴}
2023-03-21 20:59:20,185 [AppLog] INFO : 手动负向JOG指令（8轴运控板卡系统） ====》：输出AXIS{第2轴},运动速度{50MM/s}
2023-03-21 20:59:30,747 [AppLog] INFO : 手动停止JOG输出（8轴运控板卡系统） ====》：输出AXIS{第2轴}
2023-03-21 20:59:38,983 [AppLog] INFO : 开启墨车和铺粉车回零校准：EncoderResetBtn_Click
2023-03-21 20:59:38,983 [AppLog] INFO : 开启墨车回零校准线程：InkCarEncoderResetThread
2023-03-21 20:59:38,983 [AppLog] INFO : 开启粉车回零校准线程：PowderCarHomeResetThread
2023-03-21 20:59:48,359 [AppLog] INFO : 手动正向点动指令（8轴运控板卡系统） ====》：输出AXIS{第2轴},点动量{-116MM},运动速度{30MM/s}
2023-03-21 20:59:48,359 [AppLog] INFO : 粉车回零校准线程成功：PowderCarHomeResetThread
