2023-02-28 13:39:27,695 [AppLog] INFO : 软件开机密码正确，登录成功1次
==========================================================================
操作系统:{Microsoft Windows 7 旗舰版 }
运行环境:{ .Net Framework Enviroment Version 4.0.30319.42000}
盘符：D
CPU使用率：{5.356767%} ，可用内存大小:{14404MB}，硬盘剩余空间：
  盘符 C:\ 的剩余空间：82 GB
  盘符 D:\ 的剩余空间：95 GB
硬件配置情况：
  CPU 厂家: GenuineIntel CPU 型号: Intel(R) Core(TM) i7-4770 CPU @ 3.40GHz
  内存条厂家: Kingston 内存条型号: 99P5471-043.A00LF 
  内存条厂家: Kingston 内存条型号: 99P5471-043.A00LF 
  硬盘厂家: (标准磁盘驱动器) 硬盘型号: Micron_1300_MTFDDAK256TDL ATA Device
==========================================================================
2023-02-28 13:39:27,710 [AppLog] INFO : 开启系统：板卡通讯，伺服供电，照明系统，UV/HR固化系统！
2023-02-28 13:39:27,710 [AppLog] INFO : 开启系统：一键启动系统开始！
2023-02-28 13:39:32,796 [AppLog] INFO : 开启系统：一键启动系统结束！
2023-02-28 13:39:59,066 [AppLog] INFO : 初始化喷墨控制器！
2023-02-28 13:39:59,347 [AppLog] INFO : 红外灯控制器485通讯建立！
2023-02-28 13:39:59,347 [AppLog] INFO : 进入电气控制模块
2023-02-28 13:40:01,110 [AppLog] INFO : 电气控制模块：手动打开端口14
2023-02-28 13:40:01,812 [AppLog] INFO : 电气控制模块：手动打开端口15
2023-02-28 13:40:02,373 [AppLog] INFO : 电气控制模块：手动打开端口7
2023-02-28 13:40:03,060 [AppLog] INFO : 退出电气控制模块
2023-02-28 13:40:03,933 [AppLog] INFO : 进入手动调试子模块！
2023-02-28 13:40:07,787 [AppLog] INFO : 开启自动供墨：DEV_EnableInkAutoSupply：ReturnCode{True},Action{true},ControlBit{255}
2023-02-28 13:40:14,713 [AppLog] INFO : 进入气压控制卡参数监控状态时
2023-02-28 13:40:18,005 [AppLog] INFO : 进入气压控制卡参数设置状态时
2023-02-28 13:40:20,953 [AppLog] INFO : 进入气压控制卡参数监控状态时
2023-02-28 13:40:37,832 [AppLog] INFO : 更新气压控制卡参数：DEV_AdibControl:二级墨盒加热电压：{12V}；MCU_SetPhVoltage:二级墨盒加热温度：{45℃}MCU_SetPhVoltage:负压目标值：{System.Single[]kPa}MCU_SetPhVoltage:负压阈值：{0.16kPa}
2023-02-28 13:40:46,927 [AppLog] INFO : 更新气压控制卡参数：DEV_AdibControl:二级墨盒加热电压：{12V}；MCU_SetPhVoltage:二级墨盒加热温度：{45℃}MCU_SetPhVoltage:负压目标值：{System.Single[]kPa}MCU_SetPhVoltage:负压阈值：{0.16kPa}
2023-02-28 13:40:49,189 [AppLog] INFO : 进入气压控制卡参数设置状态时
2023-02-28 13:40:59,594 [AppLog] INFO : 进入气压控制卡参数监控状态时
2023-02-28 13:40:59,750 [AppLog] INFO : 进入气压控制卡参数设置状态时
2023-02-28 13:41:14,539 [AppLog] INFO : 开启墨车和铺粉车回零校准：EncoderResetBtn_Click
2023-02-28 13:41:14,539 [AppLog] INFO : 开启墨车回零校准线程：InkCarEncoderResetThread
2023-02-28 13:41:14,539 [AppLog] INFO : 开启粉车回零校准线程：PowderCarHomeResetThread
2023-02-28 13:41:23,696 [AppLog] INFO : 手动正向点动指令（8轴运控板卡系统） ====》：输出AXIS{第2轴},点动量{-116MM},运动速度{30MM/s}
2023-02-28 13:41:23,696 [AppLog] INFO : 粉车回零校准线程成功：PowderCarHomeResetThread
2023-02-28 13:41:29,188 [AppLog] INFO : 墨车回零校准线程成功：InkCarEncoderResetThread
2023-02-28 13:41:34,944 [AppLog] INFO : 手动开启自动清洗过程：AutoCleanBtn_Click
2023-02-28 13:41:34,944 [AppLog] INFO : 进入自动清洗过程：AutoCleanThread
2023-02-28 13:41:35,974 [AppLog] INFO : 刮墨轴回零成功：motionMap.SetBackSpreaderAxis(4, 1, 2, -SinkPosition)
2023-02-28 13:41:35,974 [AppLog] INFO : 准备运动，编码器当前位置：DEM_GetAxisEncodeVal：MoveDirectionFlag{false为Y方向：True}CurrentPos{53.11}AimPos{121}
2023-02-28 13:41:36,005 [AppLog] INFO : Y方向运动开始：DEM_Run：返回值{True}nAxis{1}DirFlag{True}nSpeed{100000}MoveStep{67890}nCtlValue{0}
2023-02-28 13:41:36,847 [AppLog] INFO : Y方向到位停止：DEM_StopAxisRun：返回值{True}CurrentPos{112.355}bImmeStop{False}nAxisMask{2}
2023-02-28 13:41:36,847 [AppLog] INFO : 准备运动，当前位置：DEV_GetPrintEncoderValue：MoveDirectionFlag{false为Y方向：False}CurrentPos{738.295}AimPos{710}
2023-02-28 13:41:36,878 [AppLog] INFO : X方向运动开始：DEM_Run：返回值{True}nAxis{0}DirFlag{False}nSpeed{100000}MoveStep{-28295}nCtlValue{2}
2023-02-28 13:41:37,331 [AppLog] INFO : X方向到位停止：DEM_StopAxisRun：返回值{True}CurrentPos{714.65}bImmeStop{False}nAxisMask{1}
2023-02-28 13:41:38,173 [AppLog] INFO : 开启压墨： motionMap.SetDo(13, true)
2023-02-28 13:41:41,184 [AppLog] INFO : 关闭压墨： motionMap.SetDo(13, true)
2023-02-28 13:41:41,200 [AppLog] INFO : 开启闪喷： IDP_FlashPrtCtl(true)：ReturnCode{True}
2023-02-28 13:41:41,200 [AppLog] INFO : 准备运动，当前位置：DEV_GetPrintEncoderValue：MoveDirectionFlag{false为Y方向：False}CurrentPos{710.145}AimPos{780}
2023-02-28 13:41:41,231 [AppLog] INFO : X方向运动开始：DEM_Run：返回值{True}nAxis{0}DirFlag{True}nSpeed{50000}MoveStep{69855}nCtlValue{2}
2023-02-28 13:41:42,697 [AppLog] INFO : X方向到位停止：DEM_StopAxisRun：返回值{True}CurrentPos{776.565}bImmeStop{False}nAxisMask{1}
2023-02-28 13:41:43,025 [AppLog] INFO : 准备运动，当前位置：DEV_GetPrintEncoderValue：MoveDirectionFlag{false为Y方向：False}CurrentPos{779.56}AimPos{710}
2023-02-28 13:41:43,072 [AppLog] INFO : X方向运动开始：DEM_Run：返回值{True}nAxis{0}DirFlag{False}nSpeed{50000}MoveStep{-69560.0000000001}nCtlValue{2}
2023-02-28 13:41:44,522 [AppLog] INFO : X方向到位停止：DEM_StopAxisRun：返回值{True}CurrentPos{714.305}bImmeStop{False}nAxisMask{1}
2023-02-28 13:41:46,098 [AppLog] INFO : 结束自动清洗过程：AutoCleanThread
2023-02-28 13:41:47,549 [AppLog] INFO : 手动停止自动清洗过程：AutoCleanBtn_Click
2023-02-28 13:41:48,454 [AppLog] INFO : 手动开启自动清洗过程：AutoCleanBtn_Click
2023-02-28 13:41:48,454 [AppLog] INFO : 进入自动清洗过程：AutoCleanThread
2023-02-28 13:41:49,436 [AppLog] INFO : 刮墨轴回零成功：motionMap.SetBackSpreaderAxis(4, 1, 2, -SinkPosition)
2023-02-28 13:41:49,436 [AppLog] INFO : 准备运动，编码器当前位置：DEM_GetAxisEncodeVal：MoveDirectionFlag{false为Y方向：True}CurrentPos{120.885}AimPos{121}
2023-02-28 13:41:49,468 [AppLog] INFO : Y方向运动开始：DEM_Run：返回值{True}nAxis{1}DirFlag{True}nSpeed{100000}MoveStep{114.999999999995}nCtlValue{0}
2023-02-28 13:41:49,483 [AppLog] INFO : Y方向到位停止：DEM_StopAxisRun：返回值{True}CurrentPos{120.885}bImmeStop{False}nAxisMask{2}
2023-02-28 13:41:49,483 [AppLog] INFO : 准备运动，当前位置：DEV_GetPrintEncoderValue：MoveDirectionFlag{false为Y方向：False}CurrentPos{710.6}AimPos{710}
2023-02-28 13:41:49,514 [AppLog] INFO : X方向运动开始：DEM_Run：返回值{True}nAxis{0}DirFlag{False}nSpeed{100000}MoveStep{-600.000000000023}nCtlValue{2}
2023-02-28 13:41:49,592 [AppLog] INFO : X方向到位停止：DEM_StopAxisRun：返回值{True}CurrentPos{710.6}bImmeStop{False}nAxisMask{1}
2023-02-28 13:41:50,435 [AppLog] INFO : 开启压墨： motionMap.SetDo(13, true)
2023-02-28 13:41:53,446 [AppLog] INFO : 关闭压墨： motionMap.SetDo(13, true)
2023-02-28 13:41:53,461 [AppLog] INFO : 开启闪喷： IDP_FlashPrtCtl(true)：ReturnCode{True}
2023-02-28 13:41:53,461 [AppLog] INFO : 准备运动，当前位置：DEV_GetPrintEncoderValue：MoveDirectionFlag{false为Y方向：False}CurrentPos{710.12}AimPos{780}
2023-02-28 13:41:53,492 [AppLog] INFO : X方向运动开始：DEM_Run：返回值{True}nAxis{0}DirFlag{True}nSpeed{50000}MoveStep{69880}nCtlValue{2}
2023-02-28 13:41:54,959 [AppLog] INFO : X方向到位停止：DEM_StopAxisRun：返回值{True}CurrentPos{776.01}bImmeStop{False}nAxisMask{1}
2023-02-28 13:41:55,286 [AppLog] INFO : 准备运动，当前位置：DEV_GetPrintEncoderValue：MoveDirectionFlag{false为Y方向：False}CurrentPos{779.255}AimPos{710}
2023-02-28 13:41:55,318 [AppLog] INFO : X方向运动开始：DEM_Run：返回值{True}nAxis{0}DirFlag{False}nSpeed{50000}MoveStep{-69255}nCtlValue{2}
2023-02-28 13:41:56,768 [AppLog] INFO : X方向到位停止：DEM_StopAxisRun：返回值{True}CurrentPos{714}bImmeStop{False}nAxisMask{1}
2023-02-28 13:41:57,907 [AppLog] INFO : 手动停止自动清洗过程：AutoCleanBtn_Click
2023-02-28 13:42:01,979 [AppLog] INFO : 开启刮墨轴回零校准：SpreaderHomeBtn_Click
2023-02-28 13:42:02,946 [AppLog] INFO : 刮墨轴回零成功：SpreaderHomeBtn_Click：{AXIS{4},Vel{1圈/s},开槽位置{-107°}}
2023-02-28 13:42:09,030 [AppLog] INFO : 退出手动调试子模块，未执行修改
==========================================================================
2023-02-28 13:42:10,122 [AppLog] INFO : 进入JOB参数设置：修改前初始参数：灰度数据格式{1bits}打印灰阶{1阶}m_XPrintDpi{1270Dpi}墨车运动速度{50MM/s}X向起打位置{50MM}Y向起打位置{20MM}
2023-02-28 13:42:11,994 [AppLog] INFO : 退出JOB参数设置：修改后参数：灰度数据格式{1bits}打印灰阶{1阶}m_XPrintDpi{1270Dpi}墨车运动速度{50MM/s}X向起打位置{50MM}Y向起打位置{20MM}
2023-02-28 13:42:13,694 [AppLog] INFO : 进入手动调试子模块！
2023-02-28 13:42:23,756 [AppLog] INFO : IR固化手动出光模式：WriteSingleRegister：SlaveNumber{1}RegisterAddress{132}RegisterValue{1}
2023-02-28 13:42:23,819 [AppLog] INFO : IR固化更新功率为设定值：WriteSingleRegister：SlaveNumber{1}RegisterAddress{121}目标温度{50℃}
2023-02-28 13:42:26,018 [AppLog] INFO : IR固化手动出光模式：WriteSingleRegister：SlaveNumber{1}RegisterAddress{132}RegisterValue{1}
2023-02-28 13:42:26,081 [AppLog] INFO : IR固化停止出光成功：WriteSingleRegister：SlaveNumber{1}RegisterAddress{121}目标温度{0 ℃}
2023-02-28 13:42:28,982 [AppLog] INFO : 手动开启自动进给铺粉过程：AutoSupplyPowderBtn_Click
2023-02-28 13:42:28,982 [AppLog] INFO : 开启手动铺粉逻辑：NewAutoSupplyPowderThread
2023-02-28 13:42:28,998 [AppLog] INFO : 发送监控指令，拍照记录1条：SendMessageFromSharedMemory
2023-02-28 13:42:29,060 [AppLog] INFO : 手动正向点动指令（8轴运控板卡系统） ====》：输出AXIS{第1轴},点动量{0MM},运动速度{1MM/s}
2023-02-28 13:42:29,872 [AppLog] INFO : 成形面高度下降层厚 TrapSpace{0mm}：TrapMoveUp(1, true, Convert.ToString(vel), Convert.ToString(TrapSpace), true, true）
2023-02-28 13:42:30,917 [AppLog] INFO : 手动正向点动指令（8轴运控板卡系统） ====》：输出AXIS{第8轴},点动量{0.5MM},运动速度{0.5MM/s}
2023-02-28 13:42:30,917 [AppLog] INFO : Hopper落粉轴转2圈落粉，速度0.5rev/s：TrapMoveUp(8, true, 0.5, rotateNuM.ToString(), true, false)
2023-02-28 13:42:31,229 [AppLog] INFO : 手动正向点动指令（8轴运控板卡系统） ====》：输出AXIS{第2轴},点动量{694MM},运动速度{30MM/s}
2023-02-28 13:42:31,229 [AppLog] INFO : 开启铺粉车不等停运动至站2，速度0.5rev/s：BackToStation2
2023-02-28 13:42:36,143 [AppLog] INFO : 打开IR灯：OpenIRLamp(true)
2023-02-28 13:42:39,746 [AppLog] INFO : 手动正向点动指令（8轴运控板卡系统） ====》：输出AXIS{第3轴},点动量{0.5MM},运动速度{0.0588235294117647MM/s}
2023-02-28 13:42:39,746 [AppLog] INFO : 开启均匀落粉及辊子铺平运动：TrapMoveUp(3, true, Convert.ToString(DispenseRollerSpeed), 0.5, true, true)
2023-02-28 13:42:48,326 [AppLog] INFO : 关闭IR灯：OpenIRLamp(false)
2023-02-28 13:42:52,117 [AppLog] INFO : 手动正向点动指令（8轴运控板卡系统） ====》：输出AXIS{第3轴},点动量{0.5MM},运动速度{2MM/s}
2023-02-28 13:42:52,117 [AppLog] INFO : 落粉轴继续转动以倒掉余粉：TrapMoveUp(3, true, 2, 0.5, true, false)
2023-02-28 13:42:54,364 [AppLog] INFO : 手动正向点动指令（8轴运控板卡系统） ====》：输出AXIS{第1轴},点动量{-1MM},运动速度{1MM/s}
2023-02-28 13:42:54,364 [AppLog] INFO : 成形面高度下降指定厚度 TrapSpace{1mm}：TrapMoveUp(1, true, Convert.ToString(vel), Convert.ToString(TrapSpace), true, true）
2023-02-28 13:43:12,819 [AppLog] INFO : 手动正向点动指令（8轴运控板卡系统） ====》：输出AXIS{第2轴},点动量{-698MM},运动速度{40MM/s}
2023-02-28 13:43:12,819 [AppLog] INFO : 铺粉车返回至站1：BackToStation2(AimPos, MovSpeed, true)
2023-02-28 13:43:13,599 [AppLog] INFO : 落粉轴回零成功：motionMap.SetBackSpreaderAxis(3, 0.5, 2, -SinkPosition)：ReturnCode{True}
2023-02-28 13:43:13,599 [AppLog] INFO : 手动正向点动指令（8轴运控板卡系统） ====》：输出AXIS{第1轴},点动量{1MM},运动速度{1MM/s}
2023-02-28 13:43:13,599 [AppLog] INFO : 成形面高度上升层厚 TrapSpace{1mm}：TrapMoveUp(1, true, Convert.ToString(vel), Convert.ToString(TrapSpace), true, true）
2023-02-28 13:43:14,613 [AppLog] INFO : 手动铺粉正常结束：NewAutoSupplyPowderThread
2023-02-28 13:43:14,613 [AppLog] INFO : 发送监控指令，拍照记录1条：SendMessageFromSharedMemory
2023-02-28 13:43:24,222 [AppLog] INFO : 手动停止自动进给铺粉过程：AutoSupplyPowderBtn_Click
2023-02-28 13:43:38,137 [AppLog] INFO : 退出手动调试子模块,已执行修改
==========================================================================
2023-02-28 13:43:40,056 [AppLog] INFO : 进入数据加载模块
2023-02-28 13:43:49,089 [AppLog] INFO : CAD数据加载：添加.bjgroup格式CAD数据成功-D:\hk\最终零件\new-zuhe-80.bjgroup
2023-02-28 13:43:58,480 [AppLog] INFO : 启动打印任务：准备开启数据处理及打印线程
2023-02-28 13:43:58,495 [AppLog] INFO : 停止打印任务，释放板卡内存：IDP_StopPrintJob()：ReturnFlag{True}
2023-02-28 13:43:58,495 [AppLog] INFO : 启动打印线程成功： DataTaskTHREAD
2023-02-28 13:43:58,495 [AppLog] INFO : 写入打印参数：IDP_SartPrintJob：nJobID{1}szJobName{金属3DP打印}nPixelGrayBits{1} nPrtCtl{0}nPrtXEncPos{10000}fPrtYPos{0}
2023-02-28 13:43:58,511 [AppLog] INFO : 启动打印线程成功：PrintTaskTHREAD
2023-02-28 13:44:00,274 [AppLog] INFO : 作业写入成功：IDP_WriteImgLayerData：bpp:{1bit}灰阶:{1阶}nLayerIndex{0}LayerIndex{0}SubIndex{0}RePrintTimes{1}nBytesPerLine{2004}nWidth{16001}nHeight{7560}nXEncOff{0}nYJetOff{0}nImgStartJetIndex{0}nXDPI{1270}nYDPI{600}nPrtDir{0} nPrtFlag{1}nColorCnts{1}nReserved{System.Int32[]}
2023-02-28 13:44:01,990 [AppLog] INFO : 作业写入成功：IDP_WriteImgLayerData：bpp:{1bit}灰阶:{1阶}nLayerIndex{1}LayerIndex{0}SubIndex{1}RePrintTimes{1}nBytesPerLine{2004}nWidth{16001}nHeight{7560}nXEncOff{0}nYJetOff{0}nImgStartJetIndex{0}nXDPI{1270}nYDPI{600}nPrtDir{0} nPrtFlag{1}nColorCnts{1}nReserved{System.Int32[]}
2023-02-28 13:44:02,037 [AppLog] INFO : 关闭自动供墨：DEV_EnableInkAutoSupply：ControlBit{0xX}
2023-02-28 13:44:02,052 [AppLog] INFO : 初始化墨轴1：DEM_InitAxis：{0, 0x100}
2023-02-28 13:44:02,052 [AppLog] INFO : 初始化墨轴2：DEM_InitAxis：{1, 0x1400}
2023-02-28 13:44:02,068 [AppLog] INFO : 初始化墨轴3：DEM_InitAxis：{1, 0x1400}
2023-02-28 13:44:02,068 [AppLog] INFO : 使能所有墨轴：DEM_EnableAxisRun：{true}
2023-02-28 13:44:02,068 [AppLog] INFO : 使能双Y墨轴输出同步：DEM_EnableDYOutPut：{true, true}
2023-02-28 13:44:02,083 [AppLog] INFO : 初始化墨轴1：DEM_InitAxis：{0, 0x100}
2023-02-28 13:44:02,083 [AppLog] INFO : 使能所有墨轴：DEM_EnableAxisRun：{true}
2023-02-28 13:44:02,099 [AppLog] INFO : 开启自动供墨：DEV_EnableInkAutoSupply：ControlBit{0xFF}
2023-02-28 13:44:02,130 [AppLog] INFO : 接收到起始打印指令：PrintTaskTHREAD
2023-02-28 13:44:02,130 [AppLog] INFO : 获取打印Pass数据：IDP_GetPassItem2：nLayerIndex{1}nPassID{0}nProcState{3}LPPassDataItemb:PrtDir{False}nDataTxCompleteCnt{1}nHwMemAdrMatchMask{1}nLayerIndex{1}nLayerPassCount{6}nLayerPassIndex{0}nMinJet0ImgLinePos{0}nPrtMemHwAddr{System.UInt32[]}nPrtDataOffset{System.UInt32[]}nSrcDataSize{System.UInt32[]}nPrtColBytes{System.UInt32[]}nPrtPrecession{4}nSrcEndCols{16000}nSrcStartCols{0}nStartEncPos{76472}nValidPassJets{1280}nValidPrtCols{16619}nValidPrtCtlCnts{1}pDataBuf{0}pNextItem{591068688}
2023-02-28 13:44:02,146 [AppLog] INFO : 使能Pass打印成功：IDP_DoPassPrint2：nLayerIndex{1}nPassID{0}
2023-02-28 13:44:02,146 [AppLog] INFO : PASS打印前关键状态：DEV_GetDeviceInfo2：nLayerIndex{1}nPassID{0}LPPRINTER_INFO:nXSysEncDPI{0}nStatus{0}nPrintStatus{0}bSuperDevice{0}
LPPRINTER_INFO-LPPrtRunInfo:bJobPrtRuning{False}bLayerPrtIsOver{False}nContReqMemErr{0}nContWDErr{0}nCurPrtDir{0}nDTLayerIndex{0}nDTLayerPassIndex{0}nDTPtrCtlIndex{0}nLayerPassCount{0}nPrintLayerIndex{0}nPrintPassIndex{0}nProcLayerIndex{0}nPrtDataMemAddr{0}nPrtState{0}nReverse{System.Int32[]}nRevPrtCols{0}
LPPRINTER_INFO-LPDRVINFO:nFMVersion{0}nFpgaVersion{0}nPCBVersion{0}nState{0}nNextState{0}nPtvwarnState{0}nCrc32{0}nRevInfo{System.UInt32[]}nSignature{0}
2023-02-28 13:44:02,193 [AppLog] INFO : 关闭闪喷操作：IDP_FlashPrtCtl：返回值{True}
2023-02-28 13:44:02,193 [AppLog] INFO : 准备运动，编码器当前位置：DEM_GetAxisEncodeVal：MoveDirectionFlag{false为Y方向：True}CurrentPos{120.98}AimPos{15}
2023-02-28 13:44:02,239 [AppLog] INFO : Y方向运动开始：DEM_Run：返回值{True}nAxis{1}DirFlag{False}nSpeed{50000}MoveStep{-105980}nCtlValue{0}
2023-02-28 13:44:02,239 [AppLog] INFO : 准备运动，当前位置：DEV_GetPrintEncoderValue：MoveDirectionFlag{false为Y方向：False}CurrentPos{710.65}AimPos{25}
2023-02-28 13:44:02,271 [AppLog] INFO : X方向运动开始：DEM_Run：返回值{True}nAxis{0}DirFlag{False}nSpeed{50000}MoveStep{-685650}nCtlValue{2}
2023-02-28 13:44:03,659 [AppLog] INFO : 作业写入成功：IDP_WriteImgLayerData：bpp:{1bit}灰阶:{1阶}nLayerIndex{2}LayerIndex{1}SubIndex{1}RePrintTimes{1}nBytesPerLine{2004}nWidth{16001}nHeight{7560}nXEncOff{0}nYJetOff{0}nImgStartJetIndex{0}nXDPI{1270}nYDPI{600}nPrtDir{0} nPrtFlag{1}nColorCnts{1}nReserved{System.Int32[]}
2023-02-28 13:44:05,328 [AppLog] INFO : 作业写入成功：IDP_WriteImgLayerData：bpp:{1bit}灰阶:{1阶}nLayerIndex{3}LayerIndex{2}SubIndex{1}RePrintTimes{1}nBytesPerLine{2004}nWidth{16001}nHeight{7560}nXEncOff{0}nYJetOff{0}nImgStartJetIndex{0}nXDPI{1270}nYDPI{600}nPrtDir{0} nPrtFlag{1}nColorCnts{1}nReserved{System.Int32[]}
2023-02-28 13:44:07,029 [AppLog] INFO : 作业写入成功：IDP_WriteImgLayerData：bpp:{1bit}灰阶:{1阶}nLayerIndex{4}LayerIndex{3}SubIndex{1}RePrintTimes{1}nBytesPerLine{2004}nWidth{16001}nHeight{7560}nXEncOff{0}nYJetOff{0}nImgStartJetIndex{0}nXDPI{1270}nYDPI{600}nPrtDir{0} nPrtFlag{1}nColorCnts{1}nReserved{System.Int32[]}
2023-02-28 13:44:08,713 [AppLog] INFO : 作业写入成功：IDP_WriteImgLayerData：bpp:{1bit}灰阶:{1阶}nLayerIndex{5}LayerIndex{4}SubIndex{1}RePrintTimes{1}nBytesPerLine{2004}nWidth{16001}nHeight{7560}nXEncOff{0}nYJetOff{0}nImgStartJetIndex{0}nXDPI{1270}nYDPI{600}nPrtDir{0} nPrtFlag{1}nColorCnts{1}nReserved{System.Int32[]}
2023-02-28 13:44:10,414 [AppLog] INFO : 作业写入成功：IDP_WriteImgLayerData：bpp:{1bit}灰阶:{1阶}nLayerIndex{6}LayerIndex{5}SubIndex{1}RePrintTimes{1}nBytesPerLine{2004}nWidth{16001}nHeight{7560}nXEncOff{0}nYJetOff{0}nImgStartJetIndex{0}nXDPI{1270}nYDPI{600}nPrtDir{0} nPrtFlag{1}nColorCnts{1}nReserved{System.Int32[]}
2023-02-28 13:44:12,130 [AppLog] INFO : 作业写入成功：IDP_WriteImgLayerData：bpp:{1bit}灰阶:{1阶}nLayerIndex{7}LayerIndex{6}SubIndex{1}RePrintTimes{1}nBytesPerLine{2004}nWidth{16001}nHeight{7560}nXEncOff{0}nYJetOff{0}nImgStartJetIndex{0}nXDPI{1270}nYDPI{600}nPrtDir{0} nPrtFlag{1}nColorCnts{1}nReserved{System.Int32[]}
2023-02-28 13:44:12,707 [AppLog] INFO : 删除打印任务：准备删除数据处理及打印线程
2023-02-28 13:44:12,832 [AppLog] INFO : 关闭打印线程成功：PrintTaskTHREAD
2023-02-28 13:44:13,846 [AppLog] INFO : 作业写入成功：IDP_WriteImgLayerData：bpp:{1bit}灰阶:{1阶}nLayerIndex{8}LayerIndex{7}SubIndex{1}RePrintTimes{1}nBytesPerLine{2004}nWidth{16001}nHeight{7560}nXEncOff{0}nYJetOff{0}nImgStartJetIndex{0}nXDPI{1270}nYDPI{600}nPrtDir{0} nPrtFlag{1}nColorCnts{1}nReserved{System.Int32[]}
2023-02-28 13:44:13,846 [AppLog] INFO : 接收到暂停打印指令：DataTaskTHREAD
2023-02-28 13:44:13,939 [AppLog] INFO : 关闭打印线程成功：DataTaskTHREAD
2023-02-28 13:44:13,955 [AppLog] INFO : 停止打印任务，释放板卡内存：IDP_StopPrintJob()：ReturnFlag{True}
2023-02-28 13:44:18,697 [AppLog] INFO : 进入手动调试子模块！
2023-02-28 13:44:21,084 [AppLog] INFO : 手动控制墨车运动开启：沿Y轴后侧方向运动 ↓↓↓：nAxis{{1}},Dir{{true}},nPlsSpeed{{{nSpeed}}},nPlsCount{{750000}},cControlFlag{{{nCtlValue}}}
2023-02-28 13:44:21,521 [AppLog] INFO : 手动控制墨车运动带减速停止：沿Y轴方向运动 ↑↑↑↓↓↓ ====: bImmeStop{{false}},nAxisMask{{0x2}}
2023-02-28 13:44:22,644 [AppLog] INFO : 手动控制墨车运动开启，沿X轴右侧方向运动 ====》：nAxis{0},Dir{true},nPlsSpeed{100000},nPlsCount{750000},cControlFlag{2}
2023-02-28 13:44:28,993 [AppLog] INFO : 手动控制墨车运动带减速停止：沿X轴方向运动 ====》《=== ====: bImmeStop{false},nAxisMask{0x1}
2023-02-28 13:44:29,212 [AppLog] INFO : 手动控制墨车运动开启，沿X轴右侧方向运动 ====》：nAxis{0},Dir{true},nPlsSpeed{100000},nPlsCount{750000},cControlFlag{2}
2023-02-28 13:44:29,290 [AppLog] INFO : 手动控制墨车运动带减速停止：沿X轴方向运动 ====》《=== ====: bImmeStop{false},nAxisMask{0x1}
2023-02-28 13:44:29,430 [AppLog] INFO : 手动控制墨车运动开启，沿X轴右侧方向运动 ====》：nAxis{0},Dir{true},nPlsSpeed{100000},nPlsCount{750000},cControlFlag{2}
2023-02-28 13:44:29,508 [AppLog] INFO : 手动控制墨车运动带减速停止：沿X轴方向运动 ====》《=== ====: bImmeStop{false},nAxisMask{0x1}
2023-02-28 13:44:29,586 [AppLog] INFO : 手动控制墨车运动开启，沿X轴右侧方向运动 ====》：nAxis{0},Dir{true},nPlsSpeed{100000},nPlsCount{750000},cControlFlag{2}
2023-02-28 13:44:29,633 [AppLog] INFO : 手动控制墨车运动带减速停止：沿X轴方向运动 ====》《=== ====: bImmeStop{false},nAxisMask{0x1}
2023-02-28 13:44:29,773 [AppLog] INFO : 手动控制墨车运动开启，沿X轴右侧方向运动 ====》：nAxis{0},Dir{true},nPlsSpeed{100000},nPlsCount{750000},cControlFlag{2}
2023-02-28 13:44:29,820 [AppLog] INFO : 手动控制墨车运动带减速停止：沿X轴方向运动 ====》《=== ====: bImmeStop{false},nAxisMask{0x1}
2023-02-28 13:44:29,929 [AppLog] INFO : 手动控制墨车运动开启，沿X轴右侧方向运动 ====》：nAxis{0},Dir{true},nPlsSpeed{100000},nPlsCount{750000},cControlFlag{2}
2023-02-28 13:44:29,976 [AppLog] INFO : 手动控制墨车运动带减速停止：沿X轴方向运动 ====》《=== ====: bImmeStop{false},nAxisMask{0x1}
2023-02-28 13:44:30,085 [AppLog] INFO : 手动控制墨车运动开启，沿X轴右侧方向运动 ====》：nAxis{0},Dir{true},nPlsSpeed{100000},nPlsCount{750000},cControlFlag{2}
2023-02-28 13:44:30,148 [AppLog] INFO : 手动控制墨车运动带减速停止：沿X轴方向运动 ====》《=== ====: bImmeStop{false},nAxisMask{0x1}
2023-02-28 13:44:30,273 [AppLog] INFO : 手动控制墨车运动开启，沿X轴右侧方向运动 ====》：nAxis{0},Dir{true},nPlsSpeed{100000},nPlsCount{750000},cControlFlag{2}
2023-02-28 13:44:30,335 [AppLog] INFO : 手动控制墨车运动带减速停止：沿X轴方向运动 ====》《=== ====: bImmeStop{false},nAxisMask{0x1}
2023-02-28 13:44:30,444 [AppLog] INFO : 手动控制墨车运动开启，沿X轴右侧方向运动 ====》：nAxis{0},Dir{true},nPlsSpeed{100000},nPlsCount{750000},cControlFlag{2}
2023-02-28 13:44:30,522 [AppLog] INFO : 手动控制墨车运动带减速停止：沿X轴方向运动 ====》《=== ====: bImmeStop{false},nAxisMask{0x1}
2023-02-28 13:44:30,631 [AppLog] INFO : 手动控制墨车运动开启，沿X轴右侧方向运动 ====》：nAxis{0},Dir{true},nPlsSpeed{100000},nPlsCount{750000},cControlFlag{2}
2023-02-28 13:44:30,663 [AppLog] INFO : 手动控制墨车运动带减速停止：沿X轴方向运动 ====》《=== ====: bImmeStop{false},nAxisMask{0x1}
2023-02-28 13:44:30,787 [AppLog] INFO : 手动控制墨车运动开启，沿X轴右侧方向运动 ====》：nAxis{0},Dir{true},nPlsSpeed{100000},nPlsCount{750000},cControlFlag{2}
2023-02-28 13:44:30,850 [AppLog] INFO : 手动控制墨车运动带减速停止：沿X轴方向运动 ====》《=== ====: bImmeStop{false},nAxisMask{0x1}
2023-02-28 13:44:30,959 [AppLog] INFO : 手动控制墨车运动开启，沿X轴右侧方向运动 ====》：nAxis{0},Dir{true},nPlsSpeed{100000},nPlsCount{750000},cControlFlag{2}
2023-02-28 13:44:30,990 [AppLog] INFO : 手动控制墨车运动带减速停止：沿X轴方向运动 ====》《=== ====: bImmeStop{false},nAxisMask{0x1}
2023-02-28 13:44:31,146 [AppLog] INFO : 手动控制墨车运动开启，沿X轴右侧方向运动 ====》：nAxis{0},Dir{true},nPlsSpeed{100000},nPlsCount{750000},cControlFlag{2}
2023-02-28 13:44:31,162 [AppLog] INFO : 手动控制墨车运动带减速停止：沿X轴方向运动 ====》《=== ====: bImmeStop{false},nAxisMask{0x1}
2023-02-28 13:44:32,113 [AppLog] INFO : 手动控制墨车运动开启：沿Y轴后侧方向运动 ↓↓↓：nAxis{{1}},Dir{{true}},nPlsSpeed{{{nSpeed}}},nPlsCount{{750000}},cControlFlag{{{nCtlValue}}}
2023-02-28 13:44:32,394 [AppLog] INFO : 手动控制墨车运动带减速停止：沿Y轴方向运动 ↑↑↑↓↓↓ ====: bImmeStop{{false}},nAxisMask{{0x2}}
2023-02-28 13:44:32,550 [AppLog] INFO : 手动控制墨车运动开启：沿Y轴后侧方向运动 ↓↓↓：nAxis{{1}},Dir{{true}},nPlsSpeed{{{nSpeed}}},nPlsCount{{750000}},cControlFlag{{{nCtlValue}}}
2023-02-28 13:44:34,032 [AppLog] INFO : 手动控制墨车运动带减速停止：沿Y轴方向运动 ↑↑↑↓↓↓ ====: bImmeStop{{false}},nAxisMask{{0x2}}
2023-02-28 13:44:34,251 [AppLog] INFO : 手动控制墨车运动开启：沿Y轴后侧方向运动 ↓↓↓：nAxis{{1}},Dir{{true}},nPlsSpeed{{{nSpeed}}},nPlsCount{{750000}},cControlFlag{{{nCtlValue}}}
2023-02-28 13:44:34,344 [AppLog] INFO : 手动控制墨车运动带减速停止：沿Y轴方向运动 ↑↑↑↓↓↓ ====: bImmeStop{{false}},nAxisMask{{0x2}}
2023-02-28 13:44:34,469 [AppLog] INFO : 手动控制墨车运动开启：沿Y轴后侧方向运动 ↓↓↓：nAxis{{1}},Dir{{true}},nPlsSpeed{{{nSpeed}}},nPlsCount{{750000}},cControlFlag{{{nCtlValue}}}
2023-02-28 13:44:34,547 [AppLog] INFO : 手动控制墨车运动带减速停止：沿Y轴方向运动 ↑↑↑↓↓↓ ====: bImmeStop{{false}},nAxisMask{{0x2}}
2023-02-28 13:44:34,687 [AppLog] INFO : 手动控制墨车运动开启：沿Y轴后侧方向运动 ↓↓↓：nAxis{{1}},Dir{{true}},nPlsSpeed{{{nSpeed}}},nPlsCount{{750000}},cControlFlag{{{nCtlValue}}}
2023-02-28 13:44:34,719 [AppLog] INFO : 手动控制墨车运动带减速停止：沿Y轴方向运动 ↑↑↑↓↓↓ ====: bImmeStop{{false}},nAxisMask{{0x2}}
2023-02-28 13:44:34,859 [AppLog] INFO : 手动控制墨车运动开启：沿Y轴后侧方向运动 ↓↓↓：nAxis{{1}},Dir{{true}},nPlsSpeed{{{nSpeed}}},nPlsCount{{750000}},cControlFlag{{{nCtlValue}}}
2023-02-28 13:44:34,890 [AppLog] INFO : 手动控制墨车运动带减速停止：沿Y轴方向运动 ↑↑↑↓↓↓ ====: bImmeStop{{false}},nAxisMask{{0x2}}
2023-02-28 13:44:35,046 [AppLog] INFO : 手动控制墨车运动开启：沿Y轴后侧方向运动 ↓↓↓：nAxis{{1}},Dir{{true}},nPlsSpeed{{{nSpeed}}},nPlsCount{{750000}},cControlFlag{{{nCtlValue}}}
2023-02-28 13:44:35,062 [AppLog] INFO : 手动控制墨车运动带减速停止：沿Y轴方向运动 ↑↑↑↓↓↓ ====: bImmeStop{{false}},nAxisMask{{0x2}}
2023-02-28 13:44:35,202 [AppLog] INFO : 手动控制墨车运动开启：沿Y轴后侧方向运动 ↓↓↓：nAxis{{1}},Dir{{true}},nPlsSpeed{{{nSpeed}}},nPlsCount{{750000}},cControlFlag{{{nCtlValue}}}
2023-02-28 13:44:35,233 [AppLog] INFO : 手动控制墨车运动带减速停止：沿Y轴方向运动 ↑↑↑↓↓↓ ====: bImmeStop{{false}},nAxisMask{{0x2}}
2023-02-28 13:44:35,374 [AppLog] INFO : 手动控制墨车运动开启：沿Y轴后侧方向运动 ↓↓↓：nAxis{{1}},Dir{{true}},nPlsSpeed{{{nSpeed}}},nPlsCount{{750000}},cControlFlag{{{nCtlValue}}}
2023-02-28 13:44:35,405 [AppLog] INFO : 手动控制墨车运动带减速停止：沿Y轴方向运动 ↑↑↑↓↓↓ ====: bImmeStop{{false}},nAxisMask{{0x2}}
2023-02-28 13:44:35,530 [AppLog] INFO : 手动控制墨车运动开启：沿Y轴后侧方向运动 ↓↓↓：nAxis{{1}},Dir{{true}},nPlsSpeed{{{nSpeed}}},nPlsCount{{750000}},cControlFlag{{{nCtlValue}}}
2023-02-28 13:44:35,577 [AppLog] INFO : 手动控制墨车运动带减速停止：沿Y轴方向运动 ↑↑↑↓↓↓ ====: bImmeStop{{false}},nAxisMask{{0x2}}
2023-02-28 13:44:35,701 [AppLog] INFO : 手动控制墨车运动开启：沿Y轴后侧方向运动 ↓↓↓：nAxis{{1}},Dir{{true}},nPlsSpeed{{{nSpeed}}},nPlsCount{{750000}},cControlFlag{{{nCtlValue}}}
2023-02-28 13:44:35,795 [AppLog] INFO : 手动控制墨车运动带减速停止：沿Y轴方向运动 ↑↑↑↓↓↓ ====: bImmeStop{{false}},nAxisMask{{0x2}}
2023-02-28 13:44:36,856 [AppLog] INFO : 手动控制墨车运动开启，沿X轴右侧方向运动 ====》：nAxis{0},Dir{true},nPlsSpeed{100000},nPlsCount{750000},cControlFlag{2}
2023-02-28 13:44:36,918 [AppLog] INFO : 手动控制墨车运动带减速停止：沿X轴方向运动 ====》《=== ====: bImmeStop{false},nAxisMask{0x1}
2023-02-28 13:44:37,090 [AppLog] INFO : 手动控制墨车运动开启，沿X轴右侧方向运动 ====》：nAxis{0},Dir{true},nPlsSpeed{100000},nPlsCount{750000},cControlFlag{2}
2023-02-28 13:44:37,152 [AppLog] INFO : 手动控制墨车运动带减速停止：沿X轴方向运动 ====》《=== ====: bImmeStop{false},nAxisMask{0x1}
2023-02-28 13:44:37,261 [AppLog] INFO : 手动控制墨车运动开启，沿X轴右侧方向运动 ====》：nAxis{0},Dir{true},nPlsSpeed{100000},nPlsCount{750000},cControlFlag{2}
2023-02-28 13:44:37,308 [AppLog] INFO : 手动控制墨车运动带减速停止：沿X轴方向运动 ====》《=== ====: bImmeStop{false},nAxisMask{0x1}
2023-02-28 13:44:37,449 [AppLog] INFO : 手动控制墨车运动开启，沿X轴右侧方向运动 ====》：nAxis{0},Dir{true},nPlsSpeed{100000},nPlsCount{750000},cControlFlag{2}
2023-02-28 13:44:37,464 [AppLog] INFO : 手动控制墨车运动带减速停止：沿X轴方向运动 ====》《=== ====: bImmeStop{false},nAxisMask{0x1}
2023-02-28 13:44:37,573 [AppLog] INFO : 手动控制墨车运动开启，沿X轴右侧方向运动 ====》：nAxis{0},Dir{true},nPlsSpeed{100000},nPlsCount{750000},cControlFlag{2}
2023-02-28 13:44:37,620 [AppLog] INFO : 手动控制墨车运动带减速停止：沿X轴方向运动 ====》《=== ====: bImmeStop{false},nAxisMask{0x1}
2023-02-28 13:44:38,494 [AppLog] INFO : 开启手动压墨：PushInkBtn_Click
2023-02-28 13:44:49,149 [AppLog] INFO : 停止手动压墨：PushInkBtn_Click
2023-02-28 13:44:53,408 [AppLog] INFO : 手动开启自动清洗过程：AutoCleanBtn_Click
2023-02-28 13:44:53,408 [AppLog] INFO : 进入自动清洗过程：AutoCleanThread
2023-02-28 13:44:54,375 [AppLog] INFO : 刮墨轴回零成功：motionMap.SetBackSpreaderAxis(4, 1, 2, -SinkPosition)
2023-02-28 13:44:54,375 [AppLog] INFO : 准备运动，编码器当前位置：DEM_GetAxisEncodeVal：MoveDirectionFlag{false为Y方向：True}CurrentPos{332.755}AimPos{121}
2023-02-28 13:44:54,406 [AppLog] INFO : Y方向运动开始：DEM_Run：返回值{True}nAxis{1}DirFlag{False}nSpeed{100000}MoveStep{-211755}nCtlValue{0}
2023-02-28 13:44:56,372 [AppLog] INFO : Y方向到位停止：DEM_StopAxisRun：返回值{True}CurrentPos{137.445}bImmeStop{False}nAxisMask{2}
2023-02-28 13:44:56,372 [AppLog] INFO : 准备运动，当前位置：DEV_GetPrintEncoderValue：MoveDirectionFlag{false为Y方向：False}CurrentPos{722.005}AimPos{710}
2023-02-28 13:44:56,403 [AppLog] INFO : X方向运动开始：DEM_Run：返回值{True}nAxis{0}DirFlag{False}nSpeed{100000}MoveStep{-12005}nCtlValue{2}
2023-02-28 13:44:56,699 [AppLog] INFO : X方向到位停止：DEM_StopAxisRun：返回值{True}CurrentPos{713.355}bImmeStop{False}nAxisMask{1}
2023-02-28 13:44:57,542 [AppLog] INFO : 开启压墨： motionMap.SetDo(13, true)
2023-02-28 13:45:00,552 [AppLog] INFO : 关闭压墨： motionMap.SetDo(13, true)
2023-02-28 13:45:00,568 [AppLog] INFO : 开启闪喷： IDP_FlashPrtCtl(true)：ReturnCode{True}
2023-02-28 13:45:00,568 [AppLog] INFO : 准备运动，当前位置：DEV_GetPrintEncoderValue：MoveDirectionFlag{false为Y方向：False}CurrentPos{710.415}AimPos{780}
2023-02-28 13:45:00,599 [AppLog] INFO : X方向运动开始：DEM_Run：返回值{True}nAxis{0}DirFlag{True}nSpeed{50000}MoveStep{69585}nCtlValue{2}
2023-02-28 13:45:02,050 [AppLog] INFO : X方向到位停止：DEM_StopAxisRun：返回值{True}CurrentPos{776.16}bImmeStop{False}nAxisMask{1}
2023-02-28 13:45:02,378 [AppLog] INFO : 准备运动，当前位置：DEV_GetPrintEncoderValue：MoveDirectionFlag{false为Y方向：False}CurrentPos{779.605}AimPos{710}
2023-02-28 13:45:02,409 [AppLog] INFO : X方向运动开始：DEM_Run：返回值{True}nAxis{0}DirFlag{False}nSpeed{50000}MoveStep{-69605}nCtlValue{2}
2023-02-28 13:45:03,860 [AppLog] INFO : X方向到位停止：DEM_StopAxisRun：返回值{True}CurrentPos{713.895}bImmeStop{False}nAxisMask{1}
2023-02-28 13:45:05,435 [AppLog] INFO : 结束自动清洗过程：AutoCleanThread
2023-02-28 13:45:06,418 [AppLog] INFO : 手动停止自动清洗过程：AutoCleanBtn_Click
2023-02-28 13:45:08,696 [AppLog] INFO : 退出手动调试子模块,已执行修改
==========================================================================
2023-02-28 13:45:09,866 [AppLog] INFO : 启动打印任务：准备开启数据处理及打印线程
2023-02-28 13:45:09,866 [AppLog] INFO : 停止打印任务，释放板卡内存：IDP_StopPrintJob()：ReturnFlag{True}
2023-02-28 13:45:09,866 [AppLog] INFO : 启动打印线程成功： DataTaskTHREAD
2023-02-28 13:45:09,881 [AppLog] INFO : 写入打印参数：IDP_SartPrintJob：nJobID{1}szJobName{金属3DP打印}nPixelGrayBits{1} nPrtCtl{0}nPrtXEncPos{10000}fPrtYPos{0}
2023-02-28 13:45:09,912 [AppLog] INFO : 启动打印线程成功：PrintTaskTHREAD
2023-02-28 13:45:11,644 [AppLog] INFO : 作业写入成功：IDP_WriteImgLayerData：bpp:{1bit}灰阶:{1阶}nLayerIndex{0}LayerIndex{0}SubIndex{0}RePrintTimes{1}nBytesPerLine{2004}nWidth{16001}nHeight{7560}nXEncOff{0}nYJetOff{0}nImgStartJetIndex{0}nXDPI{1270}nYDPI{600}nPrtDir{0} nPrtFlag{1}nColorCnts{1}nReserved{System.Int32[]}
2023-02-28 13:45:13,313 [AppLog] INFO : 作业写入成功：IDP_WriteImgLayerData：bpp:{1bit}灰阶:{1阶}nLayerIndex{1}LayerIndex{0}SubIndex{1}RePrintTimes{1}nBytesPerLine{2004}nWidth{16001}nHeight{7560}nXEncOff{0}nYJetOff{0}nImgStartJetIndex{0}nXDPI{1270}nYDPI{600}nPrtDir{0} nPrtFlag{1}nColorCnts{1}nReserved{System.Int32[]}
2023-02-28 13:45:13,407 [AppLog] INFO : 关闭自动供墨：DEV_EnableInkAutoSupply：ControlBit{0xX}
2023-02-28 13:45:13,422 [AppLog] INFO : 初始化墨轴1：DEM_InitAxis：{0, 0x100}
2023-02-28 13:45:13,422 [AppLog] INFO : 初始化墨轴2：DEM_InitAxis：{1, 0x1400}
2023-02-28 13:45:13,438 [AppLog] INFO : 初始化墨轴3：DEM_InitAxis：{1, 0x1400}
2023-02-28 13:45:13,438 [AppLog] INFO : 使能所有墨轴：DEM_EnableAxisRun：{true}
2023-02-28 13:45:13,454 [AppLog] INFO : 使能双Y墨轴输出同步：DEM_EnableDYOutPut：{true, true}
2023-02-28 13:45:13,454 [AppLog] INFO : 初始化墨轴1：DEM_InitAxis：{0, 0x100}
2023-02-28 13:45:13,469 [AppLog] INFO : 使能所有墨轴：DEM_EnableAxisRun：{true}
2023-02-28 13:45:13,469 [AppLog] INFO : 开启自动供墨：DEV_EnableInkAutoSupply：ControlBit{0xFF}
2023-02-28 13:45:13,485 [AppLog] INFO : 接收到恢复打印指令：PrintTaskTHREAD
2023-02-28 13:45:13,516 [AppLog] INFO : 获取打印Pass数据：IDP_GetPassItem2：nLayerIndex{1}nPassID{0}nProcState{3}LPPassDataItemb:PrtDir{False}nDataTxCompleteCnt{1}nHwMemAdrMatchMask{1}nLayerIndex{1}nLayerPassCount{6}nLayerPassIndex{0}nMinJet0ImgLinePos{0}nPrtMemHwAddr{System.UInt32[]}nPrtDataOffset{System.UInt32[]}nSrcDataSize{System.UInt32[]}nPrtColBytes{System.UInt32[]}nPrtPrecession{4}nSrcEndCols{16000}nSrcStartCols{0}nStartEncPos{76472}nValidPassJets{1280}nValidPrtCols{16619}nValidPrtCtlCnts{1}pDataBuf{0}pNextItem{657301904}
2023-02-28 13:45:13,516 [AppLog] INFO : 使能Pass打印成功：IDP_DoPassPrint2：nLayerIndex{1}nPassID{0}
2023-02-28 13:45:13,532 [AppLog] INFO : PASS打印前关键状态：DEV_GetDeviceInfo2：nLayerIndex{1}nPassID{0}LPPRINTER_INFO:nXSysEncDPI{0}nStatus{0}nPrintStatus{0}bSuperDevice{0}
LPPRINTER_INFO-LPPrtRunInfo:bJobPrtRuning{False}bLayerPrtIsOver{False}nContReqMemErr{0}nContWDErr{0}nCurPrtDir{0}nDTLayerIndex{0}nDTLayerPassIndex{0}nDTPtrCtlIndex{0}nLayerPassCount{0}nPrintLayerIndex{0}nPrintPassIndex{0}nProcLayerIndex{0}nPrtDataMemAddr{0}nPrtState{0}nReverse{System.Int32[]}nRevPrtCols{0}
LPPRINTER_INFO-LPDRVINFO:nFMVersion{0}nFpgaVersion{0}nPCBVersion{0}nState{0}nNextState{0}nPtvwarnState{0}nCrc32{0}nRevInfo{System.UInt32[]}nSignature{0}
2023-02-28 13:45:13,578 [AppLog] INFO : 关闭闪喷操作：IDP_FlashPrtCtl：返回值{True}
2023-02-28 13:45:13,578 [AppLog] INFO : 准备运动，编码器当前位置：DEM_GetAxisEncodeVal：MoveDirectionFlag{false为Y方向：True}CurrentPos{121.485}AimPos{15}
2023-02-28 13:45:13,610 [AppLog] INFO : Y方向运动开始：DEM_Run：返回值{True}nAxis{1}DirFlag{False}nSpeed{50000}MoveStep{-106485}nCtlValue{0}
2023-02-28 13:45:13,610 [AppLog] INFO : 准备运动，当前位置：DEV_GetPrintEncoderValue：MoveDirectionFlag{false为Y方向：False}CurrentPos{710.44}AimPos{25}
2023-02-28 13:45:13,641 [AppLog] INFO : X方向运动开始：DEM_Run：返回值{True}nAxis{0}DirFlag{False}nSpeed{50000}MoveStep{-685440}nCtlValue{2}
2023-02-28 13:45:15,029 [AppLog] INFO : 作业写入成功：IDP_WriteImgLayerData：bpp:{1bit}灰阶:{1阶}nLayerIndex{2}LayerIndex{1}SubIndex{1}RePrintTimes{1}nBytesPerLine{2004}nWidth{16001}nHeight{7560}nXEncOff{0}nYJetOff{0}nImgStartJetIndex{0}nXDPI{1270}nYDPI{600}nPrtDir{0} nPrtFlag{1}nColorCnts{1}nReserved{System.Int32[]}
2023-02-28 13:45:16,730 [AppLog] INFO : 作业写入成功：IDP_WriteImgLayerData：bpp:{1bit}灰阶:{1阶}nLayerIndex{3}LayerIndex{2}SubIndex{1}RePrintTimes{1}nBytesPerLine{2004}nWidth{16001}nHeight{7560}nXEncOff{0}nYJetOff{0}nImgStartJetIndex{0}nXDPI{1270}nYDPI{600}nPrtDir{0} nPrtFlag{1}nColorCnts{1}nReserved{System.Int32[]}
2023-02-28 13:45:18,399 [AppLog] INFO : 作业写入成功：IDP_WriteImgLayerData：bpp:{1bit}灰阶:{1阶}nLayerIndex{4}LayerIndex{3}SubIndex{1}RePrintTimes{1}nBytesPerLine{2004}nWidth{16001}nHeight{7560}nXEncOff{0}nYJetOff{0}nImgStartJetIndex{0}nXDPI{1270}nYDPI{600}nPrtDir{0} nPrtFlag{1}nColorCnts{1}nReserved{System.Int32[]}
2023-02-28 13:45:20,084 [AppLog] INFO : 作业写入成功：IDP_WriteImgLayerData：bpp:{1bit}灰阶:{1阶}nLayerIndex{5}LayerIndex{4}SubIndex{1}RePrintTimes{1}nBytesPerLine{2004}nWidth{16001}nHeight{7560}nXEncOff{0}nYJetOff{0}nImgStartJetIndex{0}nXDPI{1270}nYDPI{600}nPrtDir{0} nPrtFlag{1}nColorCnts{1}nReserved{System.Int32[]}
2023-02-28 13:45:21,800 [AppLog] INFO : 作业写入成功：IDP_WriteImgLayerData：bpp:{1bit}灰阶:{1阶}nLayerIndex{6}LayerIndex{5}SubIndex{1}RePrintTimes{1}nBytesPerLine{2004}nWidth{16001}nHeight{7560}nXEncOff{0}nYJetOff{0}nImgStartJetIndex{0}nXDPI{1270}nYDPI{600}nPrtDir{0} nPrtFlag{1}nColorCnts{1}nReserved{System.Int32[]}
2023-02-28 13:45:22,392 [AppLog] INFO : 删除打印任务：准备删除数据处理及打印线程
2023-02-28 13:45:22,502 [AppLog] INFO : 关闭打印线程成功：PrintTaskTHREAD
2023-02-28 13:45:23,484 [AppLog] INFO : 作业写入成功：IDP_WriteImgLayerData：bpp:{1bit}灰阶:{1阶}nLayerIndex{7}LayerIndex{6}SubIndex{1}RePrintTimes{1}nBytesPerLine{2004}nWidth{16001}nHeight{7560}nXEncOff{0}nYJetOff{0}nImgStartJetIndex{0}nXDPI{1270}nYDPI{600}nPrtDir{0} nPrtFlag{1}nColorCnts{1}nReserved{System.Int32[]}
2023-02-28 13:45:23,500 [AppLog] INFO : 接收到暂停打印指令：DataTaskTHREAD
2023-02-28 13:45:23,609 [AppLog] INFO : 关闭打印线程成功：DataTaskTHREAD
2023-02-28 13:45:23,625 [AppLog] INFO : 停止打印任务，释放板卡内存：IDP_StopPrintJob()：ReturnFlag{True}
2023-02-28 13:45:28,866 [AppLog] INFO : 进入手动调试子模块！
2023-02-28 13:45:46,479 [AppLog] INFO : 手动控制墨车运动开启：沿X轴左侧方向运动 《====：nAxis{{0}},Dir{{false}},nPlsSpeed{{{nSpeed}}},nPlsCount{{750000}},cControlFlag{{{nCtlValue}}}
2023-02-28 13:45:46,526 [AppLog] INFO : 手动控制墨车运动带减速停止：沿X轴方向运动 ====》《=== ====: bImmeStop{false},nAxisMask{0x1}
2023-02-28 13:45:47,555 [AppLog] INFO : 手动控制墨车运动开启，沿X轴右侧方向运动 ====》：nAxis{0},Dir{true},nPlsSpeed{100000},nPlsCount{750000},cControlFlag{2}
2023-02-28 13:45:47,976 [AppLog] INFO : 手动控制墨车运动带减速停止：沿X轴方向运动 ====》《=== ====: bImmeStop{false},nAxisMask{0x1}
2023-02-28 13:45:48,413 [AppLog] INFO : 手动控制墨车运动开启，沿X轴右侧方向运动 ====》：nAxis{0},Dir{true},nPlsSpeed{100000},nPlsCount{750000},cControlFlag{2}
2023-02-28 13:45:53,296 [AppLog] INFO : 手动控制墨车运动带减速停止：沿X轴方向运动 ====》《=== ====: bImmeStop{false},nAxisMask{0x1}
2023-02-28 13:45:53,483 [AppLog] INFO : 手动控制墨车运动开启，沿X轴右侧方向运动 ====》：nAxis{0},Dir{true},nPlsSpeed{100000},nPlsCount{750000},cControlFlag{2}
2023-02-28 13:45:53,561 [AppLog] INFO : 手动控制墨车运动带减速停止：沿X轴方向运动 ====》《=== ====: bImmeStop{false},nAxisMask{0x1}
2023-02-28 13:45:53,686 [AppLog] INFO : 手动控制墨车运动开启，沿X轴右侧方向运动 ====》：nAxis{0},Dir{true},nPlsSpeed{100000},nPlsCount{750000},cControlFlag{2}
2023-02-28 13:45:53,733 [AppLog] INFO : 手动控制墨车运动带减速停止：沿X轴方向运动 ====》《=== ====: bImmeStop{false},nAxisMask{0x1}
2023-02-28 13:45:53,858 [AppLog] INFO : 手动控制墨车运动开启，沿X轴右侧方向运动 ====》：nAxis{0},Dir{true},nPlsSpeed{100000},nPlsCount{750000},cControlFlag{2}
2023-02-28 13:45:53,920 [AppLog] INFO : 手动控制墨车运动带减速停止：沿X轴方向运动 ====》《=== ====: bImmeStop{false},nAxisMask{0x1}
2023-02-28 13:45:54,029 [AppLog] INFO : 手动控制墨车运动开启，沿X轴右侧方向运动 ====》：nAxis{0},Dir{true},nPlsSpeed{100000},nPlsCount{750000},cControlFlag{2}
2023-02-28 13:45:54,076 [AppLog] INFO : 手动控制墨车运动带减速停止：沿X轴方向运动 ====》《=== ====: bImmeStop{false},nAxisMask{0x1}
2023-02-28 13:45:54,216 [AppLog] INFO : 手动控制墨车运动开启，沿X轴右侧方向运动 ====》：nAxis{0},Dir{true},nPlsSpeed{100000},nPlsCount{750000},cControlFlag{2}
2023-02-28 13:45:54,248 [AppLog] INFO : 手动控制墨车运动带减速停止：沿X轴方向运动 ====》《=== ====: bImmeStop{false},nAxisMask{0x1}
2023-02-28 13:45:54,372 [AppLog] INFO : 手动控制墨车运动开启，沿X轴右侧方向运动 ====》：nAxis{0},Dir{true},nPlsSpeed{100000},nPlsCount{750000},cControlFlag{2}
2023-02-28 13:45:54,778 [AppLog] INFO : 手动控制墨车运动带减速停止：沿X轴方向运动 ====》《=== ====: bImmeStop{false},nAxisMask{0x1}
2023-02-28 13:45:55,043 [AppLog] INFO : 手动控制墨车运动开启，沿X轴右侧方向运动 ====》：nAxis{0},Dir{true},nPlsSpeed{100000},nPlsCount{750000},cControlFlag{2}
2023-02-28 13:45:55,152 [AppLog] INFO : 手动控制墨车运动带减速停止：沿X轴方向运动 ====》《=== ====: bImmeStop{false},nAxisMask{0x1}
2023-02-28 13:45:55,246 [AppLog] INFO : 手动控制墨车运动开启，沿X轴右侧方向运动 ====》：nAxis{0},Dir{true},nPlsSpeed{100000},nPlsCount{750000},cControlFlag{2}
2023-02-28 13:45:55,574 [AppLog] INFO : 手动控制墨车运动带减速停止：沿X轴方向运动 ====》《=== ====: bImmeStop{false},nAxisMask{0x1}
2023-02-28 13:45:55,698 [AppLog] INFO : 手动控制墨车运动开启，沿X轴右侧方向运动 ====》：nAxis{0},Dir{true},nPlsSpeed{100000},nPlsCount{750000},cControlFlag{2}
2023-02-28 13:45:55,823 [AppLog] INFO : 手动控制墨车运动带减速停止：沿X轴方向运动 ====》《=== ====: bImmeStop{false},nAxisMask{0x1}
2023-02-28 13:45:56,010 [AppLog] INFO : 手动控制墨车运动开启，沿X轴右侧方向运动 ====》：nAxis{0},Dir{true},nPlsSpeed{100000},nPlsCount{750000},cControlFlag{2}
2023-02-28 13:45:56,104 [AppLog] INFO : 手动控制墨车运动带减速停止：沿X轴方向运动 ====》《=== ====: bImmeStop{false},nAxisMask{0x1}
2023-02-28 13:45:56,213 [AppLog] INFO : 手动控制墨车运动开启，沿X轴右侧方向运动 ====》：nAxis{0},Dir{true},nPlsSpeed{100000},nPlsCount{750000},cControlFlag{2}
2023-02-28 13:45:56,291 [AppLog] INFO : 手动控制墨车运动带减速停止：沿X轴方向运动 ====》《=== ====: bImmeStop{false},nAxisMask{0x1}
2023-02-28 13:45:56,416 [AppLog] INFO : 手动控制墨车运动开启，沿X轴右侧方向运动 ====》：nAxis{0},Dir{true},nPlsSpeed{100000},nPlsCount{750000},cControlFlag{2}
2023-02-28 13:45:56,463 [AppLog] INFO : 手动控制墨车运动带减速停止：沿X轴方向运动 ====》《=== ====: bImmeStop{false},nAxisMask{0x1}
2023-02-28 13:45:56,603 [AppLog] INFO : 手动控制墨车运动开启，沿X轴右侧方向运动 ====》：nAxis{0},Dir{true},nPlsSpeed{100000},nPlsCount{750000},cControlFlag{2}
2023-02-28 13:45:56,634 [AppLog] INFO : 手动控制墨车运动带减速停止：沿X轴方向运动 ====》《=== ====: bImmeStop{false},nAxisMask{0x1}
2023-02-28 13:45:56,790 [AppLog] INFO : 手动控制墨车运动开启，沿X轴右侧方向运动 ====》：nAxis{0},Dir{true},nPlsSpeed{100000},nPlsCount{750000},cControlFlag{2}
2023-02-28 13:45:56,822 [AppLog] INFO : 手动控制墨车运动带减速停止：沿X轴方向运动 ====》《=== ====: bImmeStop{false},nAxisMask{0x1}
2023-02-28 13:45:56,931 [AppLog] INFO : 手动控制墨车运动开启，沿X轴右侧方向运动 ====》：nAxis{0},Dir{true},nPlsSpeed{100000},nPlsCount{750000},cControlFlag{2}
2023-02-28 13:45:56,993 [AppLog] INFO : 手动控制墨车运动带减速停止：沿X轴方向运动 ====》《=== ====: bImmeStop{false},nAxisMask{0x1}
2023-02-28 13:45:57,118 [AppLog] INFO : 手动控制墨车运动开启，沿X轴右侧方向运动 ====》：nAxis{0},Dir{true},nPlsSpeed{100000},nPlsCount{750000},cControlFlag{2}
2023-02-28 13:45:57,180 [AppLog] INFO : 手动控制墨车运动带减速停止：沿X轴方向运动 ====》《=== ====: bImmeStop{false},nAxisMask{0x1}
2023-02-28 13:45:57,305 [AppLog] INFO : 手动控制墨车运动开启，沿X轴右侧方向运动 ====》：nAxis{0},Dir{true},nPlsSpeed{100000},nPlsCount{750000},cControlFlag{2}
2023-02-28 13:45:57,352 [AppLog] INFO : 手动控制墨车运动带减速停止：沿X轴方向运动 ====》《=== ====: bImmeStop{false},nAxisMask{0x1}
2023-02-28 13:45:57,461 [AppLog] INFO : 手动控制墨车运动开启，沿X轴右侧方向运动 ====》：nAxis{0},Dir{true},nPlsSpeed{100000},nPlsCount{750000},cControlFlag{2}
2023-02-28 13:45:57,508 [AppLog] INFO : 手动控制墨车运动带减速停止：沿X轴方向运动 ====》《=== ====: bImmeStop{false},nAxisMask{0x1}
2023-02-28 13:45:57,633 [AppLog] INFO : 手动控制墨车运动开启，沿X轴右侧方向运动 ====》：nAxis{0},Dir{true},nPlsSpeed{100000},nPlsCount{750000},cControlFlag{2}
2023-02-28 13:45:57,648 [AppLog] INFO : 手动控制墨车运动带减速停止：沿X轴方向运动 ====》《=== ====: bImmeStop{false},nAxisMask{0x1}
2023-02-28 13:45:57,758 [AppLog] INFO : 手动控制墨车运动开启，沿X轴右侧方向运动 ====》：nAxis{0},Dir{true},nPlsSpeed{100000},nPlsCount{750000},cControlFlag{2}
2023-02-28 13:45:57,836 [AppLog] INFO : 手动控制墨车运动带减速停止：沿X轴方向运动 ====》《=== ====: bImmeStop{false},nAxisMask{0x1}
2023-02-28 13:45:58,475 [AppLog] INFO : 手动控制墨车运动开启：沿X轴左侧方向运动 《====：nAxis{{0}},Dir{{false}},nPlsSpeed{{{nSpeed}}},nPlsCount{{750000}},cControlFlag{{{nCtlValue}}}
2023-02-28 13:45:58,881 [AppLog] INFO : 手动控制墨车运动带减速停止：沿X轴方向运动 ====》《=== ====: bImmeStop{false},nAxisMask{0x1}
2023-02-28 13:45:59,630 [AppLog] INFO : 手动控制墨车运动开启，沿X轴右侧方向运动 ====》：nAxis{0},Dir{true},nPlsSpeed{100000},nPlsCount{750000},cControlFlag{2}
2023-02-28 13:45:59,926 [AppLog] INFO : 手动控制墨车运动带减速停止：沿X轴方向运动 ====》《=== ====: bImmeStop{false},nAxisMask{0x1}
2023-02-28 13:46:00,238 [AppLog] INFO : 手动控制墨车运动开启，沿X轴右侧方向运动 ====》：nAxis{0},Dir{true},nPlsSpeed{100000},nPlsCount{750000},cControlFlag{2}
2023-02-28 13:46:00,285 [AppLog] INFO : 手动控制墨车运动带减速停止：沿X轴方向运动 ====》《=== ====: bImmeStop{false},nAxisMask{0x1}
2023-02-28 13:46:00,394 [AppLog] INFO : 手动控制墨车运动开启，沿X轴右侧方向运动 ====》：nAxis{0},Dir{true},nPlsSpeed{100000},nPlsCount{750000},cControlFlag{2}
2023-02-28 13:46:00,456 [AppLog] INFO : 手动控制墨车运动带减速停止：沿X轴方向运动 ====》《=== ====: bImmeStop{false},nAxisMask{0x1}
2023-02-28 13:46:00,597 [AppLog] INFO : 手动控制墨车运动开启，沿X轴右侧方向运动 ====》：nAxis{0},Dir{true},nPlsSpeed{100000},nPlsCount{750000},cControlFlag{2}
2023-02-28 13:46:00,628 [AppLog] INFO : 手动控制墨车运动带减速停止：沿X轴方向运动 ====》《=== ====: bImmeStop{false},nAxisMask{0x1}
2023-02-28 13:46:00,753 [AppLog] INFO : 手动控制墨车运动开启，沿X轴右侧方向运动 ====》：nAxis{0},Dir{true},nPlsSpeed{100000},nPlsCount{750000},cControlFlag{2}
2023-02-28 13:46:00,784 [AppLog] INFO : 手动控制墨车运动带减速停止：沿X轴方向运动 ====》《=== ====: bImmeStop{false},nAxisMask{0x1}
2023-02-28 13:46:00,924 [AppLog] INFO : 手动控制墨车运动开启，沿X轴右侧方向运动 ====》：nAxis{0},Dir{true},nPlsSpeed{100000},nPlsCount{750000},cControlFlag{2}
2023-02-28 13:46:00,971 [AppLog] INFO : 手动控制墨车运动带减速停止：沿X轴方向运动 ====》《=== ====: bImmeStop{false},nAxisMask{0x1}
2023-02-28 13:46:01,814 [AppLog] INFO : 手动控制墨车运动开启：沿Y轴后侧方向运动 ↓↓↓：nAxis{{1}},Dir{{true}},nPlsSpeed{{{nSpeed}}},nPlsCount{{750000}},cControlFlag{{{nCtlValue}}}
2023-02-28 13:46:03,218 [AppLog] INFO : 手动控制墨车运动带减速停止：沿Y轴方向运动 ↑↑↑↓↓↓ ====: bImmeStop{{false}},nAxisMask{{0x2}}
2023-02-28 13:46:11,470 [AppLog] INFO : 进入气压控制卡参数监控状态时
2023-02-28 13:46:17,320 [AppLog] INFO : 进入气压控制卡参数设置状态时
2023-02-28 13:46:28,614 [AppLog] INFO : 进入气压控制卡参数监控状态时
2023-02-28 13:46:28,630 [AppLog] INFO : 进入气压控制卡参数设置状态时
2023-02-28 13:46:38,676 [AppLog] INFO : 进入气压控制卡参数监控状态时
2023-02-28 13:46:38,692 [AppLog] INFO : 进入气压控制卡参数设置状态时
2023-02-28 13:46:41,219 [AppLog] INFO : 退出手动调试子模块，未执行修改
==========================================================================
2023-02-28 13:46:42,218 [AppLog] INFO : 进入手动调试子模块！
2023-02-28 13:46:55,197 [AppLog] INFO : 进入气压控制卡参数监控状态时
2023-02-28 13:47:14,619 [AppLog] INFO : 更新气压控制卡参数：DEV_AdibControl:二级墨盒加热电压：{12V}；MCU_SetPhVoltage:二级墨盒加热温度：{45℃}MCU_SetPhVoltage:负压目标值：{System.Single[]kPa}MCU_SetPhVoltage:负压阈值：{0.16kPa}
2023-02-28 13:47:17,443 [AppLog] INFO : 进入气压控制卡参数设置状态时
2023-02-28 13:47:28,253 [AppLog] INFO : 进入气压控制卡参数监控状态时
2023-02-28 13:47:28,331 [AppLog] INFO : 进入气压控制卡参数设置状态时
2023-02-28 13:47:40,125 [AppLog] INFO : 进入气压控制卡参数监控状态时
2023-02-28 13:47:40,141 [AppLog] INFO : 进入气压控制卡参数设置状态时
2023-02-28 13:47:50,187 [AppLog] INFO : 进入气压控制卡参数监控状态时
2023-02-28 13:47:50,203 [AppLog] INFO : 退出手动调试子模块，未执行修改
==========================================================================
2023-02-28 13:47:51,731 [AppLog] INFO : 进入手动调试子模块！
2023-02-28 13:48:03,728 [AppLog] INFO : 进入气压控制卡参数监控状态时
2023-02-28 13:48:05,725 [AppLog] INFO : 进入气压控制卡参数设置状态时
2023-02-28 13:48:28,157 [AppLog] INFO : 进入气压控制卡参数监控状态时
2023-02-28 13:48:33,851 [AppLog] INFO : 进入气压控制卡参数设置状态时
2023-02-28 13:48:57,876 [AppLog] INFO : 进入气压控制卡参数监控状态时
2023-02-28 13:48:57,891 [AppLog] INFO : 进入气压控制卡参数设置状态时
2023-02-28 13:49:07,922 [AppLog] INFO : 进入气压控制卡参数监控状态时
2023-02-28 13:49:07,938 [AppLog] INFO : 退出手动调试子模块，未执行修改
==========================================================================
2023-02-28 13:49:09,404 [AppLog] INFO : 进入手动调试子模块！
2023-02-28 13:49:28,748 [AppLog] INFO : 进入气压控制卡参数监控状态时
2023-02-28 13:49:43,084 [AppLog] INFO : 更新气压控制卡参数：DEV_AdibControl:二级墨盒加热电压：{12V}；MCU_SetPhVoltage:二级墨盒加热温度：{45℃}MCU_SetPhVoltage:负压目标值：{System.Single[]kPa}MCU_SetPhVoltage:负压阈值：{0.16kPa}
2023-02-28 13:49:45,612 [AppLog] INFO : 进入气压控制卡参数设置状态时
2023-02-28 13:50:03,723 [AppLog] INFO : 更新波形路径：DEV_UpdateParam：{D:\Release\波形文件\ricoh_phcfg16 - wave4.rhdat}
2023-02-28 13:50:09,058 [AppLog] INFO : 重新加载完波形：DEV_ReloadWaveForm！
2023-02-28 13:50:20,072 [AppLog] INFO : 更新喷头电压及温度参数成功：MCU_SetPhVoltage:1号喷头电压：{18V,18V,18V,18V}；MCU_SetPhVoltage:1号喷头温度：{25℃}
2023-02-28 13:50:38,184 [AppLog] INFO : 进入气压控制卡参数监控状态时
2023-02-28 13:50:40,009 [AppLog] INFO : 进入气压控制卡参数设置状态时
2023-02-28 13:50:50,664 [AppLog] INFO : 进入气压控制卡参数监控状态时
2023-02-28 13:50:50,679 [AppLog] INFO : 进入气压控制卡参数设置状态时
2023-02-28 13:51:01,927 [AppLog] INFO : 进入气压控制卡参数监控状态时
2023-02-28 13:51:13,143 [AppLog] INFO : 更新气压控制卡参数：DEV_AdibControl:二级墨盒加热电压：{12V}；MCU_SetPhVoltage:二级墨盒加热温度：{45℃}MCU_SetPhVoltage:负压目标值：{System.Single[]kPa}MCU_SetPhVoltage:负压阈值：{0.16kPa}
2023-02-28 13:51:41,411 [AppLog] INFO : 更新气压控制卡参数：DEV_AdibControl:二级墨盒加热电压：{12V}；MCU_SetPhVoltage:二级墨盒加热温度：{45℃}MCU_SetPhVoltage:负压目标值：{System.Single[]kPa}MCU_SetPhVoltage:负压阈值：{0.16kPa}
2023-02-28 13:51:43,392 [AppLog] INFO : 进入气压控制卡参数设置状态时
2023-02-28 13:52:02,549 [AppLog] INFO : 进入气压控制卡参数监控状态时
2023-02-28 13:52:02,564 [AppLog] INFO : 进入气压控制卡参数设置状态时
2023-02-28 13:52:05,123 [AppLog] INFO : 退出手动调试子模块，未执行修改
==========================================================================
2023-02-28 13:52:06,870 [AppLog] INFO : 开启系统：板卡通讯，伺服供电，照明系统，UV/HR固化系统！
2023-02-28 13:52:07,728 [AppLog] INFO : 关闭系统：一键关闭系统开始！
2023-02-28 13:52:12,938 [AppLog] INFO : 关闭系统：一键关闭系统结束！
2023-02-28 13:52:12,938 [AppLog] INFO : 喷墨控制器的所有轴输出关闭！
2023-02-28 13:52:12,969 [AppLog] INFO : 喷墨控制器关闭！
2023-02-28 13:52:12,985 [AppLog] INFO : 进入电气控制模块
2023-02-28 13:52:14,139 [AppLog] INFO : 电气控制模块：手动关闭端口14
2023-02-28 13:52:14,763 [AppLog] INFO : 电气控制模块：手动关闭端口15
2023-02-28 13:52:15,325 [AppLog] INFO : 电气控制模块：手动关闭端口7
2023-02-28 13:52:15,996 [AppLog] INFO : 退出电气控制模块
2023-02-28 13:52:17,665 [AppLog] INFO : 开启系统：板卡通讯，伺服供电，照明系统，UV/HR固化系统！
2023-02-28 13:52:17,665 [AppLog] INFO : 开启系统：一键启动系统开始！
2023-02-28 13:52:22,735 [AppLog] INFO : 开启系统：一键启动系统结束！
2023-02-28 13:52:55,308 [AppLog] INFO : 初始化喷墨控制器！
2023-02-28 13:52:55,448 [AppLog] INFO : 红外灯控制器485通讯建立！
2023-02-28 13:52:55,448 [AppLog] INFO : 进入电气控制模块
2023-02-28 13:52:56,759 [AppLog] INFO : 电气控制模块：手动打开端口15
2023-02-28 13:52:57,773 [AppLog] INFO : 电气控制模块：手动打开端口14
2023-02-28 13:52:58,100 [AppLog] INFO : 电气控制模块：手动打开端口7
2023-02-28 13:52:58,756 [AppLog] INFO : 退出电气控制模块
2023-02-28 13:52:59,832 [AppLog] INFO : 进入手动调试子模块！
2023-02-28 13:53:15,494 [AppLog] INFO : 进入气压控制卡参数监控状态时
2023-02-28 13:53:19,192 [AppLog] INFO : 进入气压控制卡参数设置状态时
2023-02-28 13:53:44,448 [AppLog] INFO : 进入气压控制卡参数监控状态时
2023-02-28 13:53:44,464 [AppLog] INFO : 进入气压控制卡参数设置状态时
2023-02-28 13:53:56,320 [AppLog] INFO : 进入气压控制卡参数监控状态时
2023-02-28 13:53:56,366 [AppLog] INFO : 进入气压控制卡参数设置状态时
2023-02-28 13:53:59,424 [AppLog] INFO : 退出手动调试子模块，未执行修改
==========================================================================
2023-02-28 13:54:00,610 [AppLog] INFO : 进入手动调试子模块！
2023-02-28 13:54:16,444 [AppLog] INFO : 进入气压控制卡参数监控状态时
2023-02-28 13:54:35,991 [AppLog] INFO : 更新气压控制卡参数：DEV_AdibControl:二级墨盒加热电压：{12V}；MCU_SetPhVoltage:二级墨盒加热温度：{45℃}MCU_SetPhVoltage:负压目标值：{System.Single[]kPa}MCU_SetPhVoltage:负压阈值：{0.16kPa}
2023-02-28 13:54:40,983 [AppLog] INFO : 进入气压控制卡参数设置状态时
2023-02-28 13:55:12,697 [AppLog] INFO : 进入气压控制卡参数监控状态时
2023-02-28 13:55:24,351 [AppLog] INFO : 进入气压控制卡参数设置状态时
2023-02-28 13:56:07,235 [AppLog] INFO : 进入气压控制卡参数监控状态时
2023-02-28 13:56:07,251 [AppLog] INFO : 进入气压控制卡参数设置状态时
2023-02-28 13:56:22,710 [AppLog] INFO : 进入气压控制卡参数监控状态时
2023-02-28 13:56:22,726 [AppLog] INFO : 进入气压控制卡参数设置状态时
2023-02-28 13:56:39,184 [AppLog] INFO : 退出手动调试子模块，未执行修改
==========================================================================
2023-02-28 13:56:40,260 [AppLog] INFO : 进入手动调试子模块！
2023-02-28 13:57:00,759 [AppLog] INFO : 进入气压控制卡参数监控状态时
2023-02-28 13:57:25,719 [AppLog] INFO : 更新气压控制卡参数：DEV_AdibControl:二级墨盒加热电压：{12V}；MCU_SetPhVoltage:二级墨盒加热温度：{45℃}MCU_SetPhVoltage:负压目标值：{System.Single[]kPa}MCU_SetPhVoltage:负压阈值：{0.16kPa}
2023-02-28 13:57:39,899 [AppLog] INFO : 更新气压控制卡参数：DEV_AdibControl:二级墨盒加热电压：{12V}；MCU_SetPhVoltage:二级墨盒加热温度：{45℃}MCU_SetPhVoltage:负压目标值：{System.Single[]kPa}MCU_SetPhVoltage:负压阈值：{0.16kPa}
2023-02-28 13:57:54,064 [AppLog] INFO : 更新气压控制卡参数：DEV_AdibControl:二级墨盒加热电压：{12V}；MCU_SetPhVoltage:二级墨盒加热温度：{45℃}MCU_SetPhVoltage:负压目标值：{System.Single[]kPa}MCU_SetPhVoltage:负压阈值：{0.16kPa}
2023-02-28 13:58:08,229 [AppLog] INFO : 更新气压控制卡参数：DEV_AdibControl:二级墨盒加热电压：{12V}；MCU_SetPhVoltage:二级墨盒加热温度：{45℃}MCU_SetPhVoltage:负压目标值：{System.Single[]kPa}MCU_SetPhVoltage:负压阈值：{0.16kPa}
2023-02-28 13:58:22,347 [AppLog] INFO : 更新气压控制卡参数：DEV_AdibControl:二级墨盒加热电压：{12V}；MCU_SetPhVoltage:二级墨盒加热温度：{45℃}MCU_SetPhVoltage:负压目标值：{System.Single[]kPa}MCU_SetPhVoltage:负压阈值：{0.16kPa}
2023-02-28 13:58:38,852 [AppLog] INFO : 进入气压控制卡参数设置状态时
2023-02-28 13:58:57,821 [AppLog] INFO : 退出手动调试子模块，未执行修改
==========================================================================
2023-02-28 13:58:58,898 [AppLog] INFO : 开启系统：板卡通讯，伺服供电，照明系统，UV/HR固化系统！
2023-02-28 13:58:59,662 [AppLog] INFO : 关闭系统：一键关闭系统开始！
2023-02-28 13:59:04,857 [AppLog] INFO : 关闭系统：一键关闭系统结束！
2023-02-28 13:59:04,857 [AppLog] INFO : 喷墨控制器的所有轴输出关闭！
2023-02-28 13:59:04,888 [AppLog] INFO : 喷墨控制器关闭！
2023-02-28 13:59:04,888 [AppLog] INFO : 进入电气控制模块
2023-02-28 13:59:05,824 [AppLog] INFO : 电气控制模块：手动关闭端口14
2023-02-28 13:59:06,183 [AppLog] INFO : 电气控制模块：手动关闭端口7
2023-02-28 13:59:06,901 [AppLog] INFO : 电气控制模块：手动关闭端口15
2023-02-28 13:59:07,447 [AppLog] INFO : 退出电气控制模块
2023-02-28 13:59:15,949 [AppLog] INFO : 软件及设备关停中：墨车所有方向运动确认停止（X,Y,Y2)： bImmeStop{False},nAxisMask{0x7}
2023-02-28 13:59:15,964 [AppLog] INFO : 软件及设备关停中：喷墨控制器板卡系统关闭（X,Y,Y2)：DEV_CloseDevice
2023-02-28 13:59:16,635 [AppLog] INFO : 软件及设备关停成功
==========================================================================
操作系统:{Microsoft Windows 7 旗舰版 }
运行环境:{ .Net Framework Enviroment Version 4.0.30319.42000}
盘符：D
CPU使用率：{26.78539%} ，可用内存大小:{14332MB}，硬盘剩余空间：
  盘符 C:\ 的剩余空间：82 GB
  盘符 D:\ 的剩余空间：95 GB
==========================================================================
