2023-08-06 13:19:03,923 [AppLog] INFO : 软件开机密码正确，登录成功1次
==========================================================================
操作系统:{Microsoft Windows 7 旗舰版 }
运行环境:{ .Net Framework Enviroment Version 4.0.30319.42000}
盘符：D
CPU使用率：{8.928097%} ，可用内存大小:{14380MB}，硬盘剩余空间：
  盘符 C:\ 的剩余空间：70 GB
  盘符 D:\ 的剩余空间：73 GB
硬件配置情况：
  CPU 厂家: GenuineIntel CPU 型号: Intel(R) Core(TM) i7-4770 CPU @ 3.40GHz
  内存条厂家: Kingston 内存条型号: 99P5471-043.A00LF 
  内存条厂家: Kingston 内存条型号: 99P5471-043.A00LF 
  硬盘厂家: (标准磁盘驱动器) 硬盘型号: Micron_1300_MTFDDAK256TDL ATA Device
==========================================================================
2023-08-06 13:19:05,405 [AppLog] INFO : 开启系统：板卡通讯，伺服供电，照明系统，UV/HR固化系统！
2023-08-06 13:19:05,405 [AppLog] INFO : 开启系统：一键启动系统开始！
2023-08-06 13:19:11,489 [AppLog] INFO : 开启系统：一键启动系统结束！
2023-08-06 13:19:11,692 [AppLog] INFO : 创建：AutoPrintMotion0=》初次创建完成-手动操作！
2023-08-06 13:19:11,770 [AppLog] INFO : 初始化喷墨控制器启动！
2023-08-06 13:19:35,544 [AppLog] INFO : 打开喷墨控制器设备成功！
2023-08-06 13:19:35,560 [AppLog] INFO : 输入校准值1次{成功}，打印往返差校准值为：BiDirEncPrtOff{5},分频值{8},打印速度{300mm/s}
2023-08-06 13:19:35,950 [AppLog] INFO : PASS打印前关键状态：DEV_GetDeviceInfo：LPPRINTER_INFO:nXSysEncDPI{5080}nStatus{909129520}nPrintStatus{0}bSuperDevice{1}
LPPRINTER_INFO-LPPrtRunInfo:bJobPrtRuning{False}bLayerPrtIsOver{False}nContReqMemErr{0}nContWDErr{0}nCurPrtDir{0}nDTLayerIndex{0}nDTLayerPassIndex{0}nDTPtrCtlIndex{0}nLayerPassCount{0}nPrintLayerIndex{0}nPrintPassIndex{0}nProcLayerIndex{0}nPrtDataMemAddr{0}nPrtState{0}nReverse{System.Int32[]}nRevPrtCols{0}
LPPRINTER_INFO-LPDRVINFO:nFMVersion{45074}nFpgaVersion{539038216}nPCBVersion{0}nState{0}nNextState{0}nPtvwarnState{0}nCrc32{0}nRevInfo{System.UInt32[]}nSignature{0}
2023-08-06 13:19:38,929 [AppLog] INFO : 初始化喷墨控制器成功！
2023-08-06 13:19:38,929 [AppLog] INFO : 进入：EquipmentMotionLogic3=》准备创建对象-手动操作！
2023-08-06 13:19:38,961 [AppLog] INFO : 进入：EquipmentMotionLogic3=》创建完成-手动操作！
2023-08-06 13:19:39,101 [AppLog] INFO : 红外灯控制器485通讯建立！
2023-08-06 13:19:39,101 [AppLog] INFO : 进入电气控制模块
2023-08-06 13:19:55,824 [AppLog] INFO : 退出电气控制模块
2023-08-06 13:21:47,193 [AppLog] INFO : 进入数据加载模块
2023-08-06 13:22:58,719 [AppLog] INFO : CAD数据加载：添加.bjgroup格式CAD数据成功-D:\Release-3DPrintingForBinderJetting-V2.0\CLI输入文件\dayingjian-0720.bjgroup
2023-08-06 13:24:04,146 [AppLog] INFO : 进入手动调试子模块！
2023-08-06 13:24:04,146 [AppLog] INFO : 进入：ManulBtn_Click=》准备创建对象-手动操作！
2023-08-06 13:24:04,177 [AppLog] INFO : 创建：ManualControl=》创建完成-手动操作！
2023-08-06 13:24:04,177 [AppLog] INFO : 加载成功：温控Modbus接口！
2023-08-06 13:24:06,610 [AppLog] INFO : 退出手动调试子模块，未执行修改
==========================================================================
2023-08-06 13:24:10,276 [AppLog] INFO : 进入手动调试子模块！
2023-08-06 13:24:10,276 [AppLog] INFO : 进入：ManulBtn_Click=》准备创建对象-手动操作！
2023-08-06 13:24:10,308 [AppLog] INFO : 创建：ManualControl=》创建完成-手动操作！
2023-08-06 13:24:10,308 [AppLog] INFO : 加载成功：温控Modbus接口！
2023-08-06 13:24:37,202 [AppLog] INFO : 退出手动调试子模块,已执行修改
==========================================================================
2023-08-06 13:24:38,029 [AppLog] INFO : 显示模组校准栏
2023-08-06 13:24:40,057 [AppLog] INFO : 不显示模组校准栏
2023-08-06 13:24:42,303 [AppLog] INFO : 进入JOB参数设置：修改前初始参数：灰度数据格式{1bits}打印灰阶{1阶}m_XPrintDpi{System.Single[]Dpi}墨车运动速度{300MM/s}X向起打位置{50MM}X向起打位置偏移{0MM}Y向起打位置偏移{15MM}
2023-08-06 13:30:13,117 [AppLog] INFO : 退出JOB参数设置：修改后参数：灰度数据格式{1bits}打印灰阶{1阶}m_XPrintDpi{63.5,95.25,127,158.75,190.5,222.25,254,285.75,317.5,349.25,381,412.75,444.5,476.25,508,539.75,571.5,603.25,635,666.75,698.5,730.25,762,793.75,825.5,857.25,889,920.75,952.5,1270,2540Dpi}当前打印任务选定DPI{603.25}墨车运动速度{300MM/s}X向起打位置{50MM}X向起打位置偏移{0MM}Y向起打位置偏移{15MM}
2023-08-06 13:30:14,209 [AppLog] INFO : 监控记录设置！
2023-08-06 13:30:16,331 [AppLog] INFO : 更新监控配置文件：SaveJsonFile：配置文件路径{D:\Release-3DPrintingForBinderJetting-V2.0\MonitorPrint-Configuration.json}m_sMonitorRecordPath{D:\shibiao-daying-0523}m_sPrintJobName{Shibiao-0523-test11}m_anJettingBinderBedMonitorFlags{False,False,False,False,False,False,True,False,False,False,False,True,}
2023-08-06 13:30:18,297 [AppLog] INFO : 进入手动调试子模块！
2023-08-06 13:30:18,297 [AppLog] INFO : 进入：ManulBtn_Click=》准备创建对象-手动操作！
2023-08-06 13:30:18,328 [AppLog] INFO : 创建：ManualControl=》创建完成-手动操作！
2023-08-06 13:30:18,328 [AppLog] INFO : 加载成功：温控Modbus接口！
2023-08-06 13:30:27,922 [AppLog] INFO : 退出手动调试子模块，未执行修改
==========================================================================
2023-08-06 13:39:15,234 [AppLog] INFO : 开启系统：板卡通讯，伺服供电，照明系统，UV/HR固化系统！
2023-08-06 13:39:17,621 [AppLog] INFO : 关闭系统：一键关闭系统开始！
2023-08-06 13:39:23,830 [AppLog] INFO : 关闭系统：一键关闭系统结束！
2023-08-06 13:39:23,830 [AppLog] INFO : 喷墨控制器的所有轴输出关闭！
2023-08-06 13:39:27,028 [AppLog] INFO : 喷墨控制器关闭！
2023-08-06 13:39:27,028 [AppLog] INFO : 创建：AutoPrintMotion0=》不需重新创建-手动操作！
2023-08-06 13:39:27,028 [AppLog] INFO : 进入电气控制模块
2023-08-06 13:39:28,806 [AppLog] INFO : 退出电气控制模块
2023-08-06 13:39:29,851 [AppLog] INFO : 进入电气控制模块
2023-08-06 13:39:31,801 [AppLog] INFO : 退出电气控制模块
2023-08-06 13:39:32,566 [AppLog] INFO : 开启系统：板卡通讯，伺服供电，照明系统，UV/HR固化系统！
2023-08-06 13:39:32,566 [AppLog] INFO : 开启系统：一键启动系统开始！
2023-08-06 13:39:38,650 [AppLog] INFO : 开启系统：一键启动系统结束！
2023-08-06 13:39:38,650 [AppLog] INFO : 创建：AutoPrintMotion0=》不需重新创建-手动操作！
2023-08-06 13:39:38,650 [AppLog] INFO : 初始化喷墨控制器启动！
2023-08-06 13:40:01,660 [AppLog] INFO : 打开喷墨控制器设备成功！
2023-08-06 13:40:01,691 [AppLog] INFO : 输入校准值1次{成功}，打印往返差校准值为：BiDirEncPrtOff{5},分频值{8},打印速度{300mm/s}
2023-08-06 13:40:02,081 [AppLog] INFO : PASS打印前关键状态：DEV_GetDeviceInfo：LPPRINTER_INFO:nXSysEncDPI{5080}nStatus{909129520}nPrintStatus{0}bSuperDevice{1}
LPPRINTER_INFO-LPPrtRunInfo:bJobPrtRuning{False}bLayerPrtIsOver{False}nContReqMemErr{0}nContWDErr{0}nCurPrtDir{0}nDTLayerIndex{0}nDTLayerPassIndex{0}nDTPtrCtlIndex{0}nLayerPassCount{0}nPrintLayerIndex{0}nPrintPassIndex{0}nProcLayerIndex{0}nPrtDataMemAddr{0}nPrtState{0}nReverse{System.Int32[]}nRevPrtCols{0}
LPPRINTER_INFO-LPDRVINFO:nFMVersion{45074}nFpgaVersion{539038216}nPCBVersion{0}nState{0}nNextState{0}nPtvwarnState{0}nCrc32{0}nRevInfo{System.UInt32[]}nSignature{0}
2023-08-06 13:44:06,908 [AppLog] INFO : 初始化喷墨控制器成功！
2023-08-06 13:44:06,908 [AppLog] INFO : 进入：EquipmentMotionLogic3=》准备创建对象-手动操作！
2023-08-06 13:44:06,939 [AppLog] INFO : 进入：EquipmentMotionLogic3=》创建完成-手动操作！
2023-08-06 13:44:07,064 [AppLog] INFO : 红外灯控制器485通讯建立！
2023-08-06 13:44:07,064 [AppLog] INFO : 进入电气控制模块
2023-08-06 13:44:08,670 [AppLog] INFO : 退出电气控制模块
2023-08-06 13:44:41,509 [AppLog] INFO : 进入JOB参数设置：修改前初始参数：灰度数据格式{1bits}打印灰阶{1阶}m_XPrintDpi{System.Single[]Dpi}墨车运动速度{300MM/s}X向起打位置{50MM}X向起打位置偏移{0MM}Y向起打位置偏移{15MM}
2023-08-06 13:45:35,656 [AppLog] INFO : 退出JOB参数设置：修改后参数：灰度数据格式{1bits}打印灰阶{1阶}m_XPrintDpi{63.5,95.25,127,158.75,190.5,222.25,254,285.75,317.5,349.25,381,412.75,444.5,476.25,508,539.75,571.5,603.25,635,666.75,698.5,730.25,762,793.75,825.5,857.25,889,920.75,952.5,1270,2540Dpi}当前打印任务选定DPI{603.25}墨车运动速度{300MM/s}X向起打位置{50MM}X向起打位置偏移{0MM}Y向起打位置偏移{15MM}
2023-08-06 13:45:39,291 [AppLog] INFO : 监控记录设置！
2023-08-06 13:45:54,704 [AppLog] INFO : 更新监控配置文件：SaveJsonFile：配置文件路径{D:\Release-3DPrintingForBinderJetting-V2.0\MonitorPrint-Configuration.json}m_sMonitorRecordPath{D:\shibiao-daying-0523}m_sPrintJobName{Shibiao-0523-test11}m_anJettingBinderBedMonitorFlags{False,False,False,False,False,False,True,False,False,False,False,True,}
2023-08-06 13:45:57,325 [AppLog] INFO : 开启闪喷： IDP_FlashPrtCtl(true)：ReturnCode{True}
2023-08-06 13:45:58,526 [AppLog] INFO : 关闭闪喷： IDP_FlashPrtCtl(true)：ReturnCode{True}
2023-08-06 13:46:19,367 [AppLog] INFO : 进入手动调试子模块！
2023-08-06 13:46:19,367 [AppLog] INFO : 进入：ManulBtn_Click=》准备创建对象-手动操作！
2023-08-06 13:46:19,399 [AppLog] INFO : 创建：ManualControl=》创建完成-手动操作！
2023-08-06 13:46:19,399 [AppLog] INFO : 加载成功：温控Modbus接口！
2023-08-06 13:46:58,336 [AppLog] INFO : 退出手动调试子模块，未执行修改
==========================================================================
2023-08-06 13:47:00,427 [AppLog] INFO : 显示模组校准栏
2023-08-06 13:48:18,645 [AppLog] INFO : 进入电气控制模块
2023-08-06 13:48:20,283 [AppLog] INFO : 退出电气控制模块
2023-08-06 13:48:21,188 [AppLog] INFO : 不显示模组校准栏
2023-08-06 13:48:28,333 [AppLog] INFO : CAD数据删除：删除.CLI格式CAD数据成功-D:\Release-3DPrintingForBinderJetting-V2.0\CLI输入文件\0720daying-yangjiang\负泊松比（0.618壁厚3）_Rescaled(0.759878)_Rescaled(0.759878)_Rescaled(1.316).cli
2023-08-06 13:48:58,051 [AppLog] INFO : CAD数据阵列：SelectCADFile{D:\Release-3DPrintingForBinderJetting-V2.0\CLI输入文件\0720daying-yangjiang\蜂窝_Rescaled(0.625003)_Rescaled(0.625)_2.cli}
X方向间距{5MM}Y方向间距{-5MM}X方向数目{1}Y方向数目{2}
2023-08-06 13:49:04,088 [AppLog] INFO : CAD数据删除：删除.CLI格式CAD数据成功-D:\Release-3DPrintingForBinderJetting-V2.0\CLI输入文件\0720daying-yangjiang\蜂窝_Rescaled(0.625003)_Rescaled(0.625)_2-copys-1-0.cli
2023-08-06 13:52:00,290 [AppLog] INFO : CAD数据删除：删除.CLI格式CAD数据成功-D:\Release-3DPrintingForBinderJetting-V2.0\CLI输入文件\0720daying-yangjiang\4-散热器_Rescaled(1.25).cli
2023-08-06 13:52:00,290 [AppLog] INFO : CAD数据删除：删除.CLI格式CAD数据成功-D:\Release-3DPrintingForBinderJetting-V2.0\CLI输入文件\0720daying-yangjiang\one0719_Rescaled(0.500179).cli
2023-08-06 13:52:00,306 [AppLog] INFO : CAD数据删除：删除.CLI格式CAD数据成功-D:\Release-3DPrintingForBinderJetting-V2.0\CLI输入文件\0720daying-yangjiang\two0719_Rescaled(0.5)_Rescaled(0.5)_Rescaled(2).cli
2023-08-06 13:52:00,306 [AppLog] INFO : CAD数据删除：删除.CLI格式CAD数据成功-D:\Release-3DPrintingForBinderJetting-V2.0\CLI输入文件\0720daying-yangjiang\蜂窝_Rescaled(0.625003)_Rescaled(0.625).cli
2023-08-06 13:52:00,322 [AppLog] INFO : CAD数据删除：删除.CLI格式CAD数据成功-D:\Release-3DPrintingForBinderJetting-V2.0\CLI输入文件\0720daying-yangjiang\蜂窝_Rescaled(0.625003)_Rescaled(0.625)_2.cli
2023-08-06 13:52:00,322 [AppLog] INFO : CAD数据删除：删除.CLI格式CAD数据成功-D:\Release-3DPrintingForBinderJetting-V2.0\CLI输入文件\0720daying-yangjiang\铭牌（Times New Roman字体）_Rescaled(0.473653)_Rescaled(0.75)_Rescaled(0.75)_Rescaled(1.33333)_Rescaled(0.833333).cli
2023-08-06 13:52:00,322 [AppLog] INFO : CAD数据删除：删除.CLI格式CAD数据成功-D:\Release-3DPrintingForBinderJetting-V2.0\CLI输入文件\0720daying-yangjiang\铭牌（Times New Roman字体）_Rescaled(0.473653)_Rescaled(0.75)_Rescaled(0.75)_Rescaled(1.33333)_Rescaled(0.833333)_2.cli
2023-08-06 13:52:00,337 [AppLog] INFO : CAD数据删除：删除.CLI格式CAD数据成功-D:\Release-3DPrintingForBinderJetting-V2.0\CLI输入文件\0718DAYING\Box_1.cli
2023-08-06 13:52:00,337 [AppLog] INFO : CAD数据删除：删除.CLI格式CAD数据成功-D:\Release-3DPrintingForBinderJetting-V2.0\CLI输入文件\0718DAYING\Box_1-copys-0-1.cli
2023-08-06 13:52:02,443 [AppLog] INFO : 开启系统：板卡通讯，伺服供电，照明系统，UV/HR固化系统！
2023-08-06 13:52:04,721 [AppLog] INFO : 关闭系统：一键关闭系统开始！
2023-08-06 13:52:10,930 [AppLog] INFO : 关闭系统：一键关闭系统结束！
2023-08-06 13:52:10,930 [AppLog] INFO : 喷墨控制器的所有轴输出关闭！
2023-08-06 13:52:14,674 [AppLog] INFO : 喷墨控制器关闭！
2023-08-06 13:52:14,674 [AppLog] INFO : 创建：AutoPrintMotion0=》不需重新创建-手动操作！
2023-08-06 13:52:14,674 [AppLog] INFO : 进入电气控制模块
2023-08-06 13:52:17,763 [AppLog] INFO : 退出电气控制模块
2023-08-06 13:52:19,432 [AppLog] INFO : 软件及设备关停中：墨车所有方向运动确认停止（X,Y,Y2)： bImmeStop{False},nAxisMask{0x7}
2023-08-06 13:52:19,447 [AppLog] INFO : 软件及设备关停中：喷墨控制器板卡系统关闭（X,Y,Y2)：DEV_CloseDevice
2023-08-06 13:52:20,118 [AppLog] INFO : 软件及设备关停成功
==========================================================================
操作系统:{Microsoft Windows 7 旗舰版 }
运行环境:{ .Net Framework Enviroment Version 4.0.30319.42000}
盘符：D
CPU使用率：{0%} ，可用内存大小:{14056MB}，硬盘剩余空间：
  盘符 C:\ 的剩余空间：70 GB
  盘符 D:\ 的剩余空间：73 GB
==========================================================================
