2023-02-24 13:57:25,495 [AppLog] INFO : 开启系统：板卡通讯，伺服供电，照明系统，UV/HR固化系统！
2023-02-24 13:57:25,495 [AppLog] INFO : 开启系统：一键启动系统开始！
2023-02-24 13:57:30,565 [AppLog] INFO : 开启系统：一键启动系统结束！
2023-02-24 13:58:00,751 [AppLog] INFO : 初始化喷墨控制器！
2023-02-24 13:58:00,892 [AppLog] INFO : 红外灯控制器485通讯建立！
2023-02-24 13:58:00,892 [AppLog] INFO : 进入电气控制模块
2023-02-24 13:58:03,013 [AppLog] INFO : 退出电气控制模块
2023-02-24 13:58:12,857 [AppLog] INFO : 进入手动调试子模块！
2023-02-24 13:58:22,794 [AppLog] INFO : 开启墨车和铺粉车回零校准：EncoderResetBtn_Click
2023-02-24 13:58:22,794 [AppLog] INFO : 开启墨车回零校准线程：InkCarEncoderResetThread
2023-02-24 13:58:22,810 [AppLog] INFO : 开启粉车回零校准线程：PowderCarHomeResetThread
2023-02-24 13:58:33,012 [AppLog] INFO : 手动正向点动指令（8轴运控板卡系统） ====》：输出AXIS{第2轴},点动量{-116MM},运动速度{30MM/s}
2023-02-24 13:58:33,012 [AppLog] INFO : 粉车回零校准线程成功：PowderCarHomeResetThread
2023-02-24 13:58:46,600 [AppLog] INFO : 墨车回零校准线程成功：InkCarEncoderResetThread
2023-02-24 13:58:55,913 [AppLog] INFO : 手动控制墨车运动开启：沿Y轴后侧方向运动 ↓↓↓：nAxis{{1}},Dir{{true}},nPlsSpeed{{{nSpeed}}},nPlsCount{{750000}},cControlFlag{{{nCtlValue}}}
2023-02-24 13:58:58,081 [AppLog] INFO : 手动控制墨车运动带减速停止：沿Y轴方向运动 ↑↑↑↓↓↓ ====: bImmeStop{{false}},nAxisMask{{0x2}}
2023-02-24 13:58:58,300 [AppLog] INFO : 手动控制墨车运动开启：沿Y轴后侧方向运动 ↓↓↓：nAxis{{1}},Dir{{true}},nPlsSpeed{{{nSpeed}}},nPlsCount{{750000}},cControlFlag{{{nCtlValue}}}
2023-02-24 13:58:58,315 [AppLog] INFO : 手动控制墨车运动带减速停止：沿Y轴方向运动 ↑↑↑↓↓↓ ====: bImmeStop{{false}},nAxisMask{{0x2}}
2023-02-24 13:58:58,487 [AppLog] INFO : 手动控制墨车运动开启：沿Y轴后侧方向运动 ↓↓↓：nAxis{{1}},Dir{{true}},nPlsSpeed{{{nSpeed}}},nPlsCount{{750000}},cControlFlag{{{nCtlValue}}}
2023-02-24 13:58:58,487 [AppLog] INFO : 手动控制墨车运动带减速停止：沿Y轴方向运动 ↑↑↑↓↓↓ ====: bImmeStop{{false}},nAxisMask{{0x2}}
2023-02-24 13:58:58,659 [AppLog] INFO : 手动控制墨车运动开启：沿Y轴后侧方向运动 ↓↓↓：nAxis{{1}},Dir{{true}},nPlsSpeed{{{nSpeed}}},nPlsCount{{750000}},cControlFlag{{{nCtlValue}}}
2023-02-24 13:58:58,674 [AppLog] INFO : 手动控制墨车运动带减速停止：沿Y轴方向运动 ↑↑↑↓↓↓ ====: bImmeStop{{false}},nAxisMask{{0x2}}
2023-02-24 13:58:58,815 [AppLog] INFO : 手动控制墨车运动开启：沿Y轴后侧方向运动 ↓↓↓：nAxis{{1}},Dir{{true}},nPlsSpeed{{{nSpeed}}},nPlsCount{{750000}},cControlFlag{{{nCtlValue}}}
2023-02-24 13:58:58,861 [AppLog] INFO : 手动控制墨车运动带减速停止：沿Y轴方向运动 ↑↑↑↓↓↓ ====: bImmeStop{{false}},nAxisMask{{0x2}}
2023-02-24 13:58:58,986 [AppLog] INFO : 手动控制墨车运动开启：沿Y轴后侧方向运动 ↓↓↓：nAxis{{1}},Dir{{true}},nPlsSpeed{{{nSpeed}}},nPlsCount{{750000}},cControlFlag{{{nCtlValue}}}
2023-02-24 13:58:59,049 [AppLog] INFO : 手动控制墨车运动带减速停止：沿Y轴方向运动 ↑↑↑↓↓↓ ====: bImmeStop{{false}},nAxisMask{{0x2}}
2023-02-24 13:58:59,189 [AppLog] INFO : 手动控制墨车运动开启：沿Y轴后侧方向运动 ↓↓↓：nAxis{{1}},Dir{{true}},nPlsSpeed{{{nSpeed}}},nPlsCount{{750000}},cControlFlag{{{nCtlValue}}}
2023-02-24 13:58:59,236 [AppLog] INFO : 手动控制墨车运动带减速停止：沿Y轴方向运动 ↑↑↑↓↓↓ ====: bImmeStop{{false}},nAxisMask{{0x2}}
2023-02-24 13:58:59,361 [AppLog] INFO : 手动控制墨车运动开启：沿Y轴后侧方向运动 ↓↓↓：nAxis{{1}},Dir{{true}},nPlsSpeed{{{nSpeed}}},nPlsCount{{750000}},cControlFlag{{{nCtlValue}}}
2023-02-24 13:58:59,439 [AppLog] INFO : 手动控制墨车运动带减速停止：沿Y轴方向运动 ↑↑↑↓↓↓ ====: bImmeStop{{false}},nAxisMask{{0x2}}
2023-02-24 13:58:59,563 [AppLog] INFO : 手动控制墨车运动开启：沿Y轴后侧方向运动 ↓↓↓：nAxis{{1}},Dir{{true}},nPlsSpeed{{{nSpeed}}},nPlsCount{{750000}},cControlFlag{{{nCtlValue}}}
2023-02-24 13:58:59,626 [AppLog] INFO : 手动控制墨车运动带减速停止：沿Y轴方向运动 ↑↑↑↓↓↓ ====: bImmeStop{{false}},nAxisMask{{0x2}}
2023-02-24 13:58:59,735 [AppLog] INFO : 手动控制墨车运动开启：沿Y轴后侧方向运动 ↓↓↓：nAxis{{1}},Dir{{true}},nPlsSpeed{{{nSpeed}}},nPlsCount{{750000}},cControlFlag{{{nCtlValue}}}
2023-02-24 13:58:59,829 [AppLog] INFO : 手动控制墨车运动带减速停止：沿Y轴方向运动 ↑↑↑↓↓↓ ====: bImmeStop{{false}},nAxisMask{{0x2}}
2023-02-24 13:58:59,922 [AppLog] INFO : 手动控制墨车运动开启：沿Y轴后侧方向运动 ↓↓↓：nAxis{{1}},Dir{{true}},nPlsSpeed{{{nSpeed}}},nPlsCount{{750000}},cControlFlag{{{nCtlValue}}}
2023-02-24 13:59:00,000 [AppLog] INFO : 手动控制墨车运动带减速停止：沿Y轴方向运动 ↑↑↑↓↓↓ ====: bImmeStop{{false}},nAxisMask{{0x2}}
2023-02-24 13:59:00,125 [AppLog] INFO : 手动控制墨车运动开启：沿Y轴后侧方向运动 ↓↓↓：nAxis{{1}},Dir{{true}},nPlsSpeed{{{nSpeed}}},nPlsCount{{750000}},cControlFlag{{{nCtlValue}}}
2023-02-24 13:59:00,172 [AppLog] INFO : 手动控制墨车运动带减速停止：沿Y轴方向运动 ↑↑↑↓↓↓ ====: bImmeStop{{false}},nAxisMask{{0x2}}
2023-02-24 13:59:00,531 [AppLog] INFO : 手动控制墨车运动开启：沿Y轴后侧方向运动 ↓↓↓：nAxis{{1}},Dir{{true}},nPlsSpeed{{{nSpeed}}},nPlsCount{{750000}},cControlFlag{{{nCtlValue}}}
2023-02-24 13:59:00,577 [AppLog] INFO : 手动控制墨车运动带减速停止：沿Y轴方向运动 ↑↑↑↓↓↓ ====: bImmeStop{{false}},nAxisMask{{0x2}}
2023-02-24 13:59:00,749 [AppLog] INFO : 手动控制墨车运动开启：沿Y轴后侧方向运动 ↓↓↓：nAxis{{1}},Dir{{true}},nPlsSpeed{{{nSpeed}}},nPlsCount{{750000}},cControlFlag{{{nCtlValue}}}
2023-02-24 13:59:00,749 [AppLog] INFO : 手动控制墨车运动带减速停止：沿Y轴方向运动 ↑↑↑↓↓↓ ====: bImmeStop{{false}},nAxisMask{{0x2}}
2023-02-24 13:59:01,014 [AppLog] INFO : 手动控制墨车运动开启：沿Y轴后侧方向运动 ↓↓↓：nAxis{{1}},Dir{{true}},nPlsSpeed{{{nSpeed}}},nPlsCount{{750000}},cControlFlag{{{nCtlValue}}}
2023-02-24 13:59:01,077 [AppLog] INFO : 手动控制墨车运动带减速停止：沿Y轴方向运动 ↑↑↑↓↓↓ ====: bImmeStop{{false}},nAxisMask{{0x2}}
2023-02-24 13:59:01,217 [AppLog] INFO : 手动控制墨车运动开启：沿Y轴后侧方向运动 ↓↓↓：nAxis{{1}},Dir{{true}},nPlsSpeed{{{nSpeed}}},nPlsCount{{750000}},cControlFlag{{{nCtlValue}}}
2023-02-24 13:59:01,279 [AppLog] INFO : 手动控制墨车运动带减速停止：沿Y轴方向运动 ↑↑↑↓↓↓ ====: bImmeStop{{false}},nAxisMask{{0x2}}
2023-02-24 13:59:01,389 [AppLog] INFO : 手动控制墨车运动开启：沿Y轴后侧方向运动 ↓↓↓：nAxis{{1}},Dir{{true}},nPlsSpeed{{{nSpeed}}},nPlsCount{{750000}},cControlFlag{{{nCtlValue}}}
2023-02-24 13:59:01,435 [AppLog] INFO : 手动控制墨车运动带减速停止：沿Y轴方向运动 ↑↑↑↓↓↓ ====: bImmeStop{{false}},nAxisMask{{0x2}}
2023-02-24 13:59:01,841 [AppLog] INFO : 手动控制墨车运动开启：沿Y轴后侧方向运动 ↓↓↓：nAxis{{1}},Dir{{true}},nPlsSpeed{{{nSpeed}}},nPlsCount{{750000}},cControlFlag{{{nCtlValue}}}
2023-02-24 13:59:01,919 [AppLog] INFO : 手动控制墨车运动带减速停止：沿Y轴方向运动 ↑↑↑↓↓↓ ====: bImmeStop{{false}},nAxisMask{{0x2}}
2023-02-24 13:59:02,122 [AppLog] INFO : 手动控制墨车运动开启：沿Y轴后侧方向运动 ↓↓↓：nAxis{{1}},Dir{{true}},nPlsSpeed{{{nSpeed}}},nPlsCount{{750000}},cControlFlag{{{nCtlValue}}}
2023-02-24 13:59:02,122 [AppLog] INFO : 手动控制墨车运动带减速停止：沿Y轴方向运动 ↑↑↑↓↓↓ ====: bImmeStop{{false}},nAxisMask{{0x2}}
2023-02-24 13:59:07,348 [AppLog] INFO : 开启手动压墨：PushInkBtn_Click
2023-02-24 13:59:13,354 [AppLog] INFO : 停止手动压墨：PushInkBtn_Click
2023-02-24 13:59:16,614 [AppLog] INFO : 手动开启自动清洗过程：AutoCleanBtn_Click
2023-02-24 13:59:16,630 [AppLog] INFO : 进入自动清洗过程：AutoCleanThread
2023-02-24 13:59:17,410 [AppLog] INFO : 刮墨轴回零成功：motionMap.SetBackSpreaderAxis(4, 1, 2, -SinkPosition)
2023-02-24 13:59:17,426 [AppLog] INFO : 准备运动，编码器当前位置：DEM_GetAxisEncodeVal：MoveDirectionFlag{false为Y方向：True}CurrentPos{327.215}AimPos{121}
2023-02-24 13:59:17,472 [AppLog] INFO : Y方向运动开始：DEM_Run：返回值{True}nAxis{1}DirFlag{False}nSpeed{100000}MoveStep{-206215}nCtlValue{0}
2023-02-24 13:59:19,688 [AppLog] INFO : Y方向到位停止：DEM_StopAxisRun：返回值{True}CurrentPos{129.055}bImmeStop{False}nAxisMask{2}
2023-02-24 13:59:19,688 [AppLog] INFO : 准备运动，当前位置：DEV_GetPrintEncoderValue：MoveDirectionFlag{false为Y方向：False}CurrentPos{738.145}AimPos{710}
2023-02-24 13:59:19,734 [AppLog] INFO : X方向运动开始：DEM_Run：返回值{True}nAxis{0}DirFlag{False}nSpeed{100000}MoveStep{-28145}nCtlValue{2}
2023-02-24 13:59:20,202 [AppLog] INFO : X方向到位停止：DEM_StopAxisRun：返回值{True}CurrentPos{713.855}bImmeStop{False}nAxisMask{1}
2023-02-24 13:59:21,045 [AppLog] INFO : 开启压墨： motionMap.SetDo(13, true)
2023-02-24 13:59:24,056 [AppLog] INFO : 关闭压墨： motionMap.SetDo(13, true)
2023-02-24 13:59:24,071 [AppLog] INFO : 开启闪喷： IDP_FlashPrtCtl(true)：ReturnCode{True}
2023-02-24 13:59:24,071 [AppLog] INFO : 准备运动，当前位置：DEV_GetPrintEncoderValue：MoveDirectionFlag{false为Y方向：False}CurrentPos{710.115}AimPos{780}
2023-02-24 13:59:24,118 [AppLog] INFO : X方向运动开始：DEM_Run：返回值{True}nAxis{0}DirFlag{True}nSpeed{50000}MoveStep{69885}nCtlValue{2}
2023-02-24 13:59:25,600 [AppLog] INFO : X方向到位停止：DEM_StopAxisRun：返回值{True}CurrentPos{776.64}bImmeStop{False}nAxisMask{1}
2023-02-24 13:59:25,928 [AppLog] INFO : 准备运动，当前位置：DEV_GetPrintEncoderValue：MoveDirectionFlag{false为Y方向：False}CurrentPos{779.535}AimPos{710}
2023-02-24 13:59:25,990 [AppLog] INFO : X方向运动开始：DEM_Run：返回值{True}nAxis{0}DirFlag{False}nSpeed{50000}MoveStep{-69535}nCtlValue{2}
2023-02-24 13:59:27,441 [AppLog] INFO : X方向到位停止：DEM_StopAxisRun：返回值{True}CurrentPos{713.9}bImmeStop{False}nAxisMask{1}
2023-02-24 13:59:29,016 [AppLog] INFO : 结束自动清洗过程：AutoCleanThread
2023-02-24 13:59:38,064 [AppLog] INFO : 更新波形路径：DEV_UpdateParam：{D:\Release\波形文件\ricoh_phcfg16 - wave4.rhdat}
2023-02-24 13:59:38,080 [AppLog] INFO : 重新加载完波形：DEV_ReloadWaveForm！
2023-02-24 13:59:45,084 [AppLog] INFO : 更新喷头电压及温度参数成功：MCU_SetPhVoltage:1号喷头电压：{18V,18V,18V,18V}；MCU_SetPhVoltage:1号喷头温度：{25℃}
2023-02-24 13:59:48,189 [AppLog] INFO : IR固化手动出光模式：WriteSingleRegister：SlaveNumber{1}RegisterAddress{132}RegisterValue{1}
2023-02-24 13:59:48,251 [AppLog] INFO : IR固化更新功率为设定值：WriteSingleRegister：SlaveNumber{1}RegisterAddress{121}目标温度{40℃}
2023-02-24 13:59:50,014 [AppLog] INFO : IR固化手动出光模式：WriteSingleRegister：SlaveNumber{1}RegisterAddress{132}RegisterValue{1}
2023-02-24 13:59:50,076 [AppLog] INFO : IR固化停止出光成功：WriteSingleRegister：SlaveNumber{1}RegisterAddress{121}目标温度{0 ℃}
2023-02-24 13:59:51,590 [AppLog] INFO : 退出手动调试子模块,已执行修改
==========================================================================
2023-02-24 13:59:53,040 [AppLog] INFO : 进入手动调试子模块！
