2023-03-03 11:00:04,283 [AppLog] INFO : X方向到位停止：DEM_StopAxisRun：返回值{True}CurrentPos{420.32}bImmeStop{False}nAxisMask{1}
2023-03-03 11:00:04,283 [AppLog] INFO : 准备运动，编码器当前位置：DEM_GetAxisEncodeVal：MoveDirectionFlag{false为Y方向：True}CurrentPos{176.89}AimPos{231}
2023-03-03 11:00:04,314 [AppLog] INFO : Y方向运动开始：DEM_Run：返回值{True}nAxis{1}DirFlag{True}nSpeed{50000}MoveStep{54110}nCtlValue{0}
2023-03-03 11:00:05,266 [AppLog] INFO : Y方向到位停止：DEM_StopAxisRun：返回值{True}CurrentPos{222.45}bImmeStop{False}nAxisMask{2}
2023-03-03 11:00:05,266 [AppLog] INFO : 获取打印Pass数据：IDP_GetPassItem2：nLayerIndex{41}nPassID{4}nProcState{3}LPPassDataItemb:PrtDir{False}nDataTxCompleteCnt{1}nHwMemAdrMatchMask{1}nLayerIndex{41}nLayerPassCount{6}nLayerPassIndex{4}nMinJet0ImgLinePos{5120}nPrtMemHwAddr{System.UInt32[]}nPrtDataOffset{System.UInt32[]}nSrcDataSize{System.UInt32[]}nPrtColBytes{System.UInt32[]}nPrtPrecession{4}nSrcEndCols{16000}nSrcStartCols{0}nStartEncPos{76472}nValidPassJets{1280}nValidPrtCols{16619}nValidPrtCtlCnts{1}pDataBuf{0}pNextItem{740337968}
2023-03-03 11:00:05,281 [AppLog] INFO : 使能Pass打印成功：IDP_DoPassPrint2：nLayerIndex{41}nPassID{4}
2023-03-03 11:00:05,297 [AppLog] INFO : PASS打印前关键状态：DEV_GetDeviceInfo2：nLayerIndex{41}nPassID{4}LPPRINTER_INFO:nXSysEncDPI{0}nStatus{0}nPrintStatus{0}bSuperDevice{0}
LPPRINTER_INFO-LPPrtRunInfo:bJobPrtRuning{False}bLayerPrtIsOver{False}nContReqMemErr{0}nContWDErr{0}nCurPrtDir{0}nDTLayerIndex{0}nDTLayerPassIndex{0}nDTPtrCtlIndex{0}nLayerPassCount{0}nPrintLayerIndex{0}nPrintPassIndex{0}nProcLayerIndex{0}nPrtDataMemAddr{0}nPrtState{0}nReverse{System.Int32[]}nRevPrtCols{0}
LPPRINTER_INFO-LPDRVINFO:nFMVersion{0}nFpgaVersion{0}nPCBVersion{0}nState{0}nNextState{0}nPtvwarnState{0}nCrc32{0}nRevInfo{System.UInt32[]}nSignature{0}
2023-03-03 11:00:05,328 [AppLog] INFO : 准备运动，当前位置：DEV_GetPrintEncoderValue：MoveDirectionFlag{false为Y方向：False}CurrentPos{423.49}AimPos{25}
2023-03-03 11:00:05,359 [AppLog] INFO : X方向运动开始：DEM_Run：返回值{True}nAxis{0}DirFlag{False}nSpeed{50000}MoveStep{-398490}nCtlValue{2}
2023-03-03 11:00:13,315 [AppLog] INFO : X方向到位停止：DEM_StopAxisRun：返回值{True}CurrentPos{29.705}bImmeStop{False}nAxisMask{1}
2023-03-03 11:00:13,315 [AppLog] INFO : 准备运动，编码器当前位置：DEM_GetAxisEncodeVal：MoveDirectionFlag{false为Y方向：True}CurrentPos{230.925}AimPos{285}
2023-03-03 11:00:13,378 [AppLog] INFO : Y方向运动开始：DEM_Run：返回值{True}nAxis{1}DirFlag{True}nSpeed{50000}MoveStep{54075}nCtlValue{0}
2023-03-03 11:00:14,345 [AppLog] INFO : Y方向到位停止：DEM_StopAxisRun：返回值{True}CurrentPos{277.055}bImmeStop{False}nAxisMask{2}
2023-03-03 11:00:14,345 [AppLog] INFO : 获取打印Pass数据：IDP_GetPassItem2：nLayerIndex{41}nPassID{5}nProcState{3}LPPassDataItemb:PrtDir{True}nDataTxCompleteCnt{1}nHwMemAdrMatchMask{1}nLayerIndex{41}nLayerPassCount{6}nLayerPassIndex{5}nMinJet0ImgLinePos{6400}nPrtMemHwAddr{System.UInt32[]}nPrtDataOffset{System.UInt32[]}nSrcDataSize{System.UInt32[]}nPrtColBytes{System.UInt32[]}nPrtPrecession{4}nSrcEndCols{16000}nSrcStartCols{0}nStartEncPos{10000}nValidPassJets{1280}nValidPrtCols{16619}nValidPrtCtlCnts{1}pDataBuf{0}pNextItem{0}
2023-03-03 11:00:14,361 [AppLog] INFO : 使能Pass打印成功：IDP_DoPassPrint2：nLayerIndex{41}nPassID{5}
2023-03-03 11:00:14,392 [AppLog] INFO : PASS打印前关键状态：DEV_GetDeviceInfo2：nLayerIndex{41}nPassID{5}LPPRINTER_INFO:nXSysEncDPI{0}nStatus{0}nPrintStatus{0}bSuperDevice{0}
LPPRINTER_INFO-LPPrtRunInfo:bJobPrtRuning{False}bLayerPrtIsOver{False}nContReqMemErr{0}nContWDErr{0}nCurPrtDir{0}nDTLayerIndex{0}nDTLayerPassIndex{0}nDTPtrCtlIndex{0}nLayerPassCount{0}nPrintLayerIndex{0}nPrintPassIndex{0}nProcLayerIndex{0}nPrtDataMemAddr{0}nPrtState{0}nReverse{System.Int32[]}nRevPrtCols{0}
LPPRINTER_INFO-LPDRVINFO:nFMVersion{0}nFpgaVersion{0}nPCBVersion{0}nState{0}nNextState{0}nPtvwarnState{0}nCrc32{0}nRevInfo{System.UInt32[]}nSignature{0}
2023-03-03 11:00:14,423 [AppLog] INFO : 准备运动，当前位置：DEV_GetPrintEncoderValue：MoveDirectionFlag{false为Y方向：False}CurrentPos{26.525}AimPos{425}
2023-03-03 11:00:14,454 [AppLog] INFO : X方向运动开始：DEM_Run：返回值{True}nAxis{0}DirFlag{True}nSpeed{50000}MoveStep{398475}nCtlValue{2}
2023-03-03 11:00:22,410 [AppLog] INFO : X方向到位停止：DEM_StopAxisRun：返回值{True}CurrentPos{420.65}bImmeStop{False}nAxisMask{1}
2023-03-03 11:00:22,410 [AppLog] INFO : 准备运动，当前位置：DEV_GetPrintEncoderValue：MoveDirectionFlag{false为Y方向：False}CurrentPos{420.955}AimPos{710}
2023-03-03 11:00:22,457 [AppLog] INFO : X方向运动开始：DEM_Run：返回值{True}nAxis{0}DirFlag{True}nSpeed{50000}MoveStep{289045}nCtlValue{2}
2023-03-03 11:00:22,457 [AppLog] INFO : 准备运动，编码器当前位置：DEM_GetAxisEncodeVal：MoveDirectionFlag{false为Y方向：True}CurrentPos{284.9}AimPos{121}
2023-03-03 11:00:22,488 [AppLog] INFO : Y方向运动开始：DEM_Run：返回值{True}nAxis{1}DirFlag{False}nSpeed{50000}MoveStep{-163900}nCtlValue{0}
2023-03-03 11:00:28,260 [AppLog] INFO : Y方向到位等停：DEM_StopAxisRun：返回值{True}bImmeStop{False}nAxisMask{1}
2023-03-03 11:00:28,260 [AppLog] INFO : X方向到位等停：DEM_StopAxisRun：返回值{True}bImmeStop{False}nAxisMask{2}
2023-03-03 11:00:28,307 [AppLog] INFO : 开启闪喷操作：IDP_FlashPrtCtl：返回值{True}
2023-03-03 11:00:28,323 [AppLog] INFO : 进入自动铺粉逻辑：NewAutoSupplyPowderThread2
2023-03-03 11:00:28,323 [AppLog] INFO : 发送监控指令，拍照记录1条：SendMessageFromSharedMemory
2023-03-03 11:00:28,323 [AppLog] INFO : 手动正向点动指令（8轴运控板卡系统） ====》：输出AXIS{第1轴},点动量{-0.15MM},运动速度{1MM/s}
2023-03-03 11:00:28,323 [AppLog] INFO : 成形面高度下降层厚 TrapSpace{0.15mm}：TrapMoveUp(1, true, Convert.ToString(vel), Convert.ToString(TrapSpace), true, true）
2023-03-03 11:00:30,132 [AppLog] INFO : 手动正向点动指令（8轴运控板卡系统） ====》：输出AXIS{第8轴},点动量{0.5MM},运动速度{0.5MM/s}
2023-03-03 11:00:30,132 [AppLog] INFO : Hopper落粉轴转2圈落粉，速度0.5rev/s：TrapMoveUp(8, true, 0.5, rotateNuM.ToString(), true, false)
2023-03-03 11:00:30,444 [AppLog] INFO : 手动正向点动指令（8轴运控板卡系统） ====》：输出AXIS{第2轴},点动量{698MM},运动速度{30MM/s}
2023-03-03 11:00:30,444 [AppLog] INFO : 开启铺粉车不等停运动至站2，速度0.5rev/s：BackToStation2
2023-03-03 11:00:35,483 [AppLog] INFO : 打开IR灯：OpenIRLamp(true)
2023-03-03 11:00:39,040 [AppLog] INFO : 手动正向点动指令（8轴运控板卡系统） ====》：输出AXIS{第3轴},点动量{0.5MM},运动速度{0.0588235294117647MM/s}
2023-03-03 11:00:39,040 [AppLog] INFO : 开启均匀落粉及辊子铺平运动：TrapMoveUp(3, true, Convert.ToString(DispenseRollerSpeed), 0.5, true, true)
2023-03-03 11:00:47,651 [AppLog] INFO : 关闭IR灯：OpenIRLamp(false)
2023-03-03 11:00:51,473 [AppLog] INFO : 手动正向点动指令（8轴运控板卡系统） ====》：输出AXIS{第3轴},点动量{0.5MM},运动速度{2MM/s}
2023-03-03 11:00:51,473 [AppLog] INFO : 落粉轴继续转动以倒掉余粉：TrapMoveUp(3, true, 2, 0.5, true, false)
2023-03-03 11:00:53,704 [AppLog] INFO : 手动正向点动指令（8轴运控板卡系统） ====》：输出AXIS{第1轴},点动量{-1.5MM},运动速度{1MM/s}
2023-03-03 11:00:53,704 [AppLog] INFO : 成形面高度下降指定厚度 TrapSpace{1.5mm}：TrapMoveUp(1, true, Convert.ToString(vel), Convert.ToString(TrapSpace), true, true）
2023-03-03 11:00:59,367 [AppLog] INFO : 手动正向点动指令（8轴运控板卡系统） ====》：输出AXIS{第2轴},点动量{-698MM},运动速度{150MM/s}
2023-03-03 11:00:59,367 [AppLog] INFO : 铺粉车返回至站1：BackToStation2(AimPos, MovSpeed, true)
2023-03-03 11:01:00,131 [AppLog] INFO : 落粉轴回零成功：motionMap.SetBackSpreaderAxis(3, 0.5, 2, -SinkPosition)：ReturnCode{True}
2023-03-03 11:01:00,131 [AppLog] INFO : 手动正向点动指令（8轴运控板卡系统） ====》：输出AXIS{第1轴},点动量{1.5MM},运动速度{1MM/s}
2023-03-03 11:01:00,131 [AppLog] INFO : 成形面高度上升层厚 TrapSpace{1.5mm}：TrapMoveUp(1, true, Convert.ToString(vel), Convert.ToString(TrapSpace), true, true）
2023-03-03 11:01:01,145 [AppLog] INFO : 自动铺粉正常结束：NewAutoSupplyPowderThread2
2023-03-03 11:01:01,145 [AppLog] INFO : 发送监控指令，拍照记录1条：SendMessageFromSharedMemory
2023-03-03 11:01:01,161 [AppLog] INFO : 接收到恢复打印指令：PrintTaskTHREAD
2023-03-03 11:01:01,161 [AppLog] INFO : 获取打印Pass数据：IDP_GetPassItem2：nLayerIndex{42}nPassID{0}nProcState{3}LPPassDataItemb:PrtDir{False}nDataTxCompleteCnt{1}nHwMemAdrMatchMask{1}nLayerIndex{42}nLayerPassCount{6}nLayerPassIndex{0}nMinJet0ImgLinePos{0}nPrtMemHwAddr{System.UInt32[]}nPrtDataOffset{System.UInt32[]}nSrcDataSize{System.UInt32[]}nPrtColBytes{System.UInt32[]}nPrtPrecession{4}nSrcEndCols{16000}nSrcStartCols{0}nStartEncPos{76472}nValidPassJets{1280}nValidPrtCols{16619}nValidPrtCtlCnts{1}pDataBuf{0}pNextItem{740338288}
2023-03-03 11:01:01,176 [AppLog] INFO : 使能Pass打印成功：IDP_DoPassPrint2：nLayerIndex{42}nPassID{0}
2023-03-03 11:01:01,176 [AppLog] INFO : PASS打印前关键状态：DEV_GetDeviceInfo2：nLayerIndex{42}nPassID{0}LPPRINTER_INFO:nXSysEncDPI{0}nStatus{0}nPrintStatus{0}bSuperDevice{0}
LPPRINTER_INFO-LPPrtRunInfo:bJobPrtRuning{False}bLayerPrtIsOver{False}nContReqMemErr{0}nContWDErr{0}nCurPrtDir{0}nDTLayerIndex{0}nDTLayerPassIndex{0}nDTPtrCtlIndex{0}nLayerPassCount{0}nPrintLayerIndex{0}nPrintPassIndex{0}nProcLayerIndex{0}nPrtDataMemAddr{0}nPrtState{0}nReverse{System.Int32[]}nRevPrtCols{0}
LPPRINTER_INFO-LPDRVINFO:nFMVersion{0}nFpgaVersion{0}nPCBVersion{0}nState{0}nNextState{0}nPtvwarnState{0}nCrc32{0}nRevInfo{System.UInt32[]}nSignature{0}
2023-03-03 11:01:01,208 [AppLog] INFO : 关闭闪喷操作：IDP_FlashPrtCtl：返回值{True}
2023-03-03 11:01:01,223 [AppLog] INFO : 准备运动，编码器当前位置：DEM_GetAxisEncodeVal：MoveDirectionFlag{false为Y方向：True}CurrentPos{121.345}AimPos{15}
2023-03-03 11:01:01,254 [AppLog] INFO : Y方向运动开始：DEM_Run：返回值{True}nAxis{1}DirFlag{False}nSpeed{50000}MoveStep{-106345}nCtlValue{0}
2023-03-03 11:01:01,254 [AppLog] INFO : 准备运动，当前位置：DEV_GetPrintEncoderValue：MoveDirectionFlag{false为Y方向：False}CurrentPos{712.525}AimPos{25}
2023-03-03 11:01:01,286 [AppLog] INFO : X方向运动开始：DEM_Run：返回值{True}nAxis{0}DirFlag{False}nSpeed{50000}MoveStep{-687525}nCtlValue{2}
2023-03-03 11:01:14,936 [AppLog] INFO : X方向到位停止：DEM_StopAxisRun：返回值{True}CurrentPos{29.96}bImmeStop{False}nAxisMask{1}
2023-03-03 11:01:14,951 [AppLog] INFO : 准备运动，编码器当前位置：DEM_GetAxisEncodeVal：MoveDirectionFlag{false为Y方向：True}CurrentPos{15.095}AimPos{69}
2023-03-03 11:01:14,998 [AppLog] INFO : Y方向运动开始：DEM_Run：返回值{True}nAxis{1}DirFlag{True}nSpeed{50000}MoveStep{53905}nCtlValue{0}
2023-03-03 11:01:15,950 [AppLog] INFO : Y方向到位停止：DEM_StopAxisRun：返回值{True}CurrentPos{60.46}bImmeStop{False}nAxisMask{2}
2023-03-03 11:01:15,950 [AppLog] INFO : 获取打印Pass数据：IDP_GetPassItem2：nLayerIndex{42}nPassID{1}nProcState{3}LPPassDataItemb:PrtDir{True}nDataTxCompleteCnt{1}nHwMemAdrMatchMask{1}nLayerIndex{42}nLayerPassCount{6}nLayerPassIndex{1}nMinJet0ImgLinePos{1280}nPrtMemHwAddr{System.UInt32[]}nPrtDataOffset{System.UInt32[]}nSrcDataSize{System.UInt32[]}nPrtColBytes{System.UInt32[]}nPrtPrecession{4}nSrcEndCols{16000}nSrcStartCols{0}nStartEncPos{10000}nValidPassJets{1280}nValidPrtCols{16619}nValidPrtCtlCnts{1}pDataBuf{0}pNextItem{740338448}
2023-03-03 11:01:15,965 [AppLog] INFO : 使能Pass打印成功：IDP_DoPassPrint2：nLayerIndex{42}nPassID{1}
2023-03-03 11:01:15,981 [AppLog] INFO : PASS打印前关键状态：DEV_GetDeviceInfo2：nLayerIndex{42}nPassID{1}LPPRINTER_INFO:nXSysEncDPI{0}nStatus{0}nPrintStatus{0}bSuperDevice{0}
LPPRINTER_INFO-LPPrtRunInfo:bJobPrtRuning{False}bLayerPrtIsOver{False}nContReqMemErr{0}nContWDErr{0}nCurPrtDir{0}nDTLayerIndex{0}nDTLayerPassIndex{0}nDTPtrCtlIndex{0}nLayerPassCount{0}nPrintLayerIndex{0}nPrintPassIndex{0}nProcLayerIndex{0}nPrtDataMemAddr{0}nPrtState{0}nReverse{System.Int32[]}nRevPrtCols{0}
LPPRINTER_INFO-LPDRVINFO:nFMVersion{0}nFpgaVersion{0}nPCBVersion{0}nState{0}nNextState{0}nPtvwarnState{0}nCrc32{0}nRevInfo{System.UInt32[]}nSignature{0}
2023-03-03 11:01:16,012 [AppLog] INFO : 准备运动，当前位置：DEV_GetPrintEncoderValue：MoveDirectionFlag{false为Y方向：False}CurrentPos{26.515}AimPos{425}
2023-03-03 11:01:16,043 [AppLog] INFO : X方向运动开始：DEM_Run：返回值{True}nAxis{0}DirFlag{True}nSpeed{50000}MoveStep{398485}nCtlValue{2}
2023-03-03 11:01:23,984 [AppLog] INFO : X方向到位停止：DEM_StopAxisRun：返回值{True}CurrentPos{420.02}bImmeStop{False}nAxisMask{1}
2023-03-03 11:01:23,999 [AppLog] INFO : 准备运动，编码器当前位置：DEM_GetAxisEncodeVal：MoveDirectionFlag{false为Y方向：True}CurrentPos{68.94}AimPos{123}
2023-03-03 11:01:24,030 [AppLog] INFO : Y方向运动开始：DEM_Run：返回值{True}nAxis{1}DirFlag{True}nSpeed{50000}MoveStep{54060}nCtlValue{0}
2023-03-03 11:01:24,982 [AppLog] INFO : Y方向到位停止：DEM_StopAxisRun：返回值{True}CurrentPos{114.015}bImmeStop{False}nAxisMask{2}
2023-03-03 11:01:24,982 [AppLog] INFO : 获取打印Pass数据：IDP_GetPassItem2：nLayerIndex{42}nPassID{2}nProcState{3}LPPassDataItemb:PrtDir{False}nDataTxCompleteCnt{1}nHwMemAdrMatchMask{1}nLayerIndex{42}nLayerPassCount{6}nLayerPassIndex{2}nMinJet0ImgLinePos{2560}nPrtMemHwAddr{System.UInt32[]}nPrtDataOffset{System.UInt32[]}nSrcDataSize{System.UInt32[]}nPrtColBytes{System.UInt32[]}nPrtPrecession{4}nSrcEndCols{16000}nSrcStartCols{0}nStartEncPos{76472}nValidPassJets{1280}nValidPrtCols{16619}nValidPrtCtlCnts{1}pDataBuf{0}pNextItem{740338608}
2023-03-03 11:01:24,998 [AppLog] INFO : 使能Pass打印成功：IDP_DoPassPrint2：nLayerIndex{42}nPassID{2}
2023-03-03 11:01:25,013 [AppLog] INFO : PASS打印前关键状态：DEV_GetDeviceInfo2：nLayerIndex{42}nPassID{2}LPPRINTER_INFO:nXSysEncDPI{0}nStatus{0}nPrintStatus{0}bSuperDevice{0}
LPPRINTER_INFO-LPPrtRunInfo:bJobPrtRuning{False}bLayerPrtIsOver{False}nContReqMemErr{0}nContWDErr{0}nCurPrtDir{0}nDTLayerIndex{0}nDTLayerPassIndex{0}nDTPtrCtlIndex{0}nLayerPassCount{0}nPrintLayerIndex{0}nPrintPassIndex{0}nProcLayerIndex{0}nPrtDataMemAddr{0}nPrtState{0}nReverse{System.Int32[]}nRevPrtCols{0}
LPPRINTER_INFO-LPDRVINFO:nFMVersion{0}nFpgaVersion{0}nPCBVersion{0}nState{0}nNextState{0}nPtvwarnState{0}nCrc32{0}nRevInfo{System.UInt32[]}nSignature{0}
2023-03-03 11:01:25,044 [AppLog] INFO : 准备运动，当前位置：DEV_GetPrintEncoderValue：MoveDirectionFlag{false为Y方向：False}CurrentPos{423.51}AimPos{25}
2023-03-03 11:01:25,138 [AppLog] INFO : X方向运动开始：DEM_Run：返回值{True}nAxis{0}DirFlag{False}nSpeed{50000}MoveStep{-398510}nCtlValue{2}
2023-03-03 11:01:33,094 [AppLog] INFO : X方向到位停止：DEM_StopAxisRun：返回值{True}CurrentPos{29.495}bImmeStop{False}nAxisMask{1}
2023-03-03 11:01:33,094 [AppLog] INFO : 准备运动，编码器当前位置：DEM_GetAxisEncodeVal：MoveDirectionFlag{false为Y方向：True}CurrentPos{122.905}AimPos{177}
2023-03-03 11:01:33,141 [AppLog] INFO : Y方向运动开始：DEM_Run：返回值{True}nAxis{1}DirFlag{True}nSpeed{50000}MoveStep{54095}nCtlValue{0}
2023-03-03 11:01:34,092 [AppLog] INFO : Y方向到位停止：DEM_StopAxisRun：返回值{True}CurrentPos{168.125}bImmeStop{False}nAxisMask{2}
2023-03-03 11:01:34,092 [AppLog] INFO : 获取打印Pass数据：IDP_GetPassItem2：nLayerIndex{42}nPassID{3}nProcState{3}LPPassDataItemb:PrtDir{True}nDataTxCompleteCnt{1}nHwMemAdrMatchMask{1}nLayerIndex{42}nLayerPassCount{6}nLayerPassIndex{3}nMinJet0ImgLinePos{3840}nPrtMemHwAddr{System.UInt32[]}nPrtDataOffset{System.UInt32[]}nSrcDataSize{System.UInt32[]}nPrtColBytes{System.UInt32[]}nPrtPrecession{4}nSrcEndCols{16000}nSrcStartCols{0}nStartEncPos{10000}nValidPassJets{1280}nValidPrtCols{16619}nValidPrtCtlCnts{1}pDataBuf{0}pNextItem{740338768}
2023-03-03 11:01:34,108 [AppLog] INFO : 使能Pass打印成功：IDP_DoPassPrint2：nLayerIndex{42}nPassID{3}
2023-03-03 11:01:34,108 [AppLog] INFO : PASS打印前关键状态：DEV_GetDeviceInfo2：nLayerIndex{42}nPassID{3}LPPRINTER_INFO:nXSysEncDPI{0}nStatus{0}nPrintStatus{0}bSuperDevice{0}
LPPRINTER_INFO-LPPrtRunInfo:bJobPrtRuning{False}bLayerPrtIsOver{False}nContReqMemErr{0}nContWDErr{0}nCurPrtDir{0}nDTLayerIndex{0}nDTLayerPassIndex{0}nDTPtrCtlIndex{0}nLayerPassCount{0}nPrintLayerIndex{0}nPrintPassIndex{0}nProcLayerIndex{0}nPrtDataMemAddr{0}nPrtState{0}nReverse{System.Int32[]}nRevPrtCols{0}
LPPRINTER_INFO-LPDRVINFO:nFMVersion{0}nFpgaVersion{0}nPCBVersion{0}nState{0}nNextState{0}nPtvwarnState{0}nCrc32{0}nRevInfo{System.UInt32[]}nSignature{0}
2023-03-03 11:01:34,139 [AppLog] INFO : 准备运动，当前位置：DEV_GetPrintEncoderValue：MoveDirectionFlag{false为Y方向：False}CurrentPos{26.49}AimPos{425}
2023-03-03 11:01:34,186 [AppLog] INFO : X方向运动开始：DEM_Run：返回值{True}nAxis{0}DirFlag{True}nSpeed{50000}MoveStep{398510}nCtlValue{2}
2023-03-03 11:01:42,142 [AppLog] INFO : X方向到位停止：DEM_StopAxisRun：返回值{True}CurrentPos{420.55}bImmeStop{False}nAxisMask{1}
2023-03-03 11:01:42,142 [AppLog] INFO : 准备运动，编码器当前位置：DEM_GetAxisEncodeVal：MoveDirectionFlag{false为Y方向：True}CurrentPos{176.905}AimPos{231}
2023-03-03 11:01:42,189 [AppLog] INFO : Y方向运动开始：DEM_Run：返回值{True}nAxis{1}DirFlag{True}nSpeed{50000}MoveStep{54095}nCtlValue{0}
2023-03-03 11:01:43,140 [AppLog] INFO : Y方向到位停止：DEM_StopAxisRun：返回值{True}CurrentPos{222.29}bImmeStop{False}nAxisMask{2}
2023-03-03 11:01:43,140 [AppLog] INFO : 获取打印Pass数据：IDP_GetPassItem2：nLayerIndex{42}nPassID{4}nProcState{3}LPPassDataItemb:PrtDir{False}nDataTxCompleteCnt{1}nHwMemAdrMatchMask{1}nLayerIndex{42}nLayerPassCount{6}nLayerPassIndex{4}nMinJet0ImgLinePos{5120}nPrtMemHwAddr{System.UInt32[]}nPrtDataOffset{System.UInt32[]}nSrcDataSize{System.UInt32[]}nPrtColBytes{System.UInt32[]}nPrtPrecession{4}nSrcEndCols{16000}nSrcStartCols{0}nStartEncPos{76472}nValidPassJets{1280}nValidPrtCols{16619}nValidPrtCtlCnts{1}pDataBuf{0}pNextItem{740338928}
2023-03-03 11:01:43,156 [AppLog] INFO : 使能Pass打印成功：IDP_DoPassPrint2：nLayerIndex{42}nPassID{4}
2023-03-03 11:01:43,172 [AppLog] INFO : PASS打印前关键状态：DEV_GetDeviceInfo2：nLayerIndex{42}nPassID{4}LPPRINTER_INFO:nXSysEncDPI{0}nStatus{0}nPrintStatus{0}bSuperDevice{0}
LPPRINTER_INFO-LPPrtRunInfo:bJobPrtRuning{False}bLayerPrtIsOver{False}nContReqMemErr{0}nContWDErr{0}nCurPrtDir{0}nDTLayerIndex{0}nDTLayerPassIndex{0}nDTPtrCtlIndex{0}nLayerPassCount{0}nPrintLayerIndex{0}nPrintPassIndex{0}nProcLayerIndex{0}nPrtDataMemAddr{0}nPrtState{0}nReverse{System.Int32[]}nRevPrtCols{0}
LPPRINTER_INFO-LPDRVINFO:nFMVersion{0}nFpgaVersion{0}nPCBVersion{0}nState{0}nNextState{0}nPtvwarnState{0}nCrc32{0}nRevInfo{System.UInt32[]}nSignature{0}
2023-03-03 11:01:43,234 [AppLog] INFO : 准备运动，当前位置：DEV_GetPrintEncoderValue：MoveDirectionFlag{false为Y方向：False}CurrentPos{423.515}AimPos{25}
2023-03-03 11:01:43,265 [AppLog] INFO : X方向运动开始：DEM_Run：返回值{True}nAxis{0}DirFlag{False}nSpeed{50000}MoveStep{-398515}nCtlValue{2}
2023-03-03 11:01:51,237 [AppLog] INFO : X方向到位停止：DEM_StopAxisRun：返回值{True}CurrentPos{29.125}bImmeStop{False}nAxisMask{1}
2023-03-03 11:01:51,237 [AppLog] INFO : 准备运动，编码器当前位置：DEM_GetAxisEncodeVal：MoveDirectionFlag{false为Y方向：True}CurrentPos{230.915}AimPos{285}
2023-03-03 11:01:51,284 [AppLog] INFO : Y方向运动开始：DEM_Run：返回值{True}nAxis{1}DirFlag{True}nSpeed{50000}MoveStep{54085}nCtlValue{0}
2023-03-03 11:01:52,266 [AppLog] INFO : Y方向到位停止：DEM_StopAxisRun：返回值{True}CurrentPos{277.665}bImmeStop{False}nAxisMask{2}
2023-03-03 11:01:52,266 [AppLog] INFO : 获取打印Pass数据：IDP_GetPassItem2：nLayerIndex{42}nPassID{5}nProcState{3}LPPassDataItemb:PrtDir{True}nDataTxCompleteCnt{1}nHwMemAdrMatchMask{1}nLayerIndex{42}nLayerPassCount{6}nLayerPassIndex{5}nMinJet0ImgLinePos{6400}nPrtMemHwAddr{System.UInt32[]}nPrtDataOffset{System.UInt32[]}nSrcDataSize{System.UInt32[]}nPrtColBytes{System.UInt32[]}nPrtPrecession{4}nSrcEndCols{16000}nSrcStartCols{0}nStartEncPos{10000}nValidPassJets{1280}nValidPrtCols{16619}nValidPrtCtlCnts{1}pDataBuf{0}pNextItem{0}
2023-03-03 11:01:52,282 [AppLog] INFO : 使能Pass打印成功：IDP_DoPassPrint2：nLayerIndex{42}nPassID{5}
2023-03-03 11:01:52,282 [AppLog] INFO : PASS打印前关键状态：DEV_GetDeviceInfo2：nLayerIndex{42}nPassID{5}LPPRINTER_INFO:nXSysEncDPI{0}nStatus{0}nPrintStatus{0}bSuperDevice{0}
LPPRINTER_INFO-LPPrtRunInfo:bJobPrtRuning{False}bLayerPrtIsOver{False}nContReqMemErr{0}nContWDErr{0}nCurPrtDir{0}nDTLayerIndex{0}nDTLayerPassIndex{0}nDTPtrCtlIndex{0}nLayerPassCount{0}nPrintLayerIndex{0}nPrintPassIndex{0}nProcLayerIndex{0}nPrtDataMemAddr{0}nPrtState{0}nReverse{System.Int32[]}nRevPrtCols{0}
LPPRINTER_INFO-LPDRVINFO:nFMVersion{0}nFpgaVersion{0}nPCBVersion{0}nState{0}nNextState{0}nPtvwarnState{0}nCrc32{0}nRevInfo{System.UInt32[]}nSignature{0}
2023-03-03 11:01:52,313 [AppLog] INFO : 准备运动，当前位置：DEV_GetPrintEncoderValue：MoveDirectionFlag{false为Y方向：False}CurrentPos{26.505}AimPos{425}
2023-03-03 11:01:52,344 [AppLog] INFO : X方向运动开始：DEM_Run：返回值{True}nAxis{0}DirFlag{True}nSpeed{50000}MoveStep{398495}nCtlValue{2}
2023-03-03 11:02:00,300 [AppLog] INFO : X方向到位停止：DEM_StopAxisRun：返回值{True}CurrentPos{420.575}bImmeStop{False}nAxisMask{1}
2023-03-03 11:02:00,300 [AppLog] INFO : 准备运动，当前位置：DEV_GetPrintEncoderValue：MoveDirectionFlag{false为Y方向：False}CurrentPos{420.75}AimPos{710}
2023-03-03 11:02:00,347 [AppLog] INFO : X方向运动开始：DEM_Run：返回值{True}nAxis{0}DirFlag{True}nSpeed{50000}MoveStep{289250}nCtlValue{2}
2023-03-03 11:02:00,347 [AppLog] INFO : 准备运动，编码器当前位置：DEM_GetAxisEncodeVal：MoveDirectionFlag{false为Y方向：True}CurrentPos{284.89}AimPos{121}
2023-03-03 11:02:00,378 [AppLog] INFO : Y方向运动开始：DEM_Run：返回值{True}nAxis{1}DirFlag{False}nSpeed{50000}MoveStep{-163890}nCtlValue{0}
2023-03-03 11:02:06,135 [AppLog] INFO : Y方向到位等停：DEM_StopAxisRun：返回值{True}bImmeStop{False}nAxisMask{1}
2023-03-03 11:02:06,135 [AppLog] INFO : X方向到位等停：DEM_StopAxisRun：返回值{True}bImmeStop{False}nAxisMask{2}
2023-03-03 11:02:06,166 [AppLog] INFO : 开启闪喷操作：IDP_FlashPrtCtl：返回值{True}
2023-03-03 11:02:06,197 [AppLog] INFO : 进入自动铺粉逻辑：NewAutoSupplyPowderThread2
2023-03-03 11:02:06,197 [AppLog] INFO : 发送监控指令，拍照记录1条：SendMessageFromSharedMemory
2023-03-03 11:02:06,197 [AppLog] INFO : 手动正向点动指令（8轴运控板卡系统） ====》：输出AXIS{第1轴},点动量{-0.15MM},运动速度{1MM/s}
2023-03-03 11:02:06,197 [AppLog] INFO : 成形面高度下降层厚 TrapSpace{0.15mm}：TrapMoveUp(1, true, Convert.ToString(vel), Convert.ToString(TrapSpace), true, true）
2023-03-03 11:02:08,007 [AppLog] INFO : 手动正向点动指令（8轴运控板卡系统） ====》：输出AXIS{第8轴},点动量{0.5MM},运动速度{0.5MM/s}
2023-03-03 11:02:08,007 [AppLog] INFO : Hopper落粉轴转2圈落粉，速度0.5rev/s：TrapMoveUp(8, true, 0.5, rotateNuM.ToString(), true, false)
2023-03-03 11:02:08,319 [AppLog] INFO : 手动正向点动指令（8轴运控板卡系统） ====》：输出AXIS{第2轴},点动量{698MM},运动速度{30MM/s}
2023-03-03 11:02:08,319 [AppLog] INFO : 开启铺粉车不等停运动至站2，速度0.5rev/s：BackToStation2
2023-03-03 11:02:13,373 [AppLog] INFO : 打开IR灯：OpenIRLamp(true)
2023-03-03 11:02:16,914 [AppLog] INFO : 手动正向点动指令（8轴运控板卡系统） ====》：输出AXIS{第3轴},点动量{0.5MM},运动速度{0.0588235294117647MM/s}
2023-03-03 11:02:16,914 [AppLog] INFO : 开启均匀落粉及辊子铺平运动：TrapMoveUp(3, true, Convert.ToString(DispenseRollerSpeed), 0.5, true, true)
2023-03-03 11:02:25,526 [AppLog] INFO : 关闭IR灯：OpenIRLamp(false)
2023-03-03 11:02:29,348 [AppLog] INFO : 手动正向点动指令（8轴运控板卡系统） ====》：输出AXIS{第3轴},点动量{0.5MM},运动速度{2MM/s}
2023-03-03 11:02:29,348 [AppLog] INFO : 落粉轴继续转动以倒掉余粉：TrapMoveUp(3, true, 2, 0.5, true, false)
2023-03-03 11:02:31,578 [AppLog] INFO : 手动正向点动指令（8轴运控板卡系统） ====》：输出AXIS{第1轴},点动量{-1.5MM},运动速度{1MM/s}
2023-03-03 11:02:31,578 [AppLog] INFO : 成形面高度下降指定厚度 TrapSpace{1.5mm}：TrapMoveUp(1, true, Convert.ToString(vel), Convert.ToString(TrapSpace), true, true）
2023-03-03 11:02:37,241 [AppLog] INFO : 手动正向点动指令（8轴运控板卡系统） ====》：输出AXIS{第2轴},点动量{-698MM},运动速度{150MM/s}
2023-03-03 11:02:37,241 [AppLog] INFO : 铺粉车返回至站1：BackToStation2(AimPos, MovSpeed, true)
2023-03-03 11:02:38,006 [AppLog] INFO : 落粉轴回零成功：motionMap.SetBackSpreaderAxis(3, 0.5, 2, -SinkPosition)：ReturnCode{True}
2023-03-03 11:02:38,006 [AppLog] INFO : 手动正向点动指令（8轴运控板卡系统） ====》：输出AXIS{第1轴},点动量{1.5MM},运动速度{1MM/s}
2023-03-03 11:02:38,006 [AppLog] INFO : 成形面高度上升层厚 TrapSpace{1.5mm}：TrapMoveUp(1, true, Convert.ToString(vel), Convert.ToString(TrapSpace), true, true）
2023-03-03 11:02:39,020 [AppLog] INFO : 自动铺粉正常结束：NewAutoSupplyPowderThread2
2023-03-03 11:02:39,020 [AppLog] INFO : 发送监控指令，拍照记录1条：SendMessageFromSharedMemory
2023-03-03 11:02:39,035 [AppLog] INFO : 接收到恢复打印指令：PrintTaskTHREAD
2023-03-03 11:02:39,051 [AppLog] INFO : 获取打印Pass数据：IDP_GetPassItem2：nLayerIndex{43}nPassID{0}nProcState{3}LPPassDataItemb:PrtDir{False}nDataTxCompleteCnt{1}nHwMemAdrMatchMask{1}nLayerIndex{43}nLayerPassCount{6}nLayerPassIndex{0}nMinJet0ImgLinePos{0}nPrtMemHwAddr{System.UInt32[]}nPrtDataOffset{System.UInt32[]}nSrcDataSize{System.UInt32[]}nPrtColBytes{System.UInt32[]}nPrtPrecession{4}nSrcEndCols{16000}nSrcStartCols{0}nStartEncPos{76472}nValidPassJets{1280}nValidPrtCols{16619}nValidPrtCtlCnts{1}pDataBuf{0}pNextItem{740339248}
2023-03-03 11:02:39,051 [AppLog] INFO : 使能Pass打印成功：IDP_DoPassPrint2：nLayerIndex{43}nPassID{0}
2023-03-03 11:02:39,051 [AppLog] INFO : PASS打印前关键状态：DEV_GetDeviceInfo2：nLayerIndex{43}nPassID{0}LPPRINTER_INFO:nXSysEncDPI{0}nStatus{0}nPrintStatus{0}bSuperDevice{0}
LPPRINTER_INFO-LPPrtRunInfo:bJobPrtRuning{False}bLayerPrtIsOver{False}nContReqMemErr{0}nContWDErr{0}nCurPrtDir{0}nDTLayerIndex{0}nDTLayerPassIndex{0}nDTPtrCtlIndex{0}nLayerPassCount{0}nPrintLayerIndex{0}nPrintPassIndex{0}nProcLayerIndex{0}nPrtDataMemAddr{0}nPrtState{0}nReverse{System.Int32[]}nRevPrtCols{0}
LPPRINTER_INFO-LPDRVINFO:nFMVersion{0}nFpgaVersion{0}nPCBVersion{0}nState{0}nNextState{0}nPtvwarnState{0}nCrc32{0}nRevInfo{System.UInt32[]}nSignature{0}
2023-03-03 11:02:39,129 [AppLog] INFO : 关闭闪喷操作：IDP_FlashPrtCtl：返回值{True}
2023-03-03 11:02:39,129 [AppLog] INFO : 准备运动，编码器当前位置：DEM_GetAxisEncodeVal：MoveDirectionFlag{false为Y方向：True}CurrentPos{121.35}AimPos{15}
2023-03-03 11:02:39,176 [AppLog] INFO : Y方向运动开始：DEM_Run：返回值{True}nAxis{1}DirFlag{False}nSpeed{50000}MoveStep{-106350}nCtlValue{0}
2023-03-03 11:02:39,176 [AppLog] INFO : 准备运动，当前位置：DEV_GetPrintEncoderValue：MoveDirectionFlag{false为Y方向：False}CurrentPos{712.72}AimPos{25}
2023-03-03 11:02:39,207 [AppLog] INFO : X方向运动开始：DEM_Run：返回值{True}nAxis{0}DirFlag{False}nSpeed{50000}MoveStep{-687720}nCtlValue{2}
2023-03-03 11:02:52,857 [AppLog] INFO : X方向到位停止：DEM_StopAxisRun：返回值{True}CurrentPos{30.025}bImmeStop{False}nAxisMask{1}
2023-03-03 11:02:52,873 [AppLog] INFO : 准备运动，编码器当前位置：DEM_GetAxisEncodeVal：MoveDirectionFlag{false为Y方向：True}CurrentPos{15.1}AimPos{69}
2023-03-03 11:02:52,919 [AppLog] INFO : Y方向运动开始：DEM_Run：返回值{True}nAxis{1}DirFlag{True}nSpeed{50000}MoveStep{53900}nCtlValue{0}
2023-03-03 11:02:53,871 [AppLog] INFO : Y方向到位停止：DEM_StopAxisRun：返回值{True}CurrentPos{60.61}bImmeStop{False}nAxisMask{2}
2023-03-03 11:02:53,871 [AppLog] INFO : 获取打印Pass数据：IDP_GetPassItem2：nLayerIndex{43}nPassID{1}nProcState{3}LPPassDataItemb:PrtDir{True}nDataTxCompleteCnt{1}nHwMemAdrMatchMask{1}nLayerIndex{43}nLayerPassCount{6}nLayerPassIndex{1}nMinJet0ImgLinePos{1280}nPrtMemHwAddr{System.UInt32[]}nPrtDataOffset{System.UInt32[]}nSrcDataSize{System.UInt32[]}nPrtColBytes{System.UInt32[]}nPrtPrecession{4}nSrcEndCols{16000}nSrcStartCols{0}nStartEncPos{10000}nValidPassJets{1280}nValidPrtCols{16619}nValidPrtCtlCnts{1}pDataBuf{0}pNextItem{740339408}
2023-03-03 11:02:53,887 [AppLog] INFO : 使能Pass打印成功：IDP_DoPassPrint2：nLayerIndex{43}nPassID{1}
2023-03-03 11:02:53,902 [AppLog] INFO : PASS打印前关键状态：DEV_GetDeviceInfo2：nLayerIndex{43}nPassID{1}LPPRINTER_INFO:nXSysEncDPI{0}nStatus{0}nPrintStatus{0}bSuperDevice{0}
LPPRINTER_INFO-LPPrtRunInfo:bJobPrtRuning{False}bLayerPrtIsOver{False}nContReqMemErr{0}nContWDErr{0}nCurPrtDir{0}nDTLayerIndex{0}nDTLayerPassIndex{0}nDTPtrCtlIndex{0}nLayerPassCount{0}nPrintLayerIndex{0}nPrintPassIndex{0}nProcLayerIndex{0}nPrtDataMemAddr{0}nPrtState{0}nReverse{System.Int32[]}nRevPrtCols{0}
LPPRINTER_INFO-LPDRVINFO:nFMVersion{0}nFpgaVersion{0}nPCBVersion{0}nState{0}nNextState{0}nPtvwarnState{0}nCrc32{0}nRevInfo{System.UInt32[]}nSignature{0}
2023-03-03 11:02:53,949 [AppLog] INFO : 准备运动，当前位置：DEV_GetPrintEncoderValue：MoveDirectionFlag{false为Y方向：False}CurrentPos{26.525}AimPos{425}
2023-03-03 11:02:53,996 [AppLog] INFO : X方向运动开始：DEM_Run：返回值{True}nAxis{0}DirFlag{True}nSpeed{50000}MoveStep{398475}nCtlValue{2}
2023-03-03 11:03:01,936 [AppLog] INFO : X方向到位停止：DEM_StopAxisRun：返回值{True}CurrentPos{419.85}bImmeStop{False}nAxisMask{1}
2023-03-03 11:03:01,936 [AppLog] INFO : 准备运动，编码器当前位置：DEM_GetAxisEncodeVal：MoveDirectionFlag{false为Y方向：True}CurrentPos{68.935}AimPos{123}
2023-03-03 11:03:01,983 [AppLog] INFO : Y方向运动开始：DEM_Run：返回值{True}nAxis{1}DirFlag{True}nSpeed{50000}MoveStep{54065}nCtlValue{0}
2023-03-03 11:03:02,935 [AppLog] INFO : Y方向到位停止：DEM_StopAxisRun：返回值{True}CurrentPos{114.34}bImmeStop{False}nAxisMask{2}
2023-03-03 11:03:02,935 [AppLog] INFO : 获取打印Pass数据：IDP_GetPassItem2：nLayerIndex{43}nPassID{2}nProcState{3}LPPassDataItemb:PrtDir{False}nDataTxCompleteCnt{1}nHwMemAdrMatchMask{1}nLayerIndex{43}nLayerPassCount{6}nLayerPassIndex{2}nMinJet0ImgLinePos{2560}nPrtMemHwAddr{System.UInt32[]}nPrtDataOffset{System.UInt32[]}nSrcDataSize{System.UInt32[]}nPrtColBytes{System.UInt32[]}nPrtPrecession{4}nSrcEndCols{16000}nSrcStartCols{0}nStartEncPos{76472}nValidPassJets{1280}nValidPrtCols{16619}nValidPrtCtlCnts{1}pDataBuf{0}pNextItem{740339568}
2023-03-03 11:03:02,950 [AppLog] INFO : 使能Pass打印成功：IDP_DoPassPrint2：nLayerIndex{43}nPassID{2}
2023-03-03 11:03:02,950 [AppLog] INFO : PASS打印前关键状态：DEV_GetDeviceInfo2：nLayerIndex{43}nPassID{2}LPPRINTER_INFO:nXSysEncDPI{0}nStatus{0}nPrintStatus{0}bSuperDevice{0}
LPPRINTER_INFO-LPPrtRunInfo:bJobPrtRuning{False}bLayerPrtIsOver{False}nContReqMemErr{0}nContWDErr{0}nCurPrtDir{0}nDTLayerIndex{0}nDTLayerPassIndex{0}nDTPtrCtlIndex{0}nLayerPassCount{0}nPrintLayerIndex{0}nPrintPassIndex{0}nProcLayerIndex{0}nPrtDataMemAddr{0}nPrtState{0}nReverse{System.Int32[]}nRevPrtCols{0}
LPPRINTER_INFO-LPDRVINFO:nFMVersion{0}nFpgaVersion{0}nPCBVersion{0}nState{0}nNextState{0}nPtvwarnState{0}nCrc32{0}nRevInfo{System.UInt32[]}nSignature{0}
2023-03-03 11:03:02,981 [AppLog] INFO : 准备运动，当前位置：DEV_GetPrintEncoderValue：MoveDirectionFlag{false为Y方向：False}CurrentPos{423.475}AimPos{25}
2023-03-03 11:03:03,013 [AppLog] INFO : X方向运动开始：DEM_Run：返回值{True}nAxis{0}DirFlag{False}nSpeed{50000}MoveStep{-398475}nCtlValue{2}
2023-03-03 11:03:10,953 [AppLog] INFO : X方向到位停止：DEM_StopAxisRun：返回值{True}CurrentPos{30.205}bImmeStop{False}nAxisMask{1}
2023-03-03 11:03:10,953 [AppLog] INFO : 准备运动，编码器当前位置：DEM_GetAxisEncodeVal：MoveDirectionFlag{false为Y方向：True}CurrentPos{122.905}AimPos{177}
2023-03-03 11:03:11,000 [AppLog] INFO : Y方向运动开始：DEM_Run：返回值{True}nAxis{1}DirFlag{True}nSpeed{50000}MoveStep{54095}nCtlValue{0}
2023-03-03 11:03:11,951 [AppLog] INFO : Y方向到位停止：DEM_StopAxisRun：返回值{True}CurrentPos{167.945}bImmeStop{False}nAxisMask{2}
2023-03-03 11:03:11,951 [AppLog] INFO : 获取打印Pass数据：IDP_GetPassItem2：nLayerIndex{43}nPassID{3}nProcState{3}LPPassDataItemb:PrtDir{True}nDataTxCompleteCnt{1}nHwMemAdrMatchMask{1}nLayerIndex{43}nLayerPassCount{6}nLayerPassIndex{3}nMinJet0ImgLinePos{3840}nPrtMemHwAddr{System.UInt32[]}nPrtDataOffset{System.UInt32[]}nSrcDataSize{System.UInt32[]}nPrtColBytes{System.UInt32[]}nPrtPrecession{4}nSrcEndCols{16000}nSrcStartCols{0}nStartEncPos{10000}nValidPassJets{1280}nValidPrtCols{16619}nValidPrtCtlCnts{1}pDataBuf{0}pNextItem{740339728}
2023-03-03 11:03:11,967 [AppLog] INFO : 使能Pass打印成功：IDP_DoPassPrint2：nLayerIndex{43}nPassID{3}
2023-03-03 11:03:11,967 [AppLog] INFO : PASS打印前关键状态：DEV_GetDeviceInfo2：nLayerIndex{43}nPassID{3}LPPRINTER_INFO:nXSysEncDPI{0}nStatus{0}nPrintStatus{0}bSuperDevice{0}
LPPRINTER_INFO-LPPrtRunInfo:bJobPrtRuning{False}bLayerPrtIsOver{False}nContReqMemErr{0}nContWDErr{0}nCurPrtDir{0}nDTLayerIndex{0}nDTLayerPassIndex{0}nDTPtrCtlIndex{0}nLayerPassCount{0}nPrintLayerIndex{0}nPrintPassIndex{0}nProcLayerIndex{0}nPrtDataMemAddr{0}nPrtState{0}nReverse{System.Int32[]}nRevPrtCols{0}
LPPRINTER_INFO-LPDRVINFO:nFMVersion{0}nFpgaVersion{0}nPCBVersion{0}nState{0}nNextState{0}nPtvwarnState{0}nCrc32{0}nRevInfo{System.UInt32[]}nSignature{0}
2023-03-03 11:03:11,998 [AppLog] INFO : 准备运动，当前位置：DEV_GetPrintEncoderValue：MoveDirectionFlag{false为Y方向：False}CurrentPos{26.525}AimPos{425}
2023-03-03 11:03:12,029 [AppLog] INFO : X方向运动开始：DEM_Run：返回值{True}nAxis{0}DirFlag{True}nSpeed{50000}MoveStep{398475}nCtlValue{2}
2023-03-03 11:03:19,970 [AppLog] INFO : X方向到位停止：DEM_StopAxisRun：返回值{True}CurrentPos{419.895}bImmeStop{False}nAxisMask{1}
2023-03-03 11:03:19,970 [AppLog] INFO : 准备运动，编码器当前位置：DEM_GetAxisEncodeVal：MoveDirectionFlag{false为Y方向：True}CurrentPos{176.885}AimPos{231}
2023-03-03 11:03:20,017 [AppLog] INFO : Y方向运动开始：DEM_Run：返回值{True}nAxis{1}DirFlag{True}nSpeed{50000}MoveStep{54115}nCtlValue{0}
2023-03-03 11:03:20,968 [AppLog] INFO : Y方向到位停止：DEM_StopAxisRun：返回值{True}CurrentPos{222.285}bImmeStop{False}nAxisMask{2}
2023-03-03 11:03:20,968 [AppLog] INFO : 获取打印Pass数据：IDP_GetPassItem2：nLayerIndex{43}nPassID{4}nProcState{3}LPPassDataItemb:PrtDir{False}nDataTxCompleteCnt{1}nHwMemAdrMatchMask{1}nLayerIndex{43}nLayerPassCount{6}nLayerPassIndex{4}nMinJet0ImgLinePos{5120}nPrtMemHwAddr{System.UInt32[]}nPrtDataOffset{System.UInt32[]}nSrcDataSize{System.UInt32[]}nPrtColBytes{System.UInt32[]}nPrtPrecession{4}nSrcEndCols{16000}nSrcStartCols{0}nStartEncPos{76472}nValidPassJets{1280}nValidPrtCols{16619}nValidPrtCtlCnts{1}pDataBuf{0}pNextItem{740339888}
2023-03-03 11:03:20,984 [AppLog] INFO : 使能Pass打印成功：IDP_DoPassPrint2：nLayerIndex{43}nPassID{4}
2023-03-03 11:03:20,984 [AppLog] INFO : PASS打印前关键状态：DEV_GetDeviceInfo2：nLayerIndex{43}nPassID{4}LPPRINTER_INFO:nXSysEncDPI{0}nStatus{0}nPrintStatus{0}bSuperDevice{0}
LPPRINTER_INFO-LPPrtRunInfo:bJobPrtRuning{False}bLayerPrtIsOver{False}nContReqMemErr{0}nContWDErr{0}nCurPrtDir{0}nDTLayerIndex{0}nDTLayerPassIndex{0}nDTPtrCtlIndex{0}nLayerPassCount{0}nPrintLayerIndex{0}nPrintPassIndex{0}nProcLayerIndex{0}nPrtDataMemAddr{0}nPrtState{0}nReverse{System.Int32[]}nRevPrtCols{0}
LPPRINTER_INFO-LPDRVINFO:nFMVersion{0}nFpgaVersion{0}nPCBVersion{0}nState{0}nNextState{0}nPtvwarnState{0}nCrc32{0}nRevInfo{System.UInt32[]}nSignature{0}
2023-03-03 11:03:21,031 [AppLog] INFO : 准备运动，当前位置：DEV_GetPrintEncoderValue：MoveDirectionFlag{false为Y方向：False}CurrentPos{423.475}AimPos{25}
2023-03-03 11:03:21,062 [AppLog] INFO : X方向运动开始：DEM_Run：返回值{True}nAxis{0}DirFlag{False}nSpeed{50000}MoveStep{-398475}nCtlValue{2}
2023-03-03 11:03:29,018 [AppLog] INFO : X方向到位停止：DEM_StopAxisRun：返回值{True}CurrentPos{29.635}bImmeStop{False}nAxisMask{1}
2023-03-03 11:03:29,018 [AppLog] INFO : 准备运动，编码器当前位置：DEM_GetAxisEncodeVal：MoveDirectionFlag{false为Y方向：True}CurrentPos{230.935}AimPos{285}
2023-03-03 11:03:29,065 [AppLog] INFO : Y方向运动开始：DEM_Run：返回值{True}nAxis{1}DirFlag{True}nSpeed{50000}MoveStep{54065}nCtlValue{0}
2023-03-03 11:03:30,016 [AppLog] INFO : Y方向到位停止：DEM_StopAxisRun：返回值{True}CurrentPos{276.285}bImmeStop{False}nAxisMask{2}
2023-03-03 11:03:30,016 [AppLog] INFO : 获取打印Pass数据：IDP_GetPassItem2：nLayerIndex{43}nPassID{5}nProcState{3}LPPassDataItemb:PrtDir{True}nDataTxCompleteCnt{1}nHwMemAdrMatchMask{1}nLayerIndex{43}nLayerPassCount{6}nLayerPassIndex{5}nMinJet0ImgLinePos{6400}nPrtMemHwAddr{System.UInt32[]}nPrtDataOffset{System.UInt32[]}nSrcDataSize{System.UInt32[]}nPrtColBytes{System.UInt32[]}nPrtPrecession{4}nSrcEndCols{16000}nSrcStartCols{0}nStartEncPos{10000}nValidPassJets{1280}nValidPrtCols{16619}nValidPrtCtlCnts{1}pDataBuf{0}pNextItem{0}
2023-03-03 11:03:30,032 [AppLog] INFO : 使能Pass打印成功：IDP_DoPassPrint2：nLayerIndex{43}nPassID{5}
2023-03-03 11:03:30,047 [AppLog] INFO : PASS打印前关键状态：DEV_GetDeviceInfo2：nLayerIndex{43}nPassID{5}LPPRINTER_INFO:nXSysEncDPI{0}nStatus{0}nPrintStatus{0}bSuperDevice{0}
LPPRINTER_INFO-LPPrtRunInfo:bJobPrtRuning{False}bLayerPrtIsOver{False}nContReqMemErr{0}nContWDErr{0}nCurPrtDir{0}nDTLayerIndex{0}nDTLayerPassIndex{0}nDTPtrCtlIndex{0}nLayerPassCount{0}nPrintLayerIndex{0}nPrintPassIndex{0}nProcLayerIndex{0}nPrtDataMemAddr{0}nPrtState{0}nReverse{System.Int32[]}nRevPrtCols{0}
LPPRINTER_INFO-LPDRVINFO:nFMVersion{0}nFpgaVersion{0}nPCBVersion{0}nState{0}nNextState{0}nPtvwarnState{0}nCrc32{0}nRevInfo{System.UInt32[]}nSignature{0}
2023-03-03 11:03:30,063 [AppLog] INFO : 准备运动，当前位置：DEV_GetPrintEncoderValue：MoveDirectionFlag{false为Y方向：False}CurrentPos{26.535}AimPos{425}
2023-03-03 11:03:30,110 [AppLog] INFO : X方向运动开始：DEM_Run：返回值{True}nAxis{0}DirFlag{True}nSpeed{50000}MoveStep{398465}nCtlValue{2}
2023-03-03 11:03:38,066 [AppLog] INFO : X方向到位停止：DEM_StopAxisRun：返回值{True}CurrentPos{420.775}bImmeStop{False}nAxisMask{1}
2023-03-03 11:03:38,097 [AppLog] INFO : 准备运动，当前位置：DEV_GetPrintEncoderValue：MoveDirectionFlag{false为Y方向：False}CurrentPos{422.02}AimPos{710}
2023-03-03 11:03:38,128 [AppLog] INFO : X方向运动开始：DEM_Run：返回值{True}nAxis{0}DirFlag{True}nSpeed{50000}MoveStep{287980}nCtlValue{2}
2023-03-03 11:03:38,128 [AppLog] INFO : 准备运动，编码器当前位置：DEM_GetAxisEncodeVal：MoveDirectionFlag{false为Y方向：True}CurrentPos{284.89}AimPos{121}
2023-03-03 11:03:38,159 [AppLog] INFO : Y方向运动开始：DEM_Run：返回值{True}nAxis{1}DirFlag{False}nSpeed{50000}MoveStep{-163890}nCtlValue{0}
2023-03-03 11:03:43,900 [AppLog] INFO : Y方向到位等停：DEM_StopAxisRun：返回值{True}bImmeStop{False}nAxisMask{1}
2023-03-03 11:03:43,900 [AppLog] INFO : X方向到位等停：DEM_StopAxisRun：返回值{True}bImmeStop{False}nAxisMask{2}
2023-03-03 11:03:43,916 [AppLog] INFO : 开启闪喷操作：IDP_FlashPrtCtl：返回值{True}
2023-03-03 11:03:43,947 [AppLog] INFO : 进入自动铺粉逻辑：NewAutoSupplyPowderThread2
2023-03-03 11:03:43,947 [AppLog] INFO : 发送监控指令，拍照记录1条：SendMessageFromSharedMemory
2023-03-03 11:03:43,947 [AppLog] INFO : 手动正向点动指令（8轴运控板卡系统） ====》：输出AXIS{第1轴},点动量{-0.15MM},运动速度{1MM/s}
2023-03-03 11:03:43,947 [AppLog] INFO : 成形面高度下降层厚 TrapSpace{0.15mm}：TrapMoveUp(1, true, Convert.ToString(vel), Convert.ToString(TrapSpace), true, true）
2023-03-03 11:03:45,757 [AppLog] INFO : 手动正向点动指令（8轴运控板卡系统） ====》：输出AXIS{第8轴},点动量{0.5MM},运动速度{0.5MM/s}
2023-03-03 11:03:45,757 [AppLog] INFO : Hopper落粉轴转2圈落粉，速度0.5rev/s：TrapMoveUp(8, true, 0.5, rotateNuM.ToString(), true, false)
2023-03-03 11:03:46,069 [AppLog] INFO : 手动正向点动指令（8轴运控板卡系统） ====》：输出AXIS{第2轴},点动量{698MM},运动速度{30MM/s}
2023-03-03 11:03:46,069 [AppLog] INFO : 开启铺粉车不等停运动至站2，速度0.5rev/s：BackToStation2
2023-03-03 11:03:51,123 [AppLog] INFO : 打开IR灯：OpenIRLamp(true)
2023-03-03 11:03:54,664 [AppLog] INFO : 手动正向点动指令（8轴运控板卡系统） ====》：输出AXIS{第3轴},点动量{0.5MM},运动速度{0.0588235294117647MM/s}
2023-03-03 11:03:54,664 [AppLog] INFO : 开启均匀落粉及辊子铺平运动：TrapMoveUp(3, true, Convert.ToString(DispenseRollerSpeed), 0.5, true, true)
2023-03-03 11:04:03,291 [AppLog] INFO : 关闭IR灯：OpenIRLamp(false)
2023-03-03 11:04:07,097 [AppLog] INFO : 手动正向点动指令（8轴运控板卡系统） ====》：输出AXIS{第3轴},点动量{0.5MM},运动速度{2MM/s}
2023-03-03 11:04:07,097 [AppLog] INFO : 落粉轴继续转动以倒掉余粉：TrapMoveUp(3, true, 2, 0.5, true, false)
2023-03-03 11:04:09,328 [AppLog] INFO : 手动正向点动指令（8轴运控板卡系统） ====》：输出AXIS{第1轴},点动量{-1.5MM},运动速度{1MM/s}
2023-03-03 11:04:09,328 [AppLog] INFO : 成形面高度下降指定厚度 TrapSpace{1.5mm}：TrapMoveUp(1, true, Convert.ToString(vel), Convert.ToString(TrapSpace), true, true）
2023-03-03 11:04:14,991 [AppLog] INFO : 手动正向点动指令（8轴运控板卡系统） ====》：输出AXIS{第2轴},点动量{-698MM},运动速度{150MM/s}
2023-03-03 11:04:14,991 [AppLog] INFO : 铺粉车返回至站1：BackToStation2(AimPos, MovSpeed, true)
2023-03-03 11:04:15,755 [AppLog] INFO : 落粉轴回零成功：motionMap.SetBackSpreaderAxis(3, 0.5, 2, -SinkPosition)：ReturnCode{True}
2023-03-03 11:04:15,755 [AppLog] INFO : 手动正向点动指令（8轴运控板卡系统） ====》：输出AXIS{第1轴},点动量{1.5MM},运动速度{1MM/s}
2023-03-03 11:04:15,755 [AppLog] INFO : 成形面高度上升层厚 TrapSpace{1.5mm}：TrapMoveUp(1, true, Convert.ToString(vel), Convert.ToString(TrapSpace), true, true）
2023-03-03 11:04:16,769 [AppLog] INFO : 自动铺粉正常结束：NewAutoSupplyPowderThread2
2023-03-03 11:04:16,769 [AppLog] INFO : 发送监控指令，拍照记录1条：SendMessageFromSharedMemory
2023-03-03 11:04:16,801 [AppLog] INFO : 接收到恢复打印指令：PrintTaskTHREAD
2023-03-03 11:04:16,801 [AppLog] INFO : 获取打印Pass数据：IDP_GetPassItem2：nLayerIndex{44}nPassID{0}nProcState{3}LPPassDataItemb:PrtDir{False}nDataTxCompleteCnt{1}nHwMemAdrMatchMask{1}nLayerIndex{44}nLayerPassCount{6}nLayerPassIndex{0}nMinJet0ImgLinePos{0}nPrtMemHwAddr{System.UInt32[]}nPrtDataOffset{System.UInt32[]}nSrcDataSize{System.UInt32[]}nPrtColBytes{System.UInt32[]}nPrtPrecession{4}nSrcEndCols{16000}nSrcStartCols{0}nStartEncPos{76472}nValidPassJets{1280}nValidPrtCols{16619}nValidPrtCtlCnts{1}pDataBuf{0}pNextItem{740340208}
2023-03-03 11:04:16,801 [AppLog] INFO : 使能Pass打印成功：IDP_DoPassPrint2：nLayerIndex{44}nPassID{0}
2023-03-03 11:04:16,816 [AppLog] INFO : PASS打印前关键状态：DEV_GetDeviceInfo2：nLayerIndex{44}nPassID{0}LPPRINTER_INFO:nXSysEncDPI{0}nStatus{0}nPrintStatus{0}bSuperDevice{0}
LPPRINTER_INFO-LPPrtRunInfo:bJobPrtRuning{False}bLayerPrtIsOver{False}nContReqMemErr{0}nContWDErr{0}nCurPrtDir{0}nDTLayerIndex{0}nDTLayerPassIndex{0}nDTPtrCtlIndex{0}nLayerPassCount{0}nPrintLayerIndex{0}nPrintPassIndex{0}nProcLayerIndex{0}nPrtDataMemAddr{0}nPrtState{0}nReverse{System.Int32[]}nRevPrtCols{0}
LPPRINTER_INFO-LPDRVINFO:nFMVersion{0}nFpgaVersion{0}nPCBVersion{0}nState{0}nNextState{0}nPtvwarnState{0}nCrc32{0}nRevInfo{System.UInt32[]}nSignature{0}
2023-03-03 11:04:16,847 [AppLog] INFO : 关闭闪喷操作：IDP_FlashPrtCtl：返回值{True}
2023-03-03 11:04:16,847 [AppLog] INFO : 准备运动，编码器当前位置：DEM_GetAxisEncodeVal：MoveDirectionFlag{false为Y方向：True}CurrentPos{121.35}AimPos{15}
2023-03-03 11:04:16,894 [AppLog] INFO : Y方向运动开始：DEM_Run：返回值{True}nAxis{1}DirFlag{False}nSpeed{50000}MoveStep{-106350}nCtlValue{0}
2023-03-03 11:04:16,894 [AppLog] INFO : 准备运动，当前位置：DEV_GetPrintEncoderValue：MoveDirectionFlag{false为Y方向：False}CurrentPos{711.42}AimPos{25}
2023-03-03 11:04:16,925 [AppLog] INFO : X方向运动开始：DEM_Run：返回值{True}nAxis{0}DirFlag{False}nSpeed{50000}MoveStep{-686420}nCtlValue{2}
2023-03-03 11:04:30,560 [AppLog] INFO : X方向到位停止：DEM_StopAxisRun：返回值{True}CurrentPos{30.03}bImmeStop{False}nAxisMask{1}
2023-03-03 11:04:30,560 [AppLog] INFO : 准备运动，编码器当前位置：DEM_GetAxisEncodeVal：MoveDirectionFlag{false为Y方向：True}CurrentPos{15.095}AimPos{69}
2023-03-03 11:04:30,591 [AppLog] INFO : Y方向运动开始：DEM_Run：返回值{True}nAxis{1}DirFlag{True}nSpeed{50000}MoveStep{53905}nCtlValue{0}
2023-03-03 11:04:31,543 [AppLog] INFO : Y方向到位停止：DEM_StopAxisRun：返回值{True}CurrentPos{60.495}bImmeStop{False}nAxisMask{2}
2023-03-03 11:04:31,543 [AppLog] INFO : 获取打印Pass数据：IDP_GetPassItem2：nLayerIndex{44}nPassID{1}nProcState{3}LPPassDataItemb:PrtDir{True}nDataTxCompleteCnt{1}nHwMemAdrMatchMask{1}nLayerIndex{44}nLayerPassCount{6}nLayerPassIndex{1}nMinJet0ImgLinePos{1280}nPrtMemHwAddr{System.UInt32[]}nPrtDataOffset{System.UInt32[]}nSrcDataSize{System.UInt32[]}nPrtColBytes{System.UInt32[]}nPrtPrecession{4}nSrcEndCols{16000}nSrcStartCols{0}nStartEncPos{10000}nValidPassJets{1280}nValidPrtCols{16619}nValidPrtCtlCnts{1}pDataBuf{0}pNextItem{740340368}
2023-03-03 11:04:31,558 [AppLog] INFO : 使能Pass打印成功：IDP_DoPassPrint2：nLayerIndex{44}nPassID{1}
2023-03-03 11:04:31,558 [AppLog] INFO : PASS打印前关键状态：DEV_GetDeviceInfo2：nLayerIndex{44}nPassID{1}LPPRINTER_INFO:nXSysEncDPI{0}nStatus{0}nPrintStatus{0}bSuperDevice{0}
LPPRINTER_INFO-LPPrtRunInfo:bJobPrtRuning{False}bLayerPrtIsOver{False}nContReqMemErr{0}nContWDErr{0}nCurPrtDir{0}nDTLayerIndex{0}nDTLayerPassIndex{0}nDTPtrCtlIndex{0}nLayerPassCount{0}nPrintLayerIndex{0}nPrintPassIndex{0}nProcLayerIndex{0}nPrtDataMemAddr{0}nPrtState{0}nReverse{System.Int32[]}nRevPrtCols{0}
LPPRINTER_INFO-LPDRVINFO:nFMVersion{0}nFpgaVersion{0}nPCBVersion{0}nState{0}nNextState{0}nPtvwarnState{0}nCrc32{0}nRevInfo{System.UInt32[]}nSignature{0}
2023-03-03 11:04:31,589 [AppLog] INFO : 准备运动，当前位置：DEV_GetPrintEncoderValue：MoveDirectionFlag{false为Y方向：False}CurrentPos{26.555}AimPos{425}
2023-03-03 11:04:31,621 [AppLog] INFO : X方向运动开始：DEM_Run：返回值{True}nAxis{0}DirFlag{True}nSpeed{50000}MoveStep{398445}nCtlValue{2}
2023-03-03 11:04:39,577 [AppLog] INFO : X方向到位停止：DEM_StopAxisRun：返回值{True}CurrentPos{420.64}bImmeStop{False}nAxisMask{1}
2023-03-03 11:04:39,577 [AppLog] INFO : 准备运动，编码器当前位置：DEM_GetAxisEncodeVal：MoveDirectionFlag{false为Y方向：True}CurrentPos{68.935}AimPos{123}
2023-03-03 11:04:39,623 [AppLog] INFO : Y方向运动开始：DEM_Run：返回值{True}nAxis{1}DirFlag{True}nSpeed{50000}MoveStep{54065}nCtlValue{0}
2023-03-03 11:04:40,591 [AppLog] INFO : Y方向到位停止：DEM_StopAxisRun：返回值{True}CurrentPos{115.54}bImmeStop{False}nAxisMask{2}
2023-03-03 11:04:40,591 [AppLog] INFO : 获取打印Pass数据：IDP_GetPassItem2：nLayerIndex{44}nPassID{2}nProcState{3}LPPassDataItemb:PrtDir{False}nDataTxCompleteCnt{1}nHwMemAdrMatchMask{1}nLayerIndex{44}nLayerPassCount{6}nLayerPassIndex{2}nMinJet0ImgLinePos{2560}nPrtMemHwAddr{System.UInt32[]}nPrtDataOffset{System.UInt32[]}nSrcDataSize{System.UInt32[]}nPrtColBytes{System.UInt32[]}nPrtPrecession{4}nSrcEndCols{16000}nSrcStartCols{0}nStartEncPos{76472}nValidPassJets{1280}nValidPrtCols{16619}nValidPrtCtlCnts{1}pDataBuf{0}pNextItem{740340528}
2023-03-03 11:04:40,606 [AppLog] INFO : 使能Pass打印成功：IDP_DoPassPrint2：nLayerIndex{44}nPassID{2}
2023-03-03 11:04:40,606 [AppLog] INFO : PASS打印前关键状态：DEV_GetDeviceInfo2：nLayerIndex{44}nPassID{2}LPPRINTER_INFO:nXSysEncDPI{0}nStatus{0}nPrintStatus{0}bSuperDevice{0}
LPPRINTER_INFO-LPPrtRunInfo:bJobPrtRuning{False}bLayerPrtIsOver{False}nContReqMemErr{0}nContWDErr{0}nCurPrtDir{0}nDTLayerIndex{0}nDTLayerPassIndex{0}nDTPtrCtlIndex{0}nLayerPassCount{0}nPrintLayerIndex{0}nPrintPassIndex{0}nProcLayerIndex{0}nPrtDataMemAddr{0}nPrtState{0}nReverse{System.Int32[]}nRevPrtCols{0}
LPPRINTER_INFO-LPDRVINFO:nFMVersion{0}nFpgaVersion{0}nPCBVersion{0}nState{0}nNextState{0}nPtvwarnState{0}nCrc32{0}nRevInfo{System.UInt32[]}nSignature{0}
2023-03-03 11:04:40,637 [AppLog] INFO : 准备运动，当前位置：DEV_GetPrintEncoderValue：MoveDirectionFlag{false为Y方向：False}CurrentPos{423.475}AimPos{25}
2023-03-03 11:04:40,700 [AppLog] INFO : X方向运动开始：DEM_Run：返回值{True}nAxis{0}DirFlag{False}nSpeed{50000}MoveStep{-398475}nCtlValue{2}
2023-03-03 11:04:48,656 [AppLog] INFO : X方向到位停止：DEM_StopAxisRun：返回值{True}CurrentPos{29.66}bImmeStop{False}nAxisMask{1}
2023-03-03 11:04:48,656 [AppLog] INFO : 准备运动，编码器当前位置：DEM_GetAxisEncodeVal：MoveDirectionFlag{false为Y方向：True}CurrentPos{122.91}AimPos{177}
2023-03-03 11:04:48,703 [AppLog] INFO : Y方向运动开始：DEM_Run：返回值{True}nAxis{1}DirFlag{True}nSpeed{50000}MoveStep{54090}nCtlValue{0}
2023-03-03 11:04:49,654 [AppLog] INFO : Y方向到位停止：DEM_StopAxisRun：返回值{True}CurrentPos{168.25}bImmeStop{False}nAxisMask{2}
2023-03-03 11:04:49,654 [AppLog] INFO : 获取打印Pass数据：IDP_GetPassItem2：nLayerIndex{44}nPassID{3}nProcState{3}LPPassDataItemb:PrtDir{True}nDataTxCompleteCnt{1}nHwMemAdrMatchMask{1}nLayerIndex{44}nLayerPassCount{6}nLayerPassIndex{3}nMinJet0ImgLinePos{3840}nPrtMemHwAddr{System.UInt32[]}nPrtDataOffset{System.UInt32[]}nSrcDataSize{System.UInt32[]}nPrtColBytes{System.UInt32[]}nPrtPrecession{4}nSrcEndCols{16000}nSrcStartCols{0}nStartEncPos{10000}nValidPassJets{1280}nValidPrtCols{16619}nValidPrtCtlCnts{1}pDataBuf{0}pNextItem{740340688}
2023-03-03 11:04:49,670 [AppLog] INFO : 使能Pass打印成功：IDP_DoPassPrint2：nLayerIndex{44}nPassID{3}
2023-03-03 11:04:49,670 [AppLog] INFO : PASS打印前关键状态：DEV_GetDeviceInfo2：nLayerIndex{44}nPassID{3}LPPRINTER_INFO:nXSysEncDPI{0}nStatus{0}nPrintStatus{0}bSuperDevice{0}
LPPRINTER_INFO-LPPrtRunInfo:bJobPrtRuning{False}bLayerPrtIsOver{False}nContReqMemErr{0}nContWDErr{0}nCurPrtDir{0}nDTLayerIndex{0}nDTLayerPassIndex{0}nDTPtrCtlIndex{0}nLayerPassCount{0}nPrintLayerIndex{0}nPrintPassIndex{0}nProcLayerIndex{0}nPrtDataMemAddr{0}nPrtState{0}nReverse{System.Int32[]}nRevPrtCols{0}
LPPRINTER_INFO-LPDRVINFO:nFMVersion{0}nFpgaVersion{0}nPCBVersion{0}nState{0}nNextState{0}nPtvwarnState{0}nCrc32{0}nRevInfo{System.UInt32[]}nSignature{0}
2023-03-03 11:04:49,701 [AppLog] INFO : 准备运动，当前位置：DEV_GetPrintEncoderValue：MoveDirectionFlag{false为Y方向：False}CurrentPos{26.535}AimPos{425}
2023-03-03 11:04:49,732 [AppLog] INFO : X方向运动开始：DEM_Run：返回值{True}nAxis{0}DirFlag{True}nSpeed{50000}MoveStep{398465}nCtlValue{2}
2023-03-03 11:04:57,688 [AppLog] INFO : X方向到位停止：DEM_StopAxisRun：返回值{True}CurrentPos{420.45}bImmeStop{False}nAxisMask{1}
2023-03-03 11:04:57,688 [AppLog] INFO : 准备运动，编码器当前位置：DEM_GetAxisEncodeVal：MoveDirectionFlag{false为Y方向：True}CurrentPos{176.89}AimPos{231}
2023-03-03 11:04:57,735 [AppLog] INFO : Y方向运动开始：DEM_Run：返回值{True}nAxis{1}DirFlag{True}nSpeed{50000}MoveStep{54110}nCtlValue{0}
2023-03-03 11:04:58,687 [AppLog] INFO : Y方向到位停止：DEM_StopAxisRun：返回值{True}CurrentPos{222.045}bImmeStop{False}nAxisMask{2}
2023-03-03 11:04:58,687 [AppLog] INFO : 获取打印Pass数据：IDP_GetPassItem2：nLayerIndex{44}nPassID{4}nProcState{3}LPPassDataItemb:PrtDir{False}nDataTxCompleteCnt{1}nHwMemAdrMatchMask{1}nLayerIndex{44}nLayerPassCount{6}nLayerPassIndex{4}nMinJet0ImgLinePos{5120}nPrtMemHwAddr{System.UInt32[]}nPrtDataOffset{System.UInt32[]}nSrcDataSize{System.UInt32[]}nPrtColBytes{System.UInt32[]}nPrtPrecession{4}nSrcEndCols{16000}nSrcStartCols{0}nStartEncPos{76472}nValidPassJets{1280}nValidPrtCols{16619}nValidPrtCtlCnts{1}pDataBuf{0}pNextItem{740340848}
2023-03-03 11:04:58,718 [AppLog] INFO : 使能Pass打印成功：IDP_DoPassPrint2：nLayerIndex{44}nPassID{4}
2023-03-03 11:04:58,718 [AppLog] INFO : PASS打印前关键状态：DEV_GetDeviceInfo2：nLayerIndex{44}nPassID{4}LPPRINTER_INFO:nXSysEncDPI{0}nStatus{0}nPrintStatus{0}bSuperDevice{0}
LPPRINTER_INFO-LPPrtRunInfo:bJobPrtRuning{False}bLayerPrtIsOver{False}nContReqMemErr{0}nContWDErr{0}nCurPrtDir{0}nDTLayerIndex{0}nDTLayerPassIndex{0}nDTPtrCtlIndex{0}nLayerPassCount{0}nPrintLayerIndex{0}nPrintPassIndex{0}nProcLayerIndex{0}nPrtDataMemAddr{0}nPrtState{0}nReverse{System.Int32[]}nRevPrtCols{0}
LPPRINTER_INFO-LPDRVINFO:nFMVersion{0}nFpgaVersion{0}nPCBVersion{0}nState{0}nNextState{0}nPtvwarnState{0}nCrc32{0}nRevInfo{System.UInt32[]}nSignature{0}
2023-03-03 11:04:58,765 [AppLog] INFO : 准备运动，当前位置：DEV_GetPrintEncoderValue：MoveDirectionFlag{false为Y方向：False}CurrentPos{423.47}AimPos{25}
2023-03-03 11:04:58,812 [AppLog] INFO : X方向运动开始：DEM_Run：返回值{True}nAxis{0}DirFlag{False}nSpeed{50000}MoveStep{-398470}nCtlValue{2}
2023-03-03 11:05:06,752 [AppLog] INFO : X方向到位停止：DEM_StopAxisRun：返回值{True}CurrentPos{29.965}bImmeStop{False}nAxisMask{1}
2023-03-03 11:05:06,768 [AppLog] INFO : 准备运动，编码器当前位置：DEM_GetAxisEncodeVal：MoveDirectionFlag{false为Y方向：True}CurrentPos{230.925}AimPos{285}
2023-03-03 11:05:06,799 [AppLog] INFO : Y方向运动开始：DEM_Run：返回值{True}nAxis{1}DirFlag{True}nSpeed{50000}MoveStep{54075}nCtlValue{0}
2023-03-03 11:05:07,735 [AppLog] INFO : Y方向到位停止：DEM_StopAxisRun：返回值{True}CurrentPos{275.76}bImmeStop{False}nAxisMask{2}
2023-03-03 11:05:07,735 [AppLog] INFO : 获取打印Pass数据：IDP_GetPassItem2：nLayerIndex{44}nPassID{5}nProcState{3}LPPassDataItemb:PrtDir{True}nDataTxCompleteCnt{1}nHwMemAdrMatchMask{1}nLayerIndex{44}nLayerPassCount{6}nLayerPassIndex{5}nMinJet0ImgLinePos{6400}nPrtMemHwAddr{System.UInt32[]}nPrtDataOffset{System.UInt32[]}nSrcDataSize{System.UInt32[]}nPrtColBytes{System.UInt32[]}nPrtPrecession{4}nSrcEndCols{16000}nSrcStartCols{0}nStartEncPos{10000}nValidPassJets{1280}nValidPrtCols{16619}nValidPrtCtlCnts{1}pDataBuf{0}pNextItem{0}
2023-03-03 11:05:07,750 [AppLog] INFO : 使能Pass打印成功：IDP_DoPassPrint2：nLayerIndex{44}nPassID{5}
2023-03-03 11:05:07,766 [AppLog] INFO : PASS打印前关键状态：DEV_GetDeviceInfo2：nLayerIndex{44}nPassID{5}LPPRINTER_INFO:nXSysEncDPI{0}nStatus{0}nPrintStatus{0}bSuperDevice{0}
LPPRINTER_INFO-LPPrtRunInfo:bJobPrtRuning{False}bLayerPrtIsOver{False}nContReqMemErr{0}nContWDErr{0}nCurPrtDir{0}nDTLayerIndex{0}nDTLayerPassIndex{0}nDTPtrCtlIndex{0}nLayerPassCount{0}nPrintLayerIndex{0}nPrintPassIndex{0}nProcLayerIndex{0}nPrtDataMemAddr{0}nPrtState{0}nReverse{System.Int32[]}nRevPrtCols{0}
LPPRINTER_INFO-LPDRVINFO:nFMVersion{0}nFpgaVersion{0}nPCBVersion{0}nState{0}nNextState{0}nPtvwarnState{0}nCrc32{0}nRevInfo{System.UInt32[]}nSignature{0}
2023-03-03 11:05:07,797 [AppLog] INFO : 准备运动，当前位置：DEV_GetPrintEncoderValue：MoveDirectionFlag{false为Y方向：False}CurrentPos{26.54}AimPos{425}
2023-03-03 11:05:07,844 [AppLog] INFO : X方向运动开始：DEM_Run：返回值{True}nAxis{0}DirFlag{True}nSpeed{50000}MoveStep{398460}nCtlValue{2}
2023-03-03 11:05:15,800 [AppLog] INFO : X方向到位停止：DEM_StopAxisRun：返回值{True}CurrentPos{420.58}bImmeStop{False}nAxisMask{1}
2023-03-03 11:05:15,800 [AppLog] INFO : 准备运动，当前位置：DEV_GetPrintEncoderValue：MoveDirectionFlag{false为Y方向：False}CurrentPos{420.84}AimPos{710}
2023-03-03 11:05:15,831 [AppLog] INFO : X方向运动开始：DEM_Run：返回值{True}nAxis{0}DirFlag{True}nSpeed{50000}MoveStep{289160}nCtlValue{2}
2023-03-03 11:05:15,831 [AppLog] INFO : 准备运动，编码器当前位置：DEM_GetAxisEncodeVal：MoveDirectionFlag{false为Y方向：True}CurrentPos{284.9}AimPos{121}
2023-03-03 11:05:15,862 [AppLog] INFO : Y方向运动开始：DEM_Run：返回值{True}nAxis{1}DirFlag{False}nSpeed{50000}MoveStep{-163900}nCtlValue{0}
2023-03-03 11:05:21,619 [AppLog] INFO : Y方向到位等停：DEM_StopAxisRun：返回值{True}bImmeStop{False}nAxisMask{1}
2023-03-03 11:05:21,619 [AppLog] INFO : X方向到位等停：DEM_StopAxisRun：返回值{True}bImmeStop{False}nAxisMask{2}
2023-03-03 11:05:21,650 [AppLog] INFO : 开启闪喷操作：IDP_FlashPrtCtl：返回值{True}
2023-03-03 11:05:21,681 [AppLog] INFO : 进入自动铺粉逻辑：NewAutoSupplyPowderThread2
2023-03-03 11:05:21,681 [AppLog] INFO : 发送监控指令，拍照记录1条：SendMessageFromSharedMemory
2023-03-03 11:05:21,681 [AppLog] INFO : 手动正向点动指令（8轴运控板卡系统） ====》：输出AXIS{第1轴},点动量{-0.15MM},运动速度{1MM/s}
2023-03-03 11:05:21,681 [AppLog] INFO : 成形面高度下降层厚 TrapSpace{0.15mm}：TrapMoveUp(1, true, Convert.ToString(vel), Convert.ToString(TrapSpace), true, true）
2023-03-03 11:05:23,491 [AppLog] INFO : 手动正向点动指令（8轴运控板卡系统） ====》：输出AXIS{第8轴},点动量{0.5MM},运动速度{0.5MM/s}
2023-03-03 11:05:23,491 [AppLog] INFO : Hopper落粉轴转2圈落粉，速度0.5rev/s：TrapMoveUp(8, true, 0.5, rotateNuM.ToString(), true, false)
2023-03-03 11:05:23,803 [AppLog] INFO : 手动正向点动指令（8轴运控板卡系统） ====》：输出AXIS{第2轴},点动量{698MM},运动速度{30MM/s}
2023-03-03 11:05:23,803 [AppLog] INFO : 开启铺粉车不等停运动至站2，速度0.5rev/s：BackToStation2
2023-03-03 11:05:28,842 [AppLog] INFO : 打开IR灯：OpenIRLamp(true)
2023-03-03 11:05:32,398 [AppLog] INFO : 手动正向点动指令（8轴运控板卡系统） ====》：输出AXIS{第3轴},点动量{0.5MM},运动速度{0.0588235294117647MM/s}
2023-03-03 11:05:32,398 [AppLog] INFO : 开启均匀落粉及辊子铺平运动：TrapMoveUp(3, true, Convert.ToString(DispenseRollerSpeed), 0.5, true, true)
2023-03-03 11:05:41,010 [AppLog] INFO : 关闭IR灯：OpenIRLamp(false)
2023-03-03 11:05:44,832 [AppLog] INFO : 手动正向点动指令（8轴运控板卡系统） ====》：输出AXIS{第3轴},点动量{0.5MM},运动速度{2MM/s}
2023-03-03 11:05:44,832 [AppLog] INFO : 落粉轴继续转动以倒掉余粉：TrapMoveUp(3, true, 2, 0.5, true, false)
2023-03-03 11:05:47,062 [AppLog] INFO : 手动正向点动指令（8轴运控板卡系统） ====》：输出AXIS{第1轴},点动量{-1.5MM},运动速度{1MM/s}
2023-03-03 11:05:47,062 [AppLog] INFO : 成形面高度下降指定厚度 TrapSpace{1.5mm}：TrapMoveUp(1, true, Convert.ToString(vel), Convert.ToString(TrapSpace), true, true）
2023-03-03 11:05:52,725 [AppLog] INFO : 手动正向点动指令（8轴运控板卡系统） ====》：输出AXIS{第2轴},点动量{-698MM},运动速度{150MM/s}
2023-03-03 11:05:52,725 [AppLog] INFO : 铺粉车返回至站1：BackToStation2(AimPos, MovSpeed, true)
2023-03-03 11:05:53,490 [AppLog] INFO : 落粉轴回零成功：motionMap.SetBackSpreaderAxis(3, 0.5, 2, -SinkPosition)：ReturnCode{True}
2023-03-03 11:05:53,490 [AppLog] INFO : 手动正向点动指令（8轴运控板卡系统） ====》：输出AXIS{第1轴},点动量{1.5MM},运动速度{1MM/s}
2023-03-03 11:05:53,490 [AppLog] INFO : 成形面高度上升层厚 TrapSpace{1.5mm}：TrapMoveUp(1, true, Convert.ToString(vel), Convert.ToString(TrapSpace), true, true）
2023-03-03 11:05:54,504 [AppLog] INFO : 自动铺粉正常结束：NewAutoSupplyPowderThread2
2023-03-03 11:05:54,504 [AppLog] INFO : 发送监控指令，拍照记录1条：SendMessageFromSharedMemory
2023-03-03 11:05:54,519 [AppLog] INFO : 接收到恢复打印指令：PrintTaskTHREAD
2023-03-03 11:05:54,566 [AppLog] INFO : 获取打印Pass数据：IDP_GetPassItem2：nLayerIndex{45}nPassID{0}nProcState{3}LPPassDataItemb:PrtDir{False}nDataTxCompleteCnt{1}nHwMemAdrMatchMask{1}nLayerIndex{45}nLayerPassCount{6}nLayerPassIndex{0}nMinJet0ImgLinePos{0}nPrtMemHwAddr{System.UInt32[]}nPrtDataOffset{System.UInt32[]}nSrcDataSize{System.UInt32[]}nPrtColBytes{System.UInt32[]}nPrtPrecession{4}nSrcEndCols{16000}nSrcStartCols{0}nStartEncPos{76472}nValidPassJets{1280}nValidPrtCols{16619}nValidPrtCtlCnts{1}pDataBuf{0}pNextItem{740341168}
2023-03-03 11:05:54,566 [AppLog] INFO : 使能Pass打印成功：IDP_DoPassPrint2：nLayerIndex{45}nPassID{0}
2023-03-03 11:05:54,566 [AppLog] INFO : PASS打印前关键状态：DEV_GetDeviceInfo2：nLayerIndex{45}nPassID{0}LPPRINTER_INFO:nXSysEncDPI{0}nStatus{0}nPrintStatus{0}bSuperDevice{0}
LPPRINTER_INFO-LPPrtRunInfo:bJobPrtRuning{False}bLayerPrtIsOver{False}nContReqMemErr{0}nContWDErr{0}nCurPrtDir{0}nDTLayerIndex{0}nDTLayerPassIndex{0}nDTPtrCtlIndex{0}nLayerPassCount{0}nPrintLayerIndex{0}nPrintPassIndex{0}nProcLayerIndex{0}nPrtDataMemAddr{0}nPrtState{0}nReverse{System.Int32[]}nRevPrtCols{0}
LPPRINTER_INFO-LPDRVINFO:nFMVersion{0}nFpgaVersion{0}nPCBVersion{0}nState{0}nNextState{0}nPtvwarnState{0}nCrc32{0}nRevInfo{System.UInt32[]}nSignature{0}
2023-03-03 11:05:54,613 [AppLog] INFO : 关闭闪喷操作：IDP_FlashPrtCtl：返回值{True}
2023-03-03 11:05:54,613 [AppLog] INFO : 准备运动，编码器当前位置：DEM_GetAxisEncodeVal：MoveDirectionFlag{false为Y方向：True}CurrentPos{121.345}AimPos{15}
2023-03-03 11:05:54,660 [AppLog] INFO : Y方向运动开始：DEM_Run：返回值{True}nAxis{1}DirFlag{False}nSpeed{50000}MoveStep{-106345}nCtlValue{0}
2023-03-03 11:05:54,660 [AppLog] INFO : 准备运动，当前位置：DEV_GetPrintEncoderValue：MoveDirectionFlag{false为Y方向：False}CurrentPos{712.605}AimPos{25}
2023-03-03 11:05:54,691 [AppLog] INFO : X方向运动开始：DEM_Run：返回值{True}nAxis{0}DirFlag{False}nSpeed{50000}MoveStep{-687605}nCtlValue{2}
2023-03-03 11:06:08,356 [AppLog] INFO : X方向到位停止：DEM_StopAxisRun：返回值{True}CurrentPos{28.78}bImmeStop{False}nAxisMask{1}
2023-03-03 11:06:08,372 [AppLog] INFO : 准备运动，编码器当前位置：DEM_GetAxisEncodeVal：MoveDirectionFlag{false为Y方向：True}CurrentPos{15.095}AimPos{69}
2023-03-03 11:06:08,403 [AppLog] INFO : Y方向运动开始：DEM_Run：返回值{True}nAxis{1}DirFlag{True}nSpeed{50000}MoveStep{53905}nCtlValue{0}
2023-03-03 11:06:09,339 [AppLog] INFO : Y方向到位停止：DEM_StopAxisRun：返回值{True}CurrentPos{59.77}bImmeStop{False}nAxisMask{2}
2023-03-03 11:06:09,339 [AppLog] INFO : 获取打印Pass数据：IDP_GetPassItem2：nLayerIndex{45}nPassID{1}nProcState{3}LPPassDataItemb:PrtDir{True}nDataTxCompleteCnt{1}nHwMemAdrMatchMask{1}nLayerIndex{45}nLayerPassCount{6}nLayerPassIndex{1}nMinJet0ImgLinePos{1280}nPrtMemHwAddr{System.UInt32[]}nPrtDataOffset{System.UInt32[]}nSrcDataSize{System.UInt32[]}nPrtColBytes{System.UInt32[]}nPrtPrecession{4}nSrcEndCols{16000}nSrcStartCols{0}nStartEncPos{10000}nValidPassJets{1280}nValidPrtCols{16619}nValidPrtCtlCnts{1}pDataBuf{0}pNextItem{740341328}
2023-03-03 11:06:09,355 [AppLog] INFO : 使能Pass打印成功：IDP_DoPassPrint2：nLayerIndex{45}nPassID{1}
2023-03-03 11:06:09,370 [AppLog] INFO : PASS打印前关键状态：DEV_GetDeviceInfo2：nLayerIndex{45}nPassID{1}LPPRINTER_INFO:nXSysEncDPI{0}nStatus{0}nPrintStatus{0}bSuperDevice{0}
LPPRINTER_INFO-LPPrtRunInfo:bJobPrtRuning{False}bLayerPrtIsOver{False}nContReqMemErr{0}nContWDErr{0}nCurPrtDir{0}nDTLayerIndex{0}nDTLayerPassIndex{0}nDTPtrCtlIndex{0}nLayerPassCount{0}nPrintLayerIndex{0}nPrintPassIndex{0}nProcLayerIndex{0}nPrtDataMemAddr{0}nPrtState{0}nReverse{System.Int32[]}nRevPrtCols{0}
LPPRINTER_INFO-LPDRVINFO:nFMVersion{0}nFpgaVersion{0}nPCBVersion{0}nState{0}nNextState{0}nPtvwarnState{0}nCrc32{0}nRevInfo{System.UInt32[]}nSignature{0}
2023-03-03 11:06:09,402 [AppLog] INFO : 准备运动，当前位置：DEV_GetPrintEncoderValue：MoveDirectionFlag{false为Y方向：False}CurrentPos{26.535}AimPos{425}
2023-03-03 11:06:09,433 [AppLog] INFO : X方向运动开始：DEM_Run：返回值{True}nAxis{0}DirFlag{True}nSpeed{50000}MoveStep{398465}nCtlValue{2}
2023-03-03 11:06:17,389 [AppLog] INFO : X方向到位停止：DEM_StopAxisRun：返回值{True}CurrentPos{420.61}bImmeStop{False}nAxisMask{1}
2023-03-03 11:06:17,389 [AppLog] INFO : 准备运动，编码器当前位置：DEM_GetAxisEncodeVal：MoveDirectionFlag{false为Y方向：True}CurrentPos{68.935}AimPos{123}
2023-03-03 11:06:17,436 [AppLog] INFO : Y方向运动开始：DEM_Run：返回值{True}nAxis{1}DirFlag{True}nSpeed{50000}MoveStep{54065}nCtlValue{0}
2023-03-03 11:06:18,387 [AppLog] INFO : Y方向到位停止：DEM_StopAxisRun：返回值{True}CurrentPos{114.31}bImmeStop{False}nAxisMask{2}
2023-03-03 11:06:18,387 [AppLog] INFO : 获取打印Pass数据：IDP_GetPassItem2：nLayerIndex{45}nPassID{2}nProcState{3}LPPassDataItemb:PrtDir{False}nDataTxCompleteCnt{1}nHwMemAdrMatchMask{1}nLayerIndex{45}nLayerPassCount{6}nLayerPassIndex{2}nMinJet0ImgLinePos{2560}nPrtMemHwAddr{System.UInt32[]}nPrtDataOffset{System.UInt32[]}nSrcDataSize{System.UInt32[]}nPrtColBytes{System.UInt32[]}nPrtPrecession{4}nSrcEndCols{16000}nSrcStartCols{0}nStartEncPos{76472}nValidPassJets{1280}nValidPrtCols{16619}nValidPrtCtlCnts{1}pDataBuf{0}pNextItem{740341488}
2023-03-03 11:06:18,434 [AppLog] INFO : 使能Pass打印成功：IDP_DoPassPrint2：nLayerIndex{45}nPassID{2}
2023-03-03 11:06:18,434 [AppLog] INFO : PASS打印前关键状态：DEV_GetDeviceInfo2：nLayerIndex{45}nPassID{2}LPPRINTER_INFO:nXSysEncDPI{0}nStatus{0}nPrintStatus{0}bSuperDevice{0}
LPPRINTER_INFO-LPPrtRunInfo:bJobPrtRuning{False}bLayerPrtIsOver{False}nContReqMemErr{0}nContWDErr{0}nCurPrtDir{0}nDTLayerIndex{0}nDTLayerPassIndex{0}nDTPtrCtlIndex{0}nLayerPassCount{0}nPrintLayerIndex{0}nPrintPassIndex{0}nProcLayerIndex{0}nPrtDataMemAddr{0}nPrtState{0}nReverse{System.Int32[]}nRevPrtCols{0}
LPPRINTER_INFO-LPDRVINFO:nFMVersion{0}nFpgaVersion{0}nPCBVersion{0}nState{0}nNextState{0}nPtvwarnState{0}nCrc32{0}nRevInfo{System.UInt32[]}nSignature{0}
2023-03-03 11:06:18,465 [AppLog] INFO : 准备运动，当前位置：DEV_GetPrintEncoderValue：MoveDirectionFlag{false为Y方向：False}CurrentPos{423.465}AimPos{25}
2023-03-03 11:06:18,512 [AppLog] INFO : X方向运动开始：DEM_Run：返回值{True}nAxis{0}DirFlag{False}nSpeed{50000}MoveStep{-398465}nCtlValue{2}
2023-03-03 11:06:26,468 [AppLog] INFO : X方向到位停止：DEM_StopAxisRun：返回值{True}CurrentPos{29.435}bImmeStop{False}nAxisMask{1}
2023-03-03 11:06:26,468 [AppLog] INFO : 准备运动，编码器当前位置：DEM_GetAxisEncodeVal：MoveDirectionFlag{false为Y方向：True}CurrentPos{122.905}AimPos{177}
2023-03-03 11:06:26,499 [AppLog] INFO : Y方向运动开始：DEM_Run：返回值{True}nAxis{1}DirFlag{True}nSpeed{50000}MoveStep{54095}nCtlValue{0}
2023-03-03 11:06:27,451 [AppLog] INFO : Y方向到位停止：DEM_StopAxisRun：返回值{True}CurrentPos{168.16}bImmeStop{False}nAxisMask{2}
2023-03-03 11:06:27,451 [AppLog] INFO : 获取打印Pass数据：IDP_GetPassItem2：nLayerIndex{45}nPassID{3}nProcState{3}LPPassDataItemb:PrtDir{True}nDataTxCompleteCnt{1}nHwMemAdrMatchMask{1}nLayerIndex{45}nLayerPassCount{6}nLayerPassIndex{3}nMinJet0ImgLinePos{3840}nPrtMemHwAddr{System.UInt32[]}nPrtDataOffset{System.UInt32[]}nSrcDataSize{System.UInt32[]}nPrtColBytes{System.UInt32[]}nPrtPrecession{4}nSrcEndCols{16000}nSrcStartCols{0}nStartEncPos{10000}nValidPassJets{1280}nValidPrtCols{16619}nValidPrtCtlCnts{1}pDataBuf{0}pNextItem{740341648}
2023-03-03 11:06:27,466 [AppLog] INFO : 使能Pass打印成功：IDP_DoPassPrint2：nLayerIndex{45}nPassID{3}
2023-03-03 11:06:27,466 [AppLog] INFO : PASS打印前关键状态：DEV_GetDeviceInfo2：nLayerIndex{45}nPassID{3}LPPRINTER_INFO:nXSysEncDPI{0}nStatus{0}nPrintStatus{0}bSuperDevice{0}
LPPRINTER_INFO-LPPrtRunInfo:bJobPrtRuning{False}bLayerPrtIsOver{False}nContReqMemErr{0}nContWDErr{0}nCurPrtDir{0}nDTLayerIndex{0}nDTLayerPassIndex{0}nDTPtrCtlIndex{0}nLayerPassCount{0}nPrintLayerIndex{0}nPrintPassIndex{0}nProcLayerIndex{0}nPrtDataMemAddr{0}nPrtState{0}nReverse{System.Int32[]}nRevPrtCols{0}
LPPRINTER_INFO-LPDRVINFO:nFMVersion{0}nFpgaVersion{0}nPCBVersion{0}nState{0}nNextState{0}nPtvwarnState{0}nCrc32{0}nRevInfo{System.UInt32[]}nSignature{0}
2023-03-03 11:06:27,498 [AppLog] INFO : 准备运动，当前位置：DEV_GetPrintEncoderValue：MoveDirectionFlag{false为Y方向：False}CurrentPos{26.535}AimPos{425}
2023-03-03 11:06:27,544 [AppLog] INFO : X方向运动开始：DEM_Run：返回值{True}nAxis{0}DirFlag{True}nSpeed{50000}MoveStep{398465}nCtlValue{2}
2023-03-03 11:06:35,500 [AppLog] INFO : X方向到位停止：DEM_StopAxisRun：返回值{True}CurrentPos{420.745}bImmeStop{False}nAxisMask{1}
2023-03-03 11:06:35,500 [AppLog] INFO : 准备运动，编码器当前位置：DEM_GetAxisEncodeVal：MoveDirectionFlag{false为Y方向：True}CurrentPos{176.89}AimPos{231}
2023-03-03 11:06:35,547 [AppLog] INFO : Y方向运动开始：DEM_Run：返回值{True}nAxis{1}DirFlag{True}nSpeed{50000}MoveStep{54110}nCtlValue{0}
2023-03-03 11:06:36,499 [AppLog] INFO : Y方向到位停止：DEM_StopAxisRun：返回值{True}CurrentPos{222.32}bImmeStop{False}nAxisMask{2}
2023-03-03 11:06:36,499 [AppLog] INFO : 获取打印Pass数据：IDP_GetPassItem2：nLayerIndex{45}nPassID{4}nProcState{3}LPPassDataItemb:PrtDir{False}nDataTxCompleteCnt{1}nHwMemAdrMatchMask{1}nLayerIndex{45}nLayerPassCount{6}nLayerPassIndex{4}nMinJet0ImgLinePos{5120}nPrtMemHwAddr{System.UInt32[]}nPrtDataOffset{System.UInt32[]}nSrcDataSize{System.UInt32[]}nPrtColBytes{System.UInt32[]}nPrtPrecession{4}nSrcEndCols{16000}nSrcStartCols{0}nStartEncPos{76472}nValidPassJets{1280}nValidPrtCols{16619}nValidPrtCtlCnts{1}pDataBuf{0}pNextItem{674660320}
2023-03-03 11:06:36,514 [AppLog] INFO : 使能Pass打印成功：IDP_DoPassPrint2：nLayerIndex{45}nPassID{4}
2023-03-03 11:06:36,514 [AppLog] INFO : PASS打印前关键状态：DEV_GetDeviceInfo2：nLayerIndex{45}nPassID{4}LPPRINTER_INFO:nXSysEncDPI{0}nStatus{0}nPrintStatus{0}bSuperDevice{0}
LPPRINTER_INFO-LPPrtRunInfo:bJobPrtRuning{False}bLayerPrtIsOver{False}nContReqMemErr{0}nContWDErr{0}nCurPrtDir{0}nDTLayerIndex{0}nDTLayerPassIndex{0}nDTPtrCtlIndex{0}nLayerPassCount{0}nPrintLayerIndex{0}nPrintPassIndex{0}nProcLayerIndex{0}nPrtDataMemAddr{0}nPrtState{0}nReverse{System.Int32[]}nRevPrtCols{0}
LPPRINTER_INFO-LPDRVINFO:nFMVersion{0}nFpgaVersion{0}nPCBVersion{0}nState{0}nNextState{0}nPtvwarnState{0}nCrc32{0}nRevInfo{System.UInt32[]}nSignature{0}
2023-03-03 11:06:36,546 [AppLog] INFO : 准备运动，当前位置：DEV_GetPrintEncoderValue：MoveDirectionFlag{false为Y方向：False}CurrentPos{423.46}AimPos{25}
2023-03-03 11:06:36,577 [AppLog] INFO : X方向运动开始：DEM_Run：返回值{True}nAxis{0}DirFlag{False}nSpeed{50000}MoveStep{-398460}nCtlValue{2}
2023-03-03 11:06:44,517 [AppLog] INFO : X方向到位停止：DEM_StopAxisRun：返回值{True}CurrentPos{29.92}bImmeStop{False}nAxisMask{1}
2023-03-03 11:06:44,517 [AppLog] INFO : 准备运动，编码器当前位置：DEM_GetAxisEncodeVal：MoveDirectionFlag{false为Y方向：True}CurrentPos{230.93}AimPos{285}
2023-03-03 11:06:44,580 [AppLog] INFO : Y方向运动开始：DEM_Run：返回值{True}nAxis{1}DirFlag{True}nSpeed{50000}MoveStep{54070}nCtlValue{0}
2023-03-03 11:06:45,547 [AppLog] INFO : Y方向到位停止：DEM_StopAxisRun：返回值{True}CurrentPos{277.135}bImmeStop{False}nAxisMask{2}
2023-03-03 11:06:45,547 [AppLog] INFO : 获取打印Pass数据：IDP_GetPassItem2：nLayerIndex{45}nPassID{5}nProcState{3}LPPassDataItemb:PrtDir{True}nDataTxCompleteCnt{1}nHwMemAdrMatchMask{1}nLayerIndex{45}nLayerPassCount{6}nLayerPassIndex{5}nMinJet0ImgLinePos{6400}nPrtMemHwAddr{System.UInt32[]}nPrtDataOffset{System.UInt32[]}nSrcDataSize{System.UInt32[]}nPrtColBytes{System.UInt32[]}nPrtPrecession{4}nSrcEndCols{16000}nSrcStartCols{0}nStartEncPos{10000}nValidPassJets{1280}nValidPrtCols{16619}nValidPrtCtlCnts{1}pDataBuf{0}pNextItem{0}
2023-03-03 11:06:45,594 [AppLog] INFO : 使能Pass打印成功：IDP_DoPassPrint2：nLayerIndex{45}nPassID{5}
2023-03-03 11:06:45,609 [AppLog] INFO : PASS打印前关键状态：DEV_GetDeviceInfo2：nLayerIndex{45}nPassID{5}LPPRINTER_INFO:nXSysEncDPI{0}nStatus{0}nPrintStatus{0}bSuperDevice{0}
LPPRINTER_INFO-LPPrtRunInfo:bJobPrtRuning{False}bLayerPrtIsOver{False}nContReqMemErr{0}nContWDErr{0}nCurPrtDir{0}nDTLayerIndex{0}nDTLayerPassIndex{0}nDTPtrCtlIndex{0}nLayerPassCount{0}nPrintLayerIndex{0}nPrintPassIndex{0}nProcLayerIndex{0}nPrtDataMemAddr{0}nPrtState{0}nReverse{System.Int32[]}nRevPrtCols{0}
LPPRINTER_INFO-LPDRVINFO:nFMVersion{0}nFpgaVersion{0}nPCBVersion{0}nState{0}nNextState{0}nPtvwarnState{0}nCrc32{0}nRevInfo{System.UInt32[]}nSignature{0}
2023-03-03 11:06:45,641 [AppLog] INFO : 准备运动，当前位置：DEV_GetPrintEncoderValue：MoveDirectionFlag{false为Y方向：False}CurrentPos{26.56}AimPos{425}
2023-03-03 11:06:45,672 [AppLog] INFO : X方向运动开始：DEM_Run：返回值{True}nAxis{0}DirFlag{True}nSpeed{50000}MoveStep{398440}nCtlValue{2}
2023-03-03 11:06:53,628 [AppLog] INFO : X方向到位停止：DEM_StopAxisRun：返回值{True}CurrentPos{420.92}bImmeStop{False}nAxisMask{1}
2023-03-03 11:06:53,643 [AppLog] INFO : 准备运动，当前位置：DEV_GetPrintEncoderValue：MoveDirectionFlag{false为Y方向：False}CurrentPos{421.165}AimPos{710}
2023-03-03 11:06:53,675 [AppLog] INFO : X方向运动开始：DEM_Run：返回值{True}nAxis{0}DirFlag{True}nSpeed{50000}MoveStep{288835}nCtlValue{2}
2023-03-03 11:06:53,675 [AppLog] INFO : 准备运动，编码器当前位置：DEM_GetAxisEncodeVal：MoveDirectionFlag{false为Y方向：True}CurrentPos{284.89}AimPos{121}
2023-03-03 11:06:53,706 [AppLog] INFO : Y方向运动开始：DEM_Run：返回值{True}nAxis{1}DirFlag{False}nSpeed{50000}MoveStep{-163890}nCtlValue{0}
2023-03-03 11:06:58,136 [AppLog] INFO : 删除打印任务：准备删除数据处理及打印线程
2023-03-03 11:06:58,261 [AppLog] INFO : 关闭打印线程成功：PrintTaskTHREAD
2023-03-03 11:06:58,261 [AppLog] INFO : 关闭打印线程成功：DataTaskTHREAD
2023-03-03 11:06:58,261 [AppLog] INFO : 停止打印任务，释放板卡内存：IDP_StopPrintJob()：ReturnFlag{True}
2023-03-03 11:22:11,923 [AppLog] INFO : 进入手动调试子模块！
2023-03-03 11:22:31,392 [AppLog] INFO : 手动控制墨车运动开启：沿Y轴后侧方向运动 ↓↓↓：nAxis{{1}},Dir{{true}},nPlsSpeed{{{nSpeed}}},nPlsCount{{750000}},cControlFlag{{{nCtlValue}}}
2023-03-03 11:22:31,501 [AppLog] INFO : 手动控制墨车运动带减速停止：沿Y轴方向运动 ↑↑↑↓↓↓ ====: bImmeStop{{false}},nAxisMask{{0x2}}
2023-03-03 11:22:32,094 [AppLog] INFO : 手动控制墨车运动开启：沿Y轴后侧方向运动 ↓↓↓：nAxis{{1}},Dir{{true}},nPlsSpeed{{{nSpeed}}},nPlsCount{{750000}},cControlFlag{{{nCtlValue}}}
2023-03-03 11:22:32,843 [AppLog] INFO : 手动控制墨车运动带减速停止：沿Y轴方向运动 ↑↑↑↓↓↓ ====: bImmeStop{{false}},nAxisMask{{0x2}}
2023-03-03 11:22:33,139 [AppLog] INFO : 手动控制墨车运动开启：沿Y轴后侧方向运动 ↓↓↓：nAxis{{1}},Dir{{true}},nPlsSpeed{{{nSpeed}}},nPlsCount{{750000}},cControlFlag{{{nCtlValue}}}
2023-03-03 11:22:33,217 [AppLog] INFO : 手动控制墨车运动带减速停止：沿Y轴方向运动 ↑↑↑↓↓↓ ====: bImmeStop{{false}},nAxisMask{{0x2}}
2023-03-03 11:22:33,405 [AppLog] INFO : 手动控制墨车运动开启：沿Y轴后侧方向运动 ↓↓↓：nAxis{{1}},Dir{{true}},nPlsSpeed{{{nSpeed}}},nPlsCount{{750000}},cControlFlag{{{nCtlValue}}}
2023-03-03 11:22:33,467 [AppLog] INFO : 手动控制墨车运动带减速停止：沿Y轴方向运动 ↑↑↑↓↓↓ ====: bImmeStop{{false}},nAxisMask{{0x2}}
2023-03-03 11:22:33,623 [AppLog] INFO : 手动控制墨车运动开启：沿Y轴后侧方向运动 ↓↓↓：nAxis{{1}},Dir{{true}},nPlsSpeed{{{nSpeed}}},nPlsCount{{750000}},cControlFlag{{{nCtlValue}}}
2023-03-03 11:22:34,060 [AppLog] INFO : 手动控制墨车运动带减速停止：沿Y轴方向运动 ↑↑↑↓↓↓ ====: bImmeStop{{false}},nAxisMask{{0x2}}
2023-03-03 11:22:34,481 [AppLog] INFO : 手动控制墨车运动开启：沿Y轴后侧方向运动 ↓↓↓：nAxis{{1}},Dir{{true}},nPlsSpeed{{{nSpeed}}},nPlsCount{{750000}},cControlFlag{{{nCtlValue}}}
2023-03-03 11:22:34,575 [AppLog] INFO : 手动控制墨车运动带减速停止：沿Y轴方向运动 ↑↑↑↓↓↓ ====: bImmeStop{{false}},nAxisMask{{0x2}}
2023-03-03 11:22:34,887 [AppLog] INFO : 手动控制墨车运动开启：沿Y轴后侧方向运动 ↓↓↓：nAxis{{1}},Dir{{true}},nPlsSpeed{{{nSpeed}}},nPlsCount{{750000}},cControlFlag{{{nCtlValue}}}
2023-03-03 11:22:34,949 [AppLog] INFO : 手动控制墨车运动带减速停止：沿Y轴方向运动 ↑↑↑↓↓↓ ====: bImmeStop{{false}},nAxisMask{{0x2}}
2023-03-03 11:22:35,433 [AppLog] INFO : 手动控制墨车运动开启：沿Y轴后侧方向运动 ↓↓↓：nAxis{{1}},Dir{{true}},nPlsSpeed{{{nSpeed}}},nPlsCount{{750000}},cControlFlag{{{nCtlValue}}}
2023-03-03 11:22:35,526 [AppLog] INFO : 手动控制墨车运动带减速停止：沿Y轴方向运动 ↑↑↑↓↓↓ ====: bImmeStop{{false}},nAxisMask{{0x2}}
2023-03-03 11:22:42,187 [AppLog] INFO : 手动控制墨车运动开启，沿X轴右侧方向运动 ====》：nAxis{0},Dir{true},nPlsSpeed{100000},nPlsCount{750000},cControlFlag{2}
2023-03-03 11:22:42,281 [AppLog] INFO : 手动控制墨车运动带减速停止：沿X轴方向运动 ====》《=== ====: bImmeStop{false},nAxisMask{0x1}
2023-03-03 11:22:42,780 [AppLog] INFO : 手动控制墨车运动开启，沿X轴右侧方向运动 ====》：nAxis{0},Dir{true},nPlsSpeed{100000},nPlsCount{750000},cControlFlag{2}
2023-03-03 11:22:42,827 [AppLog] INFO : 手动控制墨车运动带减速停止：沿X轴方向运动 ====》《=== ====: bImmeStop{false},nAxisMask{0x1}
2023-03-03 11:22:43,295 [AppLog] INFO : 手动控制墨车运动开启，沿X轴右侧方向运动 ====》：nAxis{0},Dir{true},nPlsSpeed{100000},nPlsCount{750000},cControlFlag{2}
2023-03-03 11:22:43,404 [AppLog] INFO : 手动控制墨车运动带减速停止：沿X轴方向运动 ====》《=== ====: bImmeStop{false},nAxisMask{0x1}
2023-03-03 11:22:54,933 [AppLog] INFO : 手动控制墨车运动开启：沿Y轴后侧方向运动 ↓↓↓：nAxis{{1}},Dir{{true}},nPlsSpeed{{{nSpeed}}},nPlsCount{{750000}},cControlFlag{{{nCtlValue}}}
2023-03-03 11:22:55,057 [AppLog] INFO : 手动控制墨车运动带减速停止：沿Y轴方向运动 ↑↑↑↓↓↓ ====: bImmeStop{{false}},nAxisMask{{0x2}}
2023-03-03 11:22:59,769 [AppLog] INFO : 手动控制墨车运动开启：沿Y轴前侧方向运动 ↑↑↑：nAxis{{1}},Dir{{false}},nPlsSpeed{{{nSpeed}}},nPlsCount{{750000}},cControlFlag{{{nCtlValue}}}
2023-03-03 11:22:59,831 [AppLog] INFO : 手动控制墨车运动带减速停止：沿Y轴方向运动 ↑↑↑↓↓↓ ====: bImmeStop{{false}},nAxisMask{{0x2}}
2023-03-03 11:23:14,230 [AppLog] INFO : 开启手动冲洗喷头：CleanBtn_Click
2023-03-03 11:23:29,518 [AppLog] INFO : 关闭手动冲洗喷头：CleanBtn_Click
2023-03-03 11:24:27,129 [AppLog] INFO : 手动控制墨车运动开启，沿X轴右侧方向运动 ====》：nAxis{0},Dir{true},nPlsSpeed{100000},nPlsCount{750000},cControlFlag{2}
2023-03-03 11:24:27,160 [AppLog] INFO : 手动控制墨车运动带减速停止：沿X轴方向运动 ====》《=== ====: bImmeStop{false},nAxisMask{0x1}
2023-03-03 11:24:27,612 [AppLog] INFO : 手动控制墨车运动开启，沿X轴右侧方向运动 ====》：nAxis{0},Dir{true},nPlsSpeed{100000},nPlsCount{750000},cControlFlag{2}
2023-03-03 11:24:27,644 [AppLog] INFO : 手动控制墨车运动带减速停止：沿X轴方向运动 ====》《=== ====: bImmeStop{false},nAxisMask{0x1}
2023-03-03 11:24:27,956 [AppLog] INFO : 手动控制墨车运动开启，沿X轴右侧方向运动 ====》：nAxis{0},Dir{true},nPlsSpeed{100000},nPlsCount{750000},cControlFlag{2}
2023-03-03 11:24:28,002 [AppLog] INFO : 手动控制墨车运动带减速停止：沿X轴方向运动 ====》《=== ====: bImmeStop{false},nAxisMask{0x1}
2023-03-03 11:24:30,186 [AppLog] INFO : 手动控制墨车运动开启：沿Y轴前侧方向运动 ↑↑↑：nAxis{{1}},Dir{{false}},nPlsSpeed{{{nSpeed}}},nPlsCount{{750000}},cControlFlag{{{nCtlValue}}}
2023-03-03 11:24:30,233 [AppLog] INFO : 手动控制墨车运动带减速停止：沿Y轴方向运动 ↑↑↑↓↓↓ ====: bImmeStop{{false}},nAxisMask{{0x2}}
2023-03-03 11:24:36,801 [AppLog] INFO : 开启手动冲洗喷头：CleanBtn_Click
2023-03-03 11:24:44,476 [AppLog] INFO : 关闭手动冲洗喷头：CleanBtn_Click
2023-03-03 11:24:49,000 [AppLog] INFO : 开启手动冲洗喷头：CleanBtn_Click
2023-03-03 11:24:51,044 [AppLog] INFO : 关闭手动冲洗喷头：CleanBtn_Click
2023-03-03 11:24:54,647 [AppLog] INFO : 开启手动冲洗喷头：CleanBtn_Click
2023-03-03 11:25:00,170 [AppLog] INFO : 关闭手动冲洗喷头：CleanBtn_Click
2023-03-03 11:25:42,103 [AppLog] INFO : 退出手动调试子模块,已执行修改
==========================================================================
2023-03-03 11:25:43,288 [AppLog] INFO : 进入JOB参数设置：修改前初始参数：灰度数据格式{1bits}打印灰阶{1阶}m_XPrintDpi{1270Dpi}墨车运动速度{50MM/s}X向起打位置{50MM}Y向起打位置{20MM}
2023-03-03 11:25:46,003 [AppLog] INFO : 退出JOB参数设置：修改后参数：灰度数据格式{1bits}打印灰阶{1阶}m_XPrintDpi{1270Dpi}墨车运动速度{50MM/s}X向起打位置{50MM}Y向起打位置{20MM}
2023-03-03 11:25:52,367 [AppLog] INFO : 开启系统：板卡通讯，伺服供电，照明系统，UV/HR固化系统！
2023-03-03 11:25:53,210 [AppLog] INFO : 关闭系统：一键关闭系统开始！
2023-03-03 11:25:59,419 [AppLog] INFO : 关闭系统：一键关闭系统结束！
2023-03-03 11:25:59,450 [AppLog] INFO : 喷墨控制器的所有轴输出关闭！
2023-03-03 11:25:59,450 [AppLog] INFO : 喷墨控制器关闭！
2023-03-03 11:25:59,450 [AppLog] INFO : 进入电气控制模块
2023-03-03 11:26:16,859 [AppLog] INFO : 电气控制模块：手动关闭端口14
2023-03-03 11:26:17,702 [AppLog] INFO : 电气控制模块：手动关闭端口15
2023-03-03 11:26:18,653 [AppLog] INFO : 退出电气控制模块
2023-03-03 11:26:40,993 [AppLog] INFO : 开启系统：板卡通讯，伺服供电，照明系统，UV/HR固化系统！
2023-03-03 11:26:40,993 [AppLog] INFO : 开启系统：一键启动系统开始！
2023-03-03 11:26:47,077 [AppLog] INFO : 开启系统：一键启动系统结束！
2023-03-03 11:27:12,286 [AppLog] INFO : 初始化喷墨控制器！
2023-03-03 11:27:12,442 [AppLog] INFO : 红外灯控制器485通讯建立！
2023-03-03 11:27:12,442 [AppLog] INFO : 进入电气控制模块
2023-03-03 11:27:14,720 [AppLog] INFO : 退出电气控制模块
2023-03-03 11:27:26,591 [AppLog] INFO : 开启系统：板卡通讯，伺服供电，照明系统，UV/HR固化系统！
2023-03-03 11:27:27,496 [AppLog] INFO : 关闭系统：一键关闭系统开始！
2023-03-03 11:27:33,705 [AppLog] INFO : 关闭系统：一键关闭系统结束！
2023-03-03 11:27:33,705 [AppLog] INFO : 喷墨控制器的所有轴输出关闭！
2023-03-03 11:27:33,721 [AppLog] INFO : 喷墨控制器关闭！
2023-03-03 11:27:33,721 [AppLog] INFO : 进入电气控制模块
2023-03-03 11:27:34,766 [AppLog] INFO : 退出电气控制模块
2023-03-03 11:27:36,872 [AppLog] INFO : 软件及设备关停中：墨车所有方向运动确认停止（X,Y,Y2)： bImmeStop{False},nAxisMask{0x7}
2023-03-03 11:27:36,872 [AppLog] INFO : 软件及设备关停中：喷墨控制器板卡系统关闭（X,Y,Y2)：DEV_CloseDevice
2023-03-03 11:27:37,543 [AppLog] INFO : 软件及设备关停成功
==========================================================================
操作系统:{Microsoft Windows 7 旗舰版 }
运行环境:{ .Net Framework Enviroment Version 4.0.30319.42000}
盘符：D
CPU使用率：{12.49961%} ，可用内存大小:{13453MB}，硬盘剩余空间：
  盘符 C:\ 的剩余空间：82 GB
  盘符 D:\ 的剩余空间：97 GB
==========================================================================
