2023-03-31 12:00:10,517 [AppLog] INFO : {1}号喷头温度更新成功：MCU_SetPhStdTemp{25℃}
2023-03-31 12:00:21,858 [AppLog] INFO : 进入气压控制卡参数监控状态时
2023-03-31 12:00:21,874 [AppLog] INFO : 进入气压控制卡参数设置状态时
2023-03-31 12:00:26,725 [AppLog] INFO : 进入气压控制卡参数监控状态时
2023-03-31 12:00:26,741 [AppLog] INFO : 进入气压控制卡参数设置状态时
2023-03-31 12:00:29,986 [AppLog] INFO : 退出手动调试子模块，未执行修改
==========================================================================
2023-03-31 12:00:31,998 [AppLog] INFO : 进入电气控制模块
2023-03-31 12:00:32,872 [AppLog] INFO : 退出电气控制模块
2023-03-31 12:00:35,649 [AppLog] INFO : 进入手动调试子模块！
2023-03-31 12:00:35,649 [AppLog] INFO : 进入：ManulBtn_Click=》准备创建对象-手动操作！
2023-03-31 12:00:35,680 [AppLog] INFO : 创建：ManualControl=》创建完成-手动操作！
2023-03-31 12:00:35,680 [AppLog] INFO : 加载成功：温控Modbus接口！
2023-03-31 12:00:36,928 [AppLog] INFO : 退出手动调试子模块,已执行修改
==========================================================================
2023-03-31 12:00:38,566 [AppLog] INFO : 进入电气控制模块
2023-03-31 12:00:39,440 [AppLog] INFO : 退出电气控制模块
2023-03-31 12:00:51,420 [AppLog] INFO : 进入电气控制模块
2023-03-31 12:00:52,575 [AppLog] INFO : 退出电气控制模块
2023-03-31 12:00:54,306 [AppLog] INFO : 进入手动调试子模块！
2023-03-31 12:00:54,306 [AppLog] INFO : 进入：ManulBtn_Click=》准备创建对象-手动操作！
2023-03-31 12:00:54,322 [AppLog] INFO : 创建：ManualControl=》创建完成-手动操作！
2023-03-31 12:00:54,322 [AppLog] INFO : 加载成功：温控Modbus接口！
2023-03-31 12:00:55,367 [AppLog] INFO : 退出手动调试子模块,已执行修改
==========================================================================
2023-03-31 12:00:57,052 [AppLog] INFO : 进入电气控制模块
2023-03-31 12:00:58,050 [AppLog] INFO : 退出电气控制模块
2023-03-31 12:01:00,344 [AppLog] INFO : 开启系统：板卡通讯，伺服供电，照明系统，UV/HR固化系统！
2023-03-31 12:01:01,311 [AppLog] INFO : 关闭系统：一键关闭系统开始！
2023-03-31 12:01:07,520 [AppLog] INFO : 关闭系统：一键关闭系统结束！
2023-03-31 12:01:07,520 [AppLog] INFO : 喷墨控制器的所有轴输出关闭！
2023-03-31 12:01:07,707 [AppLog] INFO : 喷墨控制器关闭！
2023-03-31 12:01:07,707 [AppLog] INFO : 进入电气控制模块
2023-03-31 12:01:08,658 [AppLog] INFO : 退出电气控制模块
2023-03-31 12:01:10,390 [AppLog] INFO : 软件及设备关停中：墨车所有方向运动确认停止（X,Y,Y2)： bImmeStop{False},nAxisMask{0x7}
2023-03-31 12:01:10,390 [AppLog] INFO : 软件及设备关停中：喷墨控制器板卡系统关闭（X,Y,Y2)：DEV_CloseDevice
2023-03-31 12:01:11,061 [AppLog] INFO : 软件及设备关停成功
==========================================================================
操作系统:{Microsoft Windows 7 旗舰版 }
运行环境:{ .Net Framework Enviroment Version 4.0.30319.42000}
盘符：D
CPU使用率：{0%} ，可用内存大小:{14276MB}，硬盘剩余空间：
  盘符 C:\ 的剩余空间：70 GB
  盘符 D:\ 的剩余空间：88 GB
  盘符 F:\ 的剩余空间：3 GB
==========================================================================
