2023-05-09 16:30:02,783 [AppLog] INFO : 软件开机密码正确，登录成功1次
==========================================================================
操作系统:{Microsoft Windows 7 旗舰版 }
运行环境:{ .Net Framework Enviroment Version 4.0.30319.42000}
盘符：D
CPU使用率：{39.06228%} ，可用内存大小:{14349MB}，硬盘剩余空间：
  盘符 C:\ 的剩余空间：70 GB
  盘符 D:\ 的剩余空间：67 GB
  盘符 E:\ 的剩余空间：57 GB
硬件配置情况：
  CPU 厂家: GenuineIntel CPU 型号: Intel(R) Core(TM) i7-4770 CPU @ 3.40GHz
  内存条厂家: Kingston 内存条型号: 99P5471-043.A00LF 
  内存条厂家: Kingston 内存条型号: 99P5471-043.A00LF 
  硬盘厂家: (标准磁盘驱动器) 硬盘型号: Micron_1300_MTFDDAK256TDL ATA Device
  硬盘厂家: (标准磁盘驱动器) 硬盘型号:  USB  SanDisk 3.2Gen1 USB Device
==========================================================================
2023-05-09 16:30:05,544 [AppLog] INFO : 进入电气控制模块
2023-05-09 16:30:07,041 [AppLog] INFO : 退出电气控制模块
2023-05-09 16:30:07,806 [AppLog] INFO : 开启系统：板卡通讯，伺服供电，照明系统，UV/HR固化系统！
2023-05-09 16:30:07,806 [AppLog] INFO : 开启系统：一键启动系统开始！
2023-05-09 16:30:13,890 [AppLog] INFO : 开启系统：一键启动系统结束！
2023-05-09 16:30:14,093 [AppLog] INFO : 创建：AutoPrintMotion0=》初次创建完成-手动操作！
2023-05-09 16:30:14,155 [AppLog] INFO : 初始化喷墨控制器启动！
2023-05-09 16:30:37,649 [AppLog] INFO : 打开喷墨控制器设备成功！
2023-05-09 16:30:37,680 [AppLog] INFO : 输入校准值1次{成功}，打印往返差校准值为：BiDirEncPrtOff{5},分频值{8},打印速度{300mm/s}
2023-05-09 16:30:43,967 [AppLog] INFO : 初始化喷墨控制器成功！
2023-05-09 16:30:43,967 [AppLog] INFO : 进入：EquipmentMotionLogic3=》准备创建对象-手动操作！
2023-05-09 16:30:43,998 [AppLog] INFO : 进入：EquipmentMotionLogic3=》创建完成-手动操作！
2023-05-09 16:30:44,138 [AppLog] INFO : 红外灯控制器485通讯建立！
2023-05-09 16:30:44,138 [AppLog] INFO : 进入电气控制模块
2023-05-09 16:30:47,009 [AppLog] INFO : 电气控制模块：手动打开端口14
2023-05-09 16:30:47,991 [AppLog] INFO : 电气控制模块：手动打开端口15
2023-05-09 16:30:51,049 [AppLog] INFO : 电气控制模块：手动关闭端口15
2023-05-09 16:30:52,188 [AppLog] INFO : 电气控制模块：手动关闭端口14
2023-05-09 16:30:52,625 [AppLog] INFO : 退出电气控制模块
2023-05-09 16:30:53,295 [AppLog] INFO : 进入手动调试子模块！
2023-05-09 16:30:53,295 [AppLog] INFO : 进入：ManulBtn_Click=》准备创建对象-手动操作！
2023-05-09 16:30:53,327 [AppLog] INFO : 创建：ManualControl=》创建完成-手动操作！
2023-05-09 16:30:53,327 [AppLog] INFO : 加载成功：温控Modbus接口！
2023-05-09 16:31:01,798 [AppLog] INFO : 退出手动调试子模块，未执行修改
==========================================================================
2023-05-09 16:31:03,514 [AppLog] INFO : 进入JOB参数设置：修改前初始参数：灰度数据格式{1bits}打印灰阶{1阶}m_XPrintDpi{635Dpi}墨车运动速度{300MM/s}X向起打位置{50MM}X向起打位置偏移{0MM}Y向起打位置偏移{15MM}
2023-05-09 16:31:04,902 [AppLog] INFO : 退出JOB参数设置：修改后参数：灰度数据格式{1bits}打印灰阶{1阶}m_XPrintDpi{635Dpi}墨车运动速度{300MM/s}X向起打位置{50MM}X向起打位置偏移{0MM}Y向起打位置偏移{15MM}
2023-05-09 16:31:07,835 [AppLog] INFO : 进入电气控制模块
2023-05-09 16:31:09,020 [AppLog] INFO : 退出电气控制模块
2023-05-09 16:31:11,516 [AppLog] INFO : 显示模组校准栏
2023-05-09 16:31:12,967 [AppLog] INFO : 不显示模组校准栏
2023-05-09 16:31:13,451 [AppLog] INFO : 进入手动调试子模块！
2023-05-09 16:31:13,451 [AppLog] INFO : 进入：ManulBtn_Click=》准备创建对象-手动操作！
2023-05-09 16:31:13,466 [AppLog] INFO : 创建：ManualControl=》创建完成-手动操作！
2023-05-09 16:31:13,466 [AppLog] INFO : 加载成功：温控Modbus接口！
2023-05-09 16:31:16,165 [AppLog] INFO : 退出手动调试子模块,已执行修改
==========================================================================
2023-05-09 16:31:17,351 [AppLog] INFO : 监控记录设置！
2023-05-09 16:31:21,844 [AppLog] INFO : 更新监控配置文件：SaveJsonFile：配置文件路径{D:\Release\MonitorPrint-Configuration.json}m_sMonitorRecordPath{D:\shibiao-daying-0309}m_sPrintJobName{Shibiao-0314}m_anJettingBinderBedMonitorFlags{False,False,False,False,False,False,True,False,False,False,False,True,}
2023-05-09 16:31:24,199 [AppLog] INFO : 进入JOB参数设置：修改前初始参数：灰度数据格式{1bits}打印灰阶{1阶}m_XPrintDpi{635Dpi}墨车运动速度{300MM/s}X向起打位置{50MM}X向起打位置偏移{0MM}Y向起打位置偏移{15MM}
2023-05-09 16:31:26,758 [AppLog] INFO : 退出JOB参数设置：未修改直接退出！
2023-05-09 16:39:09,452 [AppLog] INFO : 开启系统：板卡通讯，伺服供电，照明系统，UV/HR固化系统！
2023-05-09 16:39:10,682 [AppLog] INFO : 关闭系统：一键关闭系统开始！
2023-05-09 16:39:16,832 [AppLog] INFO : 关闭系统：一键关闭系统结束！
2023-05-09 16:39:16,832 [AppLog] INFO : 喷墨控制器的所有轴输出关闭！
2023-05-09 16:39:18,102 [AppLog] INFO : 喷墨控制器关闭！
2023-05-09 16:39:18,102 [AppLog] INFO : 创建：AutoPrintMotion0=》不需重新创建-手动操作！
2023-05-09 16:39:18,102 [AppLog] INFO : 进入电气控制模块
2023-05-09 16:39:19,422 [AppLog] INFO : 退出电气控制模块
2023-05-09 16:39:21,342 [AppLog] INFO : 软件及设备关停中：墨车所有方向运动确认停止（X,Y,Y2)： bImmeStop{False},nAxisMask{0x7}
2023-05-09 16:39:21,342 [AppLog] INFO : 软件及设备关停中：喷墨控制器板卡系统关闭（X,Y,Y2)：DEV_CloseDevice
2023-05-09 16:39:21,992 [AppLog] INFO : 软件及设备关停成功
==========================================================================
操作系统:{Microsoft Windows 7 旗舰版 }
运行环境:{ .Net Framework Enviroment Version 4.0.30319.42000}
盘符：D
CPU使用率：{16.14958%} ，可用内存大小:{14006MB}，硬盘剩余空间：
  盘符 C:\ 的剩余空间：70 GB
  盘符 D:\ 的剩余空间：95 GB
  盘符 E:\ 的剩余空间：57 GB
==========================================================================
2023-05-09 16:42:20,383 [AppLog] INFO : 软件开机密码正确，登录成功1次
==========================================================================
操作系统:{Microsoft Windows 7 旗舰版 }
运行环境:{ .Net Framework Enviroment Version 4.0.30319.42000}
盘符：D
CPU使用率：{6.399494%} ，可用内存大小:{14004MB}，硬盘剩余空间：
  盘符 C:\ 的剩余空间：70 GB
  盘符 D:\ 的剩余空间：95 GB
  盘符 E:\ 的剩余空间：57 GB
硬件配置情况：
  CPU 厂家: GenuineIntel CPU 型号: Intel(R) Core(TM) i7-4770 CPU @ 3.40GHz
  内存条厂家: Kingston 内存条型号: 99P5471-043.A00LF 
  内存条厂家: Kingston 内存条型号: 99P5471-043.A00LF 
  硬盘厂家: (标准磁盘驱动器) 硬盘型号: Micron_1300_MTFDDAK256TDL ATA Device
  硬盘厂家: (标准磁盘驱动器) 硬盘型号:  USB  SanDisk 3.2Gen1 USB Device
==========================================================================
2023-05-09 16:42:20,403 [AppLog] INFO : 开启系统：板卡通讯，伺服供电，照明系统，UV/HR固化系统！
2023-05-09 16:42:20,403 [AppLog] INFO : 开启系统：一键启动系统开始！
2023-05-09 16:42:25,363 [AppLog] INFO : 进入电气控制模块
2023-05-09 16:42:26,403 [AppLog] INFO : 开启系统：一键启动系统结束！
2023-05-09 16:42:26,503 [AppLog] INFO : 退出电气控制模块
2023-05-09 16:42:26,573 [AppLog] INFO : 创建：AutoPrintMotion0=》初次创建完成-手动操作！
2023-05-09 16:42:26,643 [AppLog] INFO : 初始化喷墨控制器启动！
2023-05-09 16:42:45,813 [AppLog] INFO : 打开喷墨控制器设备成功！
2023-05-09 16:42:45,843 [AppLog] INFO : 输入校准值1次{成功}，打印往返差校准值为：BiDirEncPrtOff{5},分频值{8},打印速度{300mm/s}
2023-05-09 16:49:29,909 [AppLog] INFO : 初始化喷墨控制器成功！
2023-05-09 16:49:29,909 [AppLog] INFO : 进入：EquipmentMotionLogic3=》准备创建对象-手动操作！
2023-05-09 16:49:29,956 [AppLog] INFO : 进入：EquipmentMotionLogic3=》创建完成-手动操作！
2023-05-09 16:49:30,065 [AppLog] INFO : 红外灯控制器485通讯建立！
2023-05-09 16:49:30,065 [AppLog] INFO : 进入电气控制模块
2023-05-09 16:49:31,578 [AppLog] INFO : 退出电气控制模块
2023-05-09 16:49:32,686 [AppLog] INFO : 进入手动调试子模块！
2023-05-09 16:49:32,701 [AppLog] INFO : 进入：ManulBtn_Click=》准备创建对象-手动操作！
2023-05-09 16:49:32,717 [AppLog] INFO : 创建：ManualControl=》创建完成-手动操作！
2023-05-09 16:49:32,717 [AppLog] INFO : 加载成功：温控Modbus接口！
2023-05-09 16:49:36,383 [AppLog] INFO : 退出手动调试子模块,已执行修改
==========================================================================
