2023-12-08 17:30:54,282 [AppLog] INFO : 软件开机密码正确，登录成功1次
==========================================================================
操作系统:{Microsoft Windows 7 旗舰版 }
运行环境:{ .Net Framework Enviroment Version 4.0.30319.42000}
盘符：D
CPU使用率：{5.356675%} ，可用内存大小:{14310MB}，硬盘剩余空间：
  盘符 C:\ 的剩余空间：70 GB
  盘符 D:\ 的剩余空间：70 GB
  盘符 E:\ 的剩余空间：5 GB
硬件配置情况：
  CPU 厂家: GenuineIntel CPU 型号: Intel(R) Core(TM) i7-4770 CPU @ 3.40GHz
  内存条厂家: Kingston 内存条型号: 99P5471-043.A00LF 
  内存条厂家: Kingston 内存条型号: 99P5471-043.A00LF 
  硬盘厂家: (标准磁盘驱动器) 硬盘型号: Micron_1300_MTFDDAK256TDL ATA Device
  硬盘厂家: (标准磁盘驱动器) 硬盘型号: SanDisk Ultra USB 3.0 USB Device
==========================================================================
2023-12-08 17:30:54,812 [AppLog] INFO : 进入数据加载模块
2023-12-08 17:31:17,136 [AppLog] INFO : CAD数据加载：添加.CLI格式CAD数据成功-E:\切片\beam10.cli
2023-12-08 17:31:17,159 [AppLog] INFO : CAD数据加载：添加.CLI格式CAD数据成功-E:\切片\beam16.cli
2023-12-08 17:31:17,172 [AppLog] INFO : CAD数据加载：添加.CLI格式CAD数据成功-E:\切片\beam20.cli
2023-12-08 17:31:17,179 [AppLog] INFO : CAD数据加载：添加.CLI格式CAD数据成功-E:\切片\Box_1_cut_1.cli
2023-12-08 17:31:17,190 [AppLog] INFO : CAD数据加载：添加.CLI格式CAD数据成功-E:\切片\Box_1_cut_1_1.cli
2023-12-08 17:31:30,526 [AppLog] INFO : CAD数据加载：添加.CLI格式CAD数据成功-E:\切片\齿轮d=m2z24.cli
2023-12-08 17:31:30,526 [AppLog] INFO : CAD数据加载：添加.CLI格式CAD数据成功-E:\切片\六棱柱.cli
2023-12-08 17:31:30,542 [AppLog] INFO : CAD数据加载：添加.CLI格式CAD数据成功-E:\切片\六棱柱_1.cli
2023-12-08 17:31:30,558 [AppLog] INFO : CAD数据加载：添加.CLI格式CAD数据成功-E:\切片\六棱柱_2.cli
2023-12-08 17:31:30,558 [AppLog] INFO : CAD数据加载：添加.CLI格式CAD数据成功-E:\切片\六棱柱_3.cli
2023-12-08 17:31:30,573 [AppLog] INFO : CAD数据加载：添加.CLI格式CAD数据成功-E:\切片\六棱柱_4.cli
2023-12-08 17:31:30,589 [AppLog] INFO : CAD数据加载：添加.CLI格式CAD数据成功-E:\切片\六棱柱_5.cli
2023-12-08 17:31:30,604 [AppLog] INFO : CAD数据加载：添加.CLI格式CAD数据成功-E:\切片\三棱柱.cli
2023-12-08 17:31:30,604 [AppLog] INFO : CAD数据加载：添加.CLI格式CAD数据成功-E:\切片\三棱柱_1.cli
2023-12-08 17:31:30,620 [AppLog] INFO : CAD数据加载：添加.CLI格式CAD数据成功-E:\切片\三棱柱_2.cli
2023-12-08 17:31:30,636 [AppLog] INFO : CAD数据加载：添加.CLI格式CAD数据成功-E:\切片\三棱柱_3.cli
2023-12-08 17:31:30,636 [AppLog] INFO : CAD数据加载：添加.CLI格式CAD数据成功-E:\切片\三棱柱_4.cli
2023-12-08 17:31:30,651 [AppLog] INFO : CAD数据加载：添加.CLI格式CAD数据成功-E:\切片\三棱柱_5.cli
2023-12-08 17:31:30,667 [AppLog] INFO : CAD数据加载：添加.CLI格式CAD数据成功-E:\切片\四棱柱.cli
2023-12-08 17:31:30,682 [AppLog] INFO : CAD数据加载：添加.CLI格式CAD数据成功-E:\切片\四棱柱_1.cli
2023-12-08 17:31:30,698 [AppLog] INFO : CAD数据加载：添加.CLI格式CAD数据成功-E:\切片\四棱柱_2.cli
2023-12-08 17:31:30,714 [AppLog] INFO : CAD数据加载：添加.CLI格式CAD数据成功-E:\切片\四棱柱_3.cli
2023-12-08 17:31:30,729 [AppLog] INFO : CAD数据加载：添加.CLI格式CAD数据成功-E:\切片\四棱柱_4.cli
2023-12-08 17:31:30,745 [AppLog] INFO : CAD数据加载：添加.CLI格式CAD数据成功-E:\切片\四棱柱_5.cli
2023-12-08 17:31:31,228 [AppLog] INFO : CAD数据加载：添加.CLI格式CAD数据成功-E:\切片\圆柱.cli
2023-12-08 17:31:31,681 [AppLog] INFO : CAD数据加载：添加.CLI格式CAD数据成功-E:\切片\圆柱_1.cli
2023-12-08 17:31:32,133 [AppLog] INFO : CAD数据加载：添加.CLI格式CAD数据成功-E:\切片\圆柱_2.cli
2023-12-08 17:31:32,586 [AppLog] INFO : CAD数据加载：添加.CLI格式CAD数据成功-E:\切片\圆柱_3.cli
2023-12-08 17:31:33,038 [AppLog] INFO : CAD数据加载：添加.CLI格式CAD数据成功-E:\切片\圆柱_4.cli
2023-12-08 17:31:33,490 [AppLog] INFO : CAD数据加载：添加.CLI格式CAD数据成功-E:\切片\圆柱_5.cli
2023-12-08 17:31:57,577 [AppLog] INFO : CAD位置平移：SelectCADFile{E:\切片\beam10.cliE:\切片\beam16.cliE:\切片\beam20.cliE:\切片\Box_1_cut_1.cliE:\切片\Box_1_cut_1_1.cliE:\切片\齿轮d=m2z24.cliE:\切片\六棱柱.cliE:\切片\六棱柱_1.cliE:\切片\六棱柱_2.cliE:\切片\六棱柱_3.cliE:\切片\六棱柱_4.cliE:\切片\六棱柱_5.cliE:\切片\三棱柱.cliE:\切片\三棱柱_1.cliE:\切片\三棱柱_2.cliE:\切片\三棱柱_3.cliE:\切片\三棱柱_4.cliE:\切片\三棱柱_5.cliE:\切片\四棱柱.cliE:\切片\四棱柱_1.cliE:\切片\四棱柱_2.cliE:\切片\四棱柱_3.cliE:\切片\四棱柱_4.cliE:\切片\四棱柱_5.cliE:\切片\圆柱.cliE:\切片\圆柱_1.cliE:\切片\圆柱_2.cliE:\切片\圆柱_3.cliE:\切片\圆柱_4.cliE:\切片\圆柱_5.cli}
平移方式{true为目标位置平移，false为相对平移{True}}X方向平移目标值{-72.513498MM}Y方向平移目标值{10MM}Z方向平移目标值{0MM}X方向平移增量{10MM}Y方向平移增量{0MM}Z方向平移增量{0MM}
2023-12-08 17:32:09,417 [AppLog] INFO : CAD位置平移：SelectCADFile{E:\切片\beam10.cliE:\切片\beam16.cliE:\切片\beam20.cliE:\切片\Box_1_cut_1.cliE:\切片\Box_1_cut_1_1.cliE:\切片\齿轮d=m2z24.cliE:\切片\六棱柱.cliE:\切片\六棱柱_1.cliE:\切片\六棱柱_2.cliE:\切片\六棱柱_3.cliE:\切片\六棱柱_4.cliE:\切片\六棱柱_5.cliE:\切片\三棱柱.cliE:\切片\三棱柱_1.cliE:\切片\三棱柱_2.cliE:\切片\三棱柱_3.cliE:\切片\三棱柱_4.cliE:\切片\三棱柱_5.cliE:\切片\四棱柱.cliE:\切片\四棱柱_1.cliE:\切片\四棱柱_2.cliE:\切片\四棱柱_3.cliE:\切片\四棱柱_4.cliE:\切片\四棱柱_5.cliE:\切片\圆柱.cliE:\切片\圆柱_1.cliE:\切片\圆柱_2.cliE:\切片\圆柱_3.cliE:\切片\圆柱_4.cliE:\切片\圆柱_5.cli}
平移方式{true为目标位置平移，false为相对平移{False}}X方向平移目标值{-72.513498MM}Y方向平移目标值{-61.974951MM}Z方向平移目标值{0MM}X方向平移增量{10MM}Y方向平移增量{-10MM}Z方向平移增量{0MM}
2023-12-08 17:32:20,275 [AppLog] INFO : CAD位置平移：SelectCADFile{E:\切片\beam10.cliE:\切片\beam16.cliE:\切片\beam20.cliE:\切片\Box_1_cut_1.cliE:\切片\Box_1_cut_1_1.cliE:\切片\齿轮d=m2z24.cliE:\切片\六棱柱.cliE:\切片\六棱柱_1.cliE:\切片\六棱柱_2.cliE:\切片\六棱柱_3.cliE:\切片\六棱柱_4.cliE:\切片\六棱柱_5.cliE:\切片\三棱柱.cliE:\切片\三棱柱_1.cliE:\切片\三棱柱_2.cliE:\切片\三棱柱_3.cliE:\切片\三棱柱_4.cliE:\切片\三棱柱_5.cliE:\切片\四棱柱.cliE:\切片\四棱柱_1.cliE:\切片\四棱柱_2.cliE:\切片\四棱柱_3.cliE:\切片\四棱柱_4.cliE:\切片\四棱柱_5.cliE:\切片\圆柱.cliE:\切片\圆柱_1.cliE:\切片\圆柱_2.cliE:\切片\圆柱_3.cliE:\切片\圆柱_4.cliE:\切片\圆柱_5.cli}
平移方式{true为目标位置平移，false为相对平移{False}}X方向平移目标值{-72.513498MM}Y方向平移目标值{-61.974951MM}Z方向平移目标值{0MM}X方向平移增量{10MM}Y方向平移增量{-20MM}Z方向平移增量{0MM}
2023-12-08 17:32:30,197 [AppLog] INFO : CAD位置平移：SelectCADFile{E:\切片\beam10.cliE:\切片\beam16.cliE:\切片\beam20.cliE:\切片\Box_1_cut_1.cliE:\切片\Box_1_cut_1_1.cliE:\切片\齿轮d=m2z24.cliE:\切片\六棱柱.cliE:\切片\六棱柱_1.cliE:\切片\六棱柱_2.cliE:\切片\六棱柱_3.cliE:\切片\六棱柱_4.cliE:\切片\六棱柱_5.cliE:\切片\三棱柱.cliE:\切片\三棱柱_1.cliE:\切片\三棱柱_2.cliE:\切片\三棱柱_3.cliE:\切片\三棱柱_4.cliE:\切片\三棱柱_5.cliE:\切片\四棱柱.cliE:\切片\四棱柱_1.cliE:\切片\四棱柱_2.cliE:\切片\四棱柱_3.cliE:\切片\四棱柱_4.cliE:\切片\四棱柱_5.cliE:\切片\圆柱.cliE:\切片\圆柱_1.cliE:\切片\圆柱_2.cliE:\切片\圆柱_3.cliE:\切片\圆柱_4.cliE:\切片\圆柱_5.cli}
平移方式{true为目标位置平移，false为相对平移{False}}X方向平移目标值{-72.513498MM}Y方向平移目标值{-61.974951MM}Z方向平移目标值{0MM}X方向平移增量{10MM}Y方向平移增量{-20MM}Z方向平移增量{0MM}
2023-12-08 17:32:39,510 [AppLog] INFO : CAD位置平移：SelectCADFile{E:\切片\beam10.cliE:\切片\beam16.cliE:\切片\beam20.cliE:\切片\Box_1_cut_1.cliE:\切片\Box_1_cut_1_1.cliE:\切片\齿轮d=m2z24.cliE:\切片\六棱柱.cliE:\切片\六棱柱_1.cliE:\切片\六棱柱_2.cliE:\切片\六棱柱_3.cliE:\切片\六棱柱_4.cliE:\切片\六棱柱_5.cliE:\切片\三棱柱.cliE:\切片\三棱柱_1.cliE:\切片\三棱柱_2.cliE:\切片\三棱柱_3.cliE:\切片\三棱柱_4.cliE:\切片\三棱柱_5.cliE:\切片\四棱柱.cliE:\切片\四棱柱_1.cliE:\切片\四棱柱_2.cliE:\切片\四棱柱_3.cliE:\切片\四棱柱_4.cliE:\切片\四棱柱_5.cliE:\切片\圆柱.cliE:\切片\圆柱_1.cliE:\切片\圆柱_2.cliE:\切片\圆柱_3.cliE:\切片\圆柱_4.cliE:\切片\圆柱_5.cli}
平移方式{true为目标位置平移，false为相对平移{False}}X方向平移目标值{-72.513498MM}Y方向平移目标值{-61.974951MM}Z方向平移目标值{0MM}X方向平移增量{10MM}Y方向平移增量{-10MM}Z方向平移增量{0MM}
2023-12-08 17:32:48,714 [AppLog] INFO : CAD位置平移：SelectCADFile{E:\切片\beam10.cliE:\切片\beam16.cliE:\切片\beam20.cliE:\切片\Box_1_cut_1.cliE:\切片\Box_1_cut_1_1.cliE:\切片\齿轮d=m2z24.cliE:\切片\六棱柱.cliE:\切片\六棱柱_1.cliE:\切片\六棱柱_2.cliE:\切片\六棱柱_3.cliE:\切片\六棱柱_4.cliE:\切片\六棱柱_5.cliE:\切片\三棱柱.cliE:\切片\三棱柱_1.cliE:\切片\三棱柱_2.cliE:\切片\三棱柱_3.cliE:\切片\三棱柱_4.cliE:\切片\三棱柱_5.cliE:\切片\四棱柱.cliE:\切片\四棱柱_1.cliE:\切片\四棱柱_2.cliE:\切片\四棱柱_3.cliE:\切片\四棱柱_4.cliE:\切片\四棱柱_5.cliE:\切片\圆柱.cliE:\切片\圆柱_1.cliE:\切片\圆柱_2.cliE:\切片\圆柱_3.cliE:\切片\圆柱_4.cliE:\切片\圆柱_5.cli}
平移方式{true为目标位置平移，false为相对平移{False}}X方向平移目标值{-72.513498MM}Y方向平移目标值{-61.974951MM}Z方向平移目标值{0MM}X方向平移增量{10MM}Y方向平移增量{-10MM}Z方向平移增量{0MM}
2023-12-08 17:33:20,600 [AppLog] INFO : 软件及设备关停中：墨车所有方向运动确认停止（X,Y,Y2)： bImmeStop{False},nAxisMask{0x7}
2023-12-08 17:33:20,600 [AppLog] INFO : 软件及设备关停中：喷墨控制器板卡系统关闭（X,Y,Y2)：DEV_CloseDevice
2023-12-08 17:33:21,271 [AppLog] INFO : 软件及设备关停成功
==========================================================================
操作系统:{Microsoft Windows 7 旗舰版 }
运行环境:{ .Net Framework Enviroment Version 4.0.30319.42000}
盘符：D
CPU使用率：{0%} ，可用内存大小:{14208MB}，硬盘剩余空间：
  盘符 C:\ 的剩余空间：70 GB
  盘符 D:\ 的剩余空间：70 GB
  盘符 E:\ 的剩余空间：5 GB
==========================================================================
2023-12-08 17:38:25,563 [AppLog] INFO : 软件开机密码正确，登录成功1次
==========================================================================
操作系统:{Microsoft Windows 7 旗舰版 }
运行环境:{ .Net Framework Enviroment Version 4.0.30319.42000}
盘符：D
CPU使用率：{46.4283%} ，可用内存大小:{14397MB}，硬盘剩余空间：
  盘符 C:\ 的剩余空间：70 GB
  盘符 D:\ 的剩余空间：70 GB
硬件配置情况：
  CPU 厂家: GenuineIntel CPU 型号: Intel(R) Core(TM) i7-4770 CPU @ 3.40GHz
  内存条厂家: Kingston 内存条型号: 99P5471-043.A00LF 
  内存条厂家: Kingston 内存条型号: 99P5471-043.A00LF 
  硬盘厂家: (标准磁盘驱动器) 硬盘型号: Micron_1300_MTFDDAK256TDL ATA Device
==========================================================================
2023-12-08 17:38:27,685 [AppLog] INFO : 开启系统：板卡通讯，伺服供电，照明系统，UV/HR固化系统！
2023-12-08 17:38:27,685 [AppLog] INFO : 开启系统：一键启动系统开始！
2023-12-08 17:38:33,785 [AppLog] INFO : 开启系统：一键启动系统结束！
2023-12-08 17:38:33,987 [AppLog] INFO : 创建：AutoPrintMotion0=》初次创建完成-手动操作！
2023-12-08 17:38:34,050 [AppLog] INFO : 初始化喷墨控制器启动！
2023-12-08 17:38:57,840 [AppLog] INFO : 打开喷墨控制器设备成功！
2023-12-08 17:38:57,871 [AppLog] INFO : 输入校准值1次{成功}，打印往返差校准值为：BiDirEncPrtOff{5},分频值{8},打印速度{300mm/s}
2023-12-08 17:38:58,261 [AppLog] INFO : PASS打印前关键状态：DEV_GetDeviceInfo：LPPRINTER_INFO:nXSysEncDPI{5080}nStatus{909129520}nPrintStatus{0}bSuperDevice{1}
LPPRINTER_INFO-LPPrtRunInfo:bJobPrtRuning{False}bLayerPrtIsOver{False}nContReqMemErr{0}nContWDErr{0}nCurPrtDir{0}nDTLayerIndex{0}nDTLayerPassIndex{0}nDTPtrCtlIndex{0}nLayerPassCount{0}nPrintLayerIndex{0}nPrintPassIndex{0}nProcLayerIndex{0}nPrtDataMemAddr{0}nPrtState{0}nReverse{System.Int32[]}nRevPrtCols{0}
LPPRINTER_INFO-LPDRVINFO:nFMVersion{45074}nFpgaVersion{539038216}nPCBVersion{0}nState{0}nNextState{0}nPtvwarnState{0}nCrc32{0}nRevInfo{System.UInt32[]}nSignature{0}
2023-12-08 17:39:47,698 [AppLog] INFO : 初始化喷墨控制器成功！
2023-12-08 17:39:47,698 [AppLog] INFO : 进入：EquipmentMotionLogic3=》准备创建对象-手动操作！
2023-12-08 17:39:47,729 [AppLog] INFO : 进入：EquipmentMotionLogic3=》创建完成-手动操作！
2023-12-08 17:39:47,869 [AppLog] INFO : 红外灯控制器485通讯建立！
2023-12-08 17:39:47,869 [AppLog] INFO : 进入电气控制模块
2023-12-08 17:39:49,835 [AppLog] INFO : 退出电气控制模块
2023-12-08 17:39:50,864 [AppLog] INFO : 进入手动调试子模块！
2023-12-08 17:39:50,864 [AppLog] INFO : 进入：ManulBtn_Click=》准备创建对象-手动操作！
2023-12-08 17:39:50,896 [AppLog] INFO : 创建：ManualControl=》创建完成-手动操作！
2023-12-08 17:39:50,896 [AppLog] INFO : 加载成功：温控Modbus接口！
2023-12-08 17:40:00,256 [AppLog] INFO : 手动正向JOG指令（8轴运控板卡系统） ====》：输出AXIS{第2轴},运动速度{50MM/s}
2023-12-08 17:40:00,880 [AppLog] INFO : 自动停止铺粉棍轴JOG输出（8轴运控板卡系统） ====》：输出AXIS{第6轴}
2023-12-08 17:40:00,895 [AppLog] INFO : 手动停止JOG输出（8轴运控板卡系统） ====》：输出AXIS{第2轴}
2023-12-08 17:40:01,363 [AppLog] INFO : 手动正向JOG指令（8轴运控板卡系统） ====》：输出AXIS{第2轴},运动速度{50MM/s}
2023-12-08 17:40:01,457 [AppLog] INFO : 自动停止铺粉棍轴JOG输出（8轴运控板卡系统） ====》：输出AXIS{第6轴}
2023-12-08 17:40:01,457 [AppLog] INFO : 手动停止JOG输出（8轴运控板卡系统） ====》：输出AXIS{第2轴}
2023-12-08 17:40:02,174 [AppLog] INFO : 手动正向JOG指令（8轴运控板卡系统） ====》：输出AXIS{第2轴},运动速度{50MM/s}
2023-12-08 17:40:06,059 [AppLog] INFO : 自动停止铺粉棍轴JOG输出（8轴运控板卡系统） ====》：输出AXIS{第6轴}
2023-12-08 17:40:06,059 [AppLog] INFO : 手动停止JOG输出（8轴运控板卡系统） ====》：输出AXIS{第2轴}
2023-12-08 17:40:11,581 [AppLog] INFO : 手动正向JOG指令（8轴运控板卡系统） ====》：输出AXIS{第8轴},运动速度{2MM/s}
2023-12-08 17:40:11,706 [AppLog] INFO : 手动停止JOG输出（8轴运控板卡系统） ====》：输出AXIS{第8轴}
2023-12-08 17:40:13,640 [AppLog] INFO : 手动正向JOG指令（8轴运控板卡系统） ====》：输出AXIS{第8轴},运动速度{2MM/s}
2023-12-08 17:40:15,044 [AppLog] INFO : 手动停止JOG输出（8轴运控板卡系统） ====》：输出AXIS{第8轴}
2023-12-08 17:40:15,466 [AppLog] INFO : 手动正向JOG指令（8轴运控板卡系统） ====》：输出AXIS{第8轴},运动速度{2MM/s}
2023-12-08 17:40:17,462 [AppLog] INFO : 手动停止JOG输出（8轴运控板卡系统） ====》：输出AXIS{第8轴}
2023-12-08 17:40:31,393 [AppLog] INFO : 手动正向JOG指令（8轴运控板卡系统） ====》：输出AXIS{第8轴},运动速度{2MM/s}
2023-12-08 17:40:52,734 [AppLog] INFO : 手动停止JOG输出（8轴运控板卡系统） ====》：输出AXIS{第8轴}
2023-12-08 17:41:11,797 [AppLog] INFO : 手动正向JOG指令（8轴运控板卡系统） ====》：输出AXIS{第8轴},运动速度{2MM/s}
2023-12-08 17:41:18,131 [AppLog] INFO : 手动停止JOG输出（8轴运控板卡系统） ====》：输出AXIS{第8轴}
2023-12-08 17:41:18,708 [AppLog] INFO : 手动正向JOG指令（8轴运控板卡系统） ====》：输出AXIS{第8轴},运动速度{2MM/s}
2023-12-08 17:41:42,841 [AppLog] INFO : 手动停止JOG输出（8轴运控板卡系统） ====》：输出AXIS{第8轴}
2023-12-08 17:42:06,819 [AppLog] INFO : 手动正向JOG指令（8轴运控板卡系统） ====》：输出AXIS{第8轴},运动速度{2MM/s}
2023-12-08 17:42:36,459 [AppLog] INFO : 手动停止JOG输出（8轴运控板卡系统） ====》：输出AXIS{第8轴}
2023-12-08 17:42:58,189 [AppLog] INFO : 开启铺粉车回零校准：PowderCarHomeBtn_Click
2023-12-08 17:42:58,189 [AppLog] INFO : 开启粉车回零校准线程：PowderCarHomeResetThread
2023-12-08 17:43:22,058 [AppLog] INFO : 手动负向JOG指令（8轴运控板卡系统） ====》：输出AXIS{第2轴},运动速度{50MM/s}
2023-12-08 17:43:30,263 [AppLog] INFO : 自动停止铺粉棍轴JOG输出（8轴运控板卡系统） ====》：输出AXIS{第6轴}
2023-12-08 17:43:30,263 [AppLog] INFO : 手动停止JOG输出（8轴运控板卡系统） ====》：输出AXIS{第2轴}
2023-12-08 17:43:30,669 [AppLog] INFO : 手动负向JOG指令（8轴运控板卡系统） ====》：输出AXIS{第2轴},运动速度{50MM/s}
2023-12-08 17:43:30,825 [AppLog] INFO : 自动停止铺粉棍轴JOG输出（8轴运控板卡系统） ====》：输出AXIS{第6轴}
2023-12-08 17:43:30,825 [AppLog] INFO : 手动停止JOG输出（8轴运控板卡系统） ====》：输出AXIS{第2轴}
2023-12-08 17:43:30,934 [AppLog] INFO : 手动负向JOG指令（8轴运控板卡系统） ====》：输出AXIS{第2轴},运动速度{50MM/s}
2023-12-08 17:43:31,090 [AppLog] INFO : 自动停止铺粉棍轴JOG输出（8轴运控板卡系统） ====》：输出AXIS{第6轴}
2023-12-08 17:43:31,090 [AppLog] INFO : 手动停止JOG输出（8轴运控板卡系统） ====》：输出AXIS{第2轴}
2023-12-08 17:43:31,324 [AppLog] INFO : 手动负向JOG指令（8轴运控板卡系统） ====》：输出AXIS{第2轴},运动速度{50MM/s}
2023-12-08 17:43:31,496 [AppLog] INFO : 自动停止铺粉棍轴JOG输出（8轴运控板卡系统） ====》：输出AXIS{第6轴}
2023-12-08 17:43:31,496 [AppLog] INFO : 手动停止JOG输出（8轴运控板卡系统） ====》：输出AXIS{第2轴}
2023-12-08 17:43:31,698 [AppLog] INFO : 手动负向JOG指令（8轴运控板卡系统） ====》：输出AXIS{第2轴},运动速度{50MM/s}
2023-12-08 17:43:31,870 [AppLog] INFO : 自动停止铺粉棍轴JOG输出（8轴运控板卡系统） ====》：输出AXIS{第6轴}
2023-12-08 17:43:31,870 [AppLog] INFO : 手动停止JOG输出（8轴运控板卡系统） ====》：输出AXIS{第2轴}
2023-12-08 17:43:32,042 [AppLog] INFO : 手动负向JOG指令（8轴运控板卡系统） ====》：输出AXIS{第2轴},运动速度{50MM/s}
2023-12-08 17:43:32,229 [AppLog] INFO : 自动停止铺粉棍轴JOG输出（8轴运控板卡系统） ====》：输出AXIS{第6轴}
2023-12-08 17:43:32,229 [AppLog] INFO : 手动停止JOG输出（8轴运控板卡系统） ====》：输出AXIS{第2轴}
2023-12-08 17:43:32,541 [AppLog] INFO : 手动负向JOG指令（8轴运控板卡系统） ====》：输出AXIS{第2轴},运动速度{50MM/s}
2023-12-08 17:43:32,712 [AppLog] INFO : 自动停止铺粉棍轴JOG输出（8轴运控板卡系统） ====》：输出AXIS{第6轴}
2023-12-08 17:43:32,712 [AppLog] INFO : 手动停止JOG输出（8轴运控板卡系统） ====》：输出AXIS{第2轴}
2023-12-08 17:43:36,846 [AppLog] INFO : 开启铺粉车回零校准：PowderCarHomeBtn_Click
2023-12-08 17:43:36,846 [AppLog] INFO : 开启粉车回零校准线程：PowderCarHomeResetThread
2023-12-08 17:43:55,379 [AppLog] INFO : 手动负向JOG指令（8轴运控板卡系统） ====》：输出AXIS{第2轴},运动速度{50MM/s}
2023-12-08 17:44:02,118 [AppLog] INFO : 自动停止铺粉棍轴JOG输出（8轴运控板卡系统） ====》：输出AXIS{第6轴}
2023-12-08 17:44:02,118 [AppLog] INFO : 手动停止JOG输出（8轴运控板卡系统） ====》：输出AXIS{第2轴}
2023-12-08 17:44:02,571 [AppLog] INFO : 手动负向JOG指令（8轴运控板卡系统） ====》：输出AXIS{第2轴},运动速度{50MM/s}
2023-12-08 17:44:02,711 [AppLog] INFO : 自动停止铺粉棍轴JOG输出（8轴运控板卡系统） ====》：输出AXIS{第6轴}
2023-12-08 17:44:02,711 [AppLog] INFO : 手动停止JOG输出（8轴运控板卡系统） ====》：输出AXIS{第2轴}
2023-12-08 17:44:02,867 [AppLog] INFO : 手动负向JOG指令（8轴运控板卡系统） ====》：输出AXIS{第2轴},运动速度{50MM/s}
2023-12-08 17:44:02,976 [AppLog] INFO : 自动停止铺粉棍轴JOG输出（8轴运控板卡系统） ====》：输出AXIS{第6轴}
2023-12-08 17:44:02,976 [AppLog] INFO : 手动停止JOG输出（8轴运控板卡系统） ====》：输出AXIS{第2轴}
2023-12-08 17:44:03,132 [AppLog] INFO : 手动负向JOG指令（8轴运控板卡系统） ====》：输出AXIS{第2轴},运动速度{50MM/s}
2023-12-08 17:44:03,273 [AppLog] INFO : 自动停止铺粉棍轴JOG输出（8轴运控板卡系统） ====》：输出AXIS{第6轴}
2023-12-08 17:44:03,273 [AppLog] INFO : 手动停止JOG输出（8轴运控板卡系统） ====》：输出AXIS{第2轴}
2023-12-08 17:44:03,756 [AppLog] INFO : 手动负向JOG指令（8轴运控板卡系统） ====》：输出AXIS{第2轴},运动速度{50MM/s}
2023-12-08 17:44:03,928 [AppLog] INFO : 自动停止铺粉棍轴JOG输出（8轴运控板卡系统） ====》：输出AXIS{第6轴}
2023-12-08 17:44:03,928 [AppLog] INFO : 手动停止JOG输出（8轴运控板卡系统） ====》：输出AXIS{第2轴}
2023-12-08 17:44:04,443 [AppLog] INFO : 手动负向JOG指令（8轴运控板卡系统） ====》：输出AXIS{第2轴},运动速度{50MM/s}
2023-12-08 17:44:04,568 [AppLog] INFO : 自动停止铺粉棍轴JOG输出（8轴运控板卡系统） ====》：输出AXIS{第6轴}
2023-12-08 17:44:04,568 [AppLog] INFO : 手动停止JOG输出（8轴运控板卡系统） ====》：输出AXIS{第2轴}
2023-12-08 17:44:05,067 [AppLog] INFO : 手动负向JOG指令（8轴运控板卡系统） ====》：输出AXIS{第2轴},运动速度{50MM/s}
2023-12-08 17:44:05,207 [AppLog] INFO : 自动停止铺粉棍轴JOG输出（8轴运控板卡系统） ====》：输出AXIS{第6轴}
2023-12-08 17:44:05,207 [AppLog] INFO : 手动停止JOG输出（8轴运控板卡系统） ====》：输出AXIS{第2轴}
2023-12-08 17:44:05,753 [AppLog] INFO : 手动负向JOG指令（8轴运控板卡系统） ====》：输出AXIS{第2轴},运动速度{50MM/s}
2023-12-08 17:44:05,878 [AppLog] INFO : 自动停止铺粉棍轴JOG输出（8轴运控板卡系统） ====》：输出AXIS{第6轴}
2023-12-08 17:44:05,878 [AppLog] INFO : 手动停止JOG输出（8轴运控板卡系统） ====》：输出AXIS{第2轴}
2023-12-08 17:44:06,440 [AppLog] INFO : 手动负向JOG指令（8轴运控板卡系统） ====》：输出AXIS{第2轴},运动速度{50MM/s}
2023-12-08 17:44:06,549 [AppLog] INFO : 自动停止铺粉棍轴JOG输出（8轴运控板卡系统） ====》：输出AXIS{第6轴}
2023-12-08 17:44:06,549 [AppLog] INFO : 手动停止JOG输出（8轴运控板卡系统） ====》：输出AXIS{第2轴}
2023-12-08 17:44:06,954 [AppLog] INFO : 手动负向JOG指令（8轴运控板卡系统） ====》：输出AXIS{第2轴},运动速度{50MM/s}
2023-12-08 17:44:07,064 [AppLog] INFO : 自动停止铺粉棍轴JOG输出（8轴运控板卡系统） ====》：输出AXIS{第6轴}
2023-12-08 17:44:07,064 [AppLog] INFO : 手动停止JOG输出（8轴运控板卡系统） ====》：输出AXIS{第2轴}
2023-12-08 17:44:10,667 [AppLog] INFO : 开启铺粉车回零校准：PowderCarHomeBtn_Click
2023-12-08 17:44:10,667 [AppLog] INFO : 开启粉车回零校准线程：PowderCarHomeResetThread
2023-12-08 17:44:17,063 [AppLog] INFO : 手动正向点动指令（8轴运控板卡系统） ====》：输出AXIS{第2轴},点动量{-116MM},运动速度{50MM/s}
2023-12-08 17:44:17,063 [AppLog] INFO : 粉车回零校准线程成功：PowderCarHomeResetThread
2023-12-08 17:44:20,168 [AppLog] INFO : 退出手动调试子模块，未执行修改
==========================================================================
2023-12-08 17:44:27,250 [AppLog] INFO : 软件及设备关停中止：手动取消关停
2023-12-08 17:44:27,843 [AppLog] INFO : 开启系统：板卡通讯，伺服供电，照明系统，UV/HR固化系统！
2023-12-08 17:44:28,857 [AppLog] INFO : 关闭系统：一键关闭系统开始！
2023-12-08 17:44:35,081 [AppLog] INFO : 关闭系统：一键关闭系统结束！
2023-12-08 17:44:35,097 [AppLog] INFO : 喷墨控制器的所有轴输出关闭！
2023-12-08 17:44:35,112 [AppLog] INFO : 喷墨控制器关闭！
2023-12-08 17:44:35,112 [AppLog] INFO : 创建：AutoPrintMotion0=》不需重新创建-手动操作！
2023-12-08 17:44:35,112 [AppLog] INFO : 进入电气控制模块
2023-12-08 17:44:39,527 [AppLog] INFO : 退出电气控制模块
2023-12-08 17:44:42,944 [AppLog] INFO : 软件及设备关停中：墨车所有方向运动确认停止（X,Y,Y2)： bImmeStop{False},nAxisMask{0x7}
2023-12-08 17:44:42,944 [AppLog] INFO : 软件及设备关停中：喷墨控制器板卡系统关闭（X,Y,Y2)：DEV_CloseDevice
2023-12-08 17:44:43,614 [AppLog] INFO : 软件及设备关停成功
==========================================================================
操作系统:{Microsoft Windows 7 旗舰版 }
运行环境:{ .Net Framework Enviroment Version 4.0.30319.42000}
盘符：D
CPU使用率：{42.85683%} ，可用内存大小:{14165MB}，硬盘剩余空间：
  盘符 C:\ 的剩余空间：70 GB
  盘符 D:\ 的剩余空间：70 GB
==========================================================================
