2023-03-02 11:30:48,893 [AppLog] INFO : 软件开机密码正确，登录成功1次
==========================================================================
操作系统:{Microsoft Windows 7 旗舰版 }
运行环境:{ .Net Framework Enviroment Version 4.0.30319.42000}
盘符：D
CPU使用率：{0%} ，可用内存大小:{14446MB}，硬盘剩余空间：
  盘符 C:\ 的剩余空间：82 GB
  盘符 D:\ 的剩余空间：98 GB
硬件配置情况：
  CPU 厂家: GenuineIntel CPU 型号: Intel(R) Core(TM) i7-4770 CPU @ 3.40GHz
  内存条厂家: Kingston 内存条型号: 99P5471-043.A00LF 
  内存条厂家: Kingston 内存条型号: 99P5471-043.A00LF 
  硬盘厂家: (标准磁盘驱动器) 硬盘型号: Micron_1300_MTFDDAK256TDL ATA Device
==========================================================================
2023-03-02 11:30:48,909 [AppLog] INFO : 开启系统：板卡通讯，伺服供电，照明系统，UV/HR固化系统！
2023-03-02 11:30:48,909 [AppLog] INFO : 开启系统：一键启动系统开始！
2023-03-02 11:30:54,993 [AppLog] INFO : 开启系统：一键启动系统结束！
2023-03-02 11:31:23,416 [AppLog] INFO : 初始化喷墨控制器！
2023-03-02 11:31:23,713 [AppLog] INFO : 红外灯控制器485通讯建立！
2023-03-02 11:31:23,713 [AppLog] INFO : 进入电气控制模块
2023-03-02 11:31:25,117 [AppLog] INFO : 电气控制模块：手动打开端口15
2023-03-02 11:31:25,772 [AppLog] INFO : 电气控制模块：手动打开端口14
2023-03-02 11:31:26,708 [AppLog] INFO : 退出电气控制模块
2023-03-02 11:31:27,972 [AppLog] INFO : 进入手动调试子模块！
2023-03-02 11:32:08,422 [AppLog] INFO : 开启手动冲洗喷头：CleanBtn_Click
2023-03-02 11:32:31,510 [AppLog] INFO : 关闭手动冲洗喷头：CleanBtn_Click
2023-03-02 11:32:43,491 [AppLog] INFO : 开启手动冲洗喷头：CleanBtn_Click
2023-03-02 11:32:57,469 [AppLog] INFO : 关闭手动冲洗喷头：CleanBtn_Click
2023-03-02 11:32:59,715 [AppLog] INFO : 退出手动调试子模块，未执行修改
==========================================================================
2023-03-02 11:33:01,868 [AppLog] INFO : 软件及设备关停中止：手动取消关停
2023-03-02 11:33:02,804 [AppLog] INFO : 开启系统：板卡通讯，伺服供电，照明系统，UV/HR固化系统！
2023-03-02 11:33:03,849 [AppLog] INFO : 关闭系统：一键关闭系统开始！
2023-03-02 11:33:10,058 [AppLog] INFO : 关闭系统：一键关闭系统结束！
2023-03-02 11:33:10,058 [AppLog] INFO : 喷墨控制器的所有轴输出关闭！
2023-03-02 11:33:11,821 [AppLog] INFO : 喷墨控制器关闭！
2023-03-02 11:33:11,821 [AppLog] INFO : 进入电气控制模块
2023-03-02 11:33:13,069 [AppLog] INFO : 退出电气控制模块
2023-03-02 11:33:15,425 [AppLog] INFO : 进入电气控制模块
2023-03-02 11:33:16,314 [AppLog] INFO : 电气控制模块：手动关闭端口14
2023-03-02 11:33:17,156 [AppLog] INFO : 电气控制模块：手动关闭端口15
2023-03-02 11:33:18,030 [AppLog] INFO : 退出电气控制模块
2023-03-02 11:33:20,385 [AppLog] INFO : 软件及设备关停中：墨车所有方向运动确认停止（X,Y,Y2)： bImmeStop{False},nAxisMask{0x7}
2023-03-02 11:33:20,385 [AppLog] INFO : 软件及设备关停中：喷墨控制器板卡系统关闭（X,Y,Y2)：DEV_CloseDevice
2023-03-02 11:33:21,056 [AppLog] INFO : 软件及设备关停成功
==========================================================================
操作系统:{Microsoft Windows 7 旗舰版 }
运行环境:{ .Net Framework Enviroment Version 4.0.30319.42000}
盘符：D
CPU使用率：{0%} ，可用内存大小:{14424MB}，硬盘剩余空间：
  盘符 C:\ 的剩余空间：82 GB
  盘符 D:\ 的剩余空间：98 GB
==========================================================================
