2023-10-07 10:09:36,383 [AppLog] INFO : 软件开机密码正确，登录成功1次
==========================================================================
操作系统:{Microsoft Windows 7 旗舰版 }
运行环境:{ .Net Framework Enviroment Version 4.0.30319.42000}
盘符：D
CPU使用率：{45.31227%} ，可用内存大小:{14399MB}，硬盘剩余空间：
  盘符 C:\ 的剩余空间：70 GB
  盘符 D:\ 的剩余空间：70 GB
硬件配置情况：
  CPU 厂家: GenuineIntel CPU 型号: Intel(R) Core(TM) i7-4770 CPU @ 3.40GHz
  内存条厂家: Kingston 内存条型号: 99P5471-043.A00LF 
  内存条厂家: Kingston 内存条型号: 99P5471-043.A00LF 
  硬盘厂家: (标准磁盘驱动器) 硬盘型号: Micron_1300_MTFDDAK256TDL ATA Device
==========================================================================
2023-10-07 10:09:38,443 [AppLog] INFO : 开启系统：板卡通讯，伺服供电，照明系统，UV/HR固化系统！
2023-10-07 10:09:38,443 [AppLog] INFO : 开启系统：一键启动系统开始！
2023-10-07 10:09:44,527 [AppLog] INFO : 开启系统：一键启动系统结束！
2023-10-07 10:09:44,729 [AppLog] INFO : 创建：AutoPrintMotion0=》初次创建完成-手动操作！
2023-10-07 10:09:44,807 [AppLog] INFO : 初始化喷墨控制器启动！
2023-10-07 10:10:08,582 [AppLog] INFO : 打开喷墨控制器设备成功！
2023-10-07 10:10:08,613 [AppLog] INFO : 输入校准值1次{成功}，打印往返差校准值为：BiDirEncPrtOff{5},分频值{8},打印速度{300mm/s}
2023-10-07 10:10:09,003 [AppLog] INFO : PASS打印前关键状态：DEV_GetDeviceInfo：LPPRINTER_INFO:nXSysEncDPI{5080}nStatus{909129520}nPrintStatus{0}bSuperDevice{1}
LPPRINTER_INFO-LPPrtRunInfo:bJobPrtRuning{False}bLayerPrtIsOver{False}nContReqMemErr{0}nContWDErr{0}nCurPrtDir{0}nDTLayerIndex{0}nDTLayerPassIndex{0}nDTPtrCtlIndex{0}nLayerPassCount{0}nPrintLayerIndex{0}nPrintPassIndex{0}nProcLayerIndex{0}nPrtDataMemAddr{0}nPrtState{0}nReverse{System.Int32[]}nRevPrtCols{0}
LPPRINTER_INFO-LPDRVINFO:nFMVersion{45074}nFpgaVersion{539038216}nPCBVersion{0}nState{0}nNextState{0}nPtvwarnState{0}nCrc32{0}nRevInfo{System.UInt32[]}nSignature{0}
2023-10-07 10:10:11,405 [AppLog] INFO : 初始化喷墨控制器成功！
2023-10-07 10:10:11,405 [AppLog] INFO : 进入：EquipmentMotionLogic3=》准备创建对象-手动操作！
2023-10-07 10:10:11,437 [AppLog] INFO : 进入：EquipmentMotionLogic3=》创建完成-手动操作！
2023-10-07 10:10:11,561 [AppLog] INFO : 红外灯控制器485通讯建立！
2023-10-07 10:10:11,561 [AppLog] INFO : 进入电气控制模块
2023-10-07 10:10:14,182 [AppLog] INFO : 电气控制模块：手动打开端口14
2023-10-07 10:10:15,399 [AppLog] INFO : 电气控制模块：手动打开端口15
2023-10-07 10:10:15,929 [AppLog] INFO : 电气控制模块：手动关闭端口15
2023-10-07 10:10:17,177 [AppLog] INFO : 电气控制模块：手动关闭端口14
2023-10-07 10:10:17,879 [AppLog] INFO : 电气控制模块：手动打开端口14
2023-10-07 10:10:20,079 [AppLog] INFO : 电气控制模块：手动打开端口15
2023-10-07 10:10:21,124 [AppLog] INFO : 退出电气控制模块
2023-10-07 10:10:22,887 [AppLog] INFO : 进入手动调试子模块！
2023-10-07 10:10:22,887 [AppLog] INFO : 进入：ManulBtn_Click=》准备创建对象-手动操作！
2023-10-07 10:10:22,934 [AppLog] INFO : 创建：ManualControl=》创建完成-手动操作！
2023-10-07 10:10:22,934 [AppLog] INFO : 加载成功：温控Modbus接口！
2023-10-07 10:10:29,314 [AppLog] INFO : 手动负向点动指令（8轴运控板卡系统） ====》：输出AXIS{第1轴},点动量{1.5MM},运动速度{2MM/s}
2023-10-07 10:10:30,094 [AppLog] INFO : 切换为JOG模式====》：输出AXIS{第1轴}
2023-10-07 10:10:30,812 [AppLog] INFO : 手动负向JOG指令（8轴运控板卡系统） ====》：输出AXIS{第1轴},运动速度{2MM/s}
2023-10-07 10:10:35,539 [AppLog] INFO : 手动停止JOG输出（8轴运控板卡系统） ====》：输出AXIS{第1轴}
2023-10-07 10:10:36,662 [AppLog] INFO : 手动负向JOG指令（8轴运控板卡系统） ====》：输出AXIS{第1轴},运动速度{2MM/s}
2023-10-07 10:10:38,347 [AppLog] INFO : 手动停止JOG输出（8轴运控板卡系统） ====》：输出AXIS{第1轴}
2023-10-07 10:10:38,627 [AppLog] INFO : 手动负向JOG指令（8轴运控板卡系统） ====》：输出AXIS{第1轴},运动速度{2MM/s}
2023-10-07 10:10:39,173 [AppLog] INFO : 手动停止JOG输出（8轴运控板卡系统） ====》：输出AXIS{第1轴}
2023-10-07 10:10:39,423 [AppLog] INFO : 手动负向JOG指令（8轴运控板卡系统） ====》：输出AXIS{第1轴},运动速度{2MM/s}
2023-10-07 10:10:41,014 [AppLog] INFO : 手动停止JOG输出（8轴运控板卡系统） ====》：输出AXIS{第1轴}
2023-10-07 10:10:41,264 [AppLog] INFO : 手动负向JOG指令（8轴运控板卡系统） ====》：输出AXIS{第1轴},运动速度{2MM/s}
2023-10-07 10:10:41,623 [AppLog] INFO : 手动停止JOG输出（8轴运控板卡系统） ====》：输出AXIS{第1轴}
2023-10-07 10:10:43,011 [AppLog] INFO : 退出手动调试子模块，未执行修改
==========================================================================
2023-10-07 10:10:44,992 [AppLog] INFO : 进入手动调试子模块！
2023-10-07 10:10:44,992 [AppLog] INFO : 进入：ManulBtn_Click=》准备创建对象-手动操作！
2023-10-07 10:10:45,023 [AppLog] INFO : 创建：ManualControl=》创建完成-手动操作！
2023-10-07 10:10:45,023 [AppLog] INFO : 加载成功：温控Modbus接口！
2023-10-07 10:10:49,204 [AppLog] INFO : 退出手动调试子模块，未执行修改
==========================================================================
2023-10-07 10:10:50,593 [AppLog] INFO : 进入电气控制模块
2023-10-07 10:10:51,731 [AppLog] INFO : 电气控制模块：手动关闭端口15
2023-10-07 10:10:52,199 [AppLog] INFO : 电气控制模块：手动打开端口15
2023-10-07 10:10:54,290 [AppLog] INFO : 退出电气控制模块
2023-10-07 10:10:55,507 [AppLog] INFO : 进入手动调试子模块！
2023-10-07 10:10:55,507 [AppLog] INFO : 进入：ManulBtn_Click=》准备创建对象-手动操作！
2023-10-07 10:10:55,538 [AppLog] INFO : 创建：ManualControl=》创建完成-手动操作！
2023-10-07 10:10:55,538 [AppLog] INFO : 加载成功：温控Modbus接口！
2023-10-07 10:11:00,935 [AppLog] INFO : 切换为JOG模式====》：输出AXIS{第1轴}
2023-10-07 10:11:02,308 [AppLog] INFO : 手动负向JOG指令（8轴运控板卡系统） ====》：输出AXIS{第1轴},运动速度{2MM/s}
2023-10-07 10:11:02,917 [AppLog] INFO : 手动停止JOG输出（8轴运控板卡系统） ====》：输出AXIS{第1轴}
2023-10-07 10:11:07,565 [AppLog] INFO : 手动负向JOG指令（8轴运控板卡系统） ====》：输出AXIS{第1轴},运动速度{2MM/s}
2023-10-07 10:11:09,671 [AppLog] INFO : 手动停止JOG输出（8轴运控板卡系统） ====》：输出AXIS{第1轴}
2023-10-07 10:11:09,843 [AppLog] INFO : 手动负向JOG指令（8轴运控板卡系统） ====》：输出AXIS{第1轴},运动速度{2MM/s}
2023-10-07 10:11:11,653 [AppLog] INFO : 手动停止JOG输出（8轴运控板卡系统） ====》：输出AXIS{第1轴}
2023-10-07 10:11:11,887 [AppLog] INFO : 手动负向JOG指令（8轴运控板卡系统） ====》：输出AXIS{第1轴},运动速度{2MM/s}
2023-10-07 10:11:12,277 [AppLog] INFO : 手动停止JOG输出（8轴运控板卡系统） ====》：输出AXIS{第1轴}
2023-10-07 10:11:12,511 [AppLog] INFO : 手动负向JOG指令（8轴运控板卡系统） ====》：输出AXIS{第1轴},运动速度{2MM/s}
2023-10-07 10:11:12,979 [AppLog] INFO : 手动停止JOG输出（8轴运控板卡系统） ====》：输出AXIS{第1轴}
2023-10-07 10:11:18,033 [AppLog] INFO : 手动负向JOG指令（8轴运控板卡系统） ====》：输出AXIS{第1轴},运动速度{2MM/s}
2023-10-07 10:11:18,985 [AppLog] INFO : 手动停止JOG输出（8轴运控板卡系统） ====》：输出AXIS{第1轴}
2023-10-07 10:11:19,234 [AppLog] INFO : 手动负向JOG指令（8轴运控板卡系统） ====》：输出AXIS{第1轴},运动速度{2MM/s}
2023-10-07 10:11:19,749 [AppLog] INFO : 手动停止JOG输出（8轴运控板卡系统） ====》：输出AXIS{第1轴}
2023-10-07 10:11:19,936 [AppLog] INFO : 手动负向JOG指令（8轴运控板卡系统） ====》：输出AXIS{第1轴},运动速度{2MM/s}
2023-10-07 10:11:20,498 [AppLog] INFO : 手动停止JOG输出（8轴运控板卡系统） ====》：输出AXIS{第1轴}
2023-10-07 10:11:20,748 [AppLog] INFO : 手动负向JOG指令（8轴运控板卡系统） ====》：输出AXIS{第1轴},运动速度{2MM/s}
2023-10-07 10:11:21,278 [AppLog] INFO : 手动停止JOG输出（8轴运控板卡系统） ====》：输出AXIS{第1轴}
2023-10-07 10:11:21,496 [AppLog] INFO : 手动负向JOG指令（8轴运控板卡系统） ====》：输出AXIS{第1轴},运动速度{2MM/s}
2023-10-07 10:11:21,902 [AppLog] INFO : 手动停止JOG输出（8轴运控板卡系统） ====》：输出AXIS{第1轴}
2023-10-07 10:11:22,152 [AppLog] INFO : 手动负向JOG指令（8轴运控板卡系统） ====》：输出AXIS{第1轴},运动速度{2MM/s}
2023-10-07 10:11:22,588 [AppLog] INFO : 手动停止JOG输出（8轴运控板卡系统） ====》：输出AXIS{第1轴}
2023-10-07 10:11:22,838 [AppLog] INFO : 手动负向JOG指令（8轴运控板卡系统） ====》：输出AXIS{第1轴},运动速度{2MM/s}
2023-10-07 10:11:23,306 [AppLog] INFO : 手动停止JOG输出（8轴运控板卡系统） ====》：输出AXIS{第1轴}
2023-10-07 10:11:23,509 [AppLog] INFO : 手动负向JOG指令（8轴运控板卡系统） ====》：输出AXIS{第1轴},运动速度{2MM/s}
2023-10-07 10:11:23,852 [AppLog] INFO : 手动停止JOG输出（8轴运控板卡系统） ====》：输出AXIS{第1轴}
2023-10-07 10:11:24,102 [AppLog] INFO : 手动负向JOG指令（8轴运控板卡系统） ====》：输出AXIS{第1轴},运动速度{2MM/s}
2023-10-07 10:11:24,320 [AppLog] INFO : 手动停止JOG输出（8轴运控板卡系统） ====》：输出AXIS{第1轴}
2023-10-07 10:11:24,710 [AppLog] INFO : 手动负向JOG指令（8轴运控板卡系统） ====》：输出AXIS{第1轴},运动速度{2MM/s}
2023-10-07 10:11:25,178 [AppLog] INFO : 手动停止JOG输出（8轴运控板卡系统） ====》：输出AXIS{第1轴}
2023-10-07 10:11:25,459 [AppLog] INFO : 手动负向JOG指令（8轴运控板卡系统） ====》：输出AXIS{第1轴},运动速度{2MM/s}
2023-10-07 10:11:25,833 [AppLog] INFO : 手动停止JOG输出（8轴运控板卡系统） ====》：输出AXIS{第1轴}
2023-10-07 10:11:29,733 [AppLog] INFO : 手动负向JOG指令（8轴运控板卡系统） ====》：输出AXIS{第1轴},运动速度{2MM/s}
2023-10-07 10:11:32,276 [AppLog] INFO : 手动停止JOG输出（8轴运控板卡系统） ====》：输出AXIS{第1轴}
2023-10-07 10:11:32,432 [AppLog] INFO : 手动负向JOG指令（8轴运控板卡系统） ====》：输出AXIS{第1轴},运动速度{2MM/s}
2023-10-07 10:11:36,784 [AppLog] INFO : 手动停止JOG输出（8轴运控板卡系统） ====》：输出AXIS{第1轴}
2023-10-07 10:11:36,972 [AppLog] INFO : 手动负向JOG指令（8轴运控板卡系统） ====》：输出AXIS{第1轴},运动速度{2MM/s}
2023-10-07 10:11:37,627 [AppLog] INFO : 手动停止JOG输出（8轴运控板卡系统） ====》：输出AXIS{第1轴}
2023-10-07 10:11:37,814 [AppLog] INFO : 手动负向JOG指令（8轴运控板卡系统） ====》：输出AXIS{第1轴},运动速度{2MM/s}
2023-10-07 10:11:38,828 [AppLog] INFO : 手动停止JOG输出（8轴运控板卡系统） ====》：输出AXIS{第1轴}
2023-10-07 10:11:39,031 [AppLog] INFO : 手动负向JOG指令（8轴运控板卡系统） ====》：输出AXIS{第1轴},运动速度{2MM/s}
2023-10-07 10:11:39,982 [AppLog] INFO : 手动停止JOG输出（8轴运控板卡系统） ====》：输出AXIS{第1轴}
2023-10-07 10:11:40,170 [AppLog] INFO : 手动负向JOG指令（8轴运控板卡系统） ====》：输出AXIS{第1轴},运动速度{2MM/s}
2023-10-07 10:11:41,012 [AppLog] INFO : 手动停止JOG输出（8轴运控板卡系统） ====》：输出AXIS{第1轴}
2023-10-07 10:11:41,230 [AppLog] INFO : 手动负向JOG指令（8轴运控板卡系统） ====》：输出AXIS{第1轴},运动速度{2MM/s}
2023-10-07 10:11:42,478 [AppLog] INFO : 手动停止JOG输出（8轴运控板卡系统） ====》：输出AXIS{第1轴}
2023-10-07 10:11:42,759 [AppLog] INFO : 手动负向JOG指令（8轴运控板卡系统） ====》：输出AXIS{第1轴},运动速度{2MM/s}
2023-10-07 10:11:43,165 [AppLog] INFO : 手动停止JOG输出（8轴运控板卡系统） ====》：输出AXIS{第1轴}
2023-10-07 10:11:45,474 [AppLog] INFO : 手动正向JOG指令（8轴运控板卡系统） ====》：输出AXIS{第1轴},运动速度{2MM/s}
2023-10-07 10:11:49,764 [AppLog] INFO : 手动停止JOG输出（8轴运控板卡系统） ====》：输出AXIS{第1轴}
2023-10-07 10:11:50,637 [AppLog] INFO : 手动负向JOG指令（8轴运控板卡系统） ====》：输出AXIS{第1轴},运动速度{2MM/s}
2023-10-07 10:12:05,364 [AppLog] INFO : 手动停止JOG输出（8轴运控板卡系统） ====》：输出AXIS{第1轴}
2023-10-07 10:12:05,566 [AppLog] INFO : 手动负向JOG指令（8轴运控板卡系统） ====》：输出AXIS{第1轴},运动速度{2MM/s}
2023-10-07 10:12:06,144 [AppLog] INFO : 手动停止JOG输出（8轴运控板卡系统） ====》：输出AXIS{第1轴}
2023-10-07 10:12:06,362 [AppLog] INFO : 手动负向JOG指令（8轴运控板卡系统） ====》：输出AXIS{第1轴},运动速度{2MM/s}
2023-10-07 10:12:06,721 [AppLog] INFO : 手动停止JOG输出（8轴运控板卡系统） ====》：输出AXIS{第1轴}
2023-10-07 10:12:07,033 [AppLog] INFO : 手动负向JOG指令（8轴运控板卡系统） ====》：输出AXIS{第1轴},运动速度{2MM/s}
2023-10-07 10:12:07,438 [AppLog] INFO : 手动停止JOG输出（8轴运控板卡系统） ====》：输出AXIS{第1轴}
2023-10-07 10:12:07,735 [AppLog] INFO : 手动负向JOG指令（8轴运控板卡系统） ====》：输出AXIS{第1轴},运动速度{2MM/s}
2023-10-07 10:12:08,094 [AppLog] INFO : 手动停止JOG输出（8轴运控板卡系统） ====》：输出AXIS{第1轴}
2023-10-07 10:12:08,406 [AppLog] INFO : 手动负向JOG指令（8轴运控板卡系统） ====》：输出AXIS{第1轴},运动速度{2MM/s}
2023-10-07 10:12:09,030 [AppLog] INFO : 手动停止JOG输出（8轴运控板卡系统） ====》：输出AXIS{第1轴}
2023-10-07 10:12:09,217 [AppLog] INFO : 手动负向JOG指令（8轴运控板卡系统） ====》：输出AXIS{第1轴},运动速度{2MM/s}
2023-10-07 10:12:10,012 [AppLog] INFO : 手动停止JOG输出（8轴运控板卡系统） ====》：输出AXIS{第1轴}
2023-10-07 10:12:10,200 [AppLog] INFO : 手动负向JOG指令（8轴运控板卡系统） ====》：输出AXIS{第1轴},运动速度{2MM/s}
2023-10-07 10:12:10,465 [AppLog] INFO : 手动停止JOG输出（8轴运控板卡系统） ====》：输出AXIS{第1轴}
2023-10-07 10:12:13,023 [AppLog] INFO : 手动负向JOG指令（8轴运控板卡系统） ====》：输出AXIS{第1轴},运动速度{2MM/s}
2023-10-07 10:12:36,876 [AppLog] INFO : 手动停止JOG输出（8轴运控板卡系统） ====》：输出AXIS{第1轴}
2023-10-07 10:12:37,406 [AppLog] INFO : 手动正向JOG指令（8轴运控板卡系统） ====》：输出AXIS{第1轴},运动速度{2MM/s}
2023-10-07 10:12:39,325 [AppLog] INFO : 手动停止JOG输出（8轴运控板卡系统） ====》：输出AXIS{第1轴}
2023-10-07 10:12:41,150 [AppLog] INFO : 手动正向JOG指令（8轴运控板卡系统） ====》：输出AXIS{第1轴},运动速度{2MM/s}
2023-10-07 10:13:22,599 [AppLog] INFO : 手动停止JOG输出（8轴运控板卡系统） ====》：输出AXIS{第1轴}
2023-10-07 10:13:23,036 [AppLog] INFO : 手动正向JOG指令（8轴运控板卡系统） ====》：输出AXIS{第1轴},运动速度{2MM/s}
2023-10-07 10:13:38,012 [AppLog] INFO : 手动停止JOG输出（8轴运控板卡系统） ====》：输出AXIS{第1轴}
2023-10-07 10:13:38,246 [AppLog] INFO : 手动正向JOG指令（8轴运控板卡系统） ====》：输出AXIS{第1轴},运动速度{2MM/s}
2023-10-07 10:13:51,210 [AppLog] INFO : 手动停止JOG输出（8轴运控板卡系统） ====》：输出AXIS{第1轴}
2023-10-07 10:13:55,328 [AppLog] INFO : 手动负向JOG指令（8轴运控板卡系统） ====》：输出AXIS{第1轴},运动速度{2MM/s}
2023-10-07 10:14:07,340 [AppLog] INFO : 手动停止JOG输出（8轴运控板卡系统） ====》：输出AXIS{第1轴}
2023-10-07 10:14:08,354 [AppLog] INFO : 手动正向JOG指令（8轴运控板卡系统） ====》：输出AXIS{第1轴},运动速度{2MM/s}
2023-10-07 10:14:10,257 [AppLog] INFO : 手动停止JOG输出（8轴运控板卡系统） ====》：输出AXIS{第1轴}
2023-10-07 10:14:11,552 [AppLog] INFO : 手动负向JOG指令（8轴运控板卡系统） ====》：输出AXIS{第1轴},运动速度{2MM/s}
2023-10-07 10:14:14,204 [AppLog] INFO : 手动停止JOG输出（8轴运控板卡系统） ====》：输出AXIS{第1轴}
2023-10-07 10:14:17,387 [AppLog] INFO : 退出手动调试子模块，未执行修改
==========================================================================
2023-10-07 10:14:18,744 [AppLog] INFO : 进入电气控制模块
2023-10-07 10:14:20,117 [AppLog] INFO : 电气控制模块：手动关闭端口15
2023-10-07 10:14:21,349 [AppLog] INFO : 退出电气控制模块
2023-10-07 10:14:22,519 [AppLog] INFO : 进入手动调试子模块！
2023-10-07 10:14:22,519 [AppLog] INFO : 进入：ManulBtn_Click=》准备创建对象-手动操作！
2023-10-07 10:14:22,550 [AppLog] INFO : 创建：ManualControl=》创建完成-手动操作！
2023-10-07 10:14:22,550 [AppLog] INFO : 加载成功：温控Modbus接口！
2023-10-07 10:14:27,464 [AppLog] INFO : 手动正向点动指令（8轴运控板卡系统） ====》：输出AXIS{第1轴},点动量{1.5MM},运动速度{2MM/s}
2023-10-07 10:14:29,321 [AppLog] INFO : 切换为JOG模式====》：输出AXIS{第1轴}
2023-10-07 10:14:30,413 [AppLog] INFO : 手动正向JOG指令（8轴运控板卡系统） ====》：输出AXIS{第1轴},运动速度{2MM/s}
2023-10-07 10:14:31,208 [AppLog] INFO : 手动停止JOG输出（8轴运控板卡系统） ====》：输出AXIS{第1轴}
2023-10-07 10:14:32,191 [AppLog] INFO : 手动负向JOG指令（8轴运控板卡系统） ====》：输出AXIS{第1轴},运动速度{2MM/s}
2023-10-07 10:14:41,504 [AppLog] INFO : 手动停止JOG输出（8轴运控板卡系统） ====》：输出AXIS{第1轴}
2023-10-07 10:14:43,127 [AppLog] INFO : 退出手动调试子模块，未执行修改
==========================================================================
2023-10-07 10:14:45,607 [AppLog] INFO : 进入电气控制模块
2023-10-07 10:14:46,512 [AppLog] INFO : 电气控制模块：手动打开端口15
2023-10-07 10:14:47,089 [AppLog] INFO : 电气控制模块：手动关闭端口15
2023-10-07 10:14:48,587 [AppLog] INFO : 退出电气控制模块
2023-10-07 10:14:49,741 [AppLog] INFO : 进入手动调试子模块！
2023-10-07 10:14:49,741 [AppLog] INFO : 进入：ManulBtn_Click=》准备创建对象-手动操作！
2023-10-07 10:14:49,788 [AppLog] INFO : 创建：ManualControl=》创建完成-手动操作！
2023-10-07 10:14:49,788 [AppLog] INFO : 加载成功：温控Modbus接口！
2023-10-07 10:14:53,937 [AppLog] INFO : 切换为JOG模式====》：输出AXIS{第1轴}
2023-10-07 10:14:54,858 [AppLog] INFO : 手动负向JOG指令（8轴运控板卡系统） ====》：输出AXIS{第1轴},运动速度{2MM/s}
2023-10-07 10:15:15,372 [AppLog] INFO : 手动停止JOG输出（8轴运控板卡系统） ====》：输出AXIS{第1轴}
2023-10-07 10:15:15,684 [AppLog] INFO : 手动负向JOG指令（8轴运控板卡系统） ====》：输出AXIS{第1轴},运动速度{2MM/s}
2023-10-07 10:15:24,904 [AppLog] INFO : 手动停止JOG输出（8轴运控板卡系统） ====》：输出AXIS{第1轴}
2023-10-07 10:15:29,552 [AppLog] INFO : 手动负向JOG指令（8轴运控板卡系统） ====》：输出AXIS{第1轴},运动速度{5MM/s}
2023-10-07 10:15:40,909 [AppLog] INFO : 手动停止JOG输出（8轴运控板卡系统） ====》：输出AXIS{第1轴}
2023-10-07 10:15:44,060 [AppLog] INFO : 手动负向JOG指令（8轴运控板卡系统） ====》：输出AXIS{第1轴},运动速度{5MM/s}
2023-10-07 10:16:12,733 [AppLog] INFO : 手动停止JOG输出（8轴运控板卡系统） ====》：输出AXIS{第1轴}
2023-10-07 10:16:12,936 [AppLog] INFO : 手动负向JOG指令（8轴运控板卡系统） ====》：输出AXIS{第1轴},运动速度{5MM/s}
2023-10-07 10:16:14,231 [AppLog] INFO : 手动停止JOG输出（8轴运控板卡系统） ====》：输出AXIS{第1轴}
2023-10-07 10:16:14,574 [AppLog] INFO : 手动负向JOG指令（8轴运控板卡系统） ====》：输出AXIS{第1轴},运动速度{5MM/s}
2023-10-07 10:16:15,604 [AppLog] INFO : 手动停止JOG输出（8轴运控板卡系统） ====》：输出AXIS{第1轴}
2023-10-07 10:16:15,791 [AppLog] INFO : 手动负向JOG指令（8轴运控板卡系统） ====》：输出AXIS{第1轴},运动速度{5MM/s}
2023-10-07 10:16:16,399 [AppLog] INFO : 手动停止JOG输出（8轴运控板卡系统） ====》：输出AXIS{第1轴}
2023-10-07 10:16:16,602 [AppLog] INFO : 手动负向JOG指令（8轴运控板卡系统） ====》：输出AXIS{第1轴},运动速度{5MM/s}
2023-10-07 10:16:17,273 [AppLog] INFO : 手动停止JOG输出（8轴运控板卡系统） ====》：输出AXIS{第1轴}
2023-10-07 10:16:17,741 [AppLog] INFO : 手动负向JOG指令（8轴运控板卡系统） ====》：输出AXIS{第1轴},运动速度{5MM/s}
2023-10-07 10:16:18,692 [AppLog] INFO : 手动停止JOG输出（8轴运控板卡系统） ====》：输出AXIS{第1轴}
2023-10-07 10:16:19,348 [AppLog] INFO : 手动负向JOG指令（8轴运控板卡系统） ====》：输出AXIS{第1轴},运动速度{5MM/s}
2023-10-07 10:16:19,784 [AppLog] INFO : 手动停止JOG输出（8轴运控板卡系统） ====》：输出AXIS{第1轴}
2023-10-07 10:16:24,995 [AppLog] INFO : 手动负向JOG指令（8轴运控板卡系统） ====》：输出AXIS{第1轴},运动速度{5MM/s}
2023-10-07 10:16:25,073 [AppLog] INFO : 手动停止JOG输出（8轴运控板卡系统） ====》：输出AXIS{第1轴}
2023-10-07 10:16:25,697 [AppLog] INFO : 手动正向JOG指令（8轴运控板卡系统） ====》：输出AXIS{第1轴},运动速度{5MM/s}
2023-10-07 10:16:25,806 [AppLog] INFO : 手动停止JOG输出（8轴运控板卡系统） ====》：输出AXIS{第1轴}
2023-10-07 10:16:26,274 [AppLog] INFO : 手动正向JOG指令（8轴运控板卡系统） ====》：输出AXIS{第1轴},运动速度{5MM/s}
2023-10-07 10:16:26,368 [AppLog] INFO : 手动停止JOG输出（8轴运控板卡系统） ====》：输出AXIS{第1轴}
2023-10-07 10:16:28,333 [AppLog] INFO : 手动负向JOG指令（8轴运控板卡系统） ====》：输出AXIS{第1轴},运动速度{5MM/s}
2023-10-07 10:16:28,411 [AppLog] INFO : 手动停止JOG输出（8轴运控板卡系统） ====》：输出AXIS{第1轴}
2023-10-07 10:16:29,191 [AppLog] INFO : 手动负向JOG指令（8轴运控板卡系统） ====》：输出AXIS{第1轴},运动速度{5MM/s}
2023-10-07 10:16:29,285 [AppLog] INFO : 手动停止JOG输出（8轴运控板卡系统） ====》：输出AXIS{第1轴}
2023-10-07 10:16:31,266 [AppLog] INFO : 手动正向JOG指令（8轴运控板卡系统） ====》：输出AXIS{第1轴},运动速度{5MM/s}
2023-10-07 10:16:31,360 [AppLog] INFO : 手动停止JOG输出（8轴运控板卡系统） ====》：输出AXIS{第1轴}
2023-10-07 10:16:32,764 [AppLog] INFO : 手动正向JOG指令（8轴运控板卡系统） ====》：输出AXIS{第1轴},运动速度{5MM/s}
2023-10-07 10:16:32,857 [AppLog] INFO : 手动停止JOG输出（8轴运控板卡系统） ====》：输出AXIS{第1轴}
2023-10-07 10:16:35,166 [AppLog] INFO : 退出手动调试子模块，未执行修改
==========================================================================
2023-10-07 10:16:38,177 [AppLog] INFO : 进入电气控制模块
2023-10-07 10:16:39,550 [AppLog] INFO : 电气控制模块：手动关闭端口14
2023-10-07 10:16:41,656 [AppLog] INFO : 退出电气控制模块
2023-10-07 10:18:23,337 [AppLog] INFO : 进入电气控制模块
2023-10-07 10:18:24,429 [AppLog] INFO : 电气控制模块：手动打开端口14
2023-10-07 10:18:24,865 [AppLog] INFO : 电气控制模块：手动关闭端口14
2023-10-07 10:18:25,989 [AppLog] INFO : 电气控制模块：手动打开端口15
2023-10-07 10:18:26,410 [AppLog] INFO : 电气控制模块：手动关闭端口15
2023-10-07 10:18:28,095 [AppLog] INFO : 退出电气控制模块
2023-10-07 10:18:29,311 [AppLog] INFO : 进入手动调试子模块！
2023-10-07 10:18:29,311 [AppLog] INFO : 进入：ManulBtn_Click=》准备创建对象-手动操作！
2023-10-07 10:18:29,358 [AppLog] INFO : 创建：ManualControl=》创建完成-手动操作！
2023-10-07 10:18:29,358 [AppLog] INFO : 加载成功：温控Modbus接口！
2023-10-07 10:18:31,277 [AppLog] INFO : 手动负向点动指令（8轴运控板卡系统） ====》：输出AXIS{第1轴},点动量{1.5MM},运动速度{2MM/s}
2023-10-07 10:18:33,633 [AppLog] INFO : 退出手动调试子模块，未执行修改
==========================================================================
2023-10-07 10:20:56,779 [AppLog] INFO : 进入电气控制模块
2023-10-07 10:20:57,871 [AppLog] INFO : 电气控制模块：手动打开端口14
2023-10-07 10:20:58,900 [AppLog] INFO : 电气控制模块：手动打开端口15
2023-10-07 10:21:00,273 [AppLog] INFO : 退出电气控制模块
2023-10-07 10:22:16,869 [AppLog] INFO : 进入手动调试子模块！
2023-10-07 10:22:16,869 [AppLog] INFO : 进入：ManulBtn_Click=》准备创建对象-手动操作！
2023-10-07 10:22:16,900 [AppLog] INFO : 创建：ManualControl=》创建完成-手动操作！
2023-10-07 10:22:16,900 [AppLog] INFO : 加载成功：温控Modbus接口！
2023-10-07 10:22:19,615 [AppLog] INFO : 退出手动调试子模块，未执行修改
==========================================================================
2023-10-07 10:22:21,190 [AppLog] INFO : 进入电气控制模块
2023-10-07 10:22:23,031 [AppLog] INFO : 电气控制模块：手动关闭端口14
2023-10-07 10:22:24,607 [AppLog] INFO : 电气控制模块：手动关闭端口15
2023-10-07 10:22:27,695 [AppLog] INFO : 退出电气控制模块
2023-10-07 10:22:40,394 [AppLog] INFO : 开启系统：板卡通讯，伺服供电，照明系统，UV/HR固化系统！
2023-10-07 10:22:41,377 [AppLog] INFO : 关闭系统：一键关闭系统开始！
2023-10-07 10:22:47,586 [AppLog] INFO : 关闭系统：一键关闭系统结束！
2023-10-07 10:22:47,586 [AppLog] INFO : 喷墨控制器的所有轴输出关闭！
2023-10-07 10:22:51,314 [AppLog] INFO : 喷墨控制器关闭！
2023-10-07 10:22:51,314 [AppLog] INFO : 创建：AutoPrintMotion0=》不需重新创建-手动操作！
2023-10-07 10:22:51,314 [AppLog] INFO : 进入电气控制模块
2023-10-07 10:22:53,638 [AppLog] INFO : 退出电气控制模块
2023-10-07 10:22:55,230 [AppLog] INFO : 软件及设备关停中：墨车所有方向运动确认停止（X,Y,Y2)： bImmeStop{False},nAxisMask{0x7}
2023-10-07 10:22:55,230 [AppLog] INFO : 软件及设备关停中：喷墨控制器板卡系统关闭（X,Y,Y2)：DEV_CloseDevice
2023-10-07 10:22:55,916 [AppLog] INFO : 软件及设备关停成功
==========================================================================
操作系统:{Microsoft Windows 7 旗舰版 }
运行环境:{ .Net Framework Enviroment Version 4.0.30319.42000}
盘符：D
CPU使用率：{0%} ，可用内存大小:{14187MB}，硬盘剩余空间：
  盘符 C:\ 的剩余空间：70 GB
  盘符 D:\ 的剩余空间：70 GB
==========================================================================
2023-10-07 10:49:17,208 [AppLog] INFO : 软件开机密码正确，登录成功1次
==========================================================================
操作系统:{Microsoft Windows 7 旗舰版 }
运行环境:{ .Net Framework Enviroment Version 4.0.30319.42000}
盘符：D
CPU使用率：{44.64268%} ，可用内存大小:{14369MB}，硬盘剩余空间：
  盘符 C:\ 的剩余空间：70 GB
  盘符 D:\ 的剩余空间：70 GB
硬件配置情况：
  CPU 厂家: GenuineIntel CPU 型号: Intel(R) Core(TM) i7-4770 CPU @ 3.40GHz
  内存条厂家: Kingston 内存条型号: 99P5471-043.A00LF 
  内存条厂家: Kingston 内存条型号: 99P5471-043.A00LF 
  硬盘厂家: (标准磁盘驱动器) 硬盘型号: Micron_1300_MTFDDAK256TDL ATA Device
==========================================================================
2023-10-07 10:49:17,223 [AppLog] INFO : 开启系统：板卡通讯，伺服供电，照明系统，UV/HR固化系统！
2023-10-07 10:49:17,223 [AppLog] INFO : 开启系统：一键启动系统开始！
2023-10-07 10:49:23,307 [AppLog] INFO : 开启系统：一键启动系统结束！
2023-10-07 10:49:23,510 [AppLog] INFO : 创建：AutoPrintMotion0=》初次创建完成-手动操作！
2023-10-07 10:49:23,588 [AppLog] INFO : 初始化喷墨控制器启动！
2023-10-07 10:49:47,363 [AppLog] INFO : 打开喷墨控制器设备成功！
2023-10-07 10:49:47,394 [AppLog] INFO : 输入校准值1次{成功}，打印往返差校准值为：BiDirEncPrtOff{5},分频值{8},打印速度{300mm/s}
2023-10-07 10:49:47,784 [AppLog] INFO : PASS打印前关键状态：DEV_GetDeviceInfo：LPPRINTER_INFO:nXSysEncDPI{5080}nStatus{909129520}nPrintStatus{0}bSuperDevice{1}
LPPRINTER_INFO-LPPrtRunInfo:bJobPrtRuning{False}bLayerPrtIsOver{False}nContReqMemErr{0}nContWDErr{0}nCurPrtDir{0}nDTLayerIndex{0}nDTLayerPassIndex{0}nDTPtrCtlIndex{0}nLayerPassCount{0}nPrintLayerIndex{0}nPrintPassIndex{0}nProcLayerIndex{0}nPrtDataMemAddr{0}nPrtState{0}nReverse{System.Int32[]}nRevPrtCols{0}
LPPRINTER_INFO-LPDRVINFO:nFMVersion{45074}nFpgaVersion{539038216}nPCBVersion{0}nState{0}nNextState{0}nPtvwarnState{0}nCrc32{0}nRevInfo{System.UInt32[]}nSignature{0}
2023-10-07 10:50:11,792 [AppLog] INFO : 初始化喷墨控制器成功！
2023-10-07 10:50:11,792 [AppLog] INFO : 进入：EquipmentMotionLogic3=》准备创建对象-手动操作！
2023-10-07 10:50:11,823 [AppLog] INFO : 进入：EquipmentMotionLogic3=》创建完成-手动操作！
2023-10-07 10:50:11,964 [AppLog] INFO : 红外灯控制器485通讯建立！
2023-10-07 10:50:11,964 [AppLog] INFO : 进入电气控制模块
2023-10-07 10:50:13,617 [AppLog] INFO : 电气控制模块：手动打开端口14
2023-10-07 10:50:14,210 [AppLog] INFO : 电气控制模块：手动关闭端口14
2023-10-07 10:50:15,489 [AppLog] INFO : 电气控制模块：手动打开端口15
2023-10-07 10:50:16,160 [AppLog] INFO : 电气控制模块：手动关闭端口15
2023-10-07 10:50:16,737 [AppLog] INFO : 电气控制模块：手动打开端口15
2023-10-07 10:50:17,361 [AppLog] INFO : 电气控制模块：手动关闭端口15
2023-10-07 10:50:18,157 [AppLog] INFO : 电气控制模块：手动打开端口15
2023-10-07 10:50:18,828 [AppLog] INFO : 电气控制模块：手动关闭端口15
2023-10-07 10:50:19,311 [AppLog] INFO : 电气控制模块：手动打开端口15
2023-10-07 10:50:19,889 [AppLog] INFO : 电气控制模块：手动关闭端口15
2023-10-07 10:50:20,965 [AppLog] INFO : 电气控制模块：手动打开端口15
2023-10-07 10:50:21,839 [AppLog] INFO : 电气控制模块：手动关闭端口15
2023-10-07 10:50:22,509 [AppLog] INFO : 电气控制模块：手动打开端口15
2023-10-07 10:50:28,437 [AppLog] INFO : 电气控制模块：手动关闭端口15
2023-10-07 10:50:29,108 [AppLog] INFO : 电气控制模块：手动打开端口15
2023-10-07 10:50:29,670 [AppLog] INFO : 电气控制模块：手动关闭端口15
2023-10-07 10:50:30,263 [AppLog] INFO : 电气控制模块：手动打开端口15
2023-10-07 10:50:30,933 [AppLog] INFO : 电气控制模块：手动关闭端口15
2023-10-07 10:50:31,682 [AppLog] INFO : 电气控制模块：手动打开端口15
2023-10-07 10:50:32,525 [AppLog] INFO : 电气控制模块：手动关闭端口15
2023-10-07 10:50:33,258 [AppLog] INFO : 电气控制模块：手动打开端口15
2023-10-07 10:50:34,007 [AppLog] INFO : 电气控制模块：手动关闭端口15
2023-10-07 10:50:37,127 [AppLog] INFO : 电气控制模块：手动打开端口15
2023-10-07 10:50:37,985 [AppLog] INFO : 电气控制模块：手动关闭端口15
2023-10-07 10:50:38,796 [AppLog] INFO : 电气控制模块：手动打开端口15
2023-10-07 10:50:39,919 [AppLog] INFO : 电气控制模块：手动关闭端口15
2023-10-07 10:50:41,775 [AppLog] INFO : 电气控制模块：手动打开端口15
2023-10-07 10:50:45,488 [AppLog] INFO : 电气控制模块：手动关闭端口15
2023-10-07 10:50:47,267 [AppLog] INFO : 电气控制模块：手动打开端口15
2023-10-07 10:50:48,640 [AppLog] INFO : 电气控制模块：手动关闭端口15
2023-10-07 10:50:49,607 [AppLog] INFO : 电气控制模块：手动打开端口15
2023-10-07 10:50:50,777 [AppLog] INFO : 电气控制模块：手动关闭端口15
2023-10-07 10:50:53,741 [AppLog] INFO : 电气控制模块：手动打开端口15
2023-10-07 10:50:55,036 [AppLog] INFO : 电气控制模块：手动关闭端口15
2023-10-07 10:50:56,143 [AppLog] INFO : 电气控制模块：手动打开端口15
2023-10-07 10:50:57,890 [AppLog] INFO : 电气控制模块：手动关闭端口15
2023-10-07 10:50:59,263 [AppLog] INFO : 电气控制模块：手动打开端口15
2023-10-07 10:51:00,262 [AppLog] INFO : 电气控制模块：手动关闭端口15
2023-10-07 10:51:06,673 [AppLog] INFO : 电气控制模块：手动打开端口14
2023-10-07 10:51:07,999 [AppLog] INFO : 电气控制模块：手动关闭端口14
2023-10-07 10:51:09,091 [AppLog] INFO : 电气控制模块：手动打开端口14
2023-10-07 10:51:11,759 [AppLog] INFO : 电气控制模块：手动关闭端口14
2023-10-07 10:51:12,804 [AppLog] INFO : 电气控制模块：手动打开端口14
2023-10-07 10:51:14,021 [AppLog] INFO : 电气控制模块：手动关闭端口14
2023-10-07 10:51:15,019 [AppLog] INFO : 电气控制模块：手动打开端口14
2023-10-07 10:51:15,893 [AppLog] INFO : 电气控制模块：手动关闭端口14
2023-10-07 10:51:16,673 [AppLog] INFO : 电气控制模块：手动打开端口14
2023-10-07 10:51:17,406 [AppLog] INFO : 电气控制模块：手动关闭端口14
2023-10-07 10:51:22,882 [AppLog] INFO : 退出电气控制模块
2023-10-07 10:51:25,955 [AppLog] INFO : 软件及设备关停中：墨车所有方向运动确认停止（X,Y,Y2)： bImmeStop{False},nAxisMask{0x7}
2023-10-07 10:51:25,986 [AppLog] INFO : 软件及设备关停中：喷墨控制器板卡系统关闭（X,Y,Y2)：DEV_CloseDevice
2023-10-07 10:51:26,657 [AppLog] INFO : 软件及设备关停成功
==========================================================================
操作系统:{Microsoft Windows 7 旗舰版 }
运行环境:{ .Net Framework Enviroment Version 4.0.30319.42000}
盘符：D
CPU使用率：{0%} ，可用内存大小:{14363MB}，硬盘剩余空间：
  盘符 C:\ 的剩余空间：70 GB
  盘符 D:\ 的剩余空间：70 GB
==========================================================================
2023-10-07 10:51:41,383 [AppLog] INFO : 软件开机密码正确，登录成功1次
==========================================================================
操作系统:{Microsoft Windows 7 旗舰版 }
运行环境:{ .Net Framework Enviroment Version 4.0.30319.42000}
盘符：D
CPU使用率：{8.928097%} ，可用内存大小:{14368MB}，硬盘剩余空间：
  盘符 C:\ 的剩余空间：70 GB
  盘符 D:\ 的剩余空间：70 GB
硬件配置情况：
  CPU 厂家: GenuineIntel CPU 型号: Intel(R) Core(TM) i7-4770 CPU @ 3.40GHz
  内存条厂家: Kingston 内存条型号: 99P5471-043.A00LF 
  内存条厂家: Kingston 内存条型号: 99P5471-043.A00LF 
  硬盘厂家: (标准磁盘驱动器) 硬盘型号: Micron_1300_MTFDDAK256TDL ATA Device
==========================================================================
2023-10-07 10:51:41,399 [AppLog] INFO : 开启系统：板卡通讯，伺服供电，照明系统，UV/HR固化系统！
2023-10-07 10:51:41,399 [AppLog] INFO : 开启系统：一键启动系统开始！
2023-10-07 10:51:47,498 [AppLog] INFO : 开启系统：一键启动系统结束！
2023-10-07 10:51:47,670 [AppLog] INFO : 创建：AutoPrintMotion0=》初次创建完成-手动操作！
2023-10-07 10:51:47,732 [AppLog] INFO : 初始化喷墨控制器启动！
2023-10-07 10:52:11,507 [AppLog] INFO : 打开喷墨控制器设备成功！
2023-10-07 10:52:11,538 [AppLog] INFO : 输入校准值1次{成功}，打印往返差校准值为：BiDirEncPrtOff{5},分频值{8},打印速度{300mm/s}
2023-10-07 10:52:11,912 [AppLog] INFO : PASS打印前关键状态：DEV_GetDeviceInfo：LPPRINTER_INFO:nXSysEncDPI{5080}nStatus{909129520}nPrintStatus{0}bSuperDevice{1}
LPPRINTER_INFO-LPPrtRunInfo:bJobPrtRuning{False}bLayerPrtIsOver{False}nContReqMemErr{0}nContWDErr{0}nCurPrtDir{0}nDTLayerIndex{0}nDTLayerPassIndex{0}nDTPtrCtlIndex{0}nLayerPassCount{0}nPrintLayerIndex{0}nPrintPassIndex{0}nProcLayerIndex{0}nPrtDataMemAddr{0}nPrtState{0}nReverse{System.Int32[]}nRevPrtCols{0}
LPPRINTER_INFO-LPDRVINFO:nFMVersion{45074}nFpgaVersion{539038216}nPCBVersion{0}nState{0}nNextState{0}nPtvwarnState{0}nCrc32{0}nRevInfo{System.UInt32[]}nSignature{0}
2023-10-07 10:52:13,504 [AppLog] INFO : 初始化喷墨控制器成功！
2023-10-07 10:52:13,504 [AppLog] INFO : 进入：EquipmentMotionLogic3=》准备创建对象-手动操作！
2023-10-07 10:52:13,535 [AppLog] INFO : 进入：EquipmentMotionLogic3=》创建完成-手动操作！
2023-10-07 10:52:13,675 [AppLog] INFO : 红外灯控制器485通讯建立！
2023-10-07 10:52:13,675 [AppLog] INFO : 进入电气控制模块
2023-10-07 10:52:15,344 [AppLog] INFO : 电气控制模块：手动打开端口14
2023-10-07 10:52:16,421 [AppLog] INFO : 电气控制模块：手动打开端口15
2023-10-07 10:52:17,513 [AppLog] INFO : 退出电气控制模块
2023-10-07 10:52:20,180 [AppLog] INFO : 进入手动调试子模块！
2023-10-07 10:52:20,180 [AppLog] INFO : 进入：ManulBtn_Click=》准备创建对象-手动操作！
2023-10-07 10:52:20,196 [AppLog] INFO : 创建：ManualControl=》创建完成-手动操作！
2023-10-07 10:52:20,196 [AppLog] INFO : 加载成功：温控Modbus接口！
2023-10-07 10:52:22,848 [AppLog] INFO : 手动正向点动指令（8轴运控板卡系统） ====》：输出AXIS{第1轴},点动量{1.5MM},运动速度{2MM/s}
2023-10-07 10:52:24,860 [AppLog] INFO : 手动正向点动指令（8轴运控板卡系统） ====》：输出AXIS{第1轴},点动量{1.5MM},运动速度{2MM/s}
2023-10-07 10:52:25,282 [AppLog] INFO : 切换为JOG模式====》：输出AXIS{第1轴}
2023-10-07 10:52:26,093 [AppLog] INFO : 手动正向JOG指令（8轴运控板卡系统） ====》：输出AXIS{第1轴},运动速度{2MM/s}
2023-10-07 10:53:05,483 [AppLog] INFO : 手动停止JOG输出（8轴运控板卡系统） ====》：输出AXIS{第1轴}
2023-10-07 10:53:09,258 [AppLog] INFO : 退出手动调试子模块，未执行修改
==========================================================================
2023-10-07 10:53:10,381 [AppLog] INFO : 开启系统：板卡通讯，伺服供电，照明系统，UV/HR固化系统！
2023-10-07 10:53:11,598 [AppLog] INFO : 关闭系统：一键关闭系统开始！
2023-10-07 10:53:17,823 [AppLog] INFO : 关闭系统：一键关闭系统结束！
2023-10-07 10:53:17,823 [AppLog] INFO : 喷墨控制器的所有轴输出关闭！
2023-10-07 10:53:20,256 [AppLog] INFO : 喷墨控制器关闭！
2023-10-07 10:53:20,256 [AppLog] INFO : 创建：AutoPrintMotion0=》不需重新创建-手动操作！
2023-10-07 10:53:20,272 [AppLog] INFO : 进入电气控制模块
2023-10-07 10:53:21,801 [AppLog] INFO : 电气控制模块：手动关闭端口14
2023-10-07 10:53:22,690 [AppLog] INFO : 电气控制模块：手动关闭端口15
2023-10-07 10:53:23,595 [AppLog] INFO : 退出电气控制模块
2023-10-07 10:53:25,560 [AppLog] INFO : 软件及设备关停中止：手动取消关停
2023-10-07 10:53:28,446 [AppLog] INFO : 软件及设备关停中：墨车所有方向运动确认停止（X,Y,Y2)： bImmeStop{False},nAxisMask{0x7}
2023-10-07 10:53:28,446 [AppLog] INFO : 软件及设备关停中：喷墨控制器板卡系统关闭（X,Y,Y2)：DEV_CloseDevice
2023-10-07 10:53:29,117 [AppLog] INFO : 软件及设备关停成功
==========================================================================
操作系统:{Microsoft Windows 7 旗舰版 }
运行环境:{ .Net Framework Enviroment Version 4.0.30319.42000}
盘符：D
CPU使用率：{0%} ，可用内存大小:{14340MB}，硬盘剩余空间：
  盘符 C:\ 的剩余空间：70 GB
  盘符 D:\ 的剩余空间：70 GB
==========================================================================
2023-10-07 10:56:07,947 [AppLog] INFO : 软件开机密码正确，登录成功1次
==========================================================================
操作系统:{Microsoft Windows 7 旗舰版 }
运行环境:{ .Net Framework Enviroment Version 4.0.30319.42000}
盘符：D
CPU使用率：{24.99961%} ，可用内存大小:{14386MB}，硬盘剩余空间：
  盘符 C:\ 的剩余空间：70 GB
  盘符 D:\ 的剩余空间：70 GB
硬件配置情况：
  CPU 厂家: GenuineIntel CPU 型号: Intel(R) Core(TM) i7-4770 CPU @ 3.40GHz
  内存条厂家: Kingston 内存条型号: 99P5471-043.A00LF 
  内存条厂家: Kingston 内存条型号: 99P5471-043.A00LF 
  硬盘厂家: (标准磁盘驱动器) 硬盘型号: Micron_1300_MTFDDAK256TDL ATA Device
==========================================================================
2023-10-07 10:56:07,962 [AppLog] INFO : 开启系统：板卡通讯，伺服供电，照明系统，UV/HR固化系统！
2023-10-07 10:56:07,962 [AppLog] INFO : 开启系统：一键启动系统开始！
2023-10-07 10:56:14,046 [AppLog] INFO : 开启系统：一键启动系统结束！
2023-10-07 10:56:14,249 [AppLog] INFO : 创建：AutoPrintMotion0=》初次创建完成-手动操作！
2023-10-07 10:56:14,327 [AppLog] INFO : 初始化喷墨控制器启动！
2023-10-07 10:56:38,101 [AppLog] INFO : 打开喷墨控制器设备成功！
2023-10-07 10:56:38,117 [AppLog] INFO : 输入校准值1次{成功}，打印往返差校准值为：BiDirEncPrtOff{5},分频值{8},打印速度{300mm/s}
2023-10-07 10:56:38,507 [AppLog] INFO : PASS打印前关键状态：DEV_GetDeviceInfo：LPPRINTER_INFO:nXSysEncDPI{5080}nStatus{909129520}nPrintStatus{0}bSuperDevice{1}
LPPRINTER_INFO-LPPrtRunInfo:bJobPrtRuning{False}bLayerPrtIsOver{False}nContReqMemErr{0}nContWDErr{0}nCurPrtDir{0}nDTLayerIndex{0}nDTLayerPassIndex{0}nDTPtrCtlIndex{0}nLayerPassCount{0}nPrintLayerIndex{0}nPrintPassIndex{0}nProcLayerIndex{0}nPrtDataMemAddr{0}nPrtState{0}nReverse{System.Int32[]}nRevPrtCols{0}
LPPRINTER_INFO-LPDRVINFO:nFMVersion{45074}nFpgaVersion{539038216}nPCBVersion{0}nState{0}nNextState{0}nPtvwarnState{0}nCrc32{0}nRevInfo{System.UInt32[]}nSignature{0}
2023-10-07 10:57:09,426 [AppLog] INFO : 初始化喷墨控制器成功！
2023-10-07 10:57:09,426 [AppLog] INFO : 进入：EquipmentMotionLogic3=》准备创建对象-手动操作！
2023-10-07 10:57:09,457 [AppLog] INFO : 进入：EquipmentMotionLogic3=》创建完成-手动操作！
2023-10-07 10:57:09,598 [AppLog] INFO : 红外灯控制器485通讯建立！
2023-10-07 10:57:09,598 [AppLog] INFO : 进入电气控制模块
2023-10-07 10:57:10,971 [AppLog] INFO : 电气控制模块：手动打开端口15
2023-10-07 10:57:12,078 [AppLog] INFO : 电气控制模块：手动打开端口14
2023-10-07 10:57:40,392 [AppLog] INFO : 电气控制模块：手动关闭端口15
2023-10-07 10:57:41,453 [AppLog] INFO : 退出电气控制模块
2023-10-07 10:58:22,700 [AppLog] INFO : 软件及设备关停中止：手动取消关停
2023-10-07 10:58:23,589 [AppLog] INFO : 开启系统：板卡通讯，伺服供电，照明系统，UV/HR固化系统！
2023-10-07 10:58:24,868 [AppLog] INFO : 关闭系统：一键关闭系统开始！
2023-10-07 10:58:31,092 [AppLog] INFO : 关闭系统：一键关闭系统结束！
2023-10-07 10:58:31,092 [AppLog] INFO : 喷墨控制器的所有轴输出关闭！
2023-10-07 10:58:31,280 [AppLog] INFO : 喷墨控制器关闭！
2023-10-07 10:58:31,280 [AppLog] INFO : 创建：AutoPrintMotion0=》不需重新创建-手动操作！
2023-10-07 10:58:31,280 [AppLog] INFO : 进入电气控制模块
2023-10-07 10:59:41,480 [AppLog] INFO : 电气控制模块：手动关闭端口14
2023-10-07 10:59:42,151 [AppLog] INFO : 退出电气控制模块
2023-10-07 10:59:45,161 [AppLog] INFO : 软件及设备关停中：墨车所有方向运动确认停止（X,Y,Y2)： bImmeStop{False},nAxisMask{0x7}
2023-10-07 10:59:45,161 [AppLog] INFO : 软件及设备关停中：喷墨控制器板卡系统关闭（X,Y,Y2)：DEV_CloseDevice
2023-10-07 10:59:45,801 [AppLog] INFO : 软件及设备关停成功
==========================================================================
操作系统:{Microsoft Windows 7 旗舰版 }
运行环境:{ .Net Framework Enviroment Version 4.0.30319.42000}
盘符：D
CPU使用率：{0%} ，可用内存大小:{14362MB}，硬盘剩余空间：
  盘符 C:\ 的剩余空间：70 GB
  盘符 D:\ 的剩余空间：70 GB
==========================================================================
