2023-05-11 19:30:17,698 [AppLog] INFO : 软件开机密码正确，登录成功1次
==========================================================================
操作系统:{Microsoft Windows 7 旗舰版 }
运行环境:{ .Net Framework Enviroment Version 4.0.30319.42000}
盘符：D
CPU使用率：{46.4283%} ，可用内存大小:{14305MB}，硬盘剩余空间：
  盘符 C:\ 的剩余空间：70 GB
  盘符 D:\ 的剩余空间：95 GB
  盘符 F:\ 的剩余空间：57 GB
硬件配置情况：
  CPU 厂家: GenuineIntel CPU 型号: Intel(R) Core(TM) i7-4770 CPU @ 3.40GHz
  内存条厂家: Kingston 内存条型号: 99P5471-043.A00LF 
  内存条厂家: Kingston 内存条型号: 99P5471-043.A00LF 
  硬盘厂家: (标准磁盘驱动器) 硬盘型号: Micron_1300_MTFDDAK256TDL ATA Device
  硬盘厂家: (标准磁盘驱动器) 硬盘型号:  USB  SanDisk 3.2Gen1 USB Device
==========================================================================
2023-05-11 19:30:20,537 [AppLog] INFO : 开启系统：板卡通讯，伺服供电，照明系统，UV/HR固化系统！
2023-05-11 19:30:20,537 [AppLog] INFO : 开启系统：一键启动系统开始！
2023-05-11 19:30:26,621 [AppLog] INFO : 开启系统：一键启动系统结束！
2023-05-11 19:30:26,808 [AppLog] INFO : 创建：AutoPrintMotion0=》初次创建完成-手动操作！
2023-05-11 19:30:26,871 [AppLog] INFO : 初始化喷墨控制器启动！
2023-05-11 19:30:50,645 [AppLog] INFO : 打开喷墨控制器设备成功！
2023-05-11 19:30:50,676 [AppLog] INFO : 输入校准值1次{成功}，打印往返差校准值为：BiDirEncPrtOff{5},分频值{8},打印速度{300mm/s}
2023-05-11 19:30:51,066 [AppLog] INFO : PASS打印前关键状态：DEV_GetDeviceInfo：LPPRINTER_INFO:nXSysEncDPI{5080}nStatus{909129520}nPrintStatus{0}bSuperDevice{1}
LPPRINTER_INFO-LPPrtRunInfo:bJobPrtRuning{False}bLayerPrtIsOver{False}nContReqMemErr{0}nContWDErr{0}nCurPrtDir{0}nDTLayerIndex{0}nDTLayerPassIndex{0}nDTPtrCtlIndex{0}nLayerPassCount{0}nPrintLayerIndex{0}nPrintPassIndex{0}nProcLayerIndex{0}nPrtDataMemAddr{0}nPrtState{0}nReverse{System.Int32[]}nRevPrtCols{0}
LPPRINTER_INFO-LPDRVINFO:nFMVersion{45074}nFpgaVersion{539038216}nPCBVersion{0}nState{0}nNextState{0}nPtvwarnState{0}nCrc32{0}nRevInfo{System.UInt32[]}nSignature{0}
2023-05-11 19:30:53,032 [AppLog] INFO : 初始化喷墨控制器成功！
2023-05-11 19:30:53,032 [AppLog] INFO : 进入：EquipmentMotionLogic3=》准备创建对象-手动操作！
2023-05-11 19:30:53,079 [AppLog] INFO : 进入：EquipmentMotionLogic3=》创建完成-手动操作！
2023-05-11 19:30:53,204 [AppLog] INFO : 红外灯控制器485通讯建立！
2023-05-11 19:30:53,204 [AppLog] INFO : 进入电气控制模块
2023-05-11 19:30:54,904 [AppLog] INFO : 退出电气控制模块
2023-05-11 19:32:55,403 [AppLog] INFO : 进入JOB参数设置：修改前初始参数：灰度数据格式{1bits}打印灰阶{2阶}m_XPrintDpi{System.Single[]Dpi}墨车运动速度{40MM/s}X向起打位置{50MM}X向起打位置偏移{0MM}Y向起打位置偏移{0MM}
2023-05-11 19:32:59,303 [AppLog] INFO : 退出JOB参数设置：修改后参数：灰度数据格式{1bits}打印灰阶{1阶}m_XPrintDpi{System.Single[]Dpi}墨车运动速度{40MM/s}X向起打位置{50MM}X向起打位置偏移{0MM}Y向起打位置偏移{0MM}
2023-05-11 19:33:01,128 [AppLog] INFO : 进入JOB参数设置：修改前初始参数：灰度数据格式{1bits}打印灰阶{1阶}m_XPrintDpi{System.Single[]Dpi}墨车运动速度{40MM/s}X向起打位置{50MM}X向起打位置偏移{0MM}Y向起打位置偏移{0MM}
2023-05-11 19:33:03,546 [AppLog] INFO : 退出JOB参数设置：修改后参数：灰度数据格式{1bits}打印灰阶{1阶}m_XPrintDpi{System.Single[]Dpi}墨车运动速度{40MM/s}X向起打位置{50MM}X向起打位置偏移{0MM}Y向起打位置偏移{0MM}
2023-05-11 19:43:22,499 [AppLog] INFO : 开启系统：板卡通讯，伺服供电，照明系统，UV/HR固化系统！
2023-05-11 19:43:23,234 [AppLog] INFO : 关闭系统：一键关闭系统开始！
2023-05-11 19:43:29,446 [AppLog] INFO : 关闭系统：一键关闭系统结束！
2023-05-11 19:43:29,446 [AppLog] INFO : 喷墨控制器的所有轴输出关闭！
2023-05-11 19:43:31,022 [AppLog] INFO : 喷墨控制器关闭！
2023-05-11 19:43:31,022 [AppLog] INFO : 创建：AutoPrintMotion0=》不需重新创建-手动操作！
2023-05-11 19:43:31,022 [AppLog] INFO : 进入电气控制模块
2023-05-11 19:43:33,508 [AppLog] INFO : 退出电气控制模块
2023-05-11 19:43:34,610 [AppLog] INFO : 软件及设备关停中：墨车所有方向运动确认停止（X,Y,Y2)： bImmeStop{False},nAxisMask{0x7}
2023-05-11 19:43:34,610 [AppLog] INFO : 软件及设备关停中：喷墨控制器板卡系统关闭（X,Y,Y2)：DEV_CloseDevice
2023-05-11 19:43:35,271 [AppLog] INFO : 软件及设备关停成功
==========================================================================
操作系统:{Microsoft Windows 7 旗舰版 }
运行环境:{ .Net Framework Enviroment Version 4.0.30319.42000}
盘符：D
CPU使用率：{5.356588%} ，可用内存大小:{13830MB}，硬盘剩余空间：
  盘符 C:\ 的剩余空间：70 GB
  盘符 D:\ 的剩余空间：95 GB
  盘符 F:\ 的剩余空间：57 GB
==========================================================================
2023-05-11 19:44:11,304 [AppLog] INFO : 软件开机密码正确，登录成功1次
==========================================================================
操作系统:{Microsoft Windows 7 旗舰版 }
运行环境:{ .Net Framework Enviroment Version 4.0.30319.42000}
盘符：D
CPU使用率：{46.4283%} ，可用内存大小:{13861MB}，硬盘剩余空间：
  盘符 C:\ 的剩余空间：70 GB
  盘符 D:\ 的剩余空间：95 GB
  盘符 F:\ 的剩余空间：57 GB
硬件配置情况：
  CPU 厂家: GenuineIntel CPU 型号: Intel(R) Core(TM) i7-4770 CPU @ 3.40GHz
  内存条厂家: Kingston 内存条型号: 99P5471-043.A00LF 
  内存条厂家: Kingston 内存条型号: 99P5471-043.A00LF 
  硬盘厂家: (标准磁盘驱动器) 硬盘型号: Micron_1300_MTFDDAK256TDL ATA Device
  硬盘厂家: (标准磁盘驱动器) 硬盘型号:  USB  SanDisk 3.2Gen1 USB Device
==========================================================================
2023-05-11 19:44:14,987 [AppLog] INFO : 开启系统：板卡通讯，伺服供电，照明系统，UV/HR固化系统！
2023-05-11 19:44:14,987 [AppLog] INFO : 开启系统：一键启动系统开始！
2023-05-11 19:44:21,065 [AppLog] INFO : 开启系统：一键启动系统结束！
2023-05-11 19:44:21,230 [AppLog] INFO : 创建：AutoPrintMotion0=》初次创建完成-手动操作！
2023-05-11 19:44:21,292 [AppLog] INFO : 初始化喷墨控制器启动！
2023-05-11 19:44:45,057 [AppLog] INFO : 打开喷墨控制器设备成功！
2023-05-11 19:44:45,098 [AppLog] INFO : 输入校准值1次{成功}，打印往返差校准值为：BiDirEncPrtOff{5},分频值{8},打印速度{300mm/s}
2023-05-11 19:44:45,468 [AppLog] INFO : PASS打印前关键状态：DEV_GetDeviceInfo：LPPRINTER_INFO:nXSysEncDPI{5080}nStatus{909129520}nPrintStatus{0}bSuperDevice{1}
LPPRINTER_INFO-LPPrtRunInfo:bJobPrtRuning{False}bLayerPrtIsOver{False}nContReqMemErr{0}nContWDErr{0}nCurPrtDir{0}nDTLayerIndex{0}nDTLayerPassIndex{0}nDTPtrCtlIndex{0}nLayerPassCount{0}nPrintLayerIndex{0}nPrintPassIndex{0}nProcLayerIndex{0}nPrtDataMemAddr{0}nPrtState{0}nReverse{System.Int32[]}nRevPrtCols{0}
LPPRINTER_INFO-LPDRVINFO:nFMVersion{45074}nFpgaVersion{539038216}nPCBVersion{0}nState{0}nNextState{0}nPtvwarnState{0}nCrc32{0}nRevInfo{System.UInt32[]}nSignature{0}
2023-05-11 19:44:51,218 [AppLog] INFO : 初始化喷墨控制器成功！
2023-05-11 19:44:51,218 [AppLog] INFO : 进入：EquipmentMotionLogic3=》准备创建对象-手动操作！
2023-05-11 19:44:51,249 [AppLog] INFO : 进入：EquipmentMotionLogic3=》创建完成-手动操作！
2023-05-11 19:44:51,374 [AppLog] INFO : 红外灯控制器485通讯建立！
2023-05-11 19:44:51,374 [AppLog] INFO : 进入电气控制模块
2023-05-11 19:44:52,655 [AppLog] INFO : 退出电气控制模块
2023-05-11 19:45:13,133 [AppLog] INFO : 进入JOB参数设置：修改前初始参数：灰度数据格式{1bits}打印灰阶{1阶}m_XPrintDpi{System.Single[]Dpi}墨车运动速度{40MM/s}X向起打位置{50MM}X向起打位置偏移{0MM}Y向起打位置偏移{0MM}
2023-05-11 19:45:17,232 [AppLog] INFO : 退出JOB参数设置：修改后参数：灰度数据格式{1bits}打印灰阶{1阶}m_XPrintDpi{63.5,127,190.5,254,317.5,381,444.5,508,571.5,635,1270,2540Dpi}墨车运动速度{40MM/s}X向起打位置{50MM}X向起打位置偏移{0MM}Y向起打位置偏移{0MM}
2023-05-11 19:45:27,844 [AppLog] INFO : 进入JOB参数设置：修改前初始参数：灰度数据格式{1bits}打印灰阶{1阶}m_XPrintDpi{System.Single[]Dpi}墨车运动速度{40MM/s}X向起打位置{50MM}X向起打位置偏移{0MM}Y向起打位置偏移{0MM}
2023-05-11 19:46:33,254 [AppLog] INFO : 退出JOB参数设置：修改后参数：灰度数据格式{1bits}打印灰阶{1阶}m_XPrintDpi{63.5,127,190.5,254,317.5,381,444.5,508,571.5,635,1270,2540Dpi}墨车运动速度{40MM/s}X向起打位置{50MM}X向起打位置偏移{0MM}Y向起打位置偏移{0MM}
2023-05-11 19:46:34,627 [AppLog] INFO : 进入JOB参数设置：修改前初始参数：灰度数据格式{1bits}打印灰阶{1阶}m_XPrintDpi{System.Single[]Dpi}墨车运动速度{40MM/s}X向起打位置{50MM}X向起打位置偏移{0MM}Y向起打位置偏移{0MM}
2023-05-11 19:46:36,390 [AppLog] INFO : 退出JOB参数设置：修改后参数：灰度数据格式{1bits}打印灰阶{1阶}m_XPrintDpi{63.5,127,190.5,254,317.5,381,444.5,508,571.5,635,1270,2540Dpi}墨车运动速度{40MM/s}X向起打位置{50MM}X向起打位置偏移{0MM}Y向起打位置偏移{0MM}
2023-05-11 19:46:38,309 [AppLog] INFO : 显示模组校准栏
2023-05-11 19:46:39,416 [AppLog] INFO : 不显示模组校准栏
2023-05-11 19:46:40,430 [AppLog] INFO : 进入JOB参数设置：修改前初始参数：灰度数据格式{1bits}打印灰阶{1阶}m_XPrintDpi{System.Single[]Dpi}墨车运动速度{40MM/s}X向起打位置{50MM}X向起打位置偏移{0MM}Y向起打位置偏移{0MM}
2023-05-11 19:46:55,203 [AppLog] INFO : 退出JOB参数设置：修改后参数：灰度数据格式{1bits}打印灰阶{1阶}m_XPrintDpi{63.5,127,190.5,254,317.5,381,444.5,508,571.5,635,1270,2540Dpi}墨车运动速度{40MM/s}X向起打位置{50MM}X向起打位置偏移{0MM}Y向起打位置偏移{0MM}
2023-05-11 19:46:56,342 [AppLog] INFO : 进入JOB参数设置：修改前初始参数：灰度数据格式{1bits}打印灰阶{1阶}m_XPrintDpi{System.Single[]Dpi}墨车运动速度{40MM/s}X向起打位置{50MM}X向起打位置偏移{0MM}Y向起打位置偏移{0MM}
2023-05-11 19:47:58,243 [AppLog] INFO : 退出JOB参数设置：修改后参数：灰度数据格式{1bits}打印灰阶{1阶}m_XPrintDpi{63.5,127,190.5,254,317.5,381,444.5,508,571.5,635,1270,2540Dpi}墨车运动速度{300MM/s}X向起打位置{50MM}X向起打位置偏移{0MM}Y向起打位置偏移{0MM}
2023-05-11 19:48:13,188 [AppLog] INFO : 进入手动调试子模块！
2023-05-11 19:48:13,188 [AppLog] INFO : 进入：ManulBtn_Click=》准备创建对象-手动操作！
2023-05-11 19:48:13,235 [AppLog] INFO : 创建：ManualControl=》创建完成-手动操作！
2023-05-11 19:48:13,235 [AppLog] INFO : 加载成功：温控Modbus接口！
2023-05-11 19:49:00,082 [AppLog] INFO : 退出手动调试子模块,已执行修改
==========================================================================
2023-05-11 19:49:01,033 [AppLog] INFO : 进入手动调试子模块！
2023-05-11 19:49:01,033 [AppLog] INFO : 进入：ManulBtn_Click=》准备创建对象-手动操作！
2023-05-11 19:49:01,064 [AppLog] INFO : 创建：ManualControl=》创建完成-手动操作！
2023-05-11 19:49:01,080 [AppLog] INFO : 加载成功：温控Modbus接口！
2023-05-11 19:49:04,886 [AppLog] INFO : 开启铺粉车回零校准：PowderCarHomeBtn_Click
2023-05-11 19:49:04,886 [AppLog] INFO : 开启粉车回零校准线程：PowderCarHomeResetThread
2023-05-11 19:49:15,073 [AppLog] INFO : 手动正向点动指令（8轴运控板卡系统） ====》：输出AXIS{第2轴},点动量{-116MM},运动速度{30MM/s}
2023-05-11 19:49:15,089 [AppLog] INFO : 粉车回零校准线程成功：PowderCarHomeResetThread
2023-05-11 19:49:18,505 [AppLog] INFO : 开启墨车回零校准：PrintCarHomeBtn_Click
2023-05-11 19:49:18,505 [AppLog] INFO : 开启墨车回零校准线程：InkCarEncoderResetThread
2023-05-11 19:49:41,047 [AppLog] INFO : 墨车回零校准线程成功：InkCarEncoderResetThread
2023-05-11 19:49:44,479 [AppLog] INFO : 退出手动调试子模块，未执行修改
==========================================================================
2023-05-11 19:49:45,197 [AppLog] INFO : 进入数据加载模块
2023-05-11 19:49:55,087 [AppLog] INFO : CAD数据加载：添加.bjgroup格式CAD数据成功-D:\Release-3DPrintingForBinderJetting-V2.0\CLI输入文件\shibiao-0321\shibiao-0425.bjgroup
2023-05-11 19:49:58,394 [AppLog] INFO : 进入手动调试子模块！
2023-05-11 19:49:58,394 [AppLog] INFO : 进入：ManulBtn_Click=》准备创建对象-手动操作！
2023-05-11 19:49:58,410 [AppLog] INFO : 创建：ManualControl=》创建完成-手动操作！
2023-05-11 19:49:58,410 [AppLog] INFO : 加载成功：温控Modbus接口！
2023-05-11 19:50:04,260 [AppLog] INFO : 更新波形路径：DEV_UpdateParam：{D:\Release-3DPrintingForBinderJetting-V2.0\波形文件\0316新调=波形文件=水性胶水\世彪新调-喷射量3.rhdat}
2023-05-11 19:50:04,260 [AppLog] INFO : {1}号喷头基准电压更新成功：DEV_SetWaveStdVoltage{0V,0V,0V,0V}；
2023-05-11 19:50:09,626 [AppLog] INFO : 重新加载完波形：DEV_ReloadWaveForm! 当前波形文件的基准电压参考值为：{18V}
2023-05-11 19:50:09,923 [AppLog] INFO : {1}号喷头电压调压成功：MCU_SetPhVoltage{0V,0V,0V,0V}；
2023-05-11 19:50:16,958 [AppLog] INFO : 退出手动调试子模块,已执行修改
==========================================================================
2023-05-11 19:50:18,706 [AppLog] INFO : 监控记录设置！
2023-05-11 19:50:20,344 [AppLog] INFO : 更新监控配置文件：SaveJsonFile：配置文件路径{D:\Release-3DPrintingForBinderJetting-V2.0\MonitorPrint-Configuration.json}m_sMonitorRecordPath{D:\shibiao-daying-0509}m_sPrintJobName{Shibiao-0509}m_anJettingBinderBedMonitorFlags{False,False,False,False,False,False,True,False,False,False,False,True,}
2023-05-11 19:50:22,621 [AppLog] INFO : 进入JOB参数设置：修改前初始参数：灰度数据格式{1bits}打印灰阶{1阶}m_XPrintDpi{System.Single[]Dpi}墨车运动速度{300MM/s}X向起打位置{50MM}X向起打位置偏移{0MM}Y向起打位置偏移{0MM}
2023-05-11 19:50:29,205 [AppLog] INFO : 退出JOB参数设置：未修改直接退出！
2023-05-11 19:50:31,513 [AppLog] INFO : 进入JOB参数设置：修改前初始参数：灰度数据格式{1bits}打印灰阶{1阶}m_XPrintDpi{System.Single[]Dpi}墨车运动速度{300MM/s}X向起打位置{50MM}X向起打位置偏移{0MM}Y向起打位置偏移{0MM}
2023-05-11 19:50:49,063 [AppLog] INFO : 退出JOB参数设置：修改后参数：灰度数据格式{1bits}打印灰阶{1阶}m_XPrintDpi{63.5,127,190.5,254,317.5,381,444.5,508,571.5,635,1270,2540Dpi}墨车运动速度{300MM/s}X向起打位置{50MM}X向起打位置偏移{0MM}Y向起打位置偏移{0MM}
2023-05-11 19:50:50,935 [AppLog] INFO : 启动打印任务：准备开启数据处理及打印线程
2023-05-11 19:50:50,935 [AppLog] INFO : 创建：AutoPrintMotion0=》不需重新创建-手动操作！
2023-05-11 19:50:50,935 [AppLog] INFO : 停止打印任务，释放板卡内存：IDP_StopPrintJob()：ReturnFlag{True}
2023-05-11 19:50:50,935 [AppLog] INFO : 启动打印线程成功： DataTaskTHREAD
2023-05-11 19:50:50,951 [AppLog] INFO : 启动打印线程成功：PrintTaskTHREAD
2023-05-11 19:50:50,951 [AppLog] INFO : 写入打印参数：IDP_SartPrintJob：nJobID{1}szJobName{金属3DP打印}nPixelGrayBits{1} nPrtCtl{0}nPrtXEncPos{10000}fPrtYPos{0}
2023-05-11 19:51:06,208 [AppLog] INFO : 进入电气控制模块
2023-05-11 19:51:07,284 [AppLog] INFO : 退出电气控制模块
2023-05-11 19:51:08,158 [AppLog] INFO : 关闭闪喷操作：IDP_FlashPrtCtl：返回值{True}
2023-05-11 19:51:08,158 [AppLog] INFO : 删除打印任务：准备删除数据处理及打印线程
2023-05-11 19:51:08,189 [AppLog] INFO : 关闭打印线程成功：PrintTaskTHREAD
2023-05-11 19:51:08,189 [AppLog] INFO : 关闭打印线程成功：DataTaskTHREAD
2023-05-11 19:51:08,189 [AppLog] INFO : 停止打印任务，释放板卡内存：IDP_StopPrintJob()：ReturnFlag{True}
2023-05-11 19:51:10,030 [AppLog] INFO : 进入电气控制模块
2023-05-11 19:51:11,169 [AppLog] INFO : 退出电气控制模块
2023-05-11 19:51:47,350 [AppLog] INFO : 进入手动调试子模块！
2023-05-11 19:51:47,350 [AppLog] INFO : 进入：ManulBtn_Click=》准备创建对象-手动操作！
2023-05-11 19:51:47,365 [AppLog] INFO : 创建：ManualControl=》创建完成-手动操作！
2023-05-11 19:51:47,365 [AppLog] INFO : 加载成功：温控Modbus接口！
2023-05-11 19:51:55,243 [AppLog] INFO : 退出手动调试子模块,已执行修改
==========================================================================
2023-05-11 19:51:57,459 [AppLog] INFO : 启动打印任务：准备开启数据处理及打印线程
2023-05-11 19:51:57,459 [AppLog] INFO : 创建：AutoPrintMotion0=》不需重新创建-手动操作！
2023-05-11 19:51:57,459 [AppLog] INFO : 停止打印任务，释放板卡内存：IDP_StopPrintJob()：ReturnFlag{True}
2023-05-11 19:51:57,459 [AppLog] INFO : 启动打印线程成功： DataTaskTHREAD
2023-05-11 19:51:57,474 [AppLog] INFO : 启动打印线程成功：PrintTaskTHREAD
2023-05-11 19:51:57,474 [AppLog] INFO : 写入打印参数：IDP_SartPrintJob：nJobID{1}szJobName{金属3DP打印}nPixelGrayBits{1} nPrtCtl{0}nPrtXEncPos{10000}fPrtYPos{0}
2023-05-11 19:52:09,954 [AppLog] INFO : 关闭闪喷操作：IDP_FlashPrtCtl：返回值{True}
2023-05-11 19:52:09,954 [AppLog] INFO : 删除打印任务：准备删除数据处理及打印线程
2023-05-11 19:52:09,970 [AppLog] INFO : 关闭打印线程成功：PrintTaskTHREAD
2023-05-11 19:52:09,970 [AppLog] INFO : 关闭打印线程成功：DataTaskTHREAD
2023-05-11 19:52:09,985 [AppLog] INFO : 停止打印任务，释放板卡内存：IDP_StopPrintJob()：ReturnFlag{True}
2023-05-11 19:52:11,218 [AppLog] INFO : 进入电气控制模块
2023-05-11 19:52:12,419 [AppLog] INFO : 退出电气控制模块
2023-05-11 19:56:24,326 [AppLog] INFO : 开启系统：板卡通讯，伺服供电，照明系统，UV/HR固化系统！
2023-05-11 19:56:24,969 [AppLog] INFO : 关闭系统：一键关闭系统开始！
2023-05-11 19:56:31,126 [AppLog] INFO : 关闭系统：一键关闭系统结束！
2023-05-11 19:56:31,135 [AppLog] INFO : 喷墨控制器的所有轴输出关闭！
2023-05-11 19:56:31,254 [AppLog] INFO : 喷墨控制器关闭！
2023-05-11 19:56:31,255 [AppLog] INFO : 创建：AutoPrintMotion0=》不需重新创建-手动操作！
2023-05-11 19:56:31,256 [AppLog] INFO : 进入电气控制模块
2023-05-11 19:56:37,368 [AppLog] INFO : 退出电气控制模块
2023-05-11 19:56:38,704 [AppLog] INFO : 软件及设备关停中：墨车所有方向运动确认停止（X,Y,Y2)： bImmeStop{False},nAxisMask{0x7}
2023-05-11 19:56:38,704 [AppLog] INFO : 软件及设备关停中：喷墨控制器板卡系统关闭（X,Y,Y2)：DEV_CloseDevice
2023-05-11 19:56:39,362 [AppLog] INFO : 软件及设备关停成功
==========================================================================
操作系统:{Microsoft Windows 7 旗舰版 }
运行环境:{ .Net Framework Enviroment Version 4.0.30319.42000}
盘符：D
CPU使用率：{1.785253%} ，可用内存大小:{13760MB}，硬盘剩余空间：
  盘符 C:\ 的剩余空间：70 GB
  盘符 D:\ 的剩余空间：95 GB
  盘符 F:\ 的剩余空间：57 GB
==========================================================================
2023-05-11 19:57:06,057 [AppLog] INFO : 软件开机密码正确，登录成功1次
==========================================================================
操作系统:{Microsoft Windows 7 旗舰版 }
运行环境:{ .Net Framework Enviroment Version 4.0.30319.42000}
盘符：D
CPU使用率：{46.42839%} ，可用内存大小:{13840MB}，硬盘剩余空间：
  盘符 C:\ 的剩余空间：70 GB
  盘符 D:\ 的剩余空间：95 GB
  盘符 F:\ 的剩余空间：57 GB
硬件配置情况：
  CPU 厂家: GenuineIntel CPU 型号: Intel(R) Core(TM) i7-4770 CPU @ 3.40GHz
  内存条厂家: Kingston 内存条型号: 99P5471-043.A00LF 
  内存条厂家: Kingston 内存条型号: 99P5471-043.A00LF 
  硬盘厂家: (标准磁盘驱动器) 硬盘型号: Micron_1300_MTFDDAK256TDL ATA Device
  硬盘厂家: (标准磁盘驱动器) 硬盘型号:  USB  SanDisk 3.2Gen1 USB Device
==========================================================================
2023-05-11 19:57:07,702 [AppLog] INFO : 开启系统：板卡通讯，伺服供电，照明系统，UV/HR固化系统！
2023-05-11 19:57:07,717 [AppLog] INFO : 开启系统：一键启动系统开始！
2023-05-11 19:57:13,790 [AppLog] INFO : 开启系统：一键启动系统结束！
2023-05-11 19:57:13,961 [AppLog] INFO : 创建：AutoPrintMotion0=》初次创建完成-手动操作！
2023-05-11 19:57:14,024 [AppLog] INFO : 初始化喷墨控制器启动！
2023-05-11 19:57:37,820 [AppLog] INFO : 打开喷墨控制器设备成功！
2023-05-11 19:57:37,851 [AppLog] INFO : 输入校准值1次{成功}，打印往返差校准值为：BiDirEncPrtOff{5},分频值{8},打印速度{300mm/s}
2023-05-11 19:57:38,225 [AppLog] INFO : PASS打印前关键状态：DEV_GetDeviceInfo：LPPRINTER_INFO:nXSysEncDPI{5080}nStatus{909129520}nPrintStatus{0}bSuperDevice{1}
LPPRINTER_INFO-LPPrtRunInfo:bJobPrtRuning{False}bLayerPrtIsOver{False}nContReqMemErr{0}nContWDErr{0}nCurPrtDir{0}nDTLayerIndex{0}nDTLayerPassIndex{0}nDTPtrCtlIndex{0}nLayerPassCount{0}nPrintLayerIndex{0}nPrintPassIndex{0}nProcLayerIndex{0}nPrtDataMemAddr{0}nPrtState{0}nReverse{System.Int32[]}nRevPrtCols{0}
LPPRINTER_INFO-LPDRVINFO:nFMVersion{45074}nFpgaVersion{539038216}nPCBVersion{0}nState{0}nNextState{0}nPtvwarnState{0}nCrc32{0}nRevInfo{System.UInt32[]}nSignature{0}
2023-05-11 19:57:45,874 [AppLog] INFO : 初始化喷墨控制器成功！
2023-05-11 19:57:45,874 [AppLog] INFO : 进入：EquipmentMotionLogic3=》准备创建对象-手动操作！
2023-05-11 19:57:45,905 [AppLog] INFO : 进入：EquipmentMotionLogic3=》创建完成-手动操作！
2023-05-11 19:57:46,032 [AppLog] INFO : 红外灯控制器485通讯建立！
2023-05-11 19:57:46,032 [AppLog] INFO : 进入电气控制模块
2023-05-11 19:57:47,191 [AppLog] INFO : 退出电气控制模块
2023-05-11 19:57:47,850 [AppLog] INFO : 进入数据加载模块
2023-05-11 19:58:00,129 [AppLog] INFO : CAD数据加载：添加.bjgroup格式CAD数据成功-D:\Release-3DPrintingForBinderJetting-V2.0\CLI输入文件\shibiao-0321\shibiao-0425.bjgroup
2023-05-11 19:58:03,663 [AppLog] INFO : 进入JOB参数设置：修改前初始参数：灰度数据格式{1bits}打印灰阶{1阶}m_XPrintDpi{System.Single[]Dpi}墨车运动速度{300MM/s}X向起打位置{50MM}X向起打位置偏移{0MM}Y向起打位置偏移{0MM}
2023-05-11 19:58:07,100 [AppLog] INFO : 退出JOB参数设置：修改后参数：灰度数据格式{1bits}打印灰阶{1阶}m_XPrintDpi{63.5,127,190.5,254,317.5,381,444.5,508,571.5,635,1270,2540Dpi}墨车运动速度{300MM/s}X向起打位置{50MM}X向起打位置偏移{0MM}Y向起打位置偏移{0MM}
2023-05-11 19:58:07,822 [AppLog] INFO : 进入手动调试子模块！
2023-05-11 19:58:07,822 [AppLog] INFO : 进入：ManulBtn_Click=》准备创建对象-手动操作！
2023-05-11 19:58:07,854 [AppLog] INFO : 创建：ManualControl=》创建完成-手动操作！
2023-05-11 19:58:07,854 [AppLog] INFO : 加载成功：温控Modbus接口！
2023-05-11 19:58:10,219 [AppLog] INFO : 退出手动调试子模块，未执行修改
==========================================================================
2023-05-11 19:58:10,894 [AppLog] INFO : 进入JOB参数设置：修改前初始参数：灰度数据格式{1bits}打印灰阶{1阶}m_XPrintDpi{System.Single[]Dpi}墨车运动速度{300MM/s}X向起打位置{50MM}X向起打位置偏移{0MM}Y向起打位置偏移{0MM}
2023-05-11 19:58:14,651 [AppLog] INFO : 退出JOB参数设置：修改后参数：灰度数据格式{1bits}打印灰阶{1阶}m_XPrintDpi{63.5,127,190.5,254,317.5,381,444.5,508,571.5,635,1270,2540Dpi}墨车运动速度{300MM/s}X向起打位置{50MM}X向起打位置偏移{0MM}Y向起打位置偏移{0MM}
2023-05-11 19:58:16,933 [AppLog] INFO : 进入手动调试子模块！
2023-05-11 19:58:16,933 [AppLog] INFO : 进入：ManulBtn_Click=》准备创建对象-手动操作！
2023-05-11 19:58:16,964 [AppLog] INFO : 创建：ManualControl=》创建完成-手动操作！
2023-05-11 19:58:16,964 [AppLog] INFO : 加载成功：温控Modbus接口！
2023-05-11 19:58:19,170 [AppLog] INFO : 退出手动调试子模块，未执行修改
==========================================================================
2023-05-11 19:58:20,048 [AppLog] INFO : 进入JOB参数设置：修改前初始参数：灰度数据格式{1bits}打印灰阶{1阶}m_XPrintDpi{System.Single[]Dpi}墨车运动速度{300MM/s}X向起打位置{50MM}X向起打位置偏移{0MM}Y向起打位置偏移{0MM}
2023-05-11 19:58:24,133 [AppLog] INFO : 退出JOB参数设置：修改后参数：灰度数据格式{1bits}打印灰阶{1阶}m_XPrintDpi{63.5,127,190.5,254,317.5,381,444.5,508,571.5,635,1270,2540Dpi}墨车运动速度{300MM/s}X向起打位置{50MM}X向起打位置偏移{0MM}Y向起打位置偏移{0MM}
2023-05-11 19:58:25,385 [AppLog] INFO : 进入JOB参数设置：修改前初始参数：灰度数据格式{1bits}打印灰阶{1阶}m_XPrintDpi{System.Single[]Dpi}墨车运动速度{300MM/s}X向起打位置{50MM}X向起打位置偏移{0MM}Y向起打位置偏移{0MM}
2023-05-11 19:58:26,890 [AppLog] INFO : 退出JOB参数设置：修改后参数：灰度数据格式{1bits}打印灰阶{1阶}m_XPrintDpi{63.5,127,190.5,254,317.5,381,444.5,508,571.5,635,1270,2540Dpi}墨车运动速度{300MM/s}X向起打位置{50MM}X向起打位置偏移{0MM}Y向起打位置偏移{0MM}
2023-05-11 19:58:29,394 [AppLog] INFO : 进入JOB参数设置：修改前初始参数：灰度数据格式{1bits}打印灰阶{1阶}m_XPrintDpi{System.Single[]Dpi}墨车运动速度{300MM/s}X向起打位置{50MM}X向起打位置偏移{0MM}Y向起打位置偏移{0MM}
2023-05-11 19:58:32,846 [AppLog] INFO : 退出JOB参数设置：修改后参数：灰度数据格式{1bits}打印灰阶{1阶}m_XPrintDpi{63.5,127,190.5,254,317.5,381,444.5,508,571.5,635,1270,2540Dpi}墨车运动速度{300MM/s}X向起打位置{50MM}X向起打位置偏移{0MM}Y向起打位置偏移{0MM}
2023-05-11 19:58:35,548 [AppLog] INFO : 进入手动调试子模块！
2023-05-11 19:58:35,548 [AppLog] INFO : 进入：ManulBtn_Click=》准备创建对象-手动操作！
2023-05-11 19:58:35,579 [AppLog] INFO : 创建：ManualControl=》创建完成-手动操作！
2023-05-11 19:58:35,579 [AppLog] INFO : 加载成功：温控Modbus接口！
2023-05-11 19:58:42,488 [AppLog] INFO : 更新波形路径：DEV_UpdateParam：{D:\Release-3DPrintingForBinderJetting-V2.0\波形文件\0316新调=波形文件=水性胶水\世彪新调-喷射量3.rhdat}
2023-05-11 19:58:42,504 [AppLog] INFO : {1}号喷头基准电压更新成功：DEV_SetWaveStdVoltage{0V,0V,0V,0V}；
2023-05-11 19:58:47,998 [AppLog] INFO : 重新加载完波形：DEV_ReloadWaveForm! 当前波形文件的基准电压参考值为：{18V}
2023-05-11 19:58:48,296 [AppLog] INFO : {1}号喷头电压调压成功：MCU_SetPhVoltage{0V,0V,0V,0V}；
2023-05-11 19:58:49,859 [AppLog] INFO : 开启铺粉车回零校准：PowderCarHomeBtn_Click
2023-05-11 19:58:49,859 [AppLog] INFO : 开启粉车回零校准线程：PowderCarHomeResetThread
2023-05-11 19:58:52,667 [AppLog] INFO : 开启墨车回零校准：PrintCarHomeBtn_Click
2023-05-11 19:58:52,667 [AppLog] INFO : 开启墨车回零校准线程：InkCarEncoderResetThread
2023-05-11 19:58:59,933 [AppLog] INFO : 手动正向点动指令（8轴运控板卡系统） ====》：输出AXIS{第2轴},点动量{-116MM},运动速度{30MM/s}
2023-05-11 19:58:59,964 [AppLog] INFO : 粉车回零校准线程成功：PowderCarHomeResetThread
2023-05-11 19:59:02,998 [AppLog] INFO : 墨车回零校准线程成功：InkCarEncoderResetThread
2023-05-11 19:59:04,705 [AppLog] INFO : 退出手动调试子模块,已执行修改
==========================================================================
2023-05-11 19:59:06,331 [AppLog] INFO : 进入手动调试子模块！
2023-05-11 19:59:06,331 [AppLog] INFO : 进入：ManulBtn_Click=》准备创建对象-手动操作！
2023-05-11 19:59:06,362 [AppLog] INFO : 创建：ManualControl=》创建完成-手动操作！
2023-05-11 19:59:06,362 [AppLog] INFO : 加载成功：温控Modbus接口！
2023-05-11 19:59:08,741 [AppLog] INFO : 退出手动调试子模块,已执行修改
==========================================================================
2023-05-11 19:59:09,711 [AppLog] INFO : 进入JOB参数设置：修改前初始参数：灰度数据格式{1bits}打印灰阶{1阶}m_XPrintDpi{System.Single[]Dpi}墨车运动速度{300MM/s}X向起打位置{50MM}X向起打位置偏移{0MM}Y向起打位置偏移{0MM}
2023-05-11 19:59:14,274 [AppLog] INFO : 退出JOB参数设置：修改后参数：灰度数据格式{1bits}打印灰阶{1阶}m_XPrintDpi{63.5,127,190.5,254,317.5,381,444.5,508,571.5,635,1270,2540Dpi}墨车运动速度{300MM/s}X向起打位置{50MM}X向起打位置偏移{0MM}Y向起打位置偏移{0MM}
2023-05-11 19:59:16,590 [AppLog] INFO : 启动打印任务：准备开启数据处理及打印线程
2023-05-11 19:59:16,590 [AppLog] INFO : 创建：AutoPrintMotion0=》不需重新创建-手动操作！
2023-05-11 19:59:16,590 [AppLog] INFO : 停止打印任务，释放板卡内存：IDP_StopPrintJob()：ReturnFlag{True}
2023-05-11 19:59:16,590 [AppLog] INFO : 启动打印线程成功： DataTaskTHREAD
2023-05-11 19:59:16,606 [AppLog] INFO : 写入打印参数：IDP_SartPrintJob：nJobID{1}szJobName{金属3DP打印}nPixelGrayBits{1} nPrtCtl{0}nPrtXEncPos{10000}fPrtYPos{0}
2023-05-11 19:59:16,622 [AppLog] INFO : 进入：EquipmentMotionLogic3=》准备创建对象-手动操作！
2023-05-11 19:59:16,623 [AppLog] INFO : 启动打印线程成功：PrintTaskTHREAD
2023-05-11 19:59:16,655 [AppLog] INFO : 创建：AutoPrintMotion4=》初次创建完成-手动操作！
2023-05-11 19:59:16,655 [AppLog] INFO : 准备处理第0层数据：准备调用RenderToWic，index为0，subindex为0，g_nRePrintTimes为1，起始层为0
2023-05-11 19:59:16,760 [AppLog] INFO : 完成处理第0层数据：准备调用DrawLayerBMP，index为0，起始层为0
2023-05-11 19:59:16,760 [AppLog] INFO : 完成处理第0层数据：准备调用DrawLayerBMP，index为0，起始层为0
2023-05-11 19:59:17,207 [AppLog] INFO : 作业写入成功：IDP_WriteImgLayerData：bpp:{1bit}灰阶:{1阶}nLayerIndex{0}LayerIndex{0}SubIndex{0}RePrintTimes{1}nBytesPerLine{904}nWidth{7201}nHeight{6972}nXEncOff{0}nYJetOff{1}nImgStartJetIndex{0}nXDPI{571.5}nYDPI{600}nPrtDir{0} nPrtFlag{1}nColorCnts{1}nReserved{System.Int32[]}
2023-05-11 19:59:17,207 [AppLog] INFO : 完成处理第0层数据：准备调用RenderToWic，index为0，subindex为0，g_nRePrintTimes为1，起始层为0
2023-05-11 19:59:17,207 [AppLog] INFO : 准备处理第0层数据：准备调用RenderToWic，index为0，subindex为1，g_nRePrintTimes为1，起始层为0
2023-05-11 19:59:17,285 [AppLog] INFO : 完成处理第0层数据：准备调用DrawLayerBMP，index为0，起始层为0
2023-05-11 19:59:17,285 [AppLog] INFO : 完成处理第0层数据：准备调用DrawLayerBMP，index为0，起始层为0
2023-05-11 19:59:17,724 [AppLog] INFO : 作业写入成功：IDP_WriteImgLayerData：bpp:{1bit}灰阶:{1阶}nLayerIndex{1}LayerIndex{0}SubIndex{1}RePrintTimes{1}nBytesPerLine{904}nWidth{7201}nHeight{6972}nXEncOff{0}nYJetOff{1}nImgStartJetIndex{0}nXDPI{571.5}nYDPI{600}nPrtDir{0} nPrtFlag{1}nColorCnts{1}nReserved{System.Int32[]}
2023-05-11 19:59:17,724 [AppLog] INFO : 完成处理第0层数据：准备调用RenderToWic，index为0，subindex为1，g_nRePrintTimes为1，起始层为0
2023-05-11 19:59:17,740 [AppLog] INFO : 准备处理第1层数据：准备调用RenderToWic，index为1，subindex为0，g_nRePrintTimes为1，起始层为0
2023-05-11 19:59:17,818 [AppLog] INFO : 完成处理第1层数据：准备调用DrawLayerBMP，index为1，起始层为0
2023-05-11 19:59:17,818 [AppLog] INFO : 完成处理第1层数据：准备调用DrawLayerBMP，index为1，起始层为0
2023-05-11 19:59:17,818 [AppLog] INFO : 关闭自动供墨：DEV_EnableInkAutoSupply：ControlBit{0xX}
2023-05-11 19:59:17,833 [AppLog] INFO : 初始化墨轴1：DEM_InitAxis：{0, 0x100}
2023-05-11 19:59:17,850 [AppLog] INFO : 初始化墨轴2：DEM_InitAxis：{1, 0x1400}
2023-05-11 19:59:17,850 [AppLog] INFO : 初始化墨轴3：DEM_InitAxis：{1, 0x1400}
2023-05-11 19:59:17,866 [AppLog] INFO : 使能所有墨轴：DEM_EnableAxisRun：{true}
2023-05-11 19:59:17,897 [AppLog] INFO : 使能双Y墨轴输出同步：DEM_EnableDYOutPut：{true, true}
2023-05-11 19:59:17,897 [AppLog] INFO : 初始化墨轴1：DEM_InitAxis：{0, 0x100}
2023-05-11 19:59:17,912 [AppLog] INFO : 使能所有墨轴：DEM_EnableAxisRun：{true}
2023-05-11 19:59:17,928 [AppLog] INFO : 开启自动供墨：DEV_EnableInkAutoSupply：ControlBit{0xFF}
2023-05-11 19:59:17,944 [AppLog] INFO : 接收到起始打印指令：PrintTaskTHREAD
2023-05-11 19:59:17,944 [AppLog] INFO : 获取打印Pass数据：IDP_GetPassItem2：nLayerIndex{1}nPassID{0}nProcState{3}LPPassDataItemb:PrtDir{False}nDataTxCompleteCnt{1}nHwMemAdrMatchMask{1}nLayerIndex{1}nLayerPassCount{6}nLayerPassIndex{0}nMinJet0ImgLinePos{1}nPrtMemHwAddr{System.UInt32[]}nPrtDataOffset{System.UInt32[]}nSrcDataSize{System.UInt32[]}nPrtColBytes{System.UInt32[]}nPrtPrecession{8.888}nSrcEndCols{7200}nSrcStartCols{0}nStartEncPos{76504}nValidPassJets{1280}nValidPrtCols{7479}nValidPrtCtlCnts{1}pDataBuf{0}pNextItem{686004816}
2023-05-11 19:59:17,959 [AppLog] INFO : 使能Pass打印成功：IDP_DoPassPrint2：nLayerIndex{1}nPassID{0}
2023-05-11 19:59:17,959 [AppLog] INFO : PASS打印前关键状态：DEV_GetDeviceInfo2：nLayerIndex{1}nPassID{0}LPPRINTER_INFO:nXSysEncDPI{0}nStatus{0}nPrintStatus{0}bSuperDevice{0}
LPPRINTER_INFO-LPPrtRunInfo:bJobPrtRuning{False}bLayerPrtIsOver{False}nContReqMemErr{0}nContWDErr{0}nCurPrtDir{0}nDTLayerIndex{0}nDTLayerPassIndex{0}nDTPtrCtlIndex{0}nLayerPassCount{0}nPrintLayerIndex{0}nPrintPassIndex{0}nProcLayerIndex{0}nPrtDataMemAddr{0}nPrtState{0}nReverse{System.Int32[]}nRevPrtCols{0}
LPPRINTER_INFO-LPDRVINFO:nFMVersion{0}nFpgaVersion{0}nPCBVersion{0}nState{0}nNextState{0}nPtvwarnState{0}nCrc32{0}nRevInfo{System.UInt32[]}nSignature{0}
2023-05-11 19:59:17,959 [AppLog] INFO : PASS打印前关键状态：DEV_GetDeviceInfo：nLayerIndex{1}nPassID{0}LPPRINTER_INFO:nXSysEncDPI{5080}nStatus{909129520}nPrintStatus{0}bSuperDevice{1}
LPPRINTER_INFO-LPPrtRunInfo:bJobPrtRuning{True}bLayerPrtIsOver{False}nContReqMemErr{0}nContWDErr{0}nCurPrtDir{0}nDTLayerIndex{1}nDTLayerPassIndex{4}nDTPtrCtlIndex{0}nLayerPassCount{6}nPrintLayerIndex{1}nPrintPassIndex{0}nProcLayerIndex{1}nPrtDataMemAddr{0}nPrtState{0}nReverse{System.Int32[]}nRevPrtCols{0}
LPPRINTER_INFO-LPDRVINFO:nFMVersion{45074}nFpgaVersion{539038216}nPCBVersion{0}nState{0}nNextState{0}nPtvwarnState{0}nCrc32{0}nRevInfo{System.UInt32[]}nSignature{0}
2023-05-11 19:59:18,006 [AppLog] INFO : 创建：AutoPrintMotion1=》初次创建完成-手动操作！
2023-05-11 19:59:18,006 [AppLog] INFO : 进入：EquipmentMotionLogic3=》准备创建对象-手动操作！
2023-05-11 19:59:18,053 [AppLog] INFO : 进入：EquipmentMotionLogic3=》初次创建完成-手动操作！
2023-05-11 19:59:18,053 [AppLog] INFO : 进入：EquipmentMotionLogic3=》赋值完成自-AutoPrintMotion2！
2023-05-11 19:59:18,053 [AppLog] INFO : 进入：EquipmentMotionLogic3=》加载配置文件-LoadJsonFile成功！
2023-05-11 19:59:18,053 [AppLog] INFO : 进入自动清洗过程：AutoCleanThread
2023-05-11 19:59:18,474 [AppLog] INFO : 刮墨轴回零成功：motionMap.SetBackSpreaderAxis(4, 1, 2, -SinkHomePosition)
2023-05-11 19:59:18,474 [AppLog] INFO : 准备读取编码器位置：Y方向！
2023-05-11 19:59:18,474 [AppLog] INFO : 准备运动，编码器当前位置：DEM_GetAxisEncodeVal：MoveDirectionFlag{false为Y方向：True}CurrentPos{61.44}AimPos{116}
2023-05-11 19:59:18,740 [AppLog] INFO : Y方向运动开始：DEM_Run：返回值{True}nAxis{1}DirFlag{True}nSpeed{300000}MoveStep{54663.17296}nCtlValue{1}
2023-05-11 19:59:18,803 [AppLog] INFO : Y方向到位停止：DEM_StopAxisRun：返回值{True}CurrentPos{114.62}bImmeStop{False}nAxisMask{2}
2023-05-11 19:59:18,803 [AppLog] INFO : 准备读取编码器位置：X方向！
2023-05-11 19:59:18,803 [AppLog] INFO : 准备运动，当前位置：DEV_GetPrintEncoderValue：MoveDirectionFlag{false为Y方向：False}CurrentPos{722.475}AimPos{780}
2023-05-11 19:59:18,834 [AppLog] INFO : X方向运动开始：DEM_Run：返回值{True}nAxis{0}DirFlag{True}nSpeed{300000}MoveStep{57525}nCtlValue{2}
