2023-12-11 08:49:59,072 [AppLog] INFO : 软件开机密码正确，登录成功1次
==========================================================================
操作系统:{Microsoft Windows 7 旗舰版 }
运行环境:{ .Net Framework Enviroment Version 4.0.30319.42000}
盘符：D
CPU使用率：{7.142386%} ，可用内存大小:{14369MB}，硬盘剩余空间：
  盘符 C:\ 的剩余空间：70 GB
  盘符 D:\ 的剩余空间：70 GB
硬件配置情况：
  CPU 厂家: GenuineIntel CPU 型号: Intel(R) Core(TM) i7-4770 CPU @ 3.40GHz
  内存条厂家: Kingston 内存条型号: 99P5471-043.A00LF 
  内存条厂家: Kingston 内存条型号: 99P5471-043.A00LF 
  硬盘厂家: (标准磁盘驱动器) 硬盘型号: Micron_1300_MTFDDAK256TDL ATA Device
==========================================================================
2023-12-11 08:49:59,274 [AppLog] INFO : 开启系统：板卡通讯，伺服供电，照明系统，UV/HR固化系统！
2023-12-11 08:49:59,274 [AppLog] INFO : 开启系统：一键启动系统开始！
2023-12-11 08:50:05,374 [AppLog] INFO : 开启系统：一键启动系统结束！
2023-12-11 08:50:05,577 [AppLog] INFO : 创建：AutoPrintMotion0=》初次创建完成-手动操作！
2023-12-11 08:50:05,655 [AppLog] INFO : 初始化喷墨控制器启动！
2023-12-11 08:50:29,445 [AppLog] INFO : 打开喷墨控制器设备成功！
2023-12-11 08:50:29,476 [AppLog] INFO : 输入校准值1次{成功}，打印往返差校准值为：BiDirEncPrtOff{5},分频值{8},打印速度{300mm/s}
2023-12-11 08:50:29,851 [AppLog] INFO : PASS打印前关键状态：DEV_GetDeviceInfo：LPPRINTER_INFO:nXSysEncDPI{5080}nStatus{909129520}nPrintStatus{0}bSuperDevice{1}
LPPRINTER_INFO-LPPrtRunInfo:bJobPrtRuning{False}bLayerPrtIsOver{False}nContReqMemErr{0}nContWDErr{0}nCurPrtDir{0}nDTLayerIndex{0}nDTLayerPassIndex{0}nDTPtrCtlIndex{0}nLayerPassCount{0}nPrintLayerIndex{0}nPrintPassIndex{0}nProcLayerIndex{0}nPrtDataMemAddr{0}nPrtState{0}nReverse{System.Int32[]}nRevPrtCols{0}
LPPRINTER_INFO-LPDRVINFO:nFMVersion{45074}nFpgaVersion{539038216}nPCBVersion{0}nState{0}nNextState{0}nPtvwarnState{0}nCrc32{0}nRevInfo{System.UInt32[]}nSignature{0}
2023-12-11 08:50:33,439 [AppLog] INFO : 初始化喷墨控制器成功！
2023-12-11 08:50:33,439 [AppLog] INFO : 进入：EquipmentMotionLogic3=》准备创建对象-手动操作！
2023-12-11 08:50:33,470 [AppLog] INFO : 进入：EquipmentMotionLogic3=》创建完成-手动操作！
2023-12-11 08:50:33,610 [AppLog] INFO : 红外灯控制器485通讯建立！
2023-12-11 08:50:33,610 [AppLog] INFO : 进入电气控制模块
2023-12-11 08:50:34,765 [AppLog] INFO : 电气控制模块：手动打开端口15
2023-12-11 08:50:35,560 [AppLog] INFO : 电气控制模块：手动打开端口14
2023-12-11 08:50:36,574 [AppLog] INFO : 退出电气控制模块
2023-12-11 08:50:56,043 [AppLog] INFO : 进入手动调试子模块！
2023-12-11 08:50:56,043 [AppLog] INFO : 进入：ManulBtn_Click=》准备创建对象-手动操作！
2023-12-11 08:50:56,074 [AppLog] INFO : 创建：ManualControl=》创建完成-手动操作！
2023-12-11 08:50:56,074 [AppLog] INFO : 加载成功：温控Modbus接口！
2023-12-11 08:51:15,746 [AppLog] INFO : 手动正向JOG指令（8轴运控板卡系统） ====》：输出AXIS{第2轴},运动速度{50MM/s}
2023-12-11 08:51:15,855 [AppLog] INFO : 自动停止铺粉棍轴JOG输出（8轴运控板卡系统） ====》：输出AXIS{第6轴}
2023-12-11 08:51:15,871 [AppLog] INFO : 手动停止JOG输出（8轴运控板卡系统） ====》：输出AXIS{第2轴}
2023-12-11 08:51:16,541 [AppLog] INFO : 手动正向JOG指令（8轴运控板卡系统） ====》：输出AXIS{第2轴},运动速度{50MM/s}
2023-12-11 08:51:17,618 [AppLog] INFO : 自动停止铺粉棍轴JOG输出（8轴运控板卡系统） ====》：输出AXIS{第6轴}
2023-12-11 08:51:17,618 [AppLog] INFO : 手动停止JOG输出（8轴运控板卡系统） ====》：输出AXIS{第2轴}
2023-12-11 08:51:18,023 [AppLog] INFO : 手动正向JOG指令（8轴运控板卡系统） ====》：输出AXIS{第2轴},运动速度{50MM/s}
2023-12-11 08:51:18,413 [AppLog] INFO : 自动停止铺粉棍轴JOG输出（8轴运控板卡系统） ====》：输出AXIS{第6轴}
2023-12-11 08:51:18,429 [AppLog] INFO : 手动停止JOG输出（8轴运控板卡系统） ====》：输出AXIS{第2轴}
2023-12-11 08:51:18,819 [AppLog] INFO : 手动正向JOG指令（8轴运控板卡系统） ====》：输出AXIS{第2轴},运动速度{50MM/s}
2023-12-11 08:51:19,178 [AppLog] INFO : 自动停止铺粉棍轴JOG输出（8轴运控板卡系统） ====》：输出AXIS{第6轴}
2023-12-11 08:51:19,178 [AppLog] INFO : 手动停止JOG输出（8轴运控板卡系统） ====》：输出AXIS{第2轴}
2023-12-11 08:51:20,597 [AppLog] INFO : 手动正向JOG指令（8轴运控板卡系统） ====》：输出AXIS{第2轴},运动速度{50MM/s}
2023-12-11 08:51:25,683 [AppLog] INFO : 自动停止铺粉棍轴JOG输出（8轴运控板卡系统） ====》：输出AXIS{第6轴}
2023-12-11 08:51:25,683 [AppLog] INFO : 手动停止JOG输出（8轴运控板卡系统） ====》：输出AXIS{第2轴}
2023-12-11 08:51:25,792 [AppLog] INFO : 手动正向JOG指令（8轴运控板卡系统） ====》：输出AXIS{第2轴},运动速度{50MM/s}
2023-12-11 08:51:27,259 [AppLog] INFO : 自动停止铺粉棍轴JOG输出（8轴运控板卡系统） ====》：输出AXIS{第6轴}
2023-12-11 08:51:27,259 [AppLog] INFO : 手动停止JOG输出（8轴运控板卡系统） ====》：输出AXIS{第2轴}
2023-12-11 08:51:27,758 [AppLog] INFO : 手动正向JOG指令（8轴运控板卡系统） ====》：输出AXIS{第2轴},运动速度{50MM/s}
2023-12-11 08:51:27,929 [AppLog] INFO : 自动停止铺粉棍轴JOG输出（8轴运控板卡系统） ====》：输出AXIS{第6轴}
2023-12-11 08:51:27,929 [AppLog] INFO : 手动停止JOG输出（8轴运控板卡系统） ====》：输出AXIS{第2轴}
2023-12-11 08:51:28,101 [AppLog] INFO : 手动正向JOG指令（8轴运控板卡系统） ====》：输出AXIS{第2轴},运动速度{50MM/s}
2023-12-11 08:51:28,226 [AppLog] INFO : 自动停止铺粉棍轴JOG输出（8轴运控板卡系统） ====》：输出AXIS{第6轴}
2023-12-11 08:51:28,226 [AppLog] INFO : 手动停止JOG输出（8轴运控板卡系统） ====》：输出AXIS{第2轴}
2023-12-11 08:51:28,413 [AppLog] INFO : 手动正向JOG指令（8轴运控板卡系统） ====》：输出AXIS{第2轴},运动速度{50MM/s}
2023-12-11 08:51:28,569 [AppLog] INFO : 自动停止铺粉棍轴JOG输出（8轴运控板卡系统） ====》：输出AXIS{第6轴}
2023-12-11 08:51:28,569 [AppLog] INFO : 手动停止JOG输出（8轴运控板卡系统） ====》：输出AXIS{第2轴}
2023-12-11 08:51:28,741 [AppLog] INFO : 手动正向JOG指令（8轴运控板卡系统） ====》：输出AXIS{第2轴},运动速度{50MM/s}
2023-12-11 08:51:28,850 [AppLog] INFO : 自动停止铺粉棍轴JOG输出（8轴运控板卡系统） ====》：输出AXIS{第6轴}
2023-12-11 08:51:28,850 [AppLog] INFO : 手动停止JOG输出（8轴运控板卡系统） ====》：输出AXIS{第2轴}
2023-12-11 08:51:32,797 [AppLog] INFO : 手动负向JOG指令（8轴运控板卡系统） ====》：输出AXIS{第2轴},运动速度{50MM/s}
2023-12-11 08:51:38,147 [AppLog] INFO : 自动停止铺粉棍轴JOG输出（8轴运控板卡系统） ====》：输出AXIS{第6轴}
2023-12-11 08:51:38,147 [AppLog] INFO : 手动停止JOG输出（8轴运控板卡系统） ====》：输出AXIS{第2轴}
2023-12-11 08:51:38,350 [AppLog] INFO : 手动负向JOG指令（8轴运控板卡系统） ====》：输出AXIS{第2轴},运动速度{50MM/s}
2023-12-11 08:51:38,459 [AppLog] INFO : 自动停止铺粉棍轴JOG输出（8轴运控板卡系统） ====》：输出AXIS{第6轴}
2023-12-11 08:51:38,459 [AppLog] INFO : 手动停止JOG输出（8轴运控板卡系统） ====》：输出AXIS{第2轴}
2023-12-11 08:51:38,553 [AppLog] INFO : 手动负向JOG指令（8轴运控板卡系统） ====》：输出AXIS{第2轴},运动速度{50MM/s}
2023-12-11 08:51:41,423 [AppLog] INFO : 自动停止铺粉棍轴JOG输出（8轴运控板卡系统） ====》：输出AXIS{第6轴}
2023-12-11 08:51:41,423 [AppLog] INFO : 手动停止JOG输出（8轴运控板卡系统） ====》：输出AXIS{第2轴}
2023-12-11 08:51:41,579 [AppLog] INFO : 手动负向JOG指令（8轴运控板卡系统） ====》：输出AXIS{第2轴},运动速度{50MM/s}
2023-12-11 08:51:41,704 [AppLog] INFO : 自动停止铺粉棍轴JOG输出（8轴运控板卡系统） ====》：输出AXIS{第6轴}
2023-12-11 08:51:41,704 [AppLog] INFO : 手动停止JOG输出（8轴运控板卡系统） ====》：输出AXIS{第2轴}
2023-12-11 08:51:41,813 [AppLog] INFO : 手动负向JOG指令（8轴运控板卡系统） ====》：输出AXIS{第2轴},运动速度{50MM/s}
2023-12-11 08:51:41,938 [AppLog] INFO : 自动停止铺粉棍轴JOG输出（8轴运控板卡系统） ====》：输出AXIS{第6轴}
2023-12-11 08:51:41,938 [AppLog] INFO : 手动停止JOG输出（8轴运控板卡系统） ====》：输出AXIS{第2轴}
2023-12-11 08:51:42,032 [AppLog] INFO : 手动负向JOG指令（8轴运控板卡系统） ====》：输出AXIS{第2轴},运动速度{50MM/s}
2023-12-11 08:51:42,188 [AppLog] INFO : 自动停止铺粉棍轴JOG输出（8轴运控板卡系统） ====》：输出AXIS{第6轴}
2023-12-11 08:51:42,188 [AppLog] INFO : 手动停止JOG输出（8轴运控板卡系统） ====》：输出AXIS{第2轴}
2023-12-11 08:51:42,297 [AppLog] INFO : 手动负向JOG指令（8轴运控板卡系统） ====》：输出AXIS{第2轴},运动速度{50MM/s}
2023-12-11 08:51:42,469 [AppLog] INFO : 自动停止铺粉棍轴JOG输出（8轴运控板卡系统） ====》：输出AXIS{第6轴}
2023-12-11 08:51:42,469 [AppLog] INFO : 手动停止JOG输出（8轴运控板卡系统） ====》：输出AXIS{第2轴}
2023-12-11 08:51:42,827 [AppLog] INFO : 手动负向JOG指令（8轴运控板卡系统） ====》：输出AXIS{第2轴},运动速度{50MM/s}
2023-12-11 08:51:42,968 [AppLog] INFO : 自动停止铺粉棍轴JOG输出（8轴运控板卡系统） ====》：输出AXIS{第6轴}
2023-12-11 08:51:42,968 [AppLog] INFO : 手动停止JOG输出（8轴运控板卡系统） ====》：输出AXIS{第2轴}
2023-12-11 08:51:43,217 [AppLog] INFO : 手动负向JOG指令（8轴运控板卡系统） ====》：输出AXIS{第2轴},运动速度{50MM/s}
2023-12-11 08:51:43,327 [AppLog] INFO : 自动停止铺粉棍轴JOG输出（8轴运控板卡系统） ====》：输出AXIS{第6轴}
2023-12-11 08:51:43,327 [AppLog] INFO : 手动停止JOG输出（8轴运控板卡系统） ====》：输出AXIS{第2轴}
2023-12-11 08:51:43,670 [AppLog] INFO : 手动负向JOG指令（8轴运控板卡系统） ====》：输出AXIS{第2轴},运动速度{50MM/s}
2023-12-11 08:51:43,779 [AppLog] INFO : 自动停止铺粉棍轴JOG输出（8轴运控板卡系统） ====》：输出AXIS{第6轴}
2023-12-11 08:51:43,779 [AppLog] INFO : 手动停止JOG输出（8轴运控板卡系统） ====》：输出AXIS{第2轴}
2023-12-11 08:51:55,510 [AppLog] INFO : 手动正向JOG指令（8轴运控板卡系统） ====》：输出AXIS{第2轴},运动速度{50MM/s}
2023-12-11 08:51:55,619 [AppLog] INFO : 自动停止铺粉棍轴JOG输出（8轴运控板卡系统） ====》：输出AXIS{第6轴}
2023-12-11 08:51:55,619 [AppLog] INFO : 手动停止JOG输出（8轴运控板卡系统） ====》：输出AXIS{第2轴}
2023-12-11 08:51:56,212 [AppLog] INFO : 手动正向JOG指令（8轴运控板卡系统） ====》：输出AXIS{第2轴},运动速度{50MM/s}
2023-12-11 08:51:56,306 [AppLog] INFO : 自动停止铺粉棍轴JOG输出（8轴运控板卡系统） ====》：输出AXIS{第6轴}
2023-12-11 08:51:56,306 [AppLog] INFO : 手动停止JOG输出（8轴运控板卡系统） ====》：输出AXIS{第2轴}
2023-12-11 08:52:03,638 [AppLog] INFO : 手动正向点动指令（8轴运控板卡系统） ====》：输出AXIS{第1轴},点动量{1.5MM},运动速度{2MM/s}
2023-12-11 08:52:04,418 [AppLog] INFO : 手动正向点动指令（8轴运控板卡系统） ====》：输出AXIS{第1轴},点动量{1.5MM},运动速度{2MM/s}
2023-12-11 08:52:05,198 [AppLog] INFO : 手动正向点动指令（8轴运控板卡系统） ====》：输出AXIS{第1轴},点动量{1.5MM},运动速度{2MM/s}
2023-12-11 08:52:11,625 [AppLog] INFO : 手动负向点动指令（8轴运控板卡系统） ====》：输出AXIS{第1轴},点动量{1.5MM},运动速度{2MM/s}
2023-12-11 08:52:14,355 [AppLog] INFO : 手动负向点动指令（8轴运控板卡系统） ====》：输出AXIS{第1轴},点动量{1.5MM},运动速度{2MM/s}
2023-12-11 08:52:22,108 [AppLog] INFO : 开启铺粉车回零校准：PowderCarHomeBtn_Click
2023-12-11 08:52:22,108 [AppLog] INFO : 开启粉车回零校准线程：PowderCarHomeResetThread
2023-12-11 08:52:30,314 [AppLog] INFO : 手动正向点动指令（8轴运控板卡系统） ====》：输出AXIS{第2轴},点动量{-116MM},运动速度{50MM/s}
2023-12-11 08:52:30,314 [AppLog] INFO : 粉车回零校准线程成功：PowderCarHomeResetThread
2023-12-11 08:52:35,602 [AppLog] INFO : 手动开启自动进给铺粉过程：AutoSupplyPowderBtn_Click
2023-12-11 08:52:35,602 [AppLog] INFO : 开启手动铺粉逻辑：NewAutoSupplyPowderThread
2023-12-11 08:52:35,618 [AppLog] INFO : 电气控制模块：手动打开端口14
2023-12-11 08:52:35,618 [AppLog] INFO : 电气控制模块：手动打开端口15
2023-12-11 08:52:35,696 [AppLog] INFO : 手动正向点动指令（8轴运控板卡系统） ====》：输出AXIS{第1轴},点动量{-0.1MM},运动速度{2MM/s}
2023-12-11 08:52:35,696 [AppLog] INFO : 成形面高度下降层厚 TrapSpace{0.1mm}：TrapMoveUp(1, true, Convert.ToString(vel), Convert.ToString(TrapSpace), true, true）
2023-12-11 08:52:36,476 [AppLog] INFO : 手动正向点动指令（8轴运控板卡系统） ====》：输出AXIS{第1轴},点动量{-1.5MM},运动速度{2MM/s}
2023-12-11 08:52:36,476 [AppLog] INFO : 成形面高度下降指定厚度 TrapSpace{1.5mm}：TrapMoveUp(1, true, Convert.ToString(vel), Convert.ToString(TrapSpace), true, true）
2023-12-11 08:52:37,240 [AppLog] INFO : 手动正向点动指令（8轴运控板卡系统） ====》：输出AXIS{第1轴},点动量{1.5MM},运动速度{2MM/s}
2023-12-11 08:52:37,240 [AppLog] INFO : 电气控制模块：手动关闭端口15
2023-12-11 08:52:37,240 [AppLog] INFO : 电气控制模块：手动关闭端口14
2023-12-11 08:52:37,240 [AppLog] INFO : 成形面高度上升层厚 TrapSpace{1.5mm}：TrapMoveUp(1, true, Convert.ToString(vel), Convert.ToString(TrapSpace), true, true）
2023-12-11 08:52:37,552 [AppLog] INFO : 手动正向点动指令（8轴运控板卡系统） ====》：输出AXIS{第8轴},点动量{0.6MM},运动速度{2.5MM/s}
2023-12-11 08:52:37,552 [AppLog] INFO : Hopper落粉轴转2圈落粉，速度0.5rev/s：TrapMoveUp(8, true, 0.5, rotateNuM.ToString(), true, false)
2023-12-11 08:52:38,067 [AppLog] INFO : 手动停止自动进给铺粉过程：AutoSupplyPowderBtn_Click
2023-12-11 08:52:38,566 [AppLog] INFO : 开启铺粉车不等停运动至准备打印位置215mm，速度250mm/s：BackToStation2
2023-12-11 08:52:39,424 [AppLog] INFO : 手动正向点动指令（8轴运控板卡系统） ====》：输出AXIS{第2轴},点动量{214MM},运动速度{250MM/s}
2023-12-11 08:52:39,424 [AppLog] INFO : 当前铺粉车位置：打印位置215mm
2023-12-11 08:52:39,424 [AppLog] INFO : 手动正向点动指令（8轴运控板卡系统） ====》：输出AXIS{第2轴},点动量{480MM},运动速度{50MM/s}
2023-12-11 08:52:39,424 [AppLog] INFO : 开启铺粉车不等停运动至站2，速度0.5rev/s：BackToStation2
2023-12-11 08:52:39,534 [AppLog] INFO : 打开IR灯：OpenIRLamp(true)
2023-12-11 08:52:39,721 [AppLog] INFO : 手动正向点动指令（8轴运控板卡系统） ====》：输出AXIS{第3轴},点动量{0.125MM},运动速度{1MM/s}
2023-12-11 08:52:39,721 [AppLog] INFO : 在{40mm}处，落粉轴运动{45度}，落粉轴转速{1rev/s}：TrapMoveUp(3, true, Convert.ToString(DispenseRollerSpeed), 0.5, true, true)
2023-12-11 08:52:39,721 [AppLog] INFO : 手动正向点动指令（8轴运控板卡系统） ====》：输出AXIS{第3轴},点动量{0.5MM},运动速度{0.0753424657534247MM/s}
2023-12-11 08:52:39,721 [AppLog] INFO : 开启均匀落粉及辊子铺平运动：TrapMoveUp(3, true, Convert.ToString(DispenseRollerSpeed), 0.5, true, true)
2023-12-11 08:52:45,430 [AppLog] INFO : 关闭IR灯：OpenIRLamp(false)
2023-12-11 08:52:47,786 [AppLog] INFO : 手动正向点动指令（8轴运控板卡系统） ====》：输出AXIS{第3轴},点动量{0.5MM},运动速度{2MM/s}
2023-12-11 08:52:47,786 [AppLog] INFO : 落粉轴继续转动以倒掉余粉：TrapMoveUp(3, true, 2, 0.5, true, false)
2023-12-11 08:52:49,018 [AppLog] INFO : 电气控制模块：手动打开端口14
2023-12-11 08:52:49,018 [AppLog] INFO : 电气控制模块：手动打开端口15
2023-12-11 08:52:49,798 [AppLog] INFO : 手动正向点动指令（8轴运控板卡系统） ====》：输出AXIS{第1轴},点动量{-1.5MM},运动速度{2MM/s}
2023-12-11 08:52:49,798 [AppLog] INFO : 电气控制模块：手动关闭端口15
2023-12-11 08:52:49,798 [AppLog] INFO : 电气控制模块：手动关闭端口14
2023-12-11 08:52:49,798 [AppLog] INFO : 成形面高度下降指定厚度 TrapSpace{1.5mm}：TrapMoveUp(1, true, Convert.ToString(vel), Convert.ToString(TrapSpace), true, true）
2023-12-11 08:52:52,591 [AppLog] INFO : 手动正向点动指令（8轴运控板卡系统） ====》：输出AXIS{第2轴},点动量{-696.5MM},运动速度{250MM/s}
2023-12-11 08:52:52,591 [AppLog] INFO : 铺粉车返回至站1：BackToStation2(AimPos, MovSpeed, true)：-1.5mm，速度250mm/s：BackToStation2
2023-12-11 08:52:53,371 [AppLog] INFO : 落粉轴回零成功：motionMap.SetBackSpreaderAxis(3, 0.5, 2, -SinkPosition)：ReturnCode{True}
2023-12-11 08:52:53,371 [AppLog] INFO : 电气控制模块：手动打开端口14
2023-12-11 08:52:53,371 [AppLog] INFO : 电气控制模块：手动打开端口15
2023-12-11 08:52:54,135 [AppLog] INFO : 手动正向点动指令（8轴运控板卡系统） ====》：输出AXIS{第1轴},点动量{1.5MM},运动速度{2MM/s}
2023-12-11 08:52:54,135 [AppLog] INFO : 电气控制模块：手动关闭端口15
2023-12-11 08:52:54,135 [AppLog] INFO : 电气控制模块：手动关闭端口14
2023-12-11 08:52:54,135 [AppLog] INFO : 成形面高度上升层厚 TrapSpace{1.5mm}：TrapMoveUp(1, true, Convert.ToString(vel), Convert.ToString(TrapSpace), true, true）
2023-12-11 08:52:54,135 [AppLog] INFO : 手动铺粉正常结束：NewAutoSupplyPowderThread
2023-12-11 08:52:54,151 [AppLog] INFO : 发送监控指令，拍照记录1条：SendMessageFromSharedMemory
2023-12-11 08:53:15,694 [AppLog] INFO : 手动开启自动进给铺粉过程：AutoSupplyPowderBtn_Click
2023-12-11 08:53:16,755 [AppLog] INFO : 手动开启自动进给铺粉过程：AutoSupplyPowderBtn_Click
2023-12-11 08:53:16,771 [AppLog] INFO : 开启手动铺粉逻辑：NewAutoSupplyPowderThread
2023-12-11 08:53:16,771 [AppLog] INFO : 电气控制模块：手动打开端口14
2023-12-11 08:53:16,771 [AppLog] INFO : 电气控制模块：手动打开端口15
2023-12-11 08:53:16,833 [AppLog] INFO : 手动正向点动指令（8轴运控板卡系统） ====》：输出AXIS{第1轴},点动量{-0.1MM},运动速度{2MM/s}
2023-12-11 08:53:16,849 [AppLog] INFO : 成形面高度下降层厚 TrapSpace{0.1mm}：TrapMoveUp(1, true, Convert.ToString(vel), Convert.ToString(TrapSpace), true, true）
2023-12-11 08:53:17,613 [AppLog] INFO : 手动正向点动指令（8轴运控板卡系统） ====》：输出AXIS{第1轴},点动量{-1.5MM},运动速度{2MM/s}
2023-12-11 08:53:17,613 [AppLog] INFO : 成形面高度下降指定厚度 TrapSpace{1.5mm}：TrapMoveUp(1, true, Convert.ToString(vel), Convert.ToString(TrapSpace), true, true）
2023-12-11 08:53:18,393 [AppLog] INFO : 手动正向点动指令（8轴运控板卡系统） ====》：输出AXIS{第1轴},点动量{1.5MM},运动速度{2MM/s}
2023-12-11 08:53:18,393 [AppLog] INFO : 电气控制模块：手动关闭端口15
2023-12-11 08:53:18,393 [AppLog] INFO : 电气控制模块：手动关闭端口14
2023-12-11 08:53:18,393 [AppLog] INFO : 成形面高度上升层厚 TrapSpace{1.5mm}：TrapMoveUp(1, true, Convert.ToString(vel), Convert.ToString(TrapSpace), true, true）
2023-12-11 08:53:18,643 [AppLog] INFO : 手动正向点动指令（8轴运控板卡系统） ====》：输出AXIS{第8轴},点动量{0.6MM},运动速度{2.5MM/s}
2023-12-11 08:53:18,643 [AppLog] INFO : Hopper落粉轴转2圈落粉，速度0.5rev/s：TrapMoveUp(8, true, 0.5, rotateNuM.ToString(), true, false)
2023-12-11 08:53:19,657 [AppLog] INFO : 开启铺粉车不等停运动至准备打印位置215mm，速度250mm/s：BackToStation2
2023-12-11 08:53:19,938 [AppLog] INFO : 手动停止自动进给铺粉过程：AutoSupplyPowderBtn_Click
2023-12-11 08:53:21,435 [AppLog] INFO : 手动开启自动进给铺粉过程：AutoSupplyPowderBtn_Click
2023-12-11 08:53:25,694 [AppLog] INFO : 手动开启自动进给铺粉过程：AutoSupplyPowderBtn_Click
2023-12-11 08:53:25,710 [AppLog] INFO : 开启手动铺粉逻辑：NewAutoSupplyPowderThread
2023-12-11 08:53:25,710 [AppLog] INFO : 电气控制模块：手动打开端口14
2023-12-11 08:53:25,710 [AppLog] INFO : 电气控制模块：手动打开端口15
2023-12-11 08:53:25,772 [AppLog] INFO : 手动正向点动指令（8轴运控板卡系统） ====》：输出AXIS{第1轴},点动量{-0.1MM},运动速度{2MM/s}
2023-12-11 08:53:25,772 [AppLog] INFO : 成形面高度下降层厚 TrapSpace{0.1mm}：TrapMoveUp(1, true, Convert.ToString(vel), Convert.ToString(TrapSpace), true, true）
2023-12-11 08:53:26,552 [AppLog] INFO : 手动正向点动指令（8轴运控板卡系统） ====》：输出AXIS{第1轴},点动量{-1.5MM},运动速度{2MM/s}
2023-12-11 08:53:26,552 [AppLog] INFO : 成形面高度下降指定厚度 TrapSpace{1.5mm}：TrapMoveUp(1, true, Convert.ToString(vel), Convert.ToString(TrapSpace), true, true）
2023-12-11 08:53:27,332 [AppLog] INFO : 手动正向点动指令（8轴运控板卡系统） ====》：输出AXIS{第1轴},点动量{1.5MM},运动速度{2MM/s}
2023-12-11 08:53:27,332 [AppLog] INFO : 电气控制模块：手动关闭端口15
2023-12-11 08:53:27,332 [AppLog] INFO : 电气控制模块：手动关闭端口14
2023-12-11 08:53:27,332 [AppLog] INFO : 成形面高度上升层厚 TrapSpace{1.5mm}：TrapMoveUp(1, true, Convert.ToString(vel), Convert.ToString(TrapSpace), true, true）
2023-12-11 08:53:27,582 [AppLog] INFO : 手动正向点动指令（8轴运控板卡系统） ====》：输出AXIS{第8轴},点动量{0.6MM},运动速度{2.5MM/s}
2023-12-11 08:53:27,582 [AppLog] INFO : Hopper落粉轴转2圈落粉，速度0.5rev/s：TrapMoveUp(8, true, 0.5, rotateNuM.ToString(), true, false)
2023-12-11 08:53:28,596 [AppLog] INFO : 开启铺粉车不等停运动至准备打印位置215mm，速度250mm/s：BackToStation2
2023-12-11 08:53:29,173 [AppLog] INFO : 手动正向点动指令（8轴运控板卡系统） ====》：输出AXIS{第2轴},点动量{146.592MM},运动速度{250MM/s}
2023-12-11 08:53:29,173 [AppLog] INFO : 当前铺粉车位置：打印位置215mm
2023-12-11 08:53:29,188 [AppLog] INFO : 手动正向点动指令（8轴运控板卡系统） ====》：输出AXIS{第2轴},点动量{480MM},运动速度{50MM/s}
2023-12-11 08:53:29,188 [AppLog] INFO : 开启铺粉车不等停运动至站2，速度0.5rev/s：BackToStation2
2023-12-11 08:53:29,313 [AppLog] INFO : 打开IR灯：OpenIRLamp(true)
2023-12-11 08:53:29,454 [AppLog] INFO : 手动正向点动指令（8轴运控板卡系统） ====》：输出AXIS{第3轴},点动量{0.125MM},运动速度{1MM/s}
2023-12-11 08:53:29,454 [AppLog] INFO : 在{40mm}处，落粉轴运动{45度}，落粉轴转速{1rev/s}：TrapMoveUp(3, true, Convert.ToString(DispenseRollerSpeed), 0.5, true, true)
2023-12-11 08:53:29,454 [AppLog] INFO : 手动正向点动指令（8轴运控板卡系统） ====》：输出AXIS{第3轴},点动量{0.5MM},运动速度{0.0753424657534247MM/s}
2023-12-11 08:53:29,454 [AppLog] INFO : 开启均匀落粉及辊子铺平运动：TrapMoveUp(3, true, Convert.ToString(DispenseRollerSpeed), 0.5, true, true)
2023-12-11 08:53:33,510 [AppLog] INFO : 手动正向点动指令（8轴运控板卡系统） ====》：输出AXIS{第2轴},点动量{216.5MM},运动速度{250MM/s}
2023-12-11 08:53:33,510 [AppLog] INFO : 当前铺粉车位置：打印位置431.543mm
2023-12-11 08:53:33,525 [AppLog] INFO : 手动正向点动指令（8轴运控板卡系统） ====》：输出AXIS{第2轴},点动量{263.438MM},运动速度{50MM/s}
2023-12-11 08:53:33,525 [AppLog] INFO : 开启铺粉车不等停运动至站2，速度0.5rev/s：BackToStation2
2023-12-11 08:53:33,634 [AppLog] INFO : 打开IR灯：OpenIRLamp(true)
2023-12-11 08:53:33,634 [AppLog] INFO : 手动正向点动指令（8轴运控板卡系统） ====》：输出AXIS{第3轴},点动量{0.125MM},运动速度{1MM/s}
2023-12-11 08:53:33,634 [AppLog] INFO : 在{40mm}处，落粉轴运动{45度}，落粉轴转速{1rev/s}：TrapMoveUp(3, true, Convert.ToString(DispenseRollerSpeed), 0.5, true, true)
2023-12-11 08:53:33,634 [AppLog] INFO : 手动正向点动指令（8轴运控板卡系统） ====》：输出AXIS{第3轴},点动量{0.5MM},运动速度{0.0753424657534247MM/s}
2023-12-11 08:53:33,634 [AppLog] INFO : 开启均匀落粉及辊子铺平运动：TrapMoveUp(3, true, Convert.ToString(DispenseRollerSpeed), 0.5, true, true)
2023-12-11 08:53:40,935 [AppLog] INFO : 手动停止自动进给铺粉过程：AutoSupplyPowderBtn_Click
2023-12-11 08:53:43,338 [AppLog] INFO : 手动负向JOG指令（8轴运控板卡系统） ====》：输出AXIS{第2轴},运动速度{50MM/s}
2023-12-11 08:53:51,340 [AppLog] INFO : 自动停止铺粉棍轴JOG输出（8轴运控板卡系统） ====》：输出AXIS{第6轴}
2023-12-11 08:53:51,340 [AppLog] INFO : 手动停止JOG输出（8轴运控板卡系统） ====》：输出AXIS{第2轴}
2023-12-11 08:53:51,496 [AppLog] INFO : 手动负向JOG指令（8轴运控板卡系统） ====》：输出AXIS{第2轴},运动速度{50MM/s}
2023-12-11 08:53:51,637 [AppLog] INFO : 自动停止铺粉棍轴JOG输出（8轴运控板卡系统） ====》：输出AXIS{第6轴}
2023-12-11 08:53:51,637 [AppLog] INFO : 手动停止JOG输出（8轴运控板卡系统） ====》：输出AXIS{第2轴}
2023-12-11 08:53:51,715 [AppLog] INFO : 手动负向JOG指令（8轴运控板卡系统） ====》：输出AXIS{第2轴},运动速度{50MM/s}
2023-12-11 08:53:51,855 [AppLog] INFO : 自动停止铺粉棍轴JOG输出（8轴运控板卡系统） ====》：输出AXIS{第6轴}
2023-12-11 08:53:51,855 [AppLog] INFO : 手动停止JOG输出（8轴运控板卡系统） ====》：输出AXIS{第2轴}
2023-12-11 08:53:51,949 [AppLog] INFO : 手动负向JOG指令（8轴运控板卡系统） ====》：输出AXIS{第2轴},运动速度{50MM/s}
2023-12-11 08:53:52,105 [AppLog] INFO : 自动停止铺粉棍轴JOG输出（8轴运控板卡系统） ====》：输出AXIS{第6轴}
2023-12-11 08:53:52,105 [AppLog] INFO : 手动停止JOG输出（8轴运控板卡系统） ====》：输出AXIS{第2轴}
2023-12-11 08:53:52,198 [AppLog] INFO : 手动负向JOG指令（8轴运控板卡系统） ====》：输出AXIS{第2轴},运动速度{50MM/s}
2023-12-11 08:53:52,354 [AppLog] INFO : 自动停止铺粉棍轴JOG输出（8轴运控板卡系统） ====》：输出AXIS{第6轴}
2023-12-11 08:53:52,354 [AppLog] INFO : 手动停止JOG输出（8轴运控板卡系统） ====》：输出AXIS{第2轴}
2023-12-11 08:53:52,479 [AppLog] INFO : 手动负向JOG指令（8轴运控板卡系统） ====》：输出AXIS{第2轴},运动速度{50MM/s}
2023-12-11 08:53:52,651 [AppLog] INFO : 自动停止铺粉棍轴JOG输出（8轴运控板卡系统） ====》：输出AXIS{第6轴}
2023-12-11 08:53:52,651 [AppLog] INFO : 手动停止JOG输出（8轴运控板卡系统） ====》：输出AXIS{第2轴}
2023-12-11 08:53:52,791 [AppLog] INFO : 手动负向JOG指令（8轴运控板卡系统） ====》：输出AXIS{第2轴},运动速度{50MM/s}
2023-12-11 08:53:52,947 [AppLog] INFO : 自动停止铺粉棍轴JOG输出（8轴运控板卡系统） ====》：输出AXIS{第6轴}
2023-12-11 08:53:52,947 [AppLog] INFO : 手动停止JOG输出（8轴运控板卡系统） ====》：输出AXIS{第2轴}
2023-12-11 08:53:53,103 [AppLog] INFO : 手动负向JOG指令（8轴运控板卡系统） ====》：输出AXIS{第2轴},运动速度{50MM/s}
2023-12-11 08:53:53,228 [AppLog] INFO : 自动停止铺粉棍轴JOG输出（8轴运控板卡系统） ====》：输出AXIS{第6轴}
2023-12-11 08:53:53,228 [AppLog] INFO : 手动停止JOG输出（8轴运控板卡系统） ====》：输出AXIS{第2轴}
2023-12-11 08:53:56,925 [AppLog] INFO : 开启铺粉车回零校准：PowderCarHomeBtn_Click
2023-12-11 08:53:56,925 [AppLog] INFO : 开启粉车回零校准线程：PowderCarHomeResetThread
2023-12-11 08:54:02,838 [AppLog] INFO : 手动负向JOG指令（8轴运控板卡系统） ====》：输出AXIS{第2轴},运动速度{50MM/s}
2023-12-11 08:54:02,947 [AppLog] INFO : 自动停止铺粉棍轴JOG输出（8轴运控板卡系统） ====》：输出AXIS{第6轴}
2023-12-11 08:54:02,947 [AppLog] INFO : 手动停止JOG输出（8轴运控板卡系统） ====》：输出AXIS{第2轴}
2023-12-11 08:54:03,134 [AppLog] INFO : 手动负向JOG指令（8轴运控板卡系统） ====》：输出AXIS{第2轴},运动速度{50MM/s}
2023-12-11 08:54:03,243 [AppLog] INFO : 自动停止铺粉棍轴JOG输出（8轴运控板卡系统） ====》：输出AXIS{第6轴}
2023-12-11 08:54:03,243 [AppLog] INFO : 手动停止JOG输出（8轴运控板卡系统） ====》：输出AXIS{第2轴}
2023-12-11 08:54:03,368 [AppLog] INFO : 手动负向JOG指令（8轴运控板卡系统） ====》：输出AXIS{第2轴},运动速度{50MM/s}
2023-12-11 08:54:04,039 [AppLog] INFO : 自动停止铺粉棍轴JOG输出（8轴运控板卡系统） ====》：输出AXIS{第6轴}
2023-12-11 08:54:04,039 [AppLog] INFO : 手动停止JOG输出（8轴运控板卡系统） ====》：输出AXIS{第2轴}
2023-12-11 08:54:05,833 [AppLog] INFO : 手动负向JOG指令（8轴运控板卡系统） ====》：输出AXIS{第2轴},运动速度{50MM/s}
2023-12-11 08:54:05,942 [AppLog] INFO : 自动停止铺粉棍轴JOG输出（8轴运控板卡系统） ====》：输出AXIS{第6轴}
2023-12-11 08:54:05,942 [AppLog] INFO : 手动停止JOG输出（8轴运控板卡系统） ====》：输出AXIS{第2轴}
2023-12-11 08:54:06,082 [AppLog] INFO : 手动负向JOG指令（8轴运控板卡系统） ====》：输出AXIS{第2轴},运动速度{50MM/s}
2023-12-11 08:54:06,145 [AppLog] INFO : 自动停止铺粉棍轴JOG输出（8轴运控板卡系统） ====》：输出AXIS{第6轴}
2023-12-11 08:54:06,145 [AppLog] INFO : 手动停止JOG输出（8轴运控板卡系统） ====》：输出AXIS{第2轴}
2023-12-11 08:54:06,379 [AppLog] INFO : 手动负向JOG指令（8轴运控板卡系统） ====》：输出AXIS{第2轴},运动速度{50MM/s}
2023-12-11 08:54:06,488 [AppLog] INFO : 自动停止铺粉棍轴JOG输出（8轴运控板卡系统） ====》：输出AXIS{第6轴}
2023-12-11 08:54:06,488 [AppLog] INFO : 手动停止JOG输出（8轴运控板卡系统） ====》：输出AXIS{第2轴}
2023-12-11 08:54:06,597 [AppLog] INFO : 手动负向JOG指令（8轴运控板卡系统） ====》：输出AXIS{第2轴},运动速度{50MM/s}
2023-12-11 08:54:06,706 [AppLog] INFO : 自动停止铺粉棍轴JOG输出（8轴运控板卡系统） ====》：输出AXIS{第6轴}
2023-12-11 08:54:06,706 [AppLog] INFO : 手动停止JOG输出（8轴运控板卡系统） ====》：输出AXIS{第2轴}
2023-12-11 08:54:06,878 [AppLog] INFO : 手动负向JOG指令（8轴运控板卡系统） ====》：输出AXIS{第2轴},运动速度{50MM/s}
2023-12-11 08:54:06,940 [AppLog] INFO : 自动停止铺粉棍轴JOG输出（8轴运控板卡系统） ====》：输出AXIS{第6轴}
2023-12-11 08:54:06,940 [AppLog] INFO : 手动停止JOG输出（8轴运控板卡系统） ====》：输出AXIS{第2轴}
2023-12-11 08:54:07,174 [AppLog] INFO : 手动负向JOG指令（8轴运控板卡系统） ====》：输出AXIS{第2轴},运动速度{50MM/s}
2023-12-11 08:54:07,268 [AppLog] INFO : 自动停止铺粉棍轴JOG输出（8轴运控板卡系统） ====》：输出AXIS{第6轴}
2023-12-11 08:54:07,268 [AppLog] INFO : 手动停止JOG输出（8轴运控板卡系统） ====》：输出AXIS{第2轴}
2023-12-11 08:54:07,486 [AppLog] INFO : 手动负向JOG指令（8轴运控板卡系统） ====》：输出AXIS{第2轴},运动速度{50MM/s}
2023-12-11 08:54:07,596 [AppLog] INFO : 自动停止铺粉棍轴JOG输出（8轴运控板卡系统） ====》：输出AXIS{第6轴}
2023-12-11 08:54:07,596 [AppLog] INFO : 手动停止JOG输出（8轴运控板卡系统） ====》：输出AXIS{第2轴}
2023-12-11 08:54:07,720 [AppLog] INFO : 手动负向JOG指令（8轴运控板卡系统） ====》：输出AXIS{第2轴},运动速度{50MM/s}
2023-12-11 08:54:07,814 [AppLog] INFO : 自动停止铺粉棍轴JOG输出（8轴运控板卡系统） ====》：输出AXIS{第6轴}
2023-12-11 08:54:07,814 [AppLog] INFO : 手动停止JOG输出（8轴运控板卡系统） ====》：输出AXIS{第2轴}
2023-12-11 08:54:07,923 [AppLog] INFO : 手动负向JOG指令（8轴运控板卡系统） ====》：输出AXIS{第2轴},运动速度{50MM/s}
2023-12-11 08:54:08,032 [AppLog] INFO : 自动停止铺粉棍轴JOG输出（8轴运控板卡系统） ====》：输出AXIS{第6轴}
2023-12-11 08:54:08,032 [AppLog] INFO : 手动停止JOG输出（8轴运控板卡系统） ====》：输出AXIS{第2轴}
2023-12-11 08:54:08,204 [AppLog] INFO : 手动负向JOG指令（8轴运控板卡系统） ====》：输出AXIS{第2轴},运动速度{50MM/s}
2023-12-11 08:54:08,251 [AppLog] INFO : 自动停止铺粉棍轴JOG输出（8轴运控板卡系统） ====》：输出AXIS{第6轴}
2023-12-11 08:54:08,251 [AppLog] INFO : 手动停止JOG输出（8轴运控板卡系统） ====》：输出AXIS{第2轴}
2023-12-11 08:54:08,485 [AppLog] INFO : 手动负向JOG指令（8轴运控板卡系统） ====》：输出AXIS{第2轴},运动速度{50MM/s}
2023-12-11 08:54:08,563 [AppLog] INFO : 自动停止铺粉棍轴JOG输出（8轴运控板卡系统） ====》：输出AXIS{第6轴}
2023-12-11 08:54:08,563 [AppLog] INFO : 手动停止JOG输出（8轴运控板卡系统） ====》：输出AXIS{第2轴}
2023-12-11 08:54:08,797 [AppLog] INFO : 手动负向JOG指令（8轴运控板卡系统） ====》：输出AXIS{第2轴},运动速度{50MM/s}
2023-12-11 08:54:08,890 [AppLog] INFO : 自动停止铺粉棍轴JOG输出（8轴运控板卡系统） ====》：输出AXIS{第6轴}
2023-12-11 08:54:08,890 [AppLog] INFO : 手动停止JOG输出（8轴运控板卡系统） ====》：输出AXIS{第2轴}
2023-12-11 08:54:09,187 [AppLog] INFO : 手动负向JOG指令（8轴运控板卡系统） ====》：输出AXIS{第2轴},运动速度{50MM/s}
2023-12-11 08:54:09,234 [AppLog] INFO : 自动停止铺粉棍轴JOG输出（8轴运控板卡系统） ====》：输出AXIS{第6轴}
2023-12-11 08:54:09,234 [AppLog] INFO : 手动停止JOG输出（8轴运控板卡系统） ====》：输出AXIS{第2轴}
2023-12-11 08:54:12,354 [AppLog] INFO : 开启铺粉车回零校准：PowderCarHomeBtn_Click
2023-12-11 08:54:12,354 [AppLog] INFO : 开启粉车回零校准线程：PowderCarHomeResetThread
2023-12-11 08:54:20,481 [AppLog] INFO : 手动正向点动指令（8轴运控板卡系统） ====》：输出AXIS{第2轴},点动量{-116MM},运动速度{50MM/s}
2023-12-11 08:54:20,481 [AppLog] INFO : 粉车回零校准线程成功：PowderCarHomeResetThread
2023-12-11 08:54:33,164 [AppLog] INFO : 手动正向点动指令（8轴运控板卡系统） ====》：输出AXIS{第1轴},点动量{1.5MM},运动速度{2MM/s}
2023-12-11 08:54:35,801 [AppLog] INFO : 手动正向点动指令（8轴运控板卡系统） ====》：输出AXIS{第1轴},点动量{1.5MM},运动速度{2MM/s}
2023-12-11 08:54:37,751 [AppLog] INFO : 手动正向点动指令（8轴运控板卡系统） ====》：输出AXIS{第1轴},点动量{1.5MM},运动速度{2MM/s}
2023-12-11 08:54:38,999 [AppLog] INFO : 手动负向点动指令（8轴运控板卡系统） ====》：输出AXIS{第1轴},点动量{1.5MM},运动速度{2MM/s}
2023-12-11 08:54:41,073 [AppLog] INFO : 手动负向点动指令（8轴运控板卡系统） ====》：输出AXIS{第1轴},点动量{1.5MM},运动速度{2MM/s}
2023-12-11 08:54:44,833 [AppLog] INFO : 手动开启自动进给铺粉过程：AutoSupplyPowderBtn_Click
2023-12-11 08:54:58,374 [AppLog] INFO : 手动开启自动进给铺粉过程：AutoSupplyPowderBtn_Click
2023-12-11 08:54:58,374 [AppLog] INFO : 开启手动铺粉逻辑：NewAutoSupplyPowderThread
2023-12-11 08:54:58,374 [AppLog] INFO : 电气控制模块：手动打开端口14
2023-12-11 08:54:58,374 [AppLog] INFO : 电气控制模块：手动打开端口15
2023-12-11 08:54:58,452 [AppLog] INFO : 手动正向点动指令（8轴运控板卡系统） ====》：输出AXIS{第1轴},点动量{-0.1MM},运动速度{2MM/s}
2023-12-11 08:54:58,467 [AppLog] INFO : 成形面高度下降层厚 TrapSpace{0.1mm}：TrapMoveUp(1, true, Convert.ToString(vel), Convert.ToString(TrapSpace), true, true）
2023-12-11 08:54:59,232 [AppLog] INFO : 手动正向点动指令（8轴运控板卡系统） ====》：输出AXIS{第1轴},点动量{-1.5MM},运动速度{2MM/s}
2023-12-11 08:54:59,232 [AppLog] INFO : 成形面高度下降指定厚度 TrapSpace{1.5mm}：TrapMoveUp(1, true, Convert.ToString(vel), Convert.ToString(TrapSpace), true, true）
2023-12-11 08:55:00,012 [AppLog] INFO : 手动正向点动指令（8轴运控板卡系统） ====》：输出AXIS{第1轴},点动量{1.5MM},运动速度{2MM/s}
2023-12-11 08:55:00,012 [AppLog] INFO : 电气控制模块：手动关闭端口15
2023-12-11 08:55:00,012 [AppLog] INFO : 电气控制模块：手动关闭端口14
2023-12-11 08:55:00,012 [AppLog] INFO : 成形面高度上升层厚 TrapSpace{1.5mm}：TrapMoveUp(1, true, Convert.ToString(vel), Convert.ToString(TrapSpace), true, true）
2023-12-11 08:55:00,277 [AppLog] INFO : 手动正向点动指令（8轴运控板卡系统） ====》：输出AXIS{第8轴},点动量{0.6MM},运动速度{2.5MM/s}
2023-12-11 08:55:00,277 [AppLog] INFO : Hopper落粉轴转2圈落粉，速度0.5rev/s：TrapMoveUp(8, true, 0.5, rotateNuM.ToString(), true, false)
2023-12-11 08:55:01,291 [AppLog] INFO : 开启铺粉车不等停运动至准备打印位置215mm，速度250mm/s：BackToStation2
2023-12-11 08:55:02,149 [AppLog] INFO : 手动正向点动指令（8轴运控板卡系统） ====》：输出AXIS{第2轴},点动量{214MM},运动速度{250MM/s}
2023-12-11 08:55:02,149 [AppLog] INFO : 当前铺粉车位置：打印位置215mm
2023-12-11 08:55:02,149 [AppLog] INFO : 手动正向点动指令（8轴运控板卡系统） ====》：输出AXIS{第2轴},点动量{480MM},运动速度{50MM/s}
2023-12-11 08:55:02,149 [AppLog] INFO : 开启铺粉车不等停运动至站2，速度0.5rev/s：BackToStation2
2023-12-11 08:55:02,274 [AppLog] INFO : 打开IR灯：OpenIRLamp(true)
2023-12-11 08:55:02,399 [AppLog] INFO : 手动正向点动指令（8轴运控板卡系统） ====》：输出AXIS{第3轴},点动量{0.125MM},运动速度{1MM/s}
2023-12-11 08:55:02,399 [AppLog] INFO : 在{40mm}处，落粉轴运动{45度}，落粉轴转速{1rev/s}：TrapMoveUp(3, true, Convert.ToString(DispenseRollerSpeed), 0.5, true, true)
2023-12-11 08:55:02,414 [AppLog] INFO : 手动正向点动指令（8轴运控板卡系统） ====》：输出AXIS{第3轴},点动量{0.5MM},运动速度{0.0753424657534247MM/s}
2023-12-11 08:55:02,414 [AppLog] INFO : 开启均匀落粉及辊子铺平运动：TrapMoveUp(3, true, Convert.ToString(DispenseRollerSpeed), 0.5, true, true)
2023-12-11 08:55:08,295 [AppLog] INFO : 关闭IR灯：OpenIRLamp(false)
2023-12-11 08:55:08,358 [AppLog] INFO : 关闭IR灯：OpenIRLamp(false)
2023-12-11 08:55:08,420 [AppLog] INFO : 关闭IR灯：OpenIRLamp(false)
2023-12-11 08:55:10,526 [AppLog] INFO : 手动正向点动指令（8轴运控板卡系统） ====》：输出AXIS{第3轴},点动量{0.5MM},运动速度{2MM/s}
2023-12-11 08:55:10,526 [AppLog] INFO : 落粉轴继续转动以倒掉余粉：TrapMoveUp(3, true, 2, 0.5, true, false)
2023-12-11 08:55:10,526 [AppLog] INFO : 手动正向点动指令（8轴运控板卡系统） ====》：输出AXIS{第3轴},点动量{0.5MM},运动速度{2MM/s}
2023-12-11 08:55:10,526 [AppLog] INFO : 手动正向点动指令（8轴运控板卡系统） ====》：输出AXIS{第3轴},点动量{0.5MM},运动速度{2MM/s}
2023-12-11 08:55:10,526 [AppLog] INFO : 落粉轴继续转动以倒掉余粉：TrapMoveUp(3, true, 2, 0.5, true, false)
2023-12-11 08:55:10,526 [AppLog] INFO : 落粉轴继续转动以倒掉余粉：TrapMoveUp(3, true, 2, 0.5, true, false)
2023-12-11 08:55:11,759 [AppLog] INFO : 电气控制模块：手动打开端口14
2023-12-11 08:55:11,759 [AppLog] INFO : 电气控制模块：手动打开端口15
2023-12-11 08:55:11,759 [AppLog] INFO : 电气控制模块：手动打开端口14
2023-12-11 08:55:11,759 [AppLog] INFO : 电气控制模块：手动打开端口14
2023-12-11 08:55:11,759 [AppLog] INFO : 电气控制模块：手动打开端口15
2023-12-11 08:55:11,759 [AppLog] INFO : 电气控制模块：手动打开端口15
2023-12-11 08:55:12,539 [AppLog] INFO : 手动正向点动指令（8轴运控板卡系统） ====》：输出AXIS{第1轴},点动量{-1.5MM},运动速度{2MM/s}
2023-12-11 08:55:12,539 [AppLog] INFO : 电气控制模块：手动关闭端口15
2023-12-11 08:55:12,539 [AppLog] INFO : 手动正向点动指令（8轴运控板卡系统） ====》：输出AXIS{第1轴},点动量{-1.5MM},运动速度{2MM/s}
2023-12-11 08:55:12,539 [AppLog] INFO : 电气控制模块：手动关闭端口14
2023-12-11 08:55:12,539 [AppLog] INFO : 成形面高度下降指定厚度 TrapSpace{1.5mm}：TrapMoveUp(1, true, Convert.ToString(vel), Convert.ToString(TrapSpace), true, true）
2023-12-11 08:55:12,539 [AppLog] INFO : 手动正向点动指令（8轴运控板卡系统） ====》：输出AXIS{第1轴},点动量{-1.5MM},运动速度{2MM/s}
2023-12-11 08:55:12,539 [AppLog] INFO : 电气控制模块：手动关闭端口15
2023-12-11 08:55:12,539 [AppLog] INFO : 电气控制模块：手动关闭端口15
2023-12-11 08:55:12,539 [AppLog] INFO : 电气控制模块：手动关闭端口14
2023-12-11 08:55:12,539 [AppLog] INFO : 成形面高度下降指定厚度 TrapSpace{1.5mm}：TrapMoveUp(1, true, Convert.ToString(vel), Convert.ToString(TrapSpace), true, true）
2023-12-11 08:55:12,539 [AppLog] INFO : 电气控制模块：手动关闭端口14
2023-12-11 08:55:12,539 [AppLog] INFO : 成形面高度下降指定厚度 TrapSpace{1.5mm}：TrapMoveUp(1, true, Convert.ToString(vel), Convert.ToString(TrapSpace), true, true）
2023-12-11 08:55:15,331 [AppLog] INFO : 手动正向点动指令（8轴运控板卡系统） ====》：输出AXIS{第2轴},点动量{-696.5MM},运动速度{250MM/s}
2023-12-11 08:55:15,331 [AppLog] INFO : 铺粉车返回至站1：BackToStation2(AimPos, MovSpeed, true)：-1.5mm，速度250mm/s：BackToStation2
2023-12-11 08:55:15,331 [AppLog] INFO : 手动正向点动指令（8轴运控板卡系统） ====》：输出AXIS{第2轴},点动量{-696.5MM},运动速度{250MM/s}
2023-12-11 08:55:15,331 [AppLog] INFO : 铺粉车返回至站1：BackToStation2(AimPos, MovSpeed, true)：-1.5mm，速度250mm/s：BackToStation2
2023-12-11 08:55:15,331 [AppLog] INFO : 手动正向点动指令（8轴运控板卡系统） ====》：输出AXIS{第2轴},点动量{-696.5MM},运动速度{250MM/s}
2023-12-11 08:55:15,331 [AppLog] INFO : 铺粉车返回至站1：BackToStation2(AimPos, MovSpeed, true)：-1.5mm，速度250mm/s：BackToStation2
2023-12-11 08:55:15,830 [AppLog] INFO : 落粉轴回零成功：motionMap.SetBackSpreaderAxis(3, 0.5, 2, -SinkPosition)：ReturnCode{True}
2023-12-11 08:55:15,830 [AppLog] INFO : 电气控制模块：手动打开端口14
2023-12-11 08:55:15,830 [AppLog] INFO : 电气控制模块：手动打开端口15
2023-12-11 08:55:16,595 [AppLog] INFO : 手动正向点动指令（8轴运控板卡系统） ====》：输出AXIS{第1轴},点动量{1.5MM},运动速度{2MM/s}
2023-12-11 08:55:16,595 [AppLog] INFO : 电气控制模块：手动关闭端口15
2023-12-11 08:55:16,595 [AppLog] INFO : 电气控制模块：手动关闭端口14
2023-12-11 08:55:16,595 [AppLog] INFO : 成形面高度上升层厚 TrapSpace{1.5mm}：TrapMoveUp(1, true, Convert.ToString(vel), Convert.ToString(TrapSpace), true, true）
2023-12-11 08:55:16,595 [AppLog] INFO : 手动铺粉正常结束：NewAutoSupplyPowderThread
2023-12-11 08:55:16,595 [AppLog] INFO : 发送监控指令，拍照记录1条：SendMessageFromSharedMemory
2023-12-11 08:55:58,309 [AppLog] INFO : 落粉轴回零失败：motionMap.SetBackSpreaderAxis(3, 0.5, 2, -SinkPosition)：ReturnCode{False}
2023-12-11 08:56:04,315 [AppLog] INFO : 电气控制模块：手动打开端口14
2023-12-11 08:56:04,315 [AppLog] INFO : 电气控制模块：手动打开端口15
2023-12-11 08:56:05,095 [AppLog] INFO : 手动正向点动指令（8轴运控板卡系统） ====》：输出AXIS{第1轴},点动量{1.5MM},运动速度{2MM/s}
2023-12-11 08:56:05,095 [AppLog] INFO : 电气控制模块：手动关闭端口15
2023-12-11 08:56:05,095 [AppLog] INFO : 电气控制模块：手动关闭端口14
2023-12-11 08:56:05,095 [AppLog] INFO : 成形面高度上升层厚 TrapSpace{1.5mm}：TrapMoveUp(1, true, Convert.ToString(vel), Convert.ToString(TrapSpace), true, true）
2023-12-11 08:56:05,095 [AppLog] INFO : 手动铺粉正常结束：NewAutoSupplyPowderThread
2023-12-11 08:56:05,095 [AppLog] INFO : 发送监控指令，拍照记录1条：SendMessageFromSharedMemory
2023-12-11 08:56:08,683 [AppLog] INFO : 落粉轴回零失败：motionMap.SetBackSpreaderAxis(3, 0.5, 2, -SinkPosition)：ReturnCode{False}
2023-12-11 08:56:09,775 [AppLog] INFO : 电气控制模块：手动打开端口14
2023-12-11 08:56:09,775 [AppLog] INFO : 电气控制模块：手动打开端口15
2023-12-11 08:56:10,555 [AppLog] INFO : 手动正向点动指令（8轴运控板卡系统） ====》：输出AXIS{第1轴},点动量{1.5MM},运动速度{2MM/s}
2023-12-11 08:56:10,555 [AppLog] INFO : 电气控制模块：手动关闭端口15
2023-12-11 08:56:10,555 [AppLog] INFO : 电气控制模块：手动关闭端口14
2023-12-11 08:56:10,555 [AppLog] INFO : 成形面高度上升层厚 TrapSpace{1.5mm}：TrapMoveUp(1, true, Convert.ToString(vel), Convert.ToString(TrapSpace), true, true）
2023-12-11 08:56:10,555 [AppLog] INFO : 手动铺粉正常结束：NewAutoSupplyPowderThread
2023-12-11 08:56:10,555 [AppLog] INFO : 发送监控指令，拍照记录1条：SendMessageFromSharedMemory
2023-12-11 08:56:12,396 [AppLog] INFO : 手动停止自动进给铺粉过程：AutoSupplyPowderBtn_Click
2023-12-11 08:56:22,177 [AppLog] INFO : 开启铺粉车回零校准：PowderCarHomeBtn_Click
2023-12-11 08:56:22,177 [AppLog] INFO : 开启粉车回零校准线程：PowderCarHomeResetThread
2023-12-11 08:56:30,710 [AppLog] INFO : 手动正向点动指令（8轴运控板卡系统） ====》：输出AXIS{第2轴},点动量{-116MM},运动速度{50MM/s}
2023-12-11 08:56:30,710 [AppLog] INFO : 粉车回零校准线程成功：PowderCarHomeResetThread
2023-12-11 08:56:36,794 [AppLog] INFO : 手动开启自动进给铺粉过程：AutoSupplyPowderBtn_Click
2023-12-11 08:56:41,428 [AppLog] INFO : 手动开启自动进给铺粉过程：AutoSupplyPowderBtn_Click
2023-12-11 08:56:41,428 [AppLog] INFO : 开启手动铺粉逻辑：NewAutoSupplyPowderThread
2023-12-11 08:56:41,428 [AppLog] INFO : 电气控制模块：手动打开端口14
2023-12-11 08:56:41,428 [AppLog] INFO : 电气控制模块：手动打开端口15
2023-12-11 08:56:41,506 [AppLog] INFO : 手动正向点动指令（8轴运控板卡系统） ====》：输出AXIS{第1轴},点动量{-0.1MM},运动速度{2MM/s}
2023-12-11 08:56:41,506 [AppLog] INFO : 成形面高度下降层厚 TrapSpace{0.1mm}：TrapMoveUp(1, true, Convert.ToString(vel), Convert.ToString(TrapSpace), true, true）
2023-12-11 08:56:42,286 [AppLog] INFO : 手动正向点动指令（8轴运控板卡系统） ====》：输出AXIS{第1轴},点动量{-1.5MM},运动速度{2MM/s}
2023-12-11 08:56:42,286 [AppLog] INFO : 成形面高度下降指定厚度 TrapSpace{1.5mm}：TrapMoveUp(1, true, Convert.ToString(vel), Convert.ToString(TrapSpace), true, true）
2023-12-11 08:56:43,050 [AppLog] INFO : 手动正向点动指令（8轴运控板卡系统） ====》：输出AXIS{第1轴},点动量{1.5MM},运动速度{2MM/s}
2023-12-11 08:56:43,050 [AppLog] INFO : 电气控制模块：手动关闭端口15
2023-12-11 08:56:43,050 [AppLog] INFO : 电气控制模块：手动关闭端口14
2023-12-11 08:56:43,050 [AppLog] INFO : 成形面高度上升层厚 TrapSpace{1.5mm}：TrapMoveUp(1, true, Convert.ToString(vel), Convert.ToString(TrapSpace), true, true）
2023-12-11 08:56:43,300 [AppLog] INFO : 手动正向点动指令（8轴运控板卡系统） ====》：输出AXIS{第8轴},点动量{0.6MM},运动速度{2.5MM/s}
2023-12-11 08:56:43,300 [AppLog] INFO : Hopper落粉轴转2圈落粉，速度0.5rev/s：TrapMoveUp(8, true, 0.5, rotateNuM.ToString(), true, false)
2023-12-11 08:56:44,314 [AppLog] INFO : 开启铺粉车不等停运动至准备打印位置215mm，速度250mm/s：BackToStation2
2023-12-11 08:56:45,172 [AppLog] INFO : 手动正向点动指令（8轴运控板卡系统） ====》：输出AXIS{第2轴},点动量{214MM},运动速度{250MM/s}
2023-12-11 08:56:45,172 [AppLog] INFO : 当前铺粉车位置：打印位置215mm
2023-12-11 08:56:45,172 [AppLog] INFO : 手动正向点动指令（8轴运控板卡系统） ====》：输出AXIS{第2轴},点动量{480MM},运动速度{50MM/s}
2023-12-11 08:56:45,172 [AppLog] INFO : 开启铺粉车不等停运动至站2，速度0.5rev/s：BackToStation2
2023-12-11 08:56:45,296 [AppLog] INFO : 打开IR灯：OpenIRLamp(true)
2023-12-11 08:56:45,421 [AppLog] INFO : 手动正向点动指令（8轴运控板卡系统） ====》：输出AXIS{第3轴},点动量{0.125MM},运动速度{1MM/s}
2023-12-11 08:56:45,421 [AppLog] INFO : 在{40mm}处，落粉轴运动{45度}，落粉轴转速{1rev/s}：TrapMoveUp(3, true, Convert.ToString(DispenseRollerSpeed), 0.5, true, true)
2023-12-11 08:56:45,421 [AppLog] INFO : 手动正向点动指令（8轴运控板卡系统） ====》：输出AXIS{第3轴},点动量{0.5MM},运动速度{0.0753424657534247MM/s}
2023-12-11 08:56:45,421 [AppLog] INFO : 开启均匀落粉及辊子铺平运动：TrapMoveUp(3, true, Convert.ToString(DispenseRollerSpeed), 0.5, true, true)
2023-12-11 08:56:51,178 [AppLog] INFO : 关闭IR灯：OpenIRLamp(false)
2023-12-11 08:56:53,533 [AppLog] INFO : 手动正向点动指令（8轴运控板卡系统） ====》：输出AXIS{第3轴},点动量{0.5MM},运动速度{2MM/s}
2023-12-11 08:56:53,533 [AppLog] INFO : 落粉轴继续转动以倒掉余粉：TrapMoveUp(3, true, 2, 0.5, true, false)
2023-12-11 08:56:54,766 [AppLog] INFO : 电气控制模块：手动打开端口14
2023-12-11 08:56:54,766 [AppLog] INFO : 电气控制模块：手动打开端口15
2023-12-11 08:56:55,546 [AppLog] INFO : 手动正向点动指令（8轴运控板卡系统） ====》：输出AXIS{第1轴},点动量{-1.5MM},运动速度{2MM/s}
2023-12-11 08:56:55,546 [AppLog] INFO : 电气控制模块：手动关闭端口15
2023-12-11 08:56:55,546 [AppLog] INFO : 电气控制模块：手动关闭端口14
2023-12-11 08:56:55,546 [AppLog] INFO : 成形面高度下降指定厚度 TrapSpace{1.5mm}：TrapMoveUp(1, true, Convert.ToString(vel), Convert.ToString(TrapSpace), true, true）
2023-12-11 08:56:58,338 [AppLog] INFO : 手动正向点动指令（8轴运控板卡系统） ====》：输出AXIS{第2轴},点动量{-696.5MM},运动速度{250MM/s}
2023-12-11 08:56:58,338 [AppLog] INFO : 铺粉车返回至站1：BackToStation2(AimPos, MovSpeed, true)：-1.5mm，速度250mm/s：BackToStation2
2023-12-11 08:56:59,118 [AppLog] INFO : 落粉轴回零成功：motionMap.SetBackSpreaderAxis(3, 0.5, 2, -SinkPosition)：ReturnCode{True}
2023-12-11 08:56:59,118 [AppLog] INFO : 电气控制模块：手动打开端口14
2023-12-11 08:56:59,118 [AppLog] INFO : 电气控制模块：手动打开端口15
2023-12-11 08:56:59,882 [AppLog] INFO : 手动正向点动指令（8轴运控板卡系统） ====》：输出AXIS{第1轴},点动量{1.5MM},运动速度{2MM/s}
2023-12-11 08:56:59,882 [AppLog] INFO : 电气控制模块：手动关闭端口15
2023-12-11 08:56:59,882 [AppLog] INFO : 电气控制模块：手动关闭端口14
2023-12-11 08:56:59,882 [AppLog] INFO : 成形面高度上升层厚 TrapSpace{1.5mm}：TrapMoveUp(1, true, Convert.ToString(vel), Convert.ToString(TrapSpace), true, true）
2023-12-11 08:56:59,882 [AppLog] INFO : 手动铺粉正常结束：NewAutoSupplyPowderThread
2023-12-11 08:56:59,882 [AppLog] INFO : 发送监控指令，拍照记录1条：SendMessageFromSharedMemory
2023-12-11 08:57:13,720 [AppLog] INFO : 退出手动调试子模块，未执行修改
==========================================================================
2023-12-11 08:57:33,587 [AppLog] INFO : 进入数据加载模块
2023-12-11 08:57:46,350 [AppLog] INFO : CAD数据加载：添加.CLI格式CAD数据成功-E:\more\beam20.cli
2023-12-11 08:57:46,364 [AppLog] INFO : CAD数据加载：添加.CLI格式CAD数据成功-E:\more\beam20_1.cli
2023-12-11 08:57:46,375 [AppLog] INFO : CAD数据加载：添加.CLI格式CAD数据成功-E:\more\beam20无底.cli
2023-12-11 08:57:46,401 [AppLog] INFO : CAD数据加载：添加.CLI格式CAD数据成功-E:\more\beam20无底_1.cli
2023-12-11 08:57:46,420 [AppLog] INFO : CAD数据加载：添加.CLI格式CAD数据成功-E:\more\beam26.cli
2023-12-11 08:57:46,451 [AppLog] INFO : CAD数据加载：添加.CLI格式CAD数据成功-E:\more\beam26_1.cli
2023-12-11 08:57:46,461 [AppLog] INFO : CAD数据加载：添加.CLI格式CAD数据成功-E:\more\Box_1_cut_1.cli
2023-12-11 08:57:46,470 [AppLog] INFO : CAD数据加载：添加.CLI格式CAD数据成功-E:\more\Box_1_cut_1_1.cli
2023-12-11 08:58:00,118 [AppLog] INFO : CAD数据加载：添加.CLI格式CAD数据成功-E:\more\齿轮d=m2z24.cli
2023-12-11 08:58:13,559 [AppLog] INFO : CAD数据加载：添加.CLI格式CAD数据成功-E:\more\齿轮d=m2z24_1.cli
2023-12-11 08:58:26,850 [AppLog] INFO : CAD数据加载：添加.CLI格式CAD数据成功-E:\more\齿轮d=m2z24_1_1.cli
2023-12-11 08:58:40,017 [AppLog] INFO : CAD数据加载：添加.CLI格式CAD数据成功-E:\more\齿轮d=m2z24_2.cli
2023-12-11 08:58:53,074 [AppLog] INFO : CAD数据加载：添加.CLI格式CAD数据成功-E:\more\齿轮d=m2z24_2_1.cli
2023-12-11 08:58:53,090 [AppLog] INFO : CAD数据加载：添加.CLI格式CAD数据成功-E:\more\六棱柱.cli
2023-12-11 08:58:53,105 [AppLog] INFO : CAD数据加载：添加.CLI格式CAD数据成功-E:\more\六棱柱_1.cli
2023-12-11 08:58:53,105 [AppLog] INFO : CAD数据加载：添加.CLI格式CAD数据成功-E:\more\六棱柱_2.cli
2023-12-11 08:58:53,121 [AppLog] INFO : CAD数据加载：添加.CLI格式CAD数据成功-E:\more\六棱柱_3.cli
2023-12-11 08:58:53,121 [AppLog] INFO : CAD数据加载：添加.CLI格式CAD数据成功-E:\more\六棱柱_4.cli
2023-12-11 08:58:53,136 [AppLog] INFO : CAD数据加载：添加.CLI格式CAD数据成功-E:\more\六棱柱_5.cli
2023-12-11 08:58:53,136 [AppLog] INFO : CAD数据加载：添加.CLI格式CAD数据成功-E:\more\三棱柱.cli
2023-12-11 08:58:53,152 [AppLog] INFO : CAD数据加载：添加.CLI格式CAD数据成功-E:\more\三棱柱_1.cli
2023-12-11 08:58:53,168 [AppLog] INFO : CAD数据加载：添加.CLI格式CAD数据成功-E:\more\三棱柱_2.cli
2023-12-11 08:58:53,183 [AppLog] INFO : CAD数据加载：添加.CLI格式CAD数据成功-E:\more\三棱柱_3.cli
2023-12-11 08:58:53,183 [AppLog] INFO : CAD数据加载：添加.CLI格式CAD数据成功-E:\more\三棱柱_4.cli
2023-12-11 08:58:53,199 [AppLog] INFO : CAD数据加载：添加.CLI格式CAD数据成功-E:\more\三棱柱_5.cli
2023-12-11 08:58:53,230 [AppLog] INFO : CAD数据加载：添加.CLI格式CAD数据成功-E:\more\四棱柱.cli
2023-12-11 08:58:53,230 [AppLog] INFO : CAD数据加载：添加.CLI格式CAD数据成功-E:\more\四棱柱_1.cli
2023-12-11 08:58:53,246 [AppLog] INFO : CAD数据加载：添加.CLI格式CAD数据成功-E:\more\四棱柱_2.cli
2023-12-11 08:58:53,261 [AppLog] INFO : CAD数据加载：添加.CLI格式CAD数据成功-E:\more\四棱柱_3.cli
2023-12-11 08:58:53,277 [AppLog] INFO : CAD数据加载：添加.CLI格式CAD数据成功-E:\more\四棱柱_4.cli
2023-12-11 08:58:53,292 [AppLog] INFO : CAD数据加载：添加.CLI格式CAD数据成功-E:\more\四棱柱_5.cli
2023-12-11 08:58:53,776 [AppLog] INFO : CAD数据加载：添加.CLI格式CAD数据成功-E:\more\圆柱.cli
2023-12-11 08:58:54,260 [AppLog] INFO : CAD数据加载：添加.CLI格式CAD数据成功-E:\more\圆柱_1.cli
2023-12-11 08:58:54,728 [AppLog] INFO : CAD数据加载：添加.CLI格式CAD数据成功-E:\more\圆柱_2.cli
2023-12-11 08:58:55,180 [AppLog] INFO : CAD数据加载：添加.CLI格式CAD数据成功-E:\more\圆柱_3.cli
2023-12-11 08:58:55,664 [AppLog] INFO : CAD数据加载：添加.CLI格式CAD数据成功-E:\more\圆柱_4.cli
2023-12-11 08:58:56,116 [AppLog] INFO : CAD数据加载：添加.CLI格式CAD数据成功-E:\more\圆柱_5.cli
2023-12-11 08:59:16,770 [AppLog] INFO : CAD位置平移：SelectCADFile{E:\more\beam20.cliE:\more\beam20_1.cliE:\more\beam20无底.cliE:\more\beam20无底_1.cliE:\more\beam26.cliE:\more\beam26_1.cliE:\more\Box_1_cut_1.cliE:\more\Box_1_cut_1_1.cliE:\more\齿轮d=m2z24.cliE:\more\齿轮d=m2z24_1.cliE:\more\齿轮d=m2z24_1_1.cliE:\more\齿轮d=m2z24_2.cliE:\more\齿轮d=m2z24_2_1.cliE:\more\六棱柱.cliE:\more\六棱柱_1.cliE:\more\六棱柱_2.cliE:\more\六棱柱_3.cliE:\more\六棱柱_4.cliE:\more\六棱柱_5.cliE:\more\三棱柱.cliE:\more\三棱柱_1.cliE:\more\三棱柱_2.cliE:\more\三棱柱_3.cliE:\more\三棱柱_4.cliE:\more\三棱柱_5.cliE:\more\四棱柱.cliE:\more\四棱柱_1.cliE:\more\四棱柱_2.cliE:\more\四棱柱_3.cliE:\more\四棱柱_4.cliE:\more\四棱柱_5.cliE:\more\圆柱.cliE:\more\圆柱_1.cliE:\more\圆柱_2.cliE:\more\圆柱_3.cliE:\more\圆柱_4.cliE:\more\圆柱_5.cli}
平移方式{true为目标位置平移，false为相对平移{False}}X方向平移目标值{-121.513498MM}Y方向平移目标值{-60.474951MM}Z方向平移目标值{0MM}X方向平移增量{10MM}Y方向平移增量{30MM}Z方向平移增量{0MM}
2023-12-11 08:59:36,161 [AppLog] INFO : CAD位置平移：SelectCADFile{E:\more\beam20.cliE:\more\beam20_1.cliE:\more\beam20无底.cliE:\more\beam20无底_1.cliE:\more\beam26.cliE:\more\beam26_1.cliE:\more\Box_1_cut_1.cliE:\more\Box_1_cut_1_1.cliE:\more\齿轮d=m2z24.cliE:\more\齿轮d=m2z24_1.cliE:\more\齿轮d=m2z24_1_1.cliE:\more\齿轮d=m2z24_2.cliE:\more\齿轮d=m2z24_2_1.cliE:\more\六棱柱.cliE:\more\六棱柱_1.cliE:\more\六棱柱_2.cliE:\more\六棱柱_3.cliE:\more\六棱柱_4.cliE:\more\六棱柱_5.cliE:\more\三棱柱.cliE:\more\三棱柱_1.cliE:\more\三棱柱_2.cliE:\more\三棱柱_3.cliE:\more\三棱柱_4.cliE:\more\三棱柱_5.cliE:\more\四棱柱.cliE:\more\四棱柱_1.cliE:\more\四棱柱_2.cliE:\more\四棱柱_3.cliE:\more\四棱柱_4.cliE:\more\四棱柱_5.cliE:\more\圆柱.cliE:\more\圆柱_1.cliE:\more\圆柱_2.cliE:\more\圆柱_3.cliE:\more\圆柱_4.cliE:\more\圆柱_5.cli}
平移方式{true为目标位置平移，false为相对平移{False}}X方向平移目标值{-121.513498MM}Y方向平移目标值{-60.474951MM}Z方向平移目标值{0MM}X方向平移增量{10MM}Y方向平移增量{20MM}Z方向平移增量{0MM}
2023-12-11 08:59:46,738 [AppLog] INFO : CAD位置平移：SelectCADFile{E:\more\beam20.cliE:\more\beam20_1.cliE:\more\beam20无底.cliE:\more\beam20无底_1.cliE:\more\beam26.cliE:\more\beam26_1.cliE:\more\Box_1_cut_1.cliE:\more\Box_1_cut_1_1.cliE:\more\齿轮d=m2z24.cliE:\more\齿轮d=m2z24_1.cliE:\more\齿轮d=m2z24_1_1.cliE:\more\齿轮d=m2z24_2.cliE:\more\齿轮d=m2z24_2_1.cliE:\more\六棱柱.cliE:\more\六棱柱_1.cliE:\more\六棱柱_2.cliE:\more\六棱柱_3.cliE:\more\六棱柱_4.cliE:\more\六棱柱_5.cliE:\more\三棱柱.cliE:\more\三棱柱_1.cliE:\more\三棱柱_2.cliE:\more\三棱柱_3.cliE:\more\三棱柱_4.cliE:\more\三棱柱_5.cliE:\more\四棱柱.cliE:\more\四棱柱_1.cliE:\more\四棱柱_2.cliE:\more\四棱柱_3.cliE:\more\四棱柱_4.cliE:\more\四棱柱_5.cliE:\more\圆柱.cliE:\more\圆柱_1.cliE:\more\圆柱_2.cliE:\more\圆柱_3.cliE:\more\圆柱_4.cliE:\more\圆柱_5.cli}
平移方式{true为目标位置平移，false为相对平移{False}}X方向平移目标值{-121.513498MM}Y方向平移目标值{-60.474951MM}Z方向平移目标值{0MM}X方向平移增量{10MM}Y方向平移增量{10MM}Z方向平移增量{0MM}
2023-12-11 08:59:52,666 [AppLog] INFO : CAD位置平移：SelectCADFile{E:\more\beam20.cliE:\more\beam20_1.cliE:\more\beam20无底.cliE:\more\beam20无底_1.cliE:\more\beam26.cliE:\more\beam26_1.cliE:\more\Box_1_cut_1.cliE:\more\Box_1_cut_1_1.cliE:\more\齿轮d=m2z24.cliE:\more\齿轮d=m2z24_1.cliE:\more\齿轮d=m2z24_1_1.cliE:\more\齿轮d=m2z24_2.cliE:\more\齿轮d=m2z24_2_1.cliE:\more\六棱柱.cliE:\more\六棱柱_1.cliE:\more\六棱柱_2.cliE:\more\六棱柱_3.cliE:\more\六棱柱_4.cliE:\more\六棱柱_5.cliE:\more\三棱柱.cliE:\more\三棱柱_1.cliE:\more\三棱柱_2.cliE:\more\三棱柱_3.cliE:\more\三棱柱_4.cliE:\more\三棱柱_5.cliE:\more\四棱柱.cliE:\more\四棱柱_1.cliE:\more\四棱柱_2.cliE:\more\四棱柱_3.cliE:\more\四棱柱_4.cliE:\more\四棱柱_5.cliE:\more\圆柱.cliE:\more\圆柱_1.cliE:\more\圆柱_2.cliE:\more\圆柱_3.cliE:\more\圆柱_4.cliE:\more\圆柱_5.cli}
平移方式{true为目标位置平移，false为相对平移{True}}X方向平移目标值{-121.513498MM}Y方向平移目标值{-60.474951MM}Z方向平移目标值{0MM}X方向平移增量{10MM}Y方向平移增量{0MM}Z方向平移增量{0MM}
