2023-07-13 15:25:02,478 [AppLog] INFO : 开启系统：板卡通讯，伺服供电，照明系统，UV/HR固化系统！
2023-07-13 15:25:06,070 [AppLog] INFO : 关闭系统：一键关闭系统开始！
2023-07-13 15:25:12,202 [AppLog] INFO : 关闭系统：一键关闭系统结束！
2023-07-13 15:25:12,211 [AppLog] INFO : 喷墨控制器的所有轴输出关闭！
2023-07-13 15:25:12,336 [AppLog] INFO : 喷墨控制器关闭！
2023-07-13 15:25:12,336 [AppLog] INFO : 创建：AutoPrintMotion0=》不需重新创建-手动操作！
2023-07-13 15:25:12,337 [AppLog] INFO : 进入电气控制模块
2023-07-13 15:25:13,267 [AppLog] INFO : 退出电气控制模块
2023-07-13 15:25:14,577 [AppLog] INFO : 软件及设备关停中：墨车所有方向运动确认停止（X,Y,Y2)： bImmeStop{False},nAxisMask{0x7}
2023-07-13 15:25:14,578 [AppLog] INFO : 软件及设备关停中：喷墨控制器板卡系统关闭（X,Y,Y2)：DEV_CloseDevice
2023-07-13 15:25:15,240 [AppLog] INFO : 软件及设备关停成功
==========================================================================
操作系统:{Microsoft Windows 7 旗舰版 }
运行环境:{ .Net Framework Enviroment Version 4.0.30319.42000}
盘符：D
CPU使用率：{41.50303%} ，可用内存大小:{14174MB}，硬盘剩余空间：
  盘符 C:\ 的剩余空间：70 GB
  盘符 D:\ 的剩余空间：81 GB
  盘符 F:\ 的剩余空间：46 GB
==========================================================================
2023-07-13 15:26:00,486 [AppLog] INFO : 软件开机密码正确，登录成功1次
==========================================================================
操作系统:{Microsoft Windows 7 旗舰版 }
运行环境:{ .Net Framework Enviroment Version 4.0.30319.42000}
盘符：D
CPU使用率：{32.14252%} ，可用内存大小:{14176MB}，硬盘剩余空间：
  盘符 C:\ 的剩余空间：70 GB
  盘符 D:\ 的剩余空间：81 GB
  盘符 F:\ 的剩余空间：46 GB
硬件配置情况：
  CPU 厂家: GenuineIntel CPU 型号: Intel(R) Core(TM) i7-4770 CPU @ 3.40GHz
  内存条厂家: Kingston 内存条型号: 99P5471-043.A00LF 
  内存条厂家: Kingston 内存条型号: 99P5471-043.A00LF 
  硬盘厂家: (标准磁盘驱动器) 硬盘型号: Micron_1300_MTFDDAK256TDL ATA Device
  硬盘厂家: (标准磁盘驱动器) 硬盘型号:  USB  SanDisk 3.2Gen1 USB Device
==========================================================================
2023-07-13 15:26:01,547 [AppLog] INFO : 开启系统：板卡通讯，伺服供电，照明系统，UV/HR固化系统！
2023-07-13 15:26:01,547 [AppLog] INFO : 开启系统：一键启动系统开始！
2023-07-13 15:26:07,647 [AppLog] INFO : 开启系统：一键启动系统结束！
2023-07-13 15:26:07,818 [AppLog] INFO : 创建：AutoPrintMotion0=》初次创建完成-手动操作！
2023-07-13 15:26:07,881 [AppLog] INFO : 初始化喷墨控制器启动！
2023-07-13 15:26:31,655 [AppLog] INFO : 打开喷墨控制器设备成功！
2023-07-13 15:26:31,686 [AppLog] INFO : 输入校准值1次{成功}，打印往返差校准值为：BiDirEncPrtOff{5},分频值{8},打印速度{300mm/s}
2023-07-13 15:26:32,061 [AppLog] INFO : PASS打印前关键状态：DEV_GetDeviceInfo：LPPRINTER_INFO:nXSysEncDPI{5080}nStatus{909129520}nPrintStatus{0}bSuperDevice{1}
LPPRINTER_INFO-LPPrtRunInfo:bJobPrtRuning{False}bLayerPrtIsOver{False}nContReqMemErr{0}nContWDErr{0}nCurPrtDir{0}nDTLayerIndex{0}nDTLayerPassIndex{0}nDTPtrCtlIndex{0}nLayerPassCount{0}nPrintLayerIndex{0}nPrintPassIndex{0}nProcLayerIndex{0}nPrtDataMemAddr{0}nPrtState{0}nReverse{System.Int32[]}nRevPrtCols{0}
LPPRINTER_INFO-LPDRVINFO:nFMVersion{45074}nFpgaVersion{539038216}nPCBVersion{0}nState{0}nNextState{0}nPtvwarnState{0}nCrc32{0}nRevInfo{System.UInt32[]}nSignature{0}
2023-07-13 15:27:10,078 [AppLog] INFO : 初始化喷墨控制器成功！
2023-07-13 15:27:10,078 [AppLog] INFO : 进入：EquipmentMotionLogic3=》准备创建对象-手动操作！
2023-07-13 15:27:10,109 [AppLog] INFO : 进入：EquipmentMotionLogic3=》创建完成-手动操作！
2023-07-13 15:27:10,234 [AppLog] INFO : 红外灯控制器485通讯建立！
2023-07-13 15:27:10,234 [AppLog] INFO : 进入电气控制模块
2023-07-13 15:27:11,248 [AppLog] INFO : 退出电气控制模块
2023-07-13 15:27:12,091 [AppLog] INFO : 进入手动调试子模块！
2023-07-13 15:27:12,091 [AppLog] INFO : 进入：ManulBtn_Click=》准备创建对象-手动操作！
2023-07-13 15:27:12,122 [AppLog] INFO : 创建：ManualControl=》创建完成-手动操作！
2023-07-13 15:27:12,122 [AppLog] INFO : 加载成功：温控Modbus接口！
2023-07-13 15:28:32,353 [AppLog] INFO : 退出手动调试子模块,已执行修改
==========================================================================
2023-07-13 15:28:33,335 [AppLog] INFO : 开启系统：板卡通讯，伺服供电，照明系统，UV/HR固化系统！
2023-07-13 15:28:34,209 [AppLog] INFO : 关闭系统：一键关闭系统开始！
2023-07-13 15:28:40,418 [AppLog] INFO : 关闭系统：一键关闭系统结束！
2023-07-13 15:28:40,418 [AppLog] INFO : 喷墨控制器的所有轴输出关闭！
2023-07-13 15:28:40,605 [AppLog] INFO : 喷墨控制器关闭！
2023-07-13 15:28:40,605 [AppLog] INFO : 创建：AutoPrintMotion0=》不需重新创建-手动操作！
2023-07-13 15:28:40,605 [AppLog] INFO : 进入电气控制模块
2023-07-13 15:28:53,413 [AppLog] INFO : 退出电气控制模块
2023-07-13 15:28:54,942 [AppLog] INFO : 软件及设备关停中：墨车所有方向运动确认停止（X,Y,Y2)： bImmeStop{False},nAxisMask{0x7}
2023-07-13 15:28:54,942 [AppLog] INFO : 软件及设备关停中：喷墨控制器板卡系统关闭（X,Y,Y2)：DEV_CloseDevice
2023-07-13 15:28:55,612 [AppLog] INFO : 软件及设备关停成功
==========================================================================
操作系统:{Microsoft Windows 7 旗舰版 }
运行环境:{ .Net Framework Enviroment Version 4.0.30319.42000}
盘符：D
CPU使用率：{0%} ，可用内存大小:{14151MB}，硬盘剩余空间：
  盘符 C:\ 的剩余空间：70 GB
  盘符 D:\ 的剩余空间：81 GB
  盘符 F:\ 的剩余空间：46 GB
==========================================================================
2023-07-13 15:36:14,865 [AppLog] INFO : 软件开机密码正确，登录成功1次
==========================================================================
操作系统:{Microsoft Windows 7 旗舰版 }
运行环境:{ .Net Framework Enviroment Version 4.0.30319.42000}
盘符：D
CPU使用率：{8.239923%} ，可用内存大小:{14266MB}，硬盘剩余空间：
  盘符 C:\ 的剩余空间：70 GB
  盘符 D:\ 的剩余空间：81 GB
  盘符 F:\ 的剩余空间：46 GB
硬件配置情况：
  CPU 厂家: GenuineIntel CPU 型号: Intel(R) Core(TM) i7-4770 CPU @ 3.40GHz
  内存条厂家: Kingston 内存条型号: 99P5471-043.A00LF 
  内存条厂家: Kingston 内存条型号: 99P5471-043.A00LF 
  硬盘厂家: (标准磁盘驱动器) 硬盘型号: Micron_1300_MTFDDAK256TDL ATA Device
  硬盘厂家: (标准磁盘驱动器) 硬盘型号:  USB  SanDisk 3.2Gen1 USB Device
==========================================================================
2023-07-13 15:36:16,026 [AppLog] INFO : 开启系统：板卡通讯，伺服供电，照明系统，UV/HR固化系统！
2023-07-13 15:36:16,028 [AppLog] INFO : 开启系统：一键启动系统开始！
2023-07-13 15:36:22,036 [AppLog] INFO : 开启系统：一键启动系统结束！
2023-07-13 15:36:22,234 [AppLog] INFO : 创建：AutoPrintMotion0=》初次创建完成-手动操作！
2023-07-13 15:36:22,306 [AppLog] INFO : 初始化喷墨控制器启动！
2023-07-13 15:36:42,479 [AppLog] INFO : 打开喷墨控制器设备成功！
2023-07-13 15:36:42,510 [AppLog] INFO : 输入校准值1次{成功}，打印往返差校准值为：BiDirEncPrtOff{5},分频值{8},打印速度{300mm/s}
2023-07-13 15:36:42,900 [AppLog] INFO : PASS打印前关键状态：DEV_GetDeviceInfo：LPPRINTER_INFO:nXSysEncDPI{5080}nStatus{909129520}nPrintStatus{0}bSuperDevice{1}
LPPRINTER_INFO-LPPrtRunInfo:bJobPrtRuning{False}bLayerPrtIsOver{False}nContReqMemErr{0}nContWDErr{0}nCurPrtDir{0}nDTLayerIndex{0}nDTLayerPassIndex{0}nDTPtrCtlIndex{0}nLayerPassCount{0}nPrintLayerIndex{0}nPrintPassIndex{0}nProcLayerIndex{0}nPrtDataMemAddr{0}nPrtState{0}nReverse{System.Int32[]}nRevPrtCols{0}
LPPRINTER_INFO-LPDRVINFO:nFMVersion{45074}nFpgaVersion{539038216}nPCBVersion{0}nState{0}nNextState{0}nPtvwarnState{0}nCrc32{0}nRevInfo{System.UInt32[]}nSignature{0}
2023-07-13 15:36:45,412 [AppLog] INFO : 初始化喷墨控制器成功！
2023-07-13 15:36:45,412 [AppLog] INFO : 进入：EquipmentMotionLogic3=》准备创建对象-手动操作！
2023-07-13 15:36:45,443 [AppLog] INFO : 进入：EquipmentMotionLogic3=》创建完成-手动操作！
2023-07-13 15:36:45,568 [AppLog] INFO : 红外灯控制器485通讯建立！
2023-07-13 15:36:45,568 [AppLog] INFO : 进入电气控制模块
2023-07-13 15:36:46,364 [AppLog] INFO : 退出电气控制模块
2023-07-13 15:36:47,206 [AppLog] INFO : 进入手动调试子模块！
2023-07-13 15:36:47,206 [AppLog] INFO : 进入：ManulBtn_Click=》准备创建对象-手动操作！
2023-07-13 15:36:47,222 [AppLog] INFO : 创建：ManualControl=》创建完成-手动操作！
2023-07-13 15:36:47,222 [AppLog] INFO : 加载成功：温控Modbus接口！
2023-07-13 15:37:11,776 [AppLog] INFO : 开启手动清洗挤墨喷头，DEV_EnableTimer: 端口{11}，清洗控制周期：{0.5}S,{0.5}S
2023-07-13 15:37:12,759 [AppLog] INFO : 关闭手动清洗挤墨喷头：DEV_EnableTimer
2023-07-13 15:37:14,771 [AppLog] INFO : 压墨等待结束,等待：{2S}
2023-07-13 15:37:15,286 [AppLog] INFO : 开启手动清洗挤墨喷头，DEV_EnableTimer: 端口{11}，清洗控制周期：{0.5}S,{0.5}S
2023-07-13 15:37:16,409 [AppLog] INFO : 关闭手动清洗挤墨喷头：DEV_EnableTimer
2023-07-13 15:37:18,422 [AppLog] INFO : 压墨等待结束,等待：{2S}
2023-07-13 15:37:18,952 [AppLog] INFO : 开启手动清洗挤墨喷头，DEV_EnableTimer: 端口{11}，清洗控制周期：{0.5}S,{0.5}S
2023-07-13 15:37:21,245 [AppLog] INFO : 关闭手动清洗挤墨喷头：DEV_EnableTimer
2023-07-13 15:37:23,258 [AppLog] INFO : 压墨等待结束,等待：{2S}
2023-07-13 15:37:27,049 [AppLog] INFO : 开启手动清洗挤墨喷头，DEV_EnableTimer: 端口{11}，清洗控制周期：{0.5}S,{0.5}S
2023-07-13 15:37:28,000 [AppLog] INFO : 关闭手动清洗挤墨喷头：DEV_EnableTimer
2023-07-13 15:37:30,013 [AppLog] INFO : 压墨等待结束,等待：{2S}
2023-07-13 15:37:30,527 [AppLog] INFO : 开启手动清洗挤墨喷头，DEV_EnableTimer: 端口{11}，清洗控制周期：{0.5}S,{0.5}S
2023-07-13 15:37:31,354 [AppLog] INFO : 关闭手动清洗挤墨喷头：DEV_EnableTimer
2023-07-13 15:37:33,367 [AppLog] INFO : 压墨等待结束,等待：{2S}
2023-07-13 15:37:33,881 [AppLog] INFO : 开启手动清洗挤墨喷头，DEV_EnableTimer: 端口{11}，清洗控制周期：{0.5}S,{0.5}S
2023-07-13 15:37:34,755 [AppLog] INFO : 关闭手动清洗挤墨喷头：DEV_EnableTimer
2023-07-13 15:37:36,767 [AppLog] INFO : 压墨等待结束,等待：{2S}
2023-07-13 15:37:37,282 [AppLog] INFO : 开启手动清洗挤墨喷头，DEV_EnableTimer: 端口{11}，清洗控制周期：{0.5}S,{0.5}S
2023-07-13 15:37:38,515 [AppLog] INFO : 关闭手动清洗挤墨喷头：DEV_EnableTimer
2023-07-13 15:37:40,527 [AppLog] INFO : 压墨等待结束,等待：{2S}
2023-07-13 15:37:41,073 [AppLog] INFO : 开启手动清洗挤墨喷头，DEV_EnableTimer: 端口{11}，清洗控制周期：{0.5}S,{0.5}S
2023-07-13 15:37:42,118 [AppLog] INFO : 关闭手动清洗挤墨喷头：DEV_EnableTimer
2023-07-13 15:37:44,131 [AppLog] INFO : 压墨等待结束,等待：{2S}
2023-07-13 15:37:45,394 [AppLog] INFO : 开启手动清洗挤墨喷头，DEV_EnableTimer: 端口{11}，清洗控制周期：{0.5}S,{0.5}S
2023-07-13 15:37:46,549 [AppLog] INFO : 关闭手动清洗挤墨喷头：DEV_EnableTimer
2023-07-13 15:37:48,561 [AppLog] INFO : 压墨等待结束,等待：{2S}
2023-07-13 15:37:50,199 [AppLog] INFO : 开启手动清洗挤墨喷头，DEV_EnableTimer: 端口{11}，清洗控制周期：{0.5}S,{0.5}S
2023-07-13 15:37:51,338 [AppLog] INFO : 关闭手动清洗挤墨喷头：DEV_EnableTimer
2023-07-13 15:37:53,350 [AppLog] INFO : 压墨等待结束,等待：{2S}
2023-07-13 15:37:54,239 [AppLog] INFO : 开启手动清洗挤墨喷头，DEV_EnableTimer: 端口{11}，清洗控制周期：{0.5}S,{0.5}S
2023-07-13 15:37:55,363 [AppLog] INFO : 关闭手动清洗挤墨喷头：DEV_EnableTimer
2023-07-13 15:37:57,375 [AppLog] INFO : 压墨等待结束,等待：{2S}
2023-07-13 15:37:58,358 [AppLog] INFO : 开启手动清洗挤墨喷头，DEV_EnableTimer: 端口{11}，清洗控制周期：{0.5}S,{0.5}S
2023-07-13 15:37:59,653 [AppLog] INFO : 关闭手动清洗挤墨喷头：DEV_EnableTimer
2023-07-13 15:38:01,665 [AppLog] INFO : 压墨等待结束,等待：{2S}
2023-07-13 15:38:12,055 [AppLog] INFO : 开启手动压墨上墨：PushInkBtn_Click
2023-07-13 15:38:12,725 [AppLog] INFO : 停止手动压墨上墨：PushInkBtn_Click
2023-07-13 15:38:13,583 [AppLog] INFO : 开启手动压墨上墨：PushInkBtn_Click
2023-07-13 15:38:14,831 [AppLog] INFO : 停止手动压墨上墨：PushInkBtn_Click
2023-07-13 15:38:23,817 [AppLog] INFO : 开启手动压墨上墨：PushInkBtn_Click
2023-07-13 15:38:25,112 [AppLog] INFO : 停止手动压墨上墨：PushInkBtn_Click
2023-07-13 15:38:27,764 [AppLog] INFO : 开启手动清洗挤墨喷头，DEV_EnableTimer: 端口{11}，清洗控制周期：{0.5}S,{0.5}S
2023-07-13 15:38:28,887 [AppLog] INFO : 关闭手动清洗挤墨喷头：DEV_EnableTimer
2023-07-13 15:38:30,899 [AppLog] INFO : 压墨等待结束,等待：{2S}
2023-07-13 15:38:31,414 [AppLog] INFO : 开启手动清洗挤墨喷头，DEV_EnableTimer: 端口{11}，清洗控制周期：{0.5}S,{0.5}S
2023-07-13 15:38:32,413 [AppLog] INFO : 关闭手动清洗挤墨喷头：DEV_EnableTimer
2023-07-13 15:38:34,425 [AppLog] INFO : 压墨等待结束,等待：{2S}
2023-07-13 15:38:34,955 [AppLog] INFO : 开启手动清洗挤墨喷头，DEV_EnableTimer: 端口{11}，清洗控制周期：{0.5}S,{0.5}S
2023-07-13 15:38:35,923 [AppLog] INFO : 关闭手动清洗挤墨喷头：DEV_EnableTimer
2023-07-13 15:38:37,935 [AppLog] INFO : 压墨等待结束,等待：{2S}
2023-07-13 15:38:40,899 [AppLog] INFO : 开启手动清洗挤墨喷头，DEV_EnableTimer: 端口{11}，清洗控制周期：{0.5}S,{0.5}S
2023-07-13 15:38:41,882 [AppLog] INFO : 关闭手动清洗挤墨喷头：DEV_EnableTimer
2023-07-13 15:38:43,894 [AppLog] INFO : 压墨等待结束,等待：{2S}
2023-07-13 15:38:44,409 [AppLog] INFO : 开启手动清洗挤墨喷头，DEV_EnableTimer: 端口{11}，清洗控制周期：{0.5}S,{0.5}S
2023-07-13 15:38:45,517 [AppLog] INFO : 关闭手动清洗挤墨喷头：DEV_EnableTimer
2023-07-13 15:38:47,529 [AppLog] INFO : 压墨等待结束,等待：{2S}
2023-07-13 15:38:48,761 [AppLog] INFO : 开启手动清洗挤墨喷头，DEV_EnableTimer: 端口{11}，清洗控制周期：{0.5}S,{0.5}S
2023-07-13 15:38:50,025 [AppLog] INFO : 关闭手动清洗挤墨喷头：DEV_EnableTimer
2023-07-13 15:38:52,037 [AppLog] INFO : 压墨等待结束,等待：{2S}
2023-07-13 15:39:09,198 [AppLog] INFO : 开启手动清洗挤墨喷头，DEV_EnableTimer: 端口{11}，清洗控制周期：{0.5}S,{0.5}S
2023-07-13 15:39:10,414 [AppLog] INFO : 关闭手动清洗挤墨喷头：DEV_EnableTimer
2023-07-13 15:39:11,928 [AppLog] INFO : 压墨等待结束,等待：{1.5S}
2023-07-13 15:39:12,739 [AppLog] INFO : 开启手动清洗挤墨喷头，DEV_EnableTimer: 端口{11}，清洗控制周期：{0.5}S,{0.5}S
2023-07-13 15:39:13,862 [AppLog] INFO : 关闭手动清洗挤墨喷头：DEV_EnableTimer
2023-07-13 15:39:15,375 [AppLog] INFO : 压墨等待结束,等待：{1.5S}
2023-07-13 15:39:16,093 [AppLog] INFO : 开启手动清洗挤墨喷头，DEV_EnableTimer: 端口{11}，清洗控制周期：{0.5}S,{0.5}S
2023-07-13 15:39:17,294 [AppLog] INFO : 关闭手动清洗挤墨喷头：DEV_EnableTimer
2023-07-13 15:39:18,807 [AppLog] INFO : 压墨等待结束,等待：{1.5S}
2023-07-13 15:39:19,634 [AppLog] INFO : 开启手动清洗挤墨喷头，DEV_EnableTimer: 端口{11}，清洗控制周期：{0.5}S,{0.5}S
2023-07-13 15:39:21,631 [AppLog] INFO : 关闭手动清洗挤墨喷头：DEV_EnableTimer
2023-07-13 15:39:23,144 [AppLog] INFO : 压墨等待结束,等待：{1.5S}
2023-07-13 15:39:27,028 [AppLog] INFO : 开启手动清洗挤墨喷头，DEV_EnableTimer: 端口{11}，清洗控制周期：{0.5}S,{0.5}S
2023-07-13 15:39:28,136 [AppLog] INFO : 关闭手动清洗挤墨喷头：DEV_EnableTimer
2023-07-13 15:39:29,649 [AppLog] INFO : 压墨等待结束,等待：{1.5S}
2023-07-13 15:39:30,726 [AppLog] INFO : 开启手动清洗挤墨喷头，DEV_EnableTimer: 端口{11}，清洗控制周期：{0.5}S,{0.5}S
2023-07-13 15:39:32,005 [AppLog] INFO : 关闭手动清洗挤墨喷头：DEV_EnableTimer
2023-07-13 15:39:33,518 [AppLog] INFO : 压墨等待结束,等待：{1.5S}
2023-07-13 15:39:34,750 [AppLog] INFO : 开启手动清洗挤墨喷头，DEV_EnableTimer: 端口{11}，清洗控制周期：{0.5}S,{0.5}S
2023-07-13 15:39:35,671 [AppLog] INFO : 关闭手动清洗挤墨喷头：DEV_EnableTimer
2023-07-13 15:39:37,184 [AppLog] INFO : 压墨等待结束,等待：{1.5S}
2023-07-13 15:39:37,995 [AppLog] INFO : 开启手动清洗挤墨喷头，DEV_EnableTimer: 端口{11}，清洗控制周期：{0.5}S,{0.5}S
2023-07-13 15:39:39,025 [AppLog] INFO : 关闭手动清洗挤墨喷头：DEV_EnableTimer
2023-07-13 15:39:40,538 [AppLog] INFO : 压墨等待结束,等待：{1.5S}
2023-07-13 15:39:45,140 [AppLog] INFO : 开启手动清洗挤墨喷头，DEV_EnableTimer: 端口{11}，清洗控制周期：{0.5}S,{0.5}S
2023-07-13 15:39:46,060 [AppLog] INFO : 关闭手动清洗挤墨喷头：DEV_EnableTimer
2023-07-13 15:39:47,574 [AppLog] INFO : 压墨等待结束,等待：{1.5S}
2023-07-13 15:39:48,354 [AppLog] INFO : 开启手动清洗挤墨喷头，DEV_EnableTimer: 端口{11}，清洗控制周期：{0.5}S,{0.5}S
2023-07-13 15:39:49,586 [AppLog] INFO : 关闭手动清洗挤墨喷头：DEV_EnableTimer
2023-07-13 15:39:51,099 [AppLog] INFO : 压墨等待结束,等待：{1.5S}
2023-07-13 15:39:51,895 [AppLog] INFO : 开启手动清洗挤墨喷头，DEV_EnableTimer: 端口{11}，清洗控制周期：{0.5}S,{0.5}S
2023-07-13 15:39:53,252 [AppLog] INFO : 关闭手动清洗挤墨喷头：DEV_EnableTimer
2023-07-13 15:39:54,765 [AppLog] INFO : 压墨等待结束,等待：{1.5S}
2023-07-13 15:40:02,004 [AppLog] INFO : 退出手动调试子模块,已执行修改
==========================================================================
2023-07-13 15:40:02,737 [AppLog] INFO : 进入手动调试子模块！
2023-07-13 15:40:02,737 [AppLog] INFO : 进入：ManulBtn_Click=》准备创建对象-手动操作！
2023-07-13 15:40:02,768 [AppLog] INFO : 创建：ManualControl=》创建完成-手动操作！
2023-07-13 15:40:02,768 [AppLog] INFO : 加载成功：温控Modbus接口！
2023-07-13 15:40:06,543 [AppLog] INFO : 开启手动清洗挤墨喷头，DEV_EnableTimer: 端口{11}，清洗控制周期：{0.5}S,{0.5}S
2023-07-13 15:40:07,620 [AppLog] INFO : 关闭手动清洗挤墨喷头：DEV_EnableTimer
2023-07-13 15:40:09,632 [AppLog] INFO : 压墨等待结束,等待：{2S}
2023-07-13 15:40:10,147 [AppLog] INFO : 开启手动清洗挤墨喷头，DEV_EnableTimer: 端口{11}，清洗控制周期：{0.5}S,{0.5}S
2023-07-13 15:40:11,348 [AppLog] INFO : 关闭手动清洗挤墨喷头：DEV_EnableTimer
2023-07-13 15:40:13,360 [AppLog] INFO : 压墨等待结束,等待：{2S}
2023-07-13 15:40:14,187 [AppLog] INFO : 开启手动清洗挤墨喷头，DEV_EnableTimer: 端口{11}，清洗控制周期：{0.5}S,{0.5}S
2023-07-13 15:40:15,576 [AppLog] INFO : 关闭手动清洗挤墨喷头：DEV_EnableTimer
2023-07-13 15:40:17,588 [AppLog] INFO : 压墨等待结束,等待：{2S}
2023-07-13 15:40:18,508 [AppLog] INFO : 开启手动清洗挤墨喷头，DEV_EnableTimer: 端口{11}，清洗控制周期：{0.5}S,{0.5}S
2023-07-13 15:40:19,881 [AppLog] INFO : 关闭手动清洗挤墨喷头：DEV_EnableTimer
2023-07-13 15:40:21,894 [AppLog] INFO : 压墨等待结束,等待：{2S}
2023-07-13 15:40:22,642 [AppLog] INFO : 开启手动清洗挤墨喷头，DEV_EnableTimer: 端口{11}，清洗控制周期：{0.5}S,{0.5}S
2023-07-13 15:40:24,093 [AppLog] INFO : 关闭手动清洗挤墨喷头：DEV_EnableTimer
2023-07-13 15:40:26,106 [AppLog] INFO : 压墨等待结束,等待：{2S}
2023-07-13 15:40:26,932 [AppLog] INFO : 开启手动清洗挤墨喷头，DEV_EnableTimer: 端口{11}，清洗控制周期：{0.5}S,{0.5}S
2023-07-13 15:40:28,134 [AppLog] INFO : 关闭手动清洗挤墨喷头：DEV_EnableTimer
2023-07-13 15:40:30,146 [AppLog] INFO : 压墨等待结束,等待：{2S}
2023-07-13 15:40:30,801 [AppLog] INFO : 开启手动清洗挤墨喷头，DEV_EnableTimer: 端口{11}，清洗控制周期：{0.5}S,{0.5}S
2023-07-13 15:40:31,956 [AppLog] INFO : 关闭手动清洗挤墨喷头：DEV_EnableTimer
2023-07-13 15:40:33,968 [AppLog] INFO : 压墨等待结束,等待：{2S}
2023-07-13 15:40:34,748 [AppLog] INFO : 开启手动清洗挤墨喷头，DEV_EnableTimer: 端口{11}，清洗控制周期：{0.5}S,{0.5}S
2023-07-13 15:40:35,980 [AppLog] INFO : 关闭手动清洗挤墨喷头：DEV_EnableTimer
2023-07-13 15:40:37,993 [AppLog] INFO : 压墨等待结束,等待：{2S}
2023-07-13 15:40:38,929 [AppLog] INFO : 开启手动清洗挤墨喷头，DEV_EnableTimer: 端口{11}，清洗控制周期：{0.5}S,{0.5}S
2023-07-13 15:40:40,052 [AppLog] INFO : 关闭手动清洗挤墨喷头：DEV_EnableTimer
2023-07-13 15:40:42,064 [AppLog] INFO : 压墨等待结束,等待：{2S}
2023-07-13 15:40:42,860 [AppLog] INFO : 开启手动清洗挤墨喷头，DEV_EnableTimer: 端口{11}，清洗控制周期：{0.5}S,{0.5}S
2023-07-13 15:40:44,170 [AppLog] INFO : 关闭手动清洗挤墨喷头：DEV_EnableTimer
2023-07-13 15:40:46,183 [AppLog] INFO : 压墨等待结束,等待：{2S}
2023-07-13 15:40:52,064 [AppLog] INFO : 退出手动调试子模块,已执行修改
==========================================================================
2023-07-13 15:40:52,829 [AppLog] INFO : 进入手动调试子模块！
2023-07-13 15:40:52,829 [AppLog] INFO : 进入：ManulBtn_Click=》准备创建对象-手动操作！
2023-07-13 15:40:52,860 [AppLog] INFO : 创建：ManualControl=》创建完成-手动操作！
2023-07-13 15:40:52,860 [AppLog] INFO : 加载成功：温控Modbus接口！
2023-07-13 15:40:56,682 [AppLog] INFO : 开启手动清洗挤墨喷头，DEV_EnableTimer: 端口{11}，清洗控制周期：{0.5}S,{0.5}S
2023-07-13 15:40:57,867 [AppLog] INFO : 关闭手动清洗挤墨喷头：DEV_EnableTimer
2023-07-13 15:40:59,880 [AppLog] INFO : 压墨等待结束,等待：{2S}
2023-07-13 15:41:00,551 [AppLog] INFO : 开启手动清洗挤墨喷头，DEV_EnableTimer: 端口{11}，清洗控制周期：{0.5}S,{0.5}S
2023-07-13 15:41:02,017 [AppLog] INFO : 关闭手动清洗挤墨喷头：DEV_EnableTimer
2023-07-13 15:41:04,029 [AppLog] INFO : 压墨等待结束,等待：{2S}
2023-07-13 15:42:20,610 [AppLog] INFO : 开启手动清洗挤墨喷头，DEV_EnableTimer: 端口{11}，清洗控制周期：{0.5}S,{0.5}S
2023-07-13 15:42:21,437 [AppLog] INFO : 关闭手动清洗挤墨喷头：DEV_EnableTimer
2023-07-13 15:42:23,449 [AppLog] INFO : 压墨等待结束,等待：{2S}
2023-07-13 15:42:24,198 [AppLog] INFO : 开启手动清洗挤墨喷头，DEV_EnableTimer: 端口{11}，清洗控制周期：{0.5}S,{0.5}S
2023-07-13 15:42:25,087 [AppLog] INFO : 关闭手动清洗挤墨喷头：DEV_EnableTimer
2023-07-13 15:42:27,099 [AppLog] INFO : 压墨等待结束,等待：{2S}
2023-07-13 15:42:31,655 [AppLog] INFO : 开启手动清洗挤墨喷头，DEV_EnableTimer: 端口{11}，清洗控制周期：{0.5}S,{0.5}S
2023-07-13 15:42:32,591 [AppLog] INFO : 关闭手动清洗挤墨喷头：DEV_EnableTimer
2023-07-13 15:42:34,603 [AppLog] INFO : 压墨等待结束,等待：{2S}
2023-07-13 15:42:35,898 [AppLog] INFO : 开启手动清洗挤墨喷头，DEV_EnableTimer: 端口{11}，清洗控制周期：{0.5}S,{0.5}S
2023-07-13 15:42:36,959 [AppLog] INFO : 关闭手动清洗挤墨喷头：DEV_EnableTimer
2023-07-13 15:42:38,987 [AppLog] INFO : 压墨等待结束,等待：{2S}
2023-07-13 15:42:39,595 [AppLog] INFO : 开启手动清洗挤墨喷头，DEV_EnableTimer: 端口{11}，清洗控制周期：{0.5}S,{0.5}S
2023-07-13 15:42:40,625 [AppLog] INFO : 关闭手动清洗挤墨喷头：DEV_EnableTimer
2023-07-13 15:42:42,637 [AppLog] INFO : 压墨等待结束,等待：{2S}
2023-07-13 15:42:43,183 [AppLog] INFO : 开启手动清洗挤墨喷头，DEV_EnableTimer: 端口{11}，清洗控制周期：{0.5}S,{0.5}S
2023-07-13 15:42:44,259 [AppLog] INFO : 关闭手动清洗挤墨喷头：DEV_EnableTimer
2023-07-13 15:42:46,272 [AppLog] INFO : 压墨等待结束,等待：{2S}
2023-07-13 15:42:48,128 [AppLog] INFO : 开启手动清洗挤墨喷头，DEV_EnableTimer: 端口{11}，清洗控制周期：{0.5}S,{0.5}S
2023-07-13 15:42:49,220 [AppLog] INFO : 关闭手动清洗挤墨喷头：DEV_EnableTimer
2023-07-13 15:42:51,233 [AppLog] INFO : 压墨等待结束,等待：{2S}
2023-07-13 15:42:52,340 [AppLog] INFO : 开启手动清洗挤墨喷头，DEV_EnableTimer: 端口{11}，清洗控制周期：{0.5}S,{0.5}S
2023-07-13 15:42:53,479 [AppLog] INFO : 关闭手动清洗挤墨喷头：DEV_EnableTimer
2023-07-13 15:42:55,492 [AppLog] INFO : 压墨等待结束,等待：{2S}
2023-07-13 15:43:12,511 [AppLog] INFO : 开启手动清洗挤墨喷头，DEV_EnableTimer: 端口{11}，清洗控制周期：{0.5}S,{0.5}S
2023-07-13 15:43:13,681 [AppLog] INFO : 关闭手动清洗挤墨喷头：DEV_EnableTimer
2023-07-13 15:43:15,694 [AppLog] INFO : 压墨等待结束,等待：{2S}
2023-07-13 15:43:18,361 [AppLog] INFO : 开启手动清洗挤墨喷头，DEV_EnableTimer: 端口{11}，清洗控制周期：{0.5}S,{0.5}S
2023-07-13 15:43:19,438 [AppLog] INFO : 关闭手动清洗挤墨喷头：DEV_EnableTimer
2023-07-13 15:43:21,450 [AppLog] INFO : 压墨等待结束,等待：{2S}
2023-07-13 15:43:22,776 [AppLog] INFO : 开启手动清洗挤墨喷头，DEV_EnableTimer: 端口{11}，清洗控制周期：{0.5}S,{0.5}S
2023-07-13 15:43:23,821 [AppLog] INFO : 关闭手动清洗挤墨喷头：DEV_EnableTimer
2023-07-13 15:43:25,834 [AppLog] INFO : 压墨等待结束,等待：{2S}
2023-07-13 15:43:26,645 [AppLog] INFO : 开启手动清洗挤墨喷头，DEV_EnableTimer: 端口{11}，清洗控制周期：{0.5}S,{0.5}S
2023-07-13 15:43:27,409 [AppLog] INFO : 关闭手动清洗挤墨喷头：DEV_EnableTimer
2023-07-13 15:43:29,422 [AppLog] INFO : 压墨等待结束,等待：{2S}
2023-07-13 15:43:30,732 [AppLog] INFO : 开启手动清洗挤墨喷头，DEV_EnableTimer: 端口{11}，清洗控制周期：{0.5}S,{0.5}S
2023-07-13 15:43:31,590 [AppLog] INFO : 关闭手动清洗挤墨喷头：DEV_EnableTimer
2023-07-13 15:43:33,602 [AppLog] INFO : 压墨等待结束,等待：{2S}
2023-07-13 15:43:35,287 [AppLog] INFO : 开启手动清洗挤墨喷头，DEV_EnableTimer: 端口{11}，清洗控制周期：{0.5}S,{0.5}S
2023-07-13 15:43:36,426 [AppLog] INFO : 关闭手动清洗挤墨喷头：DEV_EnableTimer
2023-07-13 15:43:38,438 [AppLog] INFO : 压墨等待结束,等待：{2S}
2023-07-13 15:43:39,281 [AppLog] INFO : 开启手动清洗挤墨喷头，DEV_EnableTimer: 端口{11}，清洗控制周期：{0.5}S,{0.5}S
2023-07-13 15:43:40,326 [AppLog] INFO : 关闭手动清洗挤墨喷头：DEV_EnableTimer
2023-07-13 15:43:42,338 [AppLog] INFO : 压墨等待结束,等待：{2S}
2023-07-13 15:43:43,306 [AppLog] INFO : 开启手动清洗挤墨喷头，DEV_EnableTimer: 端口{11}，清洗控制周期：{0.5}S,{0.5}S
2023-07-13 15:43:44,491 [AppLog] INFO : 关闭手动清洗挤墨喷头：DEV_EnableTimer
2023-07-13 15:43:46,504 [AppLog] INFO : 压墨等待结束,等待：{2S}
2023-07-13 15:43:47,424 [AppLog] INFO : 开启手动清洗挤墨喷头，DEV_EnableTimer: 端口{11}，清洗控制周期：{0.5}S,{0.5}S
2023-07-13 15:43:48,516 [AppLog] INFO : 关闭手动清洗挤墨喷头：DEV_EnableTimer
2023-07-13 15:43:50,528 [AppLog] INFO : 压墨等待结束,等待：{2S}
2023-07-13 15:43:51,917 [AppLog] INFO : 开启手动清洗挤墨喷头，DEV_EnableTimer: 端口{11}，清洗控制周期：{0.5}S,{0.5}S
2023-07-13 15:43:52,993 [AppLog] INFO : 关闭手动清洗挤墨喷头：DEV_EnableTimer
2023-07-13 15:43:55,006 [AppLog] INFO : 压墨等待结束,等待：{2S}
2023-07-13 15:43:55,786 [AppLog] INFO : 开启手动清洗挤墨喷头，DEV_EnableTimer: 端口{11}，清洗控制周期：{0.5}S,{0.5}S
2023-07-13 15:43:56,924 [AppLog] INFO : 关闭手动清洗挤墨喷头：DEV_EnableTimer
2023-07-13 15:43:58,937 [AppLog] INFO : 压墨等待结束,等待：{2S}
2023-07-13 15:43:59,842 [AppLog] INFO : 开启手动清洗挤墨喷头，DEV_EnableTimer: 端口{11}，清洗控制周期：{0.5}S,{0.5}S
2023-07-13 15:44:00,856 [AppLog] INFO : 关闭手动清洗挤墨喷头：DEV_EnableTimer
2023-07-13 15:44:02,868 [AppLog] INFO : 压墨等待结束,等待：{2S}
2023-07-13 15:44:03,383 [AppLog] INFO : 开启手动清洗挤墨喷头，DEV_EnableTimer: 端口{11}，清洗控制周期：{0.5}S,{0.5}S
2023-07-13 15:44:04,412 [AppLog] INFO : 关闭手动清洗挤墨喷头：DEV_EnableTimer
2023-07-13 15:44:06,425 [AppLog] INFO : 压墨等待结束,等待：{2S}
2023-07-13 15:44:07,220 [AppLog] INFO : 开启手动清洗挤墨喷头，DEV_EnableTimer: 端口{11}，清洗控制周期：{0.5}S,{0.5}S
2023-07-13 15:44:08,250 [AppLog] INFO : 关闭手动清洗挤墨喷头：DEV_EnableTimer
2023-07-13 15:44:10,262 [AppLog] INFO : 压墨等待结束,等待：{2S}
2023-07-13 15:44:28,000 [AppLog] INFO : 开启自动供墨：DEV_EnableInkAutoSupply：ReturnCode{True},Action{true},ControlBit{255}
2023-07-13 15:44:38,810 [AppLog] INFO : 开启手动清洗挤墨喷头，DEV_EnableTimer: 端口{11}，清洗控制周期：{0.5}S,{0.5}S
2023-07-13 15:44:39,793 [AppLog] INFO : 关闭手动清洗挤墨喷头：DEV_EnableTimer
2023-07-13 15:44:41,806 [AppLog] INFO : 压墨等待结束,等待：{2S}
2023-07-13 15:44:44,473 [AppLog] INFO : 开启手动清洗挤墨喷头，DEV_EnableTimer: 端口{11}，清洗控制周期：{0.5}S,{0.5}S
2023-07-13 15:44:45,456 [AppLog] INFO : 关闭手动清洗挤墨喷头：DEV_EnableTimer
2023-07-13 15:44:47,469 [AppLog] INFO : 压墨等待结束,等待：{2S}
2023-07-13 15:44:48,701 [AppLog] INFO : 开启手动清洗挤墨喷头，DEV_EnableTimer: 端口{11}，清洗控制周期：{0.5}S,{0.5}S
2023-07-13 15:44:49,668 [AppLog] INFO : 关闭手动清洗挤墨喷头：DEV_EnableTimer
2023-07-13 15:44:51,681 [AppLog] INFO : 压墨等待结束,等待：{2S}
2023-07-13 15:45:05,487 [AppLog] INFO : 退出手动调试子模块,已执行修改
==========================================================================
2023-07-13 15:45:06,703 [AppLog] INFO : 进入手动调试子模块！
2023-07-13 15:45:06,703 [AppLog] INFO : 进入：ManulBtn_Click=》准备创建对象-手动操作！
2023-07-13 15:45:06,735 [AppLog] INFO : 创建：ManualControl=》创建完成-手动操作！
2023-07-13 15:45:06,735 [AppLog] INFO : 加载成功：温控Modbus接口！
2023-07-13 15:45:30,057 [AppLog] INFO : 开启手动压墨上墨：PushInkBtn_Click
2023-07-13 15:45:31,273 [AppLog] INFO : 停止手动压墨上墨：PushInkBtn_Click
2023-07-13 15:45:41,164 [AppLog] INFO : 开启手动清洗挤墨喷头，DEV_EnableTimer: 端口{11}，清洗控制周期：{0.5}S,{0.5}S
2023-07-13 15:45:42,240 [AppLog] INFO : 关闭手动清洗挤墨喷头：DEV_EnableTimer
2023-07-13 15:45:44,253 [AppLog] INFO : 压墨等待结束,等待：{2S}
2023-07-13 15:45:44,767 [AppLog] INFO : 开启手动清洗挤墨喷头，DEV_EnableTimer: 端口{11}，清洗控制周期：{0.5}S,{0.5}S
2023-07-13 15:45:45,828 [AppLog] INFO : 关闭手动清洗挤墨喷头：DEV_EnableTimer
2023-07-13 15:45:47,841 [AppLog] INFO : 压墨等待结束,等待：{2S}
2023-07-13 15:45:48,355 [AppLog] INFO : 开启手动压墨上墨：PushInkBtn_Click
2023-07-13 15:45:49,525 [AppLog] INFO : 停止手动压墨上墨：PushInkBtn_Click
2023-07-13 15:45:56,077 [AppLog] INFO : 开启手动压墨上墨：PushInkBtn_Click
2023-07-13 15:45:57,856 [AppLog] INFO : 停止手动压墨上墨：PushInkBtn_Click
2023-07-13 15:46:04,205 [AppLog] INFO : 开启手动清洗挤墨喷头，DEV_EnableTimer: 端口{11}，清洗控制周期：{0.5}S,{0.5}S
2023-07-13 15:46:05,172 [AppLog] INFO : 关闭手动清洗挤墨喷头：DEV_EnableTimer
2023-07-13 15:46:07,185 [AppLog] INFO : 压墨等待结束,等待：{2S}
2023-07-13 15:46:07,715 [AppLog] INFO : 开启手动清洗挤墨喷头，DEV_EnableTimer: 端口{11}，清洗控制周期：{0.5}S,{0.5}S
2023-07-13 15:46:08,776 [AppLog] INFO : 关闭手动清洗挤墨喷头：DEV_EnableTimer
2023-07-13 15:46:10,788 [AppLog] INFO : 压墨等待结束,等待：{2S}
2023-07-13 15:46:11,319 [AppLog] INFO : 开启手动清洗挤墨喷头，DEV_EnableTimer: 端口{11}，清洗控制周期：{0.5}S,{0.5}S
2023-07-13 15:46:12,504 [AppLog] INFO : 关闭手动清洗挤墨喷头：DEV_EnableTimer
2023-07-13 15:46:14,517 [AppLog] INFO : 压墨等待结束,等待：{2S}
2023-07-13 15:46:16,077 [AppLog] INFO : 开启手动清洗挤墨喷头，DEV_EnableTimer: 端口{11}，清洗控制周期：{0.5}S,{0.5}S
2023-07-13 15:46:17,075 [AppLog] INFO : 关闭手动清洗挤墨喷头：DEV_EnableTimer
2023-07-13 15:46:19,087 [AppLog] INFO : 压墨等待结束,等待：{2S}
2023-07-13 15:46:42,020 [AppLog] INFO : 进入气压控制卡参数监控状态时
2023-07-13 15:46:44,984 [AppLog] INFO : 进入气压控制卡参数设置状态时
2023-07-13 15:46:48,182 [AppLog] INFO : 进入气压控制卡参数监控状态时
2023-07-13 15:46:58,353 [AppLog] INFO : 更新气压控制卡参数：DEV_AdibControl:二级墨盒加热电压：{12V}；MCU_SetPhVoltage:二级墨盒加热温度：{25℃}MCU_SetPhVoltage:负压目标值：{System.Single[]kPa}MCU_SetPhVoltage:负压阈值：{0.1kPa}
2023-07-13 15:47:09,710 [AppLog] INFO : 更新气压控制卡参数：DEV_AdibControl:二级墨盒加热电压：{12V}；MCU_SetPhVoltage:二级墨盒加热温度：{25℃}MCU_SetPhVoltage:负压目标值：{System.Single[]kPa}MCU_SetPhVoltage:负压阈值：{0.1kPa}
2023-07-13 15:47:41,190 [AppLog] INFO : 更新气压控制卡参数：DEV_AdibControl:二级墨盒加热电压：{12V}；MCU_SetPhVoltage:二级墨盒加热温度：{25℃}MCU_SetPhVoltage:负压目标值：{System.Single[]kPa}MCU_SetPhVoltage:负压阈值：{0.1kPa}
2023-07-13 15:47:53,046 [AppLog] INFO : 开启手动压墨上墨：PushInkBtn_Click
2023-07-13 15:47:55,277 [AppLog] INFO : 停止手动压墨上墨：PushInkBtn_Click
2023-07-13 15:48:31,329 [AppLog] INFO : 开启手动压墨上墨：PushInkBtn_Click
2023-07-13 15:48:33,170 [AppLog] INFO : 停止手动压墨上墨：PushInkBtn_Click
2023-07-13 15:48:55,977 [AppLog] INFO : 更新气压控制卡参数：DEV_AdibControl:二级墨盒加热电压：{12V}；MCU_SetPhVoltage:二级墨盒加热温度：{25℃}MCU_SetPhVoltage:负压目标值：{System.Single[]kPa}MCU_SetPhVoltage:负压阈值：{0.1kPa}
2023-07-13 15:49:02,045 [AppLog] INFO : 开启手动压墨上墨：PushInkBtn_Click
2023-07-13 15:49:04,089 [AppLog] INFO : 停止手动压墨上墨：PushInkBtn_Click
2023-07-13 15:52:02,413 [AppLog] INFO : 退出手动调试子模块,已执行修改
==========================================================================
2023-07-13 15:52:04,285 [AppLog] INFO : 进入手动调试子模块！
2023-07-13 15:52:04,285 [AppLog] INFO : 进入：ManulBtn_Click=》准备创建对象-手动操作！
2023-07-13 15:52:04,316 [AppLog] INFO : 创建：ManualControl=》创建完成-手动操作！
2023-07-13 15:52:04,316 [AppLog] INFO : 加载成功：温控Modbus接口！
2023-07-13 15:52:06,687 [AppLog] INFO : 手动控制墨车运动开启：沿Y轴后侧方向运动 ↓↓↓：nAxis{{1}},Dir{{true}},nPlsSpeed{{{nSpeed}}},nPlsCount{{750000}},cControlFlag{{{nCtlValue}}}
2023-07-13 15:52:06,734 [AppLog] INFO : 手动控制墨车运动带减速停止：沿Y轴方向运动 ↑↑↑↓↓↓ ====: bImmeStop{{false}},nAxisMask{{0x2}}
2023-07-13 15:52:07,982 [AppLog] INFO : 手动控制墨车运动开启：沿Y轴后侧方向运动 ↓↓↓：nAxis{{1}},Dir{{true}},nPlsSpeed{{{nSpeed}}},nPlsCount{{750000}},cControlFlag{{{nCtlValue}}}
2023-07-13 15:52:08,044 [AppLog] INFO : 手动控制墨车运动带减速停止：沿Y轴方向运动 ↑↑↑↓↓↓ ====: bImmeStop{{false}},nAxisMask{{0x2}}
2023-07-13 15:52:28,028 [AppLog] INFO : 开启墨车回零校准：PrintCarHomeBtn_Click
2023-07-13 15:52:28,028 [AppLog] INFO : 开启墨车回零校准线程：InkCarEncoderResetThread
2023-07-13 15:52:50,742 [AppLog] INFO : 墨车回零校准线程成功：InkCarEncoderResetThread
2023-07-13 15:53:07,106 [AppLog] INFO : 墨车回零校准线程失败：InkCarEncoderResetThread
2023-07-13 15:53:25,514 [AppLog] INFO : 手动开启自动清洗过程：AutoCleanBtn_Click
2023-07-13 15:53:25,514 [AppLog] INFO : 进入自动清洗过程：AutoCleanThread
2023-07-13 15:53:25,935 [AppLog] INFO : 刮墨轴回零成功：motionMap.SetBackSpreaderAxis(4, 1, 2, -SinkHomePosition)
2023-07-13 15:53:25,935 [AppLog] INFO : 准备读取编码器位置：Y方向！
2023-07-13 15:53:25,935 [AppLog] INFO : 准备运动，编码器当前位置：DEM_GetAxisEncodeVal：MoveDirectionFlag{false为Y方向：True}CurrentPos{51.06}AimPos{116}
2023-07-13 15:53:26,669 [AppLog] INFO : Y方向运动开始：DEM_Run：返回值{True}nAxis{1}DirFlag{True}nSpeed{300000}MoveStep{65062.80154}nCtlValue{1}
2023-07-13 15:53:26,731 [AppLog] INFO : Y方向到位停止：DEM_StopAxisRun：返回值{True}CurrentPos{115.42}bImmeStop{False}nAxisMask{2}
2023-07-13 15:53:26,731 [AppLog] INFO : 准备读取编码器位置：X方向！
2023-07-13 15:53:26,731 [AppLog] INFO : 准备运动，当前位置：DEV_GetPrintEncoderValue：MoveDirectionFlag{false为Y方向：False}CurrentPos{738.51}AimPos{780}
2023-07-13 15:53:26,762 [AppLog] INFO : X方向运动开始：DEM_Run：返回值{True}nAxis{0}DirFlag{True}nSpeed{300000}MoveStep{41490}nCtlValue{2}
2023-07-13 15:53:27,324 [AppLog] INFO : X方向到位停止：DEM_StopAxisRun：返回值{True}CurrentPos{776.81}bImmeStop{False}nAxisMask{1}
2023-07-13 15:53:27,324 [AppLog] INFO : 关闭闪喷： IDP_FlashPrtCtl(false)：ReturnCode{True}
2023-07-13 15:53:28,541 [AppLog] INFO : 开启手动清洗挤墨喷头，DEV_EnableTimer: 端口{11}，清洗控制周期：{0.5}S,{0.5}S
2023-07-13 15:53:29,055 [AppLog] INFO : 关闭手动清洗挤墨喷头：DEV_EnableTimer
2023-07-13 15:53:31,068 [AppLog] INFO : 压墨等待结束,等待：{2S}
2023-07-13 15:53:31,598 [AppLog] INFO : 准备读取编码器位置：X方向！
2023-07-13 15:53:31,598 [AppLog] INFO : 准备运动，当前位置：DEV_GetPrintEncoderValue：MoveDirectionFlag{false为Y方向：False}CurrentPos{779.495}AimPos{680}
2023-07-13 15:53:31,629 [AppLog] INFO : X方向运动开始：DEM_Run：返回值{True}nAxis{0}DirFlag{False}nSpeed{200000}MoveStep{-99495}nCtlValue{2}
2023-07-13 15:53:32,487 [AppLog] INFO : X方向到位停止：DEM_StopAxisRun：返回值{True}CurrentPos{683.69}bImmeStop{False}nAxisMask{1}
2023-07-13 15:53:33,080 [AppLog] INFO : 准备读取编码器位置：X方向！
2023-07-13 15:53:33,080 [AppLog] INFO : 准备运动，当前位置：DEV_GetPrintEncoderValue：MoveDirectionFlag{false为Y方向：False}CurrentPos{680.525}AimPos{758}
2023-07-13 15:53:33,111 [AppLog] INFO : X方向运动开始：DEM_Run：返回值{True}nAxis{0}DirFlag{True}nSpeed{300000}MoveStep{77475}nCtlValue{2}
2023-07-13 15:53:33,845 [AppLog] INFO : X方向到位停止：DEM_StopAxisRun：返回值{True}CurrentPos{753.245}bImmeStop{False}nAxisMask{1}
2023-07-13 15:53:33,845 [AppLog] INFO : 准备读取编码器位置：Y方向！
2023-07-13 15:53:33,845 [AppLog] INFO : 准备运动，编码器当前位置：DEM_GetAxisEncodeVal：MoveDirectionFlag{false为Y方向：True}CurrentPos{116.055}AimPos{317}
2023-07-13 15:53:35,311 [AppLog] INFO : Y方向运动开始：DEM_Run：返回值{True}nAxis{1}DirFlag{True}nSpeed{300000}MoveStep{201324.986995}nCtlValue{1}
2023-07-13 15:53:35,389 [AppLog] INFO : Y方向到位停止：DEM_StopAxisRun：返回值{True}CurrentPos{316.895}bImmeStop{False}nAxisMask{2}
2023-07-13 15:53:35,389 [AppLog] INFO : 结束自动清洗过程：AutoCleanThread
2023-07-13 15:53:55,856 [AppLog] INFO : 开启手动压墨上墨：PushInkBtn_Click
2023-07-13 15:53:57,135 [AppLog] INFO : 停止手动压墨上墨：PushInkBtn_Click
2023-07-13 15:54:05,325 [AppLog] INFO : 手动停止自动清洗过程：AutoCleanBtn_Click
2023-07-13 15:54:06,074 [AppLog] INFO : 手动开启自动清洗过程：AutoCleanBtn_Click
2023-07-13 15:54:06,074 [AppLog] INFO : 进入自动清洗过程：AutoCleanThread
2023-07-13 15:54:06,449 [AppLog] INFO : 刮墨轴回零成功：motionMap.SetBackSpreaderAxis(4, 1, 2, -SinkHomePosition)
2023-07-13 15:54:06,449 [AppLog] INFO : 准备读取编码器位置：Y方向！
2023-07-13 15:54:06,449 [AppLog] INFO : 准备运动，编码器当前位置：DEM_GetAxisEncodeVal：MoveDirectionFlag{false为Y方向：True}CurrentPos{316.95}AimPos{116}
2023-07-13 15:54:07,915 [AppLog] INFO : Y方向运动开始：DEM_Run：返回值{True}nAxis{1}DirFlag{False}nSpeed{300000}MoveStep{-201329.99645}nCtlValue{1}
2023-07-13 15:54:07,993 [AppLog] INFO : Y方向到位停止：DEM_StopAxisRun：返回值{True}CurrentPos{116.205}bImmeStop{False}nAxisMask{2}
2023-07-13 15:54:07,993 [AppLog] INFO : 准备读取编码器位置：X方向！
2023-07-13 15:54:07,993 [AppLog] INFO : 准备运动，当前位置：DEV_GetPrintEncoderValue：MoveDirectionFlag{false为Y方向：False}CurrentPos{757.52}AimPos{780}
2023-07-13 15:54:08,040 [AppLog] INFO : X方向运动开始：DEM_Run：返回值{True}nAxis{0}DirFlag{True}nSpeed{300000}MoveStep{22480}nCtlValue{2}
2023-07-13 15:54:08,445 [AppLog] INFO : X方向到位停止：DEM_StopAxisRun：返回值{True}CurrentPos{777.24}bImmeStop{False}nAxisMask{1}
2023-07-13 15:54:08,461 [AppLog] INFO : 关闭闪喷： IDP_FlashPrtCtl(false)：ReturnCode{True}
2023-07-13 15:54:09,678 [AppLog] INFO : 开启手动清洗挤墨喷头，DEV_EnableTimer: 端口{11}，清洗控制周期：{0.5}S,{0.5}S
2023-07-13 15:54:10,193 [AppLog] INFO : 关闭手动清洗挤墨喷头：DEV_EnableTimer
2023-07-13 15:54:12,205 [AppLog] INFO : 压墨等待结束,等待：{2S}
2023-07-13 15:54:12,720 [AppLog] INFO : 准备读取编码器位置：X方向！
2023-07-13 15:54:12,720 [AppLog] INFO : 准备运动，当前位置：DEV_GetPrintEncoderValue：MoveDirectionFlag{false为Y方向：False}CurrentPos{779.945}AimPos{680}
2023-07-13 15:54:12,751 [AppLog] INFO : X方向运动开始：DEM_Run：返回值{True}nAxis{0}DirFlag{False}nSpeed{200000}MoveStep{-99945}nCtlValue{2}
2023-07-13 15:54:13,625 [AppLog] INFO : X方向到位停止：DEM_StopAxisRun：返回值{True}CurrentPos{683.495}bImmeStop{False}nAxisMask{1}
2023-07-13 15:54:14,202 [AppLog] INFO : 准备读取编码器位置：X方向！
2023-07-13 15:54:14,202 [AppLog] INFO : 准备运动，当前位置：DEV_GetPrintEncoderValue：MoveDirectionFlag{false为Y方向：False}CurrentPos{680.535}AimPos{758}
2023-07-13 15:54:14,233 [AppLog] INFO : X方向运动开始：DEM_Run：返回值{True}nAxis{0}DirFlag{True}nSpeed{300000}MoveStep{77465}nCtlValue{2}
2023-07-13 15:54:14,982 [AppLog] INFO : X方向到位停止：DEM_StopAxisRun：返回值{True}CurrentPos{753.705}bImmeStop{False}nAxisMask{1}
2023-07-13 15:54:14,982 [AppLog] INFO : 准备读取编码器位置：Y方向！
2023-07-13 15:54:14,982 [AppLog] INFO : 准备运动，编码器当前位置：DEM_GetAxisEncodeVal：MoveDirectionFlag{false为Y方向：True}CurrentPos{116.165}AimPos{317}
2023-07-13 15:54:16,526 [AppLog] INFO : Y方向运动开始：DEM_Run：返回值{True}nAxis{1}DirFlag{True}nSpeed{300000}MoveStep{201214.778985}nCtlValue{1}
2023-07-13 15:54:16,589 [AppLog] INFO : Y方向到位停止：DEM_StopAxisRun：返回值{True}CurrentPos{316.78}bImmeStop{False}nAxisMask{2}
2023-07-13 15:54:16,589 [AppLog] INFO : 结束自动清洗过程：AutoCleanThread
2023-07-13 15:54:44,747 [AppLog] INFO : 进入气压控制卡参数监控状态时
2023-07-13 15:54:51,954 [AppLog] INFO : 更新气压控制卡参数：DEV_AdibControl:二级墨盒加热电压：{12V}；MCU_SetPhVoltage:二级墨盒加热温度：{25℃}MCU_SetPhVoltage:负压目标值：{System.Single[]kPa}MCU_SetPhVoltage:负压阈值：{0.1kPa}
2023-07-13 15:54:54,793 [AppLog] INFO : 开启手动压墨上墨：PushInkBtn_Click
2023-07-13 15:54:56,104 [AppLog] INFO : 停止手动压墨上墨：PushInkBtn_Click
2023-07-13 15:55:06,290 [AppLog] INFO : 手动停止自动清洗过程：AutoCleanBtn_Click
2023-07-13 15:55:06,883 [AppLog] INFO : 手动开启自动清洗过程：AutoCleanBtn_Click
2023-07-13 15:55:06,883 [AppLog] INFO : 进入自动清洗过程：AutoCleanThread
2023-07-13 15:55:07,258 [AppLog] INFO : 刮墨轴回零成功：motionMap.SetBackSpreaderAxis(4, 1, 2, -SinkHomePosition)
2023-07-13 15:55:07,258 [AppLog] INFO : 准备读取编码器位置：Y方向！
2023-07-13 15:55:07,258 [AppLog] INFO : 准备运动，编码器当前位置：DEM_GetAxisEncodeVal：MoveDirectionFlag{false为Y方向：True}CurrentPos{316.835}AimPos{116}
2023-07-13 15:55:08,802 [AppLog] INFO : Y方向运动开始：DEM_Run：返回值{True}nAxis{1}DirFlag{False}nSpeed{300000}MoveStep{-201214.778985}nCtlValue{1}
2023-07-13 15:55:08,864 [AppLog] INFO : Y方向到位停止：DEM_StopAxisRun：返回值{True}CurrentPos{116.21}bImmeStop{False}nAxisMask{2}
2023-07-13 15:55:08,864 [AppLog] INFO : 准备读取编码器位置：X方向！
2023-07-13 15:55:08,864 [AppLog] INFO : 准备运动，当前位置：DEV_GetPrintEncoderValue：MoveDirectionFlag{false为Y方向：False}CurrentPos{757.52}AimPos{780}
2023-07-13 15:55:08,896 [AppLog] INFO : X方向运动开始：DEM_Run：返回值{True}nAxis{0}DirFlag{True}nSpeed{300000}MoveStep{22480}nCtlValue{2}
2023-07-13 15:55:09,286 [AppLog] INFO : X方向到位停止：DEM_StopAxisRun：返回值{True}CurrentPos{775.89}bImmeStop{False}nAxisMask{1}
2023-07-13 15:55:09,286 [AppLog] INFO : 关闭闪喷： IDP_FlashPrtCtl(false)：ReturnCode{True}
2023-07-13 15:55:10,502 [AppLog] INFO : 开启手动清洗挤墨喷头，DEV_EnableTimer: 端口{11}，清洗控制周期：{0.5}S,{0.5}S
2023-07-13 15:55:11,017 [AppLog] INFO : 关闭手动清洗挤墨喷头：DEV_EnableTimer
2023-07-13 15:55:13,030 [AppLog] INFO : 压墨等待结束,等待：{2S}
2023-07-13 15:55:13,560 [AppLog] INFO : 准备读取编码器位置：X方向！
2023-07-13 15:55:13,560 [AppLog] INFO : 准备运动，当前位置：DEV_GetPrintEncoderValue：MoveDirectionFlag{false为Y方向：False}CurrentPos{779.945}AimPos{680}
2023-07-13 15:55:13,591 [AppLog] INFO : X方向运动开始：DEM_Run：返回值{True}nAxis{0}DirFlag{False}nSpeed{200000}MoveStep{-99945}nCtlValue{2}
2023-07-13 15:55:14,465 [AppLog] INFO : X方向到位停止：DEM_StopAxisRun：返回值{True}CurrentPos{683.615}bImmeStop{False}nAxisMask{1}
2023-07-13 15:55:15,042 [AppLog] INFO : 准备读取编码器位置：X方向！
2023-07-13 15:55:15,042 [AppLog] INFO : 准备运动，当前位置：DEV_GetPrintEncoderValue：MoveDirectionFlag{false为Y方向：False}CurrentPos{680.535}AimPos{758}
2023-07-13 15:55:15,073 [AppLog] INFO : X方向运动开始：DEM_Run：返回值{True}nAxis{0}DirFlag{True}nSpeed{300000}MoveStep{77465}nCtlValue{2}
2023-07-13 15:55:15,822 [AppLog] INFO : X方向到位停止：DEM_StopAxisRun：返回值{True}CurrentPos{753.7}bImmeStop{False}nAxisMask{1}
2023-07-13 15:55:15,822 [AppLog] INFO : 准备读取编码器位置：Y方向！
2023-07-13 15:55:15,822 [AppLog] INFO : 准备运动，编码器当前位置：DEM_GetAxisEncodeVal：MoveDirectionFlag{false为Y方向：True}CurrentPos{116.165}AimPos{317}
2023-07-13 15:55:17,351 [AppLog] INFO : Y方向运动开始：DEM_Run：返回值{True}nAxis{1}DirFlag{True}nSpeed{300000}MoveStep{201214.778985}nCtlValue{1}
2023-07-13 15:55:17,413 [AppLog] INFO : Y方向到位停止：DEM_StopAxisRun：返回值{True}CurrentPos{316.77}bImmeStop{False}nAxisMask{2}
2023-07-13 15:55:17,413 [AppLog] INFO : 结束自动清洗过程：AutoCleanThread
2023-07-13 15:55:23,170 [AppLog] INFO : 退出手动调试子模块,已执行修改
==========================================================================
2023-07-13 15:55:24,854 [AppLog] INFO : 进入手动调试子模块！
2023-07-13 15:55:24,854 [AppLog] INFO : 进入：ManulBtn_Click=》准备创建对象-手动操作！
2023-07-13 15:55:24,870 [AppLog] INFO : 创建：ManualControl=》创建完成-手动操作！
2023-07-13 15:55:24,870 [AppLog] INFO : 加载成功：温控Modbus接口！
2023-07-13 15:55:26,664 [AppLog] INFO : 开启手动压墨上墨：PushInkBtn_Click
2023-07-13 15:55:27,959 [AppLog] INFO : 停止手动压墨上墨：PushInkBtn_Click
2023-07-13 15:55:32,561 [AppLog] INFO : 手动开启自动清洗过程：AutoCleanBtn_Click
2023-07-13 15:55:32,561 [AppLog] INFO : 进入自动清洗过程：AutoCleanThread
2023-07-13 15:55:32,935 [AppLog] INFO : 刮墨轴回零成功：motionMap.SetBackSpreaderAxis(4, 1, 2, -SinkHomePosition)
2023-07-13 15:55:32,935 [AppLog] INFO : 准备读取编码器位置：Y方向！
2023-07-13 15:55:32,935 [AppLog] INFO : 准备运动，编码器当前位置：DEM_GetAxisEncodeVal：MoveDirectionFlag{false为Y方向：True}CurrentPos{316.82}AimPos{116}
2023-07-13 15:55:34,448 [AppLog] INFO : Y方向运动开始：DEM_Run：返回值{True}nAxis{1}DirFlag{False}nSpeed{300000}MoveStep{-201199.75062}nCtlValue{1}
2023-07-13 15:55:34,511 [AppLog] INFO : Y方向到位停止：DEM_StopAxisRun：返回值{True}CurrentPos{116.225}bImmeStop{False}nAxisMask{2}
2023-07-13 15:55:34,511 [AppLog] INFO : 准备读取编码器位置：X方向！
2023-07-13 15:55:34,511 [AppLog] INFO : 准备运动，当前位置：DEV_GetPrintEncoderValue：MoveDirectionFlag{false为Y方向：False}CurrentPos{757.52}AimPos{780}
2023-07-13 15:55:34,542 [AppLog] INFO : X方向运动开始：DEM_Run：返回值{True}nAxis{0}DirFlag{True}nSpeed{300000}MoveStep{22480}nCtlValue{2}
2023-07-13 15:55:34,948 [AppLog] INFO : X方向到位停止：DEM_StopAxisRun：返回值{True}CurrentPos{776.765}bImmeStop{False}nAxisMask{1}
2023-07-13 15:55:34,948 [AppLog] INFO : 关闭闪喷： IDP_FlashPrtCtl(false)：ReturnCode{True}
2023-07-13 15:55:36,164 [AppLog] INFO : 开启手动清洗挤墨喷头，DEV_EnableTimer: 端口{11}，清洗控制周期：{0.5}S,{0.5}S
2023-07-13 15:55:36,976 [AppLog] INFO : 关闭手动清洗挤墨喷头：DEV_EnableTimer
2023-07-13 15:55:38,988 [AppLog] INFO : 压墨等待结束,等待：{2S}
2023-07-13 15:55:39,503 [AppLog] INFO : 准备读取编码器位置：X方向！
2023-07-13 15:55:39,503 [AppLog] INFO : 准备运动，当前位置：DEV_GetPrintEncoderValue：MoveDirectionFlag{false为Y方向：False}CurrentPos{779.945}AimPos{680}
2023-07-13 15:55:39,534 [AppLog] INFO : X方向运动开始：DEM_Run：返回值{True}nAxis{0}DirFlag{False}nSpeed{200000}MoveStep{-99945}nCtlValue{2}
2023-07-13 15:55:40,408 [AppLog] INFO : X方向到位停止：DEM_StopAxisRun：返回值{True}CurrentPos{683.65}bImmeStop{False}nAxisMask{1}
2023-07-13 15:55:40,985 [AppLog] INFO : 准备读取编码器位置：X方向！
2023-07-13 15:55:40,985 [AppLog] INFO : 准备运动，当前位置：DEV_GetPrintEncoderValue：MoveDirectionFlag{false为Y方向：False}CurrentPos{680.54}AimPos{758}
2023-07-13 15:55:41,016 [AppLog] INFO : X方向运动开始：DEM_Run：返回值{True}nAxis{0}DirFlag{True}nSpeed{300000}MoveStep{77460}nCtlValue{2}
2023-07-13 15:55:41,765 [AppLog] INFO : X方向到位停止：DEM_StopAxisRun：返回值{True}CurrentPos{753.885}bImmeStop{False}nAxisMask{1}
2023-07-13 15:55:41,765 [AppLog] INFO : 准备读取编码器位置：Y方向！
2023-07-13 15:55:41,765 [AppLog] INFO : 准备运动，编码器当前位置：DEM_GetAxisEncodeVal：MoveDirectionFlag{false为Y方向：True}CurrentPos{116.185}AimPos{317}
2023-07-13 15:55:43,278 [AppLog] INFO : Y方向运动开始：DEM_Run：返回值{True}nAxis{1}DirFlag{True}nSpeed{300000}MoveStep{201194.741165}nCtlValue{1}
2023-07-13 15:55:43,340 [AppLog] INFO : Y方向到位停止：DEM_StopAxisRun：返回值{True}CurrentPos{316.78}bImmeStop{False}nAxisMask{2}
2023-07-13 15:55:43,340 [AppLog] INFO : 结束自动清洗过程：AutoCleanThread
2023-07-13 15:55:45,212 [AppLog] INFO : 开启手动压墨上墨：PushInkBtn_Click
2023-07-13 15:55:46,585 [AppLog] INFO : 停止手动压墨上墨：PushInkBtn_Click
2023-07-13 15:55:50,906 [AppLog] INFO : 开启手动压墨上墨：PushInkBtn_Click
2023-07-13 15:55:51,671 [AppLog] INFO : 停止手动压墨上墨：PushInkBtn_Click
2023-07-13 15:55:58,738 [AppLog] INFO : 进入气压控制卡参数监控状态时
2023-07-13 15:56:10,001 [AppLog] INFO : 更新气压控制卡参数：DEV_AdibControl:二级墨盒加热电压：{12V}；MCU_SetPhVoltage:二级墨盒加热温度：{25℃}MCU_SetPhVoltage:负压目标值：{System.Single[]kPa}MCU_SetPhVoltage:负压阈值：{0.1kPa}
2023-07-13 15:56:16,881 [AppLog] INFO : 手动停止自动清洗过程：AutoCleanBtn_Click
2023-07-13 15:56:17,473 [AppLog] INFO : 手动开启自动清洗过程：AutoCleanBtn_Click
2023-07-13 15:56:17,473 [AppLog] INFO : 进入自动清洗过程：AutoCleanThread
2023-07-13 15:56:17,832 [AppLog] INFO : 刮墨轴回零成功：motionMap.SetBackSpreaderAxis(4, 1, 2, -SinkHomePosition)
2023-07-13 15:56:17,832 [AppLog] INFO : 准备读取编码器位置：Y方向！
2023-07-13 15:56:17,848 [AppLog] INFO : 准备运动，编码器当前位置：DEM_GetAxisEncodeVal：MoveDirectionFlag{false为Y方向：True}CurrentPos{316.82}AimPos{116}
2023-07-13 15:56:19,377 [AppLog] INFO : Y方向运动开始：DEM_Run：返回值{True}nAxis{1}DirFlag{False}nSpeed{300000}MoveStep{-201199.75062}nCtlValue{1}
2023-07-13 15:56:19,439 [AppLog] INFO : Y方向到位停止：DEM_StopAxisRun：返回值{True}CurrentPos{116.225}bImmeStop{False}nAxisMask{2}
2023-07-13 15:56:19,439 [AppLog] INFO : 准备读取编码器位置：X方向！
2023-07-13 15:56:19,439 [AppLog] INFO : 准备运动，当前位置：DEV_GetPrintEncoderValue：MoveDirectionFlag{false为Y方向：False}CurrentPos{757.515}AimPos{780}
2023-07-13 15:56:19,470 [AppLog] INFO : X方向运动开始：DEM_Run：返回值{True}nAxis{0}DirFlag{True}nSpeed{300000}MoveStep{22485}nCtlValue{2}
2023-07-13 15:56:19,860 [AppLog] INFO : X方向到位停止：DEM_StopAxisRun：返回值{True}CurrentPos{775.94}bImmeStop{False}nAxisMask{1}
2023-07-13 15:56:19,860 [AppLog] INFO : 关闭闪喷： IDP_FlashPrtCtl(false)：ReturnCode{True}
2023-07-13 15:56:21,077 [AppLog] INFO : 开启手动清洗挤墨喷头，DEV_EnableTimer: 端口{11}，清洗控制周期：{0.5}S,{0.5}S
2023-07-13 15:56:21,904 [AppLog] INFO : 关闭手动清洗挤墨喷头：DEV_EnableTimer
2023-07-13 15:56:23,916 [AppLog] INFO : 压墨等待结束,等待：{2S}
2023-07-13 15:56:24,431 [AppLog] INFO : 准备读取编码器位置：X方向！
2023-07-13 15:56:24,431 [AppLog] INFO : 准备运动，当前位置：DEV_GetPrintEncoderValue：MoveDirectionFlag{false为Y方向：False}CurrentPos{779.95}AimPos{680}
2023-07-13 15:56:24,462 [AppLog] INFO : X方向运动开始：DEM_Run：返回值{True}nAxis{0}DirFlag{False}nSpeed{200000}MoveStep{-99950}nCtlValue{2}
2023-07-13 15:56:25,320 [AppLog] INFO : X方向到位停止：DEM_StopAxisRun：返回值{True}CurrentPos{684.5}bImmeStop{False}nAxisMask{1}
2023-07-13 15:56:25,897 [AppLog] INFO : 准备读取编码器位置：X方向！
2023-07-13 15:56:25,897 [AppLog] INFO : 准备运动，当前位置：DEV_GetPrintEncoderValue：MoveDirectionFlag{false为Y方向：False}CurrentPos{680.53}AimPos{758}
2023-07-13 15:56:25,929 [AppLog] INFO : X方向运动开始：DEM_Run：返回值{True}nAxis{0}DirFlag{True}nSpeed{300000}MoveStep{77470}nCtlValue{2}
2023-07-13 15:56:26,677 [AppLog] INFO : X方向到位停止：DEM_StopAxisRun：返回值{True}CurrentPos{753.68}bImmeStop{False}nAxisMask{1}
2023-07-13 15:56:26,677 [AppLog] INFO : 准备读取编码器位置：Y方向！
2023-07-13 15:56:26,677 [AppLog] INFO : 准备运动，编码器当前位置：DEM_GetAxisEncodeVal：MoveDirectionFlag{false为Y方向：True}CurrentPos{116.18}AimPos{317}
2023-07-13 15:56:28,191 [AppLog] INFO : Y方向运动开始：DEM_Run：返回值{True}nAxis{1}DirFlag{True}nSpeed{300000}MoveStep{201199.75062}nCtlValue{1}
2023-07-13 15:56:28,253 [AppLog] INFO : Y方向到位停止：DEM_StopAxisRun：返回值{True}CurrentPos{316.775}bImmeStop{False}nAxisMask{2}
2023-07-13 15:56:28,253 [AppLog] INFO : 结束自动清洗过程：AutoCleanThread
2023-07-13 15:56:31,623 [AppLog] INFO : 开启手动压墨上墨：PushInkBtn_Click
2023-07-13 15:56:33,073 [AppLog] INFO : 停止手动压墨上墨：PushInkBtn_Click
2023-07-13 15:56:37,395 [AppLog] INFO : 手动停止自动清洗过程：AutoCleanBtn_Click
2023-07-13 15:56:38,019 [AppLog] INFO : 手动开启自动清洗过程：AutoCleanBtn_Click
2023-07-13 15:56:38,019 [AppLog] INFO : 进入自动清洗过程：AutoCleanThread
2023-07-13 15:56:38,377 [AppLog] INFO : 刮墨轴回零成功：motionMap.SetBackSpreaderAxis(4, 1, 2, -SinkHomePosition)
2023-07-13 15:56:38,377 [AppLog] INFO : 准备读取编码器位置：Y方向！
2023-07-13 15:56:38,377 [AppLog] INFO : 准备运动，编码器当前位置：DEM_GetAxisEncodeVal：MoveDirectionFlag{false为Y方向：True}CurrentPos{316.815}AimPos{116}
2023-07-13 15:56:39,875 [AppLog] INFO : Y方向运动开始：DEM_Run：返回值{True}nAxis{1}DirFlag{False}nSpeed{300000}MoveStep{-201194.741165}nCtlValue{1}
2023-07-13 15:56:39,937 [AppLog] INFO : Y方向到位停止：DEM_StopAxisRun：返回值{True}CurrentPos{116.235}bImmeStop{False}nAxisMask{2}
2023-07-13 15:56:39,937 [AppLog] INFO : 准备读取编码器位置：X方向！
2023-07-13 15:56:39,937 [AppLog] INFO : 准备运动，当前位置：DEV_GetPrintEncoderValue：MoveDirectionFlag{false为Y方向：False}CurrentPos{757.52}AimPos{780}
2023-07-13 15:56:39,969 [AppLog] INFO : X方向运动开始：DEM_Run：返回值{True}nAxis{0}DirFlag{True}nSpeed{300000}MoveStep{22480}nCtlValue{2}
2023-07-13 15:56:40,374 [AppLog] INFO : X方向到位停止：DEM_StopAxisRun：返回值{True}CurrentPos{776.725}bImmeStop{False}nAxisMask{1}
2023-07-13 15:56:40,374 [AppLog] INFO : 关闭闪喷： IDP_FlashPrtCtl(false)：ReturnCode{True}
2023-07-13 15:56:41,591 [AppLog] INFO : 开启手动清洗挤墨喷头，DEV_EnableTimer: 端口{11}，清洗控制周期：{0.5}S,{0.5}S
2023-07-13 15:56:42,402 [AppLog] INFO : 关闭手动清洗挤墨喷头：DEV_EnableTimer
2023-07-13 15:56:44,415 [AppLog] INFO : 压墨等待结束,等待：{2S}
2023-07-13 15:56:44,929 [AppLog] INFO : 准备读取编码器位置：X方向！
2023-07-13 15:56:44,929 [AppLog] INFO : 准备运动，当前位置：DEV_GetPrintEncoderValue：MoveDirectionFlag{false为Y方向：False}CurrentPos{779.945}AimPos{680}
2023-07-13 15:56:44,961 [AppLog] INFO : X方向运动开始：DEM_Run：返回值{True}nAxis{0}DirFlag{False}nSpeed{200000}MoveStep{-99945}nCtlValue{2}
2023-07-13 15:56:45,819 [AppLog] INFO : X方向到位停止：DEM_StopAxisRun：返回值{True}CurrentPos{684.065}bImmeStop{False}nAxisMask{1}
2023-07-13 15:56:46,396 [AppLog] INFO : 准备读取编码器位置：X方向！
2023-07-13 15:56:46,396 [AppLog] INFO : 准备运动，当前位置：DEV_GetPrintEncoderValue：MoveDirectionFlag{false为Y方向：False}CurrentPos{680.535}AimPos{758}
2023-07-13 15:56:46,427 [AppLog] INFO : X方向运动开始：DEM_Run：返回值{True}nAxis{0}DirFlag{True}nSpeed{300000}MoveStep{77465}nCtlValue{2}
2023-07-13 15:56:47,176 [AppLog] INFO : X方向到位停止：DEM_StopAxisRun：返回值{True}CurrentPos{753.815}bImmeStop{False}nAxisMask{1}
2023-07-13 15:56:47,176 [AppLog] INFO : 准备读取编码器位置：Y方向！
2023-07-13 15:56:47,176 [AppLog] INFO : 准备运动，编码器当前位置：DEM_GetAxisEncodeVal：MoveDirectionFlag{false为Y方向：True}CurrentPos{116.185}AimPos{317}
2023-07-13 15:56:48,673 [AppLog] INFO : Y方向运动开始：DEM_Run：返回值{True}nAxis{1}DirFlag{True}nSpeed{300000}MoveStep{201194.741165}nCtlValue{1}
2023-07-13 15:56:48,736 [AppLog] INFO : Y方向到位停止：DEM_StopAxisRun：返回值{True}CurrentPos{316.775}bImmeStop{False}nAxisMask{2}
2023-07-13 15:56:48,736 [AppLog] INFO : 结束自动清洗过程：AutoCleanThread
2023-07-13 15:56:51,138 [AppLog] INFO : 开启手动压墨上墨：PushInkBtn_Click
2023-07-13 15:56:52,308 [AppLog] INFO : 停止手动压墨上墨：PushInkBtn_Click
2023-07-13 15:56:57,144 [AppLog] INFO : 手动停止自动清洗过程：AutoCleanBtn_Click
2023-07-13 15:56:57,706 [AppLog] INFO : 手动开启自动清洗过程：AutoCleanBtn_Click
2023-07-13 15:56:57,706 [AppLog] INFO : 进入自动清洗过程：AutoCleanThread
2023-07-13 15:56:58,065 [AppLog] INFO : 刮墨轴回零成功：motionMap.SetBackSpreaderAxis(4, 1, 2, -SinkHomePosition)
2023-07-13 15:56:58,065 [AppLog] INFO : 准备读取编码器位置：Y方向！
2023-07-13 15:56:58,065 [AppLog] INFO : 准备运动，编码器当前位置：DEM_GetAxisEncodeVal：MoveDirectionFlag{false为Y方向：True}CurrentPos{316.815}AimPos{116}
2023-07-13 15:56:59,562 [AppLog] INFO : Y方向运动开始：DEM_Run：返回值{True}nAxis{1}DirFlag{False}nSpeed{300000}MoveStep{-201194.741165}nCtlValue{1}
2023-07-13 15:56:59,625 [AppLog] INFO : Y方向到位停止：DEM_StopAxisRun：返回值{True}CurrentPos{116.23}bImmeStop{False}nAxisMask{2}
2023-07-13 15:56:59,625 [AppLog] INFO : 准备读取编码器位置：X方向！
2023-07-13 15:56:59,625 [AppLog] INFO : 准备运动，当前位置：DEV_GetPrintEncoderValue：MoveDirectionFlag{false为Y方向：False}CurrentPos{757.51}AimPos{780}
2023-07-13 15:56:59,656 [AppLog] INFO : X方向运动开始：DEM_Run：返回值{True}nAxis{0}DirFlag{True}nSpeed{300000}MoveStep{22490}nCtlValue{2}
2023-07-13 15:57:00,061 [AppLog] INFO : X方向到位停止：DEM_StopAxisRun：返回值{True}CurrentPos{776.84}bImmeStop{False}nAxisMask{1}
2023-07-13 15:57:00,061 [AppLog] INFO : 关闭闪喷： IDP_FlashPrtCtl(false)：ReturnCode{True}
2023-07-13 15:57:01,278 [AppLog] INFO : 开启手动清洗挤墨喷头，DEV_EnableTimer: 端口{11}，清洗控制周期：{0.5}S,{0.5}S
2023-07-13 15:57:02,089 [AppLog] INFO : 关闭手动清洗挤墨喷头：DEV_EnableTimer
2023-07-13 15:57:04,102 [AppLog] INFO : 压墨等待结束,等待：{2S}
2023-07-13 15:57:04,617 [AppLog] INFO : 准备读取编码器位置：X方向！
2023-07-13 15:57:04,617 [AppLog] INFO : 准备运动，当前位置：DEV_GetPrintEncoderValue：MoveDirectionFlag{false为Y方向：False}CurrentPos{779.955}AimPos{680}
2023-07-13 15:57:04,648 [AppLog] INFO : X方向运动开始：DEM_Run：返回值{True}nAxis{0}DirFlag{False}nSpeed{200000}MoveStep{-99955}nCtlValue{2}
2023-07-13 15:57:05,490 [AppLog] INFO : X方向到位停止：DEM_StopAxisRun：返回值{True}CurrentPos{684.995}bImmeStop{False}nAxisMask{1}
2023-07-13 15:57:06,067 [AppLog] INFO : 准备读取编码器位置：X方向！
2023-07-13 15:57:06,067 [AppLog] INFO : 准备运动，当前位置：DEV_GetPrintEncoderValue：MoveDirectionFlag{false为Y方向：False}CurrentPos{680.53}AimPos{758}
2023-07-13 15:57:06,099 [AppLog] INFO : X方向运动开始：DEM_Run：返回值{True}nAxis{0}DirFlag{True}nSpeed{300000}MoveStep{77470}nCtlValue{2}
2023-07-13 15:57:06,847 [AppLog] INFO : X方向到位停止：DEM_StopAxisRun：返回值{True}CurrentPos{754.115}bImmeStop{False}nAxisMask{1}
2023-07-13 15:57:06,847 [AppLog] INFO : 准备读取编码器位置：Y方向！
2023-07-13 15:57:06,847 [AppLog] INFO : 准备运动，编码器当前位置：DEM_GetAxisEncodeVal：MoveDirectionFlag{false为Y方向：True}CurrentPos{116.18}AimPos{317}
2023-07-13 15:57:08,392 [AppLog] INFO : Y方向运动开始：DEM_Run：返回值{True}nAxis{1}DirFlag{True}nSpeed{300000}MoveStep{201199.75062}nCtlValue{1}
2023-07-13 15:57:08,454 [AppLog] INFO : Y方向到位停止：DEM_StopAxisRun：返回值{True}CurrentPos{316.78}bImmeStop{False}nAxisMask{2}
2023-07-13 15:57:08,454 [AppLog] INFO : 结束自动清洗过程：AutoCleanThread
2023-07-13 15:57:15,755 [AppLog] INFO : 更新气压控制卡参数：DEV_AdibControl:二级墨盒加热电压：{12V}；MCU_SetPhVoltage:二级墨盒加热温度：{25℃}MCU_SetPhVoltage:负压目标值：{System.Single[]kPa}MCU_SetPhVoltage:负压阈值：{0.1kPa}
2023-07-13 15:57:29,343 [AppLog] INFO : 退出手动调试子模块,已执行修改
==========================================================================
2023-07-13 15:57:30,076 [AppLog] INFO : 进入手动调试子模块！
2023-07-13 15:57:30,076 [AppLog] INFO : 进入：ManulBtn_Click=》准备创建对象-手动操作！
2023-07-13 15:57:30,107 [AppLog] INFO : 创建：ManualControl=》创建完成-手动操作！
2023-07-13 15:57:30,107 [AppLog] INFO : 加载成功：温控Modbus接口！
2023-07-13 15:57:36,737 [AppLog] INFO : 手动开启自动清洗过程：AutoCleanBtn_Click
2023-07-13 15:57:36,737 [AppLog] INFO : 进入自动清洗过程：AutoCleanThread
2023-07-13 15:57:37,096 [AppLog] INFO : 刮墨轴回零成功：motionMap.SetBackSpreaderAxis(4, 1, 2, -SinkHomePosition)
2023-07-13 15:57:37,096 [AppLog] INFO : 准备读取编码器位置：Y方向！
2023-07-13 15:57:37,096 [AppLog] INFO : 准备运动，编码器当前位置：DEM_GetAxisEncodeVal：MoveDirectionFlag{false为Y方向：True}CurrentPos{316.82}AimPos{116}
2023-07-13 15:57:38,593 [AppLog] INFO : Y方向运动开始：DEM_Run：返回值{True}nAxis{1}DirFlag{False}nSpeed{300000}MoveStep{-201199.75062}nCtlValue{1}
2023-07-13 15:57:38,656 [AppLog] INFO : Y方向到位停止：DEM_StopAxisRun：返回值{True}CurrentPos{116.24}bImmeStop{False}nAxisMask{2}
2023-07-13 15:57:38,656 [AppLog] INFO : 准备读取编码器位置：X方向！
2023-07-13 15:57:38,656 [AppLog] INFO : 准备运动，当前位置：DEV_GetPrintEncoderValue：MoveDirectionFlag{false为Y方向：False}CurrentPos{757.515}AimPos{780}
2023-07-13 15:57:38,687 [AppLog] INFO : X方向运动开始：DEM_Run：返回值{True}nAxis{0}DirFlag{True}nSpeed{300000}MoveStep{22485}nCtlValue{2}
2023-07-13 15:57:39,077 [AppLog] INFO : X方向到位停止：DEM_StopAxisRun：返回值{True}CurrentPos{776.005}bImmeStop{False}nAxisMask{1}
2023-07-13 15:57:39,077 [AppLog] INFO : 关闭闪喷： IDP_FlashPrtCtl(false)：ReturnCode{True}
2023-07-13 15:57:40,294 [AppLog] INFO : 开启手动清洗挤墨喷头，DEV_EnableTimer: 端口{11}，清洗控制周期：{0.5}S,{0.5}S
2023-07-13 15:57:40,918 [AppLog] INFO : 关闭手动清洗挤墨喷头：DEV_EnableTimer
2023-07-13 15:57:42,930 [AppLog] INFO : 压墨等待结束,等待：{2S}
2023-07-13 15:57:43,445 [AppLog] INFO : 准备读取编码器位置：X方向！
2023-07-13 15:57:43,445 [AppLog] INFO : 准备运动，当前位置：DEV_GetPrintEncoderValue：MoveDirectionFlag{false为Y方向：False}CurrentPos{779.96}AimPos{680}
2023-07-13 15:57:43,476 [AppLog] INFO : X方向运动开始：DEM_Run：返回值{True}nAxis{0}DirFlag{False}nSpeed{200000}MoveStep{-99960}nCtlValue{2}
2023-07-13 15:57:44,334 [AppLog] INFO : X方向到位停止：DEM_StopAxisRun：返回值{True}CurrentPos{684.555}bImmeStop{False}nAxisMask{1}
2023-07-13 15:57:44,911 [AppLog] INFO : 准备读取编码器位置：X方向！
2023-07-13 15:57:44,911 [AppLog] INFO : 准备运动，当前位置：DEV_GetPrintEncoderValue：MoveDirectionFlag{false为Y方向：False}CurrentPos{680.525}AimPos{758}
2023-07-13 15:57:44,943 [AppLog] INFO : X方向运动开始：DEM_Run：返回值{True}nAxis{0}DirFlag{True}nSpeed{300000}MoveStep{77475}nCtlValue{2}
2023-07-13 15:57:45,691 [AppLog] INFO : X方向到位停止：DEM_StopAxisRun：返回值{True}CurrentPos{753.735}bImmeStop{False}nAxisMask{1}
2023-07-13 15:57:45,691 [AppLog] INFO : 准备读取编码器位置：Y方向！
2023-07-13 15:57:45,691 [AppLog] INFO : 准备运动，编码器当前位置：DEM_GetAxisEncodeVal：MoveDirectionFlag{false为Y方向：True}CurrentPos{116.185}AimPos{317}
2023-07-13 15:57:47,205 [AppLog] INFO : Y方向运动开始：DEM_Run：返回值{True}nAxis{1}DirFlag{True}nSpeed{300000}MoveStep{201194.741165}nCtlValue{1}
2023-07-13 15:57:47,267 [AppLog] INFO : Y方向到位停止：DEM_StopAxisRun：返回值{True}CurrentPos{316.775}bImmeStop{False}nAxisMask{2}
2023-07-13 15:57:47,267 [AppLog] INFO : 结束自动清洗过程：AutoCleanThread
2023-07-13 15:57:56,846 [AppLog] INFO : 退出手动调试子模块,已执行修改
==========================================================================
2023-07-13 15:57:59,045 [AppLog] INFO : 进入手动调试子模块！
2023-07-13 15:57:59,045 [AppLog] INFO : 进入：ManulBtn_Click=》准备创建对象-手动操作！
2023-07-13 15:57:59,076 [AppLog] INFO : 创建：ManualControl=》创建完成-手动操作！
2023-07-13 15:57:59,076 [AppLog] INFO : 加载成功：温控Modbus接口！
2023-07-13 15:57:59,950 [AppLog] INFO : 手动开启自动清洗过程：AutoCleanBtn_Click
2023-07-13 15:57:59,950 [AppLog] INFO : 进入自动清洗过程：AutoCleanThread
2023-07-13 15:58:00,324 [AppLog] INFO : 刮墨轴回零成功：motionMap.SetBackSpreaderAxis(4, 1, 2, -SinkHomePosition)
2023-07-13 15:58:00,324 [AppLog] INFO : 准备读取编码器位置：Y方向！
2023-07-13 15:58:00,324 [AppLog] INFO : 准备运动，编码器当前位置：DEM_GetAxisEncodeVal：MoveDirectionFlag{false为Y方向：True}CurrentPos{316.815}AimPos{116}
2023-07-13 15:58:01,838 [AppLog] INFO : Y方向运动开始：DEM_Run：返回值{True}nAxis{1}DirFlag{False}nSpeed{300000}MoveStep{-201194.741165}nCtlValue{1}
2023-07-13 15:58:01,900 [AppLog] INFO : Y方向到位停止：DEM_StopAxisRun：返回值{True}CurrentPos{116.235}bImmeStop{False}nAxisMask{2}
2023-07-13 15:58:01,900 [AppLog] INFO : 准备读取编码器位置：X方向！
2023-07-13 15:58:01,900 [AppLog] INFO : 准备运动，当前位置：DEV_GetPrintEncoderValue：MoveDirectionFlag{false为Y方向：False}CurrentPos{757.515}AimPos{780}
2023-07-13 15:58:01,931 [AppLog] INFO : X方向运动开始：DEM_Run：返回值{True}nAxis{0}DirFlag{True}nSpeed{300000}MoveStep{22485}nCtlValue{2}
2023-07-13 15:58:02,337 [AppLog] INFO : X方向到位停止：DEM_StopAxisRun：返回值{True}CurrentPos{776.82}bImmeStop{False}nAxisMask{1}
2023-07-13 15:58:02,337 [AppLog] INFO : 关闭闪喷： IDP_FlashPrtCtl(false)：ReturnCode{True}
2023-07-13 15:58:03,554 [AppLog] INFO : 开启手动清洗挤墨喷头，DEV_EnableTimer: 端口{11}，清洗控制周期：{0.5}S,{0.5}S
2023-07-13 15:58:04,256 [AppLog] INFO : 关闭手动清洗挤墨喷头：DEV_EnableTimer
2023-07-13 15:58:06,268 [AppLog] INFO : 压墨等待结束,等待：{2S}
2023-07-13 15:58:06,783 [AppLog] INFO : 准备读取编码器位置：X方向！
2023-07-13 15:58:06,783 [AppLog] INFO : 准备运动，当前位置：DEV_GetPrintEncoderValue：MoveDirectionFlag{false为Y方向：False}CurrentPos{779.96}AimPos{680}
2023-07-13 15:58:06,814 [AppLog] INFO : X方向运动开始：DEM_Run：返回值{True}nAxis{0}DirFlag{False}nSpeed{200000}MoveStep{-99960}nCtlValue{2}
2023-07-13 15:58:07,672 [AppLog] INFO : X方向到位停止：DEM_StopAxisRun：返回值{True}CurrentPos{684.555}bImmeStop{False}nAxisMask{1}
2023-07-13 15:58:08,249 [AppLog] INFO : 准备读取编码器位置：X方向！
2023-07-13 15:58:08,249 [AppLog] INFO : 准备运动，当前位置：DEV_GetPrintEncoderValue：MoveDirectionFlag{false为Y方向：False}CurrentPos{680.535}AimPos{758}
2023-07-13 15:58:08,280 [AppLog] INFO : X方向运动开始：DEM_Run：返回值{True}nAxis{0}DirFlag{True}nSpeed{300000}MoveStep{77465}nCtlValue{2}
2023-07-13 15:58:09,029 [AppLog] INFO : X方向到位停止：DEM_StopAxisRun：返回值{True}CurrentPos{753.665}bImmeStop{False}nAxisMask{1}
2023-07-13 15:58:09,029 [AppLog] INFO : 准备读取编码器位置：Y方向！
2023-07-13 15:58:09,029 [AppLog] INFO : 准备运动，编码器当前位置：DEM_GetAxisEncodeVal：MoveDirectionFlag{false为Y方向：True}CurrentPos{116.185}AimPos{317}
2023-07-13 15:58:10,527 [AppLog] INFO : Y方向运动开始：DEM_Run：返回值{True}nAxis{1}DirFlag{True}nSpeed{300000}MoveStep{201194.741165}nCtlValue{1}
2023-07-13 15:58:10,589 [AppLog] INFO : Y方向到位停止：DEM_StopAxisRun：返回值{True}CurrentPos{316.775}bImmeStop{False}nAxisMask{2}
2023-07-13 15:58:10,589 [AppLog] INFO : 结束自动清洗过程：AutoCleanThread
2023-07-13 15:58:14,739 [AppLog] INFO : 手动停止自动清洗过程：AutoCleanBtn_Click
2023-07-13 15:58:15,207 [AppLog] INFO : 手动开启自动清洗过程：AutoCleanBtn_Click
2023-07-13 15:58:15,207 [AppLog] INFO : 进入自动清洗过程：AutoCleanThread
2023-07-13 15:58:15,566 [AppLog] INFO : 刮墨轴回零成功：motionMap.SetBackSpreaderAxis(4, 1, 2, -SinkHomePosition)
2023-07-13 15:58:15,566 [AppLog] INFO : 准备读取编码器位置：Y方向！
2023-07-13 15:58:15,566 [AppLog] INFO : 准备运动，编码器当前位置：DEM_GetAxisEncodeVal：MoveDirectionFlag{false为Y方向：True}CurrentPos{316.81}AimPos{116}
2023-07-13 15:58:17,048 [AppLog] INFO : Y方向运动开始：DEM_Run：返回值{True}nAxis{1}DirFlag{False}nSpeed{300000}MoveStep{-201189.73171}nCtlValue{1}
2023-07-13 15:58:17,110 [AppLog] INFO : Y方向到位停止：DEM_StopAxisRun：返回值{True}CurrentPos{116.24}bImmeStop{False}nAxisMask{2}
2023-07-13 15:58:17,110 [AppLog] INFO : 准备读取编码器位置：X方向！
2023-07-13 15:58:17,110 [AppLog] INFO : 准备运动，当前位置：DEV_GetPrintEncoderValue：MoveDirectionFlag{false为Y方向：False}CurrentPos{757.5}AimPos{780}
2023-07-13 15:58:17,141 [AppLog] INFO : X方向运动开始：DEM_Run：返回值{True}nAxis{0}DirFlag{True}nSpeed{300000}MoveStep{22500}nCtlValue{2}
2023-07-13 15:58:17,562 [AppLog] INFO : X方向到位停止：DEM_StopAxisRun：返回值{True}CurrentPos{777.68}bImmeStop{False}nAxisMask{1}
2023-07-13 15:58:17,562 [AppLog] INFO : 关闭闪喷： IDP_FlashPrtCtl(false)：ReturnCode{True}
2023-07-13 15:58:18,779 [AppLog] INFO : 开启手动清洗挤墨喷头，DEV_EnableTimer: 端口{11}，清洗控制周期：{0.5}S,{0.5}S
2023-07-13 15:58:19,481 [AppLog] INFO : 关闭手动清洗挤墨喷头：DEV_EnableTimer
2023-07-13 15:58:21,494 [AppLog] INFO : 压墨等待结束,等待：{2S}
2023-07-13 15:58:22,008 [AppLog] INFO : 准备读取编码器位置：X方向！
2023-07-13 15:58:22,008 [AppLog] INFO : 准备运动，当前位置：DEV_GetPrintEncoderValue：MoveDirectionFlag{false为Y方向：False}CurrentPos{779.965}AimPos{680}
2023-07-13 15:58:22,040 [AppLog] INFO : X方向运动开始：DEM_Run：返回值{True}nAxis{0}DirFlag{False}nSpeed{200000}MoveStep{-99965}nCtlValue{2}
2023-07-13 15:58:22,898 [AppLog] INFO : X方向到位停止：DEM_StopAxisRun：返回值{True}CurrentPos{684.575}bImmeStop{False}nAxisMask{1}
2023-07-13 15:58:23,475 [AppLog] INFO : 准备读取编码器位置：X方向！
2023-07-13 15:58:23,475 [AppLog] INFO : 准备运动，当前位置：DEV_GetPrintEncoderValue：MoveDirectionFlag{false为Y方向：False}CurrentPos{680.53}AimPos{758}
2023-07-13 15:58:23,506 [AppLog] INFO : X方向运动开始：DEM_Run：返回值{True}nAxis{0}DirFlag{True}nSpeed{300000}MoveStep{77470}nCtlValue{2}
2023-07-13 15:58:24,255 [AppLog] INFO : X方向到位停止：DEM_StopAxisRun：返回值{True}CurrentPos{753.685}bImmeStop{False}nAxisMask{1}
2023-07-13 15:58:24,255 [AppLog] INFO : 准备读取编码器位置：Y方向！
2023-07-13 15:58:24,255 [AppLog] INFO : 准备运动，编码器当前位置：DEM_GetAxisEncodeVal：MoveDirectionFlag{false为Y方向：True}CurrentPos{116.185}AimPos{317}
2023-07-13 15:58:25,752 [AppLog] INFO : Y方向运动开始：DEM_Run：返回值{True}nAxis{1}DirFlag{True}nSpeed{300000}MoveStep{201194.741165}nCtlValue{1}
2023-07-13 15:58:25,815 [AppLog] INFO : Y方向到位停止：DEM_StopAxisRun：返回值{True}CurrentPos{316.785}bImmeStop{False}nAxisMask{2}
2023-07-13 15:58:25,815 [AppLog] INFO : 结束自动清洗过程：AutoCleanThread
2023-07-13 15:58:28,763 [AppLog] INFO : 手动停止自动清洗过程：AutoCleanBtn_Click
2023-07-13 15:58:29,559 [AppLog] INFO : 手动开启自动清洗过程：AutoCleanBtn_Click
2023-07-13 15:58:29,559 [AppLog] INFO : 进入自动清洗过程：AutoCleanThread
2023-07-13 15:58:29,918 [AppLog] INFO : 刮墨轴回零成功：motionMap.SetBackSpreaderAxis(4, 1, 2, -SinkHomePosition)
2023-07-13 15:58:29,918 [AppLog] INFO : 准备读取编码器位置：Y方向！
2023-07-13 15:58:29,918 [AppLog] INFO : 准备运动，编码器当前位置：DEM_GetAxisEncodeVal：MoveDirectionFlag{false为Y方向：True}CurrentPos{316.815}AimPos{116}
2023-07-13 15:58:31,415 [AppLog] INFO : Y方向运动开始：DEM_Run：返回值{True}nAxis{1}DirFlag{False}nSpeed{300000}MoveStep{-201194.741165}nCtlValue{1}
2023-07-13 15:58:31,478 [AppLog] INFO : Y方向到位停止：DEM_StopAxisRun：返回值{True}CurrentPos{116.24}bImmeStop{False}nAxisMask{2}
2023-07-13 15:58:31,478 [AppLog] INFO : 准备读取编码器位置：X方向！
2023-07-13 15:58:31,478 [AppLog] INFO : 准备运动，当前位置：DEV_GetPrintEncoderValue：MoveDirectionFlag{false为Y方向：False}CurrentPos{757.505}AimPos{780}
2023-07-13 15:58:31,509 [AppLog] INFO : X方向运动开始：DEM_Run：返回值{True}nAxis{0}DirFlag{True}nSpeed{300000}MoveStep{22495}nCtlValue{2}
2023-07-13 15:58:31,914 [AppLog] INFO : X方向到位停止：DEM_StopAxisRun：返回值{True}CurrentPos{776.805}bImmeStop{False}nAxisMask{1}
2023-07-13 15:58:31,914 [AppLog] INFO : 关闭闪喷： IDP_FlashPrtCtl(false)：ReturnCode{True}
2023-07-13 15:58:33,131 [AppLog] INFO : 开启手动清洗挤墨喷头，DEV_EnableTimer: 端口{11}，清洗控制周期：{0.5}S,{0.5}S
2023-07-13 15:58:33,833 [AppLog] INFO : 关闭手动清洗挤墨喷头：DEV_EnableTimer
2023-07-13 15:58:35,846 [AppLog] INFO : 压墨等待结束,等待：{2S}
2023-07-13 15:58:36,360 [AppLog] INFO : 准备读取编码器位置：X方向！
2023-07-13 15:58:36,360 [AppLog] INFO : 准备运动，当前位置：DEV_GetPrintEncoderValue：MoveDirectionFlag{false为Y方向：False}CurrentPos{779.965}AimPos{680}
2023-07-13 15:58:36,392 [AppLog] INFO : X方向运动开始：DEM_Run：返回值{True}nAxis{0}DirFlag{False}nSpeed{200000}MoveStep{-99965}nCtlValue{2}
2023-07-13 15:58:37,234 [AppLog] INFO : X方向到位停止：DEM_StopAxisRun：返回值{True}CurrentPos{685.035}bImmeStop{False}nAxisMask{1}
2023-07-13 15:58:37,811 [AppLog] INFO : 准备读取编码器位置：X方向！
2023-07-13 15:58:37,811 [AppLog] INFO : 准备运动，当前位置：DEV_GetPrintEncoderValue：MoveDirectionFlag{false为Y方向：False}CurrentPos{680.52}AimPos{758}
2023-07-13 15:58:37,842 [AppLog] INFO : X方向运动开始：DEM_Run：返回值{True}nAxis{0}DirFlag{True}nSpeed{300000}MoveStep{77480}nCtlValue{2}
2023-07-13 15:58:38,607 [AppLog] INFO : X方向到位停止：DEM_StopAxisRun：返回值{True}CurrentPos{754.23}bImmeStop{False}nAxisMask{1}
2023-07-13 15:58:38,607 [AppLog] INFO : 准备读取编码器位置：Y方向！
2023-07-13 15:58:38,607 [AppLog] INFO : 准备运动，编码器当前位置：DEM_GetAxisEncodeVal：MoveDirectionFlag{false为Y方向：True}CurrentPos{116.185}AimPos{317}
2023-07-13 15:58:40,104 [AppLog] INFO : Y方向运动开始：DEM_Run：返回值{True}nAxis{1}DirFlag{True}nSpeed{300000}MoveStep{201194.741165}nCtlValue{1}
2023-07-13 15:58:40,167 [AppLog] INFO : Y方向到位停止：DEM_StopAxisRun：返回值{True}CurrentPos{316.785}bImmeStop{False}nAxisMask{2}
2023-07-13 15:58:40,167 [AppLog] INFO : 结束自动清洗过程：AutoCleanThread
2023-07-13 15:58:43,552 [AppLog] INFO : 退出手动调试子模块,已执行修改
==========================================================================
2023-07-13 15:58:44,254 [AppLog] INFO : 进入手动调试子模块！
2023-07-13 15:58:44,254 [AppLog] INFO : 进入：ManulBtn_Click=》准备创建对象-手动操作！
2023-07-13 15:58:44,270 [AppLog] INFO : 创建：ManualControl=》创建完成-手动操作！
2023-07-13 15:58:44,270 [AppLog] INFO : 加载成功：温控Modbus接口！
2023-07-13 15:58:45,564 [AppLog] INFO : 手动开启自动清洗过程：AutoCleanBtn_Click
2023-07-13 15:58:45,564 [AppLog] INFO : 进入自动清洗过程：AutoCleanThread
2023-07-13 15:58:45,939 [AppLog] INFO : 刮墨轴回零成功：motionMap.SetBackSpreaderAxis(4, 1, 2, -SinkHomePosition)
2023-07-13 15:58:45,939 [AppLog] INFO : 准备读取编码器位置：Y方向！
2023-07-13 15:58:45,939 [AppLog] INFO : 准备运动，编码器当前位置：DEM_GetAxisEncodeVal：MoveDirectionFlag{false为Y方向：True}CurrentPos{316.815}AimPos{116}
2023-07-13 15:58:47,436 [AppLog] INFO : Y方向运动开始：DEM_Run：返回值{True}nAxis{1}DirFlag{False}nSpeed{300000}MoveStep{-201194.741165}nCtlValue{1}
2023-07-13 15:58:47,499 [AppLog] INFO : Y方向到位停止：DEM_StopAxisRun：返回值{True}CurrentPos{116.235}bImmeStop{False}nAxisMask{2}
2023-07-13 15:58:47,499 [AppLog] INFO : 准备读取编码器位置：X方向！
2023-07-13 15:58:47,499 [AppLog] INFO : 准备运动，当前位置：DEV_GetPrintEncoderValue：MoveDirectionFlag{false为Y方向：False}CurrentPos{757.475}AimPos{780}
2023-07-13 15:58:47,530 [AppLog] INFO : X方向运动开始：DEM_Run：返回值{True}nAxis{0}DirFlag{True}nSpeed{300000}MoveStep{22525}nCtlValue{2}
2023-07-13 15:58:47,967 [AppLog] INFO : X方向到位停止：DEM_StopAxisRun：返回值{True}CurrentPos{778.285}bImmeStop{False}nAxisMask{1}
2023-07-13 15:58:47,998 [AppLog] INFO : 关闭闪喷： IDP_FlashPrtCtl(false)：ReturnCode{True}
2023-07-13 15:58:49,215 [AppLog] INFO : 开启手动清洗挤墨喷头，DEV_EnableTimer: 端口{11}，清洗控制周期：{0.5}S,{0.5}S
2023-07-13 15:58:49,917 [AppLog] INFO : 关闭手动清洗挤墨喷头：DEV_EnableTimer
2023-07-13 15:58:51,430 [AppLog] INFO : 压墨等待结束,等待：{1.5S}
2023-07-13 15:58:51,945 [AppLog] INFO : 准备读取编码器位置：X方向！
2023-07-13 15:58:51,960 [AppLog] INFO : 准备运动，当前位置：DEV_GetPrintEncoderValue：MoveDirectionFlag{false为Y方向：False}CurrentPos{779.995}AimPos{680}
2023-07-13 15:58:51,992 [AppLog] INFO : X方向运动开始：DEM_Run：返回值{True}nAxis{0}DirFlag{False}nSpeed{200000}MoveStep{-99995}nCtlValue{2}
2023-07-13 15:58:52,881 [AppLog] INFO : X方向到位停止：DEM_StopAxisRun：返回值{True}CurrentPos{683.595}bImmeStop{False}nAxisMask{1}
2023-07-13 15:58:53,458 [AppLog] INFO : 准备读取编码器位置：X方向！
2023-07-13 15:58:53,458 [AppLog] INFO : 准备运动，当前位置：DEV_GetPrintEncoderValue：MoveDirectionFlag{false为Y方向：False}CurrentPos{680.545}AimPos{758}
2023-07-13 15:58:53,489 [AppLog] INFO : X方向运动开始：DEM_Run：返回值{True}nAxis{0}DirFlag{True}nSpeed{300000}MoveStep{77455}nCtlValue{2}
2023-07-13 15:58:54,238 [AppLog] INFO : X方向到位停止：DEM_StopAxisRun：返回值{True}CurrentPos{753.525}bImmeStop{False}nAxisMask{1}
2023-07-13 15:58:54,238 [AppLog] INFO : 准备读取编码器位置：Y方向！
2023-07-13 15:58:54,238 [AppLog] INFO : 准备运动，编码器当前位置：DEM_GetAxisEncodeVal：MoveDirectionFlag{false为Y方向：True}CurrentPos{116.185}AimPos{317}
2023-07-13 15:58:55,736 [AppLog] INFO : Y方向运动开始：DEM_Run：返回值{True}nAxis{1}DirFlag{True}nSpeed{300000}MoveStep{201194.741165}nCtlValue{1}
2023-07-13 15:58:55,798 [AppLog] INFO : Y方向到位停止：DEM_StopAxisRun：返回值{True}CurrentPos{316.78}bImmeStop{False}nAxisMask{2}
2023-07-13 15:58:55,798 [AppLog] INFO : 结束自动清洗过程：AutoCleanThread
2023-07-13 15:59:10,415 [AppLog] INFO : 退出手动调试子模块,已执行修改
==========================================================================
2023-07-13 15:59:11,117 [AppLog] INFO : 进入手动调试子模块！
2023-07-13 15:59:11,117 [AppLog] INFO : 进入：ManulBtn_Click=》准备创建对象-手动操作！
2023-07-13 15:59:11,148 [AppLog] INFO : 创建：ManualControl=》创建完成-手动操作！
2023-07-13 15:59:11,148 [AppLog] INFO : 加载成功：温控Modbus接口！
2023-07-13 15:59:12,334 [AppLog] INFO : 手动开启自动清洗过程：AutoCleanBtn_Click
2023-07-13 15:59:12,334 [AppLog] INFO : 进入自动清洗过程：AutoCleanThread
2023-07-13 15:59:12,708 [AppLog] INFO : 刮墨轴回零成功：motionMap.SetBackSpreaderAxis(4, 1, 2, -SinkHomePosition)
2023-07-13 15:59:12,708 [AppLog] INFO : 准备读取编码器位置：Y方向！
2023-07-13 15:59:12,708 [AppLog] INFO : 准备运动，编码器当前位置：DEM_GetAxisEncodeVal：MoveDirectionFlag{false为Y方向：True}CurrentPos{316.82}AimPos{116}
2023-07-13 15:59:14,222 [AppLog] INFO : Y方向运动开始：DEM_Run：返回值{True}nAxis{1}DirFlag{False}nSpeed{300000}MoveStep{-201199.75062}nCtlValue{1}
2023-07-13 15:59:14,284 [AppLog] INFO : Y方向到位停止：DEM_StopAxisRun：返回值{True}CurrentPos{116.225}bImmeStop{False}nAxisMask{2}
2023-07-13 15:59:14,284 [AppLog] INFO : 准备读取编码器位置：X方向！
2023-07-13 15:59:14,300 [AppLog] INFO : 准备运动，当前位置：DEV_GetPrintEncoderValue：MoveDirectionFlag{false为Y方向：False}CurrentPos{757.46}AimPos{780}
2023-07-13 15:59:14,331 [AppLog] INFO : X方向运动开始：DEM_Run：返回值{True}nAxis{0}DirFlag{True}nSpeed{300000}MoveStep{22540}nCtlValue{2}
2023-07-13 15:59:14,814 [AppLog] INFO : X方向到位停止：DEM_StopAxisRun：返回值{True}CurrentPos{779.48}bImmeStop{False}nAxisMask{1}
2023-07-13 15:59:14,814 [AppLog] INFO : 关闭闪喷： IDP_FlashPrtCtl(false)：ReturnCode{True}
2023-07-13 15:59:16,031 [AppLog] INFO : 开启手动清洗挤墨喷头，DEV_EnableTimer: 端口{11}，清洗控制周期：{0.5}S,{0.5}S
2023-07-13 15:59:16,733 [AppLog] INFO : 关闭手动清洗挤墨喷头：DEV_EnableTimer
2023-07-13 15:59:17,934 [AppLog] INFO : 压墨等待结束,等待：{1.2S}
2023-07-13 15:59:18,465 [AppLog] INFO : 准备读取编码器位置：X方向！
2023-07-13 15:59:18,465 [AppLog] INFO : 准备运动，当前位置：DEV_GetPrintEncoderValue：MoveDirectionFlag{false为Y方向：False}CurrentPos{779.995}AimPos{680}
2023-07-13 15:59:18,496 [AppLog] INFO : X方向运动开始：DEM_Run：返回值{True}nAxis{0}DirFlag{False}nSpeed{200000}MoveStep{-99995}nCtlValue{2}
2023-07-13 15:59:19,354 [AppLog] INFO : X方向到位停止：DEM_StopAxisRun：返回值{True}CurrentPos{685.07}bImmeStop{False}nAxisMask{1}
2023-07-13 15:59:19,931 [AppLog] INFO : 准备读取编码器位置：X方向！
2023-07-13 15:59:19,931 [AppLog] INFO : 准备运动，当前位置：DEV_GetPrintEncoderValue：MoveDirectionFlag{false为Y方向：False}CurrentPos{680.535}AimPos{758}
2023-07-13 15:59:19,962 [AppLog] INFO : X方向运动开始：DEM_Run：返回值{True}nAxis{0}DirFlag{True}nSpeed{300000}MoveStep{77465}nCtlValue{2}
2023-07-13 15:59:20,711 [AppLog] INFO : X方向到位停止：DEM_StopAxisRun：返回值{True}CurrentPos{753.58}bImmeStop{False}nAxisMask{1}
2023-07-13 15:59:20,711 [AppLog] INFO : 准备读取编码器位置：Y方向！
2023-07-13 15:59:20,711 [AppLog] INFO : 准备运动，编码器当前位置：DEM_GetAxisEncodeVal：MoveDirectionFlag{false为Y方向：True}CurrentPos{116.18}AimPos{317}
2023-07-13 15:59:22,209 [AppLog] INFO : Y方向运动开始：DEM_Run：返回值{True}nAxis{1}DirFlag{True}nSpeed{300000}MoveStep{201199.75062}nCtlValue{1}
2023-07-13 15:59:22,271 [AppLog] INFO : Y方向到位停止：DEM_StopAxisRun：返回值{True}CurrentPos{316.775}bImmeStop{False}nAxisMask{2}
2023-07-13 15:59:22,271 [AppLog] INFO : 结束自动清洗过程：AutoCleanThread
2023-07-13 15:59:22,770 [AppLog] INFO : 手动停止自动清洗过程：AutoCleanBtn_Click
2023-07-13 15:59:23,207 [AppLog] INFO : 手动开启自动清洗过程：AutoCleanBtn_Click
2023-07-13 15:59:23,223 [AppLog] INFO : 进入自动清洗过程：AutoCleanThread
2023-07-13 15:59:23,582 [AppLog] INFO : 刮墨轴回零成功：motionMap.SetBackSpreaderAxis(4, 1, 2, -SinkHomePosition)
2023-07-13 15:59:23,582 [AppLog] INFO : 准备读取编码器位置：Y方向！
2023-07-13 15:59:23,582 [AppLog] INFO : 准备运动，编码器当前位置：DEM_GetAxisEncodeVal：MoveDirectionFlag{false为Y方向：True}CurrentPos{316.81}AimPos{116}
2023-07-13 15:59:25,064 [AppLog] INFO : Y方向运动开始：DEM_Run：返回值{True}nAxis{1}DirFlag{False}nSpeed{300000}MoveStep{-201189.73171}nCtlValue{1}
2023-07-13 15:59:25,126 [AppLog] INFO : Y方向到位停止：DEM_StopAxisRun：返回值{True}CurrentPos{116.24}bImmeStop{False}nAxisMask{2}
2023-07-13 15:59:25,126 [AppLog] INFO : 准备读取编码器位置：X方向！
2023-07-13 15:59:25,126 [AppLog] INFO : 准备运动，当前位置：DEV_GetPrintEncoderValue：MoveDirectionFlag{false为Y方向：False}CurrentPos{757.47}AimPos{780}
2023-07-13 15:59:25,157 [AppLog] INFO : X方向运动开始：DEM_Run：返回值{True}nAxis{0}DirFlag{True}nSpeed{300000}MoveStep{22530}nCtlValue{2}
2023-07-13 15:59:25,610 [AppLog] INFO : X方向到位停止：DEM_StopAxisRun：返回值{True}CurrentPos{778.82}bImmeStop{False}nAxisMask{1}
2023-07-13 15:59:25,610 [AppLog] INFO : 关闭闪喷： IDP_FlashPrtCtl(false)：ReturnCode{True}
2023-07-13 15:59:26,842 [AppLog] INFO : 开启手动清洗挤墨喷头，DEV_EnableTimer: 端口{11}，清洗控制周期：{0.5}S,{0.5}S
2023-07-13 15:59:27,544 [AppLog] INFO : 关闭手动清洗挤墨喷头：DEV_EnableTimer
2023-07-13 15:59:28,745 [AppLog] INFO : 压墨等待结束,等待：{1.2S}
2023-07-13 15:59:29,260 [AppLog] INFO : 准备读取编码器位置：X方向！
2023-07-13 15:59:29,276 [AppLog] INFO : 准备运动，当前位置：DEV_GetPrintEncoderValue：MoveDirectionFlag{false为Y方向：False}CurrentPos{779.995}AimPos{680}
2023-07-13 15:59:29,307 [AppLog] INFO : X方向运动开始：DEM_Run：返回值{True}nAxis{0}DirFlag{False}nSpeed{200000}MoveStep{-99995}nCtlValue{2}
2023-07-13 15:59:30,165 [AppLog] INFO : X方向到位停止：DEM_StopAxisRun：返回值{True}CurrentPos{685.1}bImmeStop{False}nAxisMask{1}
2023-07-13 15:59:30,742 [AppLog] INFO : 准备读取编码器位置：X方向！
2023-07-13 15:59:30,742 [AppLog] INFO : 准备运动，当前位置：DEV_GetPrintEncoderValue：MoveDirectionFlag{false为Y方向：False}CurrentPos{680.54}AimPos{758}
2023-07-13 15:59:30,773 [AppLog] INFO : X方向运动开始：DEM_Run：返回值{True}nAxis{0}DirFlag{True}nSpeed{300000}MoveStep{77460}nCtlValue{2}
2023-07-13 15:59:31,538 [AppLog] INFO : X方向到位停止：DEM_StopAxisRun：返回值{True}CurrentPos{754.33}bImmeStop{False}nAxisMask{1}
2023-07-13 15:59:31,538 [AppLog] INFO : 准备读取编码器位置：Y方向！
2023-07-13 15:59:31,538 [AppLog] INFO : 准备运动，编码器当前位置：DEM_GetAxisEncodeVal：MoveDirectionFlag{false为Y方向：True}CurrentPos{116.185}AimPos{317}
2023-07-13 15:59:33,035 [AppLog] INFO : Y方向运动开始：DEM_Run：返回值{True}nAxis{1}DirFlag{True}nSpeed{300000}MoveStep{201194.741165}nCtlValue{1}
2023-07-13 15:59:33,098 [AppLog] INFO : Y方向到位停止：DEM_StopAxisRun：返回值{True}CurrentPos{316.785}bImmeStop{False}nAxisMask{2}
2023-07-13 15:59:33,098 [AppLog] INFO : 结束自动清洗过程：AutoCleanThread
2023-07-13 15:59:35,687 [AppLog] INFO : 退出手动调试子模块,已执行修改
==========================================================================
2023-07-13 15:59:36,436 [AppLog] INFO : 进入手动调试子模块！
2023-07-13 15:59:36,436 [AppLog] INFO : 进入：ManulBtn_Click=》准备创建对象-手动操作！
2023-07-13 15:59:36,452 [AppLog] INFO : 创建：ManualControl=》创建完成-手动操作！
2023-07-13 15:59:36,452 [AppLog] INFO : 加载成功：温控Modbus接口！
2023-07-13 15:59:41,584 [AppLog] INFO : 退出手动调试子模块,已执行修改
==========================================================================
2023-07-13 15:59:42,395 [AppLog] INFO : 进入手动调试子模块！
2023-07-13 15:59:42,395 [AppLog] INFO : 进入：ManulBtn_Click=》准备创建对象-手动操作！
2023-07-13 15:59:42,411 [AppLog] INFO : 创建：ManualControl=》创建完成-手动操作！
2023-07-13 15:59:42,411 [AppLog] INFO : 加载成功：温控Modbus接口！
2023-07-13 15:59:47,106 [AppLog] INFO : 手动开启自动清洗过程：AutoCleanBtn_Click
2023-07-13 15:59:47,106 [AppLog] INFO : 进入自动清洗过程：AutoCleanThread
2023-07-13 15:59:47,481 [AppLog] INFO : 刮墨轴回零成功：motionMap.SetBackSpreaderAxis(4, 1, 2, -SinkHomePosition)
2023-07-13 15:59:47,481 [AppLog] INFO : 准备读取编码器位置：Y方向！
2023-07-13 15:59:47,481 [AppLog] INFO : 准备运动，编码器当前位置：DEM_GetAxisEncodeVal：MoveDirectionFlag{false为Y方向：True}CurrentPos{316.825}AimPos{116}
2023-07-13 15:59:48,994 [AppLog] INFO : Y方向运动开始：DEM_Run：返回值{True}nAxis{1}DirFlag{False}nSpeed{300000}MoveStep{-201204.760075}nCtlValue{1}
2023-07-13 15:59:49,088 [AppLog] INFO : Y方向到位停止：DEM_StopAxisRun：返回值{True}CurrentPos{116.22}bImmeStop{False}nAxisMask{2}
2023-07-13 15:59:49,088 [AppLog] INFO : 准备读取编码器位置：X方向！
2023-07-13 15:59:49,088 [AppLog] INFO : 准备运动，当前位置：DEV_GetPrintEncoderValue：MoveDirectionFlag{false为Y方向：False}CurrentPos{757.465}AimPos{780}
2023-07-13 15:59:49,119 [AppLog] INFO : X方向运动开始：DEM_Run：返回值{True}nAxis{0}DirFlag{True}nSpeed{300000}MoveStep{22535}nCtlValue{2}
2023-07-13 15:59:49,602 [AppLog] INFO : X方向到位停止：DEM_StopAxisRun：返回值{True}CurrentPos{779.53}bImmeStop{False}nAxisMask{1}
2023-07-13 15:59:49,602 [AppLog] INFO : 关闭闪喷： IDP_FlashPrtCtl(false)：ReturnCode{True}
2023-07-13 15:59:50,819 [AppLog] INFO : 开启手动清洗挤墨喷头，DEV_EnableTimer: 端口{11}，清洗控制周期：{0.5}S,{0.5}S
2023-07-13 15:59:51,428 [AppLog] INFO : 关闭手动清洗挤墨喷头：DEV_EnableTimer
2023-07-13 15:59:52,941 [AppLog] INFO : 压墨等待结束,等待：{1.5S}
2023-07-13 15:59:53,456 [AppLog] INFO : 准备读取编码器位置：X方向！
2023-07-13 15:59:53,456 [AppLog] INFO : 准备运动，当前位置：DEV_GetPrintEncoderValue：MoveDirectionFlag{false为Y方向：False}CurrentPos{779.995}AimPos{680}
2023-07-13 15:59:53,487 [AppLog] INFO : X方向运动开始：DEM_Run：返回值{True}nAxis{0}DirFlag{False}nSpeed{200000}MoveStep{-99995}nCtlValue{2}
2023-07-13 15:59:54,345 [AppLog] INFO : X方向到位停止：DEM_StopAxisRun：返回值{True}CurrentPos{685.05}bImmeStop{False}nAxisMask{1}
2023-07-13 15:59:54,922 [AppLog] INFO : 准备读取编码器位置：X方向！
2023-07-13 15:59:54,922 [AppLog] INFO : 准备运动，当前位置：DEV_GetPrintEncoderValue：MoveDirectionFlag{false为Y方向：False}CurrentPos{680.54}AimPos{758}
2023-07-13 15:59:54,953 [AppLog] INFO : X方向运动开始：DEM_Run：返回值{True}nAxis{0}DirFlag{True}nSpeed{300000}MoveStep{77460}nCtlValue{2}
2023-07-13 15:59:55,702 [AppLog] INFO : X方向到位停止：DEM_StopAxisRun：返回值{True}CurrentPos{754.105}bImmeStop{False}nAxisMask{1}
2023-07-13 15:59:55,702 [AppLog] INFO : 准备读取编码器位置：Y方向！
2023-07-13 15:59:55,718 [AppLog] INFO : 准备运动，编码器当前位置：DEM_GetAxisEncodeVal：MoveDirectionFlag{false为Y方向：True}CurrentPos{116.18}AimPos{317}
2023-07-13 15:59:57,231 [AppLog] INFO : Y方向运动开始：DEM_Run：返回值{True}nAxis{1}DirFlag{True}nSpeed{300000}MoveStep{201199.75062}nCtlValue{1}
2023-07-13 15:59:57,309 [AppLog] INFO : Y方向到位停止：DEM_StopAxisRun：返回值{True}CurrentPos{316.785}bImmeStop{False}nAxisMask{2}
2023-07-13 15:59:57,309 [AppLog] INFO : 结束自动清洗过程：AutoCleanThread
2023-07-13 15:59:58,666 [AppLog] INFO : 手动停止自动清洗过程：AutoCleanBtn_Click
2023-07-13 15:59:59,025 [AppLog] INFO : 手动开启自动清洗过程：AutoCleanBtn_Click
2023-07-13 15:59:59,025 [AppLog] INFO : 进入自动清洗过程：AutoCleanThread
2023-07-13 15:59:59,399 [AppLog] INFO : 刮墨轴回零成功：motionMap.SetBackSpreaderAxis(4, 1, 2, -SinkHomePosition)
2023-07-13 15:59:59,399 [AppLog] INFO : 准备读取编码器位置：Y方向！
2023-07-13 15:59:59,399 [AppLog] INFO : 准备运动，编码器当前位置：DEM_GetAxisEncodeVal：MoveDirectionFlag{false为Y方向：True}CurrentPos{316.815}AimPos{116}
