2023-12-24 17:07:11,990 [AppLog] INFO : 退出手动调试子模块，未执行修改
==========================================================================
2023-12-24 17:07:14,517 [AppLog] INFO : 软件及设备关停中止：手动取消关停
2023-12-24 17:07:15,328 [AppLog] INFO : 开启系统：板卡通讯，伺服供电，照明系统，UV/HR固化系统！
2023-12-24 17:07:16,327 [AppLog] INFO : 关闭系统：一键关闭系统开始！
2023-12-24 17:07:22,535 [AppLog] INFO : 关闭系统：一键关闭系统结束！
2023-12-24 17:07:22,535 [AppLog] INFO : 喷墨控制器的所有轴输出关闭！
2023-12-24 17:07:22,723 [AppLog] INFO : 喷墨控制器关闭！
2023-12-24 17:07:22,723 [AppLog] INFO : 创建：AutoPrintMotion0=》不需重新创建-手动操作！
2023-12-24 17:07:22,723 [AppLog] INFO : 进入电气控制模块
2023-12-24 17:07:24,314 [AppLog] INFO : 退出电气控制模块
2023-12-24 17:07:27,091 [AppLog] INFO : 进入电气控制模块
2023-12-24 17:07:28,042 [AppLog] INFO : 电气控制模块：手动关闭端口15
2023-12-24 17:07:29,025 [AppLog] INFO : 电气控制模块：手动关闭端口14
2023-12-24 17:07:29,821 [AppLog] INFO : 退出电气控制模块
2023-12-24 17:07:32,629 [AppLog] INFO : 软件及设备关停中：墨车所有方向运动确认停止（X,Y,Y2)： bImmeStop{False},nAxisMask{0x7}
2023-12-24 17:07:32,644 [AppLog] INFO : 软件及设备关停中：喷墨控制器板卡系统关闭（X,Y,Y2)：DEV_CloseDevice
2023-12-24 17:07:33,315 [AppLog] INFO : 软件及设备关停成功
==========================================================================
操作系统:{Microsoft Windows 7 旗舰版 }
运行环境:{ .Net Framework Enviroment Version 4.0.30319.42000}
盘符：D
CPU使用率：{10.7139%} ，可用内存大小:{14208MB}，硬盘剩余空间：
  盘符 C:\ 的剩余空间：70 GB
  盘符 D:\ 的剩余空间：69 GB
==========================================================================
