2023-04-10 18:14:56,006 [AppLog] INFO : 退出手动调试子模块,已执行修改
==========================================================================
2023-04-10 18:14:56,819 [AppLog] INFO : 开启系统：板卡通讯，伺服供电，照明系统，UV/HR固化系统！
2023-04-10 18:14:57,632 [AppLog] INFO : 关闭系统：一键关闭系统开始！
2023-04-10 18:15:03,830 [AppLog] INFO : 关闭系统：一键关闭系统结束！
2023-04-10 18:15:03,830 [AppLog] INFO : 喷墨控制器的所有轴输出关闭！
2023-04-10 18:15:03,845 [AppLog] INFO : 喷墨控制器关闭！
2023-04-10 18:15:03,845 [AppLog] INFO : 进入电气控制模块
2023-04-10 18:15:05,048 [AppLog] INFO : 电气控制模块：手动关闭端口14
2023-04-10 18:15:05,596 [AppLog] INFO : 电气控制模块：手动关闭端口15
2023-04-10 18:15:06,175 [AppLog] INFO : 退出电气控制模块
2023-04-10 18:15:06,957 [AppLog] INFO : 开启系统：板卡通讯，伺服供电，照明系统，UV/HR固化系统！
2023-04-10 18:15:06,957 [AppLog] INFO : 开启系统：一键启动系统开始！
2023-04-10 18:15:13,027 [AppLog] INFO : 开启系统：一键启动系统结束！
2023-04-10 18:15:13,027 [AppLog] INFO : 初始化喷墨控制器启动！
2023-04-10 18:15:35,731 [AppLog] INFO : 打开喷墨控制器设备成功！
2023-04-10 18:15:37,453 [AppLog] INFO : 初始化喷墨控制器成功！
2023-04-10 18:15:37,453 [AppLog] INFO : 进入：EquipmentMotionLogic3=》准备创建对象-手动操作！
2023-04-10 18:15:37,484 [AppLog] INFO : 进入：EquipmentMotionLogic3=》创建完成-手动操作！
2023-04-10 18:15:37,594 [AppLog] INFO : 红外灯控制器485通讯建立！
2023-04-10 18:15:37,594 [AppLog] INFO : 进入电气控制模块
2023-04-10 18:15:38,703 [AppLog] INFO : 退出电气控制模块
2023-04-10 18:15:39,470 [AppLog] INFO : 进入手动调试子模块！
2023-04-10 18:15:39,470 [AppLog] INFO : 进入：ManulBtn_Click=》准备创建对象-手动操作！
2023-04-10 18:15:39,501 [AppLog] INFO : 创建：ManualControl=》创建完成-手动操作！
2023-04-10 18:15:39,501 [AppLog] INFO : 加载成功：温控Modbus接口！
2023-04-10 18:15:44,358 [AppLog] INFO : 手动控制墨车运动开启：沿Y轴后侧方向运动 ↓↓↓：nAxis{{1}},Dir{{true}},nPlsSpeed{{{nSpeed}}},nPlsCount{{750000}},cControlFlag{{{nCtlValue}}}
2023-04-10 18:15:45,965 [AppLog] INFO : 手动控制墨车运动带减速停止：沿Y轴方向运动 ↑↑↑↓↓↓ ====: bImmeStop{{false}},nAxisMask{{0x2}}
2023-04-10 18:15:46,404 [AppLog] INFO : 手动控制墨车运动开启：沿X轴左侧方向运动 《====：nAxis{{0}},Dir{{false}},nPlsSpeed{{{nSpeed}}},nPlsCount{{750000}},cControlFlag{{{nCtlValue}}}
2023-04-10 18:15:47,090 [AppLog] INFO : 手动控制墨车运动带减速停止：沿X轴方向运动 ====》《=== ====: bImmeStop{false},nAxisMask{0x1}
2023-04-10 18:15:47,716 [AppLog] INFO : 退出手动调试子模块,已执行修改
==========================================================================
2023-04-10 18:15:48,873 [AppLog] INFO : 进入手动调试子模块！
2023-04-10 18:15:48,888 [AppLog] INFO : 进入：ManulBtn_Click=》准备创建对象-手动操作！
2023-04-10 18:15:48,904 [AppLog] INFO : 创建：ManualControl=》创建完成-手动操作！
2023-04-10 18:15:48,904 [AppLog] INFO : 加载成功：温控Modbus接口！
