2023-03-31 21:16:30,498 [AppLog] INFO : 软件开机密码正确，登录成功1次
==========================================================================
操作系统:{Microsoft Windows 7 旗舰版 }
运行环境:{ .Net Framework Enviroment Version 4.0.30319.42000}
盘符：D
CPU使用率：{44.56164%} ，可用内存大小:{14337MB}，硬盘剩余空间：
  盘符 C:\ 的剩余空间：70 GB
  盘符 D:\ 的剩余空间：88 GB
  盘符 F:\ 的剩余空间：3 GB
硬件配置情况：
  CPU 厂家: GenuineIntel CPU 型号: Intel(R) Core(TM) i7-4770 CPU @ 3.40GHz
  内存条厂家: Kingston 内存条型号: 99P5471-043.A00LF 
  内存条厂家: Kingston 内存条型号: 99P5471-043.A00LF 
  硬盘厂家: (标准磁盘驱动器) 硬盘型号: Micron_1300_MTFDDAK256TDL ATA Device
  硬盘厂家: (标准磁盘驱动器) 硬盘型号: Generic Flash Disk USB Device
==========================================================================
2023-03-31 21:16:38,430 [AppLog] INFO : 开启系统：板卡通讯，伺服供电，照明系统，UV/HR固化系统！
2023-03-31 21:16:38,430 [AppLog] INFO : 开启系统：一键启动系统开始！
2023-03-31 21:16:44,529 [AppLog] INFO : 开启系统：一键启动系统结束！
2023-03-31 21:16:44,529 [AppLog] INFO : 初始化喷墨控制器启动！
2023-03-31 21:17:08,007 [AppLog] INFO : 打开喷墨控制器设备成功！
2023-03-31 21:17:11,829 [AppLog] INFO : 初始化喷墨控制器成功！
2023-03-31 21:17:11,829 [AppLog] INFO : 进入：EquipmentMotionLogic3=》准备创建对象-手动操作！
2023-03-31 21:17:12,017 [AppLog] INFO : 进入：EquipmentMotionLogic3=》创建完成-手动操作！
2023-03-31 21:17:12,141 [AppLog] INFO : 红外灯控制器485通讯建立！
2023-03-31 21:17:12,141 [AppLog] INFO : 进入电气控制模块
2023-03-31 21:17:12,719 [AppLog] INFO : 退出电气控制模块
2023-03-31 21:17:13,795 [AppLog] INFO : 进入手动调试子模块！
2023-03-31 21:17:13,795 [AppLog] INFO : 进入：ManulBtn_Click=》准备创建对象-手动操作！
2023-03-31 21:17:13,826 [AppLog] INFO : 创建：ManualControl=》创建完成-手动操作！
2023-03-31 21:17:13,826 [AppLog] INFO : 加载成功：温控Modbus接口！
2023-03-31 21:17:19,349 [AppLog] INFO : 开启刮墨轴回零校准：SpreaderHomeBtn_Click
2023-03-31 21:17:20,394 [AppLog] INFO : 刮墨轴回零成功：SpreaderHomeBtn_Click：{AXIS{4},Vel{1圈/s},开槽位置{-107°}}
2023-03-31 21:17:29,208 [AppLog] INFO : 开启刮墨轴回零校准：SpreaderHomeBtn_Click
2023-03-31 21:17:30,191 [AppLog] INFO : 刮墨轴回零成功：SpreaderHomeBtn_Click：{AXIS{4},Vel{1圈/s},开槽位置{-107°}}
2023-03-31 21:17:35,354 [AppLog] INFO : 开启刮墨轴回零校准：SpreaderHomeBtn_Click
2023-03-31 21:17:36,321 [AppLog] INFO : 刮墨轴回零成功：SpreaderHomeBtn_Click：{AXIS{4},Vel{1圈/s},开槽位置{-107°}}
2023-03-31 21:17:44,075 [AppLog] INFO : 开启刮墨轴回零校准：SpreaderHomeBtn_Click
2023-03-31 21:17:44,870 [AppLog] INFO : 刮墨轴回零成功：SpreaderHomeBtn_Click：{AXIS{4},Vel{1圈/s},开槽位置{-60°}}
2023-03-31 21:17:51,687 [AppLog] INFO : 开启刮墨轴回零校准：SpreaderHomeBtn_Click
2023-03-31 21:17:52,514 [AppLog] INFO : 刮墨轴回零成功：SpreaderHomeBtn_Click：{AXIS{4},Vel{1圈/s},开槽位置{-107°}}
2023-03-31 21:20:20,543 [AppLog] INFO : 开启刮墨轴回零校准：SpreaderHomeBtn_Click
2023-03-31 21:20:21,417 [AppLog] INFO : 刮墨轴回零成功：SpreaderHomeBtn_Click：{AXIS{4},Vel{1圈/s},开槽位置{-107°}}
2023-03-31 21:20:27,906 [AppLog] INFO : 开启刮墨轴回零校准：SpreaderHomeBtn_Click
2023-03-31 21:20:28,873 [AppLog] INFO : 刮墨轴回零成功：SpreaderHomeBtn_Click：{AXIS{4},Vel{1圈/s},开槽位置{-107°}}
2023-03-31 21:20:44,645 [AppLog] INFO : 手动控制墨车运动开启：沿Y轴前侧方向运动 ↑↑↑：nAxis{{1}},Dir{{false}},nPlsSpeed{{{nSpeed}}},nPlsCount{{750000}},cControlFlag{{{nCtlValue}}}
2023-03-31 21:20:49,403 [AppLog] INFO : 手动控制墨车运动带减速停止：沿Y轴方向运动 ↑↑↑↓↓↓ ====: bImmeStop{{false}},nAxisMask{{0x2}}
2023-03-31 21:20:51,805 [AppLog] INFO : 开启墨车回零校准：PrintCarHomeBtn_Click
2023-03-31 21:20:51,805 [AppLog] INFO : 开启墨车回零校准线程：InkCarEncoderResetThread
2023-03-31 21:21:01,774 [AppLog] INFO : 墨车回零校准线程成功：InkCarEncoderResetThread
2023-03-31 21:21:05,034 [AppLog] INFO : 墨车回零校准线程失败：InkCarEncoderResetThread
2023-03-31 21:21:33,457 [AppLog] INFO : 手动控制墨车运动开启：沿Y轴后侧方向运动 ↓↓↓：nAxis{{1}},Dir{{true}},nPlsSpeed{{{nSpeed}}},nPlsCount{{750000}},cControlFlag{{{nCtlValue}}}
2023-03-31 21:21:36,016 [AppLog] INFO : 手动控制墨车运动带减速停止：沿Y轴方向运动 ↑↑↑↓↓↓ ====: bImmeStop{{false}},nAxisMask{{0x2}}
2023-03-31 21:21:36,312 [AppLog] INFO : 手动控制墨车运动开启：沿Y轴后侧方向运动 ↓↓↓：nAxis{{1}},Dir{{true}},nPlsSpeed{{{nSpeed}}},nPlsCount{{750000}},cControlFlag{{{nCtlValue}}}
2023-03-31 21:21:37,170 [AppLog] INFO : 手动控制墨车运动带减速停止：沿Y轴方向运动 ↑↑↑↓↓↓ ====: bImmeStop{{false}},nAxisMask{{0x2}}
2023-03-31 21:21:37,435 [AppLog] INFO : 手动控制墨车运动开启：沿Y轴后侧方向运动 ↓↓↓：nAxis{{1}},Dir{{true}},nPlsSpeed{{{nSpeed}}},nPlsCount{{750000}},cControlFlag{{{nCtlValue}}}
2023-03-31 21:21:37,857 [AppLog] INFO : 手动控制墨车运动带减速停止：沿Y轴方向运动 ↑↑↑↓↓↓ ====: bImmeStop{{false}},nAxisMask{{0x2}}
2023-03-31 21:21:38,293 [AppLog] INFO : 手动控制墨车运动开启：沿Y轴后侧方向运动 ↓↓↓：nAxis{{1}},Dir{{true}},nPlsSpeed{{{nSpeed}}},nPlsCount{{750000}},cControlFlag{{{nCtlValue}}}
2023-03-31 21:21:38,387 [AppLog] INFO : 手动控制墨车运动带减速停止：沿Y轴方向运动 ↑↑↑↓↓↓ ====: bImmeStop{{false}},nAxisMask{{0x2}}
2023-03-31 21:21:54,673 [AppLog] INFO : 进入气压控制卡参数监控状态时
2023-03-31 21:21:58,605 [AppLog] INFO : 更新气压控制卡参数：DEV_AdibControl:二级墨盒加热电压：{12V}；MCU_SetPhVoltage:二级墨盒加热温度：{25℃}MCU_SetPhVoltage:负压目标值：{System.Single[]kPa}MCU_SetPhVoltage:负压阈值：{0.16kPa}
2023-03-31 21:21:58,605 [AppLog] INFO : 进入气压控制卡参数设置状态时
2023-03-31 21:22:20,741 [AppLog] INFO : 手动开启自动清洗过程：AutoCleanBtn_Click
2023-03-31 21:22:20,741 [AppLog] INFO : 进入自动清洗过程：AutoCleanThread
2023-03-31 21:22:21,708 [AppLog] INFO : 刮墨轴回零成功：motionMap.SetBackSpreaderAxis(4, 1, 2, -SinkPosition)
2023-03-31 21:22:21,708 [AppLog] INFO : 准备读取编码器位置：Y方向！
2023-03-31 21:22:21,708 [AppLog] INFO : 准备运动，编码器当前位置：DEM_GetAxisEncodeVal：MoveDirectionFlag{false为Y方向：True}CurrentPos{256.075}AimPos{121}
2023-03-31 21:22:21,740 [AppLog] INFO : Y方向运动开始：DEM_Run：返回值{True}nAxis{1}DirFlag{False}nSpeed{50000}MoveStep{-135075}nCtlValue{0}
2023-03-31 21:22:24,485 [AppLog] INFO : Y方向到位停止：DEM_StopAxisRun：返回值{True}CurrentPos{127.315}bImmeStop{False}nAxisMask{2}
2023-03-31 21:22:24,485 [AppLog] INFO : 准备读取编码器位置：X方向！
2023-03-31 21:22:24,516 [AppLog] INFO : 准备运动，当前位置：DEV_GetPrintEncoderValue：MoveDirectionFlag{false为Y方向：False}CurrentPos{738.2}AimPos{710}
2023-03-31 21:22:24,548 [AppLog] INFO : X方向运动开始：DEM_Run：返回值{True}nAxis{0}DirFlag{False}nSpeed{50000}MoveStep{-28200}nCtlValue{2}
2023-03-31 21:22:25,187 [AppLog] INFO : X方向到位停止：DEM_StopAxisRun：返回值{True}CurrentPos{713.525}bImmeStop{False}nAxisMask{1}
2023-03-31 21:22:26,030 [AppLog] INFO : 开启压墨： motionMap.SetDo(13, true)
2023-03-31 21:22:29,040 [AppLog] INFO : 关闭压墨： motionMap.SetDo(13, true)
2023-03-31 21:22:29,056 [AppLog] INFO : 开启闪喷： IDP_FlashPrtCtl(true)：ReturnCode{True}
2023-03-31 21:22:29,056 [AppLog] INFO : 准备读取编码器位置：X方向！
2023-03-31 21:22:29,056 [AppLog] INFO : 准备运动，当前位置：DEV_GetPrintEncoderValue：MoveDirectionFlag{false为Y方向：False}CurrentPos{710.1}AimPos{780}
2023-03-31 21:22:29,087 [AppLog] INFO : X方向运动开始：DEM_Run：返回值{True}nAxis{0}DirFlag{True}nSpeed{50000}MoveStep{69900}nCtlValue{2}
2023-03-31 21:22:30,554 [AppLog] INFO : X方向到位停止：DEM_StopAxisRun：返回值{True}CurrentPos{776.445}bImmeStop{False}nAxisMask{1}
2023-03-31 21:22:30,881 [AppLog] INFO : 准备读取编码器位置：X方向！
2023-03-31 21:22:30,881 [AppLog] INFO : 准备运动，当前位置：DEV_GetPrintEncoderValue：MoveDirectionFlag{false为Y方向：False}CurrentPos{779.49}AimPos{710}
2023-03-31 21:22:30,912 [AppLog] INFO : X方向运动开始：DEM_Run：返回值{True}nAxis{0}DirFlag{False}nSpeed{50000}MoveStep{-69490}nCtlValue{2}
2023-03-31 21:22:32,379 [AppLog] INFO : X方向到位停止：DEM_StopAxisRun：返回值{True}CurrentPos{713.76}bImmeStop{False}nAxisMask{1}
2023-03-31 21:22:33,954 [AppLog] INFO : 结束自动清洗过程：AutoCleanThread
2023-03-31 21:24:20,627 [AppLog] INFO : 手动停止自动清洗过程：AutoCleanBtn_Click
2023-03-31 21:24:24,902 [AppLog] INFO : 手动控制墨车运动开启，沿X轴右侧方向运动 ====》：nAxis{0},Dir{true},nPlsSpeed{50000},nPlsCount{750000},cControlFlag{2}
2023-03-31 21:24:25,510 [AppLog] INFO : 手动控制墨车运动带减速停止：沿X轴方向运动 ====》《=== ====: bImmeStop{false},nAxisMask{0x1}
2023-03-31 21:24:48,661 [AppLog] INFO : 手动开启自动清洗过程：AutoCleanBtn_Click
2023-03-31 21:24:48,676 [AppLog] INFO : 进入自动清洗过程：AutoCleanThread
2023-03-31 21:24:49,643 [AppLog] INFO : 刮墨轴回零成功：motionMap.SetBackSpreaderAxis(4, 1, 2, -SinkPosition)
2023-03-31 21:24:49,643 [AppLog] INFO : 准备读取编码器位置：Y方向！
2023-03-31 21:24:49,643 [AppLog] INFO : 准备运动，编码器当前位置：DEM_GetAxisEncodeVal：MoveDirectionFlag{false为Y方向：True}CurrentPos{121.24}AimPos{121}
2023-03-31 21:24:49,675 [AppLog] INFO : Y方向运动开始：DEM_Run：返回值{True}nAxis{1}DirFlag{False}nSpeed{50000}MoveStep{-240.000000000009}nCtlValue{0}
2023-03-31 21:24:49,721 [AppLog] INFO : Y方向到位停止：DEM_StopAxisRun：返回值{True}CurrentPos{121.24}bImmeStop{False}nAxisMask{2}
2023-03-31 21:24:49,721 [AppLog] INFO : 准备读取编码器位置：X方向！
2023-03-31 21:24:49,721 [AppLog] INFO : 准备运动，当前位置：DEV_GetPrintEncoderValue：MoveDirectionFlag{false为Y方向：False}CurrentPos{741.625}AimPos{710}
2023-03-31 21:24:49,753 [AppLog] INFO : X方向运动开始：DEM_Run：返回值{True}nAxis{0}DirFlag{False}nSpeed{50000}MoveStep{-31625}nCtlValue{2}
2023-03-31 21:24:50,455 [AppLog] INFO : X方向到位停止：DEM_StopAxisRun：返回值{True}CurrentPos{713.93}bImmeStop{False}nAxisMask{1}
2023-03-31 21:24:51,297 [AppLog] INFO : 开启压墨： motionMap.SetDo(13, true)
2023-03-31 21:24:54,308 [AppLog] INFO : 关闭压墨： motionMap.SetDo(13, true)
2023-03-31 21:24:54,323 [AppLog] INFO : 开启闪喷： IDP_FlashPrtCtl(true)：ReturnCode{True}
2023-03-31 21:24:54,323 [AppLog] INFO : 准备读取编码器位置：X方向！
2023-03-31 21:24:54,323 [AppLog] INFO : 准备运动，当前位置：DEV_GetPrintEncoderValue：MoveDirectionFlag{false为Y方向：False}CurrentPos{710.51}AimPos{780}
2023-03-31 21:24:54,355 [AppLog] INFO : X方向运动开始：DEM_Run：返回值{True}nAxis{0}DirFlag{True}nSpeed{50000}MoveStep{69490}nCtlValue{2}
2023-03-31 21:24:55,805 [AppLog] INFO : X方向到位停止：DEM_StopAxisRun：返回值{True}CurrentPos{776.21}bImmeStop{False}nAxisMask{1}
2023-03-31 21:24:56,133 [AppLog] INFO : 准备读取编码器位置：X方向！
2023-03-31 21:24:56,133 [AppLog] INFO : 准备运动，当前位置：DEV_GetPrintEncoderValue：MoveDirectionFlag{false为Y方向：False}CurrentPos{779.515}AimPos{710}
2023-03-31 21:24:56,164 [AppLog] INFO : X方向运动开始：DEM_Run：返回值{True}nAxis{0}DirFlag{False}nSpeed{50000}MoveStep{-69515}nCtlValue{2}
2023-03-31 21:24:57,615 [AppLog] INFO : X方向到位停止：DEM_StopAxisRun：返回值{True}CurrentPos{713.575}bImmeStop{False}nAxisMask{1}
2023-03-31 21:24:59,191 [AppLog] INFO : 结束自动清洗过程：AutoCleanThread
2023-03-31 21:25:06,320 [AppLog] INFO : 手动停止自动清洗过程：AutoCleanBtn_Click
2023-03-31 21:25:07,178 [AppLog] INFO : 手动开启自动清洗过程：AutoCleanBtn_Click
2023-03-31 21:25:07,178 [AppLog] INFO : 进入自动清洗过程：AutoCleanThread
2023-03-31 21:25:08,161 [AppLog] INFO : 刮墨轴回零成功：motionMap.SetBackSpreaderAxis(4, 1, 2, -SinkPosition)
2023-03-31 21:25:08,161 [AppLog] INFO : 准备读取编码器位置：Y方向！
2023-03-31 21:25:08,161 [AppLog] INFO : 准备运动，编码器当前位置：DEM_GetAxisEncodeVal：MoveDirectionFlag{false为Y方向：True}CurrentPos{120.99}AimPos{121}
2023-03-31 21:25:08,207 [AppLog] INFO : Y方向运动开始：DEM_Run：返回值{True}nAxis{1}DirFlag{True}nSpeed{50000}MoveStep{9.99999999999091}nCtlValue{0}
2023-03-31 21:25:08,207 [AppLog] INFO : Y方向到位停止：DEM_StopAxisRun：返回值{True}CurrentPos{120.99}bImmeStop{False}nAxisMask{2}
2023-03-31 21:25:08,207 [AppLog] INFO : 准备读取编码器位置：X方向！
2023-03-31 21:25:08,207 [AppLog] INFO : 准备运动，当前位置：DEV_GetPrintEncoderValue：MoveDirectionFlag{false为Y方向：False}CurrentPos{710.49}AimPos{710}
2023-03-31 21:25:08,239 [AppLog] INFO : X方向运动开始：DEM_Run：返回值{True}nAxis{0}DirFlag{False}nSpeed{50000}MoveStep{-490.000000000009}nCtlValue{2}
2023-03-31 21:25:08,285 [AppLog] INFO : X方向到位停止：DEM_StopAxisRun：返回值{True}CurrentPos{710.49}bImmeStop{False}nAxisMask{1}
2023-03-31 21:25:09,128 [AppLog] INFO : 开启压墨： motionMap.SetDo(13, true)
2023-03-31 21:25:12,139 [AppLog] INFO : 关闭压墨： motionMap.SetDo(13, true)
2023-03-31 21:25:12,154 [AppLog] INFO : 开启闪喷： IDP_FlashPrtCtl(true)：ReturnCode{True}
2023-03-31 21:25:12,154 [AppLog] INFO : 准备读取编码器位置：X方向！
2023-03-31 21:25:12,154 [AppLog] INFO : 准备运动，当前位置：DEV_GetPrintEncoderValue：MoveDirectionFlag{false为Y方向：False}CurrentPos{710.065}AimPos{780}
2023-03-31 21:25:12,185 [AppLog] INFO : X方向运动开始：DEM_Run：返回值{True}nAxis{0}DirFlag{True}nSpeed{50000}MoveStep{69934.9999999999}nCtlValue{2}
2023-03-31 21:25:13,652 [AppLog] INFO : X方向到位停止：DEM_StopAxisRun：返回值{True}CurrentPos{776.61}bImmeStop{False}nAxisMask{1}
2023-03-31 21:25:13,979 [AppLog] INFO : 准备读取编码器位置：X方向！
2023-03-31 21:25:13,979 [AppLog] INFO : 准备运动，当前位置：DEV_GetPrintEncoderValue：MoveDirectionFlag{false为Y方向：False}CurrentPos{779.435}AimPos{710}
2023-03-31 21:25:14,011 [AppLog] INFO : X方向运动开始：DEM_Run：返回值{True}nAxis{0}DirFlag{False}nSpeed{50000}MoveStep{-69435.0000000001}nCtlValue{2}
2023-03-31 21:25:15,461 [AppLog] INFO : X方向到位停止：DEM_StopAxisRun：返回值{True}CurrentPos{713.745}bImmeStop{False}nAxisMask{1}
2023-03-31 21:25:17,037 [AppLog] INFO : 结束自动清洗过程：AutoCleanThread
2023-03-31 21:25:19,049 [AppLog] INFO : 手动停止自动清洗过程：AutoCleanBtn_Click
2023-03-31 21:25:21,655 [AppLog] INFO : 手动开启自动清洗过程：AutoCleanBtn_Click
2023-03-31 21:25:21,655 [AppLog] INFO : 进入自动清洗过程：AutoCleanThread
2023-03-31 21:25:22,637 [AppLog] INFO : 刮墨轴回零成功：motionMap.SetBackSpreaderAxis(4, 1, 2, -SinkPosition)
2023-03-31 21:25:22,637 [AppLog] INFO : 准备读取编码器位置：Y方向！
2023-03-31 21:25:22,637 [AppLog] INFO : 准备运动，编码器当前位置：DEM_GetAxisEncodeVal：MoveDirectionFlag{false为Y方向：True}CurrentPos{120.995}AimPos{121}
2023-03-31 21:25:22,669 [AppLog] INFO : Y方向运动开始：DEM_Run：返回值{True}nAxis{1}DirFlag{True}nSpeed{50000}MoveStep{4.99999999999545}nCtlValue{0}
2023-03-31 21:25:22,669 [AppLog] INFO : Y方向到位停止：DEM_StopAxisRun：返回值{True}CurrentPos{120.995}bImmeStop{False}nAxisMask{2}
2023-03-31 21:25:22,669 [AppLog] INFO : 准备读取编码器位置：X方向！
2023-03-31 21:25:22,669 [AppLog] INFO : 准备运动，当前位置：DEV_GetPrintEncoderValue：MoveDirectionFlag{false为Y方向：False}CurrentPos{710.49}AimPos{710}
2023-03-31 21:25:22,700 [AppLog] INFO : X方向运动开始：DEM_Run：返回值{True}nAxis{0}DirFlag{False}nSpeed{50000}MoveStep{-490.000000000009}nCtlValue{2}
2023-03-31 21:25:22,747 [AppLog] INFO : X方向到位停止：DEM_StopAxisRun：返回值{True}CurrentPos{710.49}bImmeStop{False}nAxisMask{1}
2023-03-31 21:25:23,589 [AppLog] INFO : 开启压墨： motionMap.SetDo(13, true)
2023-03-31 21:25:26,600 [AppLog] INFO : 关闭压墨： motionMap.SetDo(13, true)
2023-03-31 21:25:26,615 [AppLog] INFO : 开启闪喷： IDP_FlashPrtCtl(true)：ReturnCode{True}
2023-03-31 21:25:26,615 [AppLog] INFO : 准备读取编码器位置：X方向！
2023-03-31 21:25:26,615 [AppLog] INFO : 准备运动，当前位置：DEV_GetPrintEncoderValue：MoveDirectionFlag{false为Y方向：False}CurrentPos{710.07}AimPos{780}
2023-03-31 21:25:26,647 [AppLog] INFO : X方向运动开始：DEM_Run：返回值{True}nAxis{0}DirFlag{True}nSpeed{50000}MoveStep{69930}nCtlValue{2}
2023-03-31 21:25:28,113 [AppLog] INFO : X方向到位停止：DEM_StopAxisRun：返回值{True}CurrentPos{776.555}bImmeStop{False}nAxisMask{1}
2023-03-31 21:25:28,441 [AppLog] INFO : 准备读取编码器位置：X方向！
2023-03-31 21:25:28,441 [AppLog] INFO : 准备运动，当前位置：DEV_GetPrintEncoderValue：MoveDirectionFlag{false为Y方向：False}CurrentPos{779.44}AimPos{710}
2023-03-31 21:25:28,472 [AppLog] INFO : X方向运动开始：DEM_Run：返回值{True}nAxis{0}DirFlag{False}nSpeed{50000}MoveStep{-69440.0000000001}nCtlValue{2}
2023-03-31 21:25:29,923 [AppLog] INFO : X方向到位停止：DEM_StopAxisRun：返回值{True}CurrentPos{713.73}bImmeStop{False}nAxisMask{1}
2023-03-31 21:25:31,498 [AppLog] INFO : 结束自动清洗过程：AutoCleanThread
2023-03-31 21:25:33,807 [AppLog] INFO : 手动停止自动清洗过程：AutoCleanBtn_Click
2023-03-31 21:25:34,228 [AppLog] INFO : 手动开启自动清洗过程：AutoCleanBtn_Click
2023-03-31 21:25:34,228 [AppLog] INFO : 进入自动清洗过程：AutoCleanThread
2023-03-31 21:25:35,195 [AppLog] INFO : 刮墨轴回零成功：motionMap.SetBackSpreaderAxis(4, 1, 2, -SinkPosition)
2023-03-31 21:25:35,195 [AppLog] INFO : 准备读取编码器位置：Y方向！
2023-03-31 21:25:35,195 [AppLog] INFO : 准备运动，编码器当前位置：DEM_GetAxisEncodeVal：MoveDirectionFlag{false为Y方向：True}CurrentPos{121}AimPos{121}
2023-03-31 21:25:35,195 [AppLog] INFO : Y方向运动开始：DEM_Run：返回值{True}nAxis{1}DirFlag{False}nSpeed{50000}MoveStep{0}nCtlValue{0}
2023-03-31 21:25:35,195 [AppLog] INFO : Y方向到位停止：DEM_StopAxisRun：返回值{True}CurrentPos{121}bImmeStop{False}nAxisMask{2}
2023-03-31 21:25:35,195 [AppLog] INFO : 准备读取编码器位置：X方向！
2023-03-31 21:25:35,195 [AppLog] INFO : 准备运动，当前位置：DEV_GetPrintEncoderValue：MoveDirectionFlag{false为Y方向：False}CurrentPos{710.485}AimPos{710}
2023-03-31 21:25:35,227 [AppLog] INFO : X方向运动开始：DEM_Run：返回值{True}nAxis{0}DirFlag{False}nSpeed{50000}MoveStep{-485.000000000014}nCtlValue{2}
2023-03-31 21:25:35,305 [AppLog] INFO : X方向到位停止：DEM_StopAxisRun：返回值{True}CurrentPos{710.485}bImmeStop{False}nAxisMask{1}
2023-03-31 21:25:36,147 [AppLog] INFO : 开启压墨： motionMap.SetDo(13, true)
2023-03-31 21:25:39,158 [AppLog] INFO : 关闭压墨： motionMap.SetDo(13, true)
2023-03-31 21:25:39,189 [AppLog] INFO : 开启闪喷： IDP_FlashPrtCtl(true)：ReturnCode{True}
2023-03-31 21:25:39,189 [AppLog] INFO : 准备读取编码器位置：X方向！
2023-03-31 21:25:39,189 [AppLog] INFO : 准备运动，当前位置：DEV_GetPrintEncoderValue：MoveDirectionFlag{false为Y方向：False}CurrentPos{710.08}AimPos{780}
2023-03-31 21:25:39,236 [AppLog] INFO : X方向运动开始：DEM_Run：返回值{True}nAxis{0}DirFlag{True}nSpeed{50000}MoveStep{69920}nCtlValue{2}
2023-03-31 21:25:40,702 [AppLog] INFO : X方向到位停止：DEM_StopAxisRun：返回值{True}CurrentPos{776.455}bImmeStop{False}nAxisMask{1}
2023-03-31 21:25:41,030 [AppLog] INFO : 准备读取编码器位置：X方向！
2023-03-31 21:25:41,030 [AppLog] INFO : 准备运动，当前位置：DEV_GetPrintEncoderValue：MoveDirectionFlag{false为Y方向：False}CurrentPos{779.435}AimPos{710}
2023-03-31 21:25:41,061 [AppLog] INFO : X方向运动开始：DEM_Run：返回值{True}nAxis{0}DirFlag{False}nSpeed{50000}MoveStep{-69435.0000000001}nCtlValue{2}
2023-03-31 21:25:42,512 [AppLog] INFO : X方向到位停止：DEM_StopAxisRun：返回值{True}CurrentPos{713.82}bImmeStop{False}nAxisMask{1}
2023-03-31 21:25:44,087 [AppLog] INFO : 结束自动清洗过程：AutoCleanThread
2023-03-31 21:25:45,694 [AppLog] INFO : 手动停止自动清洗过程：AutoCleanBtn_Click
2023-03-31 21:25:46,037 [AppLog] INFO : 手动开启自动清洗过程：AutoCleanBtn_Click
2023-03-31 21:25:46,037 [AppLog] INFO : 进入自动清洗过程：AutoCleanThread
2023-03-31 21:25:47,005 [AppLog] INFO : 刮墨轴回零成功：motionMap.SetBackSpreaderAxis(4, 1, 2, -SinkPosition)
2023-03-31 21:25:47,005 [AppLog] INFO : 准备读取编码器位置：Y方向！
2023-03-31 21:25:47,005 [AppLog] INFO : 准备运动，编码器当前位置：DEM_GetAxisEncodeVal：MoveDirectionFlag{false为Y方向：True}CurrentPos{121.005}AimPos{121}
2023-03-31 21:25:47,036 [AppLog] INFO : Y方向运动开始：DEM_Run：返回值{True}nAxis{1}DirFlag{False}nSpeed{50000}MoveStep{-4.99999999999545}nCtlValue{0}
2023-03-31 21:25:47,036 [AppLog] INFO : Y方向到位停止：DEM_StopAxisRun：返回值{True}CurrentPos{121.005}bImmeStop{False}nAxisMask{2}
2023-03-31 21:25:47,036 [AppLog] INFO : 准备读取编码器位置：X方向！
2023-03-31 21:25:47,036 [AppLog] INFO : 准备运动，当前位置：DEV_GetPrintEncoderValue：MoveDirectionFlag{false为Y方向：False}CurrentPos{710.49}AimPos{710}
2023-03-31 21:25:47,067 [AppLog] INFO : X方向运动开始：DEM_Run：返回值{True}nAxis{0}DirFlag{False}nSpeed{50000}MoveStep{-490.000000000009}nCtlValue{2}
2023-03-31 21:25:47,114 [AppLog] INFO : X方向到位停止：DEM_StopAxisRun：返回值{True}CurrentPos{710.49}bImmeStop{False}nAxisMask{1}
2023-03-31 21:25:47,956 [AppLog] INFO : 开启压墨： motionMap.SetDo(13, true)
2023-03-31 21:25:50,967 [AppLog] INFO : 关闭压墨： motionMap.SetDo(13, true)
2023-03-31 21:25:50,983 [AppLog] INFO : 开启闪喷： IDP_FlashPrtCtl(true)：ReturnCode{True}
2023-03-31 21:25:50,983 [AppLog] INFO : 准备读取编码器位置：X方向！
2023-03-31 21:25:50,998 [AppLog] INFO : 准备运动，当前位置：DEV_GetPrintEncoderValue：MoveDirectionFlag{false为Y方向：False}CurrentPos{710.08}AimPos{780}
2023-03-31 21:25:51,030 [AppLog] INFO : X方向运动开始：DEM_Run：返回值{True}nAxis{0}DirFlag{True}nSpeed{50000}MoveStep{69920}nCtlValue{2}
2023-03-31 21:25:52,512 [AppLog] INFO : X方向到位停止：DEM_StopAxisRun：返回值{True}CurrentPos{776.93}bImmeStop{False}nAxisMask{1}
2023-03-31 21:25:52,839 [AppLog] INFO : 准备读取编码器位置：X方向！
2023-03-31 21:25:52,839 [AppLog] INFO : 准备运动，当前位置：DEV_GetPrintEncoderValue：MoveDirectionFlag{false为Y方向：False}CurrentPos{779.44}AimPos{710}
2023-03-31 21:25:52,870 [AppLog] INFO : X方向运动开始：DEM_Run：返回值{True}nAxis{0}DirFlag{False}nSpeed{50000}MoveStep{-69440.0000000001}nCtlValue{2}
2023-03-31 21:25:54,321 [AppLog] INFO : X方向到位停止：DEM_StopAxisRun：返回值{True}CurrentPos{713.75}bImmeStop{False}nAxisMask{1}
2023-03-31 21:25:55,897 [AppLog] INFO : 结束自动清洗过程：AutoCleanThread
2023-03-31 21:26:00,561 [AppLog] INFO : 手动停止自动清洗过程：AutoCleanBtn_Click
2023-03-31 21:26:02,995 [AppLog] INFO : 手动开启自动清洗过程：AutoCleanBtn_Click
2023-03-31 21:26:02,995 [AppLog] INFO : 进入自动清洗过程：AutoCleanThread
2023-03-31 21:26:03,962 [AppLog] INFO : 刮墨轴回零成功：motionMap.SetBackSpreaderAxis(4, 1, 2, -SinkPosition)
2023-03-31 21:26:03,962 [AppLog] INFO : 准备读取编码器位置：Y方向！
2023-03-31 21:26:03,962 [AppLog] INFO : 准备运动，编码器当前位置：DEM_GetAxisEncodeVal：MoveDirectionFlag{false为Y方向：True}CurrentPos{121.005}AimPos{121}
2023-03-31 21:26:03,993 [AppLog] INFO : Y方向运动开始：DEM_Run：返回值{True}nAxis{1}DirFlag{False}nSpeed{50000}MoveStep{-4.99999999999545}nCtlValue{0}
2023-03-31 21:26:03,993 [AppLog] INFO : Y方向到位停止：DEM_StopAxisRun：返回值{True}CurrentPos{121.005}bImmeStop{False}nAxisMask{2}
2023-03-31 21:26:03,993 [AppLog] INFO : 准备读取编码器位置：X方向！
2023-03-31 21:26:03,993 [AppLog] INFO : 准备运动，当前位置：DEV_GetPrintEncoderValue：MoveDirectionFlag{false为Y方向：False}CurrentPos{710.485}AimPos{710}
2023-03-31 21:26:04,024 [AppLog] INFO : X方向运动开始：DEM_Run：返回值{True}nAxis{0}DirFlag{False}nSpeed{50000}MoveStep{-485.000000000014}nCtlValue{2}
2023-03-31 21:26:04,102 [AppLog] INFO : X方向到位停止：DEM_StopAxisRun：返回值{True}CurrentPos{710.485}bImmeStop{False}nAxisMask{1}
2023-03-31 21:26:04,945 [AppLog] INFO : 开启压墨： motionMap.SetDo(13, true)
2023-03-31 21:26:07,956 [AppLog] INFO : 关闭压墨： motionMap.SetDo(13, true)
2023-03-31 21:26:07,971 [AppLog] INFO : 开启闪喷： IDP_FlashPrtCtl(true)：ReturnCode{True}
2023-03-31 21:26:07,971 [AppLog] INFO : 准备读取编码器位置：X方向！
2023-03-31 21:26:07,971 [AppLog] INFO : 准备运动，当前位置：DEV_GetPrintEncoderValue：MoveDirectionFlag{false为Y方向：False}CurrentPos{710.075}AimPos{780}
2023-03-31 21:26:08,002 [AppLog] INFO : X方向运动开始：DEM_Run：返回值{True}nAxis{0}DirFlag{True}nSpeed{50000}MoveStep{69925}nCtlValue{2}
2023-03-31 21:26:09,469 [AppLog] INFO : X方向到位停止：DEM_StopAxisRun：返回值{True}CurrentPos{776.34}bImmeStop{False}nAxisMask{1}
2023-03-31 21:26:09,796 [AppLog] INFO : 准备读取编码器位置：X方向！
2023-03-31 21:26:09,796 [AppLog] INFO : 准备运动，当前位置：DEV_GetPrintEncoderValue：MoveDirectionFlag{false为Y方向：False}CurrentPos{779.435}AimPos{710}
2023-03-31 21:26:09,828 [AppLog] INFO : X方向运动开始：DEM_Run：返回值{True}nAxis{0}DirFlag{False}nSpeed{50000}MoveStep{-69435.0000000001}nCtlValue{2}
2023-03-31 21:26:11,278 [AppLog] INFO : X方向到位停止：DEM_StopAxisRun：返回值{True}CurrentPos{713.73}bImmeStop{False}nAxisMask{1}
2023-03-31 21:26:12,854 [AppLog] INFO : 结束自动清洗过程：AutoCleanThread
2023-03-31 21:26:15,553 [AppLog] INFO : 手动停止自动清洗过程：AutoCleanBtn_Click
2023-03-31 21:26:15,927 [AppLog] INFO : 手动开启自动清洗过程：AutoCleanBtn_Click
2023-03-31 21:26:15,927 [AppLog] INFO : 进入自动清洗过程：AutoCleanThread
2023-03-31 21:26:16,910 [AppLog] INFO : 刮墨轴回零成功：motionMap.SetBackSpreaderAxis(4, 1, 2, -SinkPosition)
2023-03-31 21:26:16,910 [AppLog] INFO : 准备读取编码器位置：Y方向！
2023-03-31 21:26:16,910 [AppLog] INFO : 准备运动，编码器当前位置：DEM_GetAxisEncodeVal：MoveDirectionFlag{false为Y方向：True}CurrentPos{121}AimPos{121}
2023-03-31 21:26:16,910 [AppLog] INFO : Y方向运动开始：DEM_Run：返回值{True}nAxis{1}DirFlag{False}nSpeed{50000}MoveStep{0}nCtlValue{0}
2023-03-31 21:26:16,910 [AppLog] INFO : Y方向到位停止：DEM_StopAxisRun：返回值{True}CurrentPos{121}bImmeStop{False}nAxisMask{2}
2023-03-31 21:26:16,910 [AppLog] INFO : 准备读取编码器位置：X方向！
2023-03-31 21:26:16,910 [AppLog] INFO : 准备运动，当前位置：DEV_GetPrintEncoderValue：MoveDirectionFlag{false为Y方向：False}CurrentPos{710.49}AimPos{710}
2023-03-31 21:26:16,941 [AppLog] INFO : X方向运动开始：DEM_Run：返回值{True}nAxis{0}DirFlag{False}nSpeed{50000}MoveStep{-490.000000000009}nCtlValue{2}
2023-03-31 21:26:17,004 [AppLog] INFO : X方向到位停止：DEM_StopAxisRun：返回值{True}CurrentPos{710.49}bImmeStop{False}nAxisMask{1}
2023-03-31 21:26:17,846 [AppLog] INFO : 开启压墨： motionMap.SetDo(13, true)
2023-03-31 21:26:20,857 [AppLog] INFO : 关闭压墨： motionMap.SetDo(13, true)
2023-03-31 21:26:20,872 [AppLog] INFO : 开启闪喷： IDP_FlashPrtCtl(true)：ReturnCode{True}
2023-03-31 21:26:20,872 [AppLog] INFO : 准备读取编码器位置：X方向！
2023-03-31 21:26:20,872 [AppLog] INFO : 准备运动，当前位置：DEV_GetPrintEncoderValue：MoveDirectionFlag{false为Y方向：False}CurrentPos{710.075}AimPos{780}
2023-03-31 21:26:20,904 [AppLog] INFO : X方向运动开始：DEM_Run：返回值{True}nAxis{0}DirFlag{True}nSpeed{50000}MoveStep{69925}nCtlValue{2}
2023-03-31 21:26:22,370 [AppLog] INFO : X方向到位停止：DEM_StopAxisRun：返回值{True}CurrentPos{776.455}bImmeStop{False}nAxisMask{1}
2023-03-31 21:26:22,698 [AppLog] INFO : 准备读取编码器位置：X方向！
2023-03-31 21:26:22,698 [AppLog] INFO : 准备运动，当前位置：DEV_GetPrintEncoderValue：MoveDirectionFlag{false为Y方向：False}CurrentPos{779.43}AimPos{710}
2023-03-31 21:26:22,729 [AppLog] INFO : X方向运动开始：DEM_Run：返回值{True}nAxis{0}DirFlag{False}nSpeed{50000}MoveStep{-69430.0000000001}nCtlValue{2}
2023-03-31 21:26:24,180 [AppLog] INFO : X方向到位停止：DEM_StopAxisRun：返回值{True}CurrentPos{713.74}bImmeStop{False}nAxisMask{1}
2023-03-31 21:26:25,755 [AppLog] INFO : 结束自动清洗过程：AutoCleanThread
2023-03-31 21:26:27,159 [AppLog] INFO : 手动停止自动清洗过程：AutoCleanBtn_Click
2023-03-31 21:26:27,565 [AppLog] INFO : 手动开启自动清洗过程：AutoCleanBtn_Click
2023-03-31 21:26:27,565 [AppLog] INFO : 进入自动清洗过程：AutoCleanThread
2023-03-31 21:26:28,532 [AppLog] INFO : 刮墨轴回零成功：motionMap.SetBackSpreaderAxis(4, 1, 2, -SinkPosition)
2023-03-31 21:26:28,532 [AppLog] INFO : 准备读取编码器位置：Y方向！
2023-03-31 21:26:28,532 [AppLog] INFO : 准备运动，编码器当前位置：DEM_GetAxisEncodeVal：MoveDirectionFlag{false为Y方向：True}CurrentPos{121}AimPos{121}
2023-03-31 21:26:28,532 [AppLog] INFO : Y方向运动开始：DEM_Run：返回值{True}nAxis{1}DirFlag{False}nSpeed{50000}MoveStep{0}nCtlValue{0}
2023-03-31 21:26:28,532 [AppLog] INFO : Y方向到位停止：DEM_StopAxisRun：返回值{True}CurrentPos{121}bImmeStop{False}nAxisMask{2}
2023-03-31 21:26:28,532 [AppLog] INFO : 准备读取编码器位置：X方向！
2023-03-31 21:26:28,532 [AppLog] INFO : 准备运动，当前位置：DEV_GetPrintEncoderValue：MoveDirectionFlag{false为Y方向：False}CurrentPos{710.495}AimPos{710}
2023-03-31 21:26:28,579 [AppLog] INFO : X方向运动开始：DEM_Run：返回值{True}nAxis{0}DirFlag{False}nSpeed{50000}MoveStep{-495.000000000005}nCtlValue{2}
2023-03-31 21:26:28,641 [AppLog] INFO : X方向到位停止：DEM_StopAxisRun：返回值{True}CurrentPos{710.495}bImmeStop{False}nAxisMask{1}
2023-03-31 21:26:29,484 [AppLog] INFO : 开启压墨： motionMap.SetDo(13, true)
2023-03-31 21:26:32,494 [AppLog] INFO : 关闭压墨： motionMap.SetDo(13, true)
2023-03-31 21:26:32,510 [AppLog] INFO : 开启闪喷： IDP_FlashPrtCtl(true)：ReturnCode{True}
2023-03-31 21:26:32,510 [AppLog] INFO : 准备读取编码器位置：X方向！
2023-03-31 21:26:32,510 [AppLog] INFO : 准备运动，当前位置：DEV_GetPrintEncoderValue：MoveDirectionFlag{false为Y方向：False}CurrentPos{710.09}AimPos{780}
2023-03-31 21:26:32,541 [AppLog] INFO : X方向运动开始：DEM_Run：返回值{True}nAxis{0}DirFlag{True}nSpeed{50000}MoveStep{69910}nCtlValue{2}
2023-03-31 21:26:34,008 [AppLog] INFO : X方向到位停止：DEM_StopAxisRun：返回值{True}CurrentPos{776.455}bImmeStop{False}nAxisMask{1}
2023-03-31 21:26:34,335 [AppLog] INFO : 准备读取编码器位置：X方向！
2023-03-31 21:26:34,335 [AppLog] INFO : 准备运动，当前位置：DEV_GetPrintEncoderValue：MoveDirectionFlag{false为Y方向：False}CurrentPos{779.405}AimPos{710}
2023-03-31 21:26:34,366 [AppLog] INFO : X方向运动开始：DEM_Run：返回值{True}nAxis{0}DirFlag{False}nSpeed{50000}MoveStep{-69405}nCtlValue{2}
2023-03-31 21:26:35,817 [AppLog] INFO : X方向到位停止：DEM_StopAxisRun：返回值{True}CurrentPos{713.805}bImmeStop{False}nAxisMask{1}
2023-03-31 21:26:37,393 [AppLog] INFO : 结束自动清洗过程：AutoCleanThread
2023-03-31 21:26:39,421 [AppLog] INFO : 手动停止自动清洗过程：AutoCleanBtn_Click
2023-03-31 21:26:40,263 [AppLog] INFO : 手动开启自动清洗过程：AutoCleanBtn_Click
2023-03-31 21:26:40,263 [AppLog] INFO : 进入自动清洗过程：AutoCleanThread
2023-03-31 21:26:41,246 [AppLog] INFO : 刮墨轴回零成功：motionMap.SetBackSpreaderAxis(4, 1, 2, -SinkPosition)
2023-03-31 21:26:41,246 [AppLog] INFO : 准备读取编码器位置：Y方向！
2023-03-31 21:26:41,246 [AppLog] INFO : 准备运动，编码器当前位置：DEM_GetAxisEncodeVal：MoveDirectionFlag{false为Y方向：True}CurrentPos{121}AimPos{121}
2023-03-31 21:26:41,246 [AppLog] INFO : Y方向运动开始：DEM_Run：返回值{True}nAxis{1}DirFlag{False}nSpeed{50000}MoveStep{0}nCtlValue{0}
2023-03-31 21:26:41,246 [AppLog] INFO : Y方向到位停止：DEM_StopAxisRun：返回值{True}CurrentPos{121}bImmeStop{False}nAxisMask{2}
2023-03-31 21:26:41,246 [AppLog] INFO : 准备读取编码器位置：X方向！
2023-03-31 21:26:41,246 [AppLog] INFO : 准备运动，当前位置：DEV_GetPrintEncoderValue：MoveDirectionFlag{false为Y方向：False}CurrentPos{710.535}AimPos{710}
2023-03-31 21:26:41,277 [AppLog] INFO : X方向运动开始：DEM_Run：返回值{True}nAxis{0}DirFlag{False}nSpeed{50000}MoveStep{-534.999999999968}nCtlValue{2}
2023-03-31 21:26:41,371 [AppLog] INFO : X方向到位停止：DEM_StopAxisRun：返回值{True}CurrentPos{710.535}bImmeStop{False}nAxisMask{1}
2023-03-31 21:26:42,213 [AppLog] INFO : 开启压墨： motionMap.SetDo(13, true)
2023-03-31 21:26:45,224 [AppLog] INFO : 关闭压墨： motionMap.SetDo(13, true)
2023-03-31 21:26:45,240 [AppLog] INFO : 开启闪喷： IDP_FlashPrtCtl(true)：ReturnCode{True}
2023-03-31 21:26:45,240 [AppLog] INFO : 准备读取编码器位置：X方向！
2023-03-31 21:26:45,240 [AppLog] INFO : 准备运动，当前位置：DEV_GetPrintEncoderValue：MoveDirectionFlag{false为Y方向：False}CurrentPos{710.085}AimPos{780}
2023-03-31 21:26:45,271 [AppLog] INFO : X方向运动开始：DEM_Run：返回值{True}nAxis{0}DirFlag{True}nSpeed{50000}MoveStep{69915}nCtlValue{2}
2023-03-31 21:26:46,737 [AppLog] INFO : X方向到位停止：DEM_StopAxisRun：返回值{True}CurrentPos{776.435}bImmeStop{False}nAxisMask{1}
2023-03-31 21:26:47,065 [AppLog] INFO : 准备读取编码器位置：X方向！
2023-03-31 21:26:47,080 [AppLog] INFO : 准备运动，当前位置：DEV_GetPrintEncoderValue：MoveDirectionFlag{false为Y方向：False}CurrentPos{779.38}AimPos{710}
2023-03-31 21:26:47,112 [AppLog] INFO : X方向运动开始：DEM_Run：返回值{True}nAxis{0}DirFlag{False}nSpeed{50000}MoveStep{-69380}nCtlValue{2}
2023-03-31 21:26:48,562 [AppLog] INFO : X方向到位停止：DEM_StopAxisRun：返回值{True}CurrentPos{713.86}bImmeStop{False}nAxisMask{1}
2023-03-31 21:26:50,138 [AppLog] INFO : 结束自动清洗过程：AutoCleanThread
2023-03-31 21:26:53,211 [AppLog] INFO : 手动停止自动清洗过程：AutoCleanBtn_Click
2023-03-31 21:26:53,679 [AppLog] INFO : 手动开启自动清洗过程：AutoCleanBtn_Click
2023-03-31 21:26:53,679 [AppLog] INFO : 进入自动清洗过程：AutoCleanThread
2023-03-31 21:26:54,646 [AppLog] INFO : 刮墨轴回零成功：motionMap.SetBackSpreaderAxis(4, 1, 2, -SinkPosition)
2023-03-31 21:26:54,646 [AppLog] INFO : 准备读取编码器位置：Y方向！
2023-03-31 21:26:54,662 [AppLog] INFO : 准备运动，编码器当前位置：DEM_GetAxisEncodeVal：MoveDirectionFlag{false为Y方向：True}CurrentPos{121}AimPos{121}
2023-03-31 21:26:54,662 [AppLog] INFO : Y方向运动开始：DEM_Run：返回值{True}nAxis{1}DirFlag{False}nSpeed{50000}MoveStep{0}nCtlValue{0}
2023-03-31 21:26:54,662 [AppLog] INFO : Y方向到位停止：DEM_StopAxisRun：返回值{True}CurrentPos{121}bImmeStop{False}nAxisMask{2}
2023-03-31 21:26:54,662 [AppLog] INFO : 准备读取编码器位置：X方向！
2023-03-31 21:26:54,662 [AppLog] INFO : 准备运动，当前位置：DEV_GetPrintEncoderValue：MoveDirectionFlag{false为Y方向：False}CurrentPos{710.54}AimPos{710}
2023-03-31 21:26:54,709 [AppLog] INFO : X方向运动开始：DEM_Run：返回值{True}nAxis{0}DirFlag{False}nSpeed{50000}MoveStep{-539.999999999964}nCtlValue{2}
2023-03-31 21:26:54,756 [AppLog] INFO : X方向到位停止：DEM_StopAxisRun：返回值{True}CurrentPos{710.54}bImmeStop{False}nAxisMask{1}
2023-03-31 21:26:55,598 [AppLog] INFO : 开启压墨： motionMap.SetDo(13, true)
2023-03-31 21:26:58,609 [AppLog] INFO : 关闭压墨： motionMap.SetDo(13, true)
2023-03-31 21:26:58,624 [AppLog] INFO : 开启闪喷： IDP_FlashPrtCtl(true)：ReturnCode{True}
2023-03-31 21:26:58,624 [AppLog] INFO : 准备读取编码器位置：X方向！
2023-03-31 21:26:58,624 [AppLog] INFO : 准备运动，当前位置：DEV_GetPrintEncoderValue：MoveDirectionFlag{false为Y方向：False}CurrentPos{710.095}AimPos{780}
2023-03-31 21:26:58,656 [AppLog] INFO : X方向运动开始：DEM_Run：返回值{True}nAxis{0}DirFlag{True}nSpeed{50000}MoveStep{69905}nCtlValue{2}
2023-03-31 21:27:00,122 [AppLog] INFO : X方向到位停止：DEM_StopAxisRun：返回值{True}CurrentPos{776.405}bImmeStop{False}nAxisMask{1}
2023-03-31 21:27:00,450 [AppLog] INFO : 准备读取编码器位置：X方向！
2023-03-31 21:27:00,450 [AppLog] INFO : 准备运动，当前位置：DEV_GetPrintEncoderValue：MoveDirectionFlag{false为Y方向：False}CurrentPos{779.35}AimPos{710}
2023-03-31 21:27:00,481 [AppLog] INFO : X方向运动开始：DEM_Run：返回值{True}nAxis{0}DirFlag{False}nSpeed{50000}MoveStep{-69350}nCtlValue{2}
2023-03-31 21:27:01,932 [AppLog] INFO : X方向到位停止：DEM_StopAxisRun：返回值{True}CurrentPos{713.915}bImmeStop{False}nAxisMask{1}
2023-03-31 21:27:03,507 [AppLog] INFO : 结束自动清洗过程：AutoCleanThread
2023-03-31 21:27:04,802 [AppLog] INFO : 手动停止自动清洗过程：AutoCleanBtn_Click
2023-03-31 21:27:05,332 [AppLog] INFO : 手动开启自动清洗过程：AutoCleanBtn_Click
2023-03-31 21:27:05,332 [AppLog] INFO : 进入自动清洗过程：AutoCleanThread
2023-03-31 21:27:06,300 [AppLog] INFO : 刮墨轴回零成功：motionMap.SetBackSpreaderAxis(4, 1, 2, -SinkPosition)
2023-03-31 21:27:06,300 [AppLog] INFO : 准备读取编码器位置：Y方向！
2023-03-31 21:27:06,300 [AppLog] INFO : 准备运动，编码器当前位置：DEM_GetAxisEncodeVal：MoveDirectionFlag{false为Y方向：True}CurrentPos{121}AimPos{121}
2023-03-31 21:27:06,300 [AppLog] INFO : Y方向运动开始：DEM_Run：返回值{True}nAxis{1}DirFlag{False}nSpeed{50000}MoveStep{0}nCtlValue{0}
2023-03-31 21:27:06,300 [AppLog] INFO : Y方向到位停止：DEM_StopAxisRun：返回值{True}CurrentPos{121}bImmeStop{False}nAxisMask{2}
2023-03-31 21:27:06,300 [AppLog] INFO : 准备读取编码器位置：X方向！
2023-03-31 21:27:06,300 [AppLog] INFO : 准备运动，当前位置：DEV_GetPrintEncoderValue：MoveDirectionFlag{false为Y方向：False}CurrentPos{710.525}AimPos{710}
2023-03-31 21:27:06,346 [AppLog] INFO : X方向运动开始：DEM_Run：返回值{True}nAxis{0}DirFlag{False}nSpeed{50000}MoveStep{-524.999999999977}nCtlValue{2}
2023-03-31 21:27:06,393 [AppLog] INFO : X方向到位停止：DEM_StopAxisRun：返回值{True}CurrentPos{710.525}bImmeStop{False}nAxisMask{1}
2023-03-31 21:27:07,236 [AppLog] INFO : 开启压墨： motionMap.SetDo(13, true)
2023-03-31 21:27:10,246 [AppLog] INFO : 关闭压墨： motionMap.SetDo(13, true)
2023-03-31 21:27:10,262 [AppLog] INFO : 开启闪喷： IDP_FlashPrtCtl(true)：ReturnCode{True}
2023-03-31 21:27:10,262 [AppLog] INFO : 准备读取编码器位置：X方向！
2023-03-31 21:27:10,262 [AppLog] INFO : 准备运动，当前位置：DEV_GetPrintEncoderValue：MoveDirectionFlag{false为Y方向：False}CurrentPos{710.09}AimPos{780}
2023-03-31 21:27:10,293 [AppLog] INFO : X方向运动开始：DEM_Run：返回值{True}nAxis{0}DirFlag{True}nSpeed{50000}MoveStep{69910}nCtlValue{2}
2023-03-31 21:27:11,760 [AppLog] INFO : X方向到位停止：DEM_StopAxisRun：返回值{True}CurrentPos{776.59}bImmeStop{False}nAxisMask{1}
2023-03-31 21:27:12,087 [AppLog] INFO : 准备读取编码器位置：X方向！
2023-03-31 21:27:12,087 [AppLog] INFO : 准备运动，当前位置：DEV_GetPrintEncoderValue：MoveDirectionFlag{false为Y方向：False}CurrentPos{779.39}AimPos{710}
2023-03-31 21:27:12,118 [AppLog] INFO : X方向运动开始：DEM_Run：返回值{True}nAxis{0}DirFlag{False}nSpeed{50000}MoveStep{-69390}nCtlValue{2}
2023-03-31 21:27:13,569 [AppLog] INFO : X方向到位停止：DEM_StopAxisRun：返回值{True}CurrentPos{713.8}bImmeStop{False}nAxisMask{1}
2023-03-31 21:27:15,145 [AppLog] INFO : 结束自动清洗过程：AutoCleanThread
2023-03-31 21:27:19,466 [AppLog] INFO : 手动停止自动清洗过程：AutoCleanBtn_Click
2023-03-31 21:27:20,168 [AppLog] INFO : 手动开启自动清洗过程：AutoCleanBtn_Click
2023-03-31 21:27:20,168 [AppLog] INFO : 进入自动清洗过程：AutoCleanThread
2023-03-31 21:27:21,135 [AppLog] INFO : 刮墨轴回零成功：motionMap.SetBackSpreaderAxis(4, 1, 2, -SinkPosition)
2023-03-31 21:27:21,135 [AppLog] INFO : 准备读取编码器位置：Y方向！
2023-03-31 21:27:21,135 [AppLog] INFO : 准备运动，编码器当前位置：DEM_GetAxisEncodeVal：MoveDirectionFlag{false为Y方向：True}CurrentPos{121}AimPos{121}
2023-03-31 21:27:21,135 [AppLog] INFO : Y方向运动开始：DEM_Run：返回值{True}nAxis{1}DirFlag{False}nSpeed{50000}MoveStep{0}nCtlValue{0}
2023-03-31 21:27:21,151 [AppLog] INFO : Y方向到位停止：DEM_StopAxisRun：返回值{True}CurrentPos{121}bImmeStop{False}nAxisMask{2}
2023-03-31 21:27:21,151 [AppLog] INFO : 准备读取编码器位置：X方向！
2023-03-31 21:27:21,151 [AppLog] INFO : 准备运动，当前位置：DEV_GetPrintEncoderValue：MoveDirectionFlag{false为Y方向：False}CurrentPos{710.515}AimPos{710}
2023-03-31 21:27:21,182 [AppLog] INFO : X方向运动开始：DEM_Run：返回值{True}nAxis{0}DirFlag{False}nSpeed{50000}MoveStep{-514.999999999986}nCtlValue{2}
2023-03-31 21:27:21,229 [AppLog] INFO : X方向到位停止：DEM_StopAxisRun：返回值{True}CurrentPos{710.515}bImmeStop{False}nAxisMask{1}
2023-03-31 21:27:22,071 [AppLog] INFO : 开启压墨： motionMap.SetDo(13, true)
2023-03-31 21:27:25,082 [AppLog] INFO : 关闭压墨： motionMap.SetDo(13, true)
2023-03-31 21:27:25,098 [AppLog] INFO : 开启闪喷： IDP_FlashPrtCtl(true)：ReturnCode{True}
2023-03-31 21:27:25,098 [AppLog] INFO : 准备读取编码器位置：X方向！
2023-03-31 21:27:25,098 [AppLog] INFO : 准备运动，当前位置：DEV_GetPrintEncoderValue：MoveDirectionFlag{false为Y方向：False}CurrentPos{710.08}AimPos{780}
2023-03-31 21:27:25,129 [AppLog] INFO : X方向运动开始：DEM_Run：返回值{True}nAxis{0}DirFlag{True}nSpeed{50000}MoveStep{69920}nCtlValue{2}
2023-03-31 21:27:25,644 [AppLog] INFO : 手动停止自动清洗过程：AutoCleanBtn_Click
2023-03-31 21:27:26,720 [AppLog] INFO : 手动开启自动清洗过程：AutoCleanBtn_Click
2023-03-31 21:27:26,720 [AppLog] INFO : 进入自动清洗过程：AutoCleanThread
2023-03-31 21:27:28,233 [AppLog] INFO : 刮墨轴回零成功：motionMap.SetBackSpreaderAxis(4, 1, 2, -SinkPosition)
2023-03-31 21:27:28,233 [AppLog] INFO : 准备读取编码器位置：Y方向！
2023-03-31 21:27:28,233 [AppLog] INFO : 准备运动，编码器当前位置：DEM_GetAxisEncodeVal：MoveDirectionFlag{false为Y方向：True}CurrentPos{121}AimPos{121}
2023-03-31 21:27:28,233 [AppLog] INFO : Y方向运动开始：DEM_Run：返回值{True}nAxis{1}DirFlag{False}nSpeed{50000}MoveStep{0}nCtlValue{0}
2023-03-31 21:27:28,233 [AppLog] INFO : Y方向到位停止：DEM_StopAxisRun：返回值{True}CurrentPos{121}bImmeStop{False}nAxisMask{2}
2023-03-31 21:27:28,233 [AppLog] INFO : 准备读取编码器位置：X方向！
2023-03-31 21:27:28,249 [AppLog] INFO : 准备运动，当前位置：DEV_GetPrintEncoderValue：MoveDirectionFlag{false为Y方向：False}CurrentPos{736.4}AimPos{710}
2023-03-31 21:27:28,280 [AppLog] INFO : X方向运动开始：DEM_Run：返回值{True}nAxis{0}DirFlag{False}nSpeed{50000}MoveStep{-26400}nCtlValue{2}
2023-03-31 21:27:28,888 [AppLog] INFO : X方向到位停止：DEM_StopAxisRun：返回值{True}CurrentPos{713.33}bImmeStop{False}nAxisMask{1}
2023-03-31 21:27:29,731 [AppLog] INFO : 开启压墨： motionMap.SetDo(13, true)
2023-03-31 21:27:32,742 [AppLog] INFO : 关闭压墨： motionMap.SetDo(13, true)
2023-03-31 21:27:32,757 [AppLog] INFO : 开启闪喷： IDP_FlashPrtCtl(true)：ReturnCode{True}
2023-03-31 21:27:32,757 [AppLog] INFO : 准备读取编码器位置：X方向！
2023-03-31 21:27:32,757 [AppLog] INFO : 准备运动，当前位置：DEV_GetPrintEncoderValue：MoveDirectionFlag{false为Y方向：False}CurrentPos{710.53}AimPos{780}
2023-03-31 21:27:32,788 [AppLog] INFO : X方向运动开始：DEM_Run：返回值{True}nAxis{0}DirFlag{True}nSpeed{50000}MoveStep{69470}nCtlValue{2}
2023-03-31 21:27:34,255 [AppLog] INFO : X方向到位停止：DEM_StopAxisRun：返回值{True}CurrentPos{777.275}bImmeStop{False}nAxisMask{1}
2023-03-31 21:27:34,645 [AppLog] INFO : 准备读取编码器位置：X方向！
2023-03-31 21:27:34,645 [AppLog] INFO : 准备运动，当前位置：DEV_GetPrintEncoderValue：MoveDirectionFlag{false为Y方向：False}CurrentPos{779.51}AimPos{710}
2023-03-31 21:27:34,676 [AppLog] INFO : X方向运动开始：DEM_Run：返回值{True}nAxis{0}DirFlag{False}nSpeed{50000}MoveStep{-69510}nCtlValue{2}
2023-03-31 21:27:36,127 [AppLog] INFO : X方向到位停止：DEM_StopAxisRun：返回值{True}CurrentPos{713.895}bImmeStop{False}nAxisMask{1}
2023-03-31 21:27:37,702 [AppLog] INFO : 结束自动清洗过程：AutoCleanThread
2023-03-31 21:27:44,052 [AppLog] INFO : 手动停止自动清洗过程：AutoCleanBtn_Click
2023-03-31 21:27:44,738 [AppLog] INFO : 手动开启自动清洗过程：AutoCleanBtn_Click
2023-03-31 21:27:44,738 [AppLog] INFO : 进入自动清洗过程：AutoCleanThread
2023-03-31 21:27:45,721 [AppLog] INFO : 刮墨轴回零成功：motionMap.SetBackSpreaderAxis(4, 1, 2, -SinkPosition)
2023-03-31 21:27:45,721 [AppLog] INFO : 准备读取编码器位置：Y方向！
2023-03-31 21:27:45,721 [AppLog] INFO : 准备运动，编码器当前位置：DEM_GetAxisEncodeVal：MoveDirectionFlag{false为Y方向：True}CurrentPos{121}AimPos{121}
2023-03-31 21:27:45,721 [AppLog] INFO : Y方向运动开始：DEM_Run：返回值{True}nAxis{1}DirFlag{False}nSpeed{50000}MoveStep{0}nCtlValue{0}
2023-03-31 21:27:45,721 [AppLog] INFO : Y方向到位停止：DEM_StopAxisRun：返回值{True}CurrentPos{121}bImmeStop{False}nAxisMask{2}
2023-03-31 21:27:45,721 [AppLog] INFO : 准备读取编码器位置：X方向！
2023-03-31 21:27:45,721 [AppLog] INFO : 准备运动，当前位置：DEV_GetPrintEncoderValue：MoveDirectionFlag{false为Y方向：False}CurrentPos{710.49}AimPos{710}
2023-03-31 21:27:45,752 [AppLog] INFO : X方向运动开始：DEM_Run：返回值{True}nAxis{0}DirFlag{False}nSpeed{50000}MoveStep{-490.000000000009}nCtlValue{2}
2023-03-31 21:27:45,799 [AppLog] INFO : X方向到位停止：DEM_StopAxisRun：返回值{True}CurrentPos{710.49}bImmeStop{False}nAxisMask{1}
2023-03-31 21:27:46,641 [AppLog] INFO : 开启压墨： motionMap.SetDo(13, true)
2023-03-31 21:27:49,652 [AppLog] INFO : 关闭压墨： motionMap.SetDo(13, true)
2023-03-31 21:27:49,668 [AppLog] INFO : 开启闪喷： IDP_FlashPrtCtl(true)：ReturnCode{True}
2023-03-31 21:27:49,668 [AppLog] INFO : 准备读取编码器位置：X方向！
2023-03-31 21:27:49,668 [AppLog] INFO : 准备运动，当前位置：DEV_GetPrintEncoderValue：MoveDirectionFlag{false为Y方向：False}CurrentPos{710.075}AimPos{780}
2023-03-31 21:27:49,699 [AppLog] INFO : X方向运动开始：DEM_Run：返回值{True}nAxis{0}DirFlag{True}nSpeed{50000}MoveStep{69925}nCtlValue{2}
2023-03-31 21:27:51,165 [AppLog] INFO : X方向到位停止：DEM_StopAxisRun：返回值{True}CurrentPos{776.545}bImmeStop{False}nAxisMask{1}
2023-03-31 21:27:51,555 [AppLog] INFO : 准备读取编码器位置：X方向！
2023-03-31 21:27:51,555 [AppLog] INFO : 准备运动，当前位置：DEV_GetPrintEncoderValue：MoveDirectionFlag{false为Y方向：False}CurrentPos{779.425}AimPos{710}
2023-03-31 21:27:51,587 [AppLog] INFO : X方向运动开始：DEM_Run：返回值{True}nAxis{0}DirFlag{False}nSpeed{50000}MoveStep{-69425.0000000001}nCtlValue{2}
2023-03-31 21:27:53,037 [AppLog] INFO : X方向到位停止：DEM_StopAxisRun：返回值{True}CurrentPos{713.885}bImmeStop{False}nAxisMask{1}
2023-03-31 21:27:54,613 [AppLog] INFO : 结束自动清洗过程：AutoCleanThread
2023-03-31 21:27:58,279 [AppLog] INFO : 手动停止自动清洗过程：AutoCleanBtn_Click
2023-03-31 21:27:59,121 [AppLog] INFO : 退出手动调试子模块,已执行修改
==========================================================================
2023-03-31 21:28:00,276 [AppLog] INFO : 开启系统：板卡通讯，伺服供电，照明系统，UV/HR固化系统！
2023-03-31 21:28:01,305 [AppLog] INFO : 关闭系统：一键关闭系统开始！
2023-03-31 21:28:07,530 [AppLog] INFO : 关闭系统：一键关闭系统结束！
2023-03-31 21:28:07,561 [AppLog] INFO : 喷墨控制器的所有轴输出关闭！
2023-03-31 21:28:07,561 [AppLog] INFO : 喷墨控制器关闭！
2023-03-31 21:28:07,561 [AppLog] INFO : 进入电气控制模块
2023-03-31 21:28:09,230 [AppLog] INFO : 退出电气控制模块
2023-03-31 21:36:10,273 [AppLog] INFO : 软件及设备关停中：墨车所有方向运动确认停止（X,Y,Y2)： bImmeStop{False},nAxisMask{0x7}
2023-03-31 21:36:10,273 [AppLog] INFO : 软件及设备关停中：喷墨控制器板卡系统关闭（X,Y,Y2)：DEV_CloseDevice
2023-03-31 21:36:10,943 [AppLog] INFO : 软件及设备关停成功
==========================================================================
操作系统:{Microsoft Windows 7 旗舰版 }
运行环境:{ .Net Framework Enviroment Version 4.0.30319.42000}
盘符：D
CPU使用率：{32.14252%} ，可用内存大小:{14270MB}，硬盘剩余空间：
  盘符 C:\ 的剩余空间：70 GB
  盘符 D:\ 的剩余空间：88 GB
  盘符 F:\ 的剩余空间：3 GB
==========================================================================
2023-03-31 21:36:36,188 [AppLog] INFO : 软件开机密码正确，登录成功1次
==========================================================================
操作系统:{Microsoft Windows 7 旗舰版 }
运行环境:{ .Net Framework Enviroment Version 4.0.30319.42000}
盘符：D
CPU使用率：{13.12331%} ，可用内存大小:{14208MB}，硬盘剩余空间：
  盘符 C:\ 的剩余空间：70 GB
  盘符 D:\ 的剩余空间：88 GB
  盘符 F:\ 的剩余空间：3 GB
硬件配置情况：
  CPU 厂家: GenuineIntel CPU 型号: Intel(R) Core(TM) i7-4770 CPU @ 3.40GHz
  内存条厂家: Kingston 内存条型号: 99P5471-043.A00LF 
  内存条厂家: Kingston 内存条型号: 99P5471-043.A00LF 
  硬盘厂家: (标准磁盘驱动器) 硬盘型号: Micron_1300_MTFDDAK256TDL ATA Device
  硬盘厂家: (标准磁盘驱动器) 硬盘型号: Generic Flash Disk USB Device
==========================================================================
2023-03-31 21:36:41,888 [AppLog] INFO : 进入电气控制模块
2023-03-31 21:36:42,729 [AppLog] INFO : 退出电气控制模块
2023-03-31 21:36:43,520 [AppLog] INFO : 开启系统：板卡通讯，伺服供电，照明系统，UV/HR固化系统！
2023-03-31 21:36:43,522 [AppLog] INFO : 开启系统：一键启动系统开始！
2023-03-31 21:36:49,525 [AppLog] INFO : 开启系统：一键启动系统结束！
2023-03-31 21:36:49,526 [AppLog] INFO : 初始化喷墨控制器启动！
2023-03-31 21:37:08,689 [AppLog] INFO : 打开喷墨控制器设备成功！
2023-03-31 21:37:14,783 [AppLog] INFO : 初始化喷墨控制器成功！
2023-03-31 21:37:14,783 [AppLog] INFO : 进入：EquipmentMotionLogic3=》准备创建对象-手动操作！
2023-03-31 21:37:14,923 [AppLog] INFO : 进入：EquipmentMotionLogic3=》创建完成-手动操作！
2023-03-31 21:37:15,048 [AppLog] INFO : 红外灯控制器485通讯建立！
2023-03-31 21:37:15,048 [AppLog] INFO : 进入电气控制模块
2023-03-31 21:37:15,968 [AppLog] INFO : 退出电气控制模块
2023-03-31 21:37:17,887 [AppLog] INFO : 进入手动调试子模块！
2023-03-31 21:37:17,887 [AppLog] INFO : 进入：ManulBtn_Click=》准备创建对象-手动操作！
2023-03-31 21:37:17,903 [AppLog] INFO : 创建：ManualControl=》创建完成-手动操作！
2023-03-31 21:37:17,903 [AppLog] INFO : 加载成功：温控Modbus接口！
2023-03-31 21:37:21,865 [AppLog] INFO : 开启墨车回零校准：PrintCarHomeBtn_Click
2023-03-31 21:37:21,865 [AppLog] INFO : 开启墨车回零校准线程：InkCarEncoderResetThread
2023-03-31 21:37:36,763 [AppLog] INFO : 墨车回零校准线程成功：InkCarEncoderResetThread
2023-03-31 21:37:38,666 [AppLog] INFO : 墨车回零校准线程失败：InkCarEncoderResetThread
2023-03-31 21:37:45,905 [AppLog] INFO : 手动控制墨车运动开启，沿X轴右侧方向运动 ====》：nAxis{0},Dir{true},nPlsSpeed{50000},nPlsCount{750000},cControlFlag{2}
2023-03-31 21:37:45,983 [AppLog] INFO : 手动控制墨车运动带减速停止：沿X轴方向运动 ====》《=== ====: bImmeStop{false},nAxisMask{0x1}
2023-03-31 21:37:46,263 [AppLog] INFO : 手动控制墨车运动开启，沿X轴右侧方向运动 ====》：nAxis{0},Dir{true},nPlsSpeed{50000},nPlsCount{750000},cControlFlag{2}
2023-03-31 21:37:46,341 [AppLog] INFO : 手动控制墨车运动带减速停止：沿X轴方向运动 ====》《=== ====: bImmeStop{false},nAxisMask{0x1}
2023-03-31 21:37:46,950 [AppLog] INFO : 手动控制墨车运动开启，沿X轴右侧方向运动 ====》：nAxis{0},Dir{true},nPlsSpeed{50000},nPlsCount{750000},cControlFlag{2}
2023-03-31 21:37:47,043 [AppLog] INFO : 手动控制墨车运动带减速停止：沿X轴方向运动 ====》《=== ====: bImmeStop{false},nAxisMask{0x1}
2023-03-31 21:37:55,998 [AppLog] INFO : 手动开启自动清洗过程：AutoCleanBtn_Click
2023-03-31 21:37:55,998 [AppLog] INFO : 进入自动清洗过程：AutoCleanThread
2023-03-31 21:37:57,573 [AppLog] INFO : 刮墨轴回零成功：motionMap.SetBackSpreaderAxis(4, 1, 2, -SinkPosition)
2023-03-31 21:37:57,573 [AppLog] INFO : 准备读取编码器位置：Y方向！
2023-03-31 21:37:57,573 [AppLog] INFO : 准备运动，编码器当前位置：DEM_GetAxisEncodeVal：MoveDirectionFlag{false为Y方向：True}CurrentPos{52.995}AimPos{121}
2023-03-31 21:37:57,605 [AppLog] INFO : Y方向运动开始：DEM_Run：返回值{True}nAxis{1}DirFlag{True}nSpeed{50000}MoveStep{68005}nCtlValue{0}
2023-03-31 21:37:59,024 [AppLog] INFO : Y方向到位停止：DEM_StopAxisRun：返回值{True}CurrentPos{114.905}bImmeStop{False}nAxisMask{2}
2023-03-31 21:37:59,024 [AppLog] INFO : 准备读取编码器位置：X方向！
2023-03-31 21:37:59,024 [AppLog] INFO : 准备运动，当前位置：DEV_GetPrintEncoderValue：MoveDirectionFlag{false为Y方向：False}CurrentPos{753.145}AimPos{710}
2023-03-31 21:37:59,055 [AppLog] INFO : X方向运动开始：DEM_Run：返回值{True}nAxis{0}DirFlag{False}nSpeed{50000}MoveStep{-43145}nCtlValue{2}
2023-03-31 21:37:59,991 [AppLog] INFO : X方向到位停止：DEM_StopAxisRun：返回值{True}CurrentPos{713.635}bImmeStop{False}nAxisMask{1}
2023-03-31 21:38:00,834 [AppLog] INFO : 开启压墨： motionMap.SetDo(13, true)
2023-03-31 21:38:03,845 [AppLog] INFO : 关闭压墨： motionMap.SetDo(13, true)
2023-03-31 21:38:03,860 [AppLog] INFO : 开启闪喷： IDP_FlashPrtCtl(true)：ReturnCode{True}
2023-03-31 21:38:03,860 [AppLog] INFO : 准备读取编码器位置：X方向！
2023-03-31 21:38:03,860 [AppLog] INFO : 准备运动，当前位置：DEV_GetPrintEncoderValue：MoveDirectionFlag{false为Y方向：False}CurrentPos{710.57}AimPos{780}
2023-03-31 21:38:03,891 [AppLog] INFO : X方向运动开始：DEM_Run：返回值{True}nAxis{0}DirFlag{True}nSpeed{50000}MoveStep{69430}nCtlValue{2}
2023-03-31 21:38:05,342 [AppLog] INFO : X方向到位停止：DEM_StopAxisRun：返回值{True}CurrentPos{776.2}bImmeStop{False}nAxisMask{1}
2023-03-31 21:38:05,670 [AppLog] INFO : 准备读取编码器位置：X方向！
2023-03-31 21:38:05,670 [AppLog] INFO : 准备运动，当前位置：DEV_GetPrintEncoderValue：MoveDirectionFlag{false为Y方向：False}CurrentPos{779.425}AimPos{710}
2023-03-31 21:38:05,701 [AppLog] INFO : X方向运动开始：DEM_Run：返回值{True}nAxis{0}DirFlag{False}nSpeed{50000}MoveStep{-69425.0000000001}nCtlValue{2}
2023-03-31 21:38:07,152 [AppLog] INFO : X方向到位停止：DEM_StopAxisRun：返回值{True}CurrentPos{713.995}bImmeStop{False}nAxisMask{1}
2023-03-31 21:38:08,228 [AppLog] INFO : 结束自动清洗过程：AutoCleanThread
2023-03-31 21:38:11,114 [AppLog] INFO : 手动停止自动清洗过程：AutoCleanBtn_Click
2023-03-31 21:38:27,307 [AppLog] INFO : 手动开启自动清洗过程：AutoCleanBtn_Click
2023-03-31 21:38:27,307 [AppLog] INFO : 进入自动清洗过程：AutoCleanThread
2023-03-31 21:38:28,836 [AppLog] INFO : 刮墨轴回零成功：motionMap.SetBackSpreaderAxis(4, 1, 2, -SinkPosition)
2023-03-31 21:38:28,836 [AppLog] INFO : 准备读取编码器位置：Y方向！
2023-03-31 21:38:28,836 [AppLog] INFO : 准备运动，编码器当前位置：DEM_GetAxisEncodeVal：MoveDirectionFlag{false为Y方向：True}CurrentPos{120.89}AimPos{121}
2023-03-31 21:38:28,867 [AppLog] INFO : Y方向运动开始：DEM_Run：返回值{True}nAxis{1}DirFlag{True}nSpeed{50000}MoveStep{109.999999999999}nCtlValue{0}
2023-03-31 21:38:28,883 [AppLog] INFO : Y方向到位停止：DEM_StopAxisRun：返回值{True}CurrentPos{120.89}bImmeStop{False}nAxisMask{2}
2023-03-31 21:38:28,883 [AppLog] INFO : 准备读取编码器位置：X方向！
2023-03-31 21:38:28,883 [AppLog] INFO : 准备运动，当前位置：DEV_GetPrintEncoderValue：MoveDirectionFlag{false为Y方向：False}CurrentPos{710.55}AimPos{710}
2023-03-31 21:38:28,914 [AppLog] INFO : X方向运动开始：DEM_Run：返回值{True}nAxis{0}DirFlag{False}nSpeed{50000}MoveStep{-550.000000000068}nCtlValue{2}
2023-03-31 21:38:29,007 [AppLog] INFO : X方向到位停止：DEM_StopAxisRun：返回值{True}CurrentPos{710.55}bImmeStop{False}nAxisMask{1}
2023-03-31 21:38:29,850 [AppLog] INFO : 开启压墨： motionMap.SetDo(13, true)
2023-03-31 21:38:32,861 [AppLog] INFO : 关闭压墨： motionMap.SetDo(13, true)
2023-03-31 21:38:32,876 [AppLog] INFO : 开启闪喷： IDP_FlashPrtCtl(true)：ReturnCode{True}
2023-03-31 21:38:32,876 [AppLog] INFO : 准备读取编码器位置：X方向！
2023-03-31 21:38:32,876 [AppLog] INFO : 准备运动，当前位置：DEV_GetPrintEncoderValue：MoveDirectionFlag{false为Y方向：False}CurrentPos{710.07}AimPos{780}
2023-03-31 21:38:32,907 [AppLog] INFO : X方向运动开始：DEM_Run：返回值{True}nAxis{0}DirFlag{True}nSpeed{50000}MoveStep{69930}nCtlValue{2}
2023-03-31 21:38:34,374 [AppLog] INFO : X方向到位停止：DEM_StopAxisRun：返回值{True}CurrentPos{776.65}bImmeStop{False}nAxisMask{1}
2023-03-31 21:38:34,717 [AppLog] INFO : 准备读取编码器位置：X方向！
2023-03-31 21:38:34,717 [AppLog] INFO : 准备运动，当前位置：DEV_GetPrintEncoderValue：MoveDirectionFlag{false为Y方向：False}CurrentPos{779.37}AimPos{710}
2023-03-31 21:38:34,748 [AppLog] INFO : X方向运动开始：DEM_Run：返回值{True}nAxis{0}DirFlag{False}nSpeed{50000}MoveStep{-69370}nCtlValue{2}
2023-03-31 21:38:36,199 [AppLog] INFO : X方向到位停止：DEM_StopAxisRun：返回值{True}CurrentPos{714.195}bImmeStop{False}nAxisMask{1}
2023-03-31 21:38:37,275 [AppLog] INFO : 结束自动清洗过程：AutoCleanThread
2023-03-31 21:38:38,913 [AppLog] INFO : 手动停止自动清洗过程：AutoCleanBtn_Click
2023-03-31 21:38:41,597 [AppLog] INFO : 手动开启自动清洗过程：AutoCleanBtn_Click
2023-03-31 21:38:41,597 [AppLog] INFO : 进入自动清洗过程：AutoCleanThread
2023-03-31 21:38:43,126 [AppLog] INFO : 刮墨轴回零成功：motionMap.SetBackSpreaderAxis(4, 1, 2, -SinkPosition)
2023-03-31 21:38:43,126 [AppLog] INFO : 准备读取编码器位置：Y方向！
2023-03-31 21:38:43,126 [AppLog] INFO : 准备运动，编码器当前位置：DEM_GetAxisEncodeVal：MoveDirectionFlag{false为Y方向：True}CurrentPos{120.995}AimPos{121}
2023-03-31 21:38:43,157 [AppLog] INFO : Y方向运动开始：DEM_Run：返回值{True}nAxis{1}DirFlag{True}nSpeed{50000}MoveStep{4.99999999999545}nCtlValue{0}
2023-03-31 21:38:43,157 [AppLog] INFO : Y方向到位停止：DEM_StopAxisRun：返回值{True}CurrentPos{120.995}bImmeStop{False}nAxisMask{2}
2023-03-31 21:38:43,157 [AppLog] INFO : 准备读取编码器位置：X方向！
2023-03-31 21:38:43,157 [AppLog] INFO : 准备运动，当前位置：DEV_GetPrintEncoderValue：MoveDirectionFlag{false为Y方向：False}CurrentPos{710.55}AimPos{710}
2023-03-31 21:38:43,188 [AppLog] INFO : X方向运动开始：DEM_Run：返回值{True}nAxis{0}DirFlag{False}nSpeed{50000}MoveStep{-550.000000000068}nCtlValue{2}
2023-03-31 21:38:43,266 [AppLog] INFO : X方向到位停止：DEM_StopAxisRun：返回值{True}CurrentPos{710.55}bImmeStop{False}nAxisMask{1}
2023-03-31 21:38:44,108 [AppLog] INFO : 开启压墨： motionMap.SetDo(13, true)
2023-03-31 21:38:47,119 [AppLog] INFO : 关闭压墨： motionMap.SetDo(13, true)
2023-03-31 21:38:47,135 [AppLog] INFO : 开启闪喷： IDP_FlashPrtCtl(true)：ReturnCode{True}
2023-03-31 21:38:47,135 [AppLog] INFO : 准备读取编码器位置：X方向！
2023-03-31 21:38:47,135 [AppLog] INFO : 准备运动，当前位置：DEV_GetPrintEncoderValue：MoveDirectionFlag{false为Y方向：False}CurrentPos{710.075}AimPos{780}
2023-03-31 21:38:47,166 [AppLog] INFO : X方向运动开始：DEM_Run：返回值{True}nAxis{0}DirFlag{True}nSpeed{50000}MoveStep{69925}nCtlValue{2}
2023-03-31 21:38:48,632 [AppLog] INFO : X方向到位停止：DEM_StopAxisRun：返回值{True}CurrentPos{776.185}bImmeStop{False}nAxisMask{1}
2023-03-31 21:38:48,960 [AppLog] INFO : 准备读取编码器位置：X方向！
2023-03-31 21:38:48,960 [AppLog] INFO : 准备运动，当前位置：DEV_GetPrintEncoderValue：MoveDirectionFlag{false为Y方向：False}CurrentPos{779.355}AimPos{710}
2023-03-31 21:38:48,991 [AppLog] INFO : X方向运动开始：DEM_Run：返回值{True}nAxis{0}DirFlag{False}nSpeed{50000}MoveStep{-69355}nCtlValue{2}
2023-03-31 21:38:50,442 [AppLog] INFO : X方向到位停止：DEM_StopAxisRun：返回值{True}CurrentPos{714.29}bImmeStop{False}nAxisMask{1}
2023-03-31 21:38:51,518 [AppLog] INFO : 结束自动清洗过程：AutoCleanThread
2023-03-31 21:38:52,735 [AppLog] INFO : 手动停止自动清洗过程：AutoCleanBtn_Click
2023-03-31 21:38:54,841 [AppLog] INFO : 手动开启自动清洗过程：AutoCleanBtn_Click
2023-03-31 21:38:54,841 [AppLog] INFO : 进入自动清洗过程：AutoCleanThread
2023-03-31 21:38:56,370 [AppLog] INFO : 刮墨轴回零成功：motionMap.SetBackSpreaderAxis(4, 1, 2, -SinkPosition)
2023-03-31 21:38:56,370 [AppLog] INFO : 准备读取编码器位置：Y方向！
2023-03-31 21:38:56,370 [AppLog] INFO : 准备运动，编码器当前位置：DEM_GetAxisEncodeVal：MoveDirectionFlag{false为Y方向：True}CurrentPos{120.995}AimPos{121}
2023-03-31 21:38:56,417 [AppLog] INFO : Y方向运动开始：DEM_Run：返回值{True}nAxis{1}DirFlag{True}nSpeed{50000}MoveStep{4.99999999999545}nCtlValue{0}
2023-03-31 21:38:56,417 [AppLog] INFO : Y方向到位停止：DEM_StopAxisRun：返回值{True}CurrentPos{120.995}bImmeStop{False}nAxisMask{2}
2023-03-31 21:38:56,417 [AppLog] INFO : 准备读取编码器位置：X方向！
2023-03-31 21:38:56,417 [AppLog] INFO : 准备运动，当前位置：DEV_GetPrintEncoderValue：MoveDirectionFlag{false为Y方向：False}CurrentPos{710.78}AimPos{710}
2023-03-31 21:38:56,448 [AppLog] INFO : X方向运动开始：DEM_Run：返回值{True}nAxis{0}DirFlag{False}nSpeed{50000}MoveStep{-779.999999999973}nCtlValue{2}
2023-03-31 21:38:56,510 [AppLog] INFO : X方向到位停止：DEM_StopAxisRun：返回值{True}CurrentPos{710.78}bImmeStop{False}nAxisMask{1}
2023-03-31 21:38:57,353 [AppLog] INFO : 开启压墨： motionMap.SetDo(13, true)
2023-03-31 21:39:00,364 [AppLog] INFO : 关闭压墨： motionMap.SetDo(13, true)
2023-03-31 21:39:00,379 [AppLog] INFO : 开启闪喷： IDP_FlashPrtCtl(true)：ReturnCode{True}
2023-03-31 21:39:00,379 [AppLog] INFO : 准备读取编码器位置：X方向！
2023-03-31 21:39:00,395 [AppLog] INFO : 准备运动，当前位置：DEV_GetPrintEncoderValue：MoveDirectionFlag{false为Y方向：False}CurrentPos{710.075}AimPos{780}
2023-03-31 21:39:00,426 [AppLog] INFO : X方向运动开始：DEM_Run：返回值{True}nAxis{0}DirFlag{True}nSpeed{50000}MoveStep{69925}nCtlValue{2}
2023-03-31 21:39:01,892 [AppLog] INFO : X方向到位停止：DEM_StopAxisRun：返回值{True}CurrentPos{775.86}bImmeStop{False}nAxisMask{1}
2023-03-31 21:39:02,220 [AppLog] INFO : 准备读取编码器位置：X方向！
2023-03-31 21:39:02,220 [AppLog] INFO : 准备运动，当前位置：DEV_GetPrintEncoderValue：MoveDirectionFlag{false为Y方向：False}CurrentPos{779.115}AimPos{710}
2023-03-31 21:39:02,251 [AppLog] INFO : X方向运动开始：DEM_Run：返回值{True}nAxis{0}DirFlag{False}nSpeed{50000}MoveStep{-69115}nCtlValue{2}
2023-03-31 21:39:03,702 [AppLog] INFO : X方向到位停止：DEM_StopAxisRun：返回值{True}CurrentPos{713.775}bImmeStop{False}nAxisMask{1}
2023-03-31 21:39:04,778 [AppLog] INFO : 结束自动清洗过程：AutoCleanThread
2023-03-31 21:39:07,212 [AppLog] INFO : 手动停止自动清洗过程：AutoCleanBtn_Click
2023-03-31 21:39:07,867 [AppLog] INFO : 手动开启自动清洗过程：AutoCleanBtn_Click
2023-03-31 21:39:07,867 [AppLog] INFO : 进入自动清洗过程：AutoCleanThread
2023-03-31 21:39:09,396 [AppLog] INFO : 刮墨轴回零成功：motionMap.SetBackSpreaderAxis(4, 1, 2, -SinkPosition)
2023-03-31 21:39:09,396 [AppLog] INFO : 准备读取编码器位置：Y方向！
2023-03-31 21:39:09,396 [AppLog] INFO : 准备运动，编码器当前位置：DEM_GetAxisEncodeVal：MoveDirectionFlag{false为Y方向：True}CurrentPos{120.995}AimPos{121}
2023-03-31 21:39:09,427 [AppLog] INFO : Y方向运动开始：DEM_Run：返回值{True}nAxis{1}DirFlag{True}nSpeed{50000}MoveStep{4.99999999999545}nCtlValue{0}
2023-03-31 21:39:09,427 [AppLog] INFO : Y方向到位停止：DEM_StopAxisRun：返回值{True}CurrentPos{120.995}bImmeStop{False}nAxisMask{2}
2023-03-31 21:39:09,427 [AppLog] INFO : 准备读取编码器位置：X方向！
2023-03-31 21:39:09,427 [AppLog] INFO : 准备运动，当前位置：DEV_GetPrintEncoderValue：MoveDirectionFlag{false为Y方向：False}CurrentPos{710.81}AimPos{710}
2023-03-31 21:39:09,458 [AppLog] INFO : X方向运动开始：DEM_Run：返回值{True}nAxis{0}DirFlag{False}nSpeed{50000}MoveStep{-810.000000000059}nCtlValue{2}
2023-03-31 21:39:09,568 [AppLog] INFO : X方向到位停止：DEM_StopAxisRun：返回值{True}CurrentPos{710.775}bImmeStop{False}nAxisMask{1}
2023-03-31 21:39:10,410 [AppLog] INFO : 开启压墨： motionMap.SetDo(13, true)
2023-03-31 21:39:13,421 [AppLog] INFO : 关闭压墨： motionMap.SetDo(13, true)
2023-03-31 21:39:13,452 [AppLog] INFO : 开启闪喷： IDP_FlashPrtCtl(true)：ReturnCode{True}
2023-03-31 21:39:13,452 [AppLog] INFO : 准备读取编码器位置：X方向！
2023-03-31 21:39:13,483 [AppLog] INFO : 准备运动，当前位置：DEV_GetPrintEncoderValue：MoveDirectionFlag{false为Y方向：False}CurrentPos{710.08}AimPos{780}
2023-03-31 21:39:13,514 [AppLog] INFO : X方向运动开始：DEM_Run：返回值{True}nAxis{0}DirFlag{True}nSpeed{50000}MoveStep{69920}nCtlValue{2}
2023-03-31 21:39:14,981 [AppLog] INFO : X方向到位停止：DEM_StopAxisRun：返回值{True}CurrentPos{775.87}bImmeStop{False}nAxisMask{1}
2023-03-31 21:39:15,308 [AppLog] INFO : 准备读取编码器位置：X方向！
2023-03-31 21:39:15,308 [AppLog] INFO : 准备运动，当前位置：DEV_GetPrintEncoderValue：MoveDirectionFlag{false为Y方向：False}CurrentPos{779.1}AimPos{710}
2023-03-31 21:39:15,340 [AppLog] INFO : X方向运动开始：DEM_Run：返回值{True}nAxis{0}DirFlag{False}nSpeed{50000}MoveStep{-69100}nCtlValue{2}
2023-03-31 21:39:16,790 [AppLog] INFO : X方向到位停止：DEM_StopAxisRun：返回值{True}CurrentPos{713.97}bImmeStop{False}nAxisMask{1}
2023-03-31 21:39:17,867 [AppLog] INFO : 结束自动清洗过程：AutoCleanThread
2023-03-31 21:39:19,848 [AppLog] INFO : 手动停止自动清洗过程：AutoCleanBtn_Click
2023-03-31 21:39:20,690 [AppLog] INFO : 手动开启自动清洗过程：AutoCleanBtn_Click
2023-03-31 21:39:20,690 [AppLog] INFO : 进入自动清洗过程：AutoCleanThread
2023-03-31 21:39:22,235 [AppLog] INFO : 刮墨轴回零成功：motionMap.SetBackSpreaderAxis(4, 1, 2, -SinkPosition)
2023-03-31 21:39:22,235 [AppLog] INFO : 准备读取编码器位置：Y方向！
2023-03-31 21:39:22,235 [AppLog] INFO : 准备运动，编码器当前位置：DEM_GetAxisEncodeVal：MoveDirectionFlag{false为Y方向：True}CurrentPos{120.995}AimPos{121}
2023-03-31 21:39:22,266 [AppLog] INFO : Y方向运动开始：DEM_Run：返回值{True}nAxis{1}DirFlag{True}nSpeed{50000}MoveStep{4.99999999999545}nCtlValue{0}
2023-03-31 21:39:22,266 [AppLog] INFO : Y方向到位停止：DEM_StopAxisRun：返回值{True}CurrentPos{120.995}bImmeStop{False}nAxisMask{2}
2023-03-31 21:39:22,266 [AppLog] INFO : 准备读取编码器位置：X方向！
2023-03-31 21:39:22,266 [AppLog] INFO : 准备运动，当前位置：DEV_GetPrintEncoderValue：MoveDirectionFlag{false为Y方向：False}CurrentPos{710.85}AimPos{710}
2023-03-31 21:39:22,297 [AppLog] INFO : X方向运动开始：DEM_Run：返回值{True}nAxis{0}DirFlag{False}nSpeed{50000}MoveStep{-850.000000000023}nCtlValue{2}
2023-03-31 21:39:22,391 [AppLog] INFO : X方向到位停止：DEM_StopAxisRun：返回值{True}CurrentPos{710.84}bImmeStop{False}nAxisMask{1}
2023-03-31 21:39:23,233 [AppLog] INFO : 开启压墨： motionMap.SetDo(13, true)
2023-03-31 21:39:26,244 [AppLog] INFO : 关闭压墨： motionMap.SetDo(13, true)
2023-03-31 21:39:26,260 [AppLog] INFO : 开启闪喷： IDP_FlashPrtCtl(true)：ReturnCode{True}
2023-03-31 21:39:26,260 [AppLog] INFO : 准备读取编码器位置：X方向！
2023-03-31 21:39:26,260 [AppLog] INFO : 准备运动，当前位置：DEV_GetPrintEncoderValue：MoveDirectionFlag{false为Y方向：False}CurrentPos{710.075}AimPos{780}
2023-03-31 21:39:26,291 [AppLog] INFO : X方向运动开始：DEM_Run：返回值{True}nAxis{0}DirFlag{True}nSpeed{50000}MoveStep{69925}nCtlValue{2}
2023-03-31 21:39:27,757 [AppLog] INFO : X方向到位停止：DEM_StopAxisRun：返回值{True}CurrentPos{775.865}bImmeStop{False}nAxisMask{1}
2023-03-31 21:39:28,085 [AppLog] INFO : 准备读取编码器位置：X方向！
2023-03-31 21:39:28,085 [AppLog] INFO : 准备运动，当前位置：DEV_GetPrintEncoderValue：MoveDirectionFlag{false为Y方向：False}CurrentPos{779.07}AimPos{710}
2023-03-31 21:39:28,116 [AppLog] INFO : X方向运动开始：DEM_Run：返回值{True}nAxis{0}DirFlag{False}nSpeed{50000}MoveStep{-69070}nCtlValue{2}
2023-03-31 21:39:29,567 [AppLog] INFO : X方向到位停止：DEM_StopAxisRun：返回值{True}CurrentPos{713.955}bImmeStop{False}nAxisMask{1}
2023-03-31 21:39:30,643 [AppLog] INFO : 结束自动清洗过程：AutoCleanThread
2023-03-31 21:39:32,921 [AppLog] INFO : 手动停止自动清洗过程：AutoCleanBtn_Click
2023-03-31 21:39:33,404 [AppLog] INFO : 手动开启自动清洗过程：AutoCleanBtn_Click
2023-03-31 21:39:33,420 [AppLog] INFO : 进入自动清洗过程：AutoCleanThread
2023-03-31 21:39:34,949 [AppLog] INFO : 刮墨轴回零成功：motionMap.SetBackSpreaderAxis(4, 1, 2, -SinkPosition)
2023-03-31 21:39:34,949 [AppLog] INFO : 准备读取编码器位置：Y方向！
2023-03-31 21:39:34,949 [AppLog] INFO : 准备运动，编码器当前位置：DEM_GetAxisEncodeVal：MoveDirectionFlag{false为Y方向：True}CurrentPos{121}AimPos{121}
2023-03-31 21:39:34,949 [AppLog] INFO : Y方向运动开始：DEM_Run：返回值{True}nAxis{1}DirFlag{False}nSpeed{50000}MoveStep{0}nCtlValue{0}
2023-03-31 21:39:34,949 [AppLog] INFO : Y方向到位停止：DEM_StopAxisRun：返回值{True}CurrentPos{121}bImmeStop{False}nAxisMask{2}
2023-03-31 21:39:34,949 [AppLog] INFO : 准备读取编码器位置：X方向！
2023-03-31 21:39:34,949 [AppLog] INFO : 准备运动，当前位置：DEV_GetPrintEncoderValue：MoveDirectionFlag{false为Y方向：False}CurrentPos{710.855}AimPos{710}
2023-03-31 21:39:34,996 [AppLog] INFO : X方向运动开始：DEM_Run：返回值{True}nAxis{0}DirFlag{False}nSpeed{50000}MoveStep{-855.000000000018}nCtlValue{2}
2023-03-31 21:39:35,058 [AppLog] INFO : X方向到位停止：DEM_StopAxisRun：返回值{True}CurrentPos{710.855}bImmeStop{False}nAxisMask{1}
2023-03-31 21:39:35,900 [AppLog] INFO : 开启压墨： motionMap.SetDo(13, true)
2023-03-31 21:39:38,911 [AppLog] INFO : 关闭压墨： motionMap.SetDo(13, true)
2023-03-31 21:39:38,942 [AppLog] INFO : 开启闪喷： IDP_FlashPrtCtl(true)：ReturnCode{True}
2023-03-31 21:39:38,942 [AppLog] INFO : 准备读取编码器位置：X方向！
2023-03-31 21:39:38,942 [AppLog] INFO : 准备运动，当前位置：DEV_GetPrintEncoderValue：MoveDirectionFlag{false为Y方向：False}CurrentPos{710.075}AimPos{780}
2023-03-31 21:39:38,974 [AppLog] INFO : X方向运动开始：DEM_Run：返回值{True}nAxis{0}DirFlag{True}nSpeed{50000}MoveStep{69925}nCtlValue{2}
2023-03-31 21:39:40,440 [AppLog] INFO : X方向到位停止：DEM_StopAxisRun：返回值{True}CurrentPos{775.825}bImmeStop{False}nAxisMask{1}
2023-03-31 21:39:40,768 [AppLog] INFO : 准备读取编码器位置：X方向！
2023-03-31 21:39:40,768 [AppLog] INFO : 准备运动，当前位置：DEV_GetPrintEncoderValue：MoveDirectionFlag{false为Y方向：False}CurrentPos{779.06}AimPos{710}
2023-03-31 21:39:40,814 [AppLog] INFO : X方向运动开始：DEM_Run：返回值{True}nAxis{0}DirFlag{False}nSpeed{50000}MoveStep{-69060.0000000001}nCtlValue{2}
2023-03-31 21:39:42,281 [AppLog] INFO : X方向到位停止：DEM_StopAxisRun：返回值{True}CurrentPos{713.515}bImmeStop{False}nAxisMask{1}
2023-03-31 21:39:43,357 [AppLog] INFO : 结束自动清洗过程：AutoCleanThread
2023-03-31 21:39:58,848 [AppLog] INFO : 切换为点动模式====》：输出AXIS{第4轴}
2023-03-31 21:40:56,849 [AppLog] INFO : 软件开机密码正确，登录成功1次
==========================================================================
操作系统:{Microsoft Windows 7 旗舰版 }
运行环境:{ .Net Framework Enviroment Version 4.0.30319.42000}
盘符：D
CPU使用率：{44.64259%} ，可用内存大小:{14226MB}，硬盘剩余空间：
  盘符 C:\ 的剩余空间：70 GB
  盘符 D:\ 的剩余空间：88 GB
  盘符 F:\ 的剩余空间：3 GB
硬件配置情况：
  CPU 厂家: GenuineIntel CPU 型号: Intel(R) Core(TM) i7-4770 CPU @ 3.40GHz
  内存条厂家: Kingston 内存条型号: 99P5471-043.A00LF 
  内存条厂家: Kingston 内存条型号: 99P5471-043.A00LF 
  硬盘厂家: (标准磁盘驱动器) 硬盘型号: Micron_1300_MTFDDAK256TDL ATA Device
  硬盘厂家: (标准磁盘驱动器) 硬盘型号: Generic Flash Disk USB Device
==========================================================================
2023-03-31 21:40:57,395 [AppLog] INFO : 开启系统：板卡通讯，伺服供电，照明系统，UV/HR固化系统！
2023-03-31 21:40:57,411 [AppLog] INFO : 开启系统：一键启动系统开始！
2023-03-31 21:41:03,495 [AppLog] INFO : 开启系统：一键启动系统结束！
2023-03-31 21:41:03,495 [AppLog] INFO : 初始化喷墨控制器启动！
2023-03-31 21:41:26,973 [AppLog] INFO : 打开喷墨控制器设备成功！
2023-03-31 21:41:44,632 [AppLog] INFO : 初始化喷墨控制器成功！
2023-03-31 21:41:44,632 [AppLog] INFO : 进入：EquipmentMotionLogic3=》准备创建对象-手动操作！
2023-03-31 21:41:44,788 [AppLog] INFO : 进入：EquipmentMotionLogic3=》创建完成-手动操作！
2023-03-31 21:41:44,913 [AppLog] INFO : 红外灯控制器485通讯建立！
2023-03-31 21:41:44,913 [AppLog] INFO : 进入电气控制模块
2023-03-31 21:41:46,114 [AppLog] INFO : 退出电气控制模块
2023-03-31 21:41:47,253 [AppLog] INFO : 进入手动调试子模块！
2023-03-31 21:41:47,253 [AppLog] INFO : 进入：ManulBtn_Click=》准备创建对象-手动操作！
2023-03-31 21:41:47,284 [AppLog] INFO : 创建：ManualControl=》创建完成-手动操作！
2023-03-31 21:41:47,284 [AppLog] INFO : 加载成功：温控Modbus接口！
2023-03-31 21:41:52,026 [AppLog] INFO : 手动控制墨车运动开启，沿X轴右侧方向运动 ====》：nAxis{0},Dir{true},nPlsSpeed{50000},nPlsCount{750000},cControlFlag{2}
2023-03-31 21:41:52,089 [AppLog] INFO : 手动控制墨车运动带减速停止：沿X轴方向运动 ====》《=== ====: bImmeStop{false},nAxisMask{0x1}
2023-03-31 21:41:52,401 [AppLog] INFO : 手动控制墨车运动开启，沿X轴右侧方向运动 ====》：nAxis{0},Dir{true},nPlsSpeed{50000},nPlsCount{750000},cControlFlag{2}
2023-03-31 21:41:52,759 [AppLog] INFO : 手动控制墨车运动带减速停止：沿X轴方向运动 ====》《=== ====: bImmeStop{false},nAxisMask{0x1}
2023-03-31 21:41:53,009 [AppLog] INFO : 手动控制墨车运动开启，沿X轴右侧方向运动 ====》：nAxis{0},Dir{true},nPlsSpeed{50000},nPlsCount{750000},cControlFlag{2}
2023-03-31 21:41:53,103 [AppLog] INFO : 手动控制墨车运动带减速停止：沿X轴方向运动 ====》《=== ====: bImmeStop{false},nAxisMask{0x1}
2023-03-31 21:41:53,446 [AppLog] INFO : 手动控制墨车运动开启，沿X轴右侧方向运动 ====》：nAxis{0},Dir{true},nPlsSpeed{50000},nPlsCount{750000},cControlFlag{2}
2023-03-31 21:41:53,539 [AppLog] INFO : 手动控制墨车运动带减速停止：沿X轴方向运动 ====》《=== ====: bImmeStop{false},nAxisMask{0x1}
2023-03-31 21:41:53,945 [AppLog] INFO : 手动控制墨车运动开启，沿X轴右侧方向运动 ====》：nAxis{0},Dir{true},nPlsSpeed{50000},nPlsCount{750000},cControlFlag{2}
2023-03-31 21:41:54,039 [AppLog] INFO : 手动控制墨车运动带减速停止：沿X轴方向运动 ====》《=== ====: bImmeStop{false},nAxisMask{0x1}
2023-03-31 21:41:58,469 [AppLog] INFO : 开启刮墨轴回零校准：SpreaderHomeBtn_Click
2023-03-31 21:42:00,216 [AppLog] INFO : 刮墨轴回零成功：SpreaderHomeBtn_Click：{AXIS{4},Vel{1圈/s},开槽位置{-107°}}
2023-03-31 21:42:05,567 [AppLog] INFO : 切换为点动模式====》：输出AXIS{第4轴}
2023-03-31 21:42:26,003 [AppLog] INFO : 手动负向点动指令（8轴运控板卡系统） ====》：输出AXIS{第4轴},点动量{0.5MM},运动速度{1MM/s}
2023-03-31 21:42:28,031 [AppLog] INFO : 手动正向点动指令（8轴运控板卡系统） ====》：输出AXIS{第4轴},点动量{0.5MM},运动速度{1MM/s}
2023-03-31 21:42:29,030 [AppLog] INFO : 手动负向点动指令（8轴运控板卡系统） ====》：输出AXIS{第4轴},点动量{0.5MM},运动速度{1MM/s}
2023-03-31 21:42:30,449 [AppLog] INFO : 手动正向点动指令（8轴运控板卡系统） ====》：输出AXIS{第4轴},点动量{0.5MM},运动速度{1MM/s}
2023-03-31 21:42:31,370 [AppLog] INFO : 手动负向点动指令（8轴运控板卡系统） ====》：输出AXIS{第4轴},点动量{0.5MM},运动速度{1MM/s}
2023-03-31 21:42:32,228 [AppLog] INFO : 手动正向点动指令（8轴运控板卡系统） ====》：输出AXIS{第4轴},点动量{0.5MM},运动速度{1MM/s}
2023-03-31 21:42:33,585 [AppLog] INFO : 手动负向点动指令（8轴运控板卡系统） ====》：输出AXIS{第4轴},点动量{0.5MM},运动速度{1MM/s}
2023-03-31 21:42:35,067 [AppLog] INFO : 手动正向点动指令（8轴运控板卡系统） ====》：输出AXIS{第4轴},点动量{0.5MM},运动速度{1MM/s}
2023-03-31 21:42:36,206 [AppLog] INFO : 手动负向点动指令（8轴运控板卡系统） ====》：输出AXIS{第4轴},点动量{0.5MM},运动速度{1MM/s}
2023-03-31 21:42:37,110 [AppLog] INFO : 手动正向点动指令（8轴运控板卡系统） ====》：输出AXIS{第4轴},点动量{0.5MM},运动速度{1MM/s}
2023-03-31 21:42:38,717 [AppLog] INFO : 手动正向点动指令（8轴运控板卡系统） ====》：输出AXIS{第4轴},点动量{0.5MM},运动速度{1MM/s}
2023-03-31 21:42:41,853 [AppLog] INFO : 手动正向点动指令（8轴运控板卡系统） ====》：输出AXIS{第4轴},点动量{0.5MM},运动速度{1MM/s}
2023-03-31 21:42:43,210 [AppLog] INFO : 手动负向点动指令（8轴运控板卡系统） ====》：输出AXIS{第4轴},点动量{0.5MM},运动速度{1MM/s}
2023-03-31 21:42:44,146 [AppLog] INFO : 手动正向点动指令（8轴运控板卡系统） ====》：输出AXIS{第4轴},点动量{0.5MM},运动速度{1MM/s}
2023-03-31 21:42:45,020 [AppLog] INFO : 手动负向点动指令（8轴运控板卡系统） ====》：输出AXIS{第4轴},点动量{0.5MM},运动速度{1MM/s}
2023-03-31 21:42:46,002 [AppLog] INFO : 手动正向点动指令（8轴运控板卡系统） ====》：输出AXIS{第4轴},点动量{0.5MM},运动速度{1MM/s}
2023-03-31 21:42:47,516 [AppLog] INFO : 手动负向点动指令（8轴运控板卡系统） ====》：输出AXIS{第4轴},点动量{0.5MM},运动速度{1MM/s}
2023-03-31 21:42:48,498 [AppLog] INFO : 手动正向点动指令（8轴运控板卡系统） ====》：输出AXIS{第4轴},点动量{0.5MM},运动速度{1MM/s}
2023-03-31 21:42:49,949 [AppLog] INFO : 手动负向点动指令（8轴运控板卡系统） ====》：输出AXIS{第4轴},点动量{0.5MM},运动速度{1MM/s}
2023-03-31 21:42:55,394 [AppLog] INFO : 手动正向点动指令（8轴运控板卡系统） ====》：输出AXIS{第4轴},点动量{0.5MM},运动速度{0.5MM/s}
2023-03-31 21:42:57,546 [AppLog] INFO : 手动负向点动指令（8轴运控板卡系统） ====》：输出AXIS{第4轴},点动量{0.5MM},运动速度{0.5MM/s}
2023-03-31 21:42:59,590 [AppLog] INFO : 手动正向点动指令（8轴运控板卡系统） ====》：输出AXIS{第4轴},点动量{0.5MM},运动速度{0.5MM/s}
2023-03-31 21:43:01,680 [AppLog] INFO : 手动负向点动指令（8轴运控板卡系统） ====》：输出AXIS{第4轴},点动量{0.5MM},运动速度{0.5MM/s}
2023-03-31 21:43:03,396 [AppLog] INFO : 手动正向点动指令（8轴运控板卡系统） ====》：输出AXIS{第4轴},点动量{0.5MM},运动速度{0.5MM/s}
2023-03-31 21:43:04,816 [AppLog] INFO : 手动负向点动指令（8轴运控板卡系统） ====》：输出AXIS{第4轴},点动量{0.5MM},运动速度{0.5MM/s}
2023-03-31 21:43:06,657 [AppLog] INFO : 手动正向点动指令（8轴运控板卡系统） ====》：输出AXIS{第4轴},点动量{0.5MM},运动速度{0.5MM/s}
2023-03-31 21:43:08,045 [AppLog] INFO : 手动正向点动指令（8轴运控板卡系统） ====》：输出AXIS{第4轴},点动量{0.5MM},运动速度{0.5MM/s}
2023-03-31 21:43:10,541 [AppLog] INFO : 手动正向点动指令（8轴运控板卡系统） ====》：输出AXIS{第4轴},点动量{0.5MM},运动速度{0.5MM/s}
2023-03-31 21:43:11,867 [AppLog] INFO : 手动正向点动指令（8轴运控板卡系统） ====》：输出AXIS{第4轴},点动量{0.5MM},运动速度{0.5MM/s}
2023-03-31 21:43:12,881 [AppLog] INFO : 手动正向点动指令（8轴运控板卡系统） ====》：输出AXIS{第4轴},点动量{0.5MM},运动速度{0.5MM/s}
2023-03-31 21:43:14,036 [AppLog] INFO : 手动正向点动指令（8轴运控板卡系统） ====》：输出AXIS{第4轴},点动量{0.5MM},运动速度{0.5MM/s}
2023-03-31 21:43:15,143 [AppLog] INFO : 手动正向点动指令（8轴运控板卡系统） ====》：输出AXIS{第4轴},点动量{0.5MM},运动速度{0.5MM/s}
2023-03-31 21:43:16,298 [AppLog] INFO : 手动正向点动指令（8轴运控板卡系统） ====》：输出AXIS{第4轴},点动量{0.5MM},运动速度{0.5MM/s}
2023-03-31 21:43:17,421 [AppLog] INFO : 手动正向点动指令（8轴运控板卡系统） ====》：输出AXIS{第4轴},点动量{0.5MM},运动速度{0.5MM/s}
2023-03-31 21:43:18,606 [AppLog] INFO : 手动正向点动指令（8轴运控板卡系统） ====》：输出AXIS{第4轴},点动量{0.5MM},运动速度{0.5MM/s}
2023-03-31 21:43:19,745 [AppLog] INFO : 手动正向点动指令（8轴运控板卡系统） ====》：输出AXIS{第4轴},点动量{0.5MM},运动速度{0.5MM/s}
2023-03-31 21:43:20,759 [AppLog] INFO : 手动正向点动指令（8轴运控板卡系统） ====》：输出AXIS{第4轴},点动量{0.5MM},运动速度{0.5MM/s}
2023-03-31 21:43:22,085 [AppLog] INFO : 手动正向点动指令（8轴运控板卡系统） ====》：输出AXIS{第4轴},点动量{0.5MM},运动速度{0.5MM/s}
2023-03-31 21:43:23,567 [AppLog] INFO : 手动正向点动指令（8轴运控板卡系统） ====》：输出AXIS{第4轴},点动量{0.5MM},运动速度{0.5MM/s}
2023-03-31 21:43:24,628 [AppLog] INFO : 手动正向点动指令（8轴运控板卡系统） ====》：输出AXIS{第4轴},点动量{0.5MM},运动速度{0.5MM/s}
2023-03-31 21:43:25,642 [AppLog] INFO : 手动正向点动指令（8轴运控板卡系统） ====》：输出AXIS{第4轴},点动量{0.5MM},运动速度{0.5MM/s}
2023-03-31 21:43:26,672 [AppLog] INFO : 手动正向点动指令（8轴运控板卡系统） ====》：输出AXIS{第4轴},点动量{0.5MM},运动速度{0.5MM/s}
2023-03-31 21:43:28,294 [AppLog] INFO : 手动正向点动指令（8轴运控板卡系统） ====》：输出AXIS{第4轴},点动量{0.5MM},运动速度{0.5MM/s}
2023-03-31 21:43:29,651 [AppLog] INFO : 手动正向点动指令（8轴运控板卡系统） ====》：输出AXIS{第4轴},点动量{0.5MM},运动速度{0.5MM/s}
2023-03-31 21:43:32,459 [AppLog] INFO : 手动控制墨车运动开启，沿X轴右侧方向运动 ====》：nAxis{0},Dir{true},nPlsSpeed{50000},nPlsCount{750000},cControlFlag{2}
2023-03-31 21:43:32,615 [AppLog] INFO : 手动控制墨车运动带减速停止：沿X轴方向运动 ====》《=== ====: bImmeStop{false},nAxisMask{0x1}
2023-03-31 21:43:32,958 [AppLog] INFO : 手动控制墨车运动开启，沿X轴右侧方向运动 ====》：nAxis{0},Dir{true},nPlsSpeed{50000},nPlsCount{750000},cControlFlag{2}
2023-03-31 21:43:33,068 [AppLog] INFO : 手动控制墨车运动带减速停止：沿X轴方向运动 ====》《=== ====: bImmeStop{false},nAxisMask{0x1}
2023-03-31 21:43:34,799 [AppLog] INFO : 手动控制墨车运动开启：沿Y轴前侧方向运动 ↑↑↑：nAxis{{1}},Dir{{false}},nPlsSpeed{{{nSpeed}}},nPlsCount{{750000}},cControlFlag{{{nCtlValue}}}
2023-03-31 21:43:35,064 [AppLog] INFO : 手动控制墨车运动带减速停止：沿Y轴方向运动 ↑↑↑↓↓↓ ====: bImmeStop{{false}},nAxisMask{{0x2}}
2023-03-31 21:43:35,314 [AppLog] INFO : 手动控制墨车运动开启：沿Y轴前侧方向运动 ↑↑↑：nAxis{{1}},Dir{{false}},nPlsSpeed{{{nSpeed}}},nPlsCount{{750000}},cControlFlag{{{nCtlValue}}}
2023-03-31 21:43:35,720 [AppLog] INFO : 手动控制墨车运动带减速停止：沿Y轴方向运动 ↑↑↑↓↓↓ ====: bImmeStop{{false}},nAxisMask{{0x2}}
2023-03-31 21:43:42,537 [AppLog] INFO : 手动负向点动指令（8轴运控板卡系统） ====》：输出AXIS{第4轴},点动量{0.5MM},运动速度{0.5MM/s}
2023-03-31 21:43:44,081 [AppLog] INFO : 手动负向点动指令（8轴运控板卡系统） ====》：输出AXIS{第4轴},点动量{0.5MM},运动速度{0.5MM/s}
2023-03-31 21:43:45,548 [AppLog] INFO : 手动负向点动指令（8轴运控板卡系统） ====》：输出AXIS{第4轴},点动量{0.5MM},运动速度{0.5MM/s}
2023-03-31 21:43:48,824 [AppLog] INFO : 手动负向点动指令（8轴运控板卡系统） ====》：输出AXIS{第4轴},点动量{0.5MM},运动速度{0.5MM/s}
2023-03-31 21:43:50,243 [AppLog] INFO : 手动负向点动指令（8轴运控板卡系统） ====》：输出AXIS{第4轴},点动量{0.5MM},运动速度{0.5MM/s}
2023-03-31 21:43:51,772 [AppLog] INFO : 手动负向点动指令（8轴运控板卡系统） ====》：输出AXIS{第4轴},点动量{0.5MM},运动速度{0.5MM/s}
2023-03-31 21:43:53,207 [AppLog] INFO : 手动负向点动指令（8轴运控板卡系统） ====》：输出AXIS{第4轴},点动量{0.5MM},运动速度{0.5MM/s}
2023-03-31 21:43:54,705 [AppLog] INFO : 手动负向点动指令（8轴运控板卡系统） ====》：输出AXIS{第4轴},点动量{0.5MM},运动速度{0.5MM/s}
2023-03-31 21:43:56,046 [AppLog] INFO : 手动负向点动指令（8轴运控板卡系统） ====》：输出AXIS{第4轴},点动量{0.5MM},运动速度{0.5MM/s}
2023-03-31 21:43:57,513 [AppLog] INFO : 手动负向点动指令（8轴运控板卡系统） ====》：输出AXIS{第4轴},点动量{0.5MM},运动速度{0.5MM/s}
2023-03-31 21:43:58,854 [AppLog] INFO : 手动负向点动指令（8轴运控板卡系统） ====》：输出AXIS{第4轴},点动量{0.5MM},运动速度{0.5MM/s}
2023-03-31 21:44:00,305 [AppLog] INFO : 手动负向点动指令（8轴运控板卡系统） ====》：输出AXIS{第4轴},点动量{0.5MM},运动速度{0.5MM/s}
2023-03-31 21:44:01,382 [AppLog] INFO : 手动负向点动指令（8轴运控板卡系统） ====》：输出AXIS{第4轴},点动量{0.5MM},运动速度{0.5MM/s}
2023-03-31 21:44:02,739 [AppLog] INFO : 手动负向点动指令（8轴运控板卡系统） ====》：输出AXIS{第4轴},点动量{0.5MM},运动速度{0.5MM/s}
2023-03-31 21:44:04,112 [AppLog] INFO : 手动负向点动指令（8轴运控板卡系统） ====》：输出AXIS{第4轴},点动量{0.5MM},运动速度{0.5MM/s}
2023-03-31 21:44:05,328 [AppLog] INFO : 手动负向点动指令（8轴运控板卡系统） ====》：输出AXIS{第4轴},点动量{0.5MM},运动速度{0.5MM/s}
2023-03-31 21:44:06,686 [AppLog] INFO : 手动负向点动指令（8轴运控板卡系统） ====》：输出AXIS{第4轴},点动量{0.5MM},运动速度{0.5MM/s}
2023-03-31 21:44:07,980 [AppLog] INFO : 手动负向点动指令（8轴运控板卡系统） ====》：输出AXIS{第4轴},点动量{0.5MM},运动速度{0.5MM/s}
2023-03-31 21:44:09,306 [AppLog] INFO : 手动负向点动指令（8轴运控板卡系统） ====》：输出AXIS{第4轴},点动量{0.5MM},运动速度{0.5MM/s}
2023-03-31 21:44:10,710 [AppLog] INFO : 手动负向点动指令（8轴运控板卡系统） ====》：输出AXIS{第4轴},点动量{0.5MM},运动速度{0.5MM/s}
2023-03-31 21:44:12,130 [AppLog] INFO : 手动负向点动指令（8轴运控板卡系统） ====》：输出AXIS{第4轴},点动量{0.5MM},运动速度{0.5MM/s}
2023-03-31 21:44:13,518 [AppLog] INFO : 手动负向点动指令（8轴运控板卡系统） ====》：输出AXIS{第4轴},点动量{0.5MM},运动速度{0.5MM/s}
2023-03-31 21:44:14,844 [AppLog] INFO : 手动负向点动指令（8轴运控板卡系统） ====》：输出AXIS{第4轴},点动量{0.5MM},运动速度{0.5MM/s}
2023-03-31 21:44:16,124 [AppLog] INFO : 手动负向点动指令（8轴运控板卡系统） ====》：输出AXIS{第4轴},点动量{0.5MM},运动速度{0.5MM/s}
2023-03-31 21:44:17,434 [AppLog] INFO : 手动负向点动指令（8轴运控板卡系统） ====》：输出AXIS{第4轴},点动量{0.5MM},运动速度{0.5MM/s}
2023-03-31 21:44:18,807 [AppLog] INFO : 手动负向点动指令（8轴运控板卡系统） ====》：输出AXIS{第4轴},点动量{0.5MM},运动速度{0.5MM/s}
2023-03-31 21:44:20,195 [AppLog] INFO : 手动负向点动指令（8轴运控板卡系统） ====》：输出AXIS{第4轴},点动量{0.5MM},运动速度{0.5MM/s}
2023-03-31 21:44:21,225 [AppLog] INFO : 手动负向点动指令（8轴运控板卡系统） ====》：输出AXIS{第4轴},点动量{0.5MM},运动速度{0.5MM/s}
2023-03-31 21:44:22,551 [AppLog] INFO : 手动负向点动指令（8轴运控板卡系统） ====》：输出AXIS{第4轴},点动量{0.5MM},运动速度{0.5MM/s}
2023-03-31 21:44:23,924 [AppLog] INFO : 手动负向点动指令（8轴运控板卡系统） ====》：输出AXIS{第4轴},点动量{0.5MM},运动速度{0.5MM/s}
2023-03-31 21:44:25,078 [AppLog] INFO : 手动负向点动指令（8轴运控板卡系统） ====》：输出AXIS{第4轴},点动量{0.5MM},运动速度{0.5MM/s}
2023-03-31 21:44:26,092 [AppLog] INFO : 手动负向点动指令（8轴运控板卡系统） ====》：输出AXIS{第4轴},点动量{0.5MM},运动速度{0.5MM/s}
2023-03-31 21:44:27,215 [AppLog] INFO : 手动负向点动指令（8轴运控板卡系统） ====》：输出AXIS{第4轴},点动量{0.5MM},运动速度{0.5MM/s}
2023-03-31 21:44:28,666 [AppLog] INFO : 手动负向点动指令（8轴运控板卡系统） ====》：输出AXIS{第4轴},点动量{0.5MM},运动速度{0.5MM/s}
2023-03-31 21:44:30,070 [AppLog] INFO : 手动负向点动指令（8轴运控板卡系统） ====》：输出AXIS{第4轴},点动量{0.5MM},运动速度{0.5MM/s}
2023-03-31 21:44:31,505 [AppLog] INFO : 手动负向点动指令（8轴运控板卡系统） ====》：输出AXIS{第4轴},点动量{0.5MM},运动速度{0.5MM/s}
2023-03-31 21:44:32,878 [AppLog] INFO : 手动负向点动指令（8轴运控板卡系统） ====》：输出AXIS{第4轴},点动量{0.5MM},运动速度{0.5MM/s}
2023-03-31 21:44:34,282 [AppLog] INFO : 手动负向点动指令（8轴运控板卡系统） ====》：输出AXIS{第4轴},点动量{0.5MM},运动速度{0.5MM/s}
2023-03-31 21:44:35,671 [AppLog] INFO : 手动负向点动指令（8轴运控板卡系统） ====》：输出AXIS{第4轴},点动量{0.5MM},运动速度{0.5MM/s}
2023-03-31 21:44:36,981 [AppLog] INFO : 手动负向点动指令（8轴运控板卡系统） ====》：输出AXIS{第4轴},点动量{0.5MM},运动速度{0.5MM/s}
2023-03-31 21:44:38,135 [AppLog] INFO : 手动负向点动指令（8轴运控板卡系统） ====》：输出AXIS{第4轴},点动量{0.5MM},运动速度{0.5MM/s}
2023-03-31 21:44:39,149 [AppLog] INFO : 手动负向点动指令（8轴运控板卡系统） ====》：输出AXIS{第4轴},点动量{0.5MM},运动速度{0.5MM/s}
2023-03-31 21:44:40,179 [AppLog] INFO : 手动负向点动指令（8轴运控板卡系统） ====》：输出AXIS{第4轴},点动量{0.5MM},运动速度{0.5MM/s}
2023-03-31 21:44:41,193 [AppLog] INFO : 手动负向点动指令（8轴运控板卡系统） ====》：输出AXIS{第4轴},点动量{0.5MM},运动速度{0.5MM/s}
2023-03-31 21:44:42,207 [AppLog] INFO : 手动负向点动指令（8轴运控板卡系统） ====》：输出AXIS{第4轴},点动量{0.5MM},运动速度{0.5MM/s}
2023-03-31 21:44:43,237 [AppLog] INFO : 手动负向点动指令（8轴运控板卡系统） ====》：输出AXIS{第4轴},点动量{0.5MM},运动速度{0.5MM/s}
2023-03-31 21:44:44,251 [AppLog] INFO : 手动负向点动指令（8轴运控板卡系统） ====》：输出AXIS{第4轴},点动量{0.5MM},运动速度{0.5MM/s}
2023-03-31 21:44:45,280 [AppLog] INFO : 手动负向点动指令（8轴运控板卡系统） ====》：输出AXIS{第4轴},点动量{0.5MM},运动速度{0.5MM/s}
2023-03-31 21:44:46,965 [AppLog] INFO : 手动负向点动指令（8轴运控板卡系统） ====》：输出AXIS{第4轴},点动量{0.5MM},运动速度{0.5MM/s}
2023-03-31 21:44:48,431 [AppLog] INFO : 手动负向点动指令（8轴运控板卡系统） ====》：输出AXIS{第4轴},点动量{0.5MM},运动速度{0.5MM/s}
2023-03-31 21:44:49,648 [AppLog] INFO : 手动负向点动指令（8轴运控板卡系统） ====》：输出AXIS{第4轴},点动量{0.5MM},运动速度{0.5MM/s}
2023-03-31 21:44:51,380 [AppLog] INFO : 手动负向点动指令（8轴运控板卡系统） ====》：输出AXIS{第4轴},点动量{0.5MM},运动速度{0.5MM/s}
2023-03-31 21:44:52,971 [AppLog] INFO : 手动负向点动指令（8轴运控板卡系统） ====》：输出AXIS{第4轴},点动量{0.5MM},运动速度{0.5MM/s}
2023-03-31 21:44:54,453 [AppLog] INFO : 手动负向点动指令（8轴运控板卡系统） ====》：输出AXIS{第4轴},点动量{0.5MM},运动速度{0.5MM/s}
2023-03-31 21:44:55,576 [AppLog] INFO : 手动负向点动指令（8轴运控板卡系统） ====》：输出AXIS{第4轴},点动量{0.5MM},运动速度{0.5MM/s}
2023-03-31 21:44:56,793 [AppLog] INFO : 手动负向点动指令（8轴运控板卡系统） ====》：输出AXIS{第4轴},点动量{0.5MM},运动速度{0.5MM/s}
2023-03-31 21:44:58,197 [AppLog] INFO : 手动负向点动指令（8轴运控板卡系统） ====》：输出AXIS{第4轴},点动量{0.5MM},运动速度{0.5MM/s}
2023-03-31 21:44:59,554 [AppLog] INFO : 手动负向点动指令（8轴运控板卡系统） ====》：输出AXIS{第4轴},点动量{0.5MM},运动速度{0.5MM/s}
2023-03-31 21:45:00,880 [AppLog] INFO : 手动负向点动指令（8轴运控板卡系统） ====》：输出AXIS{第4轴},点动量{0.5MM},运动速度{0.5MM/s}
2023-03-31 21:45:02,362 [AppLog] INFO : 手动负向点动指令（8轴运控板卡系统） ====》：输出AXIS{第4轴},点动量{0.5MM},运动速度{0.5MM/s}
2023-03-31 21:45:03,657 [AppLog] INFO : 手动负向点动指令（8轴运控板卡系统） ====》：输出AXIS{第4轴},点动量{0.5MM},运动速度{0.5MM/s}
2023-03-31 21:45:04,921 [AppLog] INFO : 手动负向点动指令（8轴运控板卡系统） ====》：输出AXIS{第4轴},点动量{0.5MM},运动速度{0.5MM/s}
2023-03-31 21:45:06,262 [AppLog] INFO : 手动负向点动指令（8轴运控板卡系统） ====》：输出AXIS{第4轴},点动量{0.5MM},运动速度{0.5MM/s}
2023-03-31 21:45:07,619 [AppLog] INFO : 手动负向点动指令（8轴运控板卡系统） ====》：输出AXIS{第4轴},点动量{0.5MM},运动速度{0.5MM/s}
2023-03-31 21:45:08,789 [AppLog] INFO : 手动负向点动指令（8轴运控板卡系统） ====》：输出AXIS{第4轴},点动量{0.5MM},运动速度{0.5MM/s}
2023-03-31 21:45:10,193 [AppLog] INFO : 手动负向点动指令（8轴运控板卡系统） ====》：输出AXIS{第4轴},点动量{0.5MM},运动速度{0.5MM/s}
2023-03-31 21:45:11,348 [AppLog] INFO : 手动负向点动指令（8轴运控板卡系统） ====》：输出AXIS{第4轴},点动量{0.5MM},运动速度{0.5MM/s}
2023-03-31 21:45:13,033 [AppLog] INFO : 手动负向点动指令（8轴运控板卡系统） ====》：输出AXIS{第4轴},点动量{0.5MM},运动速度{0.5MM/s}
2023-03-31 21:45:17,993 [AppLog] INFO : 切换为JOG模式====》：输出AXIS{第4轴}
2023-03-31 21:45:18,727 [AppLog] INFO : 手动正向JOG指令（8轴运控板卡系统） ====》：输出AXIS{第4轴},运动速度{0.5MM/s}
2023-03-31 21:45:18,820 [AppLog] INFO : 自动停止铺粉棍轴JOG输出（8轴运控板卡系统） ====》：输出AXIS{第6轴}
2023-03-31 21:45:18,820 [AppLog] INFO : 手动停止JOG输出（8轴运控板卡系统） ====》：输出AXIS{第4轴}
2023-03-31 21:45:19,101 [AppLog] INFO : 手动正向JOG指令（8轴运控板卡系统） ====》：输出AXIS{第4轴},运动速度{0.5MM/s}
2023-03-31 21:45:19,226 [AppLog] INFO : 自动停止铺粉棍轴JOG输出（8轴运控板卡系统） ====》：输出AXIS{第6轴}
2023-03-31 21:45:19,226 [AppLog] INFO : 手动停止JOG输出（8轴运控板卡系统） ====》：输出AXIS{第4轴}
2023-03-31 21:45:19,257 [AppLog] INFO : 手动正向JOG指令（8轴运控板卡系统） ====》：输出AXIS{第4轴},运动速度{0.5MM/s}
2023-03-31 21:45:19,335 [AppLog] INFO : 自动停止铺粉棍轴JOG输出（8轴运控板卡系统） ====》：输出AXIS{第6轴}
2023-03-31 21:45:19,335 [AppLog] INFO : 手动停止JOG输出（8轴运控板卡系统） ====》：输出AXIS{第4轴}
2023-03-31 21:45:19,522 [AppLog] INFO : 手动正向JOG指令（8轴运控板卡系统） ====》：输出AXIS{第4轴},运动速度{0.5MM/s}
2023-03-31 21:45:19,663 [AppLog] INFO : 自动停止铺粉棍轴JOG输出（8轴运控板卡系统） ====》：输出AXIS{第6轴}
2023-03-31 21:45:19,663 [AppLog] INFO : 手动停止JOG输出（8轴运控板卡系统） ====》：输出AXIS{第4轴}
2023-03-31 21:45:19,928 [AppLog] INFO : 手动正向JOG指令（8轴运控板卡系统） ====》：输出AXIS{第4轴},运动速度{0.5MM/s}
2023-03-31 21:45:20,021 [AppLog] INFO : 自动停止铺粉棍轴JOG输出（8轴运控板卡系统） ====》：输出AXIS{第6轴}
2023-03-31 21:45:20,021 [AppLog] INFO : 手动停止JOG输出（8轴运控板卡系统） ====》：输出AXIS{第4轴}
2023-03-31 21:45:20,349 [AppLog] INFO : 手动正向JOG指令（8轴运控板卡系统） ====》：输出AXIS{第4轴},运动速度{0.5MM/s}
2023-03-31 21:45:20,474 [AppLog] INFO : 自动停止铺粉棍轴JOG输出（8轴运控板卡系统） ====》：输出AXIS{第6轴}
2023-03-31 21:45:20,474 [AppLog] INFO : 手动停止JOG输出（8轴运控板卡系统） ====》：输出AXIS{第4轴}
2023-03-31 21:45:21,020 [AppLog] INFO : 手动正向JOG指令（8轴运控板卡系统） ====》：输出AXIS{第4轴},运动速度{0.5MM/s}
2023-03-31 21:45:21,082 [AppLog] INFO : 自动停止铺粉棍轴JOG输出（8轴运控板卡系统） ====》：输出AXIS{第6轴}
2023-03-31 21:45:21,082 [AppLog] INFO : 手动停止JOG输出（8轴运控板卡系统） ====》：输出AXIS{第4轴}
2023-03-31 21:45:50,145 [AppLog] INFO : 手动负向JOG指令（8轴运控板卡系统） ====》：输出AXIS{第4轴},运动速度{0.5MM/s}
2023-03-31 21:45:50,363 [AppLog] INFO : 自动停止铺粉棍轴JOG输出（8轴运控板卡系统） ====》：输出AXIS{第6轴}
2023-03-31 21:45:50,363 [AppLog] INFO : 手动停止JOG输出（8轴运控板卡系统） ====》：输出AXIS{第4轴}
2023-03-31 21:45:50,566 [AppLog] INFO : 手动负向JOG指令（8轴运控板卡系统） ====》：输出AXIS{第4轴},运动速度{0.5MM/s}
2023-03-31 21:45:50,769 [AppLog] INFO : 自动停止铺粉棍轴JOG输出（8轴运控板卡系统） ====》：输出AXIS{第6轴}
2023-03-31 21:45:50,769 [AppLog] INFO : 手动停止JOG输出（8轴运控板卡系统） ====》：输出AXIS{第4轴}
2023-03-31 21:45:51,019 [AppLog] INFO : 手动负向JOG指令（8轴运控板卡系统） ====》：输出AXIS{第4轴},运动速度{0.5MM/s}
2023-03-31 21:45:51,627 [AppLog] INFO : 自动停止铺粉棍轴JOG输出（8轴运控板卡系统） ====》：输出AXIS{第6轴}
2023-03-31 21:45:51,627 [AppLog] INFO : 手动停止JOG输出（8轴运控板卡系统） ====》：输出AXIS{第4轴}
2023-03-31 21:45:51,799 [AppLog] INFO : 手动负向JOG指令（8轴运控板卡系统） ====》：输出AXIS{第4轴},运动速度{0.5MM/s}
2023-03-31 21:45:51,923 [AppLog] INFO : 自动停止铺粉棍轴JOG输出（8轴运控板卡系统） ====》：输出AXIS{第6轴}
2023-03-31 21:45:51,939 [AppLog] INFO : 手动停止JOG输出（8轴运控板卡系统） ====》：输出AXIS{第4轴}
2023-03-31 21:45:51,986 [AppLog] INFO : 手动负向JOG指令（8轴运控板卡系统） ====》：输出AXIS{第4轴},运动速度{0.5MM/s}
2023-03-31 21:45:52,079 [AppLog] INFO : 自动停止铺粉棍轴JOG输出（8轴运控板卡系统） ====》：输出AXIS{第6轴}
2023-03-31 21:45:52,079 [AppLog] INFO : 手动停止JOG输出（8轴运控板卡系统） ====》：输出AXIS{第4轴}
2023-03-31 21:45:52,173 [AppLog] INFO : 手动负向JOG指令（8轴运控板卡系统） ====》：输出AXIS{第4轴},运动速度{0.5MM/s}
2023-03-31 21:45:52,282 [AppLog] INFO : 自动停止铺粉棍轴JOG输出（8轴运控板卡系统） ====》：输出AXIS{第6轴}
2023-03-31 21:45:52,282 [AppLog] INFO : 手动停止JOG输出（8轴运控板卡系统） ====》：输出AXIS{第4轴}
2023-03-31 21:45:52,345 [AppLog] INFO : 手动负向JOG指令（8轴运控板卡系统） ====》：输出AXIS{第4轴},运动速度{0.5MM/s}
2023-03-31 21:45:52,469 [AppLog] INFO : 自动停止铺粉棍轴JOG输出（8轴运控板卡系统） ====》：输出AXIS{第6轴}
2023-03-31 21:45:52,469 [AppLog] INFO : 手动停止JOG输出（8轴运控板卡系统） ====》：输出AXIS{第4轴}
2023-03-31 21:45:52,532 [AppLog] INFO : 手动负向JOG指令（8轴运控板卡系统） ====》：输出AXIS{第4轴},运动速度{0.5MM/s}
2023-03-31 21:45:52,703 [AppLog] INFO : 自动停止铺粉棍轴JOG输出（8轴运控板卡系统） ====》：输出AXIS{第6轴}
2023-03-31 21:45:52,703 [AppLog] INFO : 手动停止JOG输出（8轴运控板卡系统） ====》：输出AXIS{第4轴}
2023-03-31 21:45:52,735 [AppLog] INFO : 手动负向JOG指令（8轴运控板卡系统） ====》：输出AXIS{第4轴},运动速度{0.5MM/s}
2023-03-31 21:45:52,859 [AppLog] INFO : 自动停止铺粉棍轴JOG输出（8轴运控板卡系统） ====》：输出AXIS{第6轴}
2023-03-31 21:45:52,859 [AppLog] INFO : 手动停止JOG输出（8轴运控板卡系统） ====》：输出AXIS{第4轴}
2023-03-31 21:45:53,218 [AppLog] INFO : 手动负向JOG指令（8轴运控板卡系统） ====》：输出AXIS{第4轴},运动速度{0.5MM/s}
2023-03-31 21:45:53,515 [AppLog] INFO : 自动停止铺粉棍轴JOG输出（8轴运控板卡系统） ====》：输出AXIS{第6轴}
2023-03-31 21:45:53,515 [AppLog] INFO : 手动停止JOG输出（8轴运控板卡系统） ====》：输出AXIS{第4轴}
2023-03-31 21:45:53,764 [AppLog] INFO : 手动负向JOG指令（8轴运控板卡系统） ====》：输出AXIS{第4轴},运动速度{0.5MM/s}
2023-03-31 21:45:54,061 [AppLog] INFO : 自动停止铺粉棍轴JOG输出（8轴运控板卡系统） ====》：输出AXIS{第6轴}
2023-03-31 21:45:54,061 [AppLog] INFO : 手动停止JOG输出（8轴运控板卡系统） ====》：输出AXIS{第4轴}
2023-03-31 21:45:56,884 [AppLog] INFO : 手动负向JOG指令（8轴运控板卡系统） ====》：输出AXIS{第4轴},运动速度{0.5MM/s}
2023-03-31 21:45:56,993 [AppLog] INFO : 自动停止铺粉棍轴JOG输出（8轴运控板卡系统） ====》：输出AXIS{第6轴}
2023-03-31 21:45:56,993 [AppLog] INFO : 手动停止JOG输出（8轴运控板卡系统） ====》：输出AXIS{第4轴}
2023-03-31 21:45:57,212 [AppLog] INFO : 手动负向JOG指令（8轴运控板卡系统） ====》：输出AXIS{第4轴},运动速度{0.5MM/s}
2023-03-31 21:45:57,851 [AppLog] INFO : 自动停止铺粉棍轴JOG输出（8轴运控板卡系统） ====》：输出AXIS{第6轴}
2023-03-31 21:45:57,851 [AppLog] INFO : 手动停止JOG输出（8轴运控板卡系统） ====》：输出AXIS{第4轴}
2023-03-31 21:46:00,644 [AppLog] INFO : 开启墨车回零校准：PrintCarHomeBtn_Click
2023-03-31 21:46:00,644 [AppLog] INFO : 开启墨车回零校准线程：InkCarEncoderResetThread
2023-03-31 21:46:11,080 [AppLog] INFO : 墨车回零校准线程成功：InkCarEncoderResetThread
2023-03-31 21:46:12,250 [AppLog] INFO : 墨车回零校准线程失败：InkCarEncoderResetThread
2023-03-31 21:46:14,684 [AppLog] INFO : 手动开启自动清洗过程：AutoCleanBtn_Click
2023-03-31 21:46:14,684 [AppLog] INFO : 进入自动清洗过程：AutoCleanThread
2023-03-31 21:46:16,556 [AppLog] INFO : 刮墨轴回零成功：motionMap.SetBackSpreaderAxis(4, 1, 2, -SinkPosition)
2023-03-31 21:46:16,556 [AppLog] INFO : 准备读取编码器位置：Y方向！
2023-03-31 21:46:16,556 [AppLog] INFO : 准备运动，编码器当前位置：DEM_GetAxisEncodeVal：MoveDirectionFlag{false为Y方向：True}CurrentPos{53.015}AimPos{121}
2023-03-31 21:46:16,587 [AppLog] INFO : Y方向运动开始：DEM_Run：返回值{True}nAxis{1}DirFlag{True}nSpeed{50000}MoveStep{67985}nCtlValue{0}
2023-03-31 21:46:18,007 [AppLog] INFO : Y方向到位停止：DEM_StopAxisRun：返回值{True}CurrentPos{114.87}bImmeStop{False}nAxisMask{2}
2023-03-31 21:46:18,007 [AppLog] INFO : 准备读取编码器位置：X方向！
2023-03-31 21:46:18,007 [AppLog] INFO : 准备运动，当前位置：DEV_GetPrintEncoderValue：MoveDirectionFlag{false为Y方向：False}CurrentPos{738.445}AimPos{710}
2023-03-31 21:46:18,038 [AppLog] INFO : X方向运动开始：DEM_Run：返回值{True}nAxis{0}DirFlag{False}nSpeed{50000}MoveStep{-28445.0000000001}nCtlValue{2}
2023-03-31 21:46:18,678 [AppLog] INFO : X方向到位停止：DEM_StopAxisRun：返回值{True}CurrentPos{713.37}bImmeStop{False}nAxisMask{1}
2023-03-31 21:46:19,520 [AppLog] INFO : 开启压墨： motionMap.SetDo(13, true)
2023-03-31 21:46:22,531 [AppLog] INFO : 关闭压墨： motionMap.SetDo(13, true)
2023-03-31 21:46:22,546 [AppLog] INFO : 开启闪喷： IDP_FlashPrtCtl(true)：ReturnCode{True}
2023-03-31 21:46:22,546 [AppLog] INFO : 准备读取编码器位置：X方向！
2023-03-31 21:46:22,562 [AppLog] INFO : 准备运动，当前位置：DEV_GetPrintEncoderValue：MoveDirectionFlag{false为Y方向：False}CurrentPos{709.94}AimPos{780}
2023-03-31 21:46:22,609 [AppLog] INFO : X方向运动开始：DEM_Run：返回值{True}nAxis{0}DirFlag{True}nSpeed{50000}MoveStep{70059.9999999999}nCtlValue{2}
2023-03-31 21:46:24,075 [AppLog] INFO : X方向到位停止：DEM_StopAxisRun：返回值{True}CurrentPos{776.04}bImmeStop{False}nAxisMask{1}
2023-03-31 21:46:24,403 [AppLog] INFO : 准备读取编码器位置：X方向！
2023-03-31 21:46:24,403 [AppLog] INFO : 准备运动，当前位置：DEV_GetPrintEncoderValue：MoveDirectionFlag{false为Y方向：False}CurrentPos{779.17}AimPos{710}
2023-03-31 21:46:24,434 [AppLog] INFO : X方向运动开始：DEM_Run：返回值{True}nAxis{0}DirFlag{False}nSpeed{50000}MoveStep{-69170.0000000001}nCtlValue{2}
2023-03-31 21:46:25,885 [AppLog] INFO : X方向到位停止：DEM_StopAxisRun：返回值{True}CurrentPos{714.07}bImmeStop{False}nAxisMask{1}
2023-03-31 21:46:26,961 [AppLog] INFO : 结束自动清洗过程：AutoCleanThread
2023-03-31 21:46:31,563 [AppLog] INFO : 手动停止自动清洗过程：AutoCleanBtn_Click
2023-03-31 21:46:32,234 [AppLog] INFO : 手动开启自动清洗过程：AutoCleanBtn_Click
2023-03-31 21:46:32,234 [AppLog] INFO : 进入自动清洗过程：AutoCleanThread
2023-03-31 21:46:33,778 [AppLog] INFO : 刮墨轴回零成功：motionMap.SetBackSpreaderAxis(4, 1, 2, -SinkPosition)
2023-03-31 21:46:33,778 [AppLog] INFO : 准备读取编码器位置：Y方向！
2023-03-31 21:46:33,778 [AppLog] INFO : 准备运动，编码器当前位置：DEM_GetAxisEncodeVal：MoveDirectionFlag{false为Y方向：True}CurrentPos{120.9}AimPos{121}
2023-03-31 21:46:33,810 [AppLog] INFO : Y方向运动开始：DEM_Run：返回值{True}nAxis{1}DirFlag{True}nSpeed{50000}MoveStep{99.9999999999943}nCtlValue{0}
2023-03-31 21:46:33,825 [AppLog] INFO : Y方向到位停止：DEM_StopAxisRun：返回值{True}CurrentPos{120.9}bImmeStop{False}nAxisMask{2}
2023-03-31 21:46:33,825 [AppLog] INFO : 准备读取编码器位置：X方向！
2023-03-31 21:46:33,825 [AppLog] INFO : 准备运动，当前位置：DEV_GetPrintEncoderValue：MoveDirectionFlag{false为Y方向：False}CurrentPos{710.88}AimPos{710}
2023-03-31 21:46:33,856 [AppLog] INFO : X方向运动开始：DEM_Run：返回值{True}nAxis{0}DirFlag{False}nSpeed{50000}MoveStep{-879.999999999995}nCtlValue{2}
2023-03-31 21:46:33,919 [AppLog] INFO : X方向到位停止：DEM_StopAxisRun：返回值{True}CurrentPos{710.88}bImmeStop{False}nAxisMask{1}
2023-03-31 21:46:34,761 [AppLog] INFO : 开启压墨： motionMap.SetDo(13, true)
2023-03-31 21:46:37,772 [AppLog] INFO : 关闭压墨： motionMap.SetDo(13, true)
2023-03-31 21:46:37,803 [AppLog] INFO : 开启闪喷： IDP_FlashPrtCtl(true)：ReturnCode{True}
2023-03-31 21:46:37,803 [AppLog] INFO : 准备读取编码器位置：X方向！
2023-03-31 21:46:37,819 [AppLog] INFO : 准备运动，当前位置：DEV_GetPrintEncoderValue：MoveDirectionFlag{false为Y方向：False}CurrentPos{710.08}AimPos{780}
2023-03-31 21:46:37,850 [AppLog] INFO : X方向运动开始：DEM_Run：返回值{True}nAxis{0}DirFlag{True}nSpeed{50000}MoveStep{69920}nCtlValue{2}
2023-03-31 21:46:38,068 [AppLog] INFO : 手动停止自动清洗过程：AutoCleanBtn_Click
2023-03-31 21:46:39,691 [AppLog] INFO : 手动开启自动清洗过程：AutoCleanBtn_Click
2023-03-31 21:46:39,691 [AppLog] INFO : 进入自动清洗过程：AutoCleanThread
2023-03-31 21:46:42,280 [AppLog] INFO : 刮墨轴回零成功：motionMap.SetBackSpreaderAxis(4, 1, 2, -SinkPosition)
2023-03-31 21:46:42,280 [AppLog] INFO : 准备读取编码器位置：Y方向！
2023-03-31 21:46:42,280 [AppLog] INFO : 准备运动，编码器当前位置：DEM_GetAxisEncodeVal：MoveDirectionFlag{false为Y方向：True}CurrentPos{120.965}AimPos{121}
2023-03-31 21:46:42,312 [AppLog] INFO : Y方向运动开始：DEM_Run：返回值{True}nAxis{1}DirFlag{True}nSpeed{50000}MoveStep{34.9999999999966}nCtlValue{0}
2023-03-31 21:46:42,312 [AppLog] INFO : Y方向到位停止：DEM_StopAxisRun：返回值{True}CurrentPos{120.965}bImmeStop{False}nAxisMask{2}
2023-03-31 21:46:42,312 [AppLog] INFO : 准备读取编码器位置：X方向！
2023-03-31 21:46:42,312 [AppLog] INFO : 准备运动，当前位置：DEV_GetPrintEncoderValue：MoveDirectionFlag{false为Y方向：False}CurrentPos{721.11}AimPos{710}
2023-03-31 21:46:42,343 [AppLog] INFO : X方向运动开始：DEM_Run：返回值{True}nAxis{0}DirFlag{False}nSpeed{50000}MoveStep{-11110}nCtlValue{2}
2023-03-31 21:46:42,655 [AppLog] INFO : X方向到位停止：DEM_StopAxisRun：返回值{True}CurrentPos{713.585}bImmeStop{False}nAxisMask{1}
2023-03-31 21:46:43,497 [AppLog] INFO : 开启压墨： motionMap.SetDo(13, true)
2023-03-31 21:46:46,508 [AppLog] INFO : 关闭压墨： motionMap.SetDo(13, true)
2023-03-31 21:46:46,524 [AppLog] INFO : 开启闪喷： IDP_FlashPrtCtl(true)：ReturnCode{True}
2023-03-31 21:46:46,524 [AppLog] INFO : 准备读取编码器位置：X方向！
2023-03-31 21:46:46,524 [AppLog] INFO : 准备运动，当前位置：DEV_GetPrintEncoderValue：MoveDirectionFlag{false为Y方向：False}CurrentPos{710.815}AimPos{780}
2023-03-31 21:46:46,555 [AppLog] INFO : X方向运动开始：DEM_Run：返回值{True}nAxis{0}DirFlag{True}nSpeed{50000}MoveStep{69184.9999999999}nCtlValue{2}
2023-03-31 21:46:48,006 [AppLog] INFO : X方向到位停止：DEM_StopAxisRun：返回值{True}CurrentPos{775.76}bImmeStop{False}nAxisMask{1}
2023-03-31 21:46:48,333 [AppLog] INFO : 准备读取编码器位置：X方向！
2023-03-31 21:46:48,333 [AppLog] INFO : 准备运动，当前位置：DEV_GetPrintEncoderValue：MoveDirectionFlag{false为Y方向：False}CurrentPos{779.1}AimPos{710}
2023-03-31 21:46:48,364 [AppLog] INFO : X方向运动开始：DEM_Run：返回值{True}nAxis{0}DirFlag{False}nSpeed{50000}MoveStep{-69100}nCtlValue{2}
2023-03-31 21:46:49,831 [AppLog] INFO : X方向到位停止：DEM_StopAxisRun：返回值{True}CurrentPos{713.48}bImmeStop{False}nAxisMask{1}
2023-03-31 21:46:50,907 [AppLog] INFO : 结束自动清洗过程：AutoCleanThread
2023-03-31 21:46:54,417 [AppLog] INFO : 手动停止自动清洗过程：AutoCleanBtn_Click
2023-03-31 21:46:55,010 [AppLog] INFO : 手动开启自动清洗过程：AutoCleanBtn_Click
2023-03-31 21:46:55,010 [AppLog] INFO : 进入自动清洗过程：AutoCleanThread
2023-03-31 21:46:56,554 [AppLog] INFO : 刮墨轴回零成功：motionMap.SetBackSpreaderAxis(4, 1, 2, -SinkPosition)
2023-03-31 21:46:56,554 [AppLog] INFO : 准备读取编码器位置：Y方向！
2023-03-31 21:46:56,554 [AppLog] INFO : 准备运动，编码器当前位置：DEM_GetAxisEncodeVal：MoveDirectionFlag{false为Y方向：True}CurrentPos{121.005}AimPos{121}
2023-03-31 21:46:56,586 [AppLog] INFO : Y方向运动开始：DEM_Run：返回值{True}nAxis{1}DirFlag{False}nSpeed{50000}MoveStep{-4.99999999999545}nCtlValue{0}
2023-03-31 21:46:56,586 [AppLog] INFO : Y方向到位停止：DEM_StopAxisRun：返回值{True}CurrentPos{121.005}bImmeStop{False}nAxisMask{2}
2023-03-31 21:46:56,586 [AppLog] INFO : 准备读取编码器位置：X方向！
2023-03-31 21:46:56,586 [AppLog] INFO : 准备运动，当前位置：DEV_GetPrintEncoderValue：MoveDirectionFlag{false为Y方向：False}CurrentPos{710.89}AimPos{710}
2023-03-31 21:46:56,632 [AppLog] INFO : X方向运动开始：DEM_Run：返回值{True}nAxis{0}DirFlag{False}nSpeed{50000}MoveStep{-889.999999999986}nCtlValue{2}
2023-03-31 21:46:56,710 [AppLog] INFO : X方向到位停止：DEM_StopAxisRun：返回值{True}CurrentPos{710.89}bImmeStop{False}nAxisMask{1}
2023-03-31 21:46:57,553 [AppLog] INFO : 开启压墨： motionMap.SetDo(13, true)
2023-03-31 21:47:00,564 [AppLog] INFO : 关闭压墨： motionMap.SetDo(13, true)
2023-03-31 21:47:00,579 [AppLog] INFO : 开启闪喷： IDP_FlashPrtCtl(true)：ReturnCode{True}
2023-03-31 21:47:00,579 [AppLog] INFO : 准备读取编码器位置：X方向！
2023-03-31 21:47:00,579 [AppLog] INFO : 准备运动，当前位置：DEV_GetPrintEncoderValue：MoveDirectionFlag{false为Y方向：False}CurrentPos{710.07}AimPos{780}
2023-03-31 21:47:00,610 [AppLog] INFO : X方向运动开始：DEM_Run：返回值{True}nAxis{0}DirFlag{True}nSpeed{50000}MoveStep{69930}nCtlValue{2}
2023-03-31 21:47:02,077 [AppLog] INFO : X方向到位停止：DEM_StopAxisRun：返回值{True}CurrentPos{775.745}bImmeStop{False}nAxisMask{1}
2023-03-31 21:47:02,404 [AppLog] INFO : 准备读取编码器位置：X方向！
2023-03-31 21:47:02,404 [AppLog] INFO : 准备运动，当前位置：DEV_GetPrintEncoderValue：MoveDirectionFlag{false为Y方向：False}CurrentPos{779.04}AimPos{710}
2023-03-31 21:47:02,436 [AppLog] INFO : X方向运动开始：DEM_Run：返回值{True}nAxis{0}DirFlag{False}nSpeed{50000}MoveStep{-69040}nCtlValue{2}
2023-03-31 21:47:03,886 [AppLog] INFO : X方向到位停止：DEM_StopAxisRun：返回值{True}CurrentPos{714.185}bImmeStop{False}nAxisMask{1}
2023-03-31 21:47:04,963 [AppLog] INFO : 结束自动清洗过程：AutoCleanThread
2023-03-31 21:47:06,772 [AppLog] INFO : 手动停止自动清洗过程：AutoCleanBtn_Click
2023-03-31 21:47:07,521 [AppLog] INFO : 手动开启自动清洗过程：AutoCleanBtn_Click
2023-03-31 21:47:07,521 [AppLog] INFO : 进入自动清洗过程：AutoCleanThread
2023-03-31 21:47:09,066 [AppLog] INFO : 刮墨轴回零成功：motionMap.SetBackSpreaderAxis(4, 1, 2, -SinkPosition)
2023-03-31 21:47:09,066 [AppLog] INFO : 准备读取编码器位置：Y方向！
2023-03-31 21:47:09,066 [AppLog] INFO : 准备运动，编码器当前位置：DEM_GetAxisEncodeVal：MoveDirectionFlag{false为Y方向：True}CurrentPos{121}AimPos{121}
2023-03-31 21:47:09,066 [AppLog] INFO : Y方向运动开始：DEM_Run：返回值{True}nAxis{1}DirFlag{False}nSpeed{50000}MoveStep{0}nCtlValue{0}
2023-03-31 21:47:09,066 [AppLog] INFO : Y方向到位停止：DEM_StopAxisRun：返回值{True}CurrentPos{121}bImmeStop{False}nAxisMask{2}
2023-03-31 21:47:09,066 [AppLog] INFO : 准备读取编码器位置：X方向！
2023-03-31 21:47:09,066 [AppLog] INFO : 准备运动，当前位置：DEV_GetPrintEncoderValue：MoveDirectionFlag{false为Y方向：False}CurrentPos{710.885}AimPos{710}
2023-03-31 21:47:09,097 [AppLog] INFO : X方向运动开始：DEM_Run：返回值{True}nAxis{0}DirFlag{False}nSpeed{50000}MoveStep{-884.999999999991}nCtlValue{2}
2023-03-31 21:47:09,175 [AppLog] INFO : X方向到位停止：DEM_StopAxisRun：返回值{True}CurrentPos{710.885}bImmeStop{False}nAxisMask{1}
2023-03-31 21:47:10,017 [AppLog] INFO : 开启压墨： motionMap.SetDo(13, true)
2023-03-31 21:47:13,028 [AppLog] INFO : 关闭压墨： motionMap.SetDo(13, true)
2023-03-31 21:47:13,044 [AppLog] INFO : 开启闪喷： IDP_FlashPrtCtl(true)：ReturnCode{True}
2023-03-31 21:47:13,044 [AppLog] INFO : 准备读取编码器位置：X方向！
2023-03-31 21:47:13,044 [AppLog] INFO : 准备运动，当前位置：DEV_GetPrintEncoderValue：MoveDirectionFlag{false为Y方向：False}CurrentPos{710.085}AimPos{780}
2023-03-31 21:47:13,075 [AppLog] INFO : X方向运动开始：DEM_Run：返回值{True}nAxis{0}DirFlag{True}nSpeed{50000}MoveStep{69915}nCtlValue{2}
2023-03-31 21:47:14,541 [AppLog] INFO : X方向到位停止：DEM_StopAxisRun：返回值{True}CurrentPos{775.745}bImmeStop{False}nAxisMask{1}
2023-03-31 21:47:14,869 [AppLog] INFO : 准备读取编码器位置：X方向！
2023-03-31 21:47:14,869 [AppLog] INFO : 准备运动，当前位置：DEV_GetPrintEncoderValue：MoveDirectionFlag{false为Y方向：False}CurrentPos{779.03}AimPos{710}
2023-03-31 21:47:14,900 [AppLog] INFO : X方向运动开始：DEM_Run：返回值{True}nAxis{0}DirFlag{False}nSpeed{50000}MoveStep{-69030}nCtlValue{2}
2023-03-31 21:47:16,335 [AppLog] INFO : X方向到位停止：DEM_StopAxisRun：返回值{True}CurrentPos{714.835}bImmeStop{False}nAxisMask{1}
2023-03-31 21:47:17,412 [AppLog] INFO : 结束自动清洗过程：AutoCleanThread
