2023-07-23 20:48:56,964 [AppLog] INFO : 软件开机密码正确，登录成功1次
==========================================================================
操作系统:{Microsoft Windows 7 旗舰版 }
运行环境:{ .Net Framework Enviroment Version 4.0.30319.42000}
盘符：D
CPU使用率：{35.9372%} ，可用内存大小:{14113MB}，硬盘剩余空间：
  盘符 C:\ 的剩余空间：70 GB
  盘符 D:\ 的剩余空间：73 GB
硬件配置情况：
  CPU 厂家: GenuineIntel CPU 型号: Intel(R) Core(TM) i7-4770 CPU @ 3.40GHz
  内存条厂家: Kingston 内存条型号: 99P5471-043.A00LF 
  内存条厂家: Kingston 内存条型号: 99P5471-043.A00LF 
  硬盘厂家: (标准磁盘驱动器) 硬盘型号: Micron_1300_MTFDDAK256TDL ATA Device
==========================================================================
2023-07-23 20:48:58,430 [AppLog] INFO : 开启系统：板卡通讯，伺服供电，照明系统，UV/HR固化系统！
2023-07-23 20:48:58,430 [AppLog] INFO : 开启系统：一键启动系统开始！
2023-07-23 20:49:04,530 [AppLog] INFO : 开启系统：一键启动系统结束！
2023-07-23 20:49:04,701 [AppLog] INFO : 创建：AutoPrintMotion0=》初次创建完成-手动操作！
2023-07-23 20:49:04,764 [AppLog] INFO : 初始化喷墨控制器启动！
2023-07-23 20:49:28,538 [AppLog] INFO : 打开喷墨控制器设备成功！
2023-07-23 20:49:28,569 [AppLog] INFO : 输入校准值1次{成功}，打印往返差校准值为：BiDirEncPrtOff{5},分频值{8},打印速度{300mm/s}
2023-07-23 20:49:28,944 [AppLog] INFO : PASS打印前关键状态：DEV_GetDeviceInfo：LPPRINTER_INFO:nXSysEncDPI{5080}nStatus{909129520}nPrintStatus{0}bSuperDevice{1}
LPPRINTER_INFO-LPPrtRunInfo:bJobPrtRuning{False}bLayerPrtIsOver{False}nContReqMemErr{0}nContWDErr{0}nCurPrtDir{0}nDTLayerIndex{0}nDTLayerPassIndex{0}nDTPtrCtlIndex{0}nLayerPassCount{0}nPrintLayerIndex{0}nPrintPassIndex{0}nProcLayerIndex{0}nPrtDataMemAddr{0}nPrtState{0}nReverse{System.Int32[]}nRevPrtCols{0}
LPPRINTER_INFO-LPDRVINFO:nFMVersion{45074}nFpgaVersion{539038216}nPCBVersion{0}nState{0}nNextState{0}nPtvwarnState{0}nCrc32{0}nRevInfo{System.UInt32[]}nSignature{0}
2023-07-23 20:49:45,995 [AppLog] INFO : 初始化喷墨控制器成功！
2023-07-23 20:49:45,995 [AppLog] INFO : 进入：EquipmentMotionLogic3=》准备创建对象-手动操作！
2023-07-23 20:49:46,026 [AppLog] INFO : 进入：EquipmentMotionLogic3=》创建完成-手动操作！
2023-07-23 20:49:46,166 [AppLog] INFO : 红外灯控制器485通讯建立！
2023-07-23 20:49:46,166 [AppLog] INFO : 进入电气控制模块
2023-07-23 20:49:47,508 [AppLog] INFO : 电气控制模块：手动打开端口14
2023-07-23 20:49:48,756 [AppLog] INFO : 电气控制模块：手动打开端口15
2023-07-23 20:49:49,629 [AppLog] INFO : 退出电气控制模块
2023-07-23 20:49:51,221 [AppLog] INFO : 进入手动调试子模块！
2023-07-23 20:49:51,221 [AppLog] INFO : 进入：ManulBtn_Click=》准备创建对象-手动操作！
2023-07-23 20:49:51,236 [AppLog] INFO : 创建：ManualControl=》创建完成-手动操作！
2023-07-23 20:49:51,236 [AppLog] INFO : 加载成功：温控Modbus接口！
2023-07-23 20:49:55,745 [AppLog] INFO : 手动正向点动指令（8轴运控板卡系统） ====》：输出AXIS{第1轴},点动量{1.5MM},运动速度{2MM/s}
2023-07-23 20:49:57,102 [AppLog] INFO : 手动正向点动指令（8轴运控板卡系统） ====》：输出AXIS{第1轴},点动量{1.5MM},运动速度{2MM/s}
2023-07-23 20:49:57,726 [AppLog] INFO : 切换为JOG模式====》：输出AXIS{第1轴}
2023-07-23 20:49:58,615 [AppLog] INFO : 手动正向JOG指令（8轴运控板卡系统） ====》：输出AXIS{第1轴},运动速度{2MM/s}
2023-07-23 20:50:04,902 [AppLog] INFO : 手动停止JOG输出（8轴运控板卡系统） ====》：输出AXIS{第1轴}
2023-07-23 20:50:05,370 [AppLog] INFO : 手动正向JOG指令（8轴运控板卡系统） ====》：输出AXIS{第1轴},运动速度{2MM/s}
2023-07-23 20:50:09,629 [AppLog] INFO : 手动停止JOG输出（8轴运控板卡系统） ====》：输出AXIS{第1轴}
2023-07-23 20:50:11,157 [AppLog] INFO : 手动正向JOG指令（8轴运控板卡系统） ====》：输出AXIS{第1轴},运动速度{2MM/s}
2023-07-23 20:50:11,313 [AppLog] INFO : 手动停止JOG输出（8轴运控板卡系统） ====》：输出AXIS{第1轴}
2023-07-23 20:50:12,374 [AppLog] INFO : 手动正向JOG指令（8轴运控板卡系统） ====》：输出AXIS{第1轴},运动速度{2MM/s}
2023-07-23 20:50:13,950 [AppLog] INFO : 手动停止JOG输出（8轴运控板卡系统） ====》：输出AXIS{第1轴}
2023-07-23 20:50:15,931 [AppLog] INFO : 手动正向JOG指令（8轴运控板卡系统） ====》：输出AXIS{第1轴},运动速度{2MM/s}
2023-07-23 20:50:19,207 [AppLog] INFO : 手动停止JOG输出（8轴运控板卡系统） ====》：输出AXIS{第1轴}
2023-07-23 20:50:25,213 [AppLog] INFO : 退出手动调试子模块,已执行修改
==========================================================================
2023-07-23 20:50:26,430 [AppLog] INFO : 进入电气控制模块
2023-07-23 20:50:27,085 [AppLog] INFO : 电气控制模块：手动关闭端口15
2023-07-23 20:50:29,051 [AppLog] INFO : 电气控制模块：手动关闭端口14
2023-07-23 20:50:29,955 [AppLog] INFO : 电气控制模块：手动打开端口14
2023-07-23 20:50:30,595 [AppLog] INFO : 电气控制模块：手动关闭端口14
2023-07-23 20:50:31,734 [AppLog] INFO : 电气控制模块：手动打开端口15
2023-07-23 20:50:32,233 [AppLog] INFO : 电气控制模块：手动关闭端口15
2023-07-23 20:50:33,263 [AppLog] INFO : 退出电气控制模块
2023-07-23 20:50:34,386 [AppLog] INFO : 进入手动调试子模块！
2023-07-23 20:50:34,386 [AppLog] INFO : 进入：ManulBtn_Click=》准备创建对象-手动操作！
2023-07-23 20:50:34,417 [AppLog] INFO : 创建：ManualControl=》创建完成-手动操作！
2023-07-23 20:50:34,417 [AppLog] INFO : 加载成功：温控Modbus接口！
2023-07-23 20:50:37,771 [AppLog] INFO : 手动正向点动指令（8轴运控板卡系统） ====》：输出AXIS{第1轴},点动量{1.5MM},运动速度{2MM/s}
2023-07-23 20:50:42,732 [AppLog] INFO : 手动正向点动指令（8轴运控板卡系统） ====》：输出AXIS{第1轴},点动量{1.5MM},运动速度{2MM/s}
2023-07-23 20:50:49,830 [AppLog] INFO : 手动负向点动指令（8轴运控板卡系统） ====》：输出AXIS{第1轴},点动量{1.5MM},运动速度{2MM/s}
2023-07-23 20:50:51,483 [AppLog] INFO : 手动负向点动指令（8轴运控板卡系统） ====》：输出AXIS{第1轴},点动量{1.5MM},运动速度{2MM/s}
2023-07-23 20:50:53,184 [AppLog] INFO : 手动负向点动指令（8轴运控板卡系统） ====》：输出AXIS{第1轴},点动量{1.5MM},运动速度{2MM/s}
2023-07-23 20:50:54,089 [AppLog] INFO : 手动负向点动指令（8轴运控板卡系统） ====》：输出AXIS{第1轴},点动量{1.5MM},运动速度{2MM/s}
2023-07-23 20:51:02,263 [AppLog] INFO : 退出手动调试子模块,已执行修改
==========================================================================
2023-07-23 20:51:03,183 [AppLog] INFO : 进入电气控制模块
2023-07-23 20:51:04,728 [AppLog] INFO : 电气控制模块：手动打开端口14
2023-07-23 20:51:05,461 [AppLog] INFO : 电气控制模块：手动打开端口15
2023-07-23 20:51:06,304 [AppLog] INFO : 退出电气控制模块
2023-07-23 20:51:07,754 [AppLog] INFO : 进入手动调试子模块！
2023-07-23 20:51:07,754 [AppLog] INFO : 进入：ManulBtn_Click=》准备创建对象-手动操作！
2023-07-23 20:51:07,786 [AppLog] INFO : 创建：ManualControl=》创建完成-手动操作！
2023-07-23 20:51:07,786 [AppLog] INFO : 加载成功：温控Modbus接口！
2023-07-23 20:51:16,100 [AppLog] INFO : 手动正向点动指令（8轴运控板卡系统） ====》：输出AXIS{第1轴},点动量{1.5MM},运动速度{1MM/s}
2023-07-23 20:51:17,629 [AppLog] INFO : 手动正向点动指令（8轴运控板卡系统） ====》：输出AXIS{第1轴},点动量{1.5MM},运动速度{1MM/s}
2023-07-23 20:51:19,158 [AppLog] INFO : 手动正向点动指令（8轴运控板卡系统） ====》：输出AXIS{第1轴},点动量{1.5MM},运动速度{1MM/s}
2023-07-23 20:51:21,451 [AppLog] INFO : 手动正向点动指令（8轴运控板卡系统） ====》：输出AXIS{第1轴},点动量{1.5MM},运动速度{1MM/s}
2023-07-23 20:51:24,462 [AppLog] INFO : 手动正向点动指令（8轴运控板卡系统） ====》：输出AXIS{第1轴},点动量{1.5MM},运动速度{1MM/s}
2023-07-23 20:51:25,991 [AppLog] INFO : 手动正向点动指令（8轴运控板卡系统） ====》：输出AXIS{第1轴},点动量{1.5MM},运动速度{1MM/s}
2023-07-23 20:51:32,777 [AppLog] INFO : 手动正向点动指令（8轴运控板卡系统） ====》：输出AXIS{第1轴},点动量{1.5MM},运动速度{1MM/s}
2023-07-23 20:51:35,429 [AppLog] INFO : 手动正向点动指令（8轴运控板卡系统） ====》：输出AXIS{第1轴},点动量{1.5MM},运动速度{1MM/s}
2023-07-23 20:51:37,675 [AppLog] INFO : 手动正向点动指令（8轴运控板卡系统） ====》：输出AXIS{第1轴},点动量{1.5MM},运动速度{1MM/s}
2023-07-23 20:51:39,204 [AppLog] INFO : 手动正向点动指令（8轴运控板卡系统） ====》：输出AXIS{第1轴},点动量{1.5MM},运动速度{1MM/s}
2023-07-23 20:51:44,258 [AppLog] INFO : 手动正向点动指令（8轴运控板卡系统） ====》：输出AXIS{第1轴},点动量{1.5MM},运动速度{1MM/s}
2023-07-23 20:51:49,172 [AppLog] INFO : 手动负向点动指令（8轴运控板卡系统） ====》：输出AXIS{第1轴},点动量{1.5MM},运动速度{1MM/s}
2023-07-23 20:51:50,186 [AppLog] INFO : 切换为JOG模式====》：输出AXIS{第1轴}
2023-07-23 20:51:51,200 [AppLog] INFO : 手动正向JOG指令（8轴运控板卡系统） ====》：输出AXIS{第1轴},运动速度{1MM/s}
2023-07-23 20:51:52,573 [AppLog] INFO : 手动停止JOG输出（8轴运控板卡系统） ====》：输出AXIS{第1轴}
2023-07-23 20:51:53,010 [AppLog] INFO : 手动正向JOG指令（8轴运控板卡系统） ====》：输出AXIS{第1轴},运动速度{1MM/s}
2023-07-23 20:51:55,537 [AppLog] INFO : 手动停止JOG输出（8轴运控板卡系统） ====》：输出AXIS{第1轴}
2023-07-23 20:51:56,005 [AppLog] INFO : 手动正向JOG指令（8轴运控板卡系统） ====》：输出AXIS{第1轴},运动速度{1MM/s}
2023-07-23 20:51:56,754 [AppLog] INFO : 手动停止JOG输出（8轴运控板卡系统） ====》：输出AXIS{第1轴}
2023-07-23 20:51:59,578 [AppLog] INFO : 手动正向JOG指令（8轴运控板卡系统） ====》：输出AXIS{第1轴},运动速度{1MM/s}
2023-07-23 20:52:00,670 [AppLog] INFO : 手动停止JOG输出（8轴运控板卡系统） ====》：输出AXIS{第1轴}
2023-07-23 20:52:03,478 [AppLog] INFO : 手动正向JOG指令（8轴运控板卡系统） ====》：输出AXIS{第1轴},运动速度{1MM/s}
2023-07-23 20:52:05,693 [AppLog] INFO : 手动停止JOG输出（8轴运控板卡系统） ====》：输出AXIS{第1轴}
2023-07-23 20:52:10,108 [AppLog] INFO : 切换为点动模式====》：输出AXIS{第1轴}
2023-07-23 20:52:13,867 [AppLog] INFO : 手动正向点动指令（8轴运控板卡系统） ====》：输出AXIS{第1轴},点动量{1.5MM},运动速度{2MM/s}
2023-07-23 20:52:17,674 [AppLog] INFO : 退出手动调试子模块,已执行修改
==========================================================================
2023-07-23 20:52:18,656 [AppLog] INFO : 进入电气控制模块
2023-07-23 20:52:19,858 [AppLog] INFO : 电气控制模块：手动关闭端口14
2023-07-23 20:52:20,248 [AppLog] INFO : 电气控制模块：手动打开端口14
2023-07-23 20:52:21,215 [AppLog] INFO : 电气控制模块：手动关闭端口15
2023-07-23 20:52:21,589 [AppLog] INFO : 电气控制模块：手动打开端口15
2023-07-23 20:52:22,400 [AppLog] INFO : 退出电气控制模块
2023-07-23 20:52:23,617 [AppLog] INFO : 进入电气控制模块
2023-07-23 20:52:25,052 [AppLog] INFO : 退出电气控制模块
2023-07-23 20:52:25,895 [AppLog] INFO : 进入手动调试子模块！
2023-07-23 20:52:25,895 [AppLog] INFO : 进入：ManulBtn_Click=》准备创建对象-手动操作！
2023-07-23 20:52:25,926 [AppLog] INFO : 创建：ManualControl=》创建完成-手动操作！
2023-07-23 20:52:25,926 [AppLog] INFO : 加载成功：温控Modbus接口！
2023-07-23 20:52:28,999 [AppLog] INFO : 手动正向点动指令（8轴运控板卡系统） ====》：输出AXIS{第1轴},点动量{1.5MM},运动速度{2MM/s}
2023-07-23 20:52:34,553 [AppLog] INFO : 手动正向点动指令（8轴运控板卡系统） ====》：输出AXIS{第1轴},点动量{1.5MM},运动速度{2MM/s}
2023-07-23 20:52:55,051 [AppLog] INFO : 手动正向点动指令（8轴运控板卡系统） ====》：输出AXIS{第1轴},点动量{1.5MM},运动速度{2MM/s}
2023-07-23 20:52:56,424 [AppLog] INFO : 手动正向点动指令（8轴运控板卡系统） ====》：输出AXIS{第1轴},点动量{1.5MM},运动速度{2MM/s}
2023-07-23 20:52:57,703 [AppLog] INFO : 手动正向点动指令（8轴运控板卡系统） ====》：输出AXIS{第1轴},点动量{1.5MM},运动速度{2MM/s}
2023-07-23 20:52:59,794 [AppLog] INFO : 切换为JOG模式====》：输出AXIS{第1轴}
2023-07-23 20:53:01,229 [AppLog] INFO : 手动正向JOG指令（8轴运控板卡系统） ====》：输出AXIS{第1轴},运动速度{2MM/s}
2023-07-23 20:53:03,241 [AppLog] INFO : 手动停止JOG输出（8轴运控板卡系统） ====》：输出AXIS{第1轴}
2023-07-23 20:53:03,787 [AppLog] INFO : 手动正向JOG指令（8轴运控板卡系统） ====》：输出AXIS{第1轴},运动速度{2MM/s}
2023-07-23 20:53:04,786 [AppLog] INFO : 手动停止JOG输出（8轴运控板卡系统） ====》：输出AXIS{第1轴}
2023-07-23 20:53:07,110 [AppLog] INFO : 手动负向JOG指令（8轴运控板卡系统） ====》：输出AXIS{第1轴},运动速度{2MM/s}
2023-07-23 20:53:08,218 [AppLog] INFO : 手动停止JOG输出（8轴运控板卡系统） ====》：输出AXIS{第1轴}
2023-07-23 20:53:10,074 [AppLog] INFO : 手动负向JOG指令（8轴运控板卡系统） ====》：输出AXIS{第1轴},运动速度{2MM/s}
2023-07-23 20:53:13,225 [AppLog] INFO : 手动停止JOG输出（8轴运控板卡系统） ====》：输出AXIS{第1轴}
2023-07-23 20:53:16,626 [AppLog] INFO : 手动正向JOG指令（8轴运控板卡系统） ====》：输出AXIS{第1轴},运动速度{2MM/s}
2023-07-23 20:53:23,506 [AppLog] INFO : 手动停止JOG输出（8轴运控板卡系统） ====》：输出AXIS{第1轴}
2023-07-23 20:53:34,597 [AppLog] INFO : 手动正向JOG指令（8轴运控板卡系统） ====》：输出AXIS{第1轴},运动速度{2MM/s}
2023-07-23 20:53:34,785 [AppLog] INFO : 手动停止JOG输出（8轴运控板卡系统） ====》：输出AXIS{第1轴}
2023-07-23 20:53:35,549 [AppLog] INFO : 手动正向JOG指令（8轴运控板卡系统） ====》：输出AXIS{第1轴},运动速度{2MM/s}
2023-07-23 20:53:38,310 [AppLog] INFO : 手动停止JOG输出（8轴运控板卡系统） ====》：输出AXIS{第1轴}
2023-07-23 20:53:40,167 [AppLog] INFO : 退出手动调试子模块,已执行修改
==========================================================================
2023-07-23 20:53:43,380 [AppLog] INFO : 进入电气控制模块
2023-07-23 20:53:44,238 [AppLog] INFO : 电气控制模块：手动关闭端口15
2023-07-23 20:53:45,346 [AppLog] INFO : 电气控制模块：手动关闭端口14
2023-07-23 20:53:46,017 [AppLog] INFO : 退出电气控制模块
2023-07-23 20:53:46,968 [AppLog] INFO : 进入手动调试子模块！
2023-07-23 20:53:46,968 [AppLog] INFO : 进入：ManulBtn_Click=》准备创建对象-手动操作！
2023-07-23 20:53:46,999 [AppLog] INFO : 创建：ManualControl=》创建完成-手动操作！
2023-07-23 20:53:46,999 [AppLog] INFO : 加载成功：温控Modbus接口！
2023-07-23 20:53:49,745 [AppLog] INFO : 手动正向点动指令（8轴运控板卡系统） ====》：输出AXIS{第1轴},点动量{1.5MM},运动速度{2MM/s}
2023-07-23 20:53:50,775 [AppLog] INFO : 手动正向点动指令（8轴运控板卡系统） ====》：输出AXIS{第1轴},点动量{1.5MM},运动速度{2MM/s}
2023-07-23 20:53:51,570 [AppLog] INFO : 手动正向点动指令（8轴运控板卡系统） ====》：输出AXIS{第1轴},点动量{1.5MM},运动速度{2MM/s}
2023-07-23 20:53:52,116 [AppLog] INFO : 切换为JOG模式====》：输出AXIS{第1轴}
2023-07-23 20:53:52,771 [AppLog] INFO : 手动正向JOG指令（8轴运控板卡系统） ====》：输出AXIS{第1轴},运动速度{2MM/s}
2023-07-23 20:53:52,803 [AppLog] INFO : 手动停止JOG输出（8轴运控板卡系统） ====》：输出AXIS{第1轴}
2023-07-23 20:53:53,770 [AppLog] INFO : 手动正向JOG指令（8轴运控板卡系统） ====》：输出AXIS{第1轴},运动速度{2MM/s}
2023-07-23 20:53:56,172 [AppLog] INFO : 手动停止JOG输出（8轴运控板卡系统） ====》：输出AXIS{第1轴}
2023-07-23 20:53:57,561 [AppLog] INFO : 退出手动调试子模块,已执行修改
==========================================================================
2023-07-23 20:53:58,325 [AppLog] INFO : 进入电气控制模块
2023-07-23 20:53:59,932 [AppLog] INFO : 电气控制模块：手动打开端口14
2023-07-23 20:54:01,788 [AppLog] INFO : 退出电气控制模块
2023-07-23 20:54:02,989 [AppLog] INFO : 进入手动调试子模块！
2023-07-23 20:54:02,989 [AppLog] INFO : 进入：ManulBtn_Click=》准备创建对象-手动操作！
2023-07-23 20:54:03,021 [AppLog] INFO : 创建：ManualControl=》创建完成-手动操作！
2023-07-23 20:54:03,021 [AppLog] INFO : 加载成功：温控Modbus接口！
2023-07-23 20:54:06,016 [AppLog] INFO : 手动正向点动指令（8轴运控板卡系统） ====》：输出AXIS{第1轴},点动量{1.5MM},运动速度{2MM/s}
2023-07-23 20:54:07,030 [AppLog] INFO : 手动正向点动指令（8轴运控板卡系统） ====》：输出AXIS{第1轴},点动量{1.5MM},运动速度{2MM/s}
2023-07-23 20:54:07,935 [AppLog] INFO : 切换为JOG模式====》：输出AXIS{第1轴}
2023-07-23 20:54:08,652 [AppLog] INFO : 手动正向JOG指令（8轴运控板卡系统） ====》：输出AXIS{第1轴},运动速度{2MM/s}
2023-07-23 20:54:11,569 [AppLog] INFO : 手动停止JOG输出（8轴运控板卡系统） ====》：输出AXIS{第1轴}
2023-07-23 20:54:12,069 [AppLog] INFO : 手动正向JOG指令（8轴运控板卡系统） ====》：输出AXIS{第1轴},运动速度{2MM/s}
2023-07-23 20:54:12,599 [AppLog] INFO : 手动停止JOG输出（8轴运控板卡系统） ====》：输出AXIS{第1轴}
2023-07-23 20:54:13,863 [AppLog] INFO : 手动负向JOG指令（8轴运控板卡系统） ====》：输出AXIS{第1轴},运动速度{2MM/s}
2023-07-23 20:54:26,655 [AppLog] INFO : 手动停止JOG输出（8轴运控板卡系统） ====》：输出AXIS{第1轴}
2023-07-23 20:55:44,327 [AppLog] INFO : 手动正向JOG指令（8轴运控板卡系统） ====》：输出AXIS{第1轴},运动速度{2MM/s}
2023-07-23 20:55:46,262 [AppLog] INFO : 手动停止JOG输出（8轴运控板卡系统） ====》：输出AXIS{第1轴}
2023-07-23 20:55:46,667 [AppLog] INFO : 手动正向JOG指令（8轴运控板卡系统） ====》：输出AXIS{第1轴},运动速度{2MM/s}
2023-07-23 20:55:46,839 [AppLog] INFO : 手动停止JOG输出（8轴运控板卡系统） ====》：输出AXIS{第1轴}
2023-07-23 20:55:46,901 [AppLog] INFO : 手动正向JOG指令（8轴运控板卡系统） ====》：输出AXIS{第1轴},运动速度{2MM/s}
2023-07-23 20:55:47,088 [AppLog] INFO : 手动停止JOG输出（8轴运控板卡系统） ====》：输出AXIS{第1轴}
2023-07-23 20:55:49,413 [AppLog] INFO : 退出手动调试子模块,已执行修改
==========================================================================
2023-07-23 20:55:51,581 [AppLog] INFO : 进入电气控制模块
2023-07-23 20:55:52,533 [AppLog] INFO : 电气控制模块：手动打开端口15
2023-07-23 20:55:53,656 [AppLog] INFO : 电气控制模块：手动关闭端口14
2023-07-23 20:55:54,155 [AppLog] INFO : 电气控制模块：手动打开端口14
2023-07-23 20:55:56,620 [AppLog] INFO : 电气控制模块：手动关闭端口15
2023-07-23 20:55:57,010 [AppLog] INFO : 电气控制模块：手动打开端口15
2023-07-23 20:55:58,040 [AppLog] INFO : 退出电气控制模块
2023-07-23 20:55:59,412 [AppLog] INFO : 进入手动调试子模块！
2023-07-23 20:55:59,412 [AppLog] INFO : 进入：ManulBtn_Click=》准备创建对象-手动操作！
2023-07-23 20:55:59,444 [AppLog] INFO : 创建：ManualControl=》创建完成-手动操作！
2023-07-23 20:55:59,444 [AppLog] INFO : 加载成功：温控Modbus接口！
2023-07-23 20:56:01,440 [AppLog] INFO : 切换为JOG模式====》：输出AXIS{第1轴}
2023-07-23 20:56:02,142 [AppLog] INFO : 手动负向JOG指令（8轴运控板卡系统） ====》：输出AXIS{第1轴},运动速度{2MM/s}
2023-07-23 20:56:19,334 [AppLog] INFO : 手动停止JOG输出（8轴运控板卡系统） ====》：输出AXIS{第1轴}
2023-07-23 20:56:19,692 [AppLog] INFO : 手动负向JOG指令（8轴运控板卡系统） ====》：输出AXIS{第1轴},运动速度{2MM/s}
2023-07-23 20:56:20,972 [AppLog] INFO : 手动停止JOG输出（8轴运控板卡系统） ====》：输出AXIS{第1轴}
2023-07-23 20:56:27,524 [AppLog] INFO : 手动负向JOG指令（8轴运控板卡系统） ====》：输出AXIS{第1轴},运动速度{2MM/s}
2023-07-23 20:56:31,080 [AppLog] INFO : 手动停止JOG输出（8轴运控板卡系统） ====》：输出AXIS{第1轴}
2023-07-23 20:56:32,204 [AppLog] INFO : 手动负向JOG指令（8轴运控板卡系统） ====》：输出AXIS{第1轴},运动速度{2MM/s}
2023-07-23 20:56:33,015 [AppLog] INFO : 手动停止JOG输出（8轴运控板卡系统） ====》：输出AXIS{第1轴}
2023-07-23 20:56:33,467 [AppLog] INFO : 手动负向JOG指令（8轴运控板卡系统） ====》：输出AXIS{第1轴},运动速度{2MM/s}
2023-07-23 20:56:33,779 [AppLog] INFO : 手动停止JOG输出（8轴运控板卡系统） ====》：输出AXIS{第1轴}
2023-07-23 20:56:35,870 [AppLog] INFO : 手动负向JOG指令（8轴运控板卡系统） ====》：输出AXIS{第1轴},运动速度{2MM/s}
2023-07-23 20:56:36,821 [AppLog] INFO : 手动停止JOG输出（8轴运控板卡系统） ====》：输出AXIS{第1轴}
2023-07-23 20:56:37,118 [AppLog] INFO : 手动负向JOG指令（8轴运控板卡系统） ====》：输出AXIS{第1轴},运动速度{2MM/s}
2023-07-23 20:56:37,539 [AppLog] INFO : 手动停止JOG输出（8轴运控板卡系统） ====》：输出AXIS{第1轴}
2023-07-23 20:56:38,147 [AppLog] INFO : 手动正向JOG指令（8轴运控板卡系统） ====》：输出AXIS{第1轴},运动速度{2MM/s}
2023-07-23 20:56:38,381 [AppLog] INFO : 手动停止JOG输出（8轴运控板卡系统） ====》：输出AXIS{第1轴}
2023-07-23 20:56:38,724 [AppLog] INFO : 手动负向JOG指令（8轴运控板卡系统） ====》：输出AXIS{第1轴},运动速度{2MM/s}
2023-07-23 20:56:38,818 [AppLog] INFO : 手动停止JOG输出（8轴运控板卡系统） ====》：输出AXIS{第1轴}
2023-07-23 20:56:40,316 [AppLog] INFO : 退出手动调试子模块,已执行修改
==========================================================================
2023-07-23 20:56:41,720 [AppLog] INFO : 进入电气控制模块
2023-07-23 20:56:42,453 [AppLog] INFO : 电气控制模块：手动关闭端口15
2023-07-23 20:56:43,592 [AppLog] INFO : 电气控制模块：手动关闭端口14
2023-07-23 20:56:44,637 [AppLog] INFO : 退出电气控制模块
2023-07-23 20:56:45,776 [AppLog] INFO : 进入手动调试子模块！
2023-07-23 20:56:45,776 [AppLog] INFO : 进入：ManulBtn_Click=》准备创建对象-手动操作！
2023-07-23 20:56:45,807 [AppLog] INFO : 创建：ManualControl=》创建完成-手动操作！
2023-07-23 20:56:45,807 [AppLog] INFO : 加载成功：温控Modbus接口！
2023-07-23 20:56:48,100 [AppLog] INFO : 切换为JOG模式====》：输出AXIS{第1轴}
2023-07-23 20:56:49,567 [AppLog] INFO : 手动负向JOG指令（8轴运控板卡系统） ====》：输出AXIS{第1轴},运动速度{2MM/s}
2023-07-23 20:56:49,676 [AppLog] INFO : 手动停止JOG输出（8轴运控板卡系统） ====》：输出AXIS{第1轴}
2023-07-23 20:56:49,691 [AppLog] INFO : 手动负向JOG指令（8轴运控板卡系统） ====》：输出AXIS{第1轴},运动速度{2MM/s}
2023-07-23 20:56:53,279 [AppLog] INFO : 手动停止JOG输出（8轴运控板卡系统） ====》：输出AXIS{第1轴}
2023-07-23 20:56:53,529 [AppLog] INFO : 手动负向JOG指令（8轴运控板卡系统） ====》：输出AXIS{第1轴},运动速度{2MM/s}
2023-07-23 20:56:55,323 [AppLog] INFO : 手动停止JOG输出（8轴运控板卡系统） ====》：输出AXIS{第1轴}
2023-07-23 20:56:55,775 [AppLog] INFO : 手动负向JOG指令（8轴运控板卡系统） ====》：输出AXIS{第1轴},运动速度{2MM/s}
2023-07-23 20:57:01,017 [AppLog] INFO : 手动停止JOG输出（8轴运控板卡系统） ====》：输出AXIS{第1轴}
2023-07-23 20:57:01,391 [AppLog] INFO : 手动负向JOG指令（8轴运控板卡系统） ====》：输出AXIS{第1轴},运动速度{2MM/s}
2023-07-23 20:57:05,681 [AppLog] INFO : 手动停止JOG输出（8轴运控板卡系统） ====》：输出AXIS{第1轴}
2023-07-23 20:57:10,346 [AppLog] INFO : 手动负向JOG指令（8轴运控板卡系统） ====》：输出AXIS{第1轴},运动速度{5MM/s}
2023-07-23 20:57:10,455 [AppLog] INFO : 手动停止JOG输出（8轴运控板卡系统） ====》：输出AXIS{第1轴}
2023-07-23 20:57:11,017 [AppLog] INFO : 手动负向JOG指令（8轴运控板卡系统） ====》：输出AXIS{第1轴},运动速度{5MM/s}
2023-07-23 20:57:13,981 [AppLog] INFO : 手动停止JOG输出（8轴运控板卡系统） ====》：输出AXIS{第1轴}
2023-07-23 20:57:14,246 [AppLog] INFO : 手动负向JOG指令（8轴运控板卡系统） ====》：输出AXIS{第1轴},运动速度{5MM/s}
2023-07-23 20:57:16,040 [AppLog] INFO : 手动停止JOG输出（8轴运控板卡系统） ====》：输出AXIS{第1轴}
2023-07-23 20:57:16,851 [AppLog] INFO : 手动负向JOG指令（8轴运控板卡系统） ====》：输出AXIS{第1轴},运动速度{5MM/s}
2023-07-23 20:57:19,612 [AppLog] INFO : 手动停止JOG输出（8轴运控板卡系统） ====》：输出AXIS{第1轴}
2023-07-23 20:57:22,202 [AppLog] INFO : 退出手动调试子模块,已执行修改
==========================================================================
2023-07-23 20:57:23,169 [AppLog] INFO : 进入电气控制模块
2023-07-23 20:57:24,323 [AppLog] INFO : 退出电气控制模块
2023-07-23 20:57:35,072 [AppLog] INFO : 进入电气控制模块
2023-07-23 20:57:36,289 [AppLog] INFO : 退出电气控制模块
2023-07-23 20:57:37,006 [AppLog] INFO : 进入手动调试子模块！
2023-07-23 20:57:37,006 [AppLog] INFO : 进入：ManulBtn_Click=》准备创建对象-手动操作！
2023-07-23 20:57:37,037 [AppLog] INFO : 创建：ManualControl=》创建完成-手动操作！
2023-07-23 20:57:37,037 [AppLog] INFO : 加载成功：温控Modbus接口！
2023-07-23 20:57:39,377 [AppLog] INFO : 手动负向点动指令（8轴运控板卡系统） ====》：输出AXIS{第1轴},点动量{1.5MM},运动速度{2MM/s}
2023-07-23 20:57:39,580 [AppLog] INFO : 切换为JOG模式====》：输出AXIS{第1轴}
2023-07-23 20:57:40,345 [AppLog] INFO : 手动负向JOG指令（8轴运控板卡系统） ====》：输出AXIS{第1轴},运动速度{2MM/s}
2023-07-23 20:57:46,070 [AppLog] INFO : 手动停止JOG输出（8轴运控板卡系统） ====》：输出AXIS{第1轴}
2023-07-23 20:57:46,850 [AppLog] INFO : 手动负向JOG指令（8轴运控板卡系统） ====》：输出AXIS{第1轴},运动速度{2MM/s}
2023-07-23 20:57:51,623 [AppLog] INFO : 手动停止JOG输出（8轴运控板卡系统） ====》：输出AXIS{第1轴}
2023-07-23 20:57:53,495 [AppLog] INFO : 手动负向JOG指令（8轴运控板卡系统） ====》：输出AXIS{第1轴},运动速度{2MM/s}
2023-07-23 20:57:57,068 [AppLog] INFO : 手动停止JOG输出（8轴运控板卡系统） ====》：输出AXIS{第1轴}
2023-07-23 20:57:57,520 [AppLog] INFO : 手动负向JOG指令（8轴运控板卡系统） ====》：输出AXIS{第1轴},运动速度{2MM/s}
2023-07-23 20:57:59,626 [AppLog] INFO : 手动停止JOG输出（8轴运控板卡系统） ====》：输出AXIS{第1轴}
2023-07-23 20:58:02,762 [AppLog] INFO : 退出手动调试子模块,已执行修改
==========================================================================
2023-07-23 20:58:03,698 [AppLog] INFO : 进入电气控制模块
2023-07-23 20:58:04,509 [AppLog] INFO : 电气控制模块：手动打开端口15
2023-07-23 20:58:05,117 [AppLog] INFO : 电气控制模块：手动关闭端口15
2023-07-23 20:58:06,615 [AppLog] INFO : 电气控制模块：手动打开端口15
2023-07-23 20:58:07,114 [AppLog] INFO : 电气控制模块：手动关闭端口15
2023-07-23 20:58:09,158 [AppLog] INFO : 电气控制模块：手动打开端口14
2023-07-23 20:58:13,541 [AppLog] INFO : 电气控制模块：手动打开端口15
2023-07-23 20:58:14,321 [AppLog] INFO : 退出电气控制模块
2023-07-23 20:58:15,367 [AppLog] INFO : 进入手动调试子模块！
2023-07-23 20:58:15,367 [AppLog] INFO : 进入：ManulBtn_Click=》准备创建对象-手动操作！
2023-07-23 20:58:15,398 [AppLog] INFO : 创建：ManualControl=》创建完成-手动操作！
2023-07-23 20:58:15,398 [AppLog] INFO : 加载成功：温控Modbus接口！
2023-07-23 20:58:17,363 [AppLog] INFO : 切换为JOG模式====》：输出AXIS{第1轴}
2023-07-23 20:58:18,533 [AppLog] INFO : 手动负向JOG指令（8轴运控板卡系统） ====》：输出AXIS{第1轴},运动速度{2MM/s}
2023-07-23 20:58:24,212 [AppLog] INFO : 手动停止JOG输出（8轴运控板卡系统） ====》：输出AXIS{第1轴}
2023-07-23 20:58:32,230 [AppLog] INFO : 手动负向JOG指令（8轴运控板卡系统） ====》：输出AXIS{第1轴},运动速度{2MM/s}
2023-07-23 20:58:35,147 [AppLog] INFO : 手动停止JOG输出（8轴运控板卡系统） ====》：输出AXIS{第1轴}
2023-07-23 20:58:35,366 [AppLog] INFO : 手动负向JOG指令（8轴运控板卡系统） ====》：输出AXIS{第1轴},运动速度{2MM/s}
2023-07-23 20:58:37,877 [AppLog] INFO : 手动停止JOG输出（8轴运控板卡系统） ====》：输出AXIS{第1轴}
2023-07-23 20:58:38,002 [AppLog] INFO : 手动负向JOG指令（8轴运控板卡系统） ====》：输出AXIS{第1轴},运动速度{2MM/s}
2023-07-23 20:58:42,979 [AppLog] INFO : 手动停止JOG输出（8轴运控板卡系统） ====》：输出AXIS{第1轴}
2023-07-23 20:59:00,482 [AppLog] INFO : 手动负向JOG指令（8轴运控板卡系统） ====》：输出AXIS{第1轴},运动速度{2MM/s}
2023-07-23 20:59:02,853 [AppLog] INFO : 手动停止JOG输出（8轴运控板卡系统） ====》：输出AXIS{第1轴}
2023-07-23 20:59:03,181 [AppLog] INFO : 手动负向JOG指令（8轴运控板卡系统） ====》：输出AXIS{第1轴},运动速度{2MM/s}
2023-07-23 20:59:04,460 [AppLog] INFO : 手动停止JOG输出（8轴运控板卡系统） ====》：输出AXIS{第1轴}
2023-07-23 20:59:05,224 [AppLog] INFO : 手动负向JOG指令（8轴运控板卡系统） ====》：输出AXIS{第1轴},运动速度{2MM/s}
2023-07-23 20:59:07,268 [AppLog] INFO : 手动停止JOG输出（8轴运控板卡系统） ====》：输出AXIS{第1轴}
2023-07-23 20:59:07,471 [AppLog] INFO : 手动负向JOG指令（8轴运控板卡系统） ====》：输出AXIS{第1轴},运动速度{2MM/s}
2023-07-23 20:59:08,017 [AppLog] INFO : 手动停止JOG输出（8轴运控板卡系统） ====》：输出AXIS{第1轴}
2023-07-23 20:59:10,622 [AppLog] INFO : 手动负向JOG指令（8轴运控板卡系统） ====》：输出AXIS{第1轴},运动速度{2MM/s}
2023-07-23 20:59:12,213 [AppLog] INFO : 手动停止JOG输出（8轴运控板卡系统） ====》：输出AXIS{第1轴}
2023-07-23 20:59:14,070 [AppLog] INFO : 退出手动调试子模块,已执行修改
==========================================================================
2023-07-23 20:59:15,162 [AppLog] INFO : 进入电气控制模块
2023-07-23 20:59:19,062 [AppLog] INFO : 电气控制模块：手动关闭端口14
2023-07-23 20:59:20,356 [AppLog] INFO : 电气控制模块：手动打开端口14
2023-07-23 20:59:28,546 [AppLog] INFO : 电气控制模块：手动关闭端口14
2023-07-23 20:59:35,348 [AppLog] INFO : 退出电气控制模块
2023-07-23 20:59:36,705 [AppLog] INFO : 进入手动调试子模块！
2023-07-23 20:59:36,705 [AppLog] INFO : 进入：ManulBtn_Click=》准备创建对象-手动操作！
2023-07-23 20:59:36,736 [AppLog] INFO : 创建：ManualControl=》创建完成-手动操作！
2023-07-23 20:59:36,736 [AppLog] INFO : 加载成功：温控Modbus接口！
2023-07-23 20:59:38,234 [AppLog] INFO : 切换为JOG模式====》：输出AXIS{第1轴}
2023-07-23 20:59:39,076 [AppLog] INFO : 手动负向JOG指令（8轴运控板卡系统） ====》：输出AXIS{第1轴},运动速度{2MM/s}
2023-07-23 20:59:43,522 [AppLog] INFO : 手动停止JOG输出（8轴运控板卡系统） ====》：输出AXIS{第1轴}
2023-07-23 20:59:44,458 [AppLog] INFO : 手动负向JOG指令（8轴运控板卡系统） ====》：输出AXIS{第1轴},运动速度{2MM/s}
2023-07-23 20:59:49,466 [AppLog] INFO : 手动停止JOG输出（8轴运控板卡系统） ====》：输出AXIS{第1轴}
2023-07-23 20:59:49,762 [AppLog] INFO : 手动负向JOG指令（8轴运控板卡系统） ====》：输出AXIS{第1轴},运动速度{2MM/s}
2023-07-23 20:59:50,667 [AppLog] INFO : 手动停止JOG输出（8轴运控板卡系统） ====》：输出AXIS{第1轴}
2023-07-23 20:59:54,068 [AppLog] INFO : 手动负向JOG指令（8轴运控板卡系统） ====》：输出AXIS{第1轴},运动速度{2MM/s}
2023-07-23 20:59:54,208 [AppLog] INFO : 手动停止JOG输出（8轴运控板卡系统） ====》：输出AXIS{第1轴}
2023-07-23 20:59:54,630 [AppLog] INFO : 手动负向JOG指令（8轴运控板卡系统） ====》：输出AXIS{第1轴},运动速度{2MM/s}
2023-07-23 20:59:54,692 [AppLog] INFO : 手动停止JOG输出（8轴运控板卡系统） ====》：输出AXIS{第1轴}
