2024-01-26 12:28:04,362 [AppLog] INFO : 软件开机密码正确，登录成功1次
==========================================================================
操作系统:{Microsoft Windows 7 旗舰版 }
运行环境:{ .Net Framework Enviroment Version 4.0.30319.42000}
盘符：D
CPU使用率：{42.85688%} ，可用内存大小:{14374MB}，硬盘剩余空间：
  盘符 C:\ 的剩余空间：70 GB
  盘符 D:\ 的剩余空间：31 GB
硬件配置情况：
  CPU 厂家: GenuineIntel CPU 型号: Intel(R) Core(TM) i7-4770 CPU @ 3.40GHz
  内存条厂家: Kingston 内存条型号: 99P5471-043.A00LF 
  内存条厂家: Kingston 内存条型号: 99P5471-043.A00LF 
  硬盘厂家: (标准磁盘驱动器) 硬盘型号: Micron_1300_MTFDDAK256TDL ATA Device
==========================================================================
2024-01-26 12:28:07,373 [AppLog] INFO : 进入手动调试子模块！
2024-01-26 12:28:07,373 [AppLog] INFO : 进入：ManulBtn_Click=》准备创建对象-手动操作！
2024-01-26 12:28:07,576 [AppLog] INFO : 创建：ManualControl=》创建完成-手动操作！
2024-01-26 12:28:09,401 [AppLog] INFO : 退出手动调试子模块，未执行修改
==========================================================================
2024-01-26 12:28:10,633 [AppLog] INFO : 开启系统：板卡通讯，伺服供电，照明系统，UV/HR固化系统！
2024-01-26 12:28:10,633 [AppLog] INFO : 开启系统：一键启动系统开始！
2024-01-26 12:28:16,733 [AppLog] INFO : 开启系统：一键启动系统结束！
2024-01-26 12:28:16,749 [AppLog] INFO : 创建：AutoPrintMotion0=》初次创建完成-手动操作！
2024-01-26 12:28:16,811 [AppLog] INFO : 初始化喷墨控制器启动！
2024-01-26 12:28:40,601 [AppLog] INFO : 打开喷墨控制器设备成功！
2024-01-26 12:28:40,632 [AppLog] INFO : 输入校准值1次{成功}，打印往返差校准值为：BiDirEncPrtOff{5},分频值{8},打印速度{300mm/s}
2024-01-26 12:28:41,022 [AppLog] INFO : PASS打印前关键状态：DEV_GetDeviceInfo：LPPRINTER_INFO:nXSysEncDPI{5080}nStatus{909129520}nPrintStatus{0}bSuperDevice{1}
LPPRINTER_INFO-LPPrtRunInfo:bJobPrtRuning{False}bLayerPrtIsOver{False}nContReqMemErr{0}nContWDErr{0}nCurPrtDir{0}nDTLayerIndex{0}nDTLayerPassIndex{0}nDTPtrCtlIndex{0}nLayerPassCount{0}nPrintLayerIndex{0}nPrintPassIndex{0}nProcLayerIndex{0}nPrtDataMemAddr{0}nPrtState{0}nReverse{System.Int32[]}nRevPrtCols{0}
LPPRINTER_INFO-LPDRVINFO:nFMVersion{45074}nFpgaVersion{539038216}nPCBVersion{0}nState{0}nNextState{0}nPtvwarnState{0}nCrc32{0}nRevInfo{System.UInt32[]}nSignature{0}
2024-01-26 12:28:43,300 [AppLog] INFO : 初始化喷墨控制器成功！
2024-01-26 12:28:43,300 [AppLog] INFO : 进入：EquipmentMotionLogic3=》准备创建对象-手动操作！
2024-01-26 12:28:43,347 [AppLog] INFO : 进入：EquipmentMotionLogic3=》创建完成-手动操作！
2024-01-26 12:28:43,472 [AppLog] INFO : 红外灯控制器485通讯建立！
2024-01-26 12:28:43,472 [AppLog] INFO : 进入电气控制模块
2024-01-26 12:28:44,720 [AppLog] INFO : 电气控制模块：手动打开端口15
2024-01-26 12:28:45,874 [AppLog] INFO : 电气控制模块：手动打开端口14
2024-01-26 12:28:46,701 [AppLog] INFO : 退出电气控制模块
2024-01-26 12:28:49,930 [AppLog] INFO : 进入手动调试子模块！
2024-01-26 12:28:49,930 [AppLog] INFO : 进入：ManulBtn_Click=》准备创建对象-手动操作！
2024-01-26 12:28:49,961 [AppLog] INFO : 创建：ManualControl=》创建完成-手动操作！
2024-01-26 12:28:49,961 [AppLog] INFO : 加载成功：温控Modbus接口！
2024-01-26 12:28:56,404 [AppLog] INFO : 手动正向JOG指令（8轴运控板卡系统） ====》：输出AXIS{第6轴},运动速度{2MM/s}
2024-01-26 12:28:56,529 [AppLog] INFO : 手动停止JOG输出（8轴运控板卡系统） ====》：输出AXIS{第6轴}
2024-01-26 12:28:56,997 [AppLog] INFO : 手动正向JOG指令（8轴运控板卡系统） ====》：输出AXIS{第6轴},运动速度{2MM/s}
2024-01-26 12:28:57,184 [AppLog] INFO : 手动停止JOG输出（8轴运控板卡系统） ====》：输出AXIS{第6轴}
2024-01-26 12:28:57,699 [AppLog] INFO : 手动正向JOG指令（8轴运控板卡系统） ====》：输出AXIS{第6轴},运动速度{2MM/s}
2024-01-26 12:28:57,792 [AppLog] INFO : 手动停止JOG输出（8轴运控板卡系统） ====》：输出AXIS{第6轴}
2024-01-26 12:28:58,385 [AppLog] INFO : 手动正向JOG指令（8轴运控板卡系统） ====》：输出AXIS{第6轴},运动速度{2MM/s}
2024-01-26 12:28:58,479 [AppLog] INFO : 手动停止JOG输出（8轴运控板卡系统） ====》：输出AXIS{第6轴}
2024-01-26 12:29:02,238 [AppLog] INFO : 手动负向JOG指令（8轴运控板卡系统） ====》：输出AXIS{第6轴},运动速度{2MM/s}
2024-01-26 12:29:02,332 [AppLog] INFO : 手动停止JOG输出（8轴运控板卡系统） ====》：输出AXIS{第6轴}
2024-01-26 12:29:04,766 [AppLog] INFO : 手动负向JOG指令（8轴运控板卡系统） ====》：输出AXIS{第6轴},运动速度{2MM/s}
2024-01-26 12:29:04,906 [AppLog] INFO : 手动停止JOG输出（8轴运控板卡系统） ====》：输出AXIS{第6轴}
2024-01-26 12:29:06,591 [AppLog] INFO : 手动负向JOG指令（8轴运控板卡系统） ====》：输出AXIS{第6轴},运动速度{2MM/s}
2024-01-26 12:29:06,700 [AppLog] INFO : 手动停止JOG输出（8轴运控板卡系统） ====》：输出AXIS{第6轴}
2024-01-26 12:29:07,636 [AppLog] INFO : 手动负向JOG指令（8轴运控板卡系统） ====》：输出AXIS{第6轴},运动速度{2MM/s}
2024-01-26 12:29:16,653 [AppLog] INFO : 手动停止JOG输出（8轴运控板卡系统） ====》：输出AXIS{第6轴}
2024-01-26 12:29:22,955 [AppLog] INFO : 手动负向JOG指令（8轴运控板卡系统） ====》：输出AXIS{第6轴},运动速度{2MM/s}
2024-01-26 12:29:23,470 [AppLog] INFO : 手动停止JOG输出（8轴运控板卡系统） ====》：输出AXIS{第6轴}
2024-01-26 12:29:23,782 [AppLog] INFO : 手动负向JOG指令（8轴运控板卡系统） ====》：输出AXIS{第6轴},运动速度{2MM/s}
2024-01-26 12:29:24,172 [AppLog] INFO : 手动停止JOG输出（8轴运控板卡系统） ====》：输出AXIS{第6轴}
2024-01-26 12:29:27,105 [AppLog] INFO : 手动负向JOG指令（8轴运控板卡系统） ====》：输出AXIS{第6轴},运动速度{2MM/s}
2024-01-26 12:29:27,214 [AppLog] INFO : 手动停止JOG输出（8轴运控板卡系统） ====》：输出AXIS{第6轴}
2024-01-26 12:29:36,215 [AppLog] INFO : 手动负向JOG指令（8轴运控板卡系统） ====》：输出AXIS{第6轴},运动速度{2MM/s}
2024-01-26 12:29:36,512 [AppLog] INFO : 手动停止JOG输出（8轴运控板卡系统） ====》：输出AXIS{第6轴}
2024-01-26 12:29:36,902 [AppLog] INFO : 手动负向JOG指令（8轴运控板卡系统） ====》：输出AXIS{第6轴},运动速度{2MM/s}
2024-01-26 12:29:40,739 [AppLog] INFO : 手动停止JOG输出（8轴运控板卡系统） ====》：输出AXIS{第6轴}
2024-01-26 12:29:43,313 [AppLog] INFO : 手动负向JOG指令（8轴运控板卡系统） ====》：输出AXIS{第6轴},运动速度{2MM/s}
2024-01-26 12:29:45,154 [AppLog] INFO : 手动停止JOG输出（8轴运控板卡系统） ====》：输出AXIS{第6轴}
2024-01-26 12:29:51,597 [AppLog] INFO : 手动负向JOG指令（8轴运控板卡系统） ====》：输出AXIS{第6轴},运动速度{2MM/s}
2024-01-26 12:29:51,940 [AppLog] INFO : 手动停止JOG输出（8轴运控板卡系统） ====》：输出AXIS{第6轴}
2024-01-26 12:29:52,533 [AppLog] INFO : 手动负向JOG指令（8轴运控板卡系统） ====》：输出AXIS{第6轴},运动速度{2MM/s}
2024-01-26 12:29:52,829 [AppLog] INFO : 手动停止JOG输出（8轴运控板卡系统） ====》：输出AXIS{第6轴}
2024-01-26 12:29:53,328 [AppLog] INFO : 手动负向JOG指令（8轴运控板卡系统） ====》：输出AXIS{第6轴},运动速度{2MM/s}
2024-01-26 12:29:53,609 [AppLog] INFO : 手动停止JOG输出（8轴运控板卡系统） ====》：输出AXIS{第6轴}
2024-01-26 12:29:55,466 [AppLog] INFO : 手动负向JOG指令（8轴运控板卡系统） ====》：输出AXIS{第6轴},运动速度{2MM/s}
2024-01-26 12:29:56,526 [AppLog] INFO : 手动停止JOG输出（8轴运控板卡系统） ====》：输出AXIS{第6轴}
2024-01-26 12:29:57,135 [AppLog] INFO : 手动负向JOG指令（8轴运控板卡系统） ====》：输出AXIS{第6轴},运动速度{2MM/s}
2024-01-26 12:29:58,804 [AppLog] INFO : 手动停止JOG输出（8轴运控板卡系统） ====》：输出AXIS{第6轴}
2024-01-26 12:29:59,132 [AppLog] INFO : 手动负向JOG指令（8轴运控板卡系统） ====》：输出AXIS{第6轴},运动速度{2MM/s}
2024-01-26 12:30:00,177 [AppLog] INFO : 手动停止JOG输出（8轴运控板卡系统） ====》：输出AXIS{第6轴}
2024-01-26 12:30:03,422 [AppLog] INFO : 手动负向JOG指令（8轴运控板卡系统） ====》：输出AXIS{第6轴},运动速度{2MM/s}
2024-01-26 12:30:10,036 [AppLog] INFO : 手动停止JOG输出（8轴运控板卡系统） ====》：输出AXIS{第6轴}
