2023-03-04 13:42:04,059 [AppLog] INFO : 软件开机密码正确，登录成功1次
==========================================================================
操作系统:{Microsoft Windows 7 旗舰版 }
运行环境:{ .Net Framework Enviroment Version 4.0.30319.42000}
盘符：D
CPU使用率：{24.99964%} ，可用内存大小:{14453MB}，硬盘剩余空间：
  盘符 C:\ 的剩余空间：82 GB
  盘符 D:\ 的剩余空间：95 GB
硬件配置情况：
  CPU 厂家: GenuineIntel CPU 型号: Intel(R) Core(TM) i7-4770 CPU @ 3.40GHz
  内存条厂家: Kingston 内存条型号: 99P5471-043.A00LF 
  内存条厂家: Kingston 内存条型号: 99P5471-043.A00LF 
  硬盘厂家: (标准磁盘驱动器) 硬盘型号: Micron_1300_MTFDDAK256TDL ATA Device
==========================================================================
2023-03-04 13:42:04,308 [AppLog] INFO : 开启系统：板卡通讯，伺服供电，照明系统，UV/HR固化系统！
2023-03-04 13:42:04,324 [AppLog] INFO : 开启系统：一键启动系统开始！
2023-03-04 13:42:10,408 [AppLog] INFO : 开启系统：一键启动系统结束！
2023-03-04 13:42:35,586 [AppLog] INFO : 初始化喷墨控制器！
2023-03-04 13:42:35,867 [AppLog] INFO : 红外灯控制器485通讯建立！
2023-03-04 13:42:35,867 [AppLog] INFO : 进入电气控制模块
2023-03-04 13:42:37,099 [AppLog] INFO : 电气控制模块：手动打开端口14
2023-03-04 13:42:37,833 [AppLog] INFO : 电气控制模块：手动打开端口15
2023-03-04 13:42:38,597 [AppLog] INFO : 退出电气控制模块
2023-03-04 13:42:39,252 [AppLog] INFO : 进入手动调试子模块！
2023-03-04 13:42:43,854 [AppLog] INFO : 开启手动冲洗喷头：CleanBtn_Click
2023-03-04 13:42:57,504 [AppLog] INFO : 关闭手动冲洗喷头：CleanBtn_Click
2023-03-04 13:43:01,670 [AppLog] INFO : 开启手动冲洗喷头：CleanBtn_Click
2023-03-04 13:43:05,289 [AppLog] INFO : 关闭手动冲洗喷头：CleanBtn_Click
