2023-04-21 11:30:19,738 [AppLog] INFO : 进入手动调试子模块！
2023-04-21 11:30:19,754 [AppLog] INFO : 进入：ManulBtn_Click=》准备创建对象-手动操作！
2023-04-21 11:30:19,785 [AppLog] INFO : 创建：ManualControl=》创建完成-手动操作！
2023-04-21 11:30:19,785 [AppLog] INFO : 加载成功：温控Modbus接口！
2023-04-21 11:30:46,508 [AppLog] INFO : 手动负向点动指令（8轴运控板卡系统） ====》：输出AXIS{第1轴},点动量{1.5MM},运动速度{2MM/s}
2023-04-21 11:30:49,768 [AppLog] INFO : 手动正向点动指令（8轴运控板卡系统） ====》：输出AXIS{第1轴},点动量{1.5MM},运动速度{2MM/s}
2023-04-21 11:30:51,984 [AppLog] INFO : 手动负向点动指令（8轴运控板卡系统） ====》：输出AXIS{第1轴},点动量{1.5MM},运动速度{2MM/s}
2023-04-21 11:30:56,492 [AppLog] INFO : 手动正向点动指令（8轴运控板卡系统） ====》：输出AXIS{第1轴},点动量{1.5MM},运动速度{2MM/s}
2023-04-21 11:31:02,592 [AppLog] INFO : 手动开启自动进给铺粉过程：AutoSupplyPowderBtn_Click
2023-04-21 11:31:08,956 [AppLog] INFO : 开启铺粉车回零校准：PowderCarHomeBtn_Click
2023-04-21 11:31:08,972 [AppLog] INFO : 开启粉车回零校准线程：PowderCarHomeResetThread
2023-04-21 11:31:18,176 [AppLog] INFO : 手动正向点动指令（8轴运控板卡系统） ====》：输出AXIS{第2轴},点动量{-116MM},运动速度{40MM/s}
2023-04-21 11:31:18,176 [AppLog] INFO : 粉车回零校准线程成功：PowderCarHomeResetThread
2023-04-21 11:31:24,759 [AppLog] INFO : 手动开启自动进给铺粉过程：AutoSupplyPowderBtn_Click
2023-04-21 11:31:24,775 [AppLog] INFO : 开启手动铺粉逻辑：NewAutoSupplyPowderThread
2023-04-21 11:31:24,868 [AppLog] INFO : 手动正向点动指令（8轴运控板卡系统） ====》：输出AXIS{第1轴},点动量{-0.15MM},运动速度{2MM/s}
2023-04-21 11:31:24,868 [AppLog] INFO : 成形面高度下降层厚 TrapSpace{0.15mm}：TrapMoveUp(1, true, Convert.ToString(vel), Convert.ToString(TrapSpace), true, true）
2023-04-21 11:31:25,648 [AppLog] INFO : 手动正向点动指令（8轴运控板卡系统） ====》：输出AXIS{第1轴},点动量{-1.5MM},运动速度{2MM/s}
2023-04-21 11:31:25,648 [AppLog] INFO : 成形面高度下降指定厚度 TrapSpace{1.5mm}：TrapMoveUp(1, true, Convert.ToString(vel), Convert.ToString(TrapSpace), true, true）
2023-04-21 11:31:26,428 [AppLog] INFO : 手动正向点动指令（8轴运控板卡系统） ====》：输出AXIS{第1轴},点动量{1.5MM},运动速度{2MM/s}
2023-04-21 11:31:26,428 [AppLog] INFO : 成形面高度上升层厚 TrapSpace{1.5mm}：TrapMoveUp(1, true, Convert.ToString(vel), Convert.ToString(TrapSpace), true, true）
2023-04-21 11:31:26,881 [AppLog] INFO : 手动正向点动指令（8轴运控板卡系统） ====》：输出AXIS{第8轴},点动量{1MM},运动速度{2.5MM/s}
2023-04-21 11:31:26,881 [AppLog] INFO : Hopper落粉轴转2圈落粉，速度0.5rev/s：TrapMoveUp(8, true, 0.5, rotateNuM.ToString(), true, false)
2023-04-21 11:31:29,580 [AppLog] INFO : 手动正向点动指令（8轴运控板卡系统） ====》：输出AXIS{第2轴},点动量{254MM},运动速度{150MM/s}
2023-04-21 11:31:29,580 [AppLog] INFO : 开启铺粉车不等停运动至准备打印位置255mm，速度150mm/s：BackToStation2
2023-04-21 11:31:29,580 [AppLog] INFO : 手动正向点动指令（8轴运控板卡系统） ====》：输出AXIS{第2轴},点动量{440MM},运动速度{40MM/s}
2023-04-21 11:31:29,580 [AppLog] INFO : 开启铺粉车不等停运动至站2，速度0.5rev/s：BackToStation2
2023-04-21 11:31:29,611 [AppLog] INFO : 打开UV灯：OpenUVLamp(true, 0, 1000, 0, 1000)
2023-04-21 11:31:29,658 [AppLog] INFO : 手动正向点动指令（8轴运控板卡系统） ====》：输出AXIS{第3轴},点动量{0.5MM},运动速度{0.0602739726027397MM/s}
2023-04-21 11:31:29,658 [AppLog] INFO : 开启均匀落粉及辊子铺平运动：TrapMoveUp(3, true, Convert.ToString(DispenseRollerSpeed), 0.5, true, true)
2023-04-21 11:31:36,974 [AppLog] INFO : 关闭UV灯：OpenUVLamp(false, 0, 1000, 0, 1000)
2023-04-21 11:31:38,971 [AppLog] INFO : 手动正向点动指令（8轴运控板卡系统） ====》：输出AXIS{第3轴},点动量{0.5MM},运动速度{2MM/s}
2023-04-21 11:31:38,971 [AppLog] INFO : 落粉轴继续转动以倒掉余粉：TrapMoveUp(3, true, 2, 0.5, true, false)
2023-04-21 11:31:41,358 [AppLog] INFO : 手动正向点动指令（8轴运控板卡系统） ====》：输出AXIS{第1轴},点动量{-1.5MM},运动速度{2MM/s}
2023-04-21 11:31:41,373 [AppLog] INFO : 成形面高度下降指定厚度 TrapSpace{1.5mm}：TrapMoveUp(1, true, Convert.ToString(vel), Convert.ToString(TrapSpace), true, true）
2023-04-21 11:31:46,006 [AppLog] INFO : 手动正向点动指令（8轴运控板卡系统） ====》：输出AXIS{第2轴},点动量{-696.5MM},运动速度{150MM/s}
2023-04-21 11:31:46,022 [AppLog] INFO : 铺粉车返回至站1：BackToStation2(AimPos, MovSpeed, true)：-1.5mm，速度150mm/s：BackToStation2
2023-04-21 11:31:46,396 [AppLog] INFO : 落粉轴回零成功：motionMap.SetBackSpreaderAxis(3, 0.5, 2, -SinkPosition)：ReturnCode{True}
2023-04-21 11:31:47,161 [AppLog] INFO : 手动正向点动指令（8轴运控板卡系统） ====》：输出AXIS{第1轴},点动量{1.5MM},运动速度{2MM/s}
2023-04-21 11:31:47,161 [AppLog] INFO : 成形面高度上升层厚 TrapSpace{1.5mm}：TrapMoveUp(1, true, Convert.ToString(vel), Convert.ToString(TrapSpace), true, true）
2023-04-21 11:31:47,161 [AppLog] INFO : 手动铺粉正常结束：NewAutoSupplyPowderThread
2023-04-21 11:31:47,176 [AppLog] INFO : 发送监控指令，拍照记录1条：SendMessageFromSharedMemory
2023-04-21 11:32:24,367 [AppLog] INFO : 手动停止自动进给铺粉过程：AutoSupplyPowderBtn_Click
2023-04-21 11:33:12,493 [AppLog] INFO : 退出手动调试子模块，未执行修改
==========================================================================
2023-04-21 11:33:15,317 [AppLog] INFO : 进入数据加载模块
2023-04-21 11:33:30,948 [AppLog] INFO : CAD数据加载：添加.CLI格式CAD数据成功-D:\Release\CLI输入文件\叶轮.cli
2023-04-21 11:33:38,904 [AppLog] INFO : CAD数据删除：删除.CLI格式CAD数据成功-D:\Release\CLI输入文件\叶轮.cli
2023-04-21 11:33:40,121 [AppLog] INFO : 进入数据加载模块
2023-04-21 11:34:48,964 [AppLog] INFO : CAD数据加载：添加.bjgroup格式CAD数据成功-D:\Release\CLI输入文件\shibiao-0321\shibiao-0416.bjgroup
2023-04-21 11:43:55,121 [AppLog] INFO : 进入电气控制模块
2023-04-21 11:43:56,010 [AppLog] INFO : 退出电气控制模块
2023-04-21 11:43:56,727 [AppLog] INFO : 进入手动调试子模块！
2023-04-21 11:43:56,727 [AppLog] INFO : 进入：ManulBtn_Click=》准备创建对象-手动操作！
2023-04-21 11:43:56,759 [AppLog] INFO : 创建：ManualControl=》创建完成-手动操作！
2023-04-21 11:43:56,759 [AppLog] INFO : 加载成功：温控Modbus接口！
2023-04-21 11:43:57,851 [AppLog] INFO : 退出手动调试子模块，未执行修改
==========================================================================
2023-04-21 11:46:47,173 [AppLog] INFO : 进入电气控制模块
2023-04-21 11:46:48,172 [AppLog] INFO : 电气控制模块：手动关闭端口14
2023-04-21 11:46:49,186 [AppLog] INFO : 电气控制模块：手动关闭端口15
2023-04-21 11:46:49,841 [AppLog] INFO : 退出电气控制模块
2023-04-21 11:46:50,917 [AppLog] INFO : 开启系统：板卡通讯，伺服供电，照明系统，UV/HR固化系统！
2023-04-21 11:46:51,853 [AppLog] INFO : 关闭系统：一键关闭系统开始！
2023-04-21 11:46:58,062 [AppLog] INFO : 关闭系统：一键关闭系统结束！
2023-04-21 11:46:58,156 [AppLog] INFO : 喷墨控制器的所有轴输出关闭！
2023-04-21 11:46:58,156 [AppLog] INFO : 喷墨控制器关闭！
2023-04-21 11:46:58,156 [AppLog] INFO : 创建：AutoPrintMotion0=》不需重新创建-手动操作！
2023-04-21 11:46:58,156 [AppLog] INFO : 进入电气控制模块
2023-04-21 11:46:59,575 [AppLog] INFO : 退出电气控制模块
2023-04-21 11:47:00,823 [AppLog] INFO : 软件及设备关停中：墨车所有方向运动确认停止（X,Y,Y2)： bImmeStop{False},nAxisMask{0x7}
2023-04-21 11:47:00,823 [AppLog] INFO : 软件及设备关停中：喷墨控制器板卡系统关闭（X,Y,Y2)：DEV_CloseDevice
2023-04-21 11:47:01,494 [AppLog] INFO : 软件及设备关停成功
==========================================================================
操作系统:{Microsoft Windows 7 旗舰版 }
运行环境:{ .Net Framework Enviroment Version 4.0.30319.42000}
盘符：D
CPU使用率：{0%} ，可用内存大小:{13862MB}，硬盘剩余空间：
  盘符 C:\ 的剩余空间：69 GB
  盘符 D:\ 的剩余空间：66 GB
==========================================================================
