2023-03-31 10:21:13,465 [AppLog] INFO : 软件开机密码正确，登录成功1次
==========================================================================
操作系统:{Microsoft Windows 7 旗舰版 }
运行环境:{ .Net Framework Enviroment Version 4.0.30319.42000}
盘符：D
CPU使用率：{11.02385%} ，可用内存大小:{14270MB}，硬盘剩余空间：
  盘符 C:\ 的剩余空间：70 GB
  盘符 D:\ 的剩余空间：88 GB
  盘符 F:\ 的剩余空间：3 GB
硬件配置情况：
  CPU 厂家: GenuineIntel CPU 型号: Intel(R) Core(TM) i7-4770 CPU @ 3.40GHz
  内存条厂家: Kingston 内存条型号: 99P5471-043.A00LF 
  内存条厂家: Kingston 内存条型号: 99P5471-043.A00LF 
  硬盘厂家: (标准磁盘驱动器) 硬盘型号: Micron_1300_MTFDDAK256TDL ATA Device
  硬盘厂家: (标准磁盘驱动器) 硬盘型号: Generic Flash Disk USB Device
==========================================================================
2023-03-31 10:21:13,480 [AppLog] INFO : 开启系统：板卡通讯，伺服供电，照明系统，UV/HR固化系统！
2023-03-31 10:21:13,482 [AppLog] INFO : 开启系统：一键启动系统开始！
2023-03-31 10:21:19,490 [AppLog] INFO : 开启系统：一键启动系统结束！
2023-03-31 10:21:19,491 [AppLog] INFO : 初始化喷墨控制器启动！
2023-03-31 10:21:38,668 [AppLog] INFO : 打开喷墨控制器设备成功！
2023-03-31 10:21:40,210 [AppLog] INFO : 更新{1}号喷头温度失败：MCU_SetPhStdTemp{25℃}
2023-03-31 10:21:40,236 [AppLog] INFO : 初始化喷墨控制器成功！
2023-03-31 10:21:40,237 [AppLog] INFO : 进入：EquipmentMotionLogic3=》准备创建对象-手动操作！
2023-03-31 10:21:40,422 [AppLog] INFO : 进入：EquipmentMotionLogic3=》创建完成-手动操作！
2023-03-31 10:21:40,545 [AppLog] INFO : 红外灯控制器485通讯建立！
2023-03-31 10:21:40,547 [AppLog] INFO : 进入电气控制模块
2023-03-31 10:21:41,602 [AppLog] INFO : 退出电气控制模块
2023-03-31 10:21:43,463 [AppLog] INFO : 进入手动调试子模块！
2023-03-31 10:21:43,464 [AppLog] INFO : 进入：ManulBtn_Click=》准备创建对象-手动操作！
2023-03-31 10:21:43,489 [AppLog] INFO : 创建：ManualControl=》创建完成-手动操作！
2023-03-31 10:21:43,489 [AppLog] INFO : 加载成功：温控Modbus接口！
2023-03-31 10:21:48,122 [AppLog] INFO : 手动控制墨车运动开启：沿Y轴前侧方向运动 ↑↑↑：nAxis{{1}},Dir{{false}},nPlsSpeed{{{nSpeed}}},nPlsCount{{750000}},cControlFlag{{{nCtlValue}}}
2023-03-31 10:21:48,203 [AppLog] INFO : 手动控制墨车运动带减速停止：沿Y轴方向运动 ↑↑↑↓↓↓ ====: bImmeStop{{false}},nAxisMask{{0x2}}
2023-03-31 10:21:48,652 [AppLog] INFO : 手动控制墨车运动开启：沿Y轴前侧方向运动 ↑↑↑：nAxis{{1}},Dir{{false}},nPlsSpeed{{{nSpeed}}},nPlsCount{{750000}},cControlFlag{{{nCtlValue}}}
2023-03-31 10:21:48,850 [AppLog] INFO : 手动控制墨车运动带减速停止：沿Y轴方向运动 ↑↑↑↓↓↓ ====: bImmeStop{{false}},nAxisMask{{0x2}}
2023-03-31 10:21:49,027 [AppLog] INFO : 手动控制墨车运动开启：沿Y轴前侧方向运动 ↑↑↑：nAxis{{1}},Dir{{false}},nPlsSpeed{{{nSpeed}}},nPlsCount{{750000}},cControlFlag{{{nCtlValue}}}
2023-03-31 10:21:49,032 [AppLog] INFO : 手动控制墨车运动带减速停止：沿Y轴方向运动 ↑↑↑↓↓↓ ====: bImmeStop{{false}},nAxisMask{{0x2}}
2023-03-31 10:21:49,167 [AppLog] INFO : 手动控制墨车运动开启：沿Y轴前侧方向运动 ↑↑↑：nAxis{{1}},Dir{{false}},nPlsSpeed{{{nSpeed}}},nPlsCount{{750000}},cControlFlag{{{nCtlValue}}}
2023-03-31 10:21:49,954 [AppLog] INFO : 手动控制墨车运动带减速停止：沿Y轴方向运动 ↑↑↑↓↓↓ ====: bImmeStop{{false}},nAxisMask{{0x2}}
2023-03-31 10:21:50,571 [AppLog] INFO : 手动控制墨车运动开启：沿X轴左侧方向运动 《====：nAxis{{0}},Dir{{false}},nPlsSpeed{{{nSpeed}}},nPlsCount{{750000}},cControlFlag{{{nCtlValue}}}
2023-03-31 10:21:51,646 [AppLog] INFO : 手动控制墨车运动带减速停止：沿X轴方向运动 ====》《=== ====: bImmeStop{false},nAxisMask{0x1}
2023-03-31 10:21:52,911 [AppLog] INFO : 手动控制墨车运动开启：沿Y轴前侧方向运动 ↑↑↑：nAxis{{1}},Dir{{false}},nPlsSpeed{{{nSpeed}}},nPlsCount{{750000}},cControlFlag{{{nCtlValue}}}
2023-03-31 10:21:53,561 [AppLog] INFO : 手动控制墨车运动带减速停止：沿Y轴方向运动 ↑↑↑↓↓↓ ====: bImmeStop{{false}},nAxisMask{{0x2}}
2023-03-31 10:21:54,346 [AppLog] INFO : 手动控制墨车运动开启：沿X轴左侧方向运动 《====：nAxis{{0}},Dir{{false}},nPlsSpeed{{{nSpeed}}},nPlsCount{{750000}},cControlFlag{{{nCtlValue}}}
2023-03-31 10:21:56,457 [AppLog] INFO : 手动控制墨车运动带减速停止：沿X轴方向运动 ====》《=== ====: bImmeStop{false},nAxisMask{0x1}
2023-03-31 10:21:56,718 [AppLog] INFO : 手动控制墨车运动开启：沿X轴左侧方向运动 《====：nAxis{{0}},Dir{{false}},nPlsSpeed{{{nSpeed}}},nPlsCount{{750000}},cControlFlag{{{nCtlValue}}}
2023-03-31 10:21:56,874 [AppLog] INFO : 手动控制墨车运动带减速停止：沿X轴方向运动 ====》《=== ====: bImmeStop{false},nAxisMask{0x1}
2023-03-31 10:21:57,280 [AppLog] INFO : 手动控制墨车运动开启：沿X轴左侧方向运动 《====：nAxis{{0}},Dir{{false}},nPlsSpeed{{{nSpeed}}},nPlsCount{{750000}},cControlFlag{{{nCtlValue}}}
2023-03-31 10:21:57,409 [AppLog] INFO : 手动控制墨车运动带减速停止：沿X轴方向运动 ====》《=== ====: bImmeStop{false},nAxisMask{0x1}
2023-03-31 10:21:57,607 [AppLog] INFO : 手动控制墨车运动开启：沿X轴左侧方向运动 《====：nAxis{{0}},Dir{{false}},nPlsSpeed{{{nSpeed}}},nPlsCount{{750000}},cControlFlag{{{nCtlValue}}}
2023-03-31 10:21:57,728 [AppLog] INFO : 手动控制墨车运动带减速停止：沿X轴方向运动 ====》《=== ====: bImmeStop{false},nAxisMask{0x1}
2023-03-31 10:21:58,964 [AppLog] INFO : 手动控制墨车运动开启：沿X轴左侧方向运动 《====：nAxis{{0}},Dir{{false}},nPlsSpeed{{{nSpeed}}},nPlsCount{{750000}},cControlFlag{{{nCtlValue}}}
2023-03-31 10:21:59,103 [AppLog] INFO : 手动控制墨车运动带减速停止：沿X轴方向运动 ====》《=== ====: bImmeStop{false},nAxisMask{0x1}
2023-03-31 10:21:59,276 [AppLog] INFO : 手动控制墨车运动开启：沿X轴左侧方向运动 《====：nAxis{{0}},Dir{{false}},nPlsSpeed{{{nSpeed}}},nPlsCount{{750000}},cControlFlag{{{nCtlValue}}}
2023-03-31 10:22:00,863 [AppLog] INFO : 手动控制墨车运动带减速停止：沿X轴方向运动 ====》《=== ====: bImmeStop{false},nAxisMask{0x1}
2023-03-31 10:22:01,195 [AppLog] INFO : 手动控制墨车运动开启：沿X轴左侧方向运动 《====：nAxis{{0}},Dir{{false}},nPlsSpeed{{{nSpeed}}},nPlsCount{{750000}},cControlFlag{{{nCtlValue}}}
2023-03-31 10:22:01,855 [AppLog] INFO : 手动控制墨车运动带减速停止：沿X轴方向运动 ====》《=== ====: bImmeStop{false},nAxisMask{0x1}
2023-03-31 10:22:02,271 [AppLog] INFO : 手动控制墨车运动开启：沿X轴左侧方向运动 《====：nAxis{{0}},Dir{{false}},nPlsSpeed{{{nSpeed}}},nPlsCount{{750000}},cControlFlag{{{nCtlValue}}}
2023-03-31 10:22:02,733 [AppLog] INFO : 手动控制墨车运动带减速停止：沿X轴方向运动 ====》《=== ====: bImmeStop{false},nAxisMask{0x1}
2023-03-31 10:22:02,973 [AppLog] INFO : 手动控制墨车运动开启：沿X轴左侧方向运动 《====：nAxis{{0}},Dir{{false}},nPlsSpeed{{{nSpeed}}},nPlsCount{{750000}},cControlFlag{{{nCtlValue}}}
2023-03-31 10:22:03,056 [AppLog] INFO : 手动控制墨车运动带减速停止：沿X轴方向运动 ====》《=== ====: bImmeStop{false},nAxisMask{0x1}
2023-03-31 10:22:03,332 [AppLog] INFO : 手动控制墨车运动开启：沿X轴左侧方向运动 《====：nAxis{{0}},Dir{{false}},nPlsSpeed{{{nSpeed}}},nPlsCount{{750000}},cControlFlag{{{nCtlValue}}}
2023-03-31 10:22:06,587 [AppLog] INFO : 手动控制墨车运动带减速停止：沿X轴方向运动 ====》《=== ====: bImmeStop{false},nAxisMask{0x1}
2023-03-31 10:22:06,842 [AppLog] INFO : 手动控制墨车运动开启：沿X轴左侧方向运动 《====：nAxis{{0}},Dir{{false}},nPlsSpeed{{{nSpeed}}},nPlsCount{{750000}},cControlFlag{{{nCtlValue}}}
2023-03-31 10:22:07,503 [AppLog] INFO : 手动控制墨车运动带减速停止：沿X轴方向运动 ====》《=== ====: bImmeStop{false},nAxisMask{0x1}
2023-03-31 10:22:07,840 [AppLog] INFO : 手动控制墨车运动开启：沿X轴左侧方向运动 《====：nAxis{{0}},Dir{{false}},nPlsSpeed{{{nSpeed}}},nPlsCount{{750000}},cControlFlag{{{nCtlValue}}}
2023-03-31 10:22:08,116 [AppLog] INFO : 手动控制墨车运动带减速停止：沿X轴方向运动 ====》《=== ====: bImmeStop{false},nAxisMask{0x1}
2023-03-31 10:22:09,145 [AppLog] INFO : 退出手动调试子模块,已执行修改
==========================================================================
2023-03-31 10:22:10,267 [AppLog] INFO : 进入电气控制模块
2023-03-31 10:22:11,670 [AppLog] INFO : 退出电气控制模块
2023-03-31 10:22:26,325 [AppLog] INFO : 开启系统：板卡通讯，伺服供电，照明系统，UV/HR固化系统！
2023-03-31 10:22:27,595 [AppLog] INFO : 关闭系统：一键关闭系统开始！
2023-03-31 10:22:33,722 [AppLog] INFO : 关闭系统：一键关闭系统结束！
2023-03-31 10:22:33,731 [AppLog] INFO : 喷墨控制器的所有轴输出关闭！
2023-03-31 10:22:35,171 [AppLog] INFO : 喷墨控制器关闭！
2023-03-31 10:22:35,177 [AppLog] INFO : 进入电气控制模块
2023-03-31 10:22:36,566 [AppLog] INFO : 退出电气控制模块
2023-03-31 10:22:38,109 [AppLog] INFO : 软件及设备关停中：墨车所有方向运动确认停止（X,Y,Y2)： bImmeStop{False},nAxisMask{0x7}
2023-03-31 10:22:38,110 [AppLog] INFO : 软件及设备关停中：喷墨控制器板卡系统关闭（X,Y,Y2)：DEV_CloseDevice
2023-03-31 10:22:40,778 [AppLog] INFO : 软件及设备关停成功
==========================================================================
操作系统:{Microsoft Windows 7 旗舰版 }
运行环境:{ .Net Framework Enviroment Version 4.0.30319.42000}
盘符：D
CPU使用率：{12.2545%} ，可用内存大小:{14305MB}，硬盘剩余空间：
  盘符 C:\ 的剩余空间：70 GB
  盘符 D:\ 的剩余空间：88 GB
  盘符 F:\ 的剩余空间：3 GB
==========================================================================
2023-03-31 10:27:12,883 [AppLog] INFO : 软件开机密码正确，登录成功1次
==========================================================================
操作系统:{Microsoft Windows 7 旗舰版 }
运行环境:{ .Net Framework Enviroment Version 4.0.30319.42000}
盘符：D
CPU使用率：{23.21397%} ，可用内存大小:{14354MB}，硬盘剩余空间：
  盘符 C:\ 的剩余空间：70 GB
  盘符 D:\ 的剩余空间：88 GB
  盘符 F:\ 的剩余空间：3 GB
硬件配置情况：
  CPU 厂家: GenuineIntel CPU 型号: Intel(R) Core(TM) i7-4770 CPU @ 3.40GHz
  内存条厂家: Kingston 内存条型号: 99P5471-043.A00LF 
  内存条厂家: Kingston 内存条型号: 99P5471-043.A00LF 
  硬盘厂家: (标准磁盘驱动器) 硬盘型号: Micron_1300_MTFDDAK256TDL ATA Device
  硬盘厂家: (标准磁盘驱动器) 硬盘型号: Generic Flash Disk USB Device
==========================================================================
2023-03-31 10:27:14,131 [AppLog] INFO : 开启系统：板卡通讯，伺服供电，照明系统，UV/HR固化系统！
2023-03-31 10:27:14,146 [AppLog] INFO : 开启系统：一键启动系统开始！
2023-03-31 10:27:20,230 [AppLog] INFO : 开启系统：一键启动系统结束！
2023-03-31 10:27:20,230 [AppLog] INFO : 初始化喷墨控制器启动！
2023-03-31 10:27:43,708 [AppLog] INFO : 打开喷墨控制器设备成功！
2023-03-31 10:27:48,435 [AppLog] INFO : 更新{1}号喷头温度成功：MCU_SetPhStdTemp{25℃}
2023-03-31 10:27:48,451 [AppLog] INFO : 初始化喷墨控制器成功！
2023-03-31 10:27:48,451 [AppLog] INFO : 进入：EquipmentMotionLogic3=》准备创建对象-手动操作！
2023-03-31 10:27:48,638 [AppLog] INFO : 进入：EquipmentMotionLogic3=》创建完成-手动操作！
2023-03-31 10:27:48,778 [AppLog] INFO : 红外灯控制器485通讯建立！
2023-03-31 10:27:48,778 [AppLog] INFO : 进入电气控制模块
2023-03-31 10:27:49,917 [AppLog] INFO : 退出电气控制模块
2023-03-31 10:27:52,538 [AppLog] INFO : 进入手动调试子模块！
2023-03-31 10:27:52,538 [AppLog] INFO : 进入：ManulBtn_Click=》准备创建对象-手动操作！
2023-03-31 10:27:52,569 [AppLog] INFO : 创建：ManualControl=》创建完成-手动操作！
2023-03-31 10:27:52,569 [AppLog] INFO : 加载成功：温控Modbus接口！
2023-03-31 10:27:54,503 [AppLog] INFO : 手动控制墨车运动开启，沿X轴右侧方向运动 ====》：nAxis{0},Dir{true},nPlsSpeed{50000},nPlsCount{750000},cControlFlag{2}
2023-03-31 10:28:05,392 [AppLog] INFO : 手动控制墨车运动带减速停止：沿X轴方向运动 ====》《=== ====: bImmeStop{false},nAxisMask{0x1}
2023-03-31 10:28:06,687 [AppLog] INFO : 手动控制墨车运动开启：沿Y轴前侧方向运动 ↑↑↑：nAxis{{1}},Dir{{false}},nPlsSpeed{{{nSpeed}}},nPlsCount{{750000}},cControlFlag{{{nCtlValue}}}
2023-03-31 10:28:07,280 [AppLog] INFO : 手动控制墨车运动带减速停止：沿Y轴方向运动 ↑↑↑↓↓↓ ====: bImmeStop{{false}},nAxisMask{{0x2}}
2023-03-31 10:28:07,654 [AppLog] INFO : 手动控制墨车运动开启：沿Y轴前侧方向运动 ↑↑↑：nAxis{{1}},Dir{{false}},nPlsSpeed{{{nSpeed}}},nPlsCount{{750000}},cControlFlag{{{nCtlValue}}}
2023-03-31 10:28:07,779 [AppLog] INFO : 手动控制墨车运动带减速停止：沿Y轴方向运动 ↑↑↑↓↓↓ ====: bImmeStop{{false}},nAxisMask{{0x2}}
2023-03-31 10:28:08,231 [AppLog] INFO : 手动控制墨车运动开启：沿Y轴前侧方向运动 ↑↑↑：nAxis{{1}},Dir{{false}},nPlsSpeed{{{nSpeed}}},nPlsCount{{750000}},cControlFlag{{{nCtlValue}}}
2023-03-31 10:28:09,386 [AppLog] INFO : 手动控制墨车运动带减速停止：沿Y轴方向运动 ↑↑↑↓↓↓ ====: bImmeStop{{false}},nAxisMask{{0x2}}
2023-03-31 10:28:12,475 [AppLog] INFO : 手动控制墨车运动开启：沿Y轴后侧方向运动 ↓↓↓：nAxis{{1}},Dir{{true}},nPlsSpeed{{{nSpeed}}},nPlsCount{{750000}},cControlFlag{{{nCtlValue}}}
2023-03-31 10:28:14,440 [AppLog] INFO : 手动控制墨车运动带减速停止：沿Y轴方向运动 ↑↑↑↓↓↓ ====: bImmeStop{{false}},nAxisMask{{0x2}}
2023-03-31 10:34:37,203 [AppLog] INFO : 退出手动调试子模块，未执行修改
==========================================================================
2023-03-31 10:34:38,326 [AppLog] INFO : 开启系统：板卡通讯，伺服供电，照明系统，UV/HR固化系统！
2023-03-31 10:34:39,199 [AppLog] INFO : 关闭系统：一键关闭系统开始！
2023-03-31 10:34:45,325 [AppLog] INFO : 关闭系统：一键关闭系统结束！
2023-03-31 10:34:45,334 [AppLog] INFO : 喷墨控制器的所有轴输出关闭！
2023-03-31 10:34:45,457 [AppLog] INFO : 喷墨控制器关闭！
2023-03-31 10:34:45,458 [AppLog] INFO : 进入电气控制模块
2023-03-31 10:34:46,485 [AppLog] INFO : 退出电气控制模块
2023-03-31 10:34:47,816 [AppLog] INFO : 软件及设备关停中：墨车所有方向运动确认停止（X,Y,Y2)： bImmeStop{False},nAxisMask{0x7}
2023-03-31 10:34:47,817 [AppLog] INFO : 软件及设备关停中：喷墨控制器板卡系统关闭（X,Y,Y2)：DEV_CloseDevice
2023-03-31 10:34:48,526 [AppLog] INFO : 软件及设备关停成功
==========================================================================
操作系统:{Microsoft Windows 7 旗舰版 }
运行环境:{ .Net Framework Enviroment Version 4.0.30319.42000}
盘符：D
CPU使用率：{16.15418%} ，可用内存大小:{14257MB}，硬盘剩余空间：
  盘符 C:\ 的剩余空间：70 GB
  盘符 D:\ 的剩余空间：88 GB
  盘符 F:\ 的剩余空间：3 GB
==========================================================================
2023-03-31 10:35:30,641 [AppLog] INFO : 软件开机密码正确，登录成功1次
==========================================================================
操作系统:{Microsoft Windows 7 旗舰版 }
运行环境:{ .Net Framework Enviroment Version 4.0.30319.42000}
盘符：D
CPU使用率：{14.28532%} ，可用内存大小:{14291MB}，硬盘剩余空间：
  盘符 C:\ 的剩余空间：70 GB
  盘符 D:\ 的剩余空间：88 GB
  盘符 F:\ 的剩余空间：3 GB
硬件配置情况：
  CPU 厂家: GenuineIntel CPU 型号: Intel(R) Core(TM) i7-4770 CPU @ 3.40GHz
  内存条厂家: Kingston 内存条型号: 99P5471-043.A00LF 
  内存条厂家: Kingston 内存条型号: 99P5471-043.A00LF 
  硬盘厂家: (标准磁盘驱动器) 硬盘型号: Micron_1300_MTFDDAK256TDL ATA Device
  硬盘厂家: (标准磁盘驱动器) 硬盘型号: Generic Flash Disk USB Device
==========================================================================
2023-03-31 10:35:31,000 [AppLog] INFO : 开启系统：板卡通讯，伺服供电，照明系统，UV/HR固化系统！
2023-03-31 10:35:31,000 [AppLog] INFO : 开启系统：一键启动系统开始！
2023-03-31 10:35:37,084 [AppLog] INFO : 开启系统：一键启动系统结束！
2023-03-31 10:35:37,084 [AppLog] INFO : 初始化喷墨控制器启动！
2023-03-31 10:36:00,562 [AppLog] INFO : 打开喷墨控制器设备成功！
2023-03-31 10:36:07,130 [AppLog] INFO : 更新{1}号喷头温度成功：MCU_SetPhStdTemp{25℃}
2023-03-31 10:36:07,161 [AppLog] INFO : 初始化喷墨控制器成功！
2023-03-31 10:36:07,161 [AppLog] INFO : 进入：EquipmentMotionLogic3=》准备创建对象-手动操作！
2023-03-31 10:36:07,301 [AppLog] INFO : 进入：EquipmentMotionLogic3=》创建完成-手动操作！
2023-03-31 10:36:07,426 [AppLog] INFO : 红外灯控制器485通讯建立！
2023-03-31 10:36:07,426 [AppLog] INFO : 进入电气控制模块
2023-03-31 10:36:08,877 [AppLog] INFO : 退出电气控制模块
2023-03-31 10:36:09,891 [AppLog] INFO : 进入电气控制模块
2023-03-31 10:36:10,515 [AppLog] INFO : 电气控制模块：手动打开端口14
2023-03-31 10:36:11,108 [AppLog] INFO : 电气控制模块：手动打开端口15
2023-03-31 10:36:11,872 [AppLog] INFO : 退出电气控制模块
2023-03-31 10:36:18,705 [AppLog] INFO : 进入手动调试子模块！
2023-03-31 10:36:18,721 [AppLog] INFO : 进入：ManulBtn_Click=》准备创建对象-手动操作！
2023-03-31 10:36:18,736 [AppLog] INFO : 创建：ManualControl=》创建完成-手动操作！
2023-03-31 10:36:18,736 [AppLog] INFO : 加载成功：温控Modbus接口！
2023-03-31 10:36:22,621 [AppLog] INFO : 手动控制墨车运动开启：沿Y轴前侧方向运动 ↑↑↑：nAxis{{1}},Dir{{false}},nPlsSpeed{{{nSpeed}}},nPlsCount{{750000}},cControlFlag{{{nCtlValue}}}
2023-03-31 10:36:22,933 [AppLog] INFO : 手动控制墨车运动带减速停止：沿Y轴方向运动 ↑↑↑↓↓↓ ====: bImmeStop{{false}},nAxisMask{{0x2}}
2023-03-31 10:36:24,040 [AppLog] INFO : 手动控制墨车运动开启：沿Y轴后侧方向运动 ↓↓↓：nAxis{{1}},Dir{{true}},nPlsSpeed{{{nSpeed}}},nPlsCount{{750000}},cControlFlag{{{nCtlValue}}}
2023-03-31 10:36:24,243 [AppLog] INFO : 手动控制墨车运动带减速停止：沿Y轴方向运动 ↑↑↑↓↓↓ ====: bImmeStop{{false}},nAxisMask{{0x2}}
2023-03-31 10:36:42,760 [AppLog] INFO : 退出手动调试子模块,已执行修改
==========================================================================
2023-03-31 10:36:43,197 [AppLog] INFO : 进入手动调试子模块！
2023-03-31 10:36:43,197 [AppLog] INFO : 进入：ManulBtn_Click=》准备创建对象-手动操作！
2023-03-31 10:36:43,228 [AppLog] INFO : 创建：ManualControl=》创建完成-手动操作！
2023-03-31 10:36:43,228 [AppLog] INFO : 加载成功：温控Modbus接口！
2023-03-31 10:37:01,636 [AppLog] INFO : 更新波形路径：DEV_UpdateParam：{D:\Release\波形文件\0316新调=波形文件=水性胶水\世彪新调：ricoh_big-单点模式-开启MN1(开启微动).rhdat}
2023-03-31 10:37:01,636 [AppLog] INFO : {1}号喷头基准电压更新成功：DEV_SetWaveStdVoltage{0V,0V,0V,0V}；
2023-03-31 10:37:07,065 [AppLog] INFO : 重新加载完波形：DEV_ReloadWaveForm! 当前波形文件的基准电压参考值为：{18V}
2023-03-31 10:37:07,362 [AppLog] INFO : {1}号喷头电压调压成功：MCU_SetPhVoltage{0V,0V,0V,0V}；
2023-03-31 10:37:30,933 [AppLog] INFO : 开启闪喷： IDP_FlashPrtCtl(true)：ReturnCode{True}
2023-03-31 10:37:32,758 [AppLog] INFO : 关闭闪喷： IDP_FlashPrtCtl(false)：ReturnCode{True}
2023-03-31 10:37:33,429 [AppLog] INFO : 开启闪喷： IDP_FlashPrtCtl(true)：ReturnCode{True}
2023-03-31 10:37:33,960 [AppLog] INFO : 关闭闪喷： IDP_FlashPrtCtl(false)：ReturnCode{True}
2023-03-31 10:38:07,734 [AppLog] INFO : 进入气压控制卡参数监控状态时
2023-03-31 10:38:08,420 [AppLog] INFO : 进入气压控制卡参数设置状态时
2023-03-31 10:38:14,161 [AppLog] INFO : 退出手动调试子模块，未执行修改
==========================================================================
2023-03-31 10:38:15,502 [AppLog] INFO : 开启系统：板卡通讯，伺服供电，照明系统，UV/HR固化系统！
2023-03-31 10:38:16,782 [AppLog] INFO : 关闭系统：一键关闭系统开始！
2023-03-31 10:38:22,990 [AppLog] INFO : 关闭系统：一键关闭系统结束！
2023-03-31 10:38:22,990 [AppLog] INFO : 喷墨控制器的所有轴输出关闭！
2023-03-31 10:38:25,627 [AppLog] INFO : 喷墨控制器关闭！
2023-03-31 10:38:25,627 [AppLog] INFO : 进入电气控制模块
2023-03-31 10:38:32,538 [AppLog] INFO : 电气控制模块：手动关闭端口14
2023-03-31 10:38:33,630 [AppLog] INFO : 电气控制模块：手动关闭端口15
2023-03-31 10:38:34,503 [AppLog] INFO : 退出电气控制模块
2023-03-31 10:38:36,313 [AppLog] INFO : 软件及设备关停中：墨车所有方向运动确认停止（X,Y,Y2)： bImmeStop{False},nAxisMask{0x7}
2023-03-31 10:38:36,313 [AppLog] INFO : 软件及设备关停中：喷墨控制器板卡系统关闭（X,Y,Y2)：DEV_CloseDevice
2023-03-31 10:38:36,984 [AppLog] INFO : 软件及设备关停成功
==========================================================================
操作系统:{Microsoft Windows 7 旗舰版 }
运行环境:{ .Net Framework Enviroment Version 4.0.30319.42000}
盘符：D
CPU使用率：{3.571056%} ，可用内存大小:{14264MB}，硬盘剩余空间：
  盘符 C:\ 的剩余空间：70 GB
  盘符 D:\ 的剩余空间：88 GB
  盘符 F:\ 的剩余空间：3 GB
==========================================================================
2023-03-31 10:39:44,251 [AppLog] INFO : 软件开机密码正确，登录成功1次
==========================================================================
操作系统:{Microsoft Windows 7 旗舰版 }
运行环境:{ .Net Framework Enviroment Version 4.0.30319.42000}
盘符：D
CPU使用率：{0%} ，可用内存大小:{14275MB}，硬盘剩余空间：
  盘符 C:\ 的剩余空间：70 GB
  盘符 D:\ 的剩余空间：88 GB
  盘符 F:\ 的剩余空间：3 GB
硬件配置情况：
  CPU 厂家: GenuineIntel CPU 型号: Intel(R) Core(TM) i7-4770 CPU @ 3.40GHz
  内存条厂家: Kingston 内存条型号: 99P5471-043.A00LF 
  内存条厂家: Kingston 内存条型号: 99P5471-043.A00LF 
  硬盘厂家: (标准磁盘驱动器) 硬盘型号: Micron_1300_MTFDDAK256TDL ATA Device
  硬盘厂家: (标准磁盘驱动器) 硬盘型号: Generic Flash Disk USB Device
==========================================================================
2023-03-31 10:39:44,267 [AppLog] INFO : 开启系统：板卡通讯，伺服供电，照明系统，UV/HR固化系统！
2023-03-31 10:39:44,269 [AppLog] INFO : 开启系统：一键启动系统开始！
2023-03-31 10:39:50,279 [AppLog] INFO : 开启系统：一键启动系统结束！
2023-03-31 10:39:50,287 [AppLog] INFO : 初始化喷墨控制器启动！
2023-03-31 10:40:09,465 [AppLog] INFO : 打开喷墨控制器设备成功！
2023-03-31 10:40:10,965 [AppLog] INFO : 更新{1}号喷头温度成功：MCU_SetPhStdTemp{25℃}
2023-03-31 10:40:10,991 [AppLog] INFO : 初始化喷墨控制器成功！
2023-03-31 10:40:10,991 [AppLog] INFO : 进入：EquipmentMotionLogic3=》准备创建对象-手动操作！
2023-03-31 10:40:11,182 [AppLog] INFO : 进入：EquipmentMotionLogic3=》创建完成-手动操作！
2023-03-31 10:40:11,318 [AppLog] INFO : 红外灯控制器485通讯建立！
2023-03-31 10:40:11,320 [AppLog] INFO : 进入电气控制模块
2023-03-31 10:40:12,570 [AppLog] INFO : 电气控制模块：手动打开端口14
2023-03-31 10:40:13,304 [AppLog] INFO : 电气控制模块：手动打开端口15
2023-03-31 10:40:14,038 [AppLog] INFO : 退出电气控制模块
2023-03-31 10:40:14,910 [AppLog] INFO : 进入手动调试子模块！
2023-03-31 10:40:14,910 [AppLog] INFO : 进入：ManulBtn_Click=》准备创建对象-手动操作！
2023-03-31 10:40:14,937 [AppLog] INFO : 创建：ManualControl=》创建完成-手动操作！
2023-03-31 10:40:14,938 [AppLog] INFO : 加载成功：温控Modbus接口！
2023-03-31 10:50:51,096 [AppLog] INFO : 开启铺粉车回零校准：PowderCarHomeBtn_Click
2023-03-31 10:50:51,096 [AppLog] INFO : 开启粉车回零校准线程：PowderCarHomeResetThread
2023-03-31 10:51:01,158 [AppLog] INFO : 手动正向点动指令（8轴运控板卡系统） ====》：输出AXIS{第2轴},点动量{-116MM},运动速度{30MM/s}
2023-03-31 10:51:01,158 [AppLog] INFO : 粉车回零校准线程成功：PowderCarHomeResetThread
2023-03-31 10:51:05,745 [AppLog] INFO : 开启墨车回零校准：PrintCarHomeBtn_Click
2023-03-31 10:51:05,745 [AppLog] INFO : 开启墨车回零校准线程：InkCarEncoderResetThread
2023-03-31 10:51:25,572 [AppLog] INFO : 墨车回零校准线程成功：InkCarEncoderResetThread
2023-03-31 10:51:32,483 [AppLog] INFO : 开启铺粉车回零校准：PowderCarHomeBtn_Click
2023-03-31 10:51:32,483 [AppLog] INFO : 开启粉车回零校准线程：PowderCarHomeResetThread
2023-03-31 10:51:42,436 [AppLog] INFO : 手动正向点动指令（8轴运控板卡系统） ====》：输出AXIS{第2轴},点动量{-116MM},运动速度{30MM/s}
2023-03-31 10:51:42,483 [AppLog] INFO : 粉车回零校准线程成功：PowderCarHomeResetThread
2023-03-31 10:51:47,241 [AppLog] INFO : 开启墨车回零校准：PrintCarHomeBtn_Click
2023-03-31 10:51:47,241 [AppLog] INFO : 开启墨车回零校准线程：InkCarEncoderResetThread
2023-03-31 10:51:58,831 [AppLog] INFO : 墨车回零校准线程成功：InkCarEncoderResetThread
2023-03-31 10:52:06,538 [AppLog] INFO : 手动控制墨车运动开启：沿Y轴后侧方向运动 ↓↓↓：nAxis{{1}},Dir{{true}},nPlsSpeed{{{nSpeed}}},nPlsCount{{750000}},cControlFlag{{{nCtlValue}}}
2023-03-31 10:52:11,421 [AppLog] INFO : 手动控制墨车运动带减速停止：沿Y轴方向运动 ↑↑↑↓↓↓ ====: bImmeStop{{false}},nAxisMask{{0x2}}
2023-03-31 10:52:12,045 [AppLog] INFO : 手动控制墨车运动开启：沿Y轴后侧方向运动 ↓↓↓：nAxis{{1}},Dir{{true}},nPlsSpeed{{{nSpeed}}},nPlsCount{{750000}},cControlFlag{{{nCtlValue}}}
2023-03-31 10:52:12,123 [AppLog] INFO : 手动控制墨车运动带减速停止：沿Y轴方向运动 ↑↑↑↓↓↓ ====: bImmeStop{{false}},nAxisMask{{0x2}}
2023-03-31 10:52:12,778 [AppLog] INFO : 手动控制墨车运动开启：沿Y轴后侧方向运动 ↓↓↓：nAxis{{1}},Dir{{true}},nPlsSpeed{{{nSpeed}}},nPlsCount{{750000}},cControlFlag{{{nCtlValue}}}
2023-03-31 10:52:12,856 [AppLog] INFO : 手动控制墨车运动带减速停止：沿Y轴方向运动 ↑↑↑↓↓↓ ====: bImmeStop{{false}},nAxisMask{{0x2}}
2023-03-31 10:52:13,137 [AppLog] INFO : 手动控制墨车运动开启：沿Y轴后侧方向运动 ↓↓↓：nAxis{{1}},Dir{{true}},nPlsSpeed{{{nSpeed}}},nPlsCount{{750000}},cControlFlag{{{nCtlValue}}}
2023-03-31 10:52:13,215 [AppLog] INFO : 手动控制墨车运动带减速停止：沿Y轴方向运动 ↑↑↑↓↓↓ ====: bImmeStop{{false}},nAxisMask{{0x2}}
2023-03-31 10:52:14,041 [AppLog] INFO : 手动控制墨车运动开启：沿Y轴后侧方向运动 ↓↓↓：nAxis{{1}},Dir{{true}},nPlsSpeed{{{nSpeed}}},nPlsCount{{750000}},cControlFlag{{{nCtlValue}}}
2023-03-31 10:52:14,041 [AppLog] INFO : 手动控制墨车运动带减速停止：沿Y轴方向运动 ↑↑↑↓↓↓ ====: bImmeStop{{false}},nAxisMask{{0x2}}
2023-03-31 10:52:14,541 [AppLog] INFO : 手动控制墨车运动开启：沿Y轴后侧方向运动 ↓↓↓：nAxis{{1}},Dir{{true}},nPlsSpeed{{{nSpeed}}},nPlsCount{{750000}},cControlFlag{{{nCtlValue}}}
2023-03-31 10:52:14,619 [AppLog] INFO : 手动控制墨车运动带减速停止：沿Y轴方向运动 ↑↑↑↓↓↓ ====: bImmeStop{{false}},nAxisMask{{0x2}}
2023-03-31 10:52:16,896 [AppLog] INFO : 手动控制墨车运动开启：沿X轴左侧方向运动 《====：nAxis{{0}},Dir{{false}},nPlsSpeed{{{nSpeed}}},nPlsCount{{750000}},cControlFlag{{{nCtlValue}}}
2023-03-31 10:52:17,395 [AppLog] INFO : 手动控制墨车运动带减速停止：沿X轴方向运动 ====》《=== ====: bImmeStop{false},nAxisMask{0x1}
2023-03-31 10:52:20,827 [AppLog] INFO : 手动控制墨车运动开启，沿X轴右侧方向运动 ====》：nAxis{0},Dir{true},nPlsSpeed{50000},nPlsCount{750000},cControlFlag{2}
2023-03-31 10:52:20,890 [AppLog] INFO : 手动控制墨车运动带减速停止：沿X轴方向运动 ====》《=== ====: bImmeStop{false},nAxisMask{0x1}
2023-03-31 10:52:21,186 [AppLog] INFO : 手动控制墨车运动开启，沿X轴右侧方向运动 ====》：nAxis{0},Dir{true},nPlsSpeed{50000},nPlsCount{750000},cControlFlag{2}
2023-03-31 10:52:21,249 [AppLog] INFO : 手动控制墨车运动带减速停止：沿X轴方向运动 ====》《=== ====: bImmeStop{false},nAxisMask{0x1}
2023-03-31 10:52:21,639 [AppLog] INFO : 手动控制墨车运动开启，沿X轴右侧方向运动 ====》：nAxis{0},Dir{true},nPlsSpeed{50000},nPlsCount{750000},cControlFlag{2}
2023-03-31 10:52:21,763 [AppLog] INFO : 手动控制墨车运动带减速停止：沿X轴方向运动 ====》《=== ====: bImmeStop{false},nAxisMask{0x1}
2023-03-31 10:52:21,904 [AppLog] INFO : 手动控制墨车运动开启，沿X轴右侧方向运动 ====》：nAxis{0},Dir{true},nPlsSpeed{50000},nPlsCount{750000},cControlFlag{2}
2023-03-31 10:52:21,966 [AppLog] INFO : 手动控制墨车运动带减速停止：沿X轴方向运动 ====》《=== ====: bImmeStop{false},nAxisMask{0x1}
2023-03-31 10:53:05,834 [AppLog] INFO : 退出手动调试子模块,已执行修改
==========================================================================
2023-03-31 10:53:06,816 [AppLog] INFO : 开启系统：板卡通讯，伺服供电，照明系统，UV/HR固化系统！
2023-03-31 10:53:07,612 [AppLog] INFO : 关闭系统：一键关闭系统开始！
2023-03-31 10:53:13,821 [AppLog] INFO : 关闭系统：一键关闭系统结束！
2023-03-31 10:53:13,821 [AppLog] INFO : 喷墨控制器的所有轴输出关闭！
2023-03-31 10:53:13,852 [AppLog] INFO : 喷墨控制器关闭！
2023-03-31 10:53:13,852 [AppLog] INFO : 进入电气控制模块
2023-03-31 10:53:15,662 [AppLog] INFO : 退出电气控制模块
2023-03-31 10:53:17,112 [AppLog] INFO : 进入电气控制模块
2023-03-31 10:53:18,080 [AppLog] INFO : 电气控制模块：手动关闭端口14
2023-03-31 10:53:18,953 [AppLog] INFO : 电气控制模块：手动关闭端口15
2023-03-31 10:53:19,671 [AppLog] INFO : 退出电气控制模块
2023-03-31 10:53:21,075 [AppLog] INFO : 软件及设备关停中：墨车所有方向运动确认停止（X,Y,Y2)： bImmeStop{False},nAxisMask{0x7}
2023-03-31 10:53:21,075 [AppLog] INFO : 软件及设备关停中：喷墨控制器板卡系统关闭（X,Y,Y2)：DEV_CloseDevice
2023-03-31 10:53:21,746 [AppLog] INFO : 软件及设备关停成功
==========================================================================
操作系统:{Microsoft Windows 7 旗舰版 }
运行环境:{ .Net Framework Enviroment Version 4.0.30319.42000}
盘符：D
CPU使用率：{5.356767%} ，可用内存大小:{14290MB}，硬盘剩余空间：
  盘符 C:\ 的剩余空间：70 GB
  盘符 D:\ 的剩余空间：88 GB
  盘符 F:\ 的剩余空间：3 GB
==========================================================================
