2023-07-14 22:06:30,864 [AppLog] INFO : 开启系统：板卡通讯，伺服供电，照明系统，UV/HR固化系统！
2023-07-14 22:06:31,816 [AppLog] INFO : 关闭系统：一键关闭系统开始！
2023-07-14 22:06:38,040 [AppLog] INFO : 关闭系统：一键关闭系统结束！
2023-07-14 22:06:38,087 [AppLog] INFO : 喷墨控制器的所有轴输出关闭！
2023-07-14 22:06:38,118 [AppLog] INFO : 喷墨控制器关闭！
2023-07-14 22:06:38,118 [AppLog] INFO : 创建：AutoPrintMotion0=》不需重新创建-手动操作！
2023-07-14 22:06:38,118 [AppLog] INFO : 进入电气控制模块
2023-07-14 22:06:41,878 [AppLog] INFO : 退出电气控制模块
2023-07-14 22:06:45,544 [AppLog] INFO : 软件及设备关停中：墨车所有方向运动确认停止（X,Y,Y2)： bImmeStop{False},nAxisMask{0x7}
2023-07-14 22:06:45,544 [AppLog] INFO : 软件及设备关停中：喷墨控制器板卡系统关闭（X,Y,Y2)：DEV_CloseDevice
2023-07-14 22:06:46,230 [AppLog] INFO : 软件及设备关停成功
==========================================================================
操作系统:{Microsoft Windows 7 旗舰版 }
运行环境:{ .Net Framework Enviroment Version 4.0.30319.42000}
盘符：D
CPU使用率：{12.49961%} ，可用内存大小:{14271MB}，硬盘剩余空间：
  盘符 C:\ 的剩余空间：70 GB
  盘符 D:\ 的剩余空间：81 GB
==========================================================================
2023-07-14 22:11:16,477 [AppLog] INFO : 软件开机密码正确，登录成功1次
==========================================================================
操作系统:{Microsoft Windows 7 旗舰版 }
运行环境:{ .Net Framework Enviroment Version 4.0.30319.42000}
盘符：D
CPU使用率：{16.07103%} ，可用内存大小:{14211MB}，硬盘剩余空间：
  盘符 C:\ 的剩余空间：70 GB
  盘符 D:\ 的剩余空间：81 GB
  盘符 F:\ 的剩余空间：46 GB
硬件配置情况：
  CPU 厂家: GenuineIntel CPU 型号: Intel(R) Core(TM) i7-4770 CPU @ 3.40GHz
  内存条厂家: Kingston 内存条型号: 99P5471-043.A00LF 
  内存条厂家: Kingston 内存条型号: 99P5471-043.A00LF 
  硬盘厂家: (标准磁盘驱动器) 硬盘型号: Micron_1300_MTFDDAK256TDL ATA Device
  硬盘厂家: (标准磁盘驱动器) 硬盘型号:  USB  SanDisk 3.2Gen1 USB Device
==========================================================================
2023-07-14 22:11:16,493 [AppLog] INFO : 开启系统：板卡通讯，伺服供电，照明系统，UV/HR固化系统！
2023-07-14 22:11:16,493 [AppLog] INFO : 开启系统：一键启动系统开始！
2023-07-14 22:11:22,577 [AppLog] INFO : 开启系统：一键启动系统结束！
2023-07-14 22:11:22,717 [AppLog] INFO : 创建：AutoPrintMotion0=》初次创建完成-手动操作！
2023-07-14 22:11:22,795 [AppLog] INFO : 初始化喷墨控制器启动！
2023-07-14 22:11:46,569 [AppLog] INFO : 打开喷墨控制器设备成功！
2023-07-14 22:11:46,601 [AppLog] INFO : 输入校准值1次{成功}，打印往返差校准值为：BiDirEncPrtOff{5},分频值{8},打印速度{300mm/s}
2023-07-14 22:11:46,975 [AppLog] INFO : PASS打印前关键状态：DEV_GetDeviceInfo：LPPRINTER_INFO:nXSysEncDPI{5080}nStatus{909129520}nPrintStatus{0}bSuperDevice{1}
LPPRINTER_INFO-LPPrtRunInfo:bJobPrtRuning{False}bLayerPrtIsOver{False}nContReqMemErr{0}nContWDErr{0}nCurPrtDir{0}nDTLayerIndex{0}nDTLayerPassIndex{0}nDTPtrCtlIndex{0}nLayerPassCount{0}nPrintLayerIndex{0}nPrintPassIndex{0}nProcLayerIndex{0}nPrtDataMemAddr{0}nPrtState{0}nReverse{System.Int32[]}nRevPrtCols{0}
LPPRINTER_INFO-LPDRVINFO:nFMVersion{45074}nFpgaVersion{539038216}nPCBVersion{0}nState{0}nNextState{0}nPtvwarnState{0}nCrc32{0}nRevInfo{System.UInt32[]}nSignature{0}
2023-07-14 22:11:49,986 [AppLog] INFO : 初始化喷墨控制器成功！
2023-07-14 22:11:49,986 [AppLog] INFO : 进入：EquipmentMotionLogic3=》准备创建对象-手动操作！
2023-07-14 22:11:50,017 [AppLog] INFO : 进入：EquipmentMotionLogic3=》创建完成-手动操作！
2023-07-14 22:11:50,126 [AppLog] INFO : 红外灯控制器485通讯建立！
2023-07-14 22:11:50,126 [AppLog] INFO : 进入电气控制模块
2023-07-14 22:11:50,984 [AppLog] INFO : 退出电气控制模块
2023-07-14 22:11:51,842 [AppLog] INFO : 进入手动调试子模块！
2023-07-14 22:11:51,842 [AppLog] INFO : 进入：ManulBtn_Click=》准备创建对象-手动操作！
2023-07-14 22:11:51,873 [AppLog] INFO : 创建：ManualControl=》创建完成-手动操作！
2023-07-14 22:11:51,873 [AppLog] INFO : 加载成功：温控Modbus接口！
2023-07-14 22:11:55,695 [AppLog] INFO : 开启手动压墨上墨：PushInkBtn_Click
2023-07-14 22:11:56,397 [AppLog] INFO : 停止手动压墨上墨：PushInkBtn_Click
2023-07-14 22:11:58,363 [AppLog] INFO : 开启手动压墨上墨：PushInkBtn_Click
2023-07-14 22:11:59,081 [AppLog] INFO : 停止手动压墨上墨：PushInkBtn_Click
2023-07-14 22:12:01,140 [AppLog] INFO : 开启手动压墨上墨：PushInkBtn_Click
2023-07-14 22:12:01,982 [AppLog] INFO : 停止手动压墨上墨：PushInkBtn_Click
2023-07-14 22:12:04,291 [AppLog] INFO : 开启手动压墨上墨：PushInkBtn_Click
2023-07-14 22:12:05,009 [AppLog] INFO : 停止手动压墨上墨：PushInkBtn_Click
2023-07-14 22:12:06,943 [AppLog] INFO : 开启手动压墨上墨：PushInkBtn_Click
2023-07-14 22:12:07,676 [AppLog] INFO : 停止手动压墨上墨：PushInkBtn_Click
2023-07-14 22:12:10,547 [AppLog] INFO : 开启手动压墨上墨：PushInkBtn_Click
2023-07-14 22:12:11,280 [AppLog] INFO : 停止手动压墨上墨：PushInkBtn_Click
2023-07-14 22:12:13,947 [AppLog] INFO : 开启手动压墨上墨：PushInkBtn_Click
2023-07-14 22:12:14,790 [AppLog] INFO : 停止手动压墨上墨：PushInkBtn_Click
2023-07-14 22:12:16,943 [AppLog] INFO : 开启手动压墨上墨：PushInkBtn_Click
2023-07-14 22:12:17,442 [AppLog] INFO : 停止手动压墨上墨：PushInkBtn_Click
2023-07-14 22:12:19,439 [AppLog] INFO : 退出手动调试子模块,已执行修改
==========================================================================
2023-07-14 22:21:10,042 [AppLog] INFO : 开启系统：板卡通讯，伺服供电，照明系统，UV/HR固化系统！
2023-07-14 22:21:11,181 [AppLog] INFO : 关闭系统：一键关闭系统开始！
2023-07-14 22:21:17,363 [AppLog] INFO : 关闭系统：一键关闭系统结束！
2023-07-14 22:21:17,372 [AppLog] INFO : 喷墨控制器的所有轴输出关闭！
2023-07-14 22:21:17,404 [AppLog] INFO : 喷墨控制器关闭！
2023-07-14 22:21:17,405 [AppLog] INFO : 创建：AutoPrintMotion0=》不需重新创建-手动操作！
2023-07-14 22:21:17,409 [AppLog] INFO : 进入电气控制模块
2023-07-14 22:21:18,954 [AppLog] INFO : 退出电气控制模块
2023-07-14 22:21:20,389 [AppLog] INFO : 软件及设备关停中：墨车所有方向运动确认停止（X,Y,Y2)： bImmeStop{False},nAxisMask{0x7}
2023-07-14 22:21:20,389 [AppLog] INFO : 软件及设备关停中：喷墨控制器板卡系统关闭（X,Y,Y2)：DEV_CloseDevice
2023-07-14 22:21:21,060 [AppLog] INFO : 软件及设备关停成功
==========================================================================
操作系统:{Microsoft Windows 7 旗舰版 }
运行环境:{ .Net Framework Enviroment Version 4.0.30319.42000}
盘符：D
CPU使用率：{17.85667%} ，可用内存大小:{14186MB}，硬盘剩余空间：
  盘符 C:\ 的剩余空间：70 GB
  盘符 D:\ 的剩余空间：81 GB
  盘符 F:\ 的剩余空间：46 GB
==========================================================================
2023-07-14 22:21:47,533 [AppLog] INFO : 软件开机密码正确，登录成功1次
==========================================================================
操作系统:{Microsoft Windows 7 旗舰版 }
运行环境:{ .Net Framework Enviroment Version 4.0.30319.42000}
盘符：D
CPU使用率：{8.928188%} ，可用内存大小:{14206MB}，硬盘剩余空间：
  盘符 C:\ 的剩余空间：70 GB
  盘符 D:\ 的剩余空间：81 GB
  盘符 F:\ 的剩余空间：46 GB
硬件配置情况：
  CPU 厂家: GenuineIntel CPU 型号: Intel(R) Core(TM) i7-4770 CPU @ 3.40GHz
  内存条厂家: Kingston 内存条型号: 99P5471-043.A00LF 
  内存条厂家: Kingston 内存条型号: 99P5471-043.A00LF 
  硬盘厂家: (标准磁盘驱动器) 硬盘型号: Micron_1300_MTFDDAK256TDL ATA Device
  硬盘厂家: (标准磁盘驱动器) 硬盘型号:  USB  SanDisk 3.2Gen1 USB Device
==========================================================================
2023-07-14 22:21:49,686 [AppLog] INFO : 开启系统：板卡通讯，伺服供电，照明系统，UV/HR固化系统！
2023-07-14 22:21:49,686 [AppLog] INFO : 开启系统：一键启动系统开始！
2023-07-14 22:21:55,770 [AppLog] INFO : 开启系统：一键启动系统结束！
2023-07-14 22:21:55,910 [AppLog] INFO : 创建：AutoPrintMotion0=》初次创建完成-手动操作！
2023-07-14 22:21:55,973 [AppLog] INFO : 初始化喷墨控制器启动！
2023-07-14 22:22:19,747 [AppLog] INFO : 打开喷墨控制器设备成功！
2023-07-14 22:22:19,778 [AppLog] INFO : 输入校准值1次{成功}，打印往返差校准值为：BiDirEncPrtOff{5},分频值{8},打印速度{300mm/s}
2023-07-14 22:22:20,168 [AppLog] INFO : PASS打印前关键状态：DEV_GetDeviceInfo：LPPRINTER_INFO:nXSysEncDPI{5080}nStatus{909129520}nPrintStatus{0}bSuperDevice{1}
LPPRINTER_INFO-LPPrtRunInfo:bJobPrtRuning{False}bLayerPrtIsOver{False}nContReqMemErr{0}nContWDErr{0}nCurPrtDir{0}nDTLayerIndex{0}nDTLayerPassIndex{0}nDTPtrCtlIndex{0}nLayerPassCount{0}nPrintLayerIndex{0}nPrintPassIndex{0}nProcLayerIndex{0}nPrtDataMemAddr{0}nPrtState{0}nReverse{System.Int32[]}nRevPrtCols{0}
LPPRINTER_INFO-LPDRVINFO:nFMVersion{45074}nFpgaVersion{539038216}nPCBVersion{0}nState{0}nNextState{0}nPtvwarnState{0}nCrc32{0}nRevInfo{System.UInt32[]}nSignature{0}
2023-07-14 22:22:56,501 [AppLog] INFO : 初始化喷墨控制器成功！
2023-07-14 22:22:56,501 [AppLog] INFO : 进入：EquipmentMotionLogic3=》准备创建对象-手动操作！
2023-07-14 22:22:56,532 [AppLog] INFO : 进入：EquipmentMotionLogic3=》创建完成-手动操作！
2023-07-14 22:22:56,641 [AppLog] INFO : 红外灯控制器485通讯建立！
2023-07-14 22:22:56,657 [AppLog] INFO : 进入电气控制模块
2023-07-14 22:22:58,856 [AppLog] INFO : 退出电气控制模块
2023-07-14 22:23:00,245 [AppLog] INFO : 软件及设备关停中：墨车所有方向运动确认停止（X,Y,Y2)： bImmeStop{False},nAxisMask{0x7}
2023-07-14 22:23:00,276 [AppLog] INFO : 软件及设备关停中：喷墨控制器板卡系统关闭（X,Y,Y2)：DEV_CloseDevice
2023-07-14 22:23:00,915 [AppLog] INFO : 软件及设备关停成功
==========================================================================
操作系统:{Microsoft Windows 7 旗舰版 }
运行环境:{ .Net Framework Enviroment Version 4.0.30319.42000}
盘符：D
CPU使用率：{39.28546%} ，可用内存大小:{14194MB}，硬盘剩余空间：
  盘符 C:\ 的剩余空间：70 GB
  盘符 D:\ 的剩余空间：81 GB
  盘符 F:\ 的剩余空间：46 GB
==========================================================================
