2024-01-07 10:09:28,501 [AppLog] INFO : 退出手动调试子模块，未执行修改
==========================================================================
2024-01-07 10:09:29,640 [AppLog] INFO : 进入电气控制模块
2024-01-07 10:09:32,183 [AppLog] INFO : 退出电气控制模块
2024-01-07 10:09:33,415 [AppLog] INFO : 进入手动调试子模块！
2024-01-07 10:09:33,415 [AppLog] INFO : 进入：ManulBtn_Click=》准备创建对象-手动操作！
2024-01-07 10:09:33,462 [AppLog] INFO : 创建：ManualControl=》创建完成-手动操作！
2024-01-07 10:09:33,462 [AppLog] INFO : 加载成功：温控Modbus接口！
2024-01-07 10:09:39,890 [AppLog] INFO : 手动正向点动指令（8轴运控板卡系统） ====》：输出AXIS{第1轴},点动量{1.5MM},运动速度{2MM/s}
2024-01-07 10:09:40,482 [AppLog] INFO : 切换为JOG模式====》：输出AXIS{第1轴}
2024-01-07 10:09:41,387 [AppLog] INFO : 手动正向JOG指令（8轴运控板卡系统） ====》：输出AXIS{第1轴},运动速度{2MM/s}
2024-01-07 10:09:43,727 [AppLog] INFO : 手动停止JOG输出（8轴运控板卡系统） ====》：输出AXIS{第1轴}
2024-01-07 10:09:46,161 [AppLog] INFO : 手动正向JOG指令（8轴运控板卡系统） ====》：输出AXIS{第1轴},运动速度{2MM/s}
2024-01-07 10:09:53,586 [AppLog] INFO : 手动停止JOG输出（8轴运控板卡系统） ====》：输出AXIS{第1轴}
2024-01-07 10:09:53,742 [AppLog] INFO : 手动正向JOG指令（8轴运控板卡系统） ====》：输出AXIS{第1轴},运动速度{2MM/s}
2024-01-07 10:09:59,764 [AppLog] INFO : 手动停止JOG输出（8轴运控板卡系统） ====》：输出AXIS{第1轴}
2024-01-07 10:10:00,060 [AppLog] INFO : 手动正向JOG指令（8轴运控板卡系统） ====》：输出AXIS{第1轴},运动速度{2MM/s}
2024-01-07 10:10:07,486 [AppLog] INFO : 手动停止JOG输出（8轴运控板卡系统） ====》：输出AXIS{第1轴}
2024-01-07 10:10:14,038 [AppLog] INFO : 退出手动调试子模块，未执行修改
==========================================================================
2024-01-07 10:10:15,036 [AppLog] INFO : 进入电气控制模块
2024-01-07 10:10:16,378 [AppLog] INFO : 电气控制模块：手动打开端口14
2024-01-07 10:10:17,220 [AppLog] INFO : 退出电气控制模块
2024-01-07 10:10:18,063 [AppLog] INFO : 进入手动调试子模块！
2024-01-07 10:10:18,063 [AppLog] INFO : 进入：ManulBtn_Click=》准备创建对象-手动操作！
2024-01-07 10:10:18,110 [AppLog] INFO : 创建：ManualControl=》创建完成-手动操作！
2024-01-07 10:10:18,110 [AppLog] INFO : 加载成功：温控Modbus接口！
2024-01-07 10:10:19,950 [AppLog] INFO : 切换为JOG模式====》：输出AXIS{第1轴}
2024-01-07 10:10:21,167 [AppLog] INFO : 手动正向JOG指令（8轴运控板卡系统） ====》：输出AXIS{第1轴},运动速度{2MM/s}
2024-01-07 10:10:27,485 [AppLog] INFO : 手动停止JOG输出（8轴运控板卡系统） ====》：输出AXIS{第1轴}
2024-01-07 10:10:27,797 [AppLog] INFO : 手动正向JOG指令（8轴运控板卡系统） ====》：输出AXIS{第1轴},运动速度{2MM/s}
2024-01-07 10:10:30,168 [AppLog] INFO : 手动停止JOG输出（8轴运控板卡系统） ====》：输出AXIS{第1轴}
2024-01-07 10:10:30,886 [AppLog] INFO : 手动负向JOG指令（8轴运控板卡系统） ====》：输出AXIS{第1轴},运动速度{2MM/s}
2024-01-07 10:10:33,600 [AppLog] INFO : 手动停止JOG输出（8轴运控板卡系统） ====》：输出AXIS{第1轴}
2024-01-07 10:10:35,207 [AppLog] INFO : 手动正向JOG指令（8轴运控板卡系统） ====》：输出AXIS{第1轴},运动速度{2MM/s}
2024-01-07 10:10:40,418 [AppLog] INFO : 手动停止JOG输出（8轴运控板卡系统） ====》：输出AXIS{第1轴}
2024-01-07 10:10:41,744 [AppLog] INFO : 手动负向JOG指令（8轴运控板卡系统） ====》：输出AXIS{第1轴},运动速度{2MM/s}
2024-01-07 10:10:44,240 [AppLog] INFO : 手动停止JOG输出（8轴运控板卡系统） ====》：输出AXIS{第1轴}
2024-01-07 10:10:45,129 [AppLog] INFO : 手动正向JOG指令（8轴运控板卡系统） ====》：输出AXIS{第1轴},运动速度{2MM/s}
2024-01-07 10:10:49,185 [AppLog] INFO : 手动停止JOG输出（8轴运控板卡系统） ====》：输出AXIS{第1轴}
2024-01-07 10:10:50,979 [AppLog] INFO : 退出手动调试子模块，未执行修改
==========================================================================
2024-01-07 10:10:52,133 [AppLog] INFO : 进入电气控制模块
2024-01-07 10:10:53,662 [AppLog] INFO : 电气控制模块：手动打开端口15
2024-01-07 10:10:54,707 [AppLog] INFO : 退出电气控制模块
2024-01-07 10:10:56,345 [AppLog] INFO : 进入手动调试子模块！
2024-01-07 10:10:56,345 [AppLog] INFO : 进入：ManulBtn_Click=》准备创建对象-手动操作！
2024-01-07 10:10:56,392 [AppLog] INFO : 创建：ManualControl=》创建完成-手动操作！
2024-01-07 10:10:56,392 [AppLog] INFO : 加载成功：温控Modbus接口！
2024-01-07 10:11:01,571 [AppLog] INFO : 手动正向点动指令（8轴运控板卡系统） ====》：输出AXIS{第1轴},点动量{1.5MM},运动速度{2MM/s}
2024-01-07 10:11:03,615 [AppLog] INFO : 手动正向点动指令（8轴运控板卡系统） ====》：输出AXIS{第1轴},点动量{1.5MM},运动速度{2MM/s}
2024-01-07 10:11:04,816 [AppLog] INFO : 切换为JOG模式====》：输出AXIS{第1轴}
2024-01-07 10:11:05,580 [AppLog] INFO : 手动正向JOG指令（8轴运控板卡系统） ====》：输出AXIS{第1轴},运动速度{2MM/s}
2024-01-07 10:11:08,014 [AppLog] INFO : 手动停止JOG输出（8轴运控板卡系统） ====》：输出AXIS{第1轴}
2024-01-07 10:11:14,831 [AppLog] INFO : 手动正向JOG指令（8轴运控板卡系统） ====》：输出AXIS{第1轴},运动速度{5MM/s}
2024-01-07 10:11:46,016 [AppLog] INFO : 手动停止JOG输出（8轴运控板卡系统） ====》：输出AXIS{第1轴}
2024-01-07 10:11:46,187 [AppLog] INFO : 手动正向JOG指令（8轴运控板卡系统） ====》：输出AXIS{第1轴},运动速度{5MM/s}
2024-01-07 10:11:48,964 [AppLog] INFO : 手动停止JOG输出（8轴运控板卡系统） ====》：输出AXIS{第1轴}
2024-01-07 10:11:49,151 [AppLog] INFO : 手动正向JOG指令（8轴运控板卡系统） ====》：输出AXIS{第1轴},运动速度{5MM/s}
2024-01-07 10:11:53,317 [AppLog] INFO : 手动停止JOG输出（8轴运控板卡系统） ====》：输出AXIS{第1轴}
2024-01-07 10:11:53,441 [AppLog] INFO : 手动正向JOG指令（8轴运控板卡系统） ====》：输出AXIS{第1轴},运动速度{5MM/s}
2024-01-07 10:11:58,839 [AppLog] INFO : 手动停止JOG输出（8轴运控板卡系统） ====》：输出AXIS{第1轴}
2024-01-07 10:11:58,979 [AppLog] INFO : 手动正向JOG指令（8轴运控板卡系统） ====》：输出AXIS{第1轴},运动速度{5MM/s}
2024-01-07 10:12:02,474 [AppLog] INFO : 手动停止JOG输出（8轴运控板卡系统） ====》：输出AXIS{第1轴}
2024-01-07 10:12:02,630 [AppLog] INFO : 手动正向JOG指令（8轴运控板卡系统） ====》：输出AXIS{第1轴},运动速度{5MM/s}
2024-01-07 10:12:03,987 [AppLog] INFO : 手动停止JOG输出（8轴运控板卡系统） ====》：输出AXIS{第1轴}
2024-01-07 10:12:04,174 [AppLog] INFO : 手动正向JOG指令（8轴运控板卡系统） ====》：输出AXIS{第1轴},运动速度{5MM/s}
2024-01-07 10:12:04,720 [AppLog] INFO : 手动停止JOG输出（8轴运控板卡系统） ====》：输出AXIS{第1轴}
2024-01-07 10:12:05,048 [AppLog] INFO : 手动正向JOG指令（8轴运控板卡系统） ====》：输出AXIS{第1轴},运动速度{5MM/s}
2024-01-07 10:12:05,235 [AppLog] INFO : 手动停止JOG输出（8轴运控板卡系统） ====》：输出AXIS{第1轴}
2024-01-07 10:12:10,882 [AppLog] INFO : 手动负向JOG指令（8轴运控板卡系统） ====》：输出AXIS{第1轴},运动速度{2MM/s}
2024-01-07 10:12:26,217 [AppLog] INFO : 手动停止JOG输出（8轴运控板卡系统） ====》：输出AXIS{第1轴}
2024-01-07 10:13:17,744 [AppLog] INFO : 手动正向JOG指令（8轴运控板卡系统） ====》：输出AXIS{第1轴},运动速度{2MM/s}
2024-01-07 10:13:21,847 [AppLog] INFO : 手动停止JOG输出（8轴运控板卡系统） ====》：输出AXIS{第1轴}
2024-01-07 10:13:22,049 [AppLog] INFO : 手动正向JOG指令（8轴运控板卡系统） ====》：输出AXIS{第1轴},运动速度{2MM/s}
2024-01-07 10:13:31,316 [AppLog] INFO : 手动停止JOG输出（8轴运控板卡系统） ====》：输出AXIS{第1轴}
2024-01-07 10:13:31,612 [AppLog] INFO : 手动正向JOG指令（8轴运控板卡系统） ====》：输出AXIS{第1轴},运动速度{2MM/s}
2024-01-07 10:13:32,143 [AppLog] INFO : 手动停止JOG输出（8轴运控板卡系统） ====》：输出AXIS{第1轴}
2024-01-07 10:13:32,860 [AppLog] INFO : 手动正向JOG指令（8轴运控板卡系统） ====》：输出AXIS{第1轴},运动速度{2MM/s}
2024-01-07 10:13:33,157 [AppLog] INFO : 手动停止JOG输出（8轴运控板卡系统） ====》：输出AXIS{第1轴}
2024-01-07 10:13:33,516 [AppLog] INFO : 手动正向JOG指令（8轴运控板卡系统） ====》：输出AXIS{第1轴},运动速度{2MM/s}
2024-01-07 10:13:33,656 [AppLog] INFO : 手动停止JOG输出（8轴运控板卡系统） ====》：输出AXIS{第1轴}
2024-01-07 10:13:34,498 [AppLog] INFO : 手动正向JOG指令（8轴运控板卡系统） ====》：输出AXIS{第1轴},运动速度{2MM/s}
2024-01-07 10:13:34,670 [AppLog] INFO : 手动停止JOG输出（8轴运控板卡系统） ====》：输出AXIS{第1轴}
2024-01-07 10:13:35,044 [AppLog] INFO : 手动正向JOG指令（8轴运控板卡系统） ====》：输出AXIS{第1轴},运动速度{2MM/s}
2024-01-07 10:13:35,232 [AppLog] INFO : 手动停止JOG输出（8轴运控板卡系统） ====》：输出AXIS{第1轴}
2024-01-07 10:13:35,466 [AppLog] INFO : 手动正向JOG指令（8轴运控板卡系统） ====》：输出AXIS{第1轴},运动速度{2MM/s}
2024-01-07 10:13:35,606 [AppLog] INFO : 手动停止JOG输出（8轴运控板卡系统） ====》：输出AXIS{第1轴}
2024-01-07 10:13:35,980 [AppLog] INFO : 手动正向JOG指令（8轴运控板卡系统） ====》：输出AXIS{第1轴},运动速度{2MM/s}
2024-01-07 10:13:36,105 [AppLog] INFO : 手动停止JOG输出（8轴运控板卡系统） ====》：输出AXIS{第1轴}
2024-01-07 10:13:36,776 [AppLog] INFO : 手动正向JOG指令（8轴运控板卡系统） ====》：输出AXIS{第1轴},运动速度{2MM/s}
2024-01-07 10:13:37,322 [AppLog] INFO : 手动停止JOG输出（8轴运控板卡系统） ====》：输出AXIS{第1轴}
2024-01-07 10:13:37,759 [AppLog] INFO : 手动正向JOG指令（8轴运控板卡系统） ====》：输出AXIS{第1轴},运动速度{2MM/s}
2024-01-07 10:13:37,868 [AppLog] INFO : 手动停止JOG输出（8轴运控板卡系统） ====》：输出AXIS{第1轴}
2024-01-07 10:13:38,289 [AppLog] INFO : 手动正向JOG指令（8轴运控板卡系统） ====》：输出AXIS{第1轴},运动速度{2MM/s}
2024-01-07 10:13:38,352 [AppLog] INFO : 手动停止JOG输出（8轴运控板卡系统） ====》：输出AXIS{第1轴}
2024-01-07 10:13:38,710 [AppLog] INFO : 手动正向JOG指令（8轴运控板卡系统） ====》：输出AXIS{第1轴},运动速度{2MM/s}
2024-01-07 10:13:38,788 [AppLog] INFO : 手动停止JOG输出（8轴运控板卡系统） ====》：输出AXIS{第1轴}
2024-01-07 10:13:39,163 [AppLog] INFO : 手动正向JOG指令（8轴运控板卡系统） ====》：输出AXIS{第1轴},运动速度{2MM/s}
2024-01-07 10:13:39,272 [AppLog] INFO : 手动停止JOG输出（8轴运控板卡系统） ====》：输出AXIS{第1轴}
2024-01-07 10:13:39,865 [AppLog] INFO : 手动正向JOG指令（8轴运控板卡系统） ====》：输出AXIS{第1轴},运动速度{2MM/s}
2024-01-07 10:13:39,958 [AppLog] INFO : 手动停止JOG输出（8轴运控板卡系统） ====》：输出AXIS{第1轴}
2024-01-07 10:13:53,499 [AppLog] INFO : 手动正向JOG指令（8轴运控板卡系统） ====》：输出AXIS{第1轴},运动速度{2MM/s}
2024-01-07 10:13:53,686 [AppLog] INFO : 手动停止JOG输出（8轴运控板卡系统） ====》：输出AXIS{第1轴}
2024-01-07 10:13:54,700 [AppLog] INFO : 手动负向JOG指令（8轴运控板卡系统） ====》：输出AXIS{第1轴},运动速度{2MM/s}
2024-01-07 10:13:54,810 [AppLog] INFO : 手动停止JOG输出（8轴运控板卡系统） ====》：输出AXIS{第1轴}
2024-01-07 10:13:55,324 [AppLog] INFO : 手动负向JOG指令（8轴运控板卡系统） ====》：输出AXIS{第1轴},运动速度{2MM/s}
2024-01-07 10:13:55,434 [AppLog] INFO : 手动停止JOG输出（8轴运控板卡系统） ====》：输出AXIS{第1轴}
2024-01-07 10:13:55,902 [AppLog] INFO : 手动负向JOG指令（8轴运控板卡系统） ====》：输出AXIS{第1轴},运动速度{2MM/s}
2024-01-07 10:13:56,011 [AppLog] INFO : 手动停止JOG输出（8轴运控板卡系统） ====》：输出AXIS{第1轴}
2024-01-07 10:30:01,762 [AppLog] INFO : 手动正向JOG指令（8轴运控板卡系统） ====》：输出AXIS{第2轴},运动速度{50MM/s}
2024-01-07 10:30:02,027 [AppLog] INFO : 自动停止铺粉棍轴JOG输出（8轴运控板卡系统） ====》：输出AXIS{第6轴}
2024-01-07 10:30:02,027 [AppLog] INFO : 手动停止JOG输出（8轴运控板卡系统） ====》：输出AXIS{第2轴}
2024-01-07 10:30:02,370 [AppLog] INFO : 手动正向JOG指令（8轴运控板卡系统） ====》：输出AXIS{第2轴},运动速度{50MM/s}
2024-01-07 10:30:05,022 [AppLog] INFO : 自动停止铺粉棍轴JOG输出（8轴运控板卡系统） ====》：输出AXIS{第6轴}
2024-01-07 10:30:05,038 [AppLog] INFO : 手动停止JOG输出（8轴运控板卡系统） ====》：输出AXIS{第2轴}
2024-01-07 10:30:05,256 [AppLog] INFO : 手动正向JOG指令（8轴运控板卡系统） ====》：输出AXIS{第2轴},运动速度{50MM/s}
2024-01-07 10:30:05,724 [AppLog] INFO : 自动停止铺粉棍轴JOG输出（8轴运控板卡系统） ====》：输出AXIS{第6轴}
2024-01-07 10:30:05,724 [AppLog] INFO : 手动停止JOG输出（8轴运控板卡系统） ====》：输出AXIS{第2轴}
2024-01-07 10:30:06,067 [AppLog] INFO : 手动正向JOG指令（8轴运控板卡系统） ====》：输出AXIS{第2轴},运动速度{50MM/s}
2024-01-07 10:30:06,208 [AppLog] INFO : 自动停止铺粉棍轴JOG输出（8轴运控板卡系统） ====》：输出AXIS{第6轴}
2024-01-07 10:30:06,208 [AppLog] INFO : 手动停止JOG输出（8轴运控板卡系统） ====》：输出AXIS{第2轴}
2024-01-07 10:30:06,707 [AppLog] INFO : 手动正向JOG指令（8轴运控板卡系统） ====》：输出AXIS{第2轴},运动速度{50MM/s}
2024-01-07 10:30:06,816 [AppLog] INFO : 自动停止铺粉棍轴JOG输出（8轴运控板卡系统） ====》：输出AXIS{第6轴}
2024-01-07 10:30:06,816 [AppLog] INFO : 手动停止JOG输出（8轴运控板卡系统） ====》：输出AXIS{第2轴}
2024-01-07 10:30:58,655 [AppLog] INFO : 手动负向JOG指令（8轴运控板卡系统） ====》：输出AXIS{第1轴},运动速度{2MM/s}
2024-01-07 10:30:58,905 [AppLog] INFO : 手动停止JOG输出（8轴运控板卡系统） ====》：输出AXIS{第1轴}
2024-01-07 10:30:59,170 [AppLog] INFO : 手动负向JOG指令（8轴运控板卡系统） ====》：输出AXIS{第1轴},运动速度{2MM/s}
2024-01-07 10:31:00,324 [AppLog] INFO : 手动停止JOG输出（8轴运控板卡系统） ====》：输出AXIS{第1轴}
2024-01-07 10:31:02,836 [AppLog] INFO : 手动正向JOG指令（8轴运控板卡系统） ====》：输出AXIS{第2轴},运动速度{50MM/s}
2024-01-07 10:31:03,054 [AppLog] INFO : 自动停止铺粉棍轴JOG输出（8轴运控板卡系统） ====》：输出AXIS{第6轴}
2024-01-07 10:31:03,054 [AppLog] INFO : 手动停止JOG输出（8轴运控板卡系统） ====》：输出AXIS{第2轴}
2024-01-07 10:31:03,335 [AppLog] INFO : 手动正向JOG指令（8轴运控板卡系统） ====》：输出AXIS{第2轴},运动速度{50MM/s}
2024-01-07 10:31:04,115 [AppLog] INFO : 自动停止铺粉棍轴JOG输出（8轴运控板卡系统） ====》：输出AXIS{第6轴}
2024-01-07 10:31:04,115 [AppLog] INFO : 手动停止JOG输出（8轴运控板卡系统） ====》：输出AXIS{第2轴}
2024-01-07 10:31:04,318 [AppLog] INFO : 手动正向JOG指令（8轴运控板卡系统） ====》：输出AXIS{第2轴},运动速度{50MM/s}
2024-01-07 10:31:05,129 [AppLog] INFO : 自动停止铺粉棍轴JOG输出（8轴运控板卡系统） ====》：输出AXIS{第6轴}
2024-01-07 10:31:05,129 [AppLog] INFO : 手动停止JOG输出（8轴运控板卡系统） ====》：输出AXIS{第2轴}
2024-01-07 10:31:05,628 [AppLog] INFO : 手动正向JOG指令（8轴运控板卡系统） ====》：输出AXIS{第2轴},运动速度{50MM/s}
2024-01-07 10:31:05,925 [AppLog] INFO : 自动停止铺粉棍轴JOG输出（8轴运控板卡系统） ====》：输出AXIS{第6轴}
2024-01-07 10:31:05,925 [AppLog] INFO : 手动停止JOG输出（8轴运控板卡系统） ====》：输出AXIS{第2轴}
2024-01-07 10:31:06,252 [AppLog] INFO : 手动正向JOG指令（8轴运控板卡系统） ====》：输出AXIS{第2轴},运动速度{50MM/s}
2024-01-07 10:31:06,455 [AppLog] INFO : 自动停止铺粉棍轴JOG输出（8轴运控板卡系统） ====》：输出AXIS{第6轴}
2024-01-07 10:31:06,471 [AppLog] INFO : 手动停止JOG输出（8轴运控板卡系统） ====》：输出AXIS{第2轴}
2024-01-07 10:31:43,037 [AppLog] INFO : 手动负向JOG指令（8轴运控板卡系统） ====》：输出AXIS{第2轴},运动速度{50MM/s}
2024-01-07 10:31:44,862 [AppLog] INFO : 自动停止铺粉棍轴JOG输出（8轴运控板卡系统） ====》：输出AXIS{第6轴}
2024-01-07 10:31:44,862 [AppLog] INFO : 手动停止JOG输出（8轴运控板卡系统） ====》：输出AXIS{第2轴}
2024-01-07 10:31:45,112 [AppLog] INFO : 手动负向JOG指令（8轴运控板卡系统） ====》：输出AXIS{第2轴},运动速度{50MM/s}
2024-01-07 10:31:45,283 [AppLog] INFO : 自动停止铺粉棍轴JOG输出（8轴运控板卡系统） ====》：输出AXIS{第6轴}
2024-01-07 10:31:45,283 [AppLog] INFO : 手动停止JOG输出（8轴运控板卡系统） ====》：输出AXIS{第2轴}
2024-01-07 10:32:51,958 [AppLog] INFO : 手动负向JOG指令（8轴运控板卡系统） ====》：输出AXIS{第2轴},运动速度{50MM/s}
2024-01-07 10:32:54,485 [AppLog] INFO : 自动停止铺粉棍轴JOG输出（8轴运控板卡系统） ====》：输出AXIS{第6轴}
2024-01-07 10:32:54,485 [AppLog] INFO : 手动停止JOG输出（8轴运控板卡系统） ====》：输出AXIS{第2轴}
2024-01-07 10:32:54,750 [AppLog] INFO : 手动负向JOG指令（8轴运控板卡系统） ====》：输出AXIS{第2轴},运动速度{50MM/s}
2024-01-07 10:32:55,281 [AppLog] INFO : 自动停止铺粉棍轴JOG输出（8轴运控板卡系统） ====》：输出AXIS{第6轴}
2024-01-07 10:32:55,281 [AppLog] INFO : 手动停止JOG输出（8轴运控板卡系统） ====》：输出AXIS{第2轴}
2024-01-07 10:32:55,640 [AppLog] INFO : 手动负向JOG指令（8轴运控板卡系统） ====》：输出AXIS{第2轴},运动速度{50MM/s}
2024-01-07 10:32:55,827 [AppLog] INFO : 自动停止铺粉棍轴JOG输出（8轴运控板卡系统） ====》：输出AXIS{第6轴}
2024-01-07 10:32:55,827 [AppLog] INFO : 手动停止JOG输出（8轴运控板卡系统） ====》：输出AXIS{第2轴}
2024-01-07 10:32:56,154 [AppLog] INFO : 手动负向JOG指令（8轴运控板卡系统） ====》：输出AXIS{第2轴},运动速度{50MM/s}
2024-01-07 10:32:56,373 [AppLog] INFO : 自动停止铺粉棍轴JOG输出（8轴运控板卡系统） ====》：输出AXIS{第6轴}
2024-01-07 10:32:56,373 [AppLog] INFO : 手动停止JOG输出（8轴运控板卡系统） ====》：输出AXIS{第2轴}
2024-01-07 10:32:56,934 [AppLog] INFO : 手动负向JOG指令（8轴运控板卡系统） ====》：输出AXIS{第2轴},运动速度{50MM/s}
2024-01-07 10:32:57,059 [AppLog] INFO : 自动停止铺粉棍轴JOG输出（8轴运控板卡系统） ====》：输出AXIS{第6轴}
2024-01-07 10:32:57,059 [AppLog] INFO : 手动停止JOG输出（8轴运控板卡系统） ====》：输出AXIS{第2轴}
2024-01-07 10:32:57,418 [AppLog] INFO : 手动负向JOG指令（8轴运控板卡系统） ====》：输出AXIS{第2轴},运动速度{50MM/s}
2024-01-07 10:32:57,574 [AppLog] INFO : 自动停止铺粉棍轴JOG输出（8轴运控板卡系统） ====》：输出AXIS{第6轴}
2024-01-07 10:32:57,574 [AppLog] INFO : 手动停止JOG输出（8轴运控板卡系统） ====》：输出AXIS{第2轴}
2024-01-07 10:32:57,964 [AppLog] INFO : 手动负向JOG指令（8轴运控板卡系统） ====》：输出AXIS{第2轴},运动速度{50MM/s}
2024-01-07 10:32:58,089 [AppLog] INFO : 自动停止铺粉棍轴JOG输出（8轴运控板卡系统） ====》：输出AXIS{第6轴}
2024-01-07 10:32:58,089 [AppLog] INFO : 手动停止JOG输出（8轴运控板卡系统） ====》：输出AXIS{第2轴}
2024-01-07 10:32:58,494 [AppLog] INFO : 手动负向JOG指令（8轴运控板卡系统） ====》：输出AXIS{第2轴},运动速度{50MM/s}
2024-01-07 10:32:58,604 [AppLog] INFO : 自动停止铺粉棍轴JOG输出（8轴运控板卡系统） ====》：输出AXIS{第6轴}
2024-01-07 10:32:58,604 [AppLog] INFO : 手动停止JOG输出（8轴运控板卡系统） ====》：输出AXIS{第2轴}
2024-01-07 10:33:05,904 [AppLog] INFO : 手动负向JOG指令（8轴运控板卡系统） ====》：输出AXIS{第3轴},运动速度{1MM/s}
2024-01-07 10:33:06,201 [AppLog] INFO : 手动停止JOG输出（8轴运控板卡系统） ====》：输出AXIS{第3轴}
2024-01-07 10:33:06,466 [AppLog] INFO : 手动负向JOG指令（8轴运控板卡系统） ====》：输出AXIS{第3轴},运动速度{1MM/s}
2024-01-07 10:33:07,979 [AppLog] INFO : 手动停止JOG输出（8轴运控板卡系统） ====》：输出AXIS{第3轴}
2024-01-07 10:33:08,120 [AppLog] INFO : 手动负向JOG指令（8轴运控板卡系统） ====》：输出AXIS{第3轴},运动速度{1MM/s}
2024-01-07 10:33:08,681 [AppLog] INFO : 手动停止JOG输出（8轴运控板卡系统） ====》：输出AXIS{第3轴}
2024-01-07 10:33:08,868 [AppLog] INFO : 手动负向JOG指令（8轴运控板卡系统） ====》：输出AXIS{第3轴},运动速度{1MM/s}
2024-01-07 10:33:12,581 [AppLog] INFO : 手动停止JOG输出（8轴运控板卡系统） ====》：输出AXIS{第3轴}
2024-01-07 10:33:13,112 [AppLog] INFO : 手动负向JOG指令（8轴运控板卡系统） ====》：输出AXIS{第3轴},运动速度{1MM/s}
2024-01-07 10:33:13,408 [AppLog] INFO : 手动停止JOG输出（8轴运控板卡系统） ====》：输出AXIS{第3轴}
2024-01-07 10:33:13,954 [AppLog] INFO : 手动负向JOG指令（8轴运控板卡系统） ====》：输出AXIS{第3轴},运动速度{1MM/s}
2024-01-07 10:33:14,172 [AppLog] INFO : 手动停止JOG输出（8轴运控板卡系统） ====》：输出AXIS{第3轴}
2024-01-07 10:33:15,171 [AppLog] INFO : 手动负向JOG指令（8轴运控板卡系统） ====》：输出AXIS{第3轴},运动速度{1MM/s}
2024-01-07 10:33:15,888 [AppLog] INFO : 手动停止JOG输出（8轴运控板卡系统） ====》：输出AXIS{第3轴}
2024-01-07 10:33:18,228 [AppLog] INFO : 手动负向JOG指令（8轴运控板卡系统） ====》：输出AXIS{第3轴},运动速度{1MM/s}
2024-01-07 10:33:18,525 [AppLog] INFO : 手动停止JOG输出（8轴运控板卡系统） ====》：输出AXIS{第3轴}
2024-01-07 10:33:19,055 [AppLog] INFO : 手动负向JOG指令（8轴运控板卡系统） ====》：输出AXIS{第3轴},运动速度{1MM/s}
2024-01-07 10:33:19,476 [AppLog] INFO : 手动停止JOG输出（8轴运控板卡系统） ====》：输出AXIS{第3轴}
2024-01-07 10:33:20,553 [AppLog] INFO : 手动负向JOG指令（8轴运控板卡系统） ====》：输出AXIS{第3轴},运动速度{1MM/s}
2024-01-07 10:33:21,052 [AppLog] INFO : 手动停止JOG输出（8轴运控板卡系统） ====》：输出AXIS{第3轴}
2024-01-07 10:33:21,520 [AppLog] INFO : 手动负向JOG指令（8轴运控板卡系统） ====》：输出AXIS{第3轴},运动速度{1MM/s}
2024-01-07 10:33:21,957 [AppLog] INFO : 手动停止JOG输出（8轴运控板卡系统） ====》：输出AXIS{第3轴}
2024-01-07 10:33:28,041 [AppLog] INFO : 手动正向JOG指令（8轴运控板卡系统） ====》：输出AXIS{第2轴},运动速度{50MM/s}
2024-01-07 10:33:30,989 [AppLog] INFO : 自动停止铺粉棍轴JOG输出（8轴运控板卡系统） ====》：输出AXIS{第6轴}
2024-01-07 10:33:30,989 [AppLog] INFO : 手动停止JOG输出（8轴运控板卡系统） ====》：输出AXIS{第2轴}
2024-01-07 10:33:31,566 [AppLog] INFO : 手动正向JOG指令（8轴运控板卡系统） ====》：输出AXIS{第2轴},运动速度{50MM/s}
2024-01-07 10:33:31,816 [AppLog] INFO : 自动停止铺粉棍轴JOG输出（8轴运控板卡系统） ====》：输出AXIS{第6轴}
2024-01-07 10:33:31,816 [AppLog] INFO : 手动停止JOG输出（8轴运控板卡系统） ====》：输出AXIS{第2轴}
2024-01-07 10:33:34,640 [AppLog] INFO : 手动正向JOG指令（8轴运控板卡系统） ====》：输出AXIS{第2轴},运动速度{50MM/s}
2024-01-07 10:33:35,794 [AppLog] INFO : 自动停止铺粉棍轴JOG输出（8轴运控板卡系统） ====》：输出AXIS{第6轴}
2024-01-07 10:33:35,794 [AppLog] INFO : 手动停止JOG输出（8轴运控板卡系统） ====》：输出AXIS{第2轴}
2024-01-07 10:33:36,044 [AppLog] INFO : 手动正向JOG指令（8轴运控板卡系统） ====》：输出AXIS{第2轴},运动速度{50MM/s}
2024-01-07 10:33:36,340 [AppLog] INFO : 自动停止铺粉棍轴JOG输出（8轴运控板卡系统） ====》：输出AXIS{第6轴}
2024-01-07 10:33:36,340 [AppLog] INFO : 手动停止JOG输出（8轴运控板卡系统） ====》：输出AXIS{第2轴}
2024-01-07 10:36:26,739 [AppLog] INFO : 手动负向JOG指令（8轴运控板卡系统） ====》：输出AXIS{第2轴},运动速度{50MM/s}
2024-01-07 10:36:27,753 [AppLog] INFO : 自动停止铺粉棍轴JOG输出（8轴运控板卡系统） ====》：输出AXIS{第6轴}
2024-01-07 10:36:27,753 [AppLog] INFO : 手动停止JOG输出（8轴运控板卡系统） ====》：输出AXIS{第2轴}
2024-01-07 10:36:28,128 [AppLog] INFO : 手动负向JOG指令（8轴运控板卡系统） ====》：输出AXIS{第2轴},运动速度{50MM/s}
2024-01-07 10:36:31,029 [AppLog] INFO : 自动停止铺粉棍轴JOG输出（8轴运控板卡系统） ====》：输出AXIS{第6轴}
2024-01-07 10:36:31,029 [AppLog] INFO : 手动停止JOG输出（8轴运控板卡系统） ====》：输出AXIS{第2轴}
2024-01-07 10:36:31,232 [AppLog] INFO : 手动负向JOG指令（8轴运控板卡系统） ====》：输出AXIS{第2轴},运动速度{50MM/s}
2024-01-07 10:36:31,622 [AppLog] INFO : 自动停止铺粉棍轴JOG输出（8轴运控板卡系统） ====》：输出AXIS{第6轴}
2024-01-07 10:36:31,622 [AppLog] INFO : 手动停止JOG输出（8轴运控板卡系统） ====》：输出AXIS{第2轴}
2024-01-07 10:36:31,965 [AppLog] INFO : 手动负向JOG指令（8轴运控板卡系统） ====》：输出AXIS{第2轴},运动速度{50MM/s}
2024-01-07 10:36:32,184 [AppLog] INFO : 自动停止铺粉棍轴JOG输出（8轴运控板卡系统） ====》：输出AXIS{第6轴}
2024-01-07 10:36:32,184 [AppLog] INFO : 手动停止JOG输出（8轴运控板卡系统） ====》：输出AXIS{第2轴}
2024-01-07 10:39:34,485 [AppLog] INFO : 手动正向JOG指令（8轴运控板卡系统） ====》：输出AXIS{第1轴},运动速度{2MM/s}
2024-01-07 10:39:34,610 [AppLog] INFO : 手动停止JOG输出（8轴运控板卡系统） ====》：输出AXIS{第1轴}
2024-01-07 10:39:35,219 [AppLog] INFO : 手动正向JOG指令（8轴运控板卡系统） ====》：输出AXIS{第1轴},运动速度{2MM/s}
2024-01-07 10:39:35,375 [AppLog] INFO : 手动停止JOG输出（8轴运控板卡系统） ====》：输出AXIS{第1轴}
2024-01-07 10:39:35,827 [AppLog] INFO : 手动正向JOG指令（8轴运控板卡系统） ====》：输出AXIS{第1轴},运动速度{2MM/s}
2024-01-07 10:39:36,560 [AppLog] INFO : 手动停止JOG输出（8轴运控板卡系统） ====》：输出AXIS{第1轴}
2024-01-07 10:39:39,399 [AppLog] INFO : 手动负向JOG指令（8轴运控板卡系统） ====》：输出AXIS{第1轴},运动速度{2MM/s}
2024-01-07 10:39:40,226 [AppLog] INFO : 手动停止JOG输出（8轴运控板卡系统） ====》：输出AXIS{第1轴}
2024-01-07 10:39:41,427 [AppLog] INFO : 手动负向JOG指令（8轴运控板卡系统） ====》：输出AXIS{第1轴},运动速度{2MM/s}
2024-01-07 10:39:41,599 [AppLog] INFO : 手动停止JOG输出（8轴运控板卡系统） ====》：输出AXIS{第1轴}
2024-01-07 10:39:42,036 [AppLog] INFO : 手动负向JOG指令（8轴运控板卡系统） ====》：输出AXIS{第1轴},运动速度{2MM/s}
2024-01-07 10:39:42,223 [AppLog] INFO : 手动停止JOG输出（8轴运控板卡系统） ====》：输出AXIS{第1轴}
2024-01-07 10:39:47,511 [AppLog] INFO : 手动正向JOG指令（8轴运控板卡系统） ====》：输出AXIS{第1轴},运动速度{2MM/s}
2024-01-07 10:39:47,667 [AppLog] INFO : 手动停止JOG输出（8轴运控板卡系统） ====》：输出AXIS{第1轴}
2024-01-07 10:39:48,135 [AppLog] INFO : 手动正向JOG指令（8轴运控板卡系统） ====》：输出AXIS{第1轴},运动速度{2MM/s}
2024-01-07 10:39:48,260 [AppLog] INFO : 手动停止JOG输出（8轴运控板卡系统） ====》：输出AXIS{第1轴}
2024-01-07 10:39:52,862 [AppLog] INFO : 手动负向JOG指令（8轴运控板卡系统） ====》：输出AXIS{第1轴},运动速度{2MM/s}
2024-01-07 10:39:53,393 [AppLog] INFO : 手动停止JOG输出（8轴运控板卡系统） ====》：输出AXIS{第1轴}
2024-01-07 10:41:04,388 [AppLog] INFO : 手动正向JOG指令（8轴运控板卡系统） ====》：输出AXIS{第2轴},运动速度{50MM/s}
2024-01-07 10:41:04,685 [AppLog] INFO : 自动停止铺粉棍轴JOG输出（8轴运控板卡系统） ====》：输出AXIS{第6轴}
2024-01-07 10:41:04,685 [AppLog] INFO : 手动停止JOG输出（8轴运控板卡系统） ====》：输出AXIS{第2轴}
2024-01-07 10:41:21,205 [AppLog] INFO : 开启铺粉车回零校准：PowderCarHomeBtn_Click
2024-01-07 10:41:21,205 [AppLog] INFO : 开启粉车回零校准线程：PowderCarHomeResetThread
2024-01-07 10:41:28,724 [AppLog] INFO : 手动正向点动指令（8轴运控板卡系统） ====》：输出AXIS{第2轴},点动量{-116MM},运动速度{50MM/s}
2024-01-07 10:41:28,724 [AppLog] INFO : 粉车回零校准线程成功：PowderCarHomeResetThread
2024-01-07 10:41:34,606 [AppLog] INFO : 手动正向JOG指令（8轴运控板卡系统） ====》：输出AXIS{第2轴},运动速度{50MM/s}
2024-01-07 10:41:39,005 [AppLog] INFO : 自动停止铺粉棍轴JOG输出（8轴运控板卡系统） ====》：输出AXIS{第6轴}
2024-01-07 10:41:39,005 [AppLog] INFO : 手动停止JOG输出（8轴运控板卡系统） ====》：输出AXIS{第2轴}
2024-01-07 10:41:39,192 [AppLog] INFO : 手动正向JOG指令（8轴运控板卡系统） ====》：输出AXIS{第2轴},运动速度{50MM/s}
2024-01-07 10:41:40,565 [AppLog] INFO : 自动停止铺粉棍轴JOG输出（8轴运控板卡系统） ====》：输出AXIS{第6轴}
2024-01-07 10:41:40,565 [AppLog] INFO : 手动停止JOG输出（8轴运控板卡系统） ====》：输出AXIS{第2轴}
2024-01-07 10:41:42,172 [AppLog] INFO : 手动正向JOG指令（8轴运控板卡系统） ====》：输出AXIS{第2轴},运动速度{50MM/s}
2024-01-07 10:41:42,343 [AppLog] INFO : 自动停止铺粉棍轴JOG输出（8轴运控板卡系统） ====》：输出AXIS{第6轴}
2024-01-07 10:41:42,343 [AppLog] INFO : 手动停止JOG输出（8轴运控板卡系统） ====》：输出AXIS{第2轴}
2024-01-07 10:41:45,666 [AppLog] INFO : 手动正向JOG指令（8轴运控板卡系统） ====》：输出AXIS{第2轴},运动速度{50MM/s}
2024-01-07 10:41:46,118 [AppLog] INFO : 自动停止铺粉棍轴JOG输出（8轴运控板卡系统） ====》：输出AXIS{第6轴}
2024-01-07 10:41:46,118 [AppLog] INFO : 手动停止JOG输出（8轴运控板卡系统） ====》：输出AXIS{第2轴}
2024-01-07 10:41:46,399 [AppLog] INFO : 手动正向JOG指令（8轴运控板卡系统） ====》：输出AXIS{第2轴},运动速度{50MM/s}
2024-01-07 10:41:46,898 [AppLog] INFO : 自动停止铺粉棍轴JOG输出（8轴运控板卡系统） ====》：输出AXIS{第6轴}
2024-01-07 10:41:46,898 [AppLog] INFO : 手动停止JOG输出（8轴运控板卡系统） ====》：输出AXIS{第2轴}
2024-01-07 10:41:47,304 [AppLog] INFO : 手动正向JOG指令（8轴运控板卡系统） ====》：输出AXIS{第2轴},运动速度{50MM/s}
2024-01-07 10:41:47,413 [AppLog] INFO : 自动停止铺粉棍轴JOG输出（8轴运控板卡系统） ====》：输出AXIS{第6轴}
2024-01-07 10:41:47,413 [AppLog] INFO : 手动停止JOG输出（8轴运控板卡系统） ====》：输出AXIS{第2轴}
2024-01-07 10:41:47,912 [AppLog] INFO : 手动正向JOG指令（8轴运控板卡系统） ====》：输出AXIS{第2轴},运动速度{50MM/s}
2024-01-07 10:41:48,022 [AppLog] INFO : 自动停止铺粉棍轴JOG输出（8轴运控板卡系统） ====》：输出AXIS{第6轴}
2024-01-07 10:41:48,022 [AppLog] INFO : 手动停止JOG输出（8轴运控板卡系统） ====》：输出AXIS{第2轴}
2024-01-07 10:41:48,552 [AppLog] INFO : 手动正向JOG指令（8轴运控板卡系统） ====》：输出AXIS{第2轴},运动速度{50MM/s}
2024-01-07 10:41:48,677 [AppLog] INFO : 自动停止铺粉棍轴JOG输出（8轴运控板卡系统） ====》：输出AXIS{第6轴}
2024-01-07 10:41:48,677 [AppLog] INFO : 手动停止JOG输出（8轴运控板卡系统） ====》：输出AXIS{第2轴}
2024-01-07 10:41:49,098 [AppLog] INFO : 手动正向JOG指令（8轴运控板卡系统） ====》：输出AXIS{第2轴},运动速度{50MM/s}
2024-01-07 10:41:49,332 [AppLog] INFO : 自动停止铺粉棍轴JOG输出（8轴运控板卡系统） ====》：输出AXIS{第6轴}
2024-01-07 10:41:49,332 [AppLog] INFO : 手动停止JOG输出（8轴运控板卡系统） ====》：输出AXIS{第2轴}
2024-01-07 10:41:49,660 [AppLog] INFO : 手动正向JOG指令（8轴运控板卡系统） ====》：输出AXIS{第2轴},运动速度{50MM/s}
2024-01-07 10:41:52,499 [AppLog] INFO : 自动停止铺粉棍轴JOG输出（8轴运控板卡系统） ====》：输出AXIS{第6轴}
2024-01-07 10:41:52,499 [AppLog] INFO : 手动停止JOG输出（8轴运控板卡系统） ====》：输出AXIS{第2轴}
2024-01-07 10:42:10,189 [AppLog] INFO : 手动负向JOG指令（8轴运控板卡系统） ====》：输出AXIS{第2轴},运动速度{50MM/s}
2024-01-07 10:42:11,469 [AppLog] INFO : 自动停止铺粉棍轴JOG输出（8轴运控板卡系统） ====》：输出AXIS{第6轴}
2024-01-07 10:42:11,469 [AppLog] INFO : 手动停止JOG输出（8轴运控板卡系统） ====》：输出AXIS{第2轴}
2024-01-07 10:42:13,933 [AppLog] INFO : 手动正向JOG指令（8轴运控板卡系统） ====》：输出AXIS{第2轴},运动速度{50MM/s}
2024-01-07 10:42:17,475 [AppLog] INFO : 自动停止铺粉棍轴JOG输出（8轴运控板卡系统） ====》：输出AXIS{第6轴}
2024-01-07 10:42:17,475 [AppLog] INFO : 手动停止JOG输出（8轴运控板卡系统） ====》：输出AXIS{第2轴}
2024-01-07 10:42:17,833 [AppLog] INFO : 手动正向JOG指令（8轴运控板卡系统） ====》：输出AXIS{第2轴},运动速度{50MM/s}
2024-01-07 10:42:18,005 [AppLog] INFO : 自动停止铺粉棍轴JOG输出（8轴运控板卡系统） ====》：输出AXIS{第6轴}
2024-01-07 10:42:18,005 [AppLog] INFO : 手动停止JOG输出（8轴运控板卡系统） ====》：输出AXIS{第2轴}
2024-01-07 10:42:18,567 [AppLog] INFO : 手动正向JOG指令（8轴运控板卡系统） ====》：输出AXIS{第2轴},运动速度{50MM/s}
2024-01-07 10:42:18,769 [AppLog] INFO : 自动停止铺粉棍轴JOG输出（8轴运控板卡系统） ====》：输出AXIS{第6轴}
2024-01-07 10:42:18,769 [AppLog] INFO : 手动停止JOG输出（8轴运控板卡系统） ====》：输出AXIS{第2轴}
2024-01-07 10:42:19,175 [AppLog] INFO : 手动正向JOG指令（8轴运控板卡系统） ====》：输出AXIS{第2轴},运动速度{50MM/s}
2024-01-07 10:42:19,425 [AppLog] INFO : 自动停止铺粉棍轴JOG输出（8轴运控板卡系统） ====》：输出AXIS{第6轴}
2024-01-07 10:42:19,425 [AppLog] INFO : 手动停止JOG输出（8轴运控板卡系统） ====》：输出AXIS{第2轴}
2024-01-07 10:42:23,637 [AppLog] INFO : 手动负向JOG指令（8轴运控板卡系统） ====》：输出AXIS{第2轴},运动速度{50MM/s}
2024-01-07 10:42:34,713 [AppLog] INFO : 自动停止铺粉棍轴JOG输出（8轴运控板卡系统） ====》：输出AXIS{第6轴}
2024-01-07 10:42:34,713 [AppLog] INFO : 手动停止JOG输出（8轴运控板卡系统） ====》：输出AXIS{第2轴}
2024-01-07 10:42:35,305 [AppLog] INFO : 手动负向JOG指令（8轴运控板卡系统） ====》：输出AXIS{第2轴},运动速度{50MM/s}
2024-01-07 10:42:37,131 [AppLog] INFO : 自动停止铺粉棍轴JOG输出（8轴运控板卡系统） ====》：输出AXIS{第6轴}
2024-01-07 10:42:37,131 [AppLog] INFO : 手动停止JOG输出（8轴运控板卡系统） ====》：输出AXIS{第2轴}
2024-01-07 10:42:37,349 [AppLog] INFO : 手动负向JOG指令（8轴运控板卡系统） ====》：输出AXIS{第2轴},运动速度{50MM/s}
2024-01-07 10:42:37,661 [AppLog] INFO : 自动停止铺粉棍轴JOG输出（8轴运控板卡系统） ====》：输出AXIS{第6轴}
2024-01-07 10:42:37,661 [AppLog] INFO : 手动停止JOG输出（8轴运控板卡系统） ====》：输出AXIS{第2轴}
2024-01-07 10:42:37,957 [AppLog] INFO : 手动负向JOG指令（8轴运控板卡系统） ====》：输出AXIS{第2轴},运动速度{50MM/s}
2024-01-07 10:42:38,051 [AppLog] INFO : 自动停止铺粉棍轴JOG输出（8轴运控板卡系统） ====》：输出AXIS{第6轴}
2024-01-07 10:42:38,051 [AppLog] INFO : 手动停止JOG输出（8轴运控板卡系统） ====》：输出AXIS{第2轴}
2024-01-07 10:54:13,344 [AppLog] INFO : 手动正向JOG指令（8轴运控板卡系统） ====》：输出AXIS{第2轴},运动速度{50MM/s}
2024-01-07 10:54:26,355 [AppLog] INFO : 自动停止铺粉棍轴JOG输出（8轴运控板卡系统） ====》：输出AXIS{第6轴}
2024-01-07 10:54:26,355 [AppLog] INFO : 手动停止JOG输出（8轴运控板卡系统） ====》：输出AXIS{第2轴}
2024-01-07 10:54:26,651 [AppLog] INFO : 手动正向JOG指令（8轴运控板卡系统） ====》：输出AXIS{第2轴},运动速度{50MM/s}
2024-01-07 10:54:27,493 [AppLog] INFO : 自动停止铺粉棍轴JOG输出（8轴运控板卡系统） ====》：输出AXIS{第6轴}
2024-01-07 10:54:27,493 [AppLog] INFO : 手动停止JOG输出（8轴运控板卡系统） ====》：输出AXIS{第2轴}
2024-01-07 10:54:27,993 [AppLog] INFO : 手动正向JOG指令（8轴运控板卡系统） ====》：输出AXIS{第2轴},运动速度{50MM/s}
2024-01-07 10:54:28,164 [AppLog] INFO : 自动停止铺粉棍轴JOG输出（8轴运控板卡系统） ====》：输出AXIS{第6轴}
2024-01-07 10:54:28,164 [AppLog] INFO : 手动停止JOG输出（8轴运控板卡系统） ====》：输出AXIS{第2轴}
2024-01-07 10:54:28,570 [AppLog] INFO : 手动正向JOG指令（8轴运控板卡系统） ====》：输出AXIS{第2轴},运动速度{50MM/s}
2024-01-07 10:54:28,741 [AppLog] INFO : 自动停止铺粉棍轴JOG输出（8轴运控板卡系统） ====》：输出AXIS{第6轴}
2024-01-07 10:54:28,741 [AppLog] INFO : 手动停止JOG输出（8轴运控板卡系统） ====》：输出AXIS{第2轴}
2024-01-07 10:54:29,147 [AppLog] INFO : 手动正向JOG指令（8轴运控板卡系统） ====》：输出AXIS{第2轴},运动速度{50MM/s}
2024-01-07 10:54:29,287 [AppLog] INFO : 自动停止铺粉棍轴JOG输出（8轴运控板卡系统） ====》：输出AXIS{第6轴}
2024-01-07 10:54:29,287 [AppLog] INFO : 手动停止JOG输出（8轴运控板卡系统） ====》：输出AXIS{第2轴}
2024-01-07 10:54:30,005 [AppLog] INFO : 手动正向JOG指令（8轴运控板卡系统） ====》：输出AXIS{第2轴},运动速度{50MM/s}
2024-01-07 10:54:30,192 [AppLog] INFO : 自动停止铺粉棍轴JOG输出（8轴运控板卡系统） ====》：输出AXIS{第6轴}
2024-01-07 10:54:30,192 [AppLog] INFO : 手动停止JOG输出（8轴运控板卡系统） ====》：输出AXIS{第2轴}
2024-01-07 10:54:40,878 [AppLog] INFO : 手动负向JOG指令（8轴运控板卡系统） ====》：输出AXIS{第2轴},运动速度{50MM/s}
2024-01-07 10:54:41,050 [AppLog] INFO : 自动停止铺粉棍轴JOG输出（8轴运控板卡系统） ====》：输出AXIS{第6轴}
2024-01-07 10:54:41,050 [AppLog] INFO : 手动停止JOG输出（8轴运控板卡系统） ====》：输出AXIS{第2轴}
2024-01-07 10:54:41,315 [AppLog] INFO : 手动负向JOG指令（8轴运控板卡系统） ====》：输出AXIS{第2轴},运动速度{50MM/s}
2024-01-07 10:54:41,627 [AppLog] INFO : 自动停止铺粉棍轴JOG输出（8轴运控板卡系统） ====》：输出AXIS{第6轴}
2024-01-07 10:54:41,627 [AppLog] INFO : 手动停止JOG输出（8轴运控板卡系统） ====》：输出AXIS{第2轴}
2024-01-07 10:54:42,001 [AppLog] INFO : 手动负向JOG指令（8轴运控板卡系统） ====》：输出AXIS{第2轴},运动速度{50MM/s}
2024-01-07 10:54:42,142 [AppLog] INFO : 自动停止铺粉棍轴JOG输出（8轴运控板卡系统） ====》：输出AXIS{第6轴}
2024-01-07 10:54:42,142 [AppLog] INFO : 手动停止JOG输出（8轴运控板卡系统） ====》：输出AXIS{第2轴}
2024-01-07 10:54:42,641 [AppLog] INFO : 手动负向JOG指令（8轴运控板卡系统） ====》：输出AXIS{第2轴},运动速度{50MM/s}
2024-01-07 10:54:42,797 [AppLog] INFO : 自动停止铺粉棍轴JOG输出（8轴运控板卡系统） ====》：输出AXIS{第6轴}
2024-01-07 10:54:42,797 [AppLog] INFO : 手动停止JOG输出（8轴运控板卡系统） ====》：输出AXIS{第2轴}
2024-01-07 10:55:37,460 [AppLog] INFO : 手动负向JOG指令（8轴运控板卡系统） ====》：输出AXIS{第2轴},运动速度{50MM/s}
2024-01-07 10:55:37,647 [AppLog] INFO : 自动停止铺粉棍轴JOG输出（8轴运控板卡系统） ====》：输出AXIS{第6轴}
2024-01-07 10:55:37,647 [AppLog] INFO : 手动停止JOG输出（8轴运控板卡系统） ====》：输出AXIS{第2轴}
2024-01-07 10:55:38,193 [AppLog] INFO : 手动负向JOG指令（8轴运控板卡系统） ====》：输出AXIS{第2轴},运动速度{50MM/s}
2024-01-07 10:55:38,333 [AppLog] INFO : 自动停止铺粉棍轴JOG输出（8轴运控板卡系统） ====》：输出AXIS{第6轴}
2024-01-07 10:55:38,333 [AppLog] INFO : 手动停止JOG输出（8轴运控板卡系统） ====》：输出AXIS{第2轴}
2024-01-07 10:55:38,754 [AppLog] INFO : 手动负向JOG指令（8轴运控板卡系统） ====》：输出AXIS{第2轴},运动速度{50MM/s}
2024-01-07 10:55:38,864 [AppLog] INFO : 自动停止铺粉棍轴JOG输出（8轴运控板卡系统） ====》：输出AXIS{第6轴}
2024-01-07 10:55:38,864 [AppLog] INFO : 手动停止JOG输出（8轴运控板卡系统） ====》：输出AXIS{第2轴}
2024-01-07 10:56:19,112 [AppLog] INFO : 手动负向JOG指令（8轴运控板卡系统） ====》：输出AXIS{第2轴},运动速度{50MM/s}
2024-01-07 10:56:20,313 [AppLog] INFO : 自动停止铺粉棍轴JOG输出（8轴运控板卡系统） ====》：输出AXIS{第6轴}
2024-01-07 10:56:20,313 [AppLog] INFO : 手动停止JOG输出（8轴运控板卡系统） ====》：输出AXIS{第2轴}
2024-01-07 10:56:21,030 [AppLog] INFO : 手动负向JOG指令（8轴运控板卡系统） ====》：输出AXIS{第2轴},运动速度{50MM/s}
2024-01-07 10:56:22,466 [AppLog] INFO : 自动停止铺粉棍轴JOG输出（8轴运控板卡系统） ====》：输出AXIS{第6轴}
2024-01-07 10:56:22,466 [AppLog] INFO : 手动停止JOG输出（8轴运控板卡系统） ====》：输出AXIS{第2轴}
2024-01-07 10:56:24,572 [AppLog] INFO : 手动正向JOG指令（8轴运控板卡系统） ====》：输出AXIS{第2轴},运动速度{50MM/s}
2024-01-07 10:56:26,506 [AppLog] INFO : 自动停止铺粉棍轴JOG输出（8轴运控板卡系统） ====》：输出AXIS{第6轴}
2024-01-07 10:56:26,506 [AppLog] INFO : 手动停止JOG输出（8轴运控板卡系统） ====》：输出AXIS{第2轴}
2024-01-07 10:56:26,912 [AppLog] INFO : 手动正向JOG指令（8轴运控板卡系统） ====》：输出AXIS{第2轴},运动速度{50MM/s}
2024-01-07 10:56:27,068 [AppLog] INFO : 自动停止铺粉棍轴JOG输出（8轴运控板卡系统） ====》：输出AXIS{第6轴}
2024-01-07 10:56:27,083 [AppLog] INFO : 手动停止JOG输出（8轴运控板卡系统） ====》：输出AXIS{第2轴}
