2023-02-23 10:00:46,356 [AppLog] INFO : 软件开机密码正确，登录成功1次
==========================================================================
操作系统:{Microsoft Windows 7 旗舰版 }
运行环境:{ .Net Framework Enviroment Version 4.0.30319.42000}
盘符：D
CPU使用率：{5.356767%} ，可用内存大小:{14408MB}，硬盘剩余空间：
  盘符 C:\ 的剩余空间：82 GB
  盘符 D:\ 的剩余空间：97 GB
硬件配置情况：
  CPU 厂家: GenuineIntel CPU 型号: Intel(R) Core(TM) i7-4770 CPU @ 3.40GHz
  内存条厂家: Kingston 内存条型号: 99P5471-043.A00LF 
  内存条厂家: Kingston 内存条型号: 99P5471-043.A00LF 
  硬盘厂家: (标准磁盘驱动器) 硬盘型号: Micron_1300_MTFDDAK256TDL ATA Device
==========================================================================
2023-02-23 10:00:47,541 [AppLog] INFO : 开启系统：板卡通讯，伺服供电，照明系统，UV/HR固化系统！
2023-02-23 10:00:47,541 [AppLog] INFO : 开启系统：一键启动系统开始！
2023-02-23 10:00:52,627 [AppLog] INFO : 开启系统：一键启动系统结束！
2023-02-23 10:01:18,570 [AppLog] INFO : 初始化喷墨控制器！
2023-02-23 10:01:18,866 [AppLog] INFO : 红外灯控制器485通讯建立！
2023-02-23 10:01:18,866 [AppLog] INFO : 进入电气控制模块
2023-02-23 10:01:32,594 [AppLog] INFO : 电气控制模块：手动打开端口14
2023-02-23 10:01:33,842 [AppLog] INFO : 电气控制模块：手动打开端口15
2023-02-23 10:01:34,888 [AppLog] INFO : 退出电气控制模块
2023-02-23 10:01:36,214 [AppLog] INFO : 监控记录设置！
2023-02-23 10:01:54,606 [AppLog] INFO : 更新监控配置文件：SaveJsonFile：配置文件路径{D:\Release\MonitorPrint-Configuration.json}m_sMonitorRecordPath{D:\BJ监控记录}m_sPrintJobName{上机测试}m_anJettingBinderBedMonitorFlags{True,False,False,False,False,False,True,True,False,False,False,True,}
2023-02-23 10:01:56,119 [AppLog] INFO : 监控记录设置！
2023-02-23 10:02:19,316 [AppLog] INFO : 更新监控配置文件：SaveJsonFile：配置文件路径{D:\Release\MonitorPrint-Configuration.json}m_sMonitorRecordPath{D:\BJ监控记录}m_sPrintJobName{上机测试}m_anJettingBinderBedMonitorFlags{True,False,False,False,False,False,True,True,False,False,False,True,}
2023-02-23 10:02:22,811 [AppLog] INFO : 进入电气控制模块
2023-02-23 10:02:26,648 [AppLog] INFO : 退出电气控制模块
2023-02-23 10:02:29,768 [AppLog] INFO : 进入手动调试子模块！
2023-02-23 10:05:43,006 [AppLog] INFO : 开启墨车和铺粉车回零校准：EncoderResetBtn_Click
2023-02-23 10:05:43,006 [AppLog] INFO : 开启墨车回零校准线程：InkCarEncoderResetThread
2023-02-23 10:05:43,006 [AppLog] INFO : 开启粉车回零校准线程：PowderCarHomeResetThread
2023-02-23 10:05:53,208 [AppLog] INFO : 手动正向点动指令（8轴运控板卡系统） ====》：输出AXIS{第2轴},点动量{-116MM},运动速度{30MM/s}
2023-02-23 10:05:53,208 [AppLog] INFO : 粉车回零校准线程成功：PowderCarHomeResetThread
2023-02-23 10:06:06,094 [AppLog] INFO : 墨车回零校准线程成功：InkCarEncoderResetThread
2023-02-23 10:06:18,387 [AppLog] INFO : 开启自动供墨：DEV_EnableInkAutoSupply：ReturnCode{True},Action{true},ControlBit{255}
2023-02-23 10:06:49,275 [AppLog] INFO : 手动控制墨车运动开启：沿Y轴后侧方向运动 ↓↓↓：nAxis{{1}},Dir{{true}},nPlsSpeed{{{nSpeed}}},nPlsCount{{750000}},cControlFlag{{{nCtlValue}}}
2023-02-23 10:06:49,446 [AppLog] INFO : 手动控制墨车运动带减速停止：沿Y轴方向运动 ↑↑↑↓↓↓ ====: bImmeStop{{false}},nAxisMask{{0x2}}
2023-02-23 10:06:49,992 [AppLog] INFO : 手动控制墨车运动开启：沿Y轴后侧方向运动 ↓↓↓：nAxis{{1}},Dir{{true}},nPlsSpeed{{{nSpeed}}},nPlsCount{{750000}},cControlFlag{{{nCtlValue}}}
2023-02-23 10:06:50,180 [AppLog] INFO : 手动控制墨车运动带减速停止：沿Y轴方向运动 ↑↑↑↓↓↓ ====: bImmeStop{{false}},nAxisMask{{0x2}}
2023-02-23 10:06:50,866 [AppLog] INFO : 手动控制墨车运动开启：沿Y轴后侧方向运动 ↓↓↓：nAxis{{1}},Dir{{true}},nPlsSpeed{{{nSpeed}}},nPlsCount{{750000}},cControlFlag{{{nCtlValue}}}
2023-02-23 10:06:50,944 [AppLog] INFO : 手动控制墨车运动带减速停止：沿Y轴方向运动 ↑↑↑↓↓↓ ====: bImmeStop{{false}},nAxisMask{{0x2}}
2023-02-23 10:06:51,365 [AppLog] INFO : 手动控制墨车运动开启：沿Y轴后侧方向运动 ↓↓↓：nAxis{{1}},Dir{{true}},nPlsSpeed{{{nSpeed}}},nPlsCount{{750000}},cControlFlag{{{nCtlValue}}}
2023-02-23 10:06:51,490 [AppLog] INFO : 手动控制墨车运动带减速停止：沿Y轴方向运动 ↑↑↑↓↓↓ ====: bImmeStop{{false}},nAxisMask{{0x2}}
2023-02-23 10:06:52,145 [AppLog] INFO : 手动控制墨车运动开启：沿Y轴后侧方向运动 ↓↓↓：nAxis{{1}},Dir{{true}},nPlsSpeed{{{nSpeed}}},nPlsCount{{750000}},cControlFlag{{{nCtlValue}}}
2023-02-23 10:06:52,301 [AppLog] INFO : 手动控制墨车运动带减速停止：沿Y轴方向运动 ↑↑↑↓↓↓ ====: bImmeStop{{false}},nAxisMask{{0x2}}
2023-02-23 10:06:52,582 [AppLog] INFO : 手动控制墨车运动开启：沿Y轴后侧方向运动 ↓↓↓：nAxis{{1}},Dir{{true}},nPlsSpeed{{{nSpeed}}},nPlsCount{{750000}},cControlFlag{{{nCtlValue}}}
2023-02-23 10:06:52,800 [AppLog] INFO : 手动控制墨车运动带减速停止：沿Y轴方向运动 ↑↑↑↓↓↓ ====: bImmeStop{{false}},nAxisMask{{0x2}}
2023-02-23 10:06:53,237 [AppLog] INFO : 手动控制墨车运动开启：沿Y轴后侧方向运动 ↓↓↓：nAxis{{1}},Dir{{true}},nPlsSpeed{{{nSpeed}}},nPlsCount{{750000}},cControlFlag{{{nCtlValue}}}
2023-02-23 10:06:53,315 [AppLog] INFO : 手动控制墨车运动带减速停止：沿Y轴方向运动 ↑↑↑↓↓↓ ====: bImmeStop{{false}},nAxisMask{{0x2}}
2023-02-23 10:06:58,682 [AppLog] INFO : 手动控制墨车运动开启：沿Y轴后侧方向运动 ↓↓↓：nAxis{{1}},Dir{{true}},nPlsSpeed{{{nSpeed}}},nPlsCount{{750000}},cControlFlag{{{nCtlValue}}}
2023-02-23 10:06:58,806 [AppLog] INFO : 手动控制墨车运动带减速停止：沿Y轴方向运动 ↑↑↑↓↓↓ ====: bImmeStop{{false}},nAxisMask{{0x2}}
2023-02-23 10:06:59,087 [AppLog] INFO : 手动控制墨车运动开启：沿Y轴后侧方向运动 ↓↓↓：nAxis{{1}},Dir{{true}},nPlsSpeed{{{nSpeed}}},nPlsCount{{750000}},cControlFlag{{{nCtlValue}}}
2023-02-23 10:07:14,750 [AppLog] INFO : 手动控制墨车运动带减速停止：沿Y轴方向运动 ↑↑↑↓↓↓ ====: bImmeStop{{false}},nAxisMask{{0x2}}
2023-02-23 10:07:31,473 [AppLog] INFO : 更新波形路径：DEV_UpdateParam：{D:\Release\波形文件\ricoh_phcfg16 - wave4.rhdat}
2023-02-23 10:07:36,777 [AppLog] INFO : 重新加载完波形：DEV_ReloadWaveForm！
2023-02-23 10:07:52,876 [AppLog] INFO : 更新喷头电压及温度参数成功：MCU_SetPhVoltage:1号喷头电压：{18V,18V,18V,18V}；MCU_SetPhVoltage:1号喷头温度：{25℃}
2023-02-23 10:08:02,533 [AppLog] INFO : 更新喷头电压及温度参数成功：MCU_SetPhVoltage:1号喷头电压：{18V,18V,18V,18V}；MCU_SetPhVoltage:1号喷头温度：{25℃}
2023-02-23 10:08:27,087 [AppLog] INFO : 开启手动压墨：PushInkBtn_Click
2023-02-23 10:08:39,395 [AppLog] INFO : 停止手动压墨：PushInkBtn_Click
2023-02-23 10:08:43,327 [AppLog] INFO : 开启手动压墨：PushInkBtn_Click
2023-02-23 10:08:53,857 [AppLog] INFO : 停止手动压墨：PushInkBtn_Click
2023-02-23 10:09:06,898 [AppLog] INFO : 开启墨车和铺粉车回零校准：EncoderResetBtn_Click
2023-02-23 10:09:06,898 [AppLog] INFO : 开启墨车回零校准线程：InkCarEncoderResetThread
2023-02-23 10:09:06,898 [AppLog] INFO : 开启粉车回零校准线程：PowderCarHomeResetThread
2023-02-23 10:09:16,867 [AppLog] INFO : 手动正向点动指令（8轴运控板卡系统） ====》：输出AXIS{第2轴},点动量{-116MM},运动速度{30MM/s}
2023-02-23 10:09:16,929 [AppLog] INFO : 粉车回零校准线程成功：PowderCarHomeResetThread
2023-02-23 10:09:30,454 [AppLog] INFO : 墨车回零校准线程成功：InkCarEncoderResetThread
2023-02-23 10:09:49,674 [AppLog] INFO : 手动开启自动清洗过程：AutoCleanBtn_Click
2023-02-23 10:09:49,674 [AppLog] INFO : 进入自动清洗过程：AutoCleanThread
2023-02-23 10:09:50,610 [AppLog] INFO : 刮墨轴回零成功：motionMap.SetBackSpreaderAxis(4, 1, 2, -SinkPosition)
2023-02-23 10:09:50,625 [AppLog] INFO : 准备运动，编码器当前位置：DEM_GetAxisEncodeVal：MoveDirectionFlag{false为Y方向：True}CurrentPos{52.98}AimPos{121}
2023-02-23 10:09:50,719 [AppLog] INFO : Y方向运动开始：DEM_Run：返回值{True}nAxis{1}DirFlag{True}nSpeed{10000}MoveStep{68020}nCtlValue{0}
2023-02-23 10:09:57,255 [AppLog] INFO : Y方向到位停止：DEM_StopAxisRun：返回值{True}CurrentPos{119.22}bImmeStop{False}nAxisMask{2}
2023-02-23 10:09:57,255 [AppLog] INFO : 准备运动，当前位置：DEV_GetPrintEncoderValue：MoveDirectionFlag{false为Y方向：False}CurrentPos{738.98}AimPos{710}
2023-02-23 10:09:57,302 [AppLog] INFO : X方向运动开始：DEM_Run：返回值{True}nAxis{0}DirFlag{False}nSpeed{10000}MoveStep{-28980}nCtlValue{2}
2023-02-23 10:10:00,126 [AppLog] INFO : X方向到位停止：DEM_StopAxisRun：返回值{True}CurrentPos{710.99}bImmeStop{False}nAxisMask{1}
2023-02-23 10:10:00,968 [AppLog] INFO : 开启压墨： motionMap.SetDo(13, true)
2023-02-23 10:10:03,979 [AppLog] INFO : 关闭压墨： motionMap.SetDo(13, true)
2023-02-23 10:10:03,994 [AppLog] INFO : 开启闪喷： IDP_FlashPrtCtl(true)：ReturnCode{True}
2023-02-23 10:10:04,010 [AppLog] INFO : 准备运动，当前位置：DEV_GetPrintEncoderValue：MoveDirectionFlag{false为Y方向：False}CurrentPos{710.265}AimPos{780}
2023-02-23 10:10:04,135 [AppLog] INFO : X方向运动开始：DEM_Run：返回值{True}nAxis{0}DirFlag{True}nSpeed{50000}MoveStep{69735}nCtlValue{2}
2023-02-23 10:10:05,632 [AppLog] INFO : X方向到位停止：DEM_StopAxisRun：返回值{True}CurrentPos{777.72}bImmeStop{False}nAxisMask{1}
2023-02-23 10:10:05,960 [AppLog] INFO : 准备运动，当前位置：DEV_GetPrintEncoderValue：MoveDirectionFlag{false为Y方向：False}CurrentPos{779.325}AimPos{710}
2023-02-23 10:10:05,991 [AppLog] INFO : X方向运动开始：DEM_Run：返回值{True}nAxis{0}DirFlag{False}nSpeed{50000}MoveStep{-69325}nCtlValue{2}
2023-02-23 10:10:07,489 [AppLog] INFO : X方向到位停止：DEM_StopAxisRun：返回值{True}CurrentPos{711.965}bImmeStop{False}nAxisMask{1}
2023-02-23 10:10:09,064 [AppLog] INFO : 结束自动清洗过程：AutoCleanThread
2023-02-23 10:10:18,440 [AppLog] INFO : 手动停止自动清洗过程：AutoCleanBtn_Click
2023-02-23 10:10:22,512 [AppLog] INFO : 开启刮墨轴回零校准：SpreaderHomeBtn_Click
2023-02-23 10:10:23,245 [AppLog] INFO : 刮墨轴回零成功：SpreaderHomeBtn_Click：{AXIS{4},Vel{1圈/s},开槽位置{-107°}}
2023-02-23 10:10:30,187 [AppLog] INFO : 手动开启自动清洗过程：AutoCleanBtn_Click
2023-02-23 10:10:30,187 [AppLog] INFO : 进入自动清洗过程：AutoCleanThread
2023-02-23 10:10:31,138 [AppLog] INFO : 刮墨轴回零成功：motionMap.SetBackSpreaderAxis(4, 1, 2, -SinkPosition)
2023-02-23 10:10:31,248 [AppLog] INFO : 准备运动，编码器当前位置：DEM_GetAxisEncodeVal：MoveDirectionFlag{false为Y方向：True}CurrentPos{120.9}AimPos{121}
2023-02-23 10:10:31,310 [AppLog] INFO : Y方向运动开始：DEM_Run：返回值{True}nAxis{1}DirFlag{True}nSpeed{10000}MoveStep{99.9999999999943}nCtlValue{0}
2023-02-23 10:10:31,310 [AppLog] INFO : Y方向到位停止：DEM_StopAxisRun：返回值{True}CurrentPos{120.9}bImmeStop{False}nAxisMask{2}
2023-02-23 10:10:31,326 [AppLog] INFO : 准备运动，当前位置：DEV_GetPrintEncoderValue：MoveDirectionFlag{false为Y方向：False}CurrentPos{710.575}AimPos{710}
2023-02-23 10:10:31,357 [AppLog] INFO : X方向运动开始：DEM_Run：返回值{True}nAxis{0}DirFlag{False}nSpeed{10000}MoveStep{-575.000000000045}nCtlValue{2}
2023-02-23 10:10:31,419 [AppLog] INFO : X方向到位停止：DEM_StopAxisRun：返回值{True}CurrentPos{710.575}bImmeStop{False}nAxisMask{1}
2023-02-23 10:10:32,215 [AppLog] INFO : 开启压墨： motionMap.SetDo(13, true)
2023-02-23 10:10:35,226 [AppLog] INFO : 关闭压墨： motionMap.SetDo(13, true)
2023-02-23 10:10:35,241 [AppLog] INFO : 开启闪喷： IDP_FlashPrtCtl(true)：ReturnCode{True}
2023-02-23 10:10:35,241 [AppLog] INFO : 准备运动，当前位置：DEV_GetPrintEncoderValue：MoveDirectionFlag{false为Y方向：False}CurrentPos{710.095}AimPos{780}
2023-02-23 10:10:35,288 [AppLog] INFO : X方向运动开始：DEM_Run：返回值{True}nAxis{0}DirFlag{True}nSpeed{50000}MoveStep{69905}nCtlValue{2}
2023-02-23 10:10:36,754 [AppLog] INFO : X方向到位停止：DEM_StopAxisRun：返回值{True}CurrentPos{776.63}bImmeStop{False}nAxisMask{1}
2023-02-23 10:10:37,144 [AppLog] INFO : 准备运动，当前位置：DEV_GetPrintEncoderValue：MoveDirectionFlag{false为Y方向：False}CurrentPos{779.33}AimPos{710}
2023-02-23 10:10:37,176 [AppLog] INFO : X方向运动开始：DEM_Run：返回值{True}nAxis{0}DirFlag{False}nSpeed{50000}MoveStep{-69330}nCtlValue{2}
2023-02-23 10:10:38,626 [AppLog] INFO : X方向到位停止：DEM_StopAxisRun：返回值{True}CurrentPos{714.23}bImmeStop{False}nAxisMask{1}
2023-02-23 10:10:40,202 [AppLog] INFO : 结束自动清洗过程：AutoCleanThread
2023-02-23 10:10:43,696 [AppLog] INFO : 手动停止自动清洗过程：AutoCleanBtn_Click
2023-02-23 10:16:06,804 [AppLog] INFO : 手动开启自动进给铺粉过程：AutoSupplyPowderBtn_Click
2023-02-23 10:16:06,804 [AppLog] INFO : 开启手动铺粉逻辑：NewAutoSupplyPowderThread
2023-02-23 10:16:06,820 [AppLog] INFO : 发送监控指令，拍照记录1条：SendMessageFromSharedMemory
2023-02-23 10:16:06,867 [AppLog] INFO : 手动正向点动指令（8轴运控板卡系统） ====》：输出AXIS{第1轴},点动量{0MM},运动速度{1MM/s}
2023-02-23 10:16:07,678 [AppLog] INFO : 成形面高度下降层厚 TrapSpace{0mm}：TrapMoveUp(1, true, Convert.ToString(vel), Convert.ToString(TrapSpace), true, true）
2023-02-23 10:16:09,222 [AppLog] INFO : 手动正向点动指令（8轴运控板卡系统） ====》：输出AXIS{第8轴},点动量{0.75MM},运动速度{0.5MM/s}
2023-02-23 10:16:09,222 [AppLog] INFO : Hopper落粉轴转2圈落粉，速度0.5rev/s：TrapMoveUp(8, true, 0.5, rotateNuM.ToString(), true, false)
2023-02-23 10:16:09,534 [AppLog] INFO : 手动正向点动指令（8轴运控板卡系统） ====》：输出AXIS{第2轴},点动量{694MM},运动速度{30MM/s}
2023-02-23 10:16:09,534 [AppLog] INFO : 开启铺粉车不等停运动至站2，速度0.5rev/s：BackToStation2
2023-02-23 10:16:14,464 [AppLog] INFO : 打开IR灯：OpenIRLamp(true)
2023-02-23 10:16:18,052 [AppLog] INFO : 手动正向点动指令（8轴运控板卡系统） ====》：输出AXIS{第3轴},点动量{0.5MM},运动速度{0.0588235294117647MM/s}
2023-02-23 10:16:18,052 [AppLog] INFO : 开启均匀落粉及辊子铺平运动：TrapMoveUp(3, true, Convert.ToString(DispenseRollerSpeed), 0.5, true, true)
2023-02-23 10:16:26,647 [AppLog] INFO : 关闭IR灯：OpenIRLamp(false)
2023-02-23 10:16:30,423 [AppLog] INFO : 手动正向点动指令（8轴运控板卡系统） ====》：输出AXIS{第3轴},点动量{0.5MM},运动速度{2MM/s}
2023-02-23 10:16:30,423 [AppLog] INFO : 落粉轴继续转动以倒掉余粉：TrapMoveUp(3, true, 2, 0.5, true, false)
2023-02-23 10:16:32,669 [AppLog] INFO : 手动正向点动指令（8轴运控板卡系统） ====》：输出AXIS{第1轴},点动量{-1MM},运动速度{1MM/s}
2023-02-23 10:16:32,669 [AppLog] INFO : 成形面高度下降指定厚度 TrapSpace{1mm}：TrapMoveUp(1, true, Convert.ToString(vel), Convert.ToString(TrapSpace), true, true）
2023-02-23 10:16:39,268 [AppLog] INFO : 手动正向点动指令（8轴运控板卡系统） ====》：输出AXIS{第2轴},点动量{-698MM},运动速度{125MM/s}
2023-02-23 10:16:39,268 [AppLog] INFO : 铺粉车返回至站1：BackToStation2(AimPos, MovSpeed, true)
2023-02-23 10:16:40,048 [AppLog] INFO : 落粉轴回零成功：motionMap.SetBackSpreaderAxis(3, 0.5, 2, -SinkPosition)：ReturnCode{True}
2023-02-23 10:16:40,048 [AppLog] INFO : 手动正向点动指令（8轴运控板卡系统） ====》：输出AXIS{第1轴},点动量{1MM},运动速度{1MM/s}
2023-02-23 10:16:40,048 [AppLog] INFO : 成形面高度上升层厚 TrapSpace{1mm}：TrapMoveUp(1, true, Convert.ToString(vel), Convert.ToString(TrapSpace), true, true）
2023-02-23 10:16:41,062 [AppLog] INFO : 手动铺粉正常结束：NewAutoSupplyPowderThread
2023-02-23 10:16:41,062 [AppLog] INFO : 发送监控指令，拍照记录1条：SendMessageFromSharedMemory
2023-02-23 10:16:41,452 [AppLog] INFO : 手动停止自动进给铺粉过程：AutoSupplyPowderBtn_Click
2023-02-23 10:16:53,979 [AppLog] INFO : 退出手动调试子模块，未执行修改
==========================================================================
2023-02-23 10:16:56,272 [AppLog] INFO : 进入JOB参数设置：修改前初始参数：灰度数据格式{2bits}打印灰阶{3阶}m_XPrintDpi{1270Dpi}墨车运动速度{40MM/s}X向起打位置{50MM}Y向起打位置{20MM}
2023-02-23 10:17:32,948 [AppLog] INFO : 退出JOB参数设置：未修改直接退出！
2023-02-23 10:17:35,069 [AppLog] INFO : 进入数据加载模块
2023-02-23 10:17:55,349 [AppLog] INFO : CAD数据加载：添加.CLI格式CAD数据成功-D:\Release\CLI输入文件\支撑大件测试-1211_1.cli
2023-02-23 10:17:59,873 [AppLog] INFO : CAD数据删除：删除.CLI格式CAD数据成功-D:\Release\CLI输入文件\支撑大件测试-1211_1.cli
2023-02-23 10:18:01,184 [AppLog] INFO : 进入数据加载模块
2023-02-23 10:18:08,484 [AppLog] INFO : CAD数据加载：添加.CLI格式CAD数据成功-D:\Release\CLI输入文件\1-拉伸试样-ASTM-E8M小试样标准_1.cli
2023-02-23 10:18:12,338 [AppLog] INFO : 进入数据加载模块
2023-02-23 10:18:17,298 [AppLog] INFO : CAD数据删除：删除.CLI格式CAD数据成功-D:\Release\CLI输入文件\1-拉伸试样-ASTM-E8M小试样标准_1.cli
2023-02-23 10:18:18,094 [AppLog] INFO : 进入数据加载模块
2023-02-23 10:18:32,119 [AppLog] INFO : CAD数据加载：添加.CLI格式CAD数据成功-D:\Release\CLI输入文件\SCUT-3DP测试件打-0915\Merge of 打印测试件.cli
2023-02-23 10:18:45,145 [AppLog] INFO : CAD数据阵列：SelectCADFile{D:\Release\CLI输入文件\SCUT-3DP测试件打-0915\Merge of 打印测试件.cli}
X方向间距{1MM}Y方向间距{-5MM}X方向数目{1}Y方向数目{2}
2023-02-23 10:18:49,669 [AppLog] INFO : CAD位置平移：SelectCADFile{D:\Release\CLI输入文件\SCUT-3DP测试件打-0915\Merge of 打印测试件.cliD:\Release\CLI输入文件\SCUT-3DP测试件打-0915\Merge of 打印测试件-copys-1-0.cli}
平移方式{true为目标位置平移，false为相对平移{True}}X方向平移目标值{-27.5MM}Y方向平移目标值{-2.5MM}Z方向平移目标值{0MM}X方向平移增量{10MM}Y方向平移增量{0MM}Z方向平移增量{0MM}
2023-02-23 10:18:51,775 [AppLog] INFO : 进入数据加载模块
2023-02-23 10:19:05,003 [AppLog] INFO : CAD数据加载：添加.CLI格式CAD数据成功-D:\Release\CLI输入文件\Box-300X300X300.cli
2023-02-23 10:19:37,701 [AppLog] INFO : CAD数据阵列：SelectCADFile{D:\Release\CLI输入文件\Box-300X300X300.cli}
X方向间距{5MM}Y方向间距{-5MM}X方向数目{2}Y方向数目{2}
2023-02-23 10:19:45,610 [AppLog] INFO : CAD数据删除：删除.CLI格式CAD数据成功-D:\Release\CLI输入文件\Box-300X300X300.cli
2023-02-23 10:19:45,610 [AppLog] INFO : CAD数据删除：删除.CLI格式CAD数据成功-D:\Release\CLI输入文件\Box-300X300X300-copys-0-1.cli
2023-02-23 10:19:45,626 [AppLog] INFO : CAD数据删除：删除.CLI格式CAD数据成功-D:\Release\CLI输入文件\Box-300X300X300-copys-1-0.cli
2023-02-23 10:19:45,641 [AppLog] INFO : CAD数据删除：删除.CLI格式CAD数据成功-D:\Release\CLI输入文件\Box-300X300X300-copys-1-1.cli
2023-02-23 10:19:46,499 [AppLog] INFO : 进入数据加载模块
2023-02-23 10:19:51,741 [AppLog] INFO : CAD数据加载：添加.CLI格式CAD数据成功-D:\Release\CLI输入文件\Box-300X300X300.cli
2023-02-23 10:20:04,455 [AppLog] INFO : CAD数据阵列：SelectCADFile{D:\Release\CLI输入文件\Box-300X300X300.cli}
X方向间距{5MM}Y方向间距{-15MM}X方向数目{1}Y方向数目{2}
2023-02-23 10:20:08,449 [AppLog] INFO : CAD位置平移：SelectCADFile{D:\Release\CLI输入文件\Box-300X300X300.cliD:\Release\CLI输入文件\Box-300X300X300-copys-1-0.cli}
平移方式{true为目标位置平移，false为相对平移{True}}X方向平移目标值{-15MM}Y方向平移目标值{-7.5MM}Z方向平移目标值{0MM}X方向平移增量{10MM}Y方向平移增量{0MM}Z方向平移增量{0MM}
2023-02-23 10:20:18,698 [AppLog] INFO : CAD位置平移：SelectCADFile{D:\Release\CLI输入文件\Box-300X300X300.cliD:\Release\CLI输入文件\Box-300X300X300-copys-1-0.cli}
平移方式{true为目标位置平移，false为相对平移{False}}X方向平移目标值{-15MM}Y方向平移目标值{-7.5MM}Z方向平移目标值{0MM}X方向平移增量{-20MM}Y方向平移增量{0MM}Z方向平移增量{0MM}
2023-02-23 10:20:27,403 [AppLog] INFO : CAD位置平移：SelectCADFile{D:\Release\CLI输入文件\Box-300X300X300.cliD:\Release\CLI输入文件\Box-300X300X300-copys-1-0.cli}
平移方式{true为目标位置平移，false为相对平移{False}}X方向平移目标值{-15MM}Y方向平移目标值{-7.5MM}Z方向平移目标值{0MM}X方向平移增量{-20MM}Y方向平移增量{0MM}Z方向平移增量{0MM}
2023-02-23 10:20:34,282 [AppLog] INFO : CAD位置平移：SelectCADFile{D:\Release\CLI输入文件\Box-300X300X300.cliD:\Release\CLI输入文件\Box-300X300X300-copys-1-0.cli}
平移方式{true为目标位置平移，false为相对平移{False}}X方向平移目标值{-15MM}Y方向平移目标值{-7.5MM}Z方向平移目标值{0MM}X方向平移增量{-20MM}Y方向平移增量{0MM}Z方向平移增量{0MM}
2023-02-23 10:20:36,825 [AppLog] INFO : 进入数据加载模块
2023-02-23 10:20:47,199 [AppLog] INFO : 进入数据加载模块
2023-02-23 10:21:04,796 [AppLog] INFO : CAD数据阵列：SelectCADFile{D:\Release\CLI输入文件\Box-300X300X300.cliD:\Release\CLI输入文件\Box-300X300X300-copys-1-0.cli}
X方向间距{5MM}Y方向间距{-5MM}X方向数目{2}Y方向数目{1}
2023-02-23 10:21:13,969 [AppLog] INFO : CAD位置平移：SelectCADFile{D:\Release\CLI输入文件\Box-300X300X300-copys-0-1.cliD:\Release\CLI输入文件\Box-300X300X300-copys-1-0-copys-0-1.cli}
平移方式{true为目标位置平移，false为相对平移{False}}X方向平移目标值{-15MM}Y方向平移目标值{-7.5MM}Z方向平移目标值{0MM}X方向平移增量{100MM}Y方向平移增量{0MM}Z方向平移增量{0MM}
2023-02-23 10:21:21,067 [AppLog] INFO : CAD位置平移：SelectCADFile{D:\Release\CLI输入文件\Box-300X300X300-copys-0-1.cliD:\Release\CLI输入文件\Box-300X300X300-copys-1-0-copys-0-1.cli}
平移方式{true为目标位置平移，false为相对平移{False}}X方向平移目标值{-15MM}Y方向平移目标值{-7.5MM}Z方向平移目标值{0MM}X方向平移增量{-20MM}Y方向平移增量{0MM}Z方向平移增量{0MM}
2023-02-23 10:21:23,781 [AppLog] INFO : 进入数据加载模块
2023-02-23 10:21:41,253 [AppLog] INFO : CAD数据加载：添加.CLI格式CAD数据成功-D:\Release\CLI输入文件\SCUT-3DP测试件打-0915\Box-Shield-140.cli
2023-02-23 10:21:51,440 [AppLog] INFO : CAD数据阵列：SelectCADFile{D:\Release\CLI输入文件\SCUT-3DP测试件打-0915\Box-Shield-140.cli}
X方向间距{5MM}Y方向间距{-5MM}X方向数目{2}Y方向数目{1}
2023-02-23 10:22:00,207 [AppLog] INFO : CAD位置平移：SelectCADFile{D:\Release\CLI输入文件\SCUT-3DP测试件打-0915\Box-Shield-140.cliD:\Release\CLI输入文件\SCUT-3DP测试件打-0915\Box-Shield-140-copys-0-1.cli}
平移方式{true为目标位置平移，false为相对平移{True}}X方向平移目标值{-12.5MM}Y方向平移目标值{70MM}Z方向平移目标值{0MM}X方向平移增量{10MM}Y方向平移增量{0MM}Z方向平移增量{0MM}
2023-02-23 10:22:08,538 [AppLog] INFO : CAD位置平移：SelectCADFile{D:\Release\CLI输入文件\SCUT-3DP测试件打-0915\Box-Shield-140.cli}
平移方式{true为目标位置平移，false为相对平移{False}}X方向平移目标值{-5MM}Y方向平移目标值{70MM}Z方向平移目标值{0MM}X方向平移增量{-100MM}Y方向平移增量{0MM}Z方向平移增量{0MM}
2023-02-23 10:22:16,104 [AppLog] INFO : CAD位置平移：SelectCADFile{D:\Release\CLI输入文件\SCUT-3DP测试件打-0915\Box-Shield-140.cli}
平移方式{true为目标位置平移，false为相对平移{False}}X方向平移目标值{-5MM}Y方向平移目标值{70MM}Z方向平移目标值{0MM}X方向平移增量{20MM}Y方向平移增量{0MM}Z方向平移增量{0MM}
2023-02-23 10:22:25,604 [AppLog] INFO : CAD位置平移：SelectCADFile{D:\Release\CLI输入文件\SCUT-3DP测试件打-0915\Box-Shield-140-copys-0-1.cli}
平移方式{true为目标位置平移，false为相对平移{False}}X方向平移目标值{-5MM}Y方向平移目标值{70MM}Z方向平移目标值{0MM}X方向平移增量{80MM}Y方向平移增量{0MM}Z方向平移增量{0MM}
2023-02-23 10:23:39,065 [AppLog] INFO : CAD数据保存：保存.bjgroup格式CAD数据成功：D:\工作\ceshi.bjgroup
2023-02-23 10:23:47,894 [AppLog] INFO : 进入手动调试子模块！
2023-02-23 10:24:15,569 [AppLog] INFO : 退出手动调试子模块,已执行修改
==========================================================================
2023-02-23 10:24:19,843 [AppLog] INFO : 启动打印任务：准备开启数据处理及打印线程
2023-02-23 10:24:19,843 [AppLog] INFO : 停止打印任务，释放板卡内存：IDP_StopPrintJob()：ReturnFlag{True}
2023-02-23 10:24:19,843 [AppLog] INFO : 启动打印线程成功： DataTaskTHREAD
2023-02-23 10:24:19,859 [AppLog] INFO : 启动打印线程成功：PrintTaskTHREAD
2023-02-23 10:24:19,859 [AppLog] INFO : 写入打印参数：IDP_SartPrintJob：nJobID{1}szJobName{金属3DP打印}nPixelGrayBits{2} nPrtCtl{0}nPrtXEncPos{10000}fPrtYPos{0}
2023-02-23 10:24:30,810 [AppLog] INFO : 作业写入成功：IDP_WriteImgLayerData：bpp:{2bit}灰阶:{3阶}nLayerIndex{0}LayerIndex{0}SubIndex{0}RePrintTimes{1}nBytesPerLine{4004}nWidth{16001}nHeight{7560}nXEncOff{0}nYJetOff{0}nImgStartJetIndex{0}nXDPI{1270}nYDPI{600}nPrtDir{0} nPrtFlag{1}nColorCnts{1}nReserved{System.Int32[]}
2023-02-23 10:24:41,668 [AppLog] INFO : 作业写入成功：IDP_WriteImgLayerData：bpp:{2bit}灰阶:{3阶}nLayerIndex{1}LayerIndex{0}SubIndex{1}RePrintTimes{1}nBytesPerLine{4004}nWidth{16001}nHeight{7560}nXEncOff{0}nYJetOff{0}nImgStartJetIndex{0}nXDPI{1270}nYDPI{600}nPrtDir{0} nPrtFlag{1}nColorCnts{1}nReserved{System.Int32[]}
2023-02-23 10:24:41,714 [AppLog] INFO : 关闭自动供墨：DEV_EnableInkAutoSupply：ControlBit{0xX}
2023-02-23 10:24:41,730 [AppLog] INFO : 初始化墨轴1：DEM_InitAxis：{0, 0x100}
2023-02-23 10:24:41,730 [AppLog] INFO : 初始化墨轴2：DEM_InitAxis：{1, 0x1400}
2023-02-23 10:24:41,746 [AppLog] INFO : 初始化墨轴3：DEM_InitAxis：{1, 0x1400}
2023-02-23 10:24:41,746 [AppLog] INFO : 使能所有墨轴：DEM_EnableAxisRun：{true}
2023-02-23 10:24:41,746 [AppLog] INFO : 使能双Y墨轴输出同步：DEM_EnableDYOutPut：{true, true}
2023-02-23 10:24:41,746 [AppLog] INFO : 初始化墨轴1：DEM_InitAxis：{0, 0x100}
2023-02-23 10:24:41,761 [AppLog] INFO : 使能所有墨轴：DEM_EnableAxisRun：{true}
2023-02-23 10:24:41,761 [AppLog] INFO : 开启自动供墨：DEV_EnableInkAutoSupply：ControlBit{0xFF}
2023-02-23 10:24:41,808 [AppLog] INFO : 接收到起始打印指令：PrintTaskTHREAD
2023-02-23 10:24:41,808 [AppLog] INFO : 获取打印Pass数据：IDP_GetPassItem2：nLayerIndex{1}nPassID{0}nProcState{3}LPPassDataItemb:PrtDir{False}nDataTxCompleteCnt{1}nHwMemAdrMatchMask{1}nLayerIndex{1}nLayerPassCount{6}nLayerPassIndex{0}nMinJet0ImgLinePos{0}nPrtMemHwAddr{System.UInt32[]}nPrtDataOffset{System.UInt32[]}nSrcDataSize{System.UInt32[]}nPrtColBytes{System.UInt32[]}nPrtPrecession{4}nSrcEndCols{16000}nSrcStartCols{0}nStartEncPos{76472}nValidPassJets{1280}nValidPrtCols{16619}nValidPrtCtlCnts{1}pDataBuf{0}pNextItem{683539840}
2023-02-23 10:24:41,824 [AppLog] INFO : 使能Pass打印成功：IDP_DoPassPrint2：nLayerIndex{1}nPassID{0}
2023-02-23 10:24:41,824 [AppLog] INFO : PASS打印前关键状态：DEV_GetDeviceInfo2：nLayerIndex{1}nPassID{0}LPPRINTER_INFO:nXSysEncDPI{0}nStatus{0}nPrintStatus{0}bSuperDevice{0}
LPPRINTER_INFO-LPPrtRunInfo:bJobPrtRuning{False}bLayerPrtIsOver{False}nContReqMemErr{0}nContWDErr{0}nCurPrtDir{0}nDTLayerIndex{0}nDTLayerPassIndex{0}nDTPtrCtlIndex{0}nLayerPassCount{0}nPrintLayerIndex{0}nPrintPassIndex{0}nProcLayerIndex{0}nPrtDataMemAddr{0}nPrtState{0}nReverse{System.Int32[]}nRevPrtCols{0}
LPPRINTER_INFO-LPDRVINFO:nFMVersion{0}nFpgaVersion{0}nPCBVersion{0}nState{0}nNextState{0}nPtvwarnState{0}nCrc32{0}nRevInfo{System.UInt32[]}nSignature{0}
2023-02-23 10:24:41,886 [AppLog] INFO : 关闭闪喷操作：IDP_FlashPrtCtl：返回值{True}
2023-02-23 10:24:41,886 [AppLog] INFO : 准备运动，编码器当前位置：DEM_GetAxisEncodeVal：MoveDirectionFlag{false为Y方向：True}CurrentPos{120.965}AimPos{15}
2023-02-23 10:24:41,933 [AppLog] INFO : Y方向运动开始：DEM_Run：返回值{True}nAxis{1}DirFlag{False}nSpeed{40000}MoveStep{-105965}nCtlValue{0}
2023-02-23 10:24:41,933 [AppLog] INFO : 准备运动，当前位置：DEV_GetPrintEncoderValue：MoveDirectionFlag{false为Y方向：False}CurrentPos{710.565}AimPos{25}
2023-02-23 10:24:41,964 [AppLog] INFO : X方向运动开始：DEM_Run：返回值{True}nAxis{0}DirFlag{False}nSpeed{40000}MoveStep{-685565}nCtlValue{2}
2023-02-23 10:24:52,712 [AppLog] INFO : 作业写入成功：IDP_WriteImgLayerData：bpp:{2bit}灰阶:{3阶}nLayerIndex{2}LayerIndex{1}SubIndex{1}RePrintTimes{1}nBytesPerLine{4004}nWidth{16001}nHeight{7560}nXEncOff{0}nYJetOff{0}nImgStartJetIndex{0}nXDPI{1270}nYDPI{600}nPrtDir{0} nPrtFlag{1}nColorCnts{1}nReserved{System.Int32[]}
2023-02-23 10:24:58,906 [AppLog] INFO : X方向到位停止：DEM_StopAxisRun：返回值{True}CurrentPos{28.815}bImmeStop{False}nAxisMask{1}
2023-02-23 10:24:58,906 [AppLog] INFO : 准备运动，编码器当前位置：DEM_GetAxisEncodeVal：MoveDirectionFlag{false为Y方向：True}CurrentPos{15.225}AimPos{69}
2023-02-23 10:24:58,937 [AppLog] INFO : Y方向运动开始：DEM_Run：返回值{True}nAxis{1}DirFlag{True}nSpeed{40000}MoveStep{53775}nCtlValue{0}
2023-02-23 10:25:00,107 [AppLog] INFO : Y方向到位停止：DEM_StopAxisRun：返回值{True}CurrentPos{62.96}bImmeStop{False}nAxisMask{2}
2023-02-23 10:25:00,107 [AppLog] INFO : 获取打印Pass数据：IDP_GetPassItem2：nLayerIndex{1}nPassID{1}nProcState{3}LPPassDataItemb:PrtDir{True}nDataTxCompleteCnt{1}nHwMemAdrMatchMask{1}nLayerIndex{1}nLayerPassCount{6}nLayerPassIndex{1}nMinJet0ImgLinePos{1280}nPrtMemHwAddr{System.UInt32[]}nPrtDataOffset{System.UInt32[]}nSrcDataSize{System.UInt32[]}nPrtColBytes{System.UInt32[]}nPrtPrecession{4}nSrcEndCols{16000}nSrcStartCols{0}nStartEncPos{10000}nValidPassJets{1280}nValidPrtCols{16619}nValidPrtCtlCnts{1}pDataBuf{0}pNextItem{683540000}
2023-02-23 10:25:00,138 [AppLog] INFO : 使能Pass打印成功：IDP_DoPassPrint2：nLayerIndex{1}nPassID{1}
2023-02-23 10:25:00,138 [AppLog] INFO : PASS打印前关键状态：DEV_GetDeviceInfo2：nLayerIndex{1}nPassID{1}LPPRINTER_INFO:nXSysEncDPI{0}nStatus{0}nPrintStatus{0}bSuperDevice{0}
LPPRINTER_INFO-LPPrtRunInfo:bJobPrtRuning{False}bLayerPrtIsOver{False}nContReqMemErr{0}nContWDErr{0}nCurPrtDir{0}nDTLayerIndex{0}nDTLayerPassIndex{0}nDTPtrCtlIndex{0}nLayerPassCount{0}nPrintLayerIndex{0}nPrintPassIndex{0}nProcLayerIndex{0}nPrtDataMemAddr{0}nPrtState{0}nReverse{System.Int32[]}nRevPrtCols{0}
LPPRINTER_INFO-LPDRVINFO:nFMVersion{0}nFpgaVersion{0}nPCBVersion{0}nState{0}nNextState{0}nPtvwarnState{0}nCrc32{0}nRevInfo{System.UInt32[]}nSignature{0}
2023-02-23 10:25:00,169 [AppLog] INFO : 准备运动，当前位置：DEV_GetPrintEncoderValue：MoveDirectionFlag{false为Y方向：False}CurrentPos{25.925}AimPos{425}
2023-02-23 10:25:00,200 [AppLog] INFO : X方向运动开始：DEM_Run：返回值{True}nAxis{0}DirFlag{True}nSpeed{40000}MoveStep{399075}nCtlValue{2}
2023-02-23 10:25:03,695 [AppLog] INFO : 作业写入成功：IDP_WriteImgLayerData：bpp:{2bit}灰阶:{3阶}nLayerIndex{3}LayerIndex{2}SubIndex{1}RePrintTimes{1}nBytesPerLine{4004}nWidth{16001}nHeight{7560}nXEncOff{0}nYJetOff{0}nImgStartJetIndex{0}nXDPI{1270}nYDPI{600}nPrtDir{0} nPrtFlag{1}nColorCnts{1}nReserved{System.Int32[]}
2023-02-23 10:25:10,106 [AppLog] INFO : X方向到位停止：DEM_StopAxisRun：返回值{True}CurrentPos{421.14}bImmeStop{False}nAxisMask{1}
2023-02-23 10:25:10,106 [AppLog] INFO : 准备运动，编码器当前位置：DEM_GetAxisEncodeVal：MoveDirectionFlag{false为Y方向：True}CurrentPos{68.895}AimPos{123}
2023-02-23 10:25:10,138 [AppLog] INFO : Y方向运动开始：DEM_Run：返回值{True}nAxis{1}DirFlag{True}nSpeed{40000}MoveStep{54105}nCtlValue{0}
2023-02-23 10:25:11,292 [AppLog] INFO : Y方向到位停止：DEM_StopAxisRun：返回值{True}CurrentPos{115.49}bImmeStop{False}nAxisMask{2}
2023-02-23 10:25:11,292 [AppLog] INFO : 获取打印Pass数据：IDP_GetPassItem2：nLayerIndex{1}nPassID{2}nProcState{3}LPPassDataItemb:PrtDir{False}nDataTxCompleteCnt{1}nHwMemAdrMatchMask{1}nLayerIndex{1}nLayerPassCount{6}nLayerPassIndex{2}nMinJet0ImgLinePos{2560}nPrtMemHwAddr{System.UInt32[]}nPrtDataOffset{System.UInt32[]}nSrcDataSize{System.UInt32[]}nPrtColBytes{System.UInt32[]}nPrtPrecession{4}nSrcEndCols{16000}nSrcStartCols{0}nStartEncPos{76472}nValidPassJets{1280}nValidPrtCols{16619}nValidPrtCtlCnts{1}pDataBuf{0}pNextItem{683540160}
2023-02-23 10:25:11,308 [AppLog] INFO : 使能Pass打印成功：IDP_DoPassPrint2：nLayerIndex{1}nPassID{2}
2023-02-23 10:25:11,323 [AppLog] INFO : PASS打印前关键状态：DEV_GetDeviceInfo2：nLayerIndex{1}nPassID{2}LPPRINTER_INFO:nXSysEncDPI{0}nStatus{0}nPrintStatus{0}bSuperDevice{0}
LPPRINTER_INFO-LPPrtRunInfo:bJobPrtRuning{False}bLayerPrtIsOver{False}nContReqMemErr{0}nContWDErr{0}nCurPrtDir{0}nDTLayerIndex{0}nDTLayerPassIndex{0}nDTPtrCtlIndex{0}nLayerPassCount{0}nPrintLayerIndex{0}nPrintPassIndex{0}nProcLayerIndex{0}nPrtDataMemAddr{0}nPrtState{0}nReverse{System.Int32[]}nRevPrtCols{0}
LPPRINTER_INFO-LPDRVINFO:nFMVersion{0}nFpgaVersion{0}nPCBVersion{0}nState{0}nNextState{0}nPtvwarnState{0}nCrc32{0}nRevInfo{System.UInt32[]}nSignature{0}
2023-02-23 10:25:11,354 [AppLog] INFO : 准备运动，当前位置：DEV_GetPrintEncoderValue：MoveDirectionFlag{false为Y方向：False}CurrentPos{423.445}AimPos{25}
2023-02-23 10:25:11,386 [AppLog] INFO : X方向运动开始：DEM_Run：返回值{True}nAxis{0}DirFlag{False}nSpeed{40000}MoveStep{-398445}nCtlValue{2}
2023-02-23 10:25:14,708 [AppLog] INFO : 作业写入成功：IDP_WriteImgLayerData：bpp:{2bit}灰阶:{3阶}nLayerIndex{4}LayerIndex{3}SubIndex{1}RePrintTimes{1}nBytesPerLine{4004}nWidth{16001}nHeight{7560}nXEncOff{0}nYJetOff{0}nImgStartJetIndex{0}nXDPI{1270}nYDPI{600}nPrtDir{0} nPrtFlag{1}nColorCnts{1}nReserved{System.Int32[]}
2023-02-23 10:25:21,245 [AppLog] INFO : X方向到位停止：DEM_StopAxisRun：返回值{True}CurrentPos{29.64}bImmeStop{False}nAxisMask{1}
2023-02-23 10:25:21,260 [AppLog] INFO : 准备运动，编码器当前位置：DEM_GetAxisEncodeVal：MoveDirectionFlag{false为Y方向：True}CurrentPos{122.905}AimPos{177}
2023-02-23 10:25:21,292 [AppLog] INFO : Y方向运动开始：DEM_Run：返回值{True}nAxis{1}DirFlag{True}nSpeed{40000}MoveStep{54095}nCtlValue{0}
2023-02-23 10:25:22,477 [AppLog] INFO : Y方向到位停止：DEM_StopAxisRun：返回值{True}CurrentPos{170.59}bImmeStop{False}nAxisMask{2}
2023-02-23 10:25:22,477 [AppLog] INFO : 获取打印Pass数据：IDP_GetPassItem2：nLayerIndex{1}nPassID{3}nProcState{3}LPPassDataItemb:PrtDir{True}nDataTxCompleteCnt{1}nHwMemAdrMatchMask{1}nLayerIndex{1}nLayerPassCount{6}nLayerPassIndex{3}nMinJet0ImgLinePos{3840}nPrtMemHwAddr{System.UInt32[]}nPrtDataOffset{System.UInt32[]}nSrcDataSize{System.UInt32[]}nPrtColBytes{System.UInt32[]}nPrtPrecession{4}nSrcEndCols{16000}nSrcStartCols{0}nStartEncPos{10000}nValidPassJets{1280}nValidPrtCols{16619}nValidPrtCtlCnts{1}pDataBuf{0}pNextItem{683514112}
2023-02-23 10:25:22,477 [AppLog] INFO : 使能Pass打印成功：IDP_DoPassPrint2：nLayerIndex{1}nPassID{3}
2023-02-23 10:25:22,493 [AppLog] INFO : PASS打印前关键状态：DEV_GetDeviceInfo2：nLayerIndex{1}nPassID{3}LPPRINTER_INFO:nXSysEncDPI{0}nStatus{0}nPrintStatus{0}bSuperDevice{0}
LPPRINTER_INFO-LPPrtRunInfo:bJobPrtRuning{False}bLayerPrtIsOver{False}nContReqMemErr{0}nContWDErr{0}nCurPrtDir{0}nDTLayerIndex{0}nDTLayerPassIndex{0}nDTPtrCtlIndex{0}nLayerPassCount{0}nPrintLayerIndex{0}nPrintPassIndex{0}nProcLayerIndex{0}nPrtDataMemAddr{0}nPrtState{0}nReverse{System.Int32[]}nRevPrtCols{0}
LPPRINTER_INFO-LPDRVINFO:nFMVersion{0}nFpgaVersion{0}nPCBVersion{0}nState{0}nNextState{0}nPtvwarnState{0}nCrc32{0}nRevInfo{System.UInt32[]}nSignature{0}
2023-02-23 10:25:22,524 [AppLog] INFO : 准备运动，当前位置：DEV_GetPrintEncoderValue：MoveDirectionFlag{false为Y方向：False}CurrentPos{26.53}AimPos{425}
2023-02-23 10:25:22,571 [AppLog] INFO : X方向运动开始：DEM_Run：返回值{True}nAxis{0}DirFlag{True}nSpeed{40000}MoveStep{398470}nCtlValue{2}
2023-02-23 10:25:26,440 [AppLog] INFO : 作业写入成功：IDP_WriteImgLayerData：bpp:{2bit}灰阶:{3阶}nLayerIndex{5}LayerIndex{4}SubIndex{1}RePrintTimes{1}nBytesPerLine{4004}nWidth{16001}nHeight{7560}nXEncOff{0}nYJetOff{0}nImgStartJetIndex{0}nXDPI{1270}nYDPI{600}nPrtDir{0} nPrtFlag{1}nColorCnts{1}nReserved{System.Int32[]}
2023-02-23 10:25:32,446 [AppLog] INFO : X方向到位停止：DEM_StopAxisRun：返回值{True}CurrentPos{420.63}bImmeStop{False}nAxisMask{1}
2023-02-23 10:25:32,446 [AppLog] INFO : 准备运动，编码器当前位置：DEM_GetAxisEncodeVal：MoveDirectionFlag{false为Y方向：True}CurrentPos{176.875}AimPos{231}
2023-02-23 10:25:32,492 [AppLog] INFO : Y方向运动开始：DEM_Run：返回值{True}nAxis{1}DirFlag{True}nSpeed{40000}MoveStep{54125}nCtlValue{0}
2023-02-23 10:25:33,647 [AppLog] INFO : Y方向到位停止：DEM_StopAxisRun：返回值{True}CurrentPos{223.43}bImmeStop{False}nAxisMask{2}
2023-02-23 10:25:33,647 [AppLog] INFO : 获取打印Pass数据：IDP_GetPassItem2：nLayerIndex{1}nPassID{4}nProcState{3}LPPassDataItemb:PrtDir{False}nDataTxCompleteCnt{1}nHwMemAdrMatchMask{1}nLayerIndex{1}nLayerPassCount{6}nLayerPassIndex{4}nMinJet0ImgLinePos{5120}nPrtMemHwAddr{System.UInt32[]}nPrtDataOffset{System.UInt32[]}nSrcDataSize{System.UInt32[]}nPrtColBytes{System.UInt32[]}nPrtPrecession{4}nSrcEndCols{16000}nSrcStartCols{0}nStartEncPos{76472}nValidPassJets{1280}nValidPrtCols{16619}nValidPrtCtlCnts{1}pDataBuf{0}pNextItem{683514272}
2023-02-23 10:25:33,662 [AppLog] INFO : 使能Pass打印成功：IDP_DoPassPrint2：nLayerIndex{1}nPassID{4}
2023-02-23 10:25:33,678 [AppLog] INFO : PASS打印前关键状态：DEV_GetDeviceInfo2：nLayerIndex{1}nPassID{4}LPPRINTER_INFO:nXSysEncDPI{0}nStatus{0}nPrintStatus{0}bSuperDevice{0}
LPPRINTER_INFO-LPPrtRunInfo:bJobPrtRuning{False}bLayerPrtIsOver{False}nContReqMemErr{0}nContWDErr{0}nCurPrtDir{0}nDTLayerIndex{0}nDTLayerPassIndex{0}nDTPtrCtlIndex{0}nLayerPassCount{0}nPrintLayerIndex{0}nPrintPassIndex{0}nProcLayerIndex{0}nPrtDataMemAddr{0}nPrtState{0}nReverse{System.Int32[]}nRevPrtCols{0}
LPPRINTER_INFO-LPDRVINFO:nFMVersion{0}nFpgaVersion{0}nPCBVersion{0}nState{0}nNextState{0}nPtvwarnState{0}nCrc32{0}nRevInfo{System.UInt32[]}nSignature{0}
2023-02-23 10:25:33,709 [AppLog] INFO : 准备运动，当前位置：DEV_GetPrintEncoderValue：MoveDirectionFlag{false为Y方向：False}CurrentPos{423.475}AimPos{25}
2023-02-23 10:25:33,772 [AppLog] INFO : X方向运动开始：DEM_Run：返回值{True}nAxis{0}DirFlag{False}nSpeed{40000}MoveStep{-398475}nCtlValue{2}
2023-02-23 10:25:37,547 [AppLog] INFO : 作业写入成功：IDP_WriteImgLayerData：bpp:{2bit}灰阶:{3阶}nLayerIndex{6}LayerIndex{5}SubIndex{1}RePrintTimes{1}nBytesPerLine{4004}nWidth{16001}nHeight{7560}nXEncOff{0}nYJetOff{0}nImgStartJetIndex{0}nXDPI{1270}nYDPI{600}nPrtDir{0} nPrtFlag{1}nColorCnts{1}nReserved{System.Int32[]}
2023-02-23 10:25:43,646 [AppLog] INFO : X方向到位停止：DEM_StopAxisRun：返回值{True}CurrentPos{29.705}bImmeStop{False}nAxisMask{1}
2023-02-23 10:25:43,646 [AppLog] INFO : 准备运动，编码器当前位置：DEM_GetAxisEncodeVal：MoveDirectionFlag{false为Y方向：True}CurrentPos{230.915}AimPos{285}
2023-02-23 10:25:43,678 [AppLog] INFO : Y方向运动开始：DEM_Run：返回值{True}nAxis{1}DirFlag{True}nSpeed{40000}MoveStep{54085}nCtlValue{0}
2023-02-23 10:25:44,832 [AppLog] INFO : Y方向到位停止：DEM_StopAxisRun：返回值{True}CurrentPos{277.38}bImmeStop{False}nAxisMask{2}
2023-02-23 10:25:44,832 [AppLog] INFO : 获取打印Pass数据：IDP_GetPassItem2：nLayerIndex{1}nPassID{5}nProcState{3}LPPassDataItemb:PrtDir{True}nDataTxCompleteCnt{1}nHwMemAdrMatchMask{1}nLayerIndex{1}nLayerPassCount{6}nLayerPassIndex{5}nMinJet0ImgLinePos{6400}nPrtMemHwAddr{System.UInt32[]}nPrtDataOffset{System.UInt32[]}nSrcDataSize{System.UInt32[]}nPrtColBytes{System.UInt32[]}nPrtPrecession{4}nSrcEndCols{16000}nSrcStartCols{0}nStartEncPos{10000}nValidPassJets{1280}nValidPrtCols{16619}nValidPrtCtlCnts{1}pDataBuf{0}pNextItem{0}
2023-02-23 10:25:44,848 [AppLog] INFO : 使能Pass打印成功：IDP_DoPassPrint2：nLayerIndex{1}nPassID{5}
2023-02-23 10:25:44,848 [AppLog] INFO : PASS打印前关键状态：DEV_GetDeviceInfo2：nLayerIndex{1}nPassID{5}LPPRINTER_INFO:nXSysEncDPI{0}nStatus{0}nPrintStatus{0}bSuperDevice{0}
LPPRINTER_INFO-LPPrtRunInfo:bJobPrtRuning{False}bLayerPrtIsOver{False}nContReqMemErr{0}nContWDErr{0}nCurPrtDir{0}nDTLayerIndex{0}nDTLayerPassIndex{0}nDTPtrCtlIndex{0}nLayerPassCount{0}nPrintLayerIndex{0}nPrintPassIndex{0}nProcLayerIndex{0}nPrtDataMemAddr{0}nPrtState{0}nReverse{System.Int32[]}nRevPrtCols{0}
LPPRINTER_INFO-LPDRVINFO:nFMVersion{0}nFpgaVersion{0}nPCBVersion{0}nState{0}nNextState{0}nPtvwarnState{0}nCrc32{0}nRevInfo{System.UInt32[]}nSignature{0}
2023-02-23 10:25:44,879 [AppLog] INFO : 准备运动，当前位置：DEV_GetPrintEncoderValue：MoveDirectionFlag{false为Y方向：False}CurrentPos{26.545}AimPos{425}
2023-02-23 10:25:44,910 [AppLog] INFO : X方向运动开始：DEM_Run：返回值{True}nAxis{0}DirFlag{True}nSpeed{40000}MoveStep{398455}nCtlValue{2}
2023-02-23 10:25:48,529 [AppLog] INFO : 作业写入成功：IDP_WriteImgLayerData：bpp:{2bit}灰阶:{3阶}nLayerIndex{7}LayerIndex{6}SubIndex{1}RePrintTimes{1}nBytesPerLine{4004}nWidth{16001}nHeight{7560}nXEncOff{0}nYJetOff{0}nImgStartJetIndex{0}nXDPI{1270}nYDPI{600}nPrtDir{0} nPrtFlag{1}nColorCnts{1}nReserved{System.Int32[]}
2023-02-23 10:25:54,785 [AppLog] INFO : X方向到位停止：DEM_StopAxisRun：返回值{True}CurrentPos{420.495}bImmeStop{False}nAxisMask{1}
2023-02-23 10:25:54,785 [AppLog] INFO : 准备运动，当前位置：DEV_GetPrintEncoderValue：MoveDirectionFlag{false为Y方向：False}CurrentPos{420.55}AimPos{710}
2023-02-23 10:25:54,816 [AppLog] INFO : X方向运动开始：DEM_Run：返回值{True}nAxis{0}DirFlag{True}nSpeed{40000}MoveStep{289450}nCtlValue{2}
2023-02-23 10:25:54,816 [AppLog] INFO : 准备运动，编码器当前位置：DEM_GetAxisEncodeVal：MoveDirectionFlag{false为Y方向：True}CurrentPos{284.905}AimPos{121}
2023-02-23 10:25:54,863 [AppLog] INFO : Y方向运动开始：DEM_Run：返回值{True}nAxis{1}DirFlag{False}nSpeed{40000}MoveStep{-163905}nCtlValue{0}
2023-02-23 10:25:59,512 [AppLog] INFO : 作业写入成功：IDP_WriteImgLayerData：bpp:{2bit}灰阶:{3阶}nLayerIndex{8}LayerIndex{7}SubIndex{1}RePrintTimes{1}nBytesPerLine{4004}nWidth{16001}nHeight{7560}nXEncOff{0}nYJetOff{0}nImgStartJetIndex{0}nXDPI{1270}nYDPI{600}nPrtDir{0} nPrtFlag{1}nColorCnts{1}nReserved{System.Int32[]}
2023-02-23 10:26:02,008 [AppLog] INFO : Y方向到位等停：DEM_StopAxisRun：返回值{True}bImmeStop{False}nAxisMask{1}
2023-02-23 10:26:02,008 [AppLog] INFO : X方向到位等停：DEM_StopAxisRun：返回值{True}bImmeStop{False}nAxisMask{2}
2023-02-23 10:26:02,039 [AppLog] INFO : 开启闪喷操作：IDP_FlashPrtCtl：返回值{True}
2023-02-23 10:26:02,070 [AppLog] INFO : 进入自动铺粉逻辑：NewAutoSupplyPowderThread2
2023-02-23 10:26:02,070 [AppLog] INFO : 发送监控指令，拍照记录1条：SendMessageFromSharedMemory
2023-02-23 10:26:02,070 [AppLog] INFO : 手动正向点动指令（8轴运控板卡系统） ====》：输出AXIS{第1轴},点动量{0MM},运动速度{1MM/s}
2023-02-23 10:26:02,070 [AppLog] INFO : 成形面高度下降层厚 TrapSpace{0mm}：TrapMoveUp(1, true, Convert.ToString(vel), Convert.ToString(TrapSpace), true, true）
2023-02-23 10:26:04,379 [AppLog] INFO : 手动正向点动指令（8轴运控板卡系统） ====》：输出AXIS{第8轴},点动量{0.75MM},运动速度{0.5MM/s}
2023-02-23 10:26:04,379 [AppLog] INFO : Hopper落粉轴转2圈落粉，速度0.5rev/s：TrapMoveUp(8, true, 0.5, rotateNuM.ToString(), true, false)
2023-02-23 10:26:04,691 [AppLog] INFO : 手动正向点动指令（8轴运控板卡系统） ====》：输出AXIS{第2轴},点动量{698MM},运动速度{30MM/s}
2023-02-23 10:26:04,691 [AppLog] INFO : 开启铺粉车不等停运动至站2，速度0.5rev/s：BackToStation2
2023-02-23 10:26:09,745 [AppLog] INFO : 打开IR灯：OpenIRLamp(true)
2023-02-23 10:26:10,572 [AppLog] INFO : 作业写入成功：IDP_WriteImgLayerData：bpp:{2bit}灰阶:{3阶}nLayerIndex{9}LayerIndex{8}SubIndex{1}RePrintTimes{1}nBytesPerLine{4004}nWidth{16001}nHeight{7560}nXEncOff{0}nYJetOff{0}nImgStartJetIndex{0}nXDPI{1270}nYDPI{600}nPrtDir{0} nPrtFlag{1}nColorCnts{1}nReserved{System.Int32[]}
2023-02-23 10:26:13,287 [AppLog] INFO : 手动正向点动指令（8轴运控板卡系统） ====》：输出AXIS{第3轴},点动量{0.5MM},运动速度{0.0588235294117647MM/s}
2023-02-23 10:26:13,287 [AppLog] INFO : 开启均匀落粉及辊子铺平运动：TrapMoveUp(3, true, Convert.ToString(DispenseRollerSpeed), 0.5, true, true)
2023-02-23 10:26:21,757 [AppLog] INFO : 作业写入成功：IDP_WriteImgLayerData：bpp:{2bit}灰阶:{3阶}nLayerIndex{10}LayerIndex{9}SubIndex{1}RePrintTimes{1}nBytesPerLine{4004}nWidth{16001}nHeight{7560}nXEncOff{0}nYJetOff{0}nImgStartJetIndex{0}nXDPI{1270}nYDPI{600}nPrtDir{0} nPrtFlag{1}nColorCnts{1}nReserved{System.Int32[]}
2023-02-23 10:26:21,913 [AppLog] INFO : 关闭IR灯：OpenIRLamp(false)
2023-02-23 10:26:25,720 [AppLog] INFO : 手动正向点动指令（8轴运控板卡系统） ====》：输出AXIS{第3轴},点动量{0.5MM},运动速度{2MM/s}
2023-02-23 10:26:25,720 [AppLog] INFO : 落粉轴继续转动以倒掉余粉：TrapMoveUp(3, true, 2, 0.5, true, false)
2023-02-23 10:26:27,951 [AppLog] INFO : 手动正向点动指令（8轴运控板卡系统） ====》：输出AXIS{第1轴},点动量{-1MM},运动速度{1MM/s}
2023-02-23 10:26:27,951 [AppLog] INFO : 成形面高度下降指定厚度 TrapSpace{1mm}：TrapMoveUp(1, true, Convert.ToString(vel), Convert.ToString(TrapSpace), true, true）
2023-02-23 10:26:34,549 [AppLog] INFO : 手动正向点动指令（8轴运控板卡系统） ====》：输出AXIS{第2轴},点动量{-698MM},运动速度{125MM/s}
2023-02-23 10:26:34,549 [AppLog] INFO : 铺粉车返回至站1：BackToStation2(AimPos, MovSpeed, true)
2023-02-23 10:26:34,768 [AppLog] INFO : 删除打印任务：准备删除数据处理及打印线程
2023-02-23 10:26:34,893 [AppLog] INFO : 关闭打印线程成功：PrintTaskTHREAD
2023-02-23 10:26:34,893 [AppLog] INFO : 关闭打印线程成功：DataTaskTHREAD
2023-02-23 10:26:34,893 [AppLog] INFO : 停止打印任务，释放板卡内存：IDP_StopPrintJob()：ReturnFlag{True}
2023-02-23 10:29:47,818 [AppLog] INFO : 进入手动调试子模块！
2023-02-23 10:29:50,610 [AppLog] INFO : 手动控制墨车运动开启：沿Y轴后侧方向运动 ↓↓↓：nAxis{{1}},Dir{{true}},nPlsSpeed{{{nSpeed}}},nPlsCount{{750000}},cControlFlag{{{nCtlValue}}}
2023-02-23 10:29:50,782 [AppLog] INFO : 手动控制墨车运动带减速停止：沿Y轴方向运动 ↑↑↑↓↓↓ ====: bImmeStop{{false}},nAxisMask{{0x2}}
2023-02-23 10:29:51,141 [AppLog] INFO : 手动控制墨车运动开启：沿Y轴后侧方向运动 ↓↓↓：nAxis{{1}},Dir{{true}},nPlsSpeed{{{nSpeed}}},nPlsCount{{750000}},cControlFlag{{{nCtlValue}}}
2023-02-23 10:29:51,468 [AppLog] INFO : 手动控制墨车运动带减速停止：沿Y轴方向运动 ↑↑↑↓↓↓ ====: bImmeStop{{false}},nAxisMask{{0x2}}
2023-02-23 10:29:54,869 [AppLog] INFO : 手动控制墨车运动开启：沿Y轴后侧方向运动 ↓↓↓：nAxis{{1}},Dir{{true}},nPlsSpeed{{{nSpeed}}},nPlsCount{{750000}},cControlFlag{{{nCtlValue}}}
2023-02-23 10:30:03,793 [AppLog] INFO : 手动控制墨车运动带减速停止：沿Y轴方向运动 ↑↑↑↓↓↓ ====: bImmeStop{{false}},nAxisMask{{0x2}}
2023-02-23 10:30:03,980 [AppLog] INFO : 手动控制墨车运动开启：沿Y轴后侧方向运动 ↓↓↓：nAxis{{1}},Dir{{true}},nPlsSpeed{{{nSpeed}}},nPlsCount{{750000}},cControlFlag{{{nCtlValue}}}
2023-02-23 10:30:04,089 [AppLog] INFO : 手动控制墨车运动带减速停止：沿Y轴方向运动 ↑↑↑↓↓↓ ====: bImmeStop{{false}},nAxisMask{{0x2}}
2023-02-23 10:30:04,354 [AppLog] INFO : 手动控制墨车运动开启：沿Y轴后侧方向运动 ↓↓↓：nAxis{{1}},Dir{{true}},nPlsSpeed{{{nSpeed}}},nPlsCount{{750000}},cControlFlag{{{nCtlValue}}}
2023-02-23 10:30:04,432 [AppLog] INFO : 手动控制墨车运动带减速停止：沿Y轴方向运动 ↑↑↑↓↓↓ ====: bImmeStop{{false}},nAxisMask{{0x2}}
2023-02-23 10:30:06,398 [AppLog] INFO : 手动控制墨车运动开启，沿X轴右侧方向运动 ====》：nAxis{0},Dir{true},nPlsSpeed{10000},nPlsCount{750000},cControlFlag{2}
2023-02-23 10:30:06,554 [AppLog] INFO : 手动控制墨车运动带减速停止：沿X轴方向运动 ====》《=== ====: bImmeStop{false},nAxisMask{0x1}
2023-02-23 10:30:06,757 [AppLog] INFO : 手动控制墨车运动开启，沿X轴右侧方向运动 ====》：nAxis{0},Dir{true},nPlsSpeed{10000},nPlsCount{750000},cControlFlag{2}
2023-02-23 10:30:09,112 [AppLog] INFO : 手动控制墨车运动带减速停止：沿X轴方向运动 ====》《=== ====: bImmeStop{false},nAxisMask{0x1}
2023-02-23 10:35:36,151 [AppLog] INFO : 退出手动调试子模块，未执行修改
==========================================================================
2023-02-23 10:35:42,095 [AppLog] INFO : 开启系统：板卡通讯，伺服供电，照明系统，UV/HR固化系统！
2023-02-23 10:35:43,499 [AppLog] INFO : 关闭系统：一键关闭系统开始！
2023-02-23 10:35:48,694 [AppLog] INFO : 关闭系统：一键关闭系统结束！
2023-02-23 10:35:48,694 [AppLog] INFO : 喷墨控制器的所有轴输出关闭！
2023-02-23 10:35:48,725 [AppLog] INFO : 喷墨控制器关闭！
2023-02-23 10:35:48,725 [AppLog] INFO : 进入电气控制模块
2023-02-23 10:35:52,625 [AppLog] INFO : 电气控制模块：手动关闭端口14
2023-02-23 10:35:53,623 [AppLog] INFO : 电气控制模块：手动关闭端口15
2023-02-23 10:36:01,330 [AppLog] INFO : 电气控制模块：手动打开端口6
2023-02-23 10:36:03,997 [AppLog] INFO : 退出电气控制模块
2023-02-23 10:36:13,747 [AppLog] INFO : 软件及设备关停中：墨车所有方向运动确认停止（X,Y,Y2)： bImmeStop{False},nAxisMask{0x7}
2023-02-23 10:36:13,747 [AppLog] INFO : 软件及设备关停中：喷墨控制器板卡系统关闭（X,Y,Y2)：DEV_CloseDevice
2023-02-23 10:36:14,418 [AppLog] INFO : 软件及设备关停成功
==========================================================================
操作系统:{Microsoft Windows 7 旗舰版 }
运行环境:{ .Net Framework Enviroment Version 4.0.30319.42000}
盘符：D
CPU使用率：{33.92833%} ，可用内存大小:{14290MB}，硬盘剩余空间：
  盘符 C:\ 的剩余空间：82 GB
  盘符 D:\ 的剩余空间：97 GB
==========================================================================
