2023-04-10 20:34:52,213 [AppLog] INFO : 开启刮墨轴回零校准：SpreaderHomeBtn_Click
2023-04-10 20:34:53,180 [AppLog] INFO : 刮墨轴回零成功：SpreaderHomeBtn_Click：{AXIS{4},Vel{1圈/s},开槽位置{-106°}}
2023-04-10 20:34:58,929 [AppLog] INFO : 手动正向JOG指令（8轴运控板卡系统） ====》：输出AXIS{第4轴},运动速度{0.5MM/s}
2023-04-10 20:34:59,241 [AppLog] INFO : 自动停止铺粉棍轴JOG输出（8轴运控板卡系统） ====》：输出AXIS{第6轴}
2023-04-10 20:34:59,241 [AppLog] INFO : 手动停止JOG输出（8轴运控板卡系统） ====》：输出AXIS{第4轴}
2023-04-10 20:34:59,414 [AppLog] INFO : 手动正向JOG指令（8轴运控板卡系统） ====》：输出AXIS{第4轴},运动速度{0.5MM/s}
2023-04-10 20:35:00,085 [AppLog] INFO : 自动停止铺粉棍轴JOG输出（8轴运控板卡系统） ====》：输出AXIS{第6轴}
2023-04-10 20:35:00,085 [AppLog] INFO : 手动停止JOG输出（8轴运控板卡系统） ====》：输出AXIS{第4轴}
2023-04-10 20:35:00,227 [AppLog] INFO : 手动正向JOG指令（8轴运控板卡系统） ====》：输出AXIS{第4轴},运动速度{0.5MM/s}
2023-04-10 20:35:00,383 [AppLog] INFO : 自动停止铺粉棍轴JOG输出（8轴运控板卡系统） ====》：输出AXIS{第6轴}
2023-04-10 20:35:00,383 [AppLog] INFO : 手动停止JOG输出（8轴运控板卡系统） ====》：输出AXIS{第4轴}
2023-04-10 20:35:00,666 [AppLog] INFO : 手动正向JOG指令（8轴运控板卡系统） ====》：输出AXIS{第4轴},运动速度{0.5MM/s}
2023-04-10 20:35:00,791 [AppLog] INFO : 自动停止铺粉棍轴JOG输出（8轴运控板卡系统） ====》：输出AXIS{第6轴}
2023-04-10 20:35:00,791 [AppLog] INFO : 手动停止JOG输出（8轴运控板卡系统） ====》：输出AXIS{第4轴}
2023-04-10 20:35:01,136 [AppLog] INFO : 手动正向JOG指令（8轴运控板卡系统） ====》：输出AXIS{第4轴},运动速度{0.5MM/s}
2023-04-10 20:35:01,261 [AppLog] INFO : 自动停止铺粉棍轴JOG输出（8轴运控板卡系统） ====》：输出AXIS{第6轴}
2023-04-10 20:35:01,261 [AppLog] INFO : 手动停止JOG输出（8轴运控板卡系统） ====》：输出AXIS{第4轴}
2023-04-10 20:35:01,637 [AppLog] INFO : 手动正向JOG指令（8轴运控板卡系统） ====》：输出AXIS{第4轴},运动速度{0.5MM/s}
2023-04-10 20:35:01,747 [AppLog] INFO : 自动停止铺粉棍轴JOG输出（8轴运控板卡系统） ====》：输出AXIS{第6轴}
2023-04-10 20:35:01,747 [AppLog] INFO : 手动停止JOG输出（8轴运控板卡系统） ====》：输出AXIS{第4轴}
2023-04-10 20:35:01,998 [AppLog] INFO : 手动正向JOG指令（8轴运控板卡系统） ====》：输出AXIS{第4轴},运动速度{0.5MM/s}
2023-04-10 20:35:02,154 [AppLog] INFO : 自动停止铺粉棍轴JOG输出（8轴运控板卡系统） ====》：输出AXIS{第6轴}
2023-04-10 20:35:02,154 [AppLog] INFO : 手动停止JOG输出（8轴运控板卡系统） ====》：输出AXIS{第4轴}
2023-04-10 20:35:06,072 [AppLog] INFO : 手动正向JOG指令（8轴运控板卡系统） ====》：输出AXIS{第4轴},运动速度{0.5MM/s}
2023-04-10 20:35:06,493 [AppLog] INFO : 自动停止铺粉棍轴JOG输出（8轴运控板卡系统） ====》：输出AXIS{第6轴}
2023-04-10 20:35:06,493 [AppLog] INFO : 手动停止JOG输出（8轴运控板卡系统） ====》：输出AXIS{第4轴}
2023-04-10 20:35:07,198 [AppLog] INFO : 手动负向JOG指令（8轴运控板卡系统） ====》：输出AXIS{第4轴},运动速度{0.5MM/s}
2023-04-10 20:35:07,307 [AppLog] INFO : 自动停止铺粉棍轴JOG输出（8轴运控板卡系统） ====》：输出AXIS{第6轴}
2023-04-10 20:35:07,307 [AppLog] INFO : 手动停止JOG输出（8轴运控板卡系统） ====》：输出AXIS{第4轴}
2023-04-10 20:35:07,512 [AppLog] INFO : 手动负向JOG指令（8轴运控板卡系统） ====》：输出AXIS{第4轴},运动速度{0.5MM/s}
2023-04-10 20:35:07,637 [AppLog] INFO : 自动停止铺粉棍轴JOG输出（8轴运控板卡系统） ====》：输出AXIS{第6轴}
2023-04-10 20:35:07,637 [AppLog] INFO : 手动停止JOG输出（8轴运控板卡系统） ====》：输出AXIS{第4轴}
2023-04-10 20:35:07,732 [AppLog] INFO : 手动负向JOG指令（8轴运控板卡系统） ====》：输出AXIS{第4轴},运动速度{0.5MM/s}
2023-04-10 20:35:07,795 [AppLog] INFO : 自动停止铺粉棍轴JOG输出（8轴运控板卡系统） ====》：输出AXIS{第6轴}
2023-04-10 20:35:07,795 [AppLog] INFO : 手动停止JOG输出（8轴运控板卡系统） ====》：输出AXIS{第4轴}
2023-04-10 20:35:07,875 [AppLog] INFO : 手动负向JOG指令（8轴运控板卡系统） ====》：输出AXIS{第4轴},运动速度{0.5MM/s}
2023-04-10 20:35:08,001 [AppLog] INFO : 自动停止铺粉棍轴JOG输出（8轴运控板卡系统） ====》：输出AXIS{第6轴}
2023-04-10 20:35:08,001 [AppLog] INFO : 手动停止JOG输出（8轴运控板卡系统） ====》：输出AXIS{第4轴}
2023-04-10 20:35:08,049 [AppLog] INFO : 手动负向JOG指令（8轴运控板卡系统） ====》：输出AXIS{第4轴},运动速度{0.5MM/s}
2023-04-10 20:35:08,190 [AppLog] INFO : 自动停止铺粉棍轴JOG输出（8轴运控板卡系统） ====》：输出AXIS{第6轴}
2023-04-10 20:35:08,190 [AppLog] INFO : 手动停止JOG输出（8轴运控板卡系统） ====》：输出AXIS{第4轴}
2023-04-10 20:35:08,254 [AppLog] INFO : 手动负向JOG指令（8轴运控板卡系统） ====》：输出AXIS{第4轴},运动速度{0.5MM/s}
2023-04-10 20:35:08,379 [AppLog] INFO : 自动停止铺粉棍轴JOG输出（8轴运控板卡系统） ====》：输出AXIS{第6轴}
2023-04-10 20:35:08,379 [AppLog] INFO : 手动停止JOG输出（8轴运控板卡系统） ====》：输出AXIS{第4轴}
2023-04-10 20:35:08,459 [AppLog] INFO : 手动负向JOG指令（8轴运控板卡系统） ====》：输出AXIS{第4轴},运动速度{0.5MM/s}
2023-04-10 20:35:08,537 [AppLog] INFO : 自动停止铺粉棍轴JOG输出（8轴运控板卡系统） ====》：输出AXIS{第6轴}
2023-04-10 20:35:08,537 [AppLog] INFO : 手动停止JOG输出（8轴运控板卡系统） ====》：输出AXIS{第4轴}
2023-04-10 20:35:10,302 [AppLog] INFO : 手动正向JOG指令（8轴运控板卡系统） ====》：输出AXIS{第4轴},运动速度{0.5MM/s}
2023-04-10 20:35:10,411 [AppLog] INFO : 自动停止铺粉棍轴JOG输出（8轴运控板卡系统） ====》：输出AXIS{第6轴}
2023-04-10 20:35:10,411 [AppLog] INFO : 手动停止JOG输出（8轴运控板卡系统） ====》：输出AXIS{第4轴}
2023-04-10 20:35:11,006 [AppLog] INFO : 手动正向JOG指令（8轴运控板卡系统） ====》：输出AXIS{第4轴},运动速度{0.5MM/s}
2023-04-10 20:35:11,053 [AppLog] INFO : 自动停止铺粉棍轴JOG输出（8轴运控板卡系统） ====》：输出AXIS{第6轴}
2023-04-10 20:35:11,068 [AppLog] INFO : 手动停止JOG输出（8轴运控板卡系统） ====》：输出AXIS{第4轴}
2023-04-10 20:35:14,144 [AppLog] INFO : 手动正向JOG指令（8轴运控板卡系统） ====》：输出AXIS{第4轴},运动速度{0.5MM/s}
2023-04-10 20:35:15,408 [AppLog] INFO : 自动停止铺粉棍轴JOG输出（8轴运控板卡系统） ====》：输出AXIS{第6轴}
2023-04-10 20:35:15,408 [AppLog] INFO : 手动停止JOG输出（8轴运控板卡系统） ====》：输出AXIS{第4轴}
2023-04-10 20:35:16,268 [AppLog] INFO : 手动正向JOG指令（8轴运控板卡系统） ====》：输出AXIS{第4轴},运动速度{0.5MM/s}
2023-04-10 20:35:17,516 [AppLog] INFO : 自动停止铺粉棍轴JOG输出（8轴运控板卡系统） ====》：输出AXIS{第6轴}
2023-04-10 20:35:17,516 [AppLog] INFO : 手动停止JOG输出（8轴运控板卡系统） ====》：输出AXIS{第4轴}
2023-04-10 20:35:17,705 [AppLog] INFO : 手动正向JOG指令（8轴运控板卡系统） ====》：输出AXIS{第4轴},运动速度{0.5MM/s}
2023-04-10 20:35:19,125 [AppLog] INFO : 自动停止铺粉棍轴JOG输出（8轴运控板卡系统） ====》：输出AXIS{第6轴}
2023-04-10 20:35:19,125 [AppLog] INFO : 手动停止JOG输出（8轴运控板卡系统） ====》：输出AXIS{第4轴}
2023-04-10 20:35:19,408 [AppLog] INFO : 手动正向JOG指令（8轴运控板卡系统） ====》：输出AXIS{第4轴},运动速度{0.5MM/s}
2023-04-10 20:35:19,532 [AppLog] INFO : 自动停止铺粉棍轴JOG输出（8轴运控板卡系统） ====》：输出AXIS{第6轴}
2023-04-10 20:35:19,532 [AppLog] INFO : 手动停止JOG输出（8轴运控板卡系统） ====》：输出AXIS{第4轴}
2023-04-10 20:35:30,474 [AppLog] INFO : 开启刮墨轴回零校准：SpreaderHomeBtn_Click
2023-04-10 20:35:31,707 [AppLog] INFO : 刮墨轴回零成功：SpreaderHomeBtn_Click：{AXIS{4},Vel{1圈/s},开槽位置{-106°}}
2023-04-10 20:35:34,316 [AppLog] INFO : 开启刮墨轴回零校准：SpreaderHomeBtn_Click
2023-04-10 20:35:35,283 [AppLog] INFO : 刮墨轴回零成功：SpreaderHomeBtn_Click：{AXIS{4},Vel{1圈/s},开槽位置{-106°}}
2023-04-10 20:35:36,768 [AppLog] INFO : 开启刮墨轴回零校准：SpreaderHomeBtn_Click
2023-04-10 20:35:37,735 [AppLog] INFO : 刮墨轴回零成功：SpreaderHomeBtn_Click：{AXIS{4},Vel{1圈/s},开槽位置{-106°}}
2023-04-10 20:35:39,892 [AppLog] INFO : 开启刮墨轴回零校准：SpreaderHomeBtn_Click
2023-04-10 20:35:40,859 [AppLog] INFO : 刮墨轴回零成功：SpreaderHomeBtn_Click：{AXIS{4},Vel{1圈/s},开槽位置{-106°}}
2023-04-10 20:35:42,601 [AppLog] INFO : 开启刮墨轴回零校准：SpreaderHomeBtn_Click
2023-04-10 20:35:43,568 [AppLog] INFO : 刮墨轴回零成功：SpreaderHomeBtn_Click：{AXIS{4},Vel{1圈/s},开槽位置{-106°}}
2023-04-10 20:35:45,725 [AppLog] INFO : 开启刮墨轴回零校准：SpreaderHomeBtn_Click
2023-04-10 20:35:46,692 [AppLog] INFO : 刮墨轴回零成功：SpreaderHomeBtn_Click：{AXIS{4},Vel{1圈/s},开槽位置{-106°}}
2023-04-10 20:35:48,181 [AppLog] INFO : 开启刮墨轴回零校准：SpreaderHomeBtn_Click
2023-04-10 20:35:49,148 [AppLog] INFO : 刮墨轴回零成功：SpreaderHomeBtn_Click：{AXIS{4},Vel{1圈/s},开槽位置{-106°}}
2023-04-10 20:45:06,932 [AppLog] INFO : 退出手动调试子模块,已执行修改
==========================================================================
2023-04-10 20:45:07,761 [AppLog] INFO : 显示模组校准栏
2023-04-10 20:45:08,931 [AppLog] INFO : 不显示模组校准栏
2023-04-10 20:45:09,310 [AppLog] INFO : 显示模组校准栏
2023-04-10 20:45:09,780 [AppLog] INFO : 不显示模组校准栏
2023-04-10 20:45:10,001 [AppLog] INFO : 显示模组校准栏
2023-04-10 20:45:10,393 [AppLog] INFO : 不显示模组校准栏
2023-04-10 20:45:10,738 [AppLog] INFO : 显示模组校准栏
2023-04-10 20:45:11,161 [AppLog] INFO : 不显示模组校准栏
2023-04-10 20:45:11,526 [AppLog] INFO : 显示模组校准栏
2023-04-10 20:45:11,933 [AppLog] INFO : 不显示模组校准栏
2023-04-10 20:45:12,776 [AppLog] INFO : 进入电气控制模块
2023-04-10 20:45:13,651 [AppLog] INFO : 退出电气控制模块
2023-04-10 20:45:15,101 [AppLog] INFO : 进入手动调试子模块！
2023-04-10 20:45:15,101 [AppLog] INFO : 进入：ManulBtn_Click=》准备创建对象-手动操作！
2023-04-10 20:45:15,132 [AppLog] INFO : 创建：ManualControl=》创建完成-手动操作！
2023-04-10 20:45:15,132 [AppLog] INFO : 加载成功：温控Modbus接口！
2023-04-10 20:45:17,306 [AppLog] INFO : 退出手动调试子模块,已执行修改
==========================================================================
2023-04-10 20:45:18,073 [AppLog] INFO : 进入手动调试子模块！
2023-04-10 20:45:18,073 [AppLog] INFO : 进入：ManulBtn_Click=》准备创建对象-手动操作！
2023-04-10 20:45:18,104 [AppLog] INFO : 创建：ManualControl=》创建完成-手动操作！
2023-04-10 20:45:18,104 [AppLog] INFO : 加载成功：温控Modbus接口！
2023-04-10 20:45:25,177 [AppLog] INFO : 退出手动调试子模块，未执行修改
==========================================================================
2023-04-10 20:45:27,425 [AppLog] INFO : 进入电气控制模块
2023-04-10 20:45:28,724 [AppLog] INFO : 退出电气控制模块
2023-04-10 20:45:32,064 [AppLog] INFO : 进入电气控制模块
2023-04-10 20:45:33,096 [AppLog] INFO : 退出电气控制模块
2023-04-10 20:45:35,159 [AppLog] INFO : 显示模组校准栏
2023-04-10 20:45:36,409 [AppLog] INFO : 不显示模组校准栏
2023-04-10 20:45:36,690 [AppLog] INFO : 显示模组校准栏
2023-04-10 20:45:37,177 [AppLog] INFO : 不显示模组校准栏
2023-04-10 20:45:37,335 [AppLog] INFO : 显示模组校准栏
2023-04-10 20:45:37,478 [AppLog] INFO : 不显示模组校准栏
2023-04-10 20:45:37,637 [AppLog] INFO : 显示模组校准栏
2023-04-10 20:45:37,810 [AppLog] INFO : 不显示模组校准栏
2023-04-10 20:45:37,906 [AppLog] INFO : 显示模组校准栏
2023-04-10 20:45:38,080 [AppLog] INFO : 不显示模组校准栏
2023-04-10 20:45:38,284 [AppLog] INFO : 显示模组校准栏
2023-04-10 20:45:38,581 [AppLog] INFO : 不显示模组校准栏
2023-04-10 20:45:38,803 [AppLog] INFO : 显示模组校准栏
2023-04-10 20:45:39,226 [AppLog] INFO : 不显示模组校准栏
2023-04-10 20:45:39,804 [AppLog] INFO : 进入电气控制模块
2023-04-10 20:45:41,007 [AppLog] INFO : 退出电气控制模块
2023-04-10 20:45:42,463 [AppLog] INFO : 显示模组校准栏
2023-04-10 20:45:43,619 [AppLog] INFO : 不显示模组校准栏
2023-04-10 20:45:44,009 [AppLog] INFO : 进入手动调试子模块！
2023-04-10 20:45:44,009 [AppLog] INFO : 进入：ManulBtn_Click=》准备创建对象-手动操作！
2023-04-10 20:45:44,040 [AppLog] INFO : 创建：ManualControl=》创建完成-手动操作！
2023-04-10 20:45:44,040 [AppLog] INFO : 加载成功：温控Modbus接口！
2023-04-10 20:45:45,370 [AppLog] INFO : 退出手动调试子模块,已执行修改
==========================================================================
2023-04-10 20:50:17,923 [AppLog] INFO : 开启系统：板卡通讯，伺服供电，照明系统，UV/HR固化系统！
2023-04-10 20:50:18,800 [AppLog] INFO : 关闭系统：一键关闭系统开始！
2023-04-10 20:50:25,011 [AppLog] INFO : 关闭系统：一键关闭系统结束！
2023-04-10 20:50:25,011 [AppLog] INFO : 喷墨控制器的所有轴输出关闭！
2023-04-10 20:50:25,011 [AppLog] INFO : 喷墨控制器关闭！
2023-04-10 20:50:25,011 [AppLog] INFO : 进入电气控制模块
2023-04-10 20:50:26,074 [AppLog] INFO : 退出电气控制模块
