2023-07-08 11:30:16,188 [AppLog] INFO : 软件开机密码正确，登录成功1次
==========================================================================
操作系统:{Microsoft Windows 7 旗舰版 }
运行环境:{ .Net Framework Enviroment Version 4.0.30319.42000}
盘符：D
CPU使用率：{23.21397%} ，可用内存大小:{14389MB}，硬盘剩余空间：
  盘符 C:\ 的剩余空间：70 GB
  盘符 D:\ 的剩余空间：84 GB
硬件配置情况：
  CPU 厂家: GenuineIntel CPU 型号: Intel(R) Core(TM) i7-4770 CPU @ 3.40GHz
  内存条厂家: Kingston 内存条型号: 99P5471-043.A00LF 
  内存条厂家: Kingston 内存条型号: 99P5471-043.A00LF 
  硬盘厂家: (标准磁盘驱动器) 硬盘型号: Micron_1300_MTFDDAK256TDL ATA Device
==========================================================================
2023-07-08 11:30:20,291 [AppLog] INFO : 开启系统：板卡通讯，伺服供电，照明系统，UV/HR固化系统！
2023-07-08 11:30:20,307 [AppLog] INFO : 开启系统：一键启动系统开始！
2023-07-08 11:30:26,391 [AppLog] INFO : 开启系统：一键启动系统结束！
2023-07-08 11:30:26,593 [AppLog] INFO : 创建：AutoPrintMotion0=》初次创建完成-手动操作！
2023-07-08 11:30:26,656 [AppLog] INFO : 初始化喷墨控制器启动！
2023-07-08 11:30:50,446 [AppLog] INFO : 打开喷墨控制器设备成功！
2023-07-08 11:30:50,462 [AppLog] INFO : 输入校准值1次{成功}，打印往返差校准值为：BiDirEncPrtOff{5},分频值{8},打印速度{300mm/s}
2023-07-08 11:30:50,852 [AppLog] INFO : PASS打印前关键状态：DEV_GetDeviceInfo：LPPRINTER_INFO:nXSysEncDPI{5080}nStatus{909129520}nPrintStatus{0}bSuperDevice{1}
LPPRINTER_INFO-LPPrtRunInfo:bJobPrtRuning{False}bLayerPrtIsOver{False}nContReqMemErr{0}nContWDErr{0}nCurPrtDir{0}nDTLayerIndex{0}nDTLayerPassIndex{0}nDTPtrCtlIndex{0}nLayerPassCount{0}nPrintLayerIndex{0}nPrintPassIndex{0}nProcLayerIndex{0}nPrtDataMemAddr{0}nPrtState{0}nReverse{System.Int32[]}nRevPrtCols{0}
LPPRINTER_INFO-LPDRVINFO:nFMVersion{45074}nFpgaVersion{539038216}nPCBVersion{0}nState{0}nNextState{0}nPtvwarnState{0}nCrc32{0}nRevInfo{System.UInt32[]}nSignature{0}
2023-07-08 11:30:57,747 [AppLog] INFO : 初始化喷墨控制器成功！
2023-07-08 11:30:57,747 [AppLog] INFO : 进入：EquipmentMotionLogic3=》准备创建对象-手动操作！
2023-07-08 11:30:57,778 [AppLog] INFO : 进入：EquipmentMotionLogic3=》创建完成-手动操作！
2023-07-08 11:30:57,903 [AppLog] INFO : 红外灯控制器485通讯建立！
2023-07-08 11:30:57,903 [AppLog] INFO : 进入电气控制模块
2023-07-08 11:31:00,024 [AppLog] INFO : 电气控制模块：手动打开端口14
2023-07-08 11:31:01,070 [AppLog] INFO : 电气控制模块：手动打开端口15
2023-07-08 11:31:01,896 [AppLog] INFO : 电气控制模块：手动关闭端口14
2023-07-08 11:31:02,614 [AppLog] INFO : 电气控制模块：手动关闭端口15
2023-07-08 11:31:04,720 [AppLog] INFO : 退出电气控制模块
2023-07-08 11:31:07,294 [AppLog] INFO : 进入手动调试子模块！
2023-07-08 11:31:07,294 [AppLog] INFO : 进入：ManulBtn_Click=》准备创建对象-手动操作！
2023-07-08 11:31:07,310 [AppLog] INFO : 创建：ManualControl=》创建完成-手动操作！
2023-07-08 11:31:07,310 [AppLog] INFO : 加载成功：温控Modbus接口！
2023-07-08 11:31:09,322 [AppLog] INFO : 退出手动调试子模块,已执行修改
==========================================================================
2023-07-08 11:31:10,071 [AppLog] INFO : 进入电气控制模块
2023-07-08 11:31:11,007 [AppLog] INFO : 电气控制模块：手动打开端口14
2023-07-08 11:31:11,787 [AppLog] INFO : 电气控制模块：手动打开端口15
2023-07-08 11:31:12,770 [AppLog] INFO : 退出电气控制模块
2023-07-08 11:31:13,893 [AppLog] INFO : 进入电气控制模块
2023-07-08 11:31:22,052 [AppLog] INFO : 退出电气控制模块
2023-07-08 11:31:23,112 [AppLog] INFO : 进入电气控制模块
2023-07-08 11:31:26,544 [AppLog] INFO : 电气控制模块：手动关闭端口14
2023-07-08 11:31:27,090 [AppLog] INFO : 电气控制模块：手动关闭端口15
2023-07-08 11:31:30,959 [AppLog] INFO : 电气控制模块：手动打开端口14
2023-07-08 11:31:31,864 [AppLog] INFO : 电气控制模块：手动打开端口15
2023-07-08 11:31:38,510 [AppLog] INFO : 电气控制模块：手动关闭端口14
2023-07-08 11:31:39,820 [AppLog] INFO : 电气控制模块：手动关闭端口15
2023-07-08 11:31:43,892 [AppLog] INFO : 电气控制模块：手动打开端口14
2023-07-08 11:31:44,656 [AppLog] INFO : 电气控制模块：手动打开端口15
2023-07-08 11:31:49,242 [AppLog] INFO : 电气控制模块：手动打开端口12
2023-07-08 11:31:51,863 [AppLog] INFO : 电气控制模块：手动关闭端口12
2023-07-08 11:31:55,560 [AppLog] INFO : 电气控制模块：手动关闭端口11
2023-07-08 11:31:57,183 [AppLog] INFO : 电气控制模块：手动关闭端口10
2023-07-08 11:32:00,194 [AppLog] INFO : 电气控制模块：手动关闭端口9
2023-07-08 11:32:01,582 [AppLog] INFO : 电气控制模块：手动打开端口9
2023-07-08 11:32:03,282 [AppLog] INFO : 电气控制模块：手动关闭端口9
2023-07-08 11:32:03,719 [AppLog] INFO : 电气控制模块：手动打开端口10
2023-07-08 11:32:04,593 [AppLog] INFO : 电气控制模块：手动关闭端口10
2023-07-08 11:32:04,967 [AppLog] INFO : 电气控制模块：手动打开端口11
2023-07-08 11:32:05,654 [AppLog] INFO : 电气控制模块：手动关闭端口11
2023-07-08 11:32:05,997 [AppLog] INFO : 电气控制模块：手动打开端口10
2023-07-08 11:32:06,402 [AppLog] INFO : 电气控制模块：手动打开端口9
2023-07-08 11:32:06,839 [AppLog] INFO : 电气控制模块：手动打开端口11
2023-07-08 11:32:09,444 [AppLog] INFO : 电气控制模块：手动关闭端口14
2023-07-08 11:32:10,256 [AppLog] INFO : 电气控制模块：手动关闭端口15
2023-07-08 11:32:11,394 [AppLog] INFO : 电气控制模块：手动打开端口14
2023-07-08 11:32:17,697 [AppLog] INFO : 电气控制模块：手动打开端口15
2023-07-08 11:32:19,709 [AppLog] INFO : 退出电气控制模块
2023-07-08 11:32:20,364 [AppLog] INFO : 进入手动调试子模块！
2023-07-08 11:32:20,364 [AppLog] INFO : 进入：ManulBtn_Click=》准备创建对象-手动操作！
2023-07-08 11:32:20,396 [AppLog] INFO : 创建：ManualControl=》创建完成-手动操作！
2023-07-08 11:32:20,396 [AppLog] INFO : 加载成功：温控Modbus接口！
2023-07-08 11:32:23,999 [AppLog] INFO : 手动正向点动指令（8轴运控板卡系统） ====》：输出AXIS{第1轴},点动量{1.5MM},运动速度{2MM/s}
2023-07-08 11:32:25,981 [AppLog] INFO : 切换为JOG模式====》：输出AXIS{第1轴}
2023-07-08 11:32:26,729 [AppLog] INFO : 手动正向JOG指令（8轴运控板卡系统） ====》：输出AXIS{第1轴},运动速度{2MM/s}
2023-07-08 11:32:27,853 [AppLog] INFO : 手动停止JOG输出（8轴运控板卡系统） ====》：输出AXIS{第1轴}
2023-07-08 11:32:28,040 [AppLog] INFO : 手动正向JOG指令（8轴运控板卡系统） ====》：输出AXIS{第1轴},运动速度{2MM/s}
2023-07-08 11:32:28,539 [AppLog] INFO : 手动停止JOG输出（8轴运控板卡系统） ====》：输出AXIS{第1轴}
2023-07-08 11:32:28,726 [AppLog] INFO : 手动正向JOG指令（8轴运控板卡系统） ====》：输出AXIS{第1轴},运动速度{2MM/s}
2023-07-08 11:32:30,973 [AppLog] INFO : 手动停止JOG输出（8轴运控板卡系统） ====》：输出AXIS{第1轴}
2023-07-08 11:32:32,907 [AppLog] INFO : 切换为点动模式====》：输出AXIS{第1轴}
2023-07-08 11:32:33,968 [AppLog] INFO : 切换为JOG模式====》：输出AXIS{第1轴}
2023-07-08 11:32:34,389 [AppLog] INFO : 切换为点动模式====》：输出AXIS{第1轴}
2023-07-08 11:32:34,732 [AppLog] INFO : 切换为JOG模式====》：输出AXIS{第1轴}
2023-07-08 11:32:36,542 [AppLog] INFO : 切换为点动模式====》：输出AXIS{第1轴}
2023-07-08 11:32:40,520 [AppLog] INFO : 切换为JOG模式====》：输出AXIS{第1轴}
2023-07-08 11:32:41,690 [AppLog] INFO : 手动负向JOG指令（8轴运控板卡系统） ====》：输出AXIS{第1轴},运动速度{2MM/s}
2023-07-08 11:32:42,813 [AppLog] INFO : 手动停止JOG输出（8轴运控板卡系统） ====》：输出AXIS{第1轴}
2023-07-08 11:32:43,437 [AppLog] INFO : 手动正向JOG指令（8轴运控板卡系统） ====》：输出AXIS{第1轴},运动速度{2MM/s}
2023-07-08 11:32:45,387 [AppLog] INFO : 手动停止JOG输出（8轴运控板卡系统） ====》：输出AXIS{第1轴}
2023-07-08 11:32:46,947 [AppLog] INFO : 手动正向JOG指令（8轴运控板卡系统） ====》：输出AXIS{第1轴},运动速度{2MM/s}
2023-07-08 11:32:47,836 [AppLog] INFO : 手动停止JOG输出（8轴运控板卡系统） ====》：输出AXIS{第1轴}
2023-07-08 11:32:50,005 [AppLog] INFO : 手动正向JOG指令（8轴运控板卡系统） ====》：输出AXIS{第1轴},运动速度{2MM/s}
2023-07-08 11:32:50,769 [AppLog] INFO : 手动停止JOG输出（8轴运控板卡系统） ====》：输出AXIS{第1轴}
2023-07-08 11:32:50,972 [AppLog] INFO : 手动正向JOG指令（8轴运控板卡系统） ====》：输出AXIS{第1轴},运动速度{2MM/s}
2023-07-08 11:32:53,951 [AppLog] INFO : 手动停止JOG输出（8轴运控板卡系统） ====》：输出AXIS{第1轴}
2023-07-08 11:32:54,201 [AppLog] INFO : 手动正向JOG指令（8轴运控板卡系统） ====》：输出AXIS{第1轴},运动速度{2MM/s}
2023-07-08 11:32:54,747 [AppLog] INFO : 手动停止JOG输出（8轴运控板卡系统） ====》：输出AXIS{第1轴}
2023-07-08 11:32:54,981 [AppLog] INFO : 手动正向JOG指令（8轴运控板卡系统） ====》：输出AXIS{第1轴},运动速度{2MM/s}
2023-07-08 11:32:55,886 [AppLog] INFO : 手动停止JOG输出（8轴运控板卡系统） ====》：输出AXIS{第1轴}
2023-07-08 11:32:56,167 [AppLog] INFO : 手动正向JOG指令（8轴运控板卡系统） ====》：输出AXIS{第1轴},运动速度{2MM/s}
2023-07-08 11:32:56,494 [AppLog] INFO : 手动停止JOG输出（8轴运控板卡系统） ====》：输出AXIS{第1轴}
2023-07-08 11:32:56,791 [AppLog] INFO : 手动正向JOG指令（8轴运控板卡系统） ====》：输出AXIS{第1轴},运动速度{2MM/s}
2023-07-08 11:32:57,430 [AppLog] INFO : 手动停止JOG输出（8轴运控板卡系统） ====》：输出AXIS{第1轴}
2023-07-08 11:32:57,992 [AppLog] INFO : 手动正向JOG指令（8轴运控板卡系统） ====》：输出AXIS{第1轴},运动速度{2MM/s}
2023-07-08 11:32:58,070 [AppLog] INFO : 手动停止JOG输出（8轴运控板卡系统） ====》：输出AXIS{第1轴}
2023-07-08 11:32:59,037 [AppLog] INFO : 手动负向JOG指令（8轴运控板卡系统） ====》：输出AXIS{第1轴},运动速度{2MM/s}
2023-07-08 11:32:59,427 [AppLog] INFO : 手动停止JOG输出（8轴运控板卡系统） ====》：输出AXIS{第1轴}
2023-07-08 11:33:13,249 [AppLog] INFO : 开启铺粉车回零校准：PowderCarHomeBtn_Click
2023-07-08 11:33:13,249 [AppLog] INFO : 开启粉车回零校准线程：PowderCarHomeResetThread
2023-07-08 11:33:42,764 [AppLog] INFO : 手动正向点动指令（8轴运控板卡系统） ====》：输出AXIS{第2轴},点动量{-116MM},运动速度{5MM/s}
2023-07-08 11:33:42,764 [AppLog] INFO : 粉车回零校准线程成功：PowderCarHomeResetThread
2023-07-08 11:34:04,120 [AppLog] INFO : 开启墨车回零校准：PrintCarHomeBtn_Click
2023-07-08 11:34:04,120 [AppLog] INFO : 开启墨车回零校准线程：InkCarEncoderResetThread
2023-07-08 11:34:26,943 [AppLog] INFO : 墨车回零校准线程成功：InkCarEncoderResetThread
2023-07-08 11:34:38,596 [AppLog] INFO : 手动控制墨车运动开启：沿X轴左侧方向运动 《====：nAxis{{0}},Dir{{false}},nPlsSpeed{{{nSpeed}}},nPlsCount{{750000}},cControlFlag{{{nCtlValue}}}
2023-07-08 11:34:38,690 [AppLog] INFO : 手动控制墨车运动带减速停止：沿X轴方向运动 ====》《=== ====: bImmeStop{false},nAxisMask{0x1}
2023-07-08 11:34:39,922 [AppLog] INFO : 手动控制墨车运动开启，沿X轴右侧方向运动 ====》：nAxis{0},Dir{true},nPlsSpeed{50000},nPlsCount{750000},cControlFlag{2}
2023-07-08 11:34:40,000 [AppLog] INFO : 手动控制墨车运动带减速停止：沿X轴方向运动 ====》《=== ====: bImmeStop{false},nAxisMask{0x1}
2023-07-08 11:34:41,326 [AppLog] INFO : 手动控制墨车运动开启：沿Y轴后侧方向运动 ↓↓↓：nAxis{{1}},Dir{{true}},nPlsSpeed{{{nSpeed}}},nPlsCount{{750000}},cControlFlag{{{nCtlValue}}}
2023-07-08 11:34:46,599 [AppLog] INFO : 手动控制墨车运动带减速停止：沿Y轴方向运动 ↑↑↑↓↓↓ ====: bImmeStop{{false}},nAxisMask{{0x2}}
2023-07-08 11:34:52,028 [AppLog] INFO : 手动控制墨车运动开启，沿X轴右侧方向运动 ====》：nAxis{0},Dir{true},nPlsSpeed{50000},nPlsCount{750000},cControlFlag{2}
2023-07-08 11:34:52,324 [AppLog] INFO : 手动控制墨车运动带减速停止：沿X轴方向运动 ====》《=== ====: bImmeStop{false},nAxisMask{0x1}
2023-07-08 11:34:52,746 [AppLog] INFO : 手动控制墨车运动开启，沿X轴右侧方向运动 ====》：nAxis{0},Dir{true},nPlsSpeed{50000},nPlsCount{750000},cControlFlag{2}
2023-07-08 11:34:52,902 [AppLog] INFO : 手动控制墨车运动带减速停止：沿X轴方向运动 ====》《=== ====: bImmeStop{false},nAxisMask{0x1}
2023-07-08 11:35:07,597 [AppLog] INFO : 手动控制墨车运动开启，沿X轴右侧方向运动 ====》：nAxis{0},Dir{true},nPlsSpeed{50000},nPlsCount{750000},cControlFlag{2}
2023-07-08 11:35:07,706 [AppLog] INFO : 手动控制墨车运动带减速停止：沿X轴方向运动 ====》《=== ====: bImmeStop{false},nAxisMask{0x1}
2023-07-08 11:35:08,065 [AppLog] INFO : 手动控制墨车运动开启，沿X轴右侧方向运动 ====》：nAxis{0},Dir{true},nPlsSpeed{50000},nPlsCount{750000},cControlFlag{2}
2023-07-08 11:35:08,236 [AppLog] INFO : 手动控制墨车运动带减速停止：沿X轴方向运动 ====》《=== ====: bImmeStop{false},nAxisMask{0x1}
2023-07-08 11:35:08,548 [AppLog] INFO : 手动控制墨车运动开启，沿X轴右侧方向运动 ====》：nAxis{0},Dir{true},nPlsSpeed{50000},nPlsCount{750000},cControlFlag{2}
2023-07-08 11:35:08,642 [AppLog] INFO : 手动控制墨车运动带减速停止：沿X轴方向运动 ====》《=== ====: bImmeStop{false},nAxisMask{0x1}
2023-07-08 11:35:09,016 [AppLog] INFO : 手动控制墨车运动开启，沿X轴右侧方向运动 ====》：nAxis{0},Dir{true},nPlsSpeed{50000},nPlsCount{750000},cControlFlag{2}
2023-07-08 11:35:09,110 [AppLog] INFO : 手动控制墨车运动带减速停止：沿X轴方向运动 ====》《=== ====: bImmeStop{false},nAxisMask{0x1}
2023-07-08 11:35:09,344 [AppLog] INFO : 手动控制墨车运动开启，沿X轴右侧方向运动 ====》：nAxis{0},Dir{true},nPlsSpeed{50000},nPlsCount{750000},cControlFlag{2}
2023-07-08 11:35:09,391 [AppLog] INFO : 手动控制墨车运动带减速停止：沿X轴方向运动 ====》《=== ====: bImmeStop{false},nAxisMask{0x1}
2023-07-08 11:35:10,467 [AppLog] INFO : 手动控制墨车运动开启，沿X轴右侧方向运动 ====》：nAxis{0},Dir{true},nPlsSpeed{50000},nPlsCount{750000},cControlFlag{2}
2023-07-08 11:35:10,561 [AppLog] INFO : 手动控制墨车运动带减速停止：沿X轴方向运动 ====》《=== ====: bImmeStop{false},nAxisMask{0x1}
2023-07-08 11:35:11,294 [AppLog] INFO : 手动控制墨车运动开启，沿X轴右侧方向运动 ====》：nAxis{0},Dir{true},nPlsSpeed{50000},nPlsCount{750000},cControlFlag{2}
2023-07-08 11:35:11,372 [AppLog] INFO : 手动控制墨车运动带减速停止：沿X轴方向运动 ====》《=== ====: bImmeStop{false},nAxisMask{0x1}
2023-07-08 11:35:11,481 [AppLog] INFO : 手动控制墨车运动开启，沿X轴右侧方向运动 ====》：nAxis{0},Dir{true},nPlsSpeed{50000},nPlsCount{750000},cControlFlag{2}
2023-07-08 11:35:11,575 [AppLog] INFO : 手动控制墨车运动带减速停止：沿X轴方向运动 ====》《=== ====: bImmeStop{false},nAxisMask{0x1}
2023-07-08 11:35:12,667 [AppLog] INFO : 手动控制墨车运动开启：沿X轴左侧方向运动 《====：nAxis{{0}},Dir{{false}},nPlsSpeed{{{nSpeed}}},nPlsCount{{750000}},cControlFlag{{{nCtlValue}}}
2023-07-08 11:35:13,416 [AppLog] INFO : 手动控制墨车运动带减速停止：沿X轴方向运动 ====》《=== ====: bImmeStop{false},nAxisMask{0x1}
2023-07-08 11:35:19,234 [AppLog] INFO : 开启墨车回零校准：PrintCarHomeBtn_Click
2023-07-08 11:35:19,234 [AppLog] INFO : 开启墨车回零校准线程：InkCarEncoderResetThread
2023-07-08 11:35:42,198 [AppLog] INFO : 墨车回零校准线程成功：InkCarEncoderResetThread
2023-07-08 11:35:45,302 [AppLog] INFO : 手动控制墨车运动开启：沿Y轴后侧方向运动 ↓↓↓：nAxis{{1}},Dir{{true}},nPlsSpeed{{{nSpeed}}},nPlsCount{{750000}},cControlFlag{{{nCtlValue}}}
2023-07-08 11:35:45,645 [AppLog] INFO : 手动控制墨车运动带减速停止：沿Y轴方向运动 ↑↑↑↓↓↓ ====: bImmeStop{{false}},nAxisMask{{0x2}}
2023-07-08 11:35:45,926 [AppLog] INFO : 手动控制墨车运动开启：沿Y轴后侧方向运动 ↓↓↓：nAxis{{1}},Dir{{true}},nPlsSpeed{{{nSpeed}}},nPlsCount{{750000}},cControlFlag{{{nCtlValue}}}
2023-07-08 11:35:50,762 [AppLog] INFO : 手动控制墨车运动带减速停止：沿Y轴方向运动 ↑↑↑↓↓↓ ====: bImmeStop{{false}},nAxisMask{{0x2}}
2023-07-08 11:35:52,182 [AppLog] INFO : 手动控制墨车运动开启，沿X轴右侧方向运动 ====》：nAxis{0},Dir{true},nPlsSpeed{50000},nPlsCount{750000},cControlFlag{2}
2023-07-08 11:35:52,494 [AppLog] INFO : 手动控制墨车运动带减速停止：沿X轴方向运动 ====》《=== ====: bImmeStop{false},nAxisMask{0x1}
2023-07-08 11:35:59,560 [AppLog] INFO : 手动正向JOG指令（8轴运控板卡系统） ====》：输出AXIS{第1轴},运动速度{2MM/s}
2023-07-08 11:36:01,744 [AppLog] INFO : 手动停止JOG输出（8轴运控板卡系统） ====》：输出AXIS{第1轴}
2023-07-08 11:36:04,615 [AppLog] INFO : 手动负向JOG指令（8轴运控板卡系统） ====》：输出AXIS{第1轴},运动速度{2MM/s}
2023-07-08 11:36:05,083 [AppLog] INFO : 手动停止JOG输出（8轴运控板卡系统） ====》：输出AXIS{第1轴}
2023-07-08 11:36:05,410 [AppLog] INFO : 手动正向JOG指令（8轴运控板卡系统） ====》：输出AXIS{第1轴},运动速度{2MM/s}
2023-07-08 11:36:05,598 [AppLog] INFO : 手动停止JOG输出（8轴运控板卡系统） ====》：输出AXIS{第1轴}
2023-07-08 11:36:05,878 [AppLog] INFO : 手动正向JOG指令（8轴运控板卡系统） ====》：输出AXIS{第1轴},运动速度{2MM/s}
2023-07-08 11:36:05,956 [AppLog] INFO : 手动停止JOG输出（8轴运控板卡系统） ====》：输出AXIS{第1轴}
2023-07-08 11:36:11,120 [AppLog] INFO : 手动正向JOG指令（8轴运控板卡系统） ====》：输出AXIS{第1轴},运动速度{2MM/s}
2023-07-08 11:36:11,713 [AppLog] INFO : 手动停止JOG输出（8轴运控板卡系统） ====》：输出AXIS{第1轴}
2023-07-08 11:36:12,259 [AppLog] INFO : 手动负向JOG指令（8轴运控板卡系统） ====》：输出AXIS{第1轴},运动速度{2MM/s}
2023-07-08 11:36:12,290 [AppLog] INFO : 手动停止JOG输出（8轴运控板卡系统） ====》：输出AXIS{第1轴}
2023-07-08 11:36:12,618 [AppLog] INFO : 手动负向JOG指令（8轴运控板卡系统） ====》：输出AXIS{第1轴},运动速度{2MM/s}
2023-07-08 11:36:13,195 [AppLog] INFO : 手动停止JOG输出（8轴运控板卡系统） ====》：输出AXIS{第1轴}
2023-07-08 11:36:13,476 [AppLog] INFO : 手动正向JOG指令（8轴运控板卡系统） ====》：输出AXIS{第1轴},运动速度{2MM/s}
2023-07-08 11:36:13,803 [AppLog] INFO : 手动停止JOG输出（8轴运控板卡系统） ====》：输出AXIS{第1轴}
2023-07-08 11:36:14,006 [AppLog] INFO : 手动正向JOG指令（8轴运控板卡系统） ====》：输出AXIS{第1轴},运动速度{2MM/s}
2023-07-08 11:36:14,724 [AppLog] INFO : 手动停止JOG输出（8轴运控板卡系统） ====》：输出AXIS{第1轴}
2023-07-08 11:36:15,426 [AppLog] INFO : 手动负向JOG指令（8轴运控板卡系统） ====》：输出AXIS{第1轴},运动速度{2MM/s}
2023-07-08 11:36:15,987 [AppLog] INFO : 手动停止JOG输出（8轴运控板卡系统） ====》：输出AXIS{第1轴}
2023-07-08 11:36:17,594 [AppLog] INFO : 手动正向JOG指令（8轴运控板卡系统） ====》：输出AXIS{第1轴},运动速度{2MM/s}
2023-07-08 11:36:17,672 [AppLog] INFO : 手动停止JOG输出（8轴运控板卡系统） ====》：输出AXIS{第1轴}
2023-07-08 11:36:19,154 [AppLog] INFO : 手动正向JOG指令（8轴运控板卡系统） ====》：输出AXIS{第1轴},运动速度{2MM/s}
2023-07-08 11:36:19,341 [AppLog] INFO : 手动停止JOG输出（8轴运控板卡系统） ====》：输出AXIS{第1轴}
2023-07-08 11:36:20,059 [AppLog] INFO : 手动正向JOG指令（8轴运控板卡系统） ====》：输出AXIS{第1轴},运动速度{2MM/s}
2023-07-08 11:36:20,246 [AppLog] INFO : 手动停止JOG输出（8轴运控板卡系统） ====》：输出AXIS{第1轴}
2023-07-08 11:36:20,496 [AppLog] INFO : 手动正向JOG指令（8轴运控板卡系统） ====》：输出AXIS{第1轴},运动速度{2MM/s}
2023-07-08 11:36:20,605 [AppLog] INFO : 手动停止JOG输出（8轴运控板卡系统） ====》：输出AXIS{第1轴}
2023-07-08 11:36:20,808 [AppLog] INFO : 手动正向JOG指令（8轴运控板卡系统） ====》：输出AXIS{第1轴},运动速度{2MM/s}
2023-07-08 11:36:20,870 [AppLog] INFO : 手动停止JOG输出（8轴运控板卡系统） ====》：输出AXIS{第1轴}
2023-07-08 11:36:21,525 [AppLog] INFO : 手动负向JOG指令（8轴运控板卡系统） ====》：输出AXIS{第1轴},运动速度{2MM/s}
2023-07-08 11:36:21,837 [AppLog] INFO : 手动停止JOG输出（8轴运控板卡系统） ====》：输出AXIS{第1轴}
2023-07-08 11:36:22,259 [AppLog] INFO : 手动正向JOG指令（8轴运控板卡系统） ====》：输出AXIS{第1轴},运动速度{2MM/s}
2023-07-08 11:36:22,321 [AppLog] INFO : 手动停止JOG输出（8轴运控板卡系统） ====》：输出AXIS{第1轴}
2023-07-08 11:36:22,680 [AppLog] INFO : 手动正向JOG指令（8轴运控板卡系统） ====》：输出AXIS{第1轴},运动速度{2MM/s}
2023-07-08 11:36:22,789 [AppLog] INFO : 手动停止JOG输出（8轴运控板卡系统） ====》：输出AXIS{第1轴}
2023-07-08 11:36:31,494 [AppLog] INFO : 手动负向JOG指令（8轴运控板卡系统） ====》：输出AXIS{第1轴},运动速度{2MM/s}
2023-07-08 11:36:31,681 [AppLog] INFO : 手动停止JOG输出（8轴运控板卡系统） ====》：输出AXIS{第1轴}
2023-07-08 11:36:32,071 [AppLog] INFO : 手动负向JOG指令（8轴运控板卡系统） ====》：输出AXIS{第1轴},运动速度{2MM/s}
2023-07-08 11:36:32,227 [AppLog] INFO : 手动停止JOG输出（8轴运控板卡系统） ====》：输出AXIS{第1轴}
2023-07-08 11:38:38,852 [AppLog] INFO : 手动开启自动进给铺粉过程：AutoSupplyPowderBtn_Click
2023-07-08 11:38:38,868 [AppLog] INFO : 开启手动铺粉逻辑：NewAutoSupplyPowderThread
2023-07-08 11:38:38,868 [AppLog] INFO : 电气控制模块：手动打开端口14
2023-07-08 11:38:38,868 [AppLog] INFO : 电气控制模块：手动打开端口15
2023-07-08 11:38:38,946 [AppLog] INFO : 手动正向点动指令（8轴运控板卡系统） ====》：输出AXIS{第1轴},点动量{-0.1MM},运动速度{2MM/s}
2023-07-08 11:38:38,946 [AppLog] INFO : 成形面高度下降层厚 TrapSpace{0.1mm}：TrapMoveUp(1, true, Convert.ToString(vel), Convert.ToString(TrapSpace), true, true）
2023-07-08 11:38:39,726 [AppLog] INFO : 手动正向点动指令（8轴运控板卡系统） ====》：输出AXIS{第1轴},点动量{-1.5MM},运动速度{2MM/s}
2023-07-08 11:38:39,726 [AppLog] INFO : 成形面高度下降指定厚度 TrapSpace{1.5mm}：TrapMoveUp(1, true, Convert.ToString(vel), Convert.ToString(TrapSpace), true, true）
2023-07-08 11:38:39,726 [AppLog] INFO : 电气控制模块：手动关闭端口15
2023-07-08 11:38:39,726 [AppLog] INFO : 电气控制模块：手动关闭端口14
2023-07-08 11:38:40,022 [AppLog] INFO : 手动正向点动指令（8轴运控板卡系统） ====》：输出AXIS{第8轴},点动量{0.6MM},运动速度{2.5MM/s}
2023-07-08 11:38:40,022 [AppLog] INFO : Hopper落粉轴转2圈落粉，速度0.5rev/s：TrapMoveUp(8, true, 0.5, rotateNuM.ToString(), true, false)
2023-07-08 11:38:41,036 [AppLog] INFO : 开启铺粉车不等停运动至准备打印位置215mm，速度250mm/s：BackToStation2
2023-07-08 11:38:41,894 [AppLog] INFO : 手动正向点动指令（8轴运控板卡系统） ====》：输出AXIS{第2轴},点动量{214MM},运动速度{250MM/s}
2023-07-08 11:38:41,894 [AppLog] INFO : 当前铺粉车位置：打印位置215mm
2023-07-08 11:38:41,894 [AppLog] INFO : 手动正向点动指令（8轴运控板卡系统） ====》：输出AXIS{第2轴},点动量{480MM},运动速度{50MM/s}
2023-07-08 11:38:41,894 [AppLog] INFO : 开启铺粉车不等停运动至站2，速度0.5rev/s：BackToStation2
2023-07-08 11:38:42,004 [AppLog] INFO : 打开IR灯：OpenIRLamp(true)
2023-07-08 11:38:46,465 [AppLog] INFO : IR固化手动出光模式：WriteSingleRegister：SlaveNumber{1}RegisterAddress{132}RegisterValue{1}
2023-07-08 11:38:46,528 [AppLog] INFO : IR固化停止出光成功：WriteSingleRegister：SlaveNumber{1}RegisterAddress{121}目标温度{0 ℃}
2023-07-08 11:38:47,916 [AppLog] INFO : 关闭IR灯：OpenIRLamp(false)
2023-07-08 11:38:51,488 [AppLog] INFO : 开启铺粉车不等停运动至准备打印位置215mm，速度250mm/s：BackToStation2
2023-07-08 11:38:53,423 [AppLog] INFO : 手动正向点动指令（8轴运控板卡系统） ====》：输出AXIS{第2轴},点动量{-480MM},运动速度{250MM/s}
2023-07-08 11:38:53,423 [AppLog] INFO : 当前铺粉车位置：打印位置215mm
2023-07-08 11:38:53,423 [AppLog] INFO : 电气控制模块：手动打开端口14
2023-07-08 11:38:53,423 [AppLog] INFO : 电气控制模块：手动打开端口15
2023-07-08 11:38:54,187 [AppLog] INFO : 手动正向点动指令（8轴运控板卡系统） ====》：输出AXIS{第1轴},点动量{1.5MM},运动速度{2MM/s}
2023-07-08 11:38:54,187 [AppLog] INFO : 电气控制模块：手动关闭端口15
2023-07-08 11:38:54,187 [AppLog] INFO : 电气控制模块：手动关闭端口14
2023-07-08 11:38:54,187 [AppLog] INFO : 成形面高度上升层厚 TrapSpace{1.5mm}：TrapMoveUp(1, true, Convert.ToString(vel), Convert.ToString(TrapSpace), true, true）
2023-07-08 11:38:54,187 [AppLog] INFO : 手动正向点动指令（8轴运控板卡系统） ====》：输出AXIS{第2轴},点动量{480MM},运动速度{5MM/s}
2023-07-08 11:38:54,203 [AppLog] INFO : 开启铺粉车不等停运动至站2，速度0.5rev/s：BackToStation2
2023-07-08 11:38:54,374 [AppLog] INFO : 手动正向点动指令（8轴运控板卡系统） ====》：输出AXIS{第3轴},点动量{0.125MM},运动速度{1MM/s}
2023-07-08 11:38:54,374 [AppLog] INFO : 在{40mm}处，落粉轴运动{45度}，落粉轴转速{1rev/s}：TrapMoveUp(3, true, Convert.ToString(DispenseRollerSpeed), 0.5, true, true)
2023-07-08 11:38:54,374 [AppLog] INFO : 手动正向点动指令（8轴运控板卡系统） ====》：输出AXIS{第3轴},点动量{0.5MM},运动速度{0.00753424657534247MM/s}
2023-07-08 11:38:54,374 [AppLog] INFO : 开启均匀落粉及辊子铺平运动：TrapMoveUp(3, true, Convert.ToString(DispenseRollerSpeed), 0.5, true, true)
2023-07-08 11:40:15,465 [AppLog] INFO : 手动正向点动指令（8轴运控板卡系统） ====》：输出AXIS{第3轴},点动量{0.5MM},运动速度{2MM/s}
2023-07-08 11:40:15,465 [AppLog] INFO : 落粉轴继续转动以倒掉余粉：TrapMoveUp(3, true, 2, 0.5, true, false)
2023-07-08 11:40:30,195 [AppLog] INFO : 电气控制模块：手动打开端口14
2023-07-08 11:40:30,195 [AppLog] INFO : 电气控制模块：手动打开端口15
2023-07-08 11:40:30,975 [AppLog] INFO : 手动正向点动指令（8轴运控板卡系统） ====》：输出AXIS{第1轴},点动量{-1.5MM},运动速度{2MM/s}
2023-07-08 11:40:30,975 [AppLog] INFO : 电气控制模块：手动关闭端口15
2023-07-08 11:40:30,975 [AppLog] INFO : 电气控制模块：手动关闭端口14
2023-07-08 11:40:30,975 [AppLog] INFO : 成形面高度下降指定厚度 TrapSpace{1.5mm}：TrapMoveUp(1, true, Convert.ToString(vel), Convert.ToString(TrapSpace), true, true）
2023-07-08 11:40:33,765 [AppLog] INFO : 手动正向点动指令（8轴运控板卡系统） ====》：输出AXIS{第2轴},点动量{-696.5MM},运动速度{250MM/s}
2023-07-08 11:40:33,765 [AppLog] INFO : 铺粉车返回至站1：BackToStation2(AimPos, MovSpeed, true)：-1.5mm，速度250mm/s：BackToStation2
2023-07-08 11:40:34,515 [AppLog] INFO : 落粉轴回零成功：motionMap.SetBackSpreaderAxis(3, 0.5, 2, -SinkPosition)：ReturnCode{True}
2023-07-08 11:40:34,515 [AppLog] INFO : 电气控制模块：手动打开端口14
2023-07-08 11:40:34,515 [AppLog] INFO : 电气控制模块：手动打开端口15
2023-07-08 11:40:35,285 [AppLog] INFO : 手动正向点动指令（8轴运控板卡系统） ====》：输出AXIS{第1轴},点动量{1.5MM},运动速度{2MM/s}
2023-07-08 11:40:35,285 [AppLog] INFO : 电气控制模块：手动关闭端口15
2023-07-08 11:40:35,285 [AppLog] INFO : 电气控制模块：手动关闭端口14
2023-07-08 11:40:35,285 [AppLog] INFO : 成形面高度上升层厚 TrapSpace{1.5mm}：TrapMoveUp(1, true, Convert.ToString(vel), Convert.ToString(TrapSpace), true, true）
2023-07-08 11:40:35,285 [AppLog] INFO : 手动铺粉正常结束：NewAutoSupplyPowderThread
2023-07-08 11:40:35,295 [AppLog] INFO : 发送监控指令，拍照记录1条：SendMessageFromSharedMemory
2023-07-08 11:40:58,625 [AppLog] INFO : 退出手动调试子模块,已执行修改
==========================================================================
2023-07-08 11:40:59,415 [AppLog] INFO : 进入手动调试子模块！
2023-07-08 11:40:59,415 [AppLog] INFO : 进入：ManulBtn_Click=》准备创建对象-手动操作！
2023-07-08 11:40:59,445 [AppLog] INFO : 创建：ManualControl=》创建完成-手动操作！
2023-07-08 11:40:59,445 [AppLog] INFO : 加载成功：温控Modbus接口！
2023-07-08 11:41:00,885 [AppLog] INFO : 退出手动调试子模块,已执行修改
==========================================================================
2023-07-08 11:41:01,945 [AppLog] INFO : 进入手动调试子模块！
2023-07-08 11:41:01,945 [AppLog] INFO : 进入：ManulBtn_Click=》准备创建对象-手动操作！
2023-07-08 11:41:01,965 [AppLog] INFO : 创建：ManualControl=》创建完成-手动操作！
2023-07-08 11:41:01,965 [AppLog] INFO : 加载成功：温控Modbus接口！
2023-07-08 11:41:04,775 [AppLog] INFO : 退出手动调试子模块,已执行修改
==========================================================================
2023-07-08 11:41:05,595 [AppLog] INFO : 进入手动调试子模块！
2023-07-08 11:41:05,595 [AppLog] INFO : 进入：ManulBtn_Click=》准备创建对象-手动操作！
2023-07-08 11:41:05,615 [AppLog] INFO : 创建：ManualControl=》创建完成-手动操作！
2023-07-08 11:41:05,615 [AppLog] INFO : 加载成功：温控Modbus接口！
2023-07-08 11:41:07,855 [AppLog] INFO : 手动开启自动进给铺粉过程：AutoSupplyPowderBtn_Click
2023-07-08 11:41:07,855 [AppLog] INFO : 开启手动铺粉逻辑：NewAutoSupplyPowderThread
2023-07-08 11:41:07,865 [AppLog] INFO : 电气控制模块：手动打开端口14
2023-07-08 11:41:07,865 [AppLog] INFO : 电气控制模块：手动打开端口15
2023-07-08 11:41:07,935 [AppLog] INFO : 手动正向点动指令（8轴运控板卡系统） ====》：输出AXIS{第1轴},点动量{-0.1MM},运动速度{2MM/s}
2023-07-08 11:41:07,935 [AppLog] INFO : 成形面高度下降层厚 TrapSpace{0.1mm}：TrapMoveUp(1, true, Convert.ToString(vel), Convert.ToString(TrapSpace), true, true）
2023-07-08 11:41:08,715 [AppLog] INFO : 手动正向点动指令（8轴运控板卡系统） ====》：输出AXIS{第1轴},点动量{-1.5MM},运动速度{2MM/s}
2023-07-08 11:41:08,715 [AppLog] INFO : 成形面高度下降指定厚度 TrapSpace{1.5mm}：TrapMoveUp(1, true, Convert.ToString(vel), Convert.ToString(TrapSpace), true, true）
2023-07-08 11:41:09,485 [AppLog] INFO : 手动正向点动指令（8轴运控板卡系统） ====》：输出AXIS{第1轴},点动量{1.5MM},运动速度{2MM/s}
2023-07-08 11:41:09,485 [AppLog] INFO : 电气控制模块：手动关闭端口15
2023-07-08 11:41:09,495 [AppLog] INFO : 电气控制模块：手动关闭端口14
2023-07-08 11:41:09,495 [AppLog] INFO : 成形面高度上升层厚 TrapSpace{1.5mm}：TrapMoveUp(1, true, Convert.ToString(vel), Convert.ToString(TrapSpace), true, true）
2023-07-08 11:41:09,735 [AppLog] INFO : 手动正向点动指令（8轴运控板卡系统） ====》：输出AXIS{第8轴},点动量{0.6MM},运动速度{2.5MM/s}
2023-07-08 11:41:09,735 [AppLog] INFO : Hopper落粉轴转2圈落粉，速度0.5rev/s：TrapMoveUp(8, true, 0.5, rotateNuM.ToString(), true, false)
2023-07-08 11:41:10,735 [AppLog] INFO : 开启铺粉车不等停运动至准备打印位置215mm，速度250mm/s：BackToStation2
2023-07-08 11:41:11,595 [AppLog] INFO : 手动正向点动指令（8轴运控板卡系统） ====》：输出AXIS{第2轴},点动量{216.5MM},运动速度{250MM/s}
2023-07-08 11:41:11,595 [AppLog] INFO : 当前铺粉车位置：打印位置215mm
2023-07-08 11:41:11,605 [AppLog] INFO : 手动正向点动指令（8轴运控板卡系统） ====》：输出AXIS{第2轴},点动量{480MM},运动速度{50MM/s}
2023-07-08 11:41:11,605 [AppLog] INFO : 开启铺粉车不等停运动至站2，速度0.5rev/s：BackToStation2
2023-07-08 11:41:11,715 [AppLog] INFO : 打开IR灯：OpenIRLamp(true)
2023-07-08 11:41:11,845 [AppLog] INFO : 手动正向点动指令（8轴运控板卡系统） ====》：输出AXIS{第3轴},点动量{0.125MM},运动速度{1MM/s}
2023-07-08 11:41:11,845 [AppLog] INFO : 在{40mm}处，落粉轴运动{45度}，落粉轴转速{1rev/s}：TrapMoveUp(3, true, Convert.ToString(DispenseRollerSpeed), 0.5, true, true)
2023-07-08 11:41:11,845 [AppLog] INFO : 手动正向点动指令（8轴运控板卡系统） ====》：输出AXIS{第3轴},点动量{0.5MM},运动速度{0.0753424657534247MM/s}
2023-07-08 11:41:11,855 [AppLog] INFO : 开启均匀落粉及辊子铺平运动：TrapMoveUp(3, true, Convert.ToString(DispenseRollerSpeed), 0.5, true, true)
2023-07-08 11:41:16,105 [AppLog] INFO : IR固化手动出光模式：WriteSingleRegister：SlaveNumber{1}RegisterAddress{132}RegisterValue{1}
2023-07-08 11:41:16,165 [AppLog] INFO : IR固化停止出光成功：WriteSingleRegister：SlaveNumber{1}RegisterAddress{121}目标温度{0 ℃}
2023-07-08 11:41:17,625 [AppLog] INFO : 关闭IR灯：OpenIRLamp(false)
2023-07-08 11:41:19,965 [AppLog] INFO : 手动正向点动指令（8轴运控板卡系统） ====》：输出AXIS{第3轴},点动量{0.5MM},运动速度{2MM/s}
2023-07-08 11:41:19,965 [AppLog] INFO : 落粉轴继续转动以倒掉余粉：TrapMoveUp(3, true, 2, 0.5, true, false)
2023-07-08 11:41:20,855 [AppLog] INFO : IR固化手动出光模式：WriteSingleRegister：SlaveNumber{1}RegisterAddress{132}RegisterValue{1}
2023-07-08 11:41:20,915 [AppLog] INFO : IR固化停止出光成功：WriteSingleRegister：SlaveNumber{1}RegisterAddress{121}目标温度{0 ℃}
2023-07-08 11:41:21,205 [AppLog] INFO : 电气控制模块：手动打开端口14
2023-07-08 11:41:21,205 [AppLog] INFO : 电气控制模块：手动打开端口15
2023-07-08 11:41:21,985 [AppLog] INFO : 手动正向点动指令（8轴运控板卡系统） ====》：输出AXIS{第1轴},点动量{-1.5MM},运动速度{2MM/s}
2023-07-08 11:41:21,985 [AppLog] INFO : 电气控制模块：手动关闭端口15
2023-07-08 11:41:21,985 [AppLog] INFO : 电气控制模块：手动关闭端口14
2023-07-08 11:41:21,985 [AppLog] INFO : 成形面高度下降指定厚度 TrapSpace{1.5mm}：TrapMoveUp(1, true, Convert.ToString(vel), Convert.ToString(TrapSpace), true, true）
2023-07-08 11:41:22,935 [AppLog] INFO : IR固化手动出光模式：WriteSingleRegister：SlaveNumber{1}RegisterAddress{132}RegisterValue{1}
2023-07-08 11:41:22,995 [AppLog] INFO : IR固化更新功率为设定值：WriteSingleRegister：SlaveNumber{1}RegisterAddress{121}目标温度{0℃}
2023-07-08 11:41:24,775 [AppLog] INFO : 手动正向点动指令（8轴运控板卡系统） ====》：输出AXIS{第2轴},点动量{-696.5MM},运动速度{250MM/s}
2023-07-08 11:41:24,775 [AppLog] INFO : 铺粉车返回至站1：BackToStation2(AimPos, MovSpeed, true)：-1.5mm，速度250mm/s：BackToStation2
2023-07-08 11:41:25,525 [AppLog] INFO : 落粉轴回零成功：motionMap.SetBackSpreaderAxis(3, 0.5, 2, -SinkPosition)：ReturnCode{True}
2023-07-08 11:41:25,525 [AppLog] INFO : 电气控制模块：手动打开端口14
2023-07-08 11:41:25,525 [AppLog] INFO : 电气控制模块：手动打开端口15
2023-07-08 11:41:26,295 [AppLog] INFO : 手动正向点动指令（8轴运控板卡系统） ====》：输出AXIS{第1轴},点动量{1.5MM},运动速度{2MM/s}
2023-07-08 11:41:26,295 [AppLog] INFO : 电气控制模块：手动关闭端口15
2023-07-08 11:41:26,295 [AppLog] INFO : 电气控制模块：手动关闭端口14
2023-07-08 11:41:26,295 [AppLog] INFO : 成形面高度上升层厚 TrapSpace{1.5mm}：TrapMoveUp(1, true, Convert.ToString(vel), Convert.ToString(TrapSpace), true, true）
2023-07-08 11:41:26,295 [AppLog] INFO : 手动铺粉正常结束：NewAutoSupplyPowderThread
2023-07-08 11:41:26,295 [AppLog] INFO : 发送监控指令，拍照记录1条：SendMessageFromSharedMemory
2023-07-08 11:41:28,205 [AppLog] INFO : 手动停止自动进给铺粉过程：AutoSupplyPowderBtn_Click
2023-07-08 11:41:28,865 [AppLog] INFO : 手动开启自动进给铺粉过程：AutoSupplyPowderBtn_Click
2023-07-08 11:41:29,435 [AppLog] INFO : 手动开启自动进给铺粉过程：AutoSupplyPowderBtn_Click
2023-07-08 11:41:29,435 [AppLog] INFO : 开启手动铺粉逻辑：NewAutoSupplyPowderThread
2023-07-08 11:41:29,435 [AppLog] INFO : 电气控制模块：手动打开端口14
2023-07-08 11:41:29,445 [AppLog] INFO : 电气控制模块：手动打开端口15
2023-07-08 11:41:29,515 [AppLog] INFO : 手动正向点动指令（8轴运控板卡系统） ====》：输出AXIS{第1轴},点动量{-0.1MM},运动速度{2MM/s}
2023-07-08 11:41:29,515 [AppLog] INFO : 成形面高度下降层厚 TrapSpace{0.1mm}：TrapMoveUp(1, true, Convert.ToString(vel), Convert.ToString(TrapSpace), true, true）
2023-07-08 11:41:30,295 [AppLog] INFO : 手动正向点动指令（8轴运控板卡系统） ====》：输出AXIS{第1轴},点动量{-1.5MM},运动速度{2MM/s}
2023-07-08 11:41:30,295 [AppLog] INFO : 成形面高度下降指定厚度 TrapSpace{1.5mm}：TrapMoveUp(1, true, Convert.ToString(vel), Convert.ToString(TrapSpace), true, true）
2023-07-08 11:41:31,065 [AppLog] INFO : 手动正向点动指令（8轴运控板卡系统） ====》：输出AXIS{第1轴},点动量{1.5MM},运动速度{2MM/s}
2023-07-08 11:41:31,065 [AppLog] INFO : 电气控制模块：手动关闭端口15
2023-07-08 11:41:31,065 [AppLog] INFO : 电气控制模块：手动关闭端口14
2023-07-08 11:41:31,065 [AppLog] INFO : 成形面高度上升层厚 TrapSpace{1.5mm}：TrapMoveUp(1, true, Convert.ToString(vel), Convert.ToString(TrapSpace), true, true）
2023-07-08 11:41:31,315 [AppLog] INFO : 手动正向点动指令（8轴运控板卡系统） ====》：输出AXIS{第8轴},点动量{0.6MM},运动速度{2.5MM/s}
2023-07-08 11:41:31,315 [AppLog] INFO : Hopper落粉轴转2圈落粉，速度0.5rev/s：TrapMoveUp(8, true, 0.5, rotateNuM.ToString(), true, false)
2023-07-08 11:41:32,315 [AppLog] INFO : 开启铺粉车不等停运动至准备打印位置215mm，速度250mm/s：BackToStation2
2023-07-08 11:41:33,175 [AppLog] INFO : 手动正向点动指令（8轴运控板卡系统） ====》：输出AXIS{第2轴},点动量{216.5MM},运动速度{250MM/s}
2023-07-08 11:41:33,175 [AppLog] INFO : 当前铺粉车位置：打印位置215mm
2023-07-08 11:41:33,185 [AppLog] INFO : 手动正向点动指令（8轴运控板卡系统） ====》：输出AXIS{第2轴},点动量{480MM},运动速度{50MM/s}
2023-07-08 11:41:33,185 [AppLog] INFO : 开启铺粉车不等停运动至站2，速度0.5rev/s：BackToStation2
2023-07-08 11:41:33,315 [AppLog] INFO : 打开IR灯：OpenIRLamp(true)
2023-07-08 11:41:33,445 [AppLog] INFO : 手动正向点动指令（8轴运控板卡系统） ====》：输出AXIS{第3轴},点动量{0.125MM},运动速度{1MM/s}
2023-07-08 11:41:33,445 [AppLog] INFO : 在{40mm}处，落粉轴运动{45度}，落粉轴转速{1rev/s}：TrapMoveUp(3, true, Convert.ToString(DispenseRollerSpeed), 0.5, true, true)
2023-07-08 11:41:33,455 [AppLog] INFO : 手动正向点动指令（8轴运控板卡系统） ====》：输出AXIS{第3轴},点动量{0.5MM},运动速度{0.0753424657534247MM/s}
2023-07-08 11:41:33,455 [AppLog] INFO : 开启均匀落粉及辊子铺平运动：TrapMoveUp(3, true, Convert.ToString(DispenseRollerSpeed), 0.5, true, true)
2023-07-08 11:41:39,225 [AppLog] INFO : 关闭IR灯：OpenIRLamp(false)
2023-07-08 11:41:41,545 [AppLog] INFO : 手动正向点动指令（8轴运控板卡系统） ====》：输出AXIS{第3轴},点动量{0.5MM},运动速度{2MM/s}
2023-07-08 11:41:41,545 [AppLog] INFO : 落粉轴继续转动以倒掉余粉：TrapMoveUp(3, true, 2, 0.5, true, false)
2023-07-08 11:41:42,785 [AppLog] INFO : 电气控制模块：手动打开端口14
2023-07-08 11:41:42,785 [AppLog] INFO : 电气控制模块：手动打开端口15
2023-07-08 11:41:43,565 [AppLog] INFO : 手动正向点动指令（8轴运控板卡系统） ====》：输出AXIS{第1轴},点动量{-1.5MM},运动速度{2MM/s}
2023-07-08 11:41:43,565 [AppLog] INFO : 电气控制模块：手动关闭端口15
2023-07-08 11:41:43,565 [AppLog] INFO : 电气控制模块：手动关闭端口14
2023-07-08 11:41:43,565 [AppLog] INFO : 成形面高度下降指定厚度 TrapSpace{1.5mm}：TrapMoveUp(1, true, Convert.ToString(vel), Convert.ToString(TrapSpace), true, true）
2023-07-08 11:41:46,355 [AppLog] INFO : 手动正向点动指令（8轴运控板卡系统） ====》：输出AXIS{第2轴},点动量{-696.5MM},运动速度{250MM/s}
2023-07-08 11:41:46,355 [AppLog] INFO : 铺粉车返回至站1：BackToStation2(AimPos, MovSpeed, true)：-1.5mm，速度250mm/s：BackToStation2
2023-07-08 11:41:47,105 [AppLog] INFO : 落粉轴回零成功：motionMap.SetBackSpreaderAxis(3, 0.5, 2, -SinkPosition)：ReturnCode{True}
2023-07-08 11:41:47,105 [AppLog] INFO : 电气控制模块：手动打开端口14
2023-07-08 11:41:47,105 [AppLog] INFO : 电气控制模块：手动打开端口15
2023-07-08 11:41:47,875 [AppLog] INFO : 手动正向点动指令（8轴运控板卡系统） ====》：输出AXIS{第1轴},点动量{1.5MM},运动速度{2MM/s}
2023-07-08 11:41:47,875 [AppLog] INFO : 电气控制模块：手动关闭端口15
2023-07-08 11:41:47,875 [AppLog] INFO : 电气控制模块：手动关闭端口14
2023-07-08 11:41:47,875 [AppLog] INFO : 成形面高度上升层厚 TrapSpace{1.5mm}：TrapMoveUp(1, true, Convert.ToString(vel), Convert.ToString(TrapSpace), true, true）
2023-07-08 11:41:47,875 [AppLog] INFO : 手动铺粉正常结束：NewAutoSupplyPowderThread
2023-07-08 11:41:47,875 [AppLog] INFO : 发送监控指令，拍照记录1条：SendMessageFromSharedMemory
2023-07-08 11:42:48,806 [AppLog] INFO : 手动停止自动进给铺粉过程：AutoSupplyPowderBtn_Click
2023-07-08 11:42:49,776 [AppLog] INFO : 手动开启自动进给铺粉过程：AutoSupplyPowderBtn_Click
2023-07-08 11:42:50,856 [AppLog] INFO : 手动开启自动进给铺粉过程：AutoSupplyPowderBtn_Click
2023-07-08 11:42:50,856 [AppLog] INFO : 开启手动铺粉逻辑：NewAutoSupplyPowderThread
2023-07-08 11:42:50,856 [AppLog] INFO : 电气控制模块：手动打开端口14
2023-07-08 11:42:50,856 [AppLog] INFO : 电气控制模块：手动打开端口15
2023-07-08 11:42:50,926 [AppLog] INFO : 手动正向点动指令（8轴运控板卡系统） ====》：输出AXIS{第1轴},点动量{-0.1MM},运动速度{2MM/s}
2023-07-08 11:42:50,926 [AppLog] INFO : 成形面高度下降层厚 TrapSpace{0.1mm}：TrapMoveUp(1, true, Convert.ToString(vel), Convert.ToString(TrapSpace), true, true）
2023-07-08 11:42:51,706 [AppLog] INFO : 手动正向点动指令（8轴运控板卡系统） ====》：输出AXIS{第1轴},点动量{-1.5MM},运动速度{2MM/s}
2023-07-08 11:42:51,706 [AppLog] INFO : 成形面高度下降指定厚度 TrapSpace{1.5mm}：TrapMoveUp(1, true, Convert.ToString(vel), Convert.ToString(TrapSpace), true, true）
2023-07-08 11:42:52,486 [AppLog] INFO : 手动正向点动指令（8轴运控板卡系统） ====》：输出AXIS{第1轴},点动量{1.5MM},运动速度{2MM/s}
2023-07-08 11:42:52,486 [AppLog] INFO : 电气控制模块：手动关闭端口15
2023-07-08 11:42:52,486 [AppLog] INFO : 电气控制模块：手动关闭端口14
2023-07-08 11:42:52,486 [AppLog] INFO : 成形面高度上升层厚 TrapSpace{1.5mm}：TrapMoveUp(1, true, Convert.ToString(vel), Convert.ToString(TrapSpace), true, true）
2023-07-08 11:42:52,736 [AppLog] INFO : 手动正向点动指令（8轴运控板卡系统） ====》：输出AXIS{第8轴},点动量{0.6MM},运动速度{2.5MM/s}
2023-07-08 11:42:52,736 [AppLog] INFO : Hopper落粉轴转2圈落粉，速度0.5rev/s：TrapMoveUp(8, true, 0.5, rotateNuM.ToString(), true, false)
2023-07-08 11:42:53,736 [AppLog] INFO : 开启铺粉车不等停运动至准备打印位置215mm，速度250mm/s：BackToStation2
2023-07-08 11:42:54,596 [AppLog] INFO : 手动正向点动指令（8轴运控板卡系统） ====》：输出AXIS{第2轴},点动量{216.5MM},运动速度{250MM/s}
2023-07-08 11:42:54,596 [AppLog] INFO : 当前铺粉车位置：打印位置215mm
2023-07-08 11:42:54,606 [AppLog] INFO : 手动正向点动指令（8轴运控板卡系统） ====》：输出AXIS{第2轴},点动量{480MM},运动速度{50MM/s}
2023-07-08 11:42:54,606 [AppLog] INFO : 开启铺粉车不等停运动至站2，速度0.5rev/s：BackToStation2
2023-07-08 11:42:54,726 [AppLog] INFO : 打开IR灯：OpenIRLamp(true)
2023-07-08 11:42:54,856 [AppLog] INFO : 手动正向点动指令（8轴运控板卡系统） ====》：输出AXIS{第3轴},点动量{0.125MM},运动速度{1MM/s}
2023-07-08 11:42:54,856 [AppLog] INFO : 在{40mm}处，落粉轴运动{45度}，落粉轴转速{1rev/s}：TrapMoveUp(3, true, Convert.ToString(DispenseRollerSpeed), 0.5, true, true)
2023-07-08 11:42:54,856 [AppLog] INFO : 手动正向点动指令（8轴运控板卡系统） ====》：输出AXIS{第3轴},点动量{0.5MM},运动速度{0.0753424657534247MM/s}
2023-07-08 11:42:54,856 [AppLog] INFO : 开启均匀落粉及辊子铺平运动：TrapMoveUp(3, true, Convert.ToString(DispenseRollerSpeed), 0.5, true, true)
2023-07-08 11:43:00,616 [AppLog] INFO : 关闭IR灯：OpenIRLamp(false)
2023-07-08 11:43:02,966 [AppLog] INFO : 手动正向点动指令（8轴运控板卡系统） ====》：输出AXIS{第3轴},点动量{0.5MM},运动速度{2MM/s}
2023-07-08 11:43:02,966 [AppLog] INFO : 落粉轴继续转动以倒掉余粉：TrapMoveUp(3, true, 2, 0.5, true, false)
2023-07-08 11:43:04,206 [AppLog] INFO : 电气控制模块：手动打开端口14
2023-07-08 11:43:04,206 [AppLog] INFO : 电气控制模块：手动打开端口15
2023-07-08 11:43:04,986 [AppLog] INFO : 手动正向点动指令（8轴运控板卡系统） ====》：输出AXIS{第1轴},点动量{-1.5MM},运动速度{2MM/s}
2023-07-08 11:43:04,986 [AppLog] INFO : 电气控制模块：手动关闭端口15
2023-07-08 11:43:04,986 [AppLog] INFO : 电气控制模块：手动关闭端口14
2023-07-08 11:43:04,986 [AppLog] INFO : 成形面高度下降指定厚度 TrapSpace{1.5mm}：TrapMoveUp(1, true, Convert.ToString(vel), Convert.ToString(TrapSpace), true, true）
2023-07-08 11:43:07,776 [AppLog] INFO : 手动正向点动指令（8轴运控板卡系统） ====》：输出AXIS{第2轴},点动量{-696.5MM},运动速度{250MM/s}
2023-07-08 11:43:07,776 [AppLog] INFO : 铺粉车返回至站1：BackToStation2(AimPos, MovSpeed, true)：-1.5mm，速度250mm/s：BackToStation2
2023-07-08 11:43:08,526 [AppLog] INFO : 落粉轴回零成功：motionMap.SetBackSpreaderAxis(3, 0.5, 2, -SinkPosition)：ReturnCode{True}
2023-07-08 11:43:08,526 [AppLog] INFO : 电气控制模块：手动打开端口14
2023-07-08 11:43:08,526 [AppLog] INFO : 电气控制模块：手动打开端口15
2023-07-08 11:43:09,296 [AppLog] INFO : 手动正向点动指令（8轴运控板卡系统） ====》：输出AXIS{第1轴},点动量{1.5MM},运动速度{2MM/s}
2023-07-08 11:43:09,296 [AppLog] INFO : 电气控制模块：手动关闭端口15
2023-07-08 11:43:09,296 [AppLog] INFO : 电气控制模块：手动关闭端口14
2023-07-08 11:43:09,296 [AppLog] INFO : 成形面高度上升层厚 TrapSpace{1.5mm}：TrapMoveUp(1, true, Convert.ToString(vel), Convert.ToString(TrapSpace), true, true）
2023-07-08 11:43:09,296 [AppLog] INFO : 手动铺粉正常结束：NewAutoSupplyPowderThread
2023-07-08 11:43:09,296 [AppLog] INFO : 发送监控指令，拍照记录1条：SendMessageFromSharedMemory
2023-07-08 11:43:47,926 [AppLog] INFO : 退出手动调试子模块,已执行修改
==========================================================================
2023-07-08 11:43:48,816 [AppLog] INFO : 进入电气控制模块
2023-07-08 11:43:52,126 [AppLog] INFO : 电气控制模块：手动关闭端口4
2023-07-08 11:43:52,966 [AppLog] INFO : 电气控制模块：手动关闭端口3
2023-07-08 11:43:54,646 [AppLog] INFO : 电气控制模块：手动打开端口3
2023-07-08 11:43:59,816 [AppLog] INFO : 退出电气控制模块
2023-07-08 11:52:21,439 [AppLog] INFO : 进入手动调试子模块！
2023-07-08 11:52:21,439 [AppLog] INFO : 进入：ManulBtn_Click=》准备创建对象-手动操作！
2023-07-08 11:52:21,470 [AppLog] INFO : 创建：ManualControl=》创建完成-手动操作！
2023-07-08 11:52:21,470 [AppLog] INFO : 加载成功：温控Modbus接口！
2023-07-08 11:52:26,509 [AppLog] INFO : 开启自动供墨：DEV_EnableInkAutoSupply：ReturnCode{True},Action{true},ControlBit{255}
2023-07-08 11:53:36,755 [AppLog] INFO : 开启手动压墨上墨：PushInkBtn_Click
2023-07-08 11:53:37,598 [AppLog] INFO : 停止手动压墨上墨：PushInkBtn_Click
2023-07-08 11:53:41,763 [AppLog] INFO : 开启手动压墨上墨：PushInkBtn_Click
2023-07-08 11:53:43,666 [AppLog] INFO : 停止手动压墨上墨：PushInkBtn_Click
2023-07-08 11:53:44,415 [AppLog] INFO : 开启手动压墨上墨：PushInkBtn_Click
2023-07-08 11:53:45,367 [AppLog] INFO : 停止手动压墨上墨：PushInkBtn_Click
2023-07-08 11:53:47,535 [AppLog] INFO : 开启手动压墨上墨：PushInkBtn_Click
2023-07-08 11:53:50,749 [AppLog] INFO : 停止手动压墨上墨：PushInkBtn_Click
2023-07-08 11:53:55,943 [AppLog] INFO : 开启手动压墨上墨：PushInkBtn_Click
2023-07-08 11:53:57,519 [AppLog] INFO : 停止手动压墨上墨：PushInkBtn_Click
2023-07-08 11:53:58,065 [AppLog] INFO : 开启手动压墨上墨：PushInkBtn_Click
2023-07-08 11:54:00,483 [AppLog] INFO : 停止手动压墨上墨：PushInkBtn_Click
2023-07-08 11:54:02,589 [AppLog] INFO : 开启手动压墨上墨：PushInkBtn_Click
2023-07-08 11:54:13,338 [AppLog] INFO : 停止手动压墨上墨：PushInkBtn_Click
2023-07-08 11:54:24,492 [AppLog] INFO : 开启手动压墨上墨：PushInkBtn_Click
2023-07-08 11:54:26,707 [AppLog] INFO : 停止手动压墨上墨：PushInkBtn_Click
2023-07-08 11:54:37,315 [AppLog] INFO : 开启手动清洗挤墨喷头，DEV_EnableTimer: 端口{11}，清洗控制周期：{0.5}S,{0.5}S
2023-07-08 11:54:38,625 [AppLog] INFO : 关闭手动清洗挤墨喷头：DEV_EnableTimer
2023-07-08 11:54:44,070 [AppLog] INFO : 开启手动清洗挤墨喷头，DEV_EnableTimer: 端口{11}，清洗控制周期：{0.5}S,{0.5}S
2023-07-08 11:54:45,099 [AppLog] INFO : 关闭手动清洗挤墨喷头：DEV_EnableTimer
2023-07-08 11:54:45,801 [AppLog] INFO : 开启手动清洗挤墨喷头，DEV_EnableTimer: 端口{11}，清洗控制周期：{0.5}S,{0.5}S
2023-07-08 11:54:46,753 [AppLog] INFO : 关闭手动清洗挤墨喷头：DEV_EnableTimer
2023-07-08 11:55:29,388 [AppLog] INFO : 开启手动清洗挤墨喷头，DEV_EnableTimer: 端口{11}，清洗控制周期：{0.5}S,{0.5}S
2023-07-08 11:55:31,119 [AppLog] INFO : 关闭手动清洗挤墨喷头：DEV_EnableTimer
2023-07-08 11:57:40,880 [AppLog] INFO : 退出手动调试子模块，未执行修改
==========================================================================
2023-07-08 11:57:43,563 [AppLog] INFO : 进入手动调试子模块！
2023-07-08 11:57:43,563 [AppLog] INFO : 进入：ManulBtn_Click=》准备创建对象-手动操作！
2023-07-08 11:57:43,595 [AppLog] INFO : 创建：ManualControl=》创建完成-手动操作！
2023-07-08 11:57:43,595 [AppLog] INFO : 加载成功：温控Modbus接口！
2023-07-08 11:57:44,687 [AppLog] INFO : 退出手动调试子模块，未执行修改
==========================================================================
2023-07-08 11:57:45,576 [AppLog] INFO : 进入数据加载模块
2023-07-08 11:57:48,618 [AppLog] INFO : 进入手动调试子模块！
2023-07-08 11:57:48,618 [AppLog] INFO : 进入：ManulBtn_Click=》准备创建对象-手动操作！
2023-07-08 11:57:48,649 [AppLog] INFO : 创建：ManualControl=》创建完成-手动操作！
2023-07-08 11:57:48,649 [AppLog] INFO : 加载成功：温控Modbus接口！
2023-07-08 11:58:04,577 [AppLog] INFO : 退出手动调试子模块，未执行修改
==========================================================================
2023-07-08 11:58:05,731 [AppLog] INFO : 进入数据加载模块
2023-07-08 11:58:16,433 [AppLog] INFO : CAD数据加载：添加.bjgroup格式CAD数据成功-D:\Release-3DPrintingForBinderJetting-V2.0\CLI输入文件\测试组合件.bjgroup
2023-07-08 11:58:31,736 [AppLog] INFO : CAD数据删除：删除.CLI格式CAD数据成功-D:\Release\CLI输入文件\SCUT-3DP测试件打-0915\Merge of 打印测试件.cli
2023-07-08 11:58:31,752 [AppLog] INFO : CAD数据删除：删除.CLI格式CAD数据成功-D:\Release\CLI输入文件\SCUT-3DP测试件打-0915\Merge of 打印测试件-copys-1-0.cli
2023-07-08 11:58:31,768 [AppLog] INFO : CAD数据删除：删除.CLI格式CAD数据成功-D:\Release\CLI输入文件\SCUT-3DP测试件打-0915\Box-200X200X200.cli
2023-07-08 11:58:31,768 [AppLog] INFO : CAD数据删除：删除.CLI格式CAD数据成功-D:\Release\CLI输入文件\SCUT-3DP测试件打-0915\Box-200X200X200-copys-1-0.cli
2023-07-08 11:58:31,768 [AppLog] INFO : CAD数据删除：删除.CLI格式CAD数据成功-D:\Release\CLI输入文件\SCUT-3DP测试件打-0915\Box-200X200X200-copys-2-0.cli
2023-07-08 11:58:31,768 [AppLog] INFO : CAD数据删除：删除.CLI格式CAD数据成功-D:\Release\CLI输入文件\SCUT-3DP测试件打-0915\Box-200X200X200-copys-3-0.cli
2023-07-08 11:58:31,768 [AppLog] INFO : CAD数据删除：删除.CLI格式CAD数据成功-D:\Release\CLI输入文件\SCUT-3DP测试件打-0915\Box-200X200X200-copys-0-1.cli
2023-07-08 11:58:31,768 [AppLog] INFO : CAD数据删除：删除.CLI格式CAD数据成功-D:\Release\CLI输入文件\SCUT-3DP测试件打-0915\Box-200X200X200-copys-1-0-copys-0-1.cli
2023-07-08 11:58:31,783 [AppLog] INFO : CAD数据删除：删除.CLI格式CAD数据成功-D:\Release\CLI输入文件\SCUT-3DP测试件打-0915\Box-200X200X200-copys-2-0-copys-0-1.cli
2023-07-08 11:58:31,783 [AppLog] INFO : CAD数据删除：删除.CLI格式CAD数据成功-D:\Release\CLI输入文件\SCUT-3DP测试件打-0915\Box-200X200X200-copys-3-0-copys-0-1.cli
2023-07-08 11:58:32,891 [AppLog] INFO : 进入数据加载模块
2023-07-08 11:58:52,219 [AppLog] INFO : CAD数据加载：添加.CLI格式CAD数据成功-D:\Release-3DPrintingForBinderJetting-V2.0\CLI输入文件\shibiao-0321\打印测试件：GEAR-32T_R2.cli
2023-07-08 11:59:19,332 [AppLog] INFO : CAD位置平移：SelectCADFile{D:\Release\CLI输入文件\SCUT-3DP测试件打-0915\Box-Shield-140.cli}
平移方式{true为目标位置平移，false为相对平移{False}}X方向平移目标值{-5MM}Y方向平移目标值{-70MM}Z方向平移目标值{0MM}X方向平移增量{-50MM}Y方向平移增量{0MM}Z方向平移增量{0MM}
2023-07-08 11:59:22,717 [AppLog] INFO : CAD位置平移：SelectCADFile{D:\Release-3DPrintingForBinderJetting-V2.0\CLI输入文件\shibiao-0321\打印测试件：GEAR-32T_R2.cli}
平移方式{true为目标位置平移，false为相对平移{True}}X方向平移目标值{-50.865549MM}Y方向平移目标值{-50.8656005MM}Z方向平移目标值{0MM}X方向平移增量{10MM}Y方向平移增量{0MM}Z方向平移增量{0MM}
2023-07-08 11:59:30,751 [AppLog] INFO : CAD位置平移：SelectCADFile{D:\Release\CLI输入文件\SCUT-3DP测试件打-0915\Box-Shield-140.cli}
平移方式{true为目标位置平移，false为相对平移{False}}X方向平移目标值{-5MM}Y方向平移目标值{-70MM}Z方向平移目标值{0MM}X方向平移增量{30MM}Y方向平移增量{0MM}Z方向平移增量{0MM}
2023-07-08 11:59:38,177 [AppLog] INFO : CAD位置平移：SelectCADFile{D:\Release\CLI输入文件\SCUT-3DP测试件打-0915\Box-Shield-140-copys-0-1.cli}
平移方式{true为目标位置平移，false为相对平移{False}}X方向平移目标值{-5MM}Y方向平移目标值{-70MM}Z方向平移目标值{0MM}X方向平移增量{20MM}Y方向平移增量{0MM}Z方向平移增量{0MM}
2023-07-08 11:59:54,011 [AppLog] INFO : 进入手动调试子模块！
2023-07-08 11:59:54,011 [AppLog] INFO : 进入：ManulBtn_Click=》准备创建对象-手动操作！
2023-07-08 11:59:54,027 [AppLog] INFO : 创建：ManualControl=》创建完成-手动操作！
2023-07-08 11:59:54,027 [AppLog] INFO : 加载成功：温控Modbus接口！
