2023-04-01 16:28:05,382 [AppLog] INFO : 软件开机密码正确，登录成功1次
==========================================================================
操作系统:{Microsoft Windows 7 旗舰版 }
运行环境:{ .Net Framework Enviroment Version 4.0.30319.42000}
盘符：D
CPU使用率：{46.47339%} ，可用内存大小:{14275MB}，硬盘剩余空间：
  盘符 C:\ 的剩余空间：70 GB
  盘符 D:\ 的剩余空间：88 GB
  盘符 F:\ 的剩余空间：3 GB
硬件配置情况：
  CPU 厂家: GenuineIntel CPU 型号: Intel(R) Core(TM) i7-4770 CPU @ 3.40GHz
  内存条厂家: Kingston 内存条型号: 99P5471-043.A00LF 
  内存条厂家: Kingston 内存条型号: 99P5471-043.A00LF 
  硬盘厂家: (标准磁盘驱动器) 硬盘型号: Micron_1300_MTFDDAK256TDL ATA Device
  硬盘厂家: (标准磁盘驱动器) 硬盘型号: Generic Flash Disk USB Device
==========================================================================
2023-04-01 16:28:14,898 [AppLog] INFO : 开启系统：板卡通讯，伺服供电，照明系统，UV/HR固化系统！
2023-04-01 16:28:14,901 [AppLog] INFO : 开启系统：一键启动系统开始！
2023-04-01 16:28:20,908 [AppLog] INFO : 开启系统：一键启动系统结束！
2023-04-01 16:28:20,915 [AppLog] INFO : 初始化喷墨控制器启动！
2023-04-01 16:28:40,090 [AppLog] INFO : 打开喷墨控制器设备成功！
2023-04-01 16:28:41,826 [AppLog] INFO : 初始化喷墨控制器成功！
2023-04-01 16:28:41,827 [AppLog] INFO : 进入：EquipmentMotionLogic3=》准备创建对象-手动操作！
2023-04-01 16:28:42,015 [AppLog] INFO : 进入：EquipmentMotionLogic3=》创建完成-手动操作！
2023-04-01 16:28:42,166 [AppLog] INFO : 红外灯控制器485通讯建立！
2023-04-01 16:28:42,167 [AppLog] INFO : 进入电气控制模块
2023-04-01 16:28:43,503 [AppLog] INFO : 电气控制模块：手动打开端口14
2023-04-01 16:28:44,189 [AppLog] INFO : 电气控制模块：手动打开端口15
2023-04-01 16:28:45,005 [AppLog] INFO : 退出电气控制模块
2023-04-01 16:28:47,271 [AppLog] INFO : 进入手动调试子模块！
2023-04-01 16:28:47,272 [AppLog] INFO : 进入：ManulBtn_Click=》准备创建对象-手动操作！
2023-04-01 16:28:47,301 [AppLog] INFO : 创建：ManualControl=》创建完成-手动操作！
2023-04-01 16:28:47,302 [AppLog] INFO : 加载成功：温控Modbus接口！
2023-04-01 16:28:52,145 [AppLog] INFO : 开启墨车回零校准：PrintCarHomeBtn_Click
2023-04-01 16:28:52,145 [AppLog] INFO : 开启墨车回零校准线程：InkCarEncoderResetThread
2023-04-01 16:29:01,083 [AppLog] INFO : 墨车回零校准线程成功：InkCarEncoderResetThread
2023-04-01 16:29:04,063 [AppLog] INFO : 墨车回零校准线程失败：InkCarEncoderResetThread
2023-04-01 16:29:06,481 [AppLog] INFO : 开启墨车回零校准：PrintCarHomeBtn_Click
2023-04-01 16:29:06,481 [AppLog] INFO : 开启墨车回零校准线程：InkCarEncoderResetThread
2023-04-01 16:29:16,839 [AppLog] INFO : 墨车回零校准线程成功：InkCarEncoderResetThread
2023-04-01 16:29:19,850 [AppLog] INFO : 墨车回零校准线程失败：InkCarEncoderResetThread
2023-04-01 16:29:21,083 [AppLog] INFO : 开启刮墨轴回零校准：SpreaderHomeBtn_Click
2023-04-01 16:29:22,081 [AppLog] INFO : 刮墨轴回零成功：SpreaderHomeBtn_Click：{AXIS{4},Vel{1圈/s},开槽位置{-107°}}
2023-04-01 16:29:25,575 [AppLog] INFO : 开启刮墨轴回零校准：SpreaderHomeBtn_Click
2023-04-01 16:29:26,558 [AppLog] INFO : 刮墨轴回零成功：SpreaderHomeBtn_Click：{AXIS{4},Vel{1圈/s},开槽位置{-107°}}
2023-04-01 16:29:40,770 [AppLog] INFO : 手动开启自动清洗过程：AutoCleanBtn_Click
2023-04-01 16:29:40,770 [AppLog] INFO : 进入自动清洗过程：AutoCleanThread
2023-04-01 16:29:41,737 [AppLog] INFO : 刮墨轴回零成功：motionMap.SetBackSpreaderAxis(4, 1, 2, -SinkPosition)
2023-04-01 16:29:41,737 [AppLog] INFO : 准备读取编码器位置：Y方向！
2023-04-01 16:29:41,737 [AppLog] INFO : 准备运动，编码器当前位置：DEM_GetAxisEncodeVal：MoveDirectionFlag{false为Y方向：True}CurrentPos{53.05}AimPos{121}
2023-04-01 16:29:41,784 [AppLog] INFO : Y方向运动开始：DEM_Run：返回值{True}nAxis{1}DirFlag{True}nSpeed{50000}MoveStep{67950}nCtlValue{0}
2023-04-01 16:29:43,203 [AppLog] INFO : Y方向到位停止：DEM_StopAxisRun：返回值{True}CurrentPos{114.99}bImmeStop{False}nAxisMask{2}
2023-04-01 16:29:43,203 [AppLog] INFO : 准备读取编码器位置：X方向！
2023-04-01 16:29:43,203 [AppLog] INFO : 准备运动，当前位置：DEV_GetPrintEncoderValue：MoveDirectionFlag{false为Y方向：False}CurrentPos{738.305}AimPos{780}
2023-04-01 16:29:43,235 [AppLog] INFO : X方向运动开始：DEM_Run：返回值{True}nAxis{0}DirFlag{True}nSpeed{50000}MoveStep{41694.9999999999}nCtlValue{2}
2023-04-01 16:29:44,139 [AppLog] INFO : X方向到位停止：DEM_StopAxisRun：返回值{True}CurrentPos{776.07}bImmeStop{False}nAxisMask{1}
2023-04-01 16:29:44,966 [AppLog] INFO : 开启压墨： motionMap.SetDo(13, true)
2023-04-01 16:29:45,980 [AppLog] INFO : 关闭压墨： motionMap.SetDo(13, true)
2023-04-01 16:29:45,980 [AppLog] INFO : 准备读取编码器位置：X方向！
2023-04-01 16:29:45,980 [AppLog] INFO : 准备运动，当前位置：DEV_GetPrintEncoderValue：MoveDirectionFlag{false为Y方向：False}CurrentPos{778.975}AimPos{700}
2023-04-01 16:29:46,011 [AppLog] INFO : X方向运动开始：DEM_Run：返回值{True}nAxis{0}DirFlag{False}nSpeed{30000}MoveStep{-78975}nCtlValue{2}
2023-04-01 16:29:48,648 [AppLog] INFO : X方向到位停止：DEM_StopAxisRun：返回值{True}CurrentPos{703.205}bImmeStop{False}nAxisMask{1}
2023-04-01 16:29:49,475 [AppLog] INFO : 结束自动清洗过程：AutoCleanThread
2023-04-01 16:29:58,523 [AppLog] INFO : 手动停止自动清洗过程：AutoCleanBtn_Click
2023-04-01 16:29:59,209 [AppLog] INFO : 手动开启自动清洗过程：AutoCleanBtn_Click
2023-04-01 16:29:59,209 [AppLog] INFO : 进入自动清洗过程：AutoCleanThread
2023-04-01 16:30:00,192 [AppLog] INFO : 刮墨轴回零成功：motionMap.SetBackSpreaderAxis(4, 1, 2, -SinkPosition)
2023-04-01 16:30:00,192 [AppLog] INFO : 准备读取编码器位置：Y方向！
2023-04-01 16:30:00,192 [AppLog] INFO : 准备运动，编码器当前位置：DEM_GetAxisEncodeVal：MoveDirectionFlag{false为Y方向：True}CurrentPos{120.945}AimPos{121}
2023-04-01 16:30:00,223 [AppLog] INFO : Y方向运动开始：DEM_Run：返回值{True}nAxis{1}DirFlag{True}nSpeed{50000}MoveStep{54.9999999999926}nCtlValue{0}
2023-04-01 16:30:00,223 [AppLog] INFO : Y方向到位停止：DEM_StopAxisRun：返回值{True}CurrentPos{120.945}bImmeStop{False}nAxisMask{2}
2023-04-01 16:30:00,223 [AppLog] INFO : 准备读取编码器位置：X方向！
2023-04-01 16:30:00,223 [AppLog] INFO : 准备运动，当前位置：DEV_GetPrintEncoderValue：MoveDirectionFlag{false为Y方向：False}CurrentPos{700.875}AimPos{780}
2023-04-01 16:30:00,254 [AppLog] INFO : X方向运动开始：DEM_Run：返回值{True}nAxis{0}DirFlag{True}nSpeed{50000}MoveStep{79125}nCtlValue{2}
2023-04-01 16:30:01,908 [AppLog] INFO : X方向到位停止：DEM_StopAxisRun：返回值{True}CurrentPos{776.465}bImmeStop{False}nAxisMask{1}
2023-04-01 16:30:02,735 [AppLog] INFO : 开启压墨： motionMap.SetDo(13, true)
2023-04-01 16:30:03,749 [AppLog] INFO : 关闭压墨： motionMap.SetDo(13, true)
2023-04-01 16:30:03,749 [AppLog] INFO : 准备读取编码器位置：X方向！
2023-04-01 16:30:03,749 [AppLog] INFO : 准备运动，当前位置：DEV_GetPrintEncoderValue：MoveDirectionFlag{false为Y方向：False}CurrentPos{779.12}AimPos{700}
2023-04-01 16:30:03,780 [AppLog] INFO : X方向运动开始：DEM_Run：返回值{True}nAxis{0}DirFlag{False}nSpeed{30000}MoveStep{-79120}nCtlValue{2}
2023-04-01 16:30:06,416 [AppLog] INFO : X方向到位停止：DEM_StopAxisRun：返回值{True}CurrentPos{703.305}bImmeStop{False}nAxisMask{1}
2023-04-01 16:30:07,243 [AppLog] INFO : 结束自动清洗过程：AutoCleanThread
2023-04-01 16:30:10,160 [AppLog] INFO : 手动停止自动清洗过程：AutoCleanBtn_Click
2023-04-01 16:30:10,940 [AppLog] INFO : 手动开启自动清洗过程：AutoCleanBtn_Click
2023-04-01 16:30:10,940 [AppLog] INFO : 进入自动清洗过程：AutoCleanThread
2023-04-01 16:30:11,923 [AppLog] INFO : 刮墨轴回零成功：motionMap.SetBackSpreaderAxis(4, 1, 2, -SinkPosition)
2023-04-01 16:30:11,923 [AppLog] INFO : 准备读取编码器位置：Y方向！
2023-04-01 16:30:11,923 [AppLog] INFO : 准备运动，编码器当前位置：DEM_GetAxisEncodeVal：MoveDirectionFlag{false为Y方向：True}CurrentPos{120.965}AimPos{121}
2023-04-01 16:30:11,954 [AppLog] INFO : Y方向运动开始：DEM_Run：返回值{True}nAxis{1}DirFlag{True}nSpeed{50000}MoveStep{34.9999999999966}nCtlValue{0}
2023-04-01 16:30:11,954 [AppLog] INFO : Y方向到位停止：DEM_StopAxisRun：返回值{True}CurrentPos{120.965}bImmeStop{False}nAxisMask{2}
2023-04-01 16:30:11,954 [AppLog] INFO : 准备读取编码器位置：X方向！
2023-04-01 16:30:11,954 [AppLog] INFO : 准备运动，当前位置：DEV_GetPrintEncoderValue：MoveDirectionFlag{false为Y方向：False}CurrentPos{700.875}AimPos{780}
2023-04-01 16:30:11,986 [AppLog] INFO : X方向运动开始：DEM_Run：返回值{True}nAxis{0}DirFlag{True}nSpeed{50000}MoveStep{79125}nCtlValue{2}
2023-04-01 16:30:13,624 [AppLog] INFO : X方向到位停止：DEM_StopAxisRun：返回值{True}CurrentPos{775.845}bImmeStop{False}nAxisMask{1}
2023-04-01 16:30:14,450 [AppLog] INFO : 开启压墨： motionMap.SetDo(13, true)
2023-04-01 16:30:15,464 [AppLog] INFO : 关闭压墨： motionMap.SetDo(13, true)
2023-04-01 16:30:15,464 [AppLog] INFO : 准备读取编码器位置：X方向！
2023-04-01 16:30:15,480 [AppLog] INFO : 准备运动，当前位置：DEV_GetPrintEncoderValue：MoveDirectionFlag{false为Y方向：False}CurrentPos{779.12}AimPos{700}
2023-04-01 16:30:15,511 [AppLog] INFO : X方向运动开始：DEM_Run：返回值{True}nAxis{0}DirFlag{False}nSpeed{30000}MoveStep{-79120}nCtlValue{2}
2023-04-01 16:30:18,148 [AppLog] INFO : X方向到位停止：DEM_StopAxisRun：返回值{True}CurrentPos{703.375}bImmeStop{False}nAxisMask{1}
2023-04-01 16:30:18,974 [AppLog] INFO : 结束自动清洗过程：AutoCleanThread
2023-04-01 16:30:22,391 [AppLog] INFO : 手动停止自动清洗过程：AutoCleanBtn_Click
2023-04-01 16:30:22,984 [AppLog] INFO : 手动开启自动清洗过程：AutoCleanBtn_Click
2023-04-01 16:30:22,984 [AppLog] INFO : 进入自动清洗过程：AutoCleanThread
2023-04-01 16:30:23,951 [AppLog] INFO : 刮墨轴回零成功：motionMap.SetBackSpreaderAxis(4, 1, 2, -SinkPosition)
2023-04-01 16:30:23,951 [AppLog] INFO : 准备读取编码器位置：Y方向！
2023-04-01 16:30:23,951 [AppLog] INFO : 准备运动，编码器当前位置：DEM_GetAxisEncodeVal：MoveDirectionFlag{false为Y方向：True}CurrentPos{121}AimPos{121}
2023-04-01 16:30:23,951 [AppLog] INFO : Y方向运动开始：DEM_Run：返回值{True}nAxis{1}DirFlag{False}nSpeed{50000}MoveStep{0}nCtlValue{0}
2023-04-01 16:30:23,951 [AppLog] INFO : Y方向到位停止：DEM_StopAxisRun：返回值{True}CurrentPos{121}bImmeStop{False}nAxisMask{2}
2023-04-01 16:30:23,951 [AppLog] INFO : 准备读取编码器位置：X方向！
2023-04-01 16:30:23,951 [AppLog] INFO : 准备运动，当前位置：DEV_GetPrintEncoderValue：MoveDirectionFlag{false为Y方向：False}CurrentPos{700.875}AimPos{780}
2023-04-01 16:30:23,998 [AppLog] INFO : X方向运动开始：DEM_Run：返回值{True}nAxis{0}DirFlag{True}nSpeed{50000}MoveStep{79125}nCtlValue{2}
2023-04-01 16:30:25,651 [AppLog] INFO : X方向到位停止：DEM_StopAxisRun：返回值{True}CurrentPos{776.45}bImmeStop{False}nAxisMask{1}
2023-04-01 16:30:26,478 [AppLog] INFO : 开启压墨： motionMap.SetDo(13, true)
2023-04-01 16:30:27,492 [AppLog] INFO : 关闭压墨： motionMap.SetDo(13, true)
2023-04-01 16:30:27,492 [AppLog] INFO : 准备读取编码器位置：X方向！
2023-04-01 16:30:27,492 [AppLog] INFO : 准备运动，当前位置：DEV_GetPrintEncoderValue：MoveDirectionFlag{false为Y方向：False}CurrentPos{779.125}AimPos{700}
2023-04-01 16:30:27,523 [AppLog] INFO : X方向运动开始：DEM_Run：返回值{True}nAxis{0}DirFlag{False}nSpeed{30000}MoveStep{-79125}nCtlValue{2}
2023-04-01 16:30:30,144 [AppLog] INFO : X方向到位停止：DEM_StopAxisRun：返回值{True}CurrentPos{703.615}bImmeStop{False}nAxisMask{1}
2023-04-01 16:30:30,971 [AppLog] INFO : 结束自动清洗过程：AutoCleanThread
2023-04-01 16:30:33,436 [AppLog] INFO : 手动停止自动清洗过程：AutoCleanBtn_Click
2023-04-01 16:30:34,138 [AppLog] INFO : 手动开启自动清洗过程：AutoCleanBtn_Click
2023-04-01 16:30:34,153 [AppLog] INFO : 进入自动清洗过程：AutoCleanThread
2023-04-01 16:30:35,120 [AppLog] INFO : 刮墨轴回零成功：motionMap.SetBackSpreaderAxis(4, 1, 2, -SinkPosition)
2023-04-01 16:30:35,120 [AppLog] INFO : 准备读取编码器位置：Y方向！
2023-04-01 16:30:35,120 [AppLog] INFO : 准备运动，编码器当前位置：DEM_GetAxisEncodeVal：MoveDirectionFlag{false为Y方向：True}CurrentPos{121.005}AimPos{121}
2023-04-01 16:30:35,152 [AppLog] INFO : Y方向运动开始：DEM_Run：返回值{True}nAxis{1}DirFlag{False}nSpeed{50000}MoveStep{-4.99999999999545}nCtlValue{0}
2023-04-01 16:30:35,167 [AppLog] INFO : Y方向到位停止：DEM_StopAxisRun：返回值{True}CurrentPos{121.005}bImmeStop{False}nAxisMask{2}
2023-04-01 16:30:35,167 [AppLog] INFO : 准备读取编码器位置：X方向！
2023-04-01 16:30:35,167 [AppLog] INFO : 准备运动，当前位置：DEV_GetPrintEncoderValue：MoveDirectionFlag{false为Y方向：False}CurrentPos{700.865}AimPos{780}
2023-04-01 16:30:35,198 [AppLog] INFO : X方向运动开始：DEM_Run：返回值{True}nAxis{0}DirFlag{True}nSpeed{50000}MoveStep{79135}nCtlValue{2}
2023-04-01 16:30:36,836 [AppLog] INFO : X方向到位停止：DEM_StopAxisRun：返回值{True}CurrentPos{775.625}bImmeStop{False}nAxisMask{1}
2023-04-01 16:30:37,663 [AppLog] INFO : 开启压墨： motionMap.SetDo(13, true)
2023-04-01 16:30:38,677 [AppLog] INFO : 关闭压墨： motionMap.SetDo(13, true)
2023-04-01 16:30:38,677 [AppLog] INFO : 准备读取编码器位置：X方向！
2023-04-01 16:30:38,677 [AppLog] INFO : 准备运动，当前位置：DEV_GetPrintEncoderValue：MoveDirectionFlag{false为Y方向：False}CurrentPos{779.13}AimPos{700}
2023-04-01 16:30:38,708 [AppLog] INFO : X方向运动开始：DEM_Run：返回值{True}nAxis{0}DirFlag{False}nSpeed{30000}MoveStep{-79130}nCtlValue{2}
2023-04-01 16:30:41,345 [AppLog] INFO : X方向到位停止：DEM_StopAxisRun：返回值{True}CurrentPos{703.32}bImmeStop{False}nAxisMask{1}
2023-04-01 16:30:42,172 [AppLog] INFO : 结束自动清洗过程：AutoCleanThread
2023-04-01 16:30:47,132 [AppLog] INFO : 手动停止自动清洗过程：AutoCleanBtn_Click
2023-04-01 16:30:47,756 [AppLog] INFO : 手动开启自动清洗过程：AutoCleanBtn_Click
2023-04-01 16:30:47,756 [AppLog] INFO : 进入自动清洗过程：AutoCleanThread
2023-04-01 16:30:48,724 [AppLog] INFO : 刮墨轴回零成功：motionMap.SetBackSpreaderAxis(4, 1, 2, -SinkPosition)
2023-04-01 16:30:48,724 [AppLog] INFO : 准备读取编码器位置：Y方向！
2023-04-01 16:30:48,724 [AppLog] INFO : 准备运动，编码器当前位置：DEM_GetAxisEncodeVal：MoveDirectionFlag{false为Y方向：True}CurrentPos{121.005}AimPos{121}
2023-04-01 16:30:48,755 [AppLog] INFO : Y方向运动开始：DEM_Run：返回值{True}nAxis{1}DirFlag{False}nSpeed{50000}MoveStep{-4.99999999999545}nCtlValue{0}
2023-04-01 16:30:48,770 [AppLog] INFO : Y方向到位停止：DEM_StopAxisRun：返回值{True}CurrentPos{121.005}bImmeStop{False}nAxisMask{2}
2023-04-01 16:30:48,770 [AppLog] INFO : 准备读取编码器位置：X方向！
2023-04-01 16:30:48,786 [AppLog] INFO : 准备运动，当前位置：DEV_GetPrintEncoderValue：MoveDirectionFlag{false为Y方向：False}CurrentPos{700.87}AimPos{780}
2023-04-01 16:30:48,817 [AppLog] INFO : X方向运动开始：DEM_Run：返回值{True}nAxis{0}DirFlag{True}nSpeed{50000}MoveStep{79130}nCtlValue{2}
2023-04-01 16:30:50,455 [AppLog] INFO : X方向到位停止：DEM_StopAxisRun：返回值{True}CurrentPos{775.695}bImmeStop{False}nAxisMask{1}
2023-04-01 16:30:51,282 [AppLog] INFO : 开启压墨： motionMap.SetDo(13, true)
2023-04-01 16:30:52,296 [AppLog] INFO : 关闭压墨： motionMap.SetDo(13, true)
2023-04-01 16:30:52,296 [AppLog] INFO : 准备读取编码器位置：X方向！
2023-04-01 16:30:52,312 [AppLog] INFO : 准备运动，当前位置：DEV_GetPrintEncoderValue：MoveDirectionFlag{false为Y方向：False}CurrentPos{779.13}AimPos{700}
2023-04-01 16:30:52,343 [AppLog] INFO : X方向运动开始：DEM_Run：返回值{True}nAxis{0}DirFlag{False}nSpeed{30000}MoveStep{-79130}nCtlValue{2}
2023-04-01 16:30:54,979 [AppLog] INFO : X方向到位停止：DEM_StopAxisRun：返回值{True}CurrentPos{703.37}bImmeStop{False}nAxisMask{1}
2023-04-01 16:30:55,806 [AppLog] INFO : 结束自动清洗过程：AutoCleanThread
2023-04-01 16:31:22,981 [AppLog] INFO : 手动控制墨车运动开启，沿X轴右侧方向运动 ====》：nAxis{0},Dir{true},nPlsSpeed{50000},nPlsCount{750000},cControlFlag{2}
2023-04-01 16:31:23,558 [AppLog] INFO : 手动控制墨车运动带减速停止：沿X轴方向运动 ====》《=== ====: bImmeStop{false},nAxisMask{0x1}
2023-04-01 16:31:24,042 [AppLog] INFO : 手动控制墨车运动开启，沿X轴右侧方向运动 ====》：nAxis{0},Dir{true},nPlsSpeed{50000},nPlsCount{750000},cControlFlag{2}
2023-04-01 16:31:24,245 [AppLog] INFO : 手动控制墨车运动带减速停止：沿X轴方向运动 ====》《=== ====: bImmeStop{false},nAxisMask{0x1}
2023-04-01 16:31:25,602 [AppLog] INFO : 手动控制墨车运动开启：沿Y轴后侧方向运动 ↓↓↓：nAxis{{1}},Dir{{true}},nPlsSpeed{{{nSpeed}}},nPlsCount{{750000}},cControlFlag{{{nCtlValue}}}
2023-04-01 16:31:29,034 [AppLog] INFO : 手动控制墨车运动带减速停止：沿Y轴方向运动 ↑↑↑↓↓↓ ====: bImmeStop{{false}},nAxisMask{{0x2}}
2023-04-01 16:31:30,095 [AppLog] INFO : 手动控制墨车运动开启：沿Y轴后侧方向运动 ↓↓↓：nAxis{{1}},Dir{{true}},nPlsSpeed{{{nSpeed}}},nPlsCount{{750000}},cControlFlag{{{nCtlValue}}}
2023-04-01 16:31:30,438 [AppLog] INFO : 手动控制墨车运动带减速停止：沿Y轴方向运动 ↑↑↑↓↓↓ ====: bImmeStop{{false}},nAxisMask{{0x2}}
2023-04-01 16:32:43,945 [AppLog] INFO : 手动控制墨车运动开启：沿Y轴后侧方向运动 ↓↓↓：nAxis{{1}},Dir{{true}},nPlsSpeed{{{nSpeed}}},nPlsCount{{750000}},cControlFlag{{{nCtlValue}}}
2023-04-01 16:32:43,992 [AppLog] INFO : 手动控制墨车运动带减速停止：沿Y轴方向运动 ↑↑↑↓↓↓ ====: bImmeStop{{false}},nAxisMask{{0x2}}
2023-04-01 16:32:48,594 [AppLog] INFO : 手动负向JOG指令（8轴运控板卡系统） ====》：输出AXIS{第4轴},运动速度{0.5MM/s}
2023-04-01 16:32:48,735 [AppLog] INFO : 自动停止铺粉棍轴JOG输出（8轴运控板卡系统） ====》：输出AXIS{第6轴}
2023-04-01 16:32:48,735 [AppLog] INFO : 手动停止JOG输出（8轴运控板卡系统） ====》：输出AXIS{第4轴}
2023-04-01 16:32:48,969 [AppLog] INFO : 手动负向JOG指令（8轴运控板卡系统） ====》：输出AXIS{第4轴},运动速度{0.5MM/s}
2023-04-01 16:32:49,702 [AppLog] INFO : 自动停止铺粉棍轴JOG输出（8轴运控板卡系统） ====》：输出AXIS{第6轴}
2023-04-01 16:32:49,702 [AppLog] INFO : 手动停止JOG输出（8轴运控板卡系统） ====》：输出AXIS{第4轴}
2023-04-01 16:32:49,967 [AppLog] INFO : 手动负向JOG指令（8轴运控板卡系统） ====》：输出AXIS{第4轴},运动速度{0.5MM/s}
2023-04-01 16:32:50,201 [AppLog] INFO : 自动停止铺粉棍轴JOG输出（8轴运控板卡系统） ====》：输出AXIS{第6轴}
2023-04-01 16:32:50,201 [AppLog] INFO : 手动停止JOG输出（8轴运控板卡系统） ====》：输出AXIS{第4轴}
2023-04-01 16:32:50,575 [AppLog] INFO : 手动负向JOG指令（8轴运控板卡系统） ====》：输出AXIS{第4轴},运动速度{0.5MM/s}
2023-04-01 16:32:52,229 [AppLog] INFO : 自动停止铺粉棍轴JOG输出（8轴运控板卡系统） ====》：输出AXIS{第6轴}
2023-04-01 16:32:52,229 [AppLog] INFO : 手动停止JOG输出（8轴运控板卡系统） ====》：输出AXIS{第4轴}
2023-04-01 16:32:52,525 [AppLog] INFO : 手动负向JOG指令（8轴运控板卡系统） ====》：输出AXIS{第4轴},运动速度{0.5MM/s}
2023-04-01 16:32:52,697 [AppLog] INFO : 自动停止铺粉棍轴JOG输出（8轴运控板卡系统） ====》：输出AXIS{第6轴}
2023-04-01 16:32:52,697 [AppLog] INFO : 手动停止JOG输出（8轴运控板卡系统） ====》：输出AXIS{第4轴}
2023-04-01 16:32:53,134 [AppLog] INFO : 手动负向JOG指令（8轴运控板卡系统） ====》：输出AXIS{第4轴},运动速度{0.5MM/s}
2023-04-01 16:32:53,243 [AppLog] INFO : 自动停止铺粉棍轴JOG输出（8轴运控板卡系统） ====》：输出AXIS{第6轴}
2023-04-01 16:32:53,259 [AppLog] INFO : 手动停止JOG输出（8轴运控板卡系统） ====》：输出AXIS{第4轴}
2023-04-01 16:34:07,390 [AppLog] INFO : 手动控制墨车运动开启，沿X轴右侧方向运动 ====》：nAxis{0},Dir{true},nPlsSpeed{50000},nPlsCount{750000},cControlFlag{2}
2023-04-01 16:34:07,484 [AppLog] INFO : 手动控制墨车运动带减速停止：沿X轴方向运动 ====》《=== ====: bImmeStop{false},nAxisMask{0x1}
2023-04-01 16:34:07,842 [AppLog] INFO : 手动控制墨车运动开启，沿X轴右侧方向运动 ====》：nAxis{0},Dir{true},nPlsSpeed{50000},nPlsCount{750000},cControlFlag{2}
2023-04-01 16:34:07,952 [AppLog] INFO : 手动控制墨车运动带减速停止：沿X轴方向运动 ====》《=== ====: bImmeStop{false},nAxisMask{0x1}
2023-04-01 16:34:08,076 [AppLog] INFO : 手动控制墨车运动开启，沿X轴右侧方向运动 ====》：nAxis{0},Dir{true},nPlsSpeed{50000},nPlsCount{750000},cControlFlag{2}
2023-04-01 16:34:08,139 [AppLog] INFO : 手动控制墨车运动带减速停止：沿X轴方向运动 ====》《=== ====: bImmeStop{false},nAxisMask{0x1}
2023-04-01 16:36:38,539 [AppLog] INFO : 手动正向JOG指令（8轴运控板卡系统） ====》：输出AXIS{第4轴},运动速度{0.5MM/s}
2023-04-01 16:36:38,679 [AppLog] INFO : 自动停止铺粉棍轴JOG输出（8轴运控板卡系统） ====》：输出AXIS{第6轴}
2023-04-01 16:36:38,679 [AppLog] INFO : 手动停止JOG输出（8轴运控板卡系统） ====》：输出AXIS{第4轴}
2023-04-01 16:36:38,929 [AppLog] INFO : 手动正向JOG指令（8轴运控板卡系统） ====》：输出AXIS{第4轴},运动速度{0.5MM/s}
2023-04-01 16:36:39,677 [AppLog] INFO : 自动停止铺粉棍轴JOG输出（8轴运控板卡系统） ====》：输出AXIS{第6轴}
2023-04-01 16:36:39,677 [AppLog] INFO : 手动停止JOG输出（8轴运控板卡系统） ====》：输出AXIS{第4轴}
2023-04-01 16:36:39,880 [AppLog] INFO : 手动正向JOG指令（8轴运控板卡系统） ====》：输出AXIS{第4轴},运动速度{0.5MM/s}
2023-04-01 16:36:40,192 [AppLog] INFO : 自动停止铺粉棍轴JOG输出（8轴运控板卡系统） ====》：输出AXIS{第6轴}
2023-04-01 16:36:40,192 [AppLog] INFO : 手动停止JOG输出（8轴运控板卡系统） ====》：输出AXIS{第4轴}
2023-04-01 16:36:40,473 [AppLog] INFO : 手动正向JOG指令（8轴运控板卡系统） ====》：输出AXIS{第4轴},运动速度{0.5MM/s}
2023-04-01 16:36:40,645 [AppLog] INFO : 自动停止铺粉棍轴JOG输出（8轴运控板卡系统） ====》：输出AXIS{第6轴}
2023-04-01 16:36:40,645 [AppLog] INFO : 手动停止JOG输出（8轴运控板卡系统） ====》：输出AXIS{第4轴}
2023-04-01 16:36:40,910 [AppLog] INFO : 手动正向JOG指令（8轴运控板卡系统） ====》：输出AXIS{第4轴},运动速度{0.5MM/s}
2023-04-01 16:36:41,050 [AppLog] INFO : 自动停止铺粉棍轴JOG输出（8轴运控板卡系统） ====》：输出AXIS{第6轴}
2023-04-01 16:36:41,050 [AppLog] INFO : 手动停止JOG输出（8轴运控板卡系统） ====》：输出AXIS{第4轴}
2023-04-01 16:36:41,768 [AppLog] INFO : 手动正向JOG指令（8轴运控板卡系统） ====》：输出AXIS{第4轴},运动速度{0.5MM/s}
2023-04-01 16:36:41,877 [AppLog] INFO : 自动停止铺粉棍轴JOG输出（8轴运控板卡系统） ====》：输出AXIS{第6轴}
2023-04-01 16:36:41,877 [AppLog] INFO : 手动停止JOG输出（8轴运控板卡系统） ====》：输出AXIS{第4轴}
2023-04-01 16:36:52,797 [AppLog] INFO : 手动负向JOG指令（8轴运控板卡系统） ====》：输出AXIS{第4轴},运动速度{0.5MM/s}
2023-04-01 16:36:53,437 [AppLog] INFO : 自动停止铺粉棍轴JOG输出（8轴运控板卡系统） ====》：输出AXIS{第6轴}
2023-04-01 16:36:53,437 [AppLog] INFO : 手动停止JOG输出（8轴运控板卡系统） ====》：输出AXIS{第4轴}
2023-04-01 16:36:53,733 [AppLog] INFO : 手动负向JOG指令（8轴运控板卡系统） ====》：输出AXIS{第4轴},运动速度{0.5MM/s}
2023-04-01 16:36:55,059 [AppLog] INFO : 自动停止铺粉棍轴JOG输出（8轴运控板卡系统） ====》：输出AXIS{第6轴}
2023-04-01 16:36:55,059 [AppLog] INFO : 手动停止JOG输出（8轴运控板卡系统） ====》：输出AXIS{第4轴}
2023-04-01 16:36:55,371 [AppLog] INFO : 手动负向JOG指令（8轴运控板卡系统） ====》：输出AXIS{第4轴},运动速度{0.5MM/s}
2023-04-01 16:36:55,558 [AppLog] INFO : 自动停止铺粉棍轴JOG输出（8轴运控板卡系统） ====》：输出AXIS{第6轴}
2023-04-01 16:36:55,558 [AppLog] INFO : 手动停止JOG输出（8轴运控板卡系统） ====》：输出AXIS{第4轴}
2023-04-01 16:36:56,104 [AppLog] INFO : 手动负向JOG指令（8轴运控板卡系统） ====》：输出AXIS{第4轴},运动速度{0.5MM/s}
2023-04-01 16:36:58,007 [AppLog] INFO : 自动停止铺粉棍轴JOG输出（8轴运控板卡系统） ====》：输出AXIS{第6轴}
2023-04-01 16:36:58,007 [AppLog] INFO : 手动停止JOG输出（8轴运控板卡系统） ====》：输出AXIS{第4轴}
2023-04-01 16:36:58,288 [AppLog] INFO : 手动负向JOG指令（8轴运控板卡系统） ====》：输出AXIS{第4轴},运动速度{0.5MM/s}
2023-04-01 16:36:59,053 [AppLog] INFO : 自动停止铺粉棍轴JOG输出（8轴运控板卡系统） ====》：输出AXIS{第6轴}
2023-04-01 16:36:59,053 [AppLog] INFO : 手动停止JOG输出（8轴运控板卡系统） ====》：输出AXIS{第4轴}
2023-04-01 16:39:51,714 [AppLog] INFO : 手动负向JOG指令（8轴运控板卡系统） ====》：输出AXIS{第4轴},运动速度{0.5MM/s}
2023-04-01 16:39:51,854 [AppLog] INFO : 自动停止铺粉棍轴JOG输出（8轴运控板卡系统） ====》：输出AXIS{第6轴}
2023-04-01 16:39:51,854 [AppLog] INFO : 手动停止JOG输出（8轴运控板卡系统） ====》：输出AXIS{第4轴}
2023-04-01 16:39:52,197 [AppLog] INFO : 手动负向JOG指令（8轴运控板卡系统） ====》：输出AXIS{第4轴},运动速度{0.5MM/s}
2023-04-01 16:39:52,697 [AppLog] INFO : 自动停止铺粉棍轴JOG输出（8轴运控板卡系统） ====》：输出AXIS{第6轴}
2023-04-01 16:39:52,697 [AppLog] INFO : 手动停止JOG输出（8轴运控板卡系统） ====》：输出AXIS{第4轴}
2023-04-01 16:39:53,071 [AppLog] INFO : 手动负向JOG指令（8轴运控板卡系统） ====》：输出AXIS{第4轴},运动速度{0.5MM/s}
2023-04-01 16:39:53,289 [AppLog] INFO : 自动停止铺粉棍轴JOG输出（8轴运控板卡系统） ====》：输出AXIS{第6轴}
2023-04-01 16:39:53,289 [AppLog] INFO : 手动停止JOG输出（8轴运控板卡系统） ====》：输出AXIS{第4轴}
2023-04-01 16:39:53,492 [AppLog] INFO : 手动负向JOG指令（8轴运控板卡系统） ====》：输出AXIS{第4轴},运动速度{0.5MM/s}
2023-04-01 16:39:54,069 [AppLog] INFO : 自动停止铺粉棍轴JOG输出（8轴运控板卡系统） ====》：输出AXIS{第6轴}
2023-04-01 16:39:54,069 [AppLog] INFO : 手动停止JOG输出（8轴运控板卡系统） ====》：输出AXIS{第4轴}
2023-04-01 16:39:54,397 [AppLog] INFO : 手动负向JOG指令（8轴运控板卡系统） ====》：输出AXIS{第4轴},运动速度{0.5MM/s}
2023-04-01 16:39:56,191 [AppLog] INFO : 自动停止铺粉棍轴JOG输出（8轴运控板卡系统） ====》：输出AXIS{第6轴}
2023-04-01 16:39:56,191 [AppLog] INFO : 手动停止JOG输出（8轴运控板卡系统） ====》：输出AXIS{第4轴}
2023-04-01 16:39:56,503 [AppLog] INFO : 手动负向JOG指令（8轴运控板卡系统） ====》：输出AXIS{第4轴},运动速度{0.5MM/s}
2023-04-01 16:39:56,628 [AppLog] INFO : 自动停止铺粉棍轴JOG输出（8轴运控板卡系统） ====》：输出AXIS{第6轴}
2023-04-01 16:39:56,628 [AppLog] INFO : 手动停止JOG输出（8轴运控板卡系统） ====》：输出AXIS{第4轴}
2023-04-01 16:39:56,940 [AppLog] INFO : 手动负向JOG指令（8轴运控板卡系统） ====》：输出AXIS{第4轴},运动速度{0.5MM/s}
2023-04-01 16:39:58,484 [AppLog] INFO : 自动停止铺粉棍轴JOG输出（8轴运控板卡系统） ====》：输出AXIS{第6轴}
2023-04-01 16:39:58,484 [AppLog] INFO : 手动停止JOG输出（8轴运控板卡系统） ====》：输出AXIS{第4轴}
2023-04-01 16:39:58,718 [AppLog] INFO : 手动负向JOG指令（8轴运控板卡系统） ====》：输出AXIS{第4轴},运动速度{0.5MM/s}
2023-04-01 16:39:58,999 [AppLog] INFO : 自动停止铺粉棍轴JOG输出（8轴运控板卡系统） ====》：输出AXIS{第6轴}
2023-04-01 16:39:58,999 [AppLog] INFO : 手动停止JOG输出（8轴运控板卡系统） ====》：输出AXIS{第4轴}
2023-04-01 16:39:59,249 [AppLog] INFO : 手动负向JOG指令（8轴运控板卡系统） ====》：输出AXIS{第4轴},运动速度{0.5MM/s}
2023-04-01 16:39:59,420 [AppLog] INFO : 自动停止铺粉棍轴JOG输出（8轴运控板卡系统） ====》：输出AXIS{第6轴}
2023-04-01 16:39:59,420 [AppLog] INFO : 手动停止JOG输出（8轴运控板卡系统） ====》：输出AXIS{第4轴}
2023-04-01 16:39:59,654 [AppLog] INFO : 手动负向JOG指令（8轴运控板卡系统） ====》：输出AXIS{第4轴},运动速度{0.5MM/s}
2023-04-01 16:39:59,795 [AppLog] INFO : 自动停止铺粉棍轴JOG输出（8轴运控板卡系统） ====》：输出AXIS{第6轴}
2023-04-01 16:39:59,795 [AppLog] INFO : 手动停止JOG输出（8轴运控板卡系统） ====》：输出AXIS{第4轴}
2023-04-01 16:39:59,982 [AppLog] INFO : 手动负向JOG指令（8轴运控板卡系统） ====》：输出AXIS{第4轴},运动速度{0.5MM/s}
2023-04-01 16:40:00,169 [AppLog] INFO : 自动停止铺粉棍轴JOG输出（8轴运控板卡系统） ====》：输出AXIS{第6轴}
2023-04-01 16:40:00,169 [AppLog] INFO : 手动停止JOG输出（8轴运控板卡系统） ====》：输出AXIS{第4轴}
2023-04-01 16:40:00,356 [AppLog] INFO : 手动负向JOG指令（8轴运控板卡系统） ====》：输出AXIS{第4轴},运动速度{0.5MM/s}
2023-04-01 16:40:00,497 [AppLog] INFO : 自动停止铺粉棍轴JOG输出（8轴运控板卡系统） ====》：输出AXIS{第6轴}
2023-04-01 16:40:00,497 [AppLog] INFO : 手动停止JOG输出（8轴运控板卡系统） ====》：输出AXIS{第4轴}
2023-04-01 16:40:00,793 [AppLog] INFO : 手动负向JOG指令（8轴运控板卡系统） ====》：输出AXIS{第4轴},运动速度{0.5MM/s}
2023-04-01 16:40:00,902 [AppLog] INFO : 自动停止铺粉棍轴JOG输出（8轴运控板卡系统） ====》：输出AXIS{第6轴}
2023-04-01 16:40:00,902 [AppLog] INFO : 手动停止JOG输出（8轴运控板卡系统） ====》：输出AXIS{第4轴}
2023-04-01 16:40:01,167 [AppLog] INFO : 手动负向JOG指令（8轴运控板卡系统） ====》：输出AXIS{第4轴},运动速度{0.5MM/s}
2023-04-01 16:40:02,540 [AppLog] INFO : 自动停止铺粉棍轴JOG输出（8轴运控板卡系统） ====》：输出AXIS{第6轴}
2023-04-01 16:40:02,540 [AppLog] INFO : 手动停止JOG输出（8轴运控板卡系统） ====》：输出AXIS{第4轴}
2023-04-01 16:40:02,774 [AppLog] INFO : 手动负向JOG指令（8轴运控板卡系统） ====》：输出AXIS{第4轴},运动速度{0.5MM/s}
2023-04-01 16:40:02,899 [AppLog] INFO : 自动停止铺粉棍轴JOG输出（8轴运控板卡系统） ====》：输出AXIS{第6轴}
2023-04-01 16:40:02,899 [AppLog] INFO : 手动停止JOG输出（8轴运控板卡系统） ====》：输出AXIS{第4轴}
2023-04-01 16:40:03,149 [AppLog] INFO : 手动负向JOG指令（8轴运控板卡系统） ====》：输出AXIS{第4轴},运动速度{0.5MM/s}
2023-04-01 16:40:03,305 [AppLog] INFO : 自动停止铺粉棍轴JOG输出（8轴运控板卡系统） ====》：输出AXIS{第6轴}
2023-04-01 16:40:03,305 [AppLog] INFO : 手动停止JOG输出（8轴运控板卡系统） ====》：输出AXIS{第4轴}
2023-04-01 16:40:03,554 [AppLog] INFO : 手动负向JOG指令（8轴运控板卡系统） ====》：输出AXIS{第4轴},运动速度{0.5MM/s}
2023-04-01 16:40:03,710 [AppLog] INFO : 自动停止铺粉棍轴JOG输出（8轴运控板卡系统） ====》：输出AXIS{第6轴}
2023-04-01 16:40:03,726 [AppLog] INFO : 手动停止JOG输出（8轴运控板卡系统） ====》：输出AXIS{第4轴}
2023-04-01 16:40:04,053 [AppLog] INFO : 手动负向JOG指令（8轴运控板卡系统） ====》：输出AXIS{第4轴},运动速度{0.5MM/s}
2023-04-01 16:40:04,209 [AppLog] INFO : 自动停止铺粉棍轴JOG输出（8轴运控板卡系统） ====》：输出AXIS{第6轴}
2023-04-01 16:40:04,209 [AppLog] INFO : 手动停止JOG输出（8轴运控板卡系统） ====》：输出AXIS{第4轴}
2023-04-01 16:40:04,272 [AppLog] INFO : 手动负向JOG指令（8轴运控板卡系统） ====》：输出AXIS{第4轴},运动速度{0.5MM/s}
2023-04-01 16:40:05,395 [AppLog] INFO : 自动停止铺粉棍轴JOG输出（8轴运控板卡系统） ====》：输出AXIS{第6轴}
2023-04-01 16:40:05,395 [AppLog] INFO : 手动停止JOG输出（8轴运控板卡系统） ====》：输出AXIS{第4轴}
2023-04-01 16:40:05,629 [AppLog] INFO : 手动负向JOG指令（8轴运控板卡系统） ====》：输出AXIS{第4轴},运动速度{0.5MM/s}
2023-04-01 16:40:06,253 [AppLog] INFO : 自动停止铺粉棍轴JOG输出（8轴运控板卡系统） ====》：输出AXIS{第6轴}
2023-04-01 16:40:06,253 [AppLog] INFO : 手动停止JOG输出（8轴运控板卡系统） ====》：输出AXIS{第4轴}
2023-04-01 16:40:24,770 [AppLog] INFO : 手动停止自动清洗过程：AutoCleanBtn_Click
2023-04-01 16:40:25,347 [AppLog] INFO : 手动开启自动清洗过程：AutoCleanBtn_Click
2023-04-01 16:40:25,347 [AppLog] INFO : 进入自动清洗过程：AutoCleanThread
2023-04-01 16:40:26,174 [AppLog] INFO : 刮墨轴回零成功：motionMap.SetBackSpreaderAxis(4, 1, 2, -SinkPosition)
2023-04-01 16:40:26,174 [AppLog] INFO : 准备读取编码器位置：Y方向！
2023-04-01 16:40:26,174 [AppLog] INFO : 准备运动，编码器当前位置：DEM_GetAxisEncodeVal：MoveDirectionFlag{false为Y方向：True}CurrentPos{316.53}AimPos{121}
2023-04-01 16:40:26,205 [AppLog] INFO : Y方向运动开始：DEM_Run：返回值{True}nAxis{1}DirFlag{False}nSpeed{50000}MoveStep{-195530}nCtlValue{0}
2023-04-01 16:40:30,152 [AppLog] INFO : Y方向到位停止：DEM_StopAxisRun：返回值{True}CurrentPos{127.12}bImmeStop{False}nAxisMask{2}
2023-04-01 16:40:30,152 [AppLog] INFO : 准备读取编码器位置：X方向！
2023-04-01 16:40:30,152 [AppLog] INFO : 准备运动，当前位置：DEV_GetPrintEncoderValue：MoveDirectionFlag{false为Y方向：False}CurrentPos{757.74}AimPos{780}
2023-04-01 16:40:30,183 [AppLog] INFO : X方向运动开始：DEM_Run：返回值{True}nAxis{0}DirFlag{True}nSpeed{50000}MoveStep{22260}nCtlValue{2}
2023-04-01 16:40:30,714 [AppLog] INFO : X方向到位停止：DEM_StopAxisRun：返回值{True}CurrentPos{777.215}bImmeStop{False}nAxisMask{1}
2023-04-01 16:40:31,541 [AppLog] INFO : 开启压墨： motionMap.SetDo(13, true)
2023-04-01 16:40:32,555 [AppLog] INFO : 关闭压墨： motionMap.SetDo(13, true)
2023-04-01 16:40:32,555 [AppLog] INFO : 准备读取编码器位置：X方向！
2023-04-01 16:40:32,555 [AppLog] INFO : 准备运动，当前位置：DEV_GetPrintEncoderValue：MoveDirectionFlag{false为Y方向：False}CurrentPos{780.03}AimPos{700}
2023-04-01 16:40:32,586 [AppLog] INFO : X方向运动开始：DEM_Run：返回值{True}nAxis{0}DirFlag{False}nSpeed{10000}MoveStep{-80030}nCtlValue{2}
2023-04-01 16:40:40,277 [AppLog] INFO : X方向到位停止：DEM_StopAxisRun：返回值{True}CurrentPos{701.97}bImmeStop{False}nAxisMask{1}
2023-04-01 16:40:41,103 [AppLog] INFO : 结束自动清洗过程：AutoCleanThread
2023-04-01 16:40:49,668 [AppLog] INFO : 手动控制墨车运动开启，沿X轴右侧方向运动 ====》：nAxis{0},Dir{true},nPlsSpeed{50000},nPlsCount{750000},cControlFlag{2}
2023-04-01 16:40:49,715 [AppLog] INFO : 手动控制墨车运动带减速停止：沿X轴方向运动 ====》《=== ====: bImmeStop{false},nAxisMask{0x1}
2023-04-01 16:40:49,808 [AppLog] INFO : 手动控制墨车运动开启，沿X轴右侧方向运动 ====》：nAxis{0},Dir{true},nPlsSpeed{50000},nPlsCount{750000},cControlFlag{2}
2023-04-01 16:40:50,479 [AppLog] INFO : 手动控制墨车运动带减速停止：沿X轴方向运动 ====》《=== ====: bImmeStop{false},nAxisMask{0x1}
2023-04-01 16:40:50,713 [AppLog] INFO : 手动控制墨车运动开启，沿X轴右侧方向运动 ====》：nAxis{0},Dir{true},nPlsSpeed{50000},nPlsCount{750000},cControlFlag{2}
2023-04-01 16:40:50,807 [AppLog] INFO : 手动控制墨车运动带减速停止：沿X轴方向运动 ====》《=== ====: bImmeStop{false},nAxisMask{0x1}
2023-04-01 16:40:55,518 [AppLog] INFO : 手动负向JOG指令（8轴运控板卡系统） ====》：输出AXIS{第4轴},运动速度{0.5MM/s}
2023-04-01 16:40:55,627 [AppLog] INFO : 自动停止铺粉棍轴JOG输出（8轴运控板卡系统） ====》：输出AXIS{第6轴}
2023-04-01 16:40:55,627 [AppLog] INFO : 手动停止JOG输出（8轴运控板卡系统） ====》：输出AXIS{第4轴}
2023-04-01 16:40:56,579 [AppLog] INFO : 手动负向JOG指令（8轴运控板卡系统） ====》：输出AXIS{第4轴},运动速度{0.5MM/s}
2023-04-01 16:40:56,719 [AppLog] INFO : 自动停止铺粉棍轴JOG输出（8轴运控板卡系统） ====》：输出AXIS{第6轴}
2023-04-01 16:40:56,735 [AppLog] INFO : 手动停止JOG输出（8轴运控板卡系统） ====》：输出AXIS{第4轴}
2023-04-01 16:40:58,513 [AppLog] INFO : 手动正向JOG指令（8轴运控板卡系统） ====》：输出AXIS{第4轴},运动速度{0.5MM/s}
2023-04-01 16:40:58,638 [AppLog] INFO : 自动停止铺粉棍轴JOG输出（8轴运控板卡系统） ====》：输出AXIS{第6轴}
2023-04-01 16:40:58,638 [AppLog] INFO : 手动停止JOG输出（8轴运控板卡系统） ====》：输出AXIS{第4轴}
2023-04-01 16:41:02,210 [AppLog] INFO : 开启刮墨轴回零校准：SpreaderHomeBtn_Click
2023-04-01 16:41:03,255 [AppLog] INFO : 刮墨轴回零成功：SpreaderHomeBtn_Click：{AXIS{4},Vel{1圈/s},开槽位置{-107°}}
2023-04-01 16:41:07,202 [AppLog] INFO : 切换为点动模式====》：输出AXIS{第4轴}
2023-04-01 16:41:12,225 [AppLog] INFO : 手动负向点动指令（8轴运控板卡系统） ====》：输出AXIS{第4轴},点动量{2MM},运动速度{0.5MM/s}
2023-04-01 16:41:23,317 [AppLog] INFO : 手动负向点动指令（8轴运控板卡系统） ====》：输出AXIS{第4轴},点动量{0.5MM},运动速度{0.5MM/s}
2023-04-01 16:41:26,827 [AppLog] INFO : 手动控制墨车运动开启，沿X轴右侧方向运动 ====》：nAxis{0},Dir{true},nPlsSpeed{50000},nPlsCount{750000},cControlFlag{2}
2023-04-01 16:41:26,905 [AppLog] INFO : 手动控制墨车运动带减速停止：沿X轴方向运动 ====》《=== ====: bImmeStop{false},nAxisMask{0x1}
2023-04-01 16:41:27,404 [AppLog] INFO : 手动控制墨车运动开启，沿X轴右侧方向运动 ====》：nAxis{0},Dir{true},nPlsSpeed{50000},nPlsCount{750000},cControlFlag{2}
2023-04-01 16:41:27,498 [AppLog] INFO : 手动控制墨车运动带减速停止：沿X轴方向运动 ====》《=== ====: bImmeStop{false},nAxisMask{0x1}
2023-04-01 16:41:29,635 [AppLog] INFO : 手动控制墨车运动开启：沿X轴左侧方向运动 《====：nAxis{{0}},Dir{{false}},nPlsSpeed{{{nSpeed}}},nPlsCount{{750000}},cControlFlag{{{nCtlValue}}}
2023-04-01 16:41:29,729 [AppLog] INFO : 手动控制墨车运动带减速停止：沿X轴方向运动 ====》《=== ====: bImmeStop{false},nAxisMask{0x1}
2023-04-01 16:41:29,885 [AppLog] INFO : 手动控制墨车运动开启：沿X轴左侧方向运动 《====：nAxis{{0}},Dir{{false}},nPlsSpeed{{{nSpeed}}},nPlsCount{{750000}},cControlFlag{{{nCtlValue}}}
2023-04-01 16:41:29,932 [AppLog] INFO : 手动控制墨车运动带减速停止：沿X轴方向运动 ====》《=== ====: bImmeStop{false},nAxisMask{0x1}
2023-04-01 16:41:30,103 [AppLog] INFO : 手动控制墨车运动开启：沿X轴左侧方向运动 《====：nAxis{{0}},Dir{{false}},nPlsSpeed{{{nSpeed}}},nPlsCount{{750000}},cControlFlag{{{nCtlValue}}}
2023-04-01 16:41:30,166 [AppLog] INFO : 手动控制墨车运动带减速停止：沿X轴方向运动 ====》《=== ====: bImmeStop{false},nAxisMask{0x1}
2023-04-01 16:41:30,478 [AppLog] INFO : 手动控制墨车运动开启：沿X轴左侧方向运动 《====：nAxis{{0}},Dir{{false}},nPlsSpeed{{{nSpeed}}},nPlsCount{{750000}},cControlFlag{{{nCtlValue}}}
2023-04-01 16:41:30,540 [AppLog] INFO : 手动控制墨车运动带减速停止：沿X轴方向运动 ====》《=== ====: bImmeStop{false},nAxisMask{0x1}
2023-04-01 16:41:30,743 [AppLog] INFO : 手动控制墨车运动开启：沿X轴左侧方向运动 《====：nAxis{{0}},Dir{{false}},nPlsSpeed{{{nSpeed}}},nPlsCount{{750000}},cControlFlag{{{nCtlValue}}}
2023-04-01 16:41:30,790 [AppLog] INFO : 手动控制墨车运动带减速停止：沿X轴方向运动 ====》《=== ====: bImmeStop{false},nAxisMask{0x1}
2023-04-01 16:41:31,382 [AppLog] INFO : 手动控制墨车运动开启：沿X轴左侧方向运动 《====：nAxis{{0}},Dir{{false}},nPlsSpeed{{{nSpeed}}},nPlsCount{{750000}},cControlFlag{{{nCtlValue}}}
2023-04-01 16:41:31,398 [AppLog] INFO : 手动控制墨车运动带减速停止：沿X轴方向运动 ====》《=== ====: bImmeStop{false},nAxisMask{0x1}
2023-04-01 16:41:41,944 [AppLog] INFO : 手动控制墨车运动开启，沿X轴右侧方向运动 ====》：nAxis{0},Dir{true},nPlsSpeed{50000},nPlsCount{750000},cControlFlag{2}
2023-04-01 16:41:42,022 [AppLog] INFO : 手动控制墨车运动带减速停止：沿X轴方向运动 ====》《=== ====: bImmeStop{false},nAxisMask{0x1}
2023-04-01 16:41:43,394 [AppLog] INFO : 手动控制墨车运动开启，沿X轴右侧方向运动 ====》：nAxis{0},Dir{true},nPlsSpeed{50000},nPlsCount{750000},cControlFlag{2}
2023-04-01 16:41:43,457 [AppLog] INFO : 手动控制墨车运动带减速停止：沿X轴方向运动 ====》《=== ====: bImmeStop{false},nAxisMask{0x1}
2023-04-01 16:41:44,237 [AppLog] INFO : 手动控制墨车运动开启，沿X轴右侧方向运动 ====》：nAxis{0},Dir{true},nPlsSpeed{50000},nPlsCount{750000},cControlFlag{2}
2023-04-01 16:41:44,299 [AppLog] INFO : 手动控制墨车运动带减速停止：沿X轴方向运动 ====》《=== ====: bImmeStop{false},nAxisMask{0x1}
2023-04-01 16:41:47,653 [AppLog] INFO : 手动控制墨车运动开启，沿X轴右侧方向运动 ====》：nAxis{0},Dir{true},nPlsSpeed{50000},nPlsCount{750000},cControlFlag{2}
2023-04-01 16:41:47,762 [AppLog] INFO : 手动控制墨车运动带减速停止：沿X轴方向运动 ====》《=== ====: bImmeStop{false},nAxisMask{0x1}
2023-04-01 16:41:48,262 [AppLog] INFO : 手动控制墨车运动开启，沿X轴右侧方向运动 ====》：nAxis{0},Dir{true},nPlsSpeed{50000},nPlsCount{750000},cControlFlag{2}
2023-04-01 16:41:48,340 [AppLog] INFO : 手动控制墨车运动带减速停止：沿X轴方向运动 ====》《=== ====: bImmeStop{false},nAxisMask{0x1}
2023-04-01 16:41:49,931 [AppLog] INFO : 手动控制墨车运动开启：沿X轴左侧方向运动 《====：nAxis{{0}},Dir{{false}},nPlsSpeed{{{nSpeed}}},nPlsCount{{750000}},cControlFlag{{{nCtlValue}}}
2023-04-01 16:41:50,165 [AppLog] INFO : 手动控制墨车运动带减速停止：沿X轴方向运动 ====》《=== ====: bImmeStop{false},nAxisMask{0x1}
2023-04-01 16:41:50,539 [AppLog] INFO : 手动控制墨车运动开启：沿X轴左侧方向运动 《====：nAxis{{0}},Dir{{false}},nPlsSpeed{{{nSpeed}}},nPlsCount{{750000}},cControlFlag{{{nCtlValue}}}
2023-04-01 16:41:50,804 [AppLog] INFO : 手动控制墨车运动带减速停止：沿X轴方向运动 ====》《=== ====: bImmeStop{false},nAxisMask{0x1}
2023-04-01 16:41:51,272 [AppLog] INFO : 手动控制墨车运动开启：沿X轴左侧方向运动 《====：nAxis{{0}},Dir{{false}},nPlsSpeed{{{nSpeed}}},nPlsCount{{750000}},cControlFlag{{{nCtlValue}}}
2023-04-01 16:41:51,725 [AppLog] INFO : 手动控制墨车运动带减速停止：沿X轴方向运动 ====》《=== ====: bImmeStop{false},nAxisMask{0x1}
2023-04-01 16:41:53,176 [AppLog] INFO : 手动控制墨车运动开启，沿X轴右侧方向运动 ====》：nAxis{0},Dir{true},nPlsSpeed{50000},nPlsCount{750000},cControlFlag{2}
2023-04-01 16:41:53,254 [AppLog] INFO : 手动控制墨车运动带减速停止：沿X轴方向运动 ====》《=== ====: bImmeStop{false},nAxisMask{0x1}
2023-04-01 16:41:53,456 [AppLog] INFO : 手动控制墨车运动开启，沿X轴右侧方向运动 ====》：nAxis{0},Dir{true},nPlsSpeed{50000},nPlsCount{750000},cControlFlag{2}
2023-04-01 16:41:53,534 [AppLog] INFO : 手动控制墨车运动带减速停止：沿X轴方向运动 ====》《=== ====: bImmeStop{false},nAxisMask{0x1}
2023-04-01 16:41:53,644 [AppLog] INFO : 手动控制墨车运动开启，沿X轴右侧方向运动 ====》：nAxis{0},Dir{true},nPlsSpeed{50000},nPlsCount{750000},cControlFlag{2}
2023-04-01 16:41:53,706 [AppLog] INFO : 手动控制墨车运动带减速停止：沿X轴方向运动 ====》《=== ====: bImmeStop{false},nAxisMask{0x1}
2023-04-01 16:41:53,846 [AppLog] INFO : 手动控制墨车运动开启，沿X轴右侧方向运动 ====》：nAxis{0},Dir{true},nPlsSpeed{50000},nPlsCount{750000},cControlFlag{2}
2023-04-01 16:41:53,909 [AppLog] INFO : 手动控制墨车运动带减速停止：沿X轴方向运动 ====》《=== ====: bImmeStop{false},nAxisMask{0x1}
2023-04-01 16:41:54,034 [AppLog] INFO : 手动控制墨车运动开启，沿X轴右侧方向运动 ====》：nAxis{0},Dir{true},nPlsSpeed{50000},nPlsCount{750000},cControlFlag{2}
2023-04-01 16:41:54,096 [AppLog] INFO : 手动控制墨车运动带减速停止：沿X轴方向运动 ====》《=== ====: bImmeStop{false},nAxisMask{0x1}
2023-04-01 16:41:54,205 [AppLog] INFO : 手动控制墨车运动开启，沿X轴右侧方向运动 ====》：nAxis{0},Dir{true},nPlsSpeed{50000},nPlsCount{750000},cControlFlag{2}
2023-04-01 16:41:54,299 [AppLog] INFO : 手动控制墨车运动带减速停止：沿X轴方向运动 ====》《=== ====: bImmeStop{false},nAxisMask{0x1}
2023-04-01 16:41:54,408 [AppLog] INFO : 手动控制墨车运动开启，沿X轴右侧方向运动 ====》：nAxis{0},Dir{true},nPlsSpeed{50000},nPlsCount{750000},cControlFlag{2}
2023-04-01 16:41:54,470 [AppLog] INFO : 手动控制墨车运动带减速停止：沿X轴方向运动 ====》《=== ====: bImmeStop{false},nAxisMask{0x1}
2023-04-01 16:41:54,611 [AppLog] INFO : 手动控制墨车运动开启，沿X轴右侧方向运动 ====》：nAxis{0},Dir{true},nPlsSpeed{50000},nPlsCount{750000},cControlFlag{2}
2023-04-01 16:41:54,673 [AppLog] INFO : 手动控制墨车运动带减速停止：沿X轴方向运动 ====》《=== ====: bImmeStop{false},nAxisMask{0x1}
2023-04-01 16:41:54,938 [AppLog] INFO : 手动控制墨车运动开启，沿X轴右侧方向运动 ====》：nAxis{0},Dir{true},nPlsSpeed{50000},nPlsCount{750000},cControlFlag{2}
2023-04-01 16:41:55,048 [AppLog] INFO : 手动控制墨车运动带减速停止：沿X轴方向运动 ====》《=== ====: bImmeStop{false},nAxisMask{0x1}
2023-04-01 16:41:55,157 [AppLog] INFO : 手动控制墨车运动开启，沿X轴右侧方向运动 ====》：nAxis{0},Dir{true},nPlsSpeed{50000},nPlsCount{750000},cControlFlag{2}
2023-04-01 16:41:55,235 [AppLog] INFO : 手动控制墨车运动带减速停止：沿X轴方向运动 ====》《=== ====: bImmeStop{false},nAxisMask{0x1}
2023-04-01 16:41:55,344 [AppLog] INFO : 手动控制墨车运动开启，沿X轴右侧方向运动 ====》：nAxis{0},Dir{true},nPlsSpeed{50000},nPlsCount{750000},cControlFlag{2}
2023-04-01 16:41:55,406 [AppLog] INFO : 手动控制墨车运动带减速停止：沿X轴方向运动 ====》《=== ====: bImmeStop{false},nAxisMask{0x1}
2023-04-01 16:41:55,859 [AppLog] INFO : 手动控制墨车运动开启，沿X轴右侧方向运动 ====》：nAxis{0},Dir{true},nPlsSpeed{50000},nPlsCount{750000},cControlFlag{2}
2023-04-01 16:41:55,890 [AppLog] INFO : 手动控制墨车运动带减速停止：沿X轴方向运动 ====》《=== ====: bImmeStop{false},nAxisMask{0x1}
2023-04-01 16:41:56,311 [AppLog] INFO : 手动控制墨车运动开启，沿X轴右侧方向运动 ====》：nAxis{0},Dir{true},nPlsSpeed{50000},nPlsCount{750000},cControlFlag{2}
2023-04-01 16:41:56,389 [AppLog] INFO : 手动控制墨车运动带减速停止：沿X轴方向运动 ====》《=== ====: bImmeStop{false},nAxisMask{0x1}
2023-04-01 16:41:56,842 [AppLog] INFO : 手动控制墨车运动开启，沿X轴右侧方向运动 ====》：nAxis{0},Dir{true},nPlsSpeed{50000},nPlsCount{750000},cControlFlag{2}
2023-04-01 16:41:56,920 [AppLog] INFO : 手动控制墨车运动带减速停止：沿X轴方向运动 ====》《=== ====: bImmeStop{false},nAxisMask{0x1}
2023-04-01 16:41:58,043 [AppLog] INFO : 手动控制墨车运动开启：沿X轴左侧方向运动 《====：nAxis{{0}},Dir{{false}},nPlsSpeed{{{nSpeed}}},nPlsCount{{750000}},cControlFlag{{{nCtlValue}}}
2023-04-01 16:41:59,462 [AppLog] INFO : 手动控制墨车运动带减速停止：沿X轴方向运动 ====》《=== ====: bImmeStop{false},nAxisMask{0x1}
2023-04-01 16:42:04,361 [AppLog] INFO : 手动停止自动清洗过程：AutoCleanBtn_Click
2023-04-01 16:42:05,858 [AppLog] INFO : 手动开启自动清洗过程：AutoCleanBtn_Click
2023-04-01 16:42:05,858 [AppLog] INFO : 进入自动清洗过程：AutoCleanThread
2023-04-01 16:42:07,356 [AppLog] INFO : 刮墨轴回零成功：motionMap.SetBackSpreaderAxis(4, 1, 2, -SinkPosition)
2023-04-01 16:42:07,356 [AppLog] INFO : 准备读取编码器位置：Y方向！
2023-04-01 16:42:07,356 [AppLog] INFO : 准备运动，编码器当前位置：DEM_GetAxisEncodeVal：MoveDirectionFlag{false为Y方向：True}CurrentPos{121.46}AimPos{121}
2023-04-01 16:42:07,387 [AppLog] INFO : Y方向运动开始：DEM_Run：返回值{True}nAxis{1}DirFlag{False}nSpeed{50000}MoveStep{-460.000000000008}nCtlValue{0}
2023-04-01 16:42:07,465 [AppLog] INFO : Y方向到位停止：DEM_StopAxisRun：返回值{True}CurrentPos{121.46}bImmeStop{False}nAxisMask{2}
2023-04-01 16:42:07,465 [AppLog] INFO : 准备读取编码器位置：X方向！
2023-04-01 16:42:07,465 [AppLog] INFO : 准备运动，当前位置：DEV_GetPrintEncoderValue：MoveDirectionFlag{false为Y方向：False}CurrentPos{692.965}AimPos{780}
2023-04-01 16:42:07,496 [AppLog] INFO : X方向运动开始：DEM_Run：返回值{True}nAxis{0}DirFlag{True}nSpeed{50000}MoveStep{87035}nCtlValue{2}
2023-04-01 16:42:09,306 [AppLog] INFO : X方向到位停止：DEM_StopAxisRun：返回值{True}CurrentPos{776.14}bImmeStop{False}nAxisMask{1}
2023-04-01 16:42:10,133 [AppLog] INFO : 开启压墨： motionMap.SetDo(13, true)
2023-04-01 16:42:11,147 [AppLog] INFO : 关闭压墨： motionMap.SetDo(13, true)
2023-04-01 16:42:11,147 [AppLog] INFO : 准备读取编码器位置：X方向！
2023-04-01 16:42:11,147 [AppLog] INFO : 准备运动，当前位置：DEV_GetPrintEncoderValue：MoveDirectionFlag{false为Y方向：False}CurrentPos{779.12}AimPos{700}
2023-04-01 16:42:11,178 [AppLog] INFO : X方向运动开始：DEM_Run：返回值{True}nAxis{0}DirFlag{False}nSpeed{10000}MoveStep{-79120}nCtlValue{2}
2023-04-01 16:42:18,791 [AppLog] INFO : X方向到位停止：DEM_StopAxisRun：返回值{True}CurrentPos{701.91}bImmeStop{False}nAxisMask{1}
2023-04-01 16:42:19,618 [AppLog] INFO : 结束自动清洗过程：AutoCleanThread
2023-04-01 16:42:24,313 [AppLog] INFO : 手动控制墨车运动开启，沿X轴右侧方向运动 ====》：nAxis{0},Dir{true},nPlsSpeed{50000},nPlsCount{750000},cControlFlag{2}
2023-04-01 16:42:24,781 [AppLog] INFO : 手动控制墨车运动带减速停止：沿X轴方向运动 ====》《=== ====: bImmeStop{false},nAxisMask{0x1}
2023-04-01 16:42:25,000 [AppLog] INFO : 手动控制墨车运动开启，沿X轴右侧方向运动 ====》：nAxis{0},Dir{true},nPlsSpeed{50000},nPlsCount{750000},cControlFlag{2}
2023-04-01 16:42:25,374 [AppLog] INFO : 手动控制墨车运动带减速停止：沿X轴方向运动 ====》《=== ====: bImmeStop{false},nAxisMask{0x1}
2023-04-01 16:42:25,655 [AppLog] INFO : 手动控制墨车运动开启，沿X轴右侧方向运动 ====》：nAxis{0},Dir{true},nPlsSpeed{50000},nPlsCount{750000},cControlFlag{2}
2023-04-01 16:42:25,764 [AppLog] INFO : 手动控制墨车运动带减速停止：沿X轴方向运动 ====》《=== ====: bImmeStop{false},nAxisMask{0x1}
2023-04-01 16:42:26,310 [AppLog] INFO : 手动控制墨车运动开启，沿X轴右侧方向运动 ====》：nAxis{0},Dir{true},nPlsSpeed{50000},nPlsCount{750000},cControlFlag{2}
2023-04-01 16:42:26,357 [AppLog] INFO : 手动控制墨车运动带减速停止：沿X轴方向运动 ====》《=== ====: bImmeStop{false},nAxisMask{0x1}
2023-04-01 16:42:34,406 [AppLog] INFO : 手动负向点动指令（8轴运控板卡系统） ====》：输出AXIS{第4轴},点动量{0.5MM},运动速度{0.5MM/s}
2023-04-01 16:42:43,236 [AppLog] INFO : 手动控制墨车运动开启，沿X轴右侧方向运动 ====》：nAxis{0},Dir{true},nPlsSpeed{50000},nPlsCount{750000},cControlFlag{2}
2023-04-01 16:42:43,314 [AppLog] INFO : 手动控制墨车运动带减速停止：沿X轴方向运动 ====》《=== ====: bImmeStop{false},nAxisMask{0x1}
2023-04-01 16:43:30,988 [AppLog] INFO : 手动控制墨车运动开启：沿X轴左侧方向运动 《====：nAxis{{0}},Dir{{false}},nPlsSpeed{{{nSpeed}}},nPlsCount{{750000}},cControlFlag{{{nCtlValue}}}
2023-04-01 16:43:31,705 [AppLog] INFO : 手动控制墨车运动带减速停止：沿X轴方向运动 ====》《=== ====: bImmeStop{false},nAxisMask{0x1}
2023-04-01 16:43:31,971 [AppLog] INFO : 手动控制墨车运动开启：沿X轴左侧方向运动 《====：nAxis{{0}},Dir{{false}},nPlsSpeed{{{nSpeed}}},nPlsCount{{750000}},cControlFlag{{{nCtlValue}}}
2023-04-01 16:43:32,423 [AppLog] INFO : 手动控制墨车运动带减速停止：沿X轴方向运动 ====》《=== ====: bImmeStop{false},nAxisMask{0x1}
2023-04-01 16:43:32,813 [AppLog] INFO : 手动控制墨车运动开启：沿X轴左侧方向运动 《====：nAxis{{0}},Dir{{false}},nPlsSpeed{{{nSpeed}}},nPlsCount{{750000}},cControlFlag{{{nCtlValue}}}
2023-04-01 16:43:32,969 [AppLog] INFO : 手动控制墨车运动带减速停止：沿X轴方向运动 ====》《=== ====: bImmeStop{false},nAxisMask{0x1}
2023-04-01 16:43:33,421 [AppLog] INFO : 手动控制墨车运动开启：沿X轴左侧方向运动 《====：nAxis{{0}},Dir{{false}},nPlsSpeed{{{nSpeed}}},nPlsCount{{750000}},cControlFlag{{{nCtlValue}}}
2023-04-01 16:43:33,515 [AppLog] INFO : 手动控制墨车运动带减速停止：沿X轴方向运动 ====》《=== ====: bImmeStop{false},nAxisMask{0x1}
2023-04-01 16:43:33,827 [AppLog] INFO : 手动控制墨车运动开启：沿X轴左侧方向运动 《====：nAxis{{0}},Dir{{false}},nPlsSpeed{{{nSpeed}}},nPlsCount{{750000}},cControlFlag{{{nCtlValue}}}
2023-04-01 16:43:34,092 [AppLog] INFO : 手动控制墨车运动带减速停止：沿X轴方向运动 ====》《=== ====: bImmeStop{false},nAxisMask{0x1}
2023-04-01 16:43:37,431 [AppLog] INFO : 开启刮墨轴回零校准：SpreaderHomeBtn_Click
2023-04-01 16:43:38,928 [AppLog] INFO : 刮墨轴回零成功：SpreaderHomeBtn_Click：{AXIS{4},Vel{1圈/s},开槽位置{-107°}}
2023-04-01 16:43:43,187 [AppLog] INFO : 手动停止自动清洗过程：AutoCleanBtn_Click
2023-04-01 16:43:43,749 [AppLog] INFO : 手动开启自动清洗过程：AutoCleanBtn_Click
2023-04-01 16:43:43,749 [AppLog] INFO : 进入自动清洗过程：AutoCleanThread
2023-04-01 16:43:44,716 [AppLog] INFO : 刮墨轴回零成功：motionMap.SetBackSpreaderAxis(4, 1, 2, -SinkPosition)
2023-04-01 16:43:44,716 [AppLog] INFO : 准备读取编码器位置：Y方向！
2023-04-01 16:43:44,716 [AppLog] INFO : 准备运动，编码器当前位置：DEM_GetAxisEncodeVal：MoveDirectionFlag{false为Y方向：True}CurrentPos{120.95}AimPos{121}
2023-04-01 16:43:44,747 [AppLog] INFO : Y方向运动开始：DEM_Run：返回值{True}nAxis{1}DirFlag{True}nSpeed{50000}MoveStep{49.9999999999972}nCtlValue{0}
2023-04-01 16:43:44,747 [AppLog] INFO : Y方向到位停止：DEM_StopAxisRun：返回值{True}CurrentPos{120.95}bImmeStop{False}nAxisMask{2}
2023-04-01 16:43:44,747 [AppLog] INFO : 准备读取编码器位置：X方向！
2023-04-01 16:43:44,747 [AppLog] INFO : 准备运动，当前位置：DEV_GetPrintEncoderValue：MoveDirectionFlag{false为Y方向：False}CurrentPos{667.81}AimPos{780}
2023-04-01 16:43:44,778 [AppLog] INFO : X方向运动开始：DEM_Run：返回值{True}nAxis{0}DirFlag{True}nSpeed{50000}MoveStep{112190}nCtlValue{2}
2023-04-01 16:43:47,071 [AppLog] INFO : X方向到位停止：DEM_StopAxisRun：返回值{True}CurrentPos{775.68}bImmeStop{False}nAxisMask{1}
2023-04-01 16:43:47,898 [AppLog] INFO : 开启压墨： motionMap.SetDo(13, true)
2023-04-01 16:43:48,912 [AppLog] INFO : 关闭压墨： motionMap.SetDo(13, true)
2023-04-01 16:43:48,912 [AppLog] INFO : 准备读取编码器位置：X方向！
2023-04-01 16:43:48,912 [AppLog] INFO : 准备运动，当前位置：DEV_GetPrintEncoderValue：MoveDirectionFlag{false为Y方向：False}CurrentPos{779.195}AimPos{700}
2023-04-01 16:43:48,943 [AppLog] INFO : X方向运动开始：DEM_Run：返回值{True}nAxis{0}DirFlag{False}nSpeed{10000}MoveStep{-79195}nCtlValue{2}
2023-04-01 16:43:56,572 [AppLog] INFO : X方向到位停止：DEM_StopAxisRun：返回值{True}CurrentPos{701.75}bImmeStop{False}nAxisMask{1}
2023-04-01 16:43:57,399 [AppLog] INFO : 结束自动清洗过程：AutoCleanThread
2023-04-01 16:44:38,083 [AppLog] INFO : 手动停止自动清洗过程：AutoCleanBtn_Click
2023-04-01 16:44:38,692 [AppLog] INFO : 手动开启自动清洗过程：AutoCleanBtn_Click
2023-04-01 16:44:38,692 [AppLog] INFO : 进入自动清洗过程：AutoCleanThread
2023-04-01 16:44:39,659 [AppLog] INFO : 刮墨轴回零成功：motionMap.SetBackSpreaderAxis(4, 1, 2, -SinkPosition)
2023-04-01 16:44:39,659 [AppLog] INFO : 准备读取编码器位置：Y方向！
2023-04-01 16:44:39,659 [AppLog] INFO : 准备运动，编码器当前位置：DEM_GetAxisEncodeVal：MoveDirectionFlag{false为Y方向：True}CurrentPos{120.985}AimPos{121}
2023-04-01 16:44:39,690 [AppLog] INFO : Y方向运动开始：DEM_Run：返回值{True}nAxis{1}DirFlag{True}nSpeed{50000}MoveStep{15.0000000000006}nCtlValue{0}
2023-04-01 16:44:39,690 [AppLog] INFO : Y方向到位停止：DEM_StopAxisRun：返回值{True}CurrentPos{120.985}bImmeStop{False}nAxisMask{2}
2023-04-01 16:44:39,690 [AppLog] INFO : 准备读取编码器位置：X方向！
2023-04-01 16:44:39,690 [AppLog] INFO : 准备运动，当前位置：DEV_GetPrintEncoderValue：MoveDirectionFlag{false为Y方向：False}CurrentPos{700.925}AimPos{780}
2023-04-01 16:44:39,737 [AppLog] INFO : X方向运动开始：DEM_Run：返回值{True}nAxis{0}DirFlag{True}nSpeed{50000}MoveStep{79074.9999999999}nCtlValue{2}
2023-04-01 16:44:41,375 [AppLog] INFO : X方向到位停止：DEM_StopAxisRun：返回值{True}CurrentPos{775.65}bImmeStop{False}nAxisMask{1}
2023-04-01 16:44:42,202 [AppLog] INFO : 开启压墨： motionMap.SetDo(13, true)
2023-04-01 16:44:43,216 [AppLog] INFO : 关闭压墨： motionMap.SetDo(13, true)
2023-04-01 16:44:43,216 [AppLog] INFO : 准备读取编码器位置：X方向！
2023-04-01 16:44:43,216 [AppLog] INFO : 准备运动，当前位置：DEV_GetPrintEncoderValue：MoveDirectionFlag{false为Y方向：False}CurrentPos{779.035}AimPos{700}
2023-04-01 16:44:43,247 [AppLog] INFO : X方向运动开始：DEM_Run：返回值{True}nAxis{0}DirFlag{False}nSpeed{150000}MoveStep{-79035}nCtlValue{2}
2023-04-01 16:44:44,043 [AppLog] INFO : X方向到位停止：DEM_StopAxisRun：返回值{True}CurrentPos{704.365}bImmeStop{False}nAxisMask{1}
2023-04-01 16:44:44,869 [AppLog] INFO : 结束自动清洗过程：AutoCleanThread
2023-04-01 16:44:46,991 [AppLog] INFO : 手动停止自动清洗过程：AutoCleanBtn_Click
2023-04-01 16:44:50,158 [AppLog] INFO : 手动开启自动清洗过程：AutoCleanBtn_Click
2023-04-01 16:44:50,158 [AppLog] INFO : 进入自动清洗过程：AutoCleanThread
2023-04-01 16:44:50,673 [AppLog] INFO : 手动停止自动清洗过程：AutoCleanBtn_Click
2023-04-01 16:44:51,718 [AppLog] INFO : 手动开启自动清洗过程：AutoCleanBtn_Click
2023-04-01 16:44:51,718 [AppLog] INFO : 进入自动清洗过程：AutoCleanThread
2023-04-01 16:44:52,685 [AppLog] INFO : 刮墨轴回零成功：motionMap.SetBackSpreaderAxis(4, 1, 2, -SinkPosition)
2023-04-01 16:44:52,685 [AppLog] INFO : 准备读取编码器位置：Y方向！
2023-04-01 16:44:52,685 [AppLog] INFO : 准备运动，编码器当前位置：DEM_GetAxisEncodeVal：MoveDirectionFlag{false为Y方向：True}CurrentPos{121.01}AimPos{121}
2023-04-01 16:44:52,716 [AppLog] INFO : Y方向运动开始：DEM_Run：返回值{True}nAxis{1}DirFlag{False}nSpeed{50000}MoveStep{-10.0000000000051}nCtlValue{0}
2023-04-01 16:44:52,732 [AppLog] INFO : Y方向到位停止：DEM_StopAxisRun：返回值{True}CurrentPos{121.01}bImmeStop{False}nAxisMask{2}
2023-04-01 16:44:52,732 [AppLog] INFO : 准备读取编码器位置：X方向！
2023-04-01 16:44:52,732 [AppLog] INFO : 准备运动，当前位置：DEV_GetPrintEncoderValue：MoveDirectionFlag{false为Y方向：False}CurrentPos{700.745}AimPos{780}
2023-04-01 16:44:52,763 [AppLog] INFO : X方向运动开始：DEM_Run：返回值{True}nAxis{0}DirFlag{True}nSpeed{50000}MoveStep{79255}nCtlValue{2}
2023-04-01 16:44:54,401 [AppLog] INFO : X方向到位停止：DEM_StopAxisRun：返回值{True}CurrentPos{775.615}bImmeStop{False}nAxisMask{1}
2023-04-01 16:44:55,228 [AppLog] INFO : 开启压墨： motionMap.SetDo(13, true)
2023-04-01 16:44:56,242 [AppLog] INFO : 关闭压墨： motionMap.SetDo(13, true)
2023-04-01 16:44:56,242 [AppLog] INFO : 准备读取编码器位置：X方向！
2023-04-01 16:44:56,257 [AppLog] INFO : 准备运动，当前位置：DEV_GetPrintEncoderValue：MoveDirectionFlag{false为Y方向：False}CurrentPos{779.26}AimPos{700}
2023-04-01 16:44:56,289 [AppLog] INFO : X方向运动开始：DEM_Run：返回值{True}nAxis{0}DirFlag{False}nSpeed{150000}MoveStep{-79260}nCtlValue{2}
2023-04-01 16:44:57,100 [AppLog] INFO : X方向到位停止：DEM_StopAxisRun：返回值{True}CurrentPos{704.19}bImmeStop{False}nAxisMask{1}
2023-04-01 16:44:57,864 [AppLog] INFO : 结束自动清洗过程：AutoCleanThread
2023-04-01 16:45:07,037 [AppLog] INFO : 手动停止自动清洗过程：AutoCleanBtn_Click
2023-04-01 16:45:07,474 [AppLog] INFO : 手动开启自动清洗过程：AutoCleanBtn_Click
2023-04-01 16:45:07,474 [AppLog] INFO : 进入自动清洗过程：AutoCleanThread
2023-04-01 16:45:08,441 [AppLog] INFO : 刮墨轴回零成功：motionMap.SetBackSpreaderAxis(4, 1, 2, -SinkPosition)
2023-04-01 16:45:08,441 [AppLog] INFO : 准备读取编码器位置：Y方向！
2023-04-01 16:45:08,441 [AppLog] INFO : 准备运动，编码器当前位置：DEM_GetAxisEncodeVal：MoveDirectionFlag{false为Y方向：True}CurrentPos{121.01}AimPos{121}
2023-04-01 16:45:08,472 [AppLog] INFO : Y方向运动开始：DEM_Run：返回值{True}nAxis{1}DirFlag{False}nSpeed{50000}MoveStep{-10.0000000000051}nCtlValue{0}
2023-04-01 16:45:08,472 [AppLog] INFO : Y方向到位停止：DEM_StopAxisRun：返回值{True}CurrentPos{121.01}bImmeStop{False}nAxisMask{2}
2023-04-01 16:45:08,472 [AppLog] INFO : 准备读取编码器位置：X方向！
2023-04-01 16:45:08,472 [AppLog] INFO : 准备运动，当前位置：DEV_GetPrintEncoderValue：MoveDirectionFlag{false为Y方向：False}CurrentPos{700.76}AimPos{780}
2023-04-01 16:45:08,503 [AppLog] INFO : X方向运动开始：DEM_Run：返回值{True}nAxis{0}DirFlag{True}nSpeed{50000}MoveStep{79240}nCtlValue{2}
2023-04-01 16:45:10,157 [AppLog] INFO : X方向到位停止：DEM_StopAxisRun：返回值{True}CurrentPos{775.88}bImmeStop{False}nAxisMask{1}
2023-04-01 16:45:10,984 [AppLog] INFO : 开启压墨： motionMap.SetDo(13, true)
2023-04-01 16:45:11,998 [AppLog] INFO : 关闭压墨： motionMap.SetDo(13, true)
2023-04-01 16:45:11,998 [AppLog] INFO : 准备读取编码器位置：X方向！
2023-04-01 16:45:11,998 [AppLog] INFO : 准备运动，当前位置：DEV_GetPrintEncoderValue：MoveDirectionFlag{false为Y方向：False}CurrentPos{779.23}AimPos{700}
2023-04-01 16:45:12,029 [AppLog] INFO : X方向运动开始：DEM_Run：返回值{True}nAxis{0}DirFlag{False}nSpeed{150000}MoveStep{-79230}nCtlValue{2}
2023-04-01 16:45:12,825 [AppLog] INFO : X方向到位停止：DEM_StopAxisRun：返回值{True}CurrentPos{705.04}bImmeStop{False}nAxisMask{1}
2023-04-01 16:45:13,651 [AppLog] INFO : 结束自动清洗过程：AutoCleanThread
2023-04-01 16:45:15,180 [AppLog] INFO : 手动停止自动清洗过程：AutoCleanBtn_Click
2023-04-01 16:45:22,653 [AppLog] INFO : 手动开启自动清洗过程：AutoCleanBtn_Click
2023-04-01 16:45:22,653 [AppLog] INFO : 进入自动清洗过程：AutoCleanThread
2023-04-01 16:45:23,417 [AppLog] INFO : 手动停止自动清洗过程：AutoCleanBtn_Click
2023-04-01 16:45:24,743 [AppLog] INFO : 手动开启自动清洗过程：AutoCleanBtn_Click
2023-04-01 16:45:24,743 [AppLog] INFO : 进入自动清洗过程：AutoCleanThread
2023-04-01 16:45:25,710 [AppLog] INFO : 刮墨轴回零成功：motionMap.SetBackSpreaderAxis(4, 1, 2, -SinkPosition)
2023-04-01 16:45:25,710 [AppLog] INFO : 准备读取编码器位置：Y方向！
2023-04-01 16:45:25,710 [AppLog] INFO : 准备运动，编码器当前位置：DEM_GetAxisEncodeVal：MoveDirectionFlag{false为Y方向：True}CurrentPos{121.005}AimPos{121}
2023-04-01 16:45:25,742 [AppLog] INFO : Y方向运动开始：DEM_Run：返回值{True}nAxis{1}DirFlag{False}nSpeed{50000}MoveStep{-4.99999999999545}nCtlValue{0}
2023-04-01 16:45:25,742 [AppLog] INFO : Y方向到位停止：DEM_StopAxisRun：返回值{True}CurrentPos{121.005}bImmeStop{False}nAxisMask{2}
2023-04-01 16:45:25,742 [AppLog] INFO : 准备读取编码器位置：X方向！
2023-04-01 16:45:25,742 [AppLog] INFO : 准备运动，当前位置：DEV_GetPrintEncoderValue：MoveDirectionFlag{false为Y方向：False}CurrentPos{700.76}AimPos{780}
2023-04-01 16:45:25,773 [AppLog] INFO : X方向运动开始：DEM_Run：返回值{True}nAxis{0}DirFlag{True}nSpeed{50000}MoveStep{79240}nCtlValue{2}
2023-04-01 16:45:27,442 [AppLog] INFO : X方向到位停止：DEM_StopAxisRun：返回值{True}CurrentPos{776.55}bImmeStop{False}nAxisMask{1}
2023-04-01 16:45:28,269 [AppLog] INFO : 开启压墨： motionMap.SetDo(13, true)
2023-04-01 16:45:29,283 [AppLog] INFO : 关闭压墨： motionMap.SetDo(13, true)
2023-04-01 16:45:29,283 [AppLog] INFO : 准备读取编码器位置：X方向！
2023-04-01 16:45:29,283 [AppLog] INFO : 准备运动，当前位置：DEV_GetPrintEncoderValue：MoveDirectionFlag{false为Y方向：False}CurrentPos{779.245}AimPos{700}
2023-04-01 16:45:29,314 [AppLog] INFO : X方向运动开始：DEM_Run：返回值{True}nAxis{0}DirFlag{False}nSpeed{100000}MoveStep{-79245}nCtlValue{2}
2023-04-01 16:45:30,266 [AppLog] INFO : X方向到位停止：DEM_StopAxisRun：返回值{True}CurrentPos{705.695}bImmeStop{False}nAxisMask{1}
2023-04-01 16:45:31,092 [AppLog] INFO : 结束自动清洗过程：AutoCleanThread
2023-04-01 16:45:33,120 [AppLog] INFO : 手动停止自动清洗过程：AutoCleanBtn_Click
2023-04-01 16:45:33,698 [AppLog] INFO : 手动开启自动清洗过程：AutoCleanBtn_Click
2023-04-01 16:45:33,713 [AppLog] INFO : 进入自动清洗过程：AutoCleanThread
2023-04-01 16:45:34,680 [AppLog] INFO : 刮墨轴回零成功：motionMap.SetBackSpreaderAxis(4, 1, 2, -SinkPosition)
2023-04-01 16:45:34,680 [AppLog] INFO : 准备读取编码器位置：Y方向！
2023-04-01 16:45:34,680 [AppLog] INFO : 准备运动，编码器当前位置：DEM_GetAxisEncodeVal：MoveDirectionFlag{false为Y方向：True}CurrentPos{121.005}AimPos{121}
2023-04-01 16:45:34,712 [AppLog] INFO : Y方向运动开始：DEM_Run：返回值{True}nAxis{1}DirFlag{False}nSpeed{50000}MoveStep{-4.99999999999545}nCtlValue{0}
2023-04-01 16:45:34,712 [AppLog] INFO : Y方向到位停止：DEM_StopAxisRun：返回值{True}CurrentPos{121.005}bImmeStop{False}nAxisMask{2}
2023-04-01 16:45:34,712 [AppLog] INFO : 准备读取编码器位置：X方向！
2023-04-01 16:45:34,712 [AppLog] INFO : 准备运动，当前位置：DEV_GetPrintEncoderValue：MoveDirectionFlag{false为Y方向：False}CurrentPos{700.74}AimPos{780}
2023-04-01 16:45:34,743 [AppLog] INFO : X方向运动开始：DEM_Run：返回值{True}nAxis{0}DirFlag{True}nSpeed{50000}MoveStep{79260}nCtlValue{2}
2023-04-01 16:45:36,381 [AppLog] INFO : X方向到位停止：DEM_StopAxisRun：返回值{True}CurrentPos{775.05}bImmeStop{False}nAxisMask{1}
2023-04-01 16:45:37,208 [AppLog] INFO : 开启压墨： motionMap.SetDo(13, true)
2023-04-01 16:45:38,222 [AppLog] INFO : 关闭压墨： motionMap.SetDo(13, true)
2023-04-01 16:45:38,222 [AppLog] INFO : 准备读取编码器位置：X方向！
2023-04-01 16:45:38,222 [AppLog] INFO : 准备运动，当前位置：DEV_GetPrintEncoderValue：MoveDirectionFlag{false为Y方向：False}CurrentPos{779.265}AimPos{700}
2023-04-01 16:45:38,253 [AppLog] INFO : X方向运动开始：DEM_Run：返回值{True}nAxis{0}DirFlag{False}nSpeed{100000}MoveStep{-79265}nCtlValue{2}
2023-04-01 16:45:39,220 [AppLog] INFO : X方向到位停止：DEM_StopAxisRun：返回值{True}CurrentPos{705.17}bImmeStop{False}nAxisMask{1}
2023-04-01 16:45:40,047 [AppLog] INFO : 结束自动清洗过程：AutoCleanThread
2023-04-01 16:45:41,966 [AppLog] INFO : 退出手动调试子模块,已执行修改
==========================================================================
2023-04-01 16:54:57,763 [AppLog] INFO : 开启系统：板卡通讯，伺服供电，照明系统，UV/HR固化系统！
2023-04-01 16:54:59,043 [AppLog] INFO : 关闭系统：一键关闭系统开始！
2023-04-01 16:55:05,267 [AppLog] INFO : 关闭系统：一键关闭系统结束！
2023-04-01 16:55:05,267 [AppLog] INFO : 喷墨控制器的所有轴输出关闭！
2023-04-01 16:55:05,579 [AppLog] INFO : 喷墨控制器关闭！
2023-04-01 16:55:05,579 [AppLog] INFO : 进入电气控制模块
2023-04-01 16:55:07,248 [AppLog] INFO : 电气控制模块：手动关闭端口14
2023-04-01 16:55:07,872 [AppLog] INFO : 电气控制模块：手动关闭端口15
2023-04-01 16:55:08,449 [AppLog] INFO : 退出电气控制模块
2023-04-01 16:55:10,103 [AppLog] INFO : 软件及设备关停中：墨车所有方向运动确认停止（X,Y,Y2)： bImmeStop{False},nAxisMask{0x7}
2023-04-01 16:55:10,103 [AppLog] INFO : 软件及设备关停中：喷墨控制器板卡系统关闭（X,Y,Y2)：DEV_CloseDevice
2023-04-01 16:55:10,774 [AppLog] INFO : 软件及设备关停成功
==========================================================================
操作系统:{Microsoft Windows 7 旗舰版 }
运行环境:{ .Net Framework Enviroment Version 4.0.30319.42000}
盘符：D
CPU使用率：{33.92833%} ，可用内存大小:{14215MB}，硬盘剩余空间：
  盘符 C:\ 的剩余空间：70 GB
  盘符 D:\ 的剩余空间：88 GB
  盘符 F:\ 的剩余空间：3 GB
==========================================================================
