2023-07-15 14:00:37,580 [AppLog] INFO : 退出手动调试子模块，未执行修改
==========================================================================
2023-07-15 14:00:41,558 [AppLog] INFO : 进入手动调试子模块！
2023-07-15 14:00:41,558 [AppLog] INFO : 进入：ManulBtn_Click=》准备创建对象-手动操作！
2023-07-15 14:00:41,589 [AppLog] INFO : 创建：ManualControl=》创建完成-手动操作！
2023-07-15 14:00:41,589 [AppLog] INFO : 加载成功：温控Modbus接口！
2023-07-15 14:00:53,195 [AppLog] INFO : 开启手动压墨上墨：PushInkBtn_Click
2023-07-15 14:00:53,195 [AppLog] INFO : 开启手动压墨上墨：PushInkBtn_Click
2023-07-15 14:00:54,506 [AppLog] INFO : 关闭手动压墨上墨：PushInkBtn_Click
2023-07-15 14:00:54,506 [AppLog] INFO : 开启手动压墨上墨：PushInkBtn_Click
2023-07-15 14:00:54,506 [AppLog] INFO : 开启手动压墨上墨：PushInkBtn_Click
2023-07-15 14:00:55,816 [AppLog] INFO : 关闭手动压墨上墨：PushInkBtn_Click
2023-07-15 14:01:06,268 [AppLog] INFO : 开启手动压墨上墨：PushInkBtn_Click
2023-07-15 14:01:06,268 [AppLog] INFO : 开启手动压墨上墨：PushInkBtn_Click
2023-07-15 14:01:07,578 [AppLog] INFO : 关闭手动压墨上墨：PushInkBtn_Click
2023-07-15 14:01:16,860 [AppLog] INFO : 开启手动压墨上墨：PushInkBtn_Click
2023-07-15 14:01:16,860 [AppLog] INFO : 开启手动压墨上墨：PushInkBtn_Click
2023-07-15 14:01:18,171 [AppLog] INFO : 关闭手动压墨上墨：PushInkBtn_Click
2023-07-15 14:01:30,198 [AppLog] INFO : 开启手动压墨上墨：PushInkBtn_Click
2023-07-15 14:01:30,198 [AppLog] INFO : 开启手动压墨上墨：PushInkBtn_Click
2023-07-15 14:01:31,509 [AppLog] INFO : 关闭手动压墨上墨：PushInkBtn_Click
2023-07-15 14:02:40,633 [AppLog] INFO : 开启手动压墨上墨：PushInkBtn_Click
2023-07-15 14:02:40,633 [AppLog] INFO : 开启手动压墨上墨：PushInkBtn_Click
2023-07-15 14:02:41,943 [AppLog] INFO : 关闭手动压墨上墨：PushInkBtn_Click
2023-07-15 14:02:51,163 [AppLog] INFO : 开启手动压墨上墨：PushInkBtn_Click
2023-07-15 14:02:51,163 [AppLog] INFO : 开启手动压墨上墨：PushInkBtn_Click
2023-07-15 14:02:52,473 [AppLog] INFO : 关闭手动压墨上墨：PushInkBtn_Click
2023-07-15 14:03:05,203 [AppLog] INFO : 开启手动压墨上墨：PushInkBtn_Click
2023-07-15 14:03:05,203 [AppLog] INFO : 开启手动压墨上墨：PushInkBtn_Click
2023-07-15 14:03:06,513 [AppLog] INFO : 关闭手动压墨上墨：PushInkBtn_Click
2023-07-15 14:03:18,447 [AppLog] INFO : 开启手动压墨上墨：PushInkBtn_Click
2023-07-15 14:03:18,447 [AppLog] INFO : 开启手动压墨上墨：PushInkBtn_Click
2023-07-15 14:03:19,757 [AppLog] INFO : 关闭手动压墨上墨：PushInkBtn_Click
2023-07-15 14:03:25,982 [AppLog] INFO : 开启手动压墨上墨：PushInkBtn_Click
2023-07-15 14:03:25,982 [AppLog] INFO : 开启手动压墨上墨：PushInkBtn_Click
2023-07-15 14:03:27,292 [AppLog] INFO : 关闭手动压墨上墨：PushInkBtn_Click
2023-07-15 14:03:31,910 [AppLog] INFO : 开启手动压墨上墨：PushInkBtn_Click
2023-07-15 14:03:31,910 [AppLog] INFO : 开启手动压墨上墨：PushInkBtn_Click
2023-07-15 14:03:33,220 [AppLog] INFO : 关闭手动压墨上墨：PushInkBtn_Click
2023-07-15 14:03:37,713 [AppLog] INFO : 开启手动压墨上墨：PushInkBtn_Click
2023-07-15 14:03:37,713 [AppLog] INFO : 开启手动压墨上墨：PushInkBtn_Click
2023-07-15 14:03:39,023 [AppLog] INFO : 关闭手动压墨上墨：PushInkBtn_Click
2023-07-15 14:14:41,697 [AppLog] INFO : 开启手动压墨上墨：PushInkBtn_Click
2023-07-15 14:14:41,697 [AppLog] INFO : 开启手动压墨上墨：PushInkBtn_Click
2023-07-15 14:14:43,007 [AppLog] INFO : 关闭手动压墨上墨：PushInkBtn_Click
2023-07-15 14:15:10,760 [AppLog] INFO : 开启手动压墨上墨：PushInkBtn_Click
2023-07-15 14:15:10,760 [AppLog] INFO : 开启手动压墨上墨：PushInkBtn_Click
2023-07-15 14:15:12,070 [AppLog] INFO : 关闭手动压墨上墨：PushInkBtn_Click
2023-07-15 14:15:48,153 [AppLog] INFO : 开启手动压墨上墨：PushInkBtn_Click
2023-07-15 14:15:48,153 [AppLog] INFO : 开启手动压墨上墨：PushInkBtn_Click
2023-07-15 14:15:49,464 [AppLog] INFO : 关闭手动压墨上墨：PushInkBtn_Click
2023-07-15 14:15:57,030 [AppLog] INFO : 开启手动压墨上墨：PushInkBtn_Click
2023-07-15 14:15:57,030 [AppLog] INFO : 开启手动压墨上墨：PushInkBtn_Click
2023-07-15 14:15:58,340 [AppLog] INFO : 关闭手动压墨上墨：PushInkBtn_Click
2023-07-15 14:16:24,361 [AppLog] INFO : 开启手动压墨上墨：PushInkBtn_Click
2023-07-15 14:16:24,361 [AppLog] INFO : 开启手动压墨上墨：PushInkBtn_Click
2023-07-15 14:16:25,671 [AppLog] INFO : 关闭手动压墨上墨：PushInkBtn_Click
2023-07-15 14:16:49,368 [AppLog] INFO : 开启手动压墨上墨：PushInkBtn_Click
2023-07-15 14:16:49,368 [AppLog] INFO : 开启手动压墨上墨：PushInkBtn_Click
2023-07-15 14:16:50,678 [AppLog] INFO : 关闭手动压墨上墨：PushInkBtn_Click
2023-07-15 14:17:01,426 [AppLog] INFO : 开启手动压墨上墨：PushInkBtn_Click
2023-07-15 14:17:01,426 [AppLog] INFO : 开启手动压墨上墨：PushInkBtn_Click
2023-07-15 14:17:02,737 [AppLog] INFO : 关闭手动压墨上墨：PushInkBtn_Click
2023-07-15 14:17:38,258 [AppLog] INFO : 进入气压控制卡参数监控状态时
2023-07-15 14:17:42,377 [AppLog] INFO : 更新气压控制卡参数：DEV_AdibControl:二级墨盒加热电压：{12V}；MCU_SetPhVoltage:二级墨盒加热温度：{25℃}MCU_SetPhVoltage:负压目标值：{System.Single[]kPa}MCU_SetPhVoltage:负压阈值：{0.1kPa}
2023-07-15 14:17:44,696 [AppLog] INFO : 进入气压控制卡参数设置状态时
2023-07-15 14:17:55,999 [AppLog] INFO : 开启手动压墨上墨：PushInkBtn_Click
2023-07-15 14:17:55,999 [AppLog] INFO : 开启手动压墨上墨：PushInkBtn_Click
2023-07-15 14:17:57,299 [AppLog] INFO : 关闭手动压墨上墨：PushInkBtn_Click
2023-07-15 14:18:32,331 [AppLog] INFO : 退出手动调试子模块,已执行修改
==========================================================================
2023-07-15 14:18:33,456 [AppLog] INFO : 进入手动调试子模块！
2023-07-15 14:18:33,456 [AppLog] INFO : 进入：ManulBtn_Click=》准备创建对象-手动操作！
2023-07-15 14:18:33,490 [AppLog] INFO : 创建：ManualControl=》创建完成-手动操作！
2023-07-15 14:18:33,490 [AppLog] INFO : 加载成功：温控Modbus接口！
2023-07-15 14:18:38,106 [AppLog] INFO : 退出手动调试子模块,已执行修改
==========================================================================
2023-07-15 14:18:39,194 [AppLog] INFO : 进入手动调试子模块！
2023-07-15 14:18:39,194 [AppLog] INFO : 进入：ManulBtn_Click=》准备创建对象-手动操作！
2023-07-15 14:18:39,224 [AppLog] INFO : 创建：ManualControl=》创建完成-手动操作！
2023-07-15 14:18:39,225 [AppLog] INFO : 加载成功：温控Modbus接口！
2023-07-15 14:18:42,489 [AppLog] INFO : 退出手动调试子模块,已执行修改
==========================================================================
2023-07-15 14:18:43,662 [AppLog] INFO : 进入手动调试子模块！
2023-07-15 14:18:43,662 [AppLog] INFO : 进入：ManulBtn_Click=》准备创建对象-手动操作！
2023-07-15 14:18:43,692 [AppLog] INFO : 创建：ManualControl=》创建完成-手动操作！
2023-07-15 14:18:43,693 [AppLog] INFO : 加载成功：温控Modbus接口！
2023-07-15 14:19:25,376 [AppLog] INFO : 退出手动调试子模块,已执行修改
==========================================================================
2023-07-15 14:19:27,310 [AppLog] INFO : 开启系统：板卡通讯，伺服供电，照明系统，UV/HR固化系统！
2023-07-15 14:19:28,230 [AppLog] INFO : 关闭系统：一键关闭系统开始！
2023-07-15 14:19:34,439 [AppLog] INFO : 关闭系统：一键关闭系统结束！
2023-07-15 14:19:34,439 [AppLog] INFO : 喷墨控制器的所有轴输出关闭！
2023-07-15 14:19:37,294 [AppLog] INFO : 喷墨控制器关闭！
2023-07-15 14:19:37,294 [AppLog] INFO : 创建：AutoPrintMotion0=》不需重新创建-手动操作！
2023-07-15 14:19:37,294 [AppLog] INFO : 进入电气控制模块
2023-07-15 14:19:38,838 [AppLog] INFO : 退出电气控制模块
2023-07-15 14:19:39,930 [AppLog] INFO : 进入手动调试子模块！
2023-07-15 14:19:39,930 [AppLog] INFO : 进入：ManulBtn_Click=》准备创建对象-手动操作！
2023-07-15 14:19:39,962 [AppLog] INFO : 创建：ManualControl=》创建完成-手动操作！
2023-07-15 14:19:39,962 [AppLog] INFO : 加载成功：温控Modbus接口！
2023-07-15 14:19:46,685 [AppLog] INFO : 退出手动调试子模块,已执行修改
==========================================================================
2023-07-15 14:19:56,030 [AppLog] INFO : 软件及设备关停中：墨车所有方向运动确认停止（X,Y,Y2)： bImmeStop{False},nAxisMask{0x7}
2023-07-15 14:19:56,030 [AppLog] INFO : 软件及设备关停中：喷墨控制器板卡系统关闭（X,Y,Y2)：DEV_CloseDevice
2023-07-15 14:19:56,700 [AppLog] INFO : 软件及设备关停成功
==========================================================================
操作系统:{Microsoft Windows 7 旗舰版 }
运行环境:{ .Net Framework Enviroment Version 4.0.30319.42000}
盘符：D
CPU使用率：{58.92846%} ，可用内存大小:{14179MB}，硬盘剩余空间：
  盘符 C:\ 的剩余空间：70 GB
  盘符 D:\ 的剩余空间：81 GB
  盘符 E:\ 的剩余空间：0 GB
==========================================================================
2023-07-15 14:45:28,394 [AppLog] INFO : 软件开机密码正确，登录成功1次
==========================================================================
操作系统:{Microsoft Windows 7 旗舰版 }
运行环境:{ .Net Framework Enviroment Version 4.0.30319.42000}
盘符：D
CPU使用率：{0.5932996%} ，可用内存大小:{14338MB}，硬盘剩余空间：
  盘符 C:\ 的剩余空间：70 GB
  盘符 D:\ 的剩余空间：81 GB
硬件配置情况：
  CPU 厂家: GenuineIntel CPU 型号: Intel(R) Core(TM) i7-4770 CPU @ 3.40GHz
  内存条厂家: Kingston 内存条型号: 99P5471-043.A00LF 
  内存条厂家: Kingston 内存条型号: 99P5471-043.A00LF 
  硬盘厂家: (标准磁盘驱动器) 硬盘型号: Micron_1300_MTFDDAK256TDL ATA Device
==========================================================================
2023-07-15 14:45:28,409 [AppLog] INFO : 开启系统：板卡通讯，伺服供电，照明系统，UV/HR固化系统！
2023-07-15 14:45:28,412 [AppLog] INFO : 开启系统：一键启动系统开始！
2023-07-15 14:45:34,450 [AppLog] INFO : 开启系统：一键启动系统结束！
2023-07-15 14:45:34,653 [AppLog] INFO : 创建：AutoPrintMotion0=》初次创建完成-手动操作！
2023-07-15 14:45:34,731 [AppLog] INFO : 初始化喷墨控制器启动！
2023-07-15 14:45:58,506 [AppLog] INFO : 打开喷墨控制器设备成功！
2023-07-15 14:45:58,521 [AppLog] INFO : 输入校准值1次{成功}，打印往返差校准值为：BiDirEncPrtOff{5},分频值{8},打印速度{300mm/s}
2023-07-15 14:45:58,911 [AppLog] INFO : PASS打印前关键状态：DEV_GetDeviceInfo：LPPRINTER_INFO:nXSysEncDPI{5080}nStatus{909129520}nPrintStatus{0}bSuperDevice{1}
LPPRINTER_INFO-LPPrtRunInfo:bJobPrtRuning{False}bLayerPrtIsOver{False}nContReqMemErr{0}nContWDErr{0}nCurPrtDir{0}nDTLayerIndex{0}nDTLayerPassIndex{0}nDTPtrCtlIndex{0}nLayerPassCount{0}nPrintLayerIndex{0}nPrintPassIndex{0}nProcLayerIndex{0}nPrtDataMemAddr{0}nPrtState{0}nReverse{System.Int32[]}nRevPrtCols{0}
LPPRINTER_INFO-LPDRVINFO:nFMVersion{45074}nFpgaVersion{539038216}nPCBVersion{0}nState{0}nNextState{0}nPtvwarnState{0}nCrc32{0}nRevInfo{System.UInt32[]}nSignature{0}
2023-07-15 14:46:00,580 [AppLog] INFO : 初始化喷墨控制器成功！
2023-07-15 14:46:00,580 [AppLog] INFO : 进入：EquipmentMotionLogic3=》准备创建对象-手动操作！
2023-07-15 14:46:00,612 [AppLog] INFO : 进入：EquipmentMotionLogic3=》创建完成-手动操作！
2023-07-15 14:46:00,736 [AppLog] INFO : 红外灯控制器485通讯建立！
2023-07-15 14:46:00,736 [AppLog] INFO : 进入电气控制模块
2023-07-15 14:46:01,626 [AppLog] INFO : 退出电气控制模块
2023-07-15 14:46:02,187 [AppLog] INFO : 进入手动调试子模块！
2023-07-15 14:46:02,187 [AppLog] INFO : 进入：ManulBtn_Click=》准备创建对象-手动操作！
2023-07-15 14:46:02,203 [AppLog] INFO : 创建：ManualControl=》创建完成-手动操作！
2023-07-15 14:46:02,203 [AppLog] INFO : 加载成功：温控Modbus接口！
2023-07-15 14:46:06,664 [AppLog] INFO : 进入气压控制卡参数监控状态时
2023-07-15 14:46:15,822 [AppLog] INFO : 更新气压控制卡参数：DEV_AdibControl:二级墨盒加热电压：{12V}；MCU_SetPhVoltage:二级墨盒加热温度：{25℃}MCU_SetPhVoltage:负压目标值：{System.Single[]kPa}MCU_SetPhVoltage:负压阈值：{0.1kPa}
2023-07-15 14:46:20,626 [AppLog] INFO : 进入气压控制卡参数设置状态时
2023-07-15 14:46:29,425 [AppLog] INFO : 开启手动压墨上墨：PushInkBtn_Click
2023-07-15 14:46:29,971 [AppLog] INFO : 停止手动压墨上墨：PushInkBtn_Click
2023-07-15 14:46:32,514 [AppLog] INFO : 开启手动压墨上墨：PushInkBtn_Click
2023-07-15 14:46:32,888 [AppLog] INFO : 停止手动压墨上墨：PushInkBtn_Click
2023-07-15 14:46:40,766 [AppLog] INFO : 开启自动供墨：DEV_EnableInkAutoSupply：ReturnCode{True},Action{true},ControlBit{255}
2023-07-15 14:46:56,382 [AppLog] INFO : 开启墨车回零校准：PrintCarHomeBtn_Click
2023-07-15 14:46:56,382 [AppLog] INFO : 开启墨车回零校准线程：InkCarEncoderResetThread
2023-07-15 14:47:18,893 [AppLog] INFO : 墨车回零校准线程成功：InkCarEncoderResetThread
2023-07-15 14:47:21,560 [AppLog] INFO : 墨车回零校准线程失败：InkCarEncoderResetThread
2023-07-15 14:47:36,677 [AppLog] INFO : 手动开启自动清洗过程：AutoCleanBtn_Click
2023-07-15 14:47:36,692 [AppLog] INFO : 进入自动清洗过程：AutoCleanThread
2023-07-15 14:47:37,098 [AppLog] INFO : 刮墨轴回零成功：motionMap.SetBackSpreaderAxis(4, 1, 2, -SinkHomePosition)
2023-07-15 14:47:37,098 [AppLog] INFO : 准备读取编码器位置：Y方向！
2023-07-15 14:47:37,098 [AppLog] INFO : 准备运动，编码器当前位置：DEM_GetAxisEncodeVal：MoveDirectionFlag{false为Y方向：True}CurrentPos{51.05}AimPos{116}
2023-07-15 14:47:37,815 [AppLog] INFO : Y方向运动开始：DEM_Run：返回值{True}nAxis{1}DirFlag{True}nSpeed{300000}MoveStep{65072.82045}nCtlValue{1}
2023-07-15 14:47:37,878 [AppLog] INFO : Y方向到位停止：DEM_StopAxisRun：返回值{True}CurrentPos{115.415}bImmeStop{False}nAxisMask{2}
2023-07-15 14:47:37,878 [AppLog] INFO : 准备读取编码器位置：X方向！
2023-07-15 14:47:37,878 [AppLog] INFO : 准备运动，当前位置：DEV_GetPrintEncoderValue：MoveDirectionFlag{false为Y方向：False}CurrentPos{738.525}AimPos{780}
2023-07-15 14:47:37,925 [AppLog] INFO : X方向运动开始：DEM_Run：返回值{True}nAxis{0}DirFlag{True}nSpeed{300000}MoveStep{41475}nCtlValue{2}
2023-07-15 14:47:38,502 [AppLog] INFO : X方向到位停止：DEM_StopAxisRun：返回值{True}CurrentPos{776.75}bImmeStop{False}nAxisMask{1}
2023-07-15 14:47:38,502 [AppLog] INFO : 关闭闪喷： IDP_FlashPrtCtl(false)：ReturnCode{True}
2023-07-15 14:47:39,719 [AppLog] INFO : 开启压墨： motionMap.SetDo(13, true)
2023-07-15 14:47:41,029 [AppLog] INFO : 关闭压墨： motionMap.SetDo(13, false)
2023-07-15 14:47:41,029 [AppLog] INFO : 压墨等待开启：{3S}
2023-07-15 14:47:44,040 [AppLog] INFO : 压墨等待完成：{3S}
2023-07-15 14:47:44,040 [AppLog] INFO : 准备读取编码器位置：X方向！
2023-07-15 14:47:44,040 [AppLog] INFO : 准备运动，当前位置：DEV_GetPrintEncoderValue：MoveDirectionFlag{false为Y方向：False}CurrentPos{779.575}AimPos{680}
2023-07-15 14:47:44,071 [AppLog] INFO : X方向运动开始：DEM_Run：返回值{True}nAxis{0}DirFlag{False}nSpeed{200000}MoveStep{-99575}nCtlValue{2}
2023-07-15 14:47:44,929 [AppLog] INFO : X方向到位停止：DEM_StopAxisRun：返回值{True}CurrentPos{684.345}bImmeStop{False}nAxisMask{1}
2023-07-15 14:47:45,506 [AppLog] INFO : 准备读取编码器位置：X方向！
2023-07-15 14:47:45,506 [AppLog] INFO : 准备运动，当前位置：DEV_GetPrintEncoderValue：MoveDirectionFlag{false为Y方向：False}CurrentPos{680.48}AimPos{758}
2023-07-15 14:47:45,537 [AppLog] INFO : X方向运动开始：DEM_Run：返回值{True}nAxis{0}DirFlag{True}nSpeed{300000}MoveStep{77520}nCtlValue{2}
2023-07-15 14:47:46,286 [AppLog] INFO : X方向到位停止：DEM_StopAxisRun：返回值{True}CurrentPos{753.715}bImmeStop{False}nAxisMask{1}
2023-07-15 14:47:46,286 [AppLog] INFO : 准备读取编码器位置：Y方向！
2023-07-15 14:47:46,286 [AppLog] INFO : 准备运动，编码器当前位置：DEM_GetAxisEncodeVal：MoveDirectionFlag{false为Y方向：True}CurrentPos{116.05}AimPos{317}
2023-07-15 14:47:47,753 [AppLog] INFO : Y方向运动开始：DEM_Run：返回值{True}nAxis{1}DirFlag{True}nSpeed{300000}MoveStep{201329.99645}nCtlValue{1}
2023-07-15 14:47:47,815 [AppLog] INFO : Y方向到位停止：DEM_StopAxisRun：返回值{True}CurrentPos{316.905}bImmeStop{False}nAxisMask{2}
2023-07-15 14:47:47,815 [AppLog] INFO : 结束自动清洗过程：AutoCleanThread
2023-07-15 14:47:49,593 [AppLog] INFO : 手动停止自动清洗过程：AutoCleanBtn_Click
2023-07-15 14:47:49,968 [AppLog] INFO : 手动开启自动清洗过程：AutoCleanBtn_Click
2023-07-15 14:47:49,968 [AppLog] INFO : 进入自动清洗过程：AutoCleanThread
2023-07-15 14:47:50,327 [AppLog] INFO : 刮墨轴回零成功：motionMap.SetBackSpreaderAxis(4, 1, 2, -SinkHomePosition)
2023-07-15 14:47:50,327 [AppLog] INFO : 准备读取编码器位置：Y方向！
2023-07-15 14:47:50,327 [AppLog] INFO : 准备运动，编码器当前位置：DEM_GetAxisEncodeVal：MoveDirectionFlag{false为Y方向：True}CurrentPos{316.94}AimPos{116}
2023-07-15 14:47:51,777 [AppLog] INFO : Y方向运动开始：DEM_Run：返回值{True}nAxis{1}DirFlag{False}nSpeed{300000}MoveStep{-201319.97754}nCtlValue{1}
2023-07-15 14:47:51,840 [AppLog] INFO : Y方向到位停止：DEM_StopAxisRun：返回值{True}CurrentPos{116.205}bImmeStop{False}nAxisMask{2}
2023-07-15 14:47:51,840 [AppLog] INFO : 准备读取编码器位置：X方向！
2023-07-15 14:47:51,840 [AppLog] INFO : 准备运动，当前位置：DEV_GetPrintEncoderValue：MoveDirectionFlag{false为Y方向：False}CurrentPos{757.57}AimPos{780}
2023-07-15 14:47:51,871 [AppLog] INFO : X方向运动开始：DEM_Run：返回值{True}nAxis{0}DirFlag{True}nSpeed{300000}MoveStep{22429.9999999999}nCtlValue{2}
2023-07-15 14:47:52,339 [AppLog] INFO : X方向到位停止：DEM_StopAxisRun：返回值{True}CurrentPos{779.13}bImmeStop{False}nAxisMask{1}
2023-07-15 14:47:52,339 [AppLog] INFO : 关闭闪喷： IDP_FlashPrtCtl(false)：ReturnCode{True}
2023-07-15 14:47:53,556 [AppLog] INFO : 开启压墨： motionMap.SetDo(13, true)
2023-07-15 14:47:54,866 [AppLog] INFO : 关闭压墨： motionMap.SetDo(13, false)
2023-07-15 14:47:54,866 [AppLog] INFO : 压墨等待开启：{3S}
2023-07-15 14:47:57,877 [AppLog] INFO : 压墨等待完成：{3S}
2023-07-15 14:47:57,877 [AppLog] INFO : 准备读取编码器位置：X方向！
2023-07-15 14:47:57,877 [AppLog] INFO : 准备运动，当前位置：DEV_GetPrintEncoderValue：MoveDirectionFlag{false为Y方向：False}CurrentPos{779.95}AimPos{680}
2023-07-15 14:47:57,908 [AppLog] INFO : X方向运动开始：DEM_Run：返回值{True}nAxis{0}DirFlag{False}nSpeed{200000}MoveStep{-99950}nCtlValue{2}
2023-07-15 14:47:58,766 [AppLog] INFO : X方向到位停止：DEM_StopAxisRun：返回值{True}CurrentPos{684.515}bImmeStop{False}nAxisMask{1}
2023-07-15 14:47:59,343 [AppLog] INFO : 准备读取编码器位置：X方向！
2023-07-15 14:47:59,343 [AppLog] INFO : 准备运动，当前位置：DEV_GetPrintEncoderValue：MoveDirectionFlag{false为Y方向：False}CurrentPos{680.47}AimPos{758}
2023-07-15 14:47:59,375 [AppLog] INFO : X方向运动开始：DEM_Run：返回值{True}nAxis{0}DirFlag{True}nSpeed{300000}MoveStep{77530}nCtlValue{2}
2023-07-15 14:48:00,123 [AppLog] INFO : X方向到位停止：DEM_StopAxisRun：返回值{True}CurrentPos{753.725}bImmeStop{False}nAxisMask{1}
2023-07-15 14:48:00,123 [AppLog] INFO : 准备读取编码器位置：Y方向！
2023-07-15 14:48:00,123 [AppLog] INFO : 准备运动，编码器当前位置：DEM_GetAxisEncodeVal：MoveDirectionFlag{false为Y方向：True}CurrentPos{116.17}AimPos{317}
2023-07-15 14:48:01,637 [AppLog] INFO : Y方向运动开始：DEM_Run：返回值{True}nAxis{1}DirFlag{True}nSpeed{300000}MoveStep{201209.76953}nCtlValue{1}
2023-07-15 14:48:01,699 [AppLog] INFO : Y方向到位停止：DEM_StopAxisRun：返回值{True}CurrentPos{316.78}bImmeStop{False}nAxisMask{2}
2023-07-15 14:48:01,699 [AppLog] INFO : 结束自动清洗过程：AutoCleanThread
2023-07-15 14:48:29,483 [AppLog] INFO : 手动停止自动清洗过程：AutoCleanBtn_Click
2023-07-15 14:48:30,263 [AppLog] INFO : 手动开启自动清洗过程：AutoCleanBtn_Click
2023-07-15 14:48:30,263 [AppLog] INFO : 进入自动清洗过程：AutoCleanThread
2023-07-15 14:48:30,637 [AppLog] INFO : 刮墨轴回零成功：motionMap.SetBackSpreaderAxis(4, 1, 2, -SinkHomePosition)
2023-07-15 14:48:30,637 [AppLog] INFO : 准备读取编码器位置：Y方向！
2023-07-15 14:48:30,637 [AppLog] INFO : 准备运动，编码器当前位置：DEM_GetAxisEncodeVal：MoveDirectionFlag{false为Y方向：True}CurrentPos{316.84}AimPos{116}
2023-07-15 14:48:32,181 [AppLog] INFO : Y方向运动开始：DEM_Run：返回值{True}nAxis{1}DirFlag{False}nSpeed{300000}MoveStep{-201219.78844}nCtlValue{1}
2023-07-15 14:48:32,244 [AppLog] INFO : Y方向到位停止：DEM_StopAxisRun：返回值{True}CurrentPos{116.215}bImmeStop{False}nAxisMask{2}
2023-07-15 14:48:32,244 [AppLog] INFO : 准备读取编码器位置：X方向！
2023-07-15 14:48:32,244 [AppLog] INFO : 准备运动，当前位置：DEV_GetPrintEncoderValue：MoveDirectionFlag{false为Y方向：False}CurrentPos{757.57}AimPos{780}
2023-07-15 14:48:32,291 [AppLog] INFO : X方向运动开始：DEM_Run：返回值{True}nAxis{0}DirFlag{True}nSpeed{300000}MoveStep{22429.9999999999}nCtlValue{2}
2023-07-15 14:48:32,759 [AppLog] INFO : X方向到位停止：DEM_StopAxisRun：返回值{True}CurrentPos{779.125}bImmeStop{False}nAxisMask{1}
2023-07-15 14:48:32,759 [AppLog] INFO : 关闭闪喷： IDP_FlashPrtCtl(false)：ReturnCode{True}
2023-07-15 14:48:33,975 [AppLog] INFO : 开启压墨： motionMap.SetDo(13, true)
2023-07-15 14:48:35,286 [AppLog] INFO : 关闭压墨： motionMap.SetDo(13, false)
2023-07-15 14:48:35,286 [AppLog] INFO : 压墨等待开启：{3S}
2023-07-15 14:48:38,297 [AppLog] INFO : 压墨等待完成：{3S}
2023-07-15 14:48:38,297 [AppLog] INFO : 准备读取编码器位置：X方向！
2023-07-15 14:48:38,297 [AppLog] INFO : 准备运动，当前位置：DEV_GetPrintEncoderValue：MoveDirectionFlag{false为Y方向：False}CurrentPos{779.955}AimPos{680}
2023-07-15 14:48:38,328 [AppLog] INFO : X方向运动开始：DEM_Run：返回值{True}nAxis{0}DirFlag{False}nSpeed{200000}MoveStep{-99955}nCtlValue{2}
2023-07-15 14:48:39,201 [AppLog] INFO : X方向到位停止：DEM_StopAxisRun：返回值{True}CurrentPos{683.8}bImmeStop{False}nAxisMask{1}
2023-07-15 14:48:39,779 [AppLog] INFO : 准备读取编码器位置：X方向！
2023-07-15 14:48:39,779 [AppLog] INFO : 准备运动，当前位置：DEV_GetPrintEncoderValue：MoveDirectionFlag{false为Y方向：False}CurrentPos{680.465}AimPos{758}
2023-07-15 14:48:39,810 [AppLog] INFO : X方向运动开始：DEM_Run：返回值{True}nAxis{0}DirFlag{True}nSpeed{300000}MoveStep{77535}nCtlValue{2}
2023-07-15 14:48:40,559 [AppLog] INFO : X方向到位停止：DEM_StopAxisRun：返回值{True}CurrentPos{753.77}bImmeStop{False}nAxisMask{1}
2023-07-15 14:48:40,559 [AppLog] INFO : 准备读取编码器位置：Y方向！
2023-07-15 14:48:40,559 [AppLog] INFO : 准备运动，编码器当前位置：DEM_GetAxisEncodeVal：MoveDirectionFlag{false为Y方向：True}CurrentPos{116.17}AimPos{317}
2023-07-15 14:48:42,072 [AppLog] INFO : Y方向运动开始：DEM_Run：返回值{True}nAxis{1}DirFlag{True}nSpeed{300000}MoveStep{201209.76953}nCtlValue{1}
2023-07-15 14:48:42,134 [AppLog] INFO : Y方向到位停止：DEM_StopAxisRun：返回值{True}CurrentPos{316.77}bImmeStop{False}nAxisMask{2}
2023-07-15 14:48:42,134 [AppLog] INFO : 结束自动清洗过程：AutoCleanThread
2023-07-15 14:48:52,914 [AppLog] INFO : 退出手动调试子模块,已执行修改
==========================================================================
2023-07-15 14:48:54,287 [AppLog] INFO : 进入手动调试子模块！
2023-07-15 14:48:54,287 [AppLog] INFO : 进入：ManulBtn_Click=》准备创建对象-手动操作！
2023-07-15 14:48:54,318 [AppLog] INFO : 创建：ManualControl=》创建完成-手动操作！
2023-07-15 14:48:54,318 [AppLog] INFO : 加载成功：温控Modbus接口！
2023-07-15 14:49:02,492 [AppLog] INFO : 退出手动调试子模块,已执行修改
==========================================================================
2023-07-15 14:49:03,787 [AppLog] INFO : 进入手动调试子模块！
2023-07-15 14:49:03,787 [AppLog] INFO : 进入：ManulBtn_Click=》准备创建对象-手动操作！
2023-07-15 14:49:03,818 [AppLog] INFO : 创建：ManualControl=》创建完成-手动操作！
2023-07-15 14:49:03,818 [AppLog] INFO : 加载成功：温控Modbus接口！
2023-07-15 14:49:04,629 [AppLog] INFO : 手动开启自动清洗过程：AutoCleanBtn_Click
2023-07-15 14:49:04,629 [AppLog] INFO : 进入自动清洗过程：AutoCleanThread
2023-07-15 14:49:05,004 [AppLog] INFO : 刮墨轴回零成功：motionMap.SetBackSpreaderAxis(4, 1, 2, -SinkHomePosition)
2023-07-15 14:49:05,004 [AppLog] INFO : 准备读取编码器位置：Y方向！
2023-07-15 14:49:05,004 [AppLog] INFO : 准备运动，编码器当前位置：DEM_GetAxisEncodeVal：MoveDirectionFlag{false为Y方向：True}CurrentPos{316.83}AimPos{116}
2023-07-15 14:49:06,533 [AppLog] INFO : Y方向运动开始：DEM_Run：返回值{True}nAxis{1}DirFlag{False}nSpeed{300000}MoveStep{-201209.76953}nCtlValue{1}
2023-07-15 14:49:06,595 [AppLog] INFO : Y方向到位停止：DEM_StopAxisRun：返回值{True}CurrentPos{116.22}bImmeStop{False}nAxisMask{2}
2023-07-15 14:49:06,595 [AppLog] INFO : 准备读取编码器位置：X方向！
2023-07-15 14:49:06,595 [AppLog] INFO : 准备运动，当前位置：DEV_GetPrintEncoderValue：MoveDirectionFlag{false为Y方向：False}CurrentPos{757.585}AimPos{780}
2023-07-15 14:49:06,642 [AppLog] INFO : X方向运动开始：DEM_Run：返回值{True}nAxis{0}DirFlag{True}nSpeed{300000}MoveStep{22415}nCtlValue{2}
2023-07-15 14:49:07,063 [AppLog] INFO : X方向到位停止：DEM_StopAxisRun：返回值{True}CurrentPos{777.525}bImmeStop{False}nAxisMask{1}
2023-07-15 14:49:07,063 [AppLog] INFO : 关闭闪喷： IDP_FlashPrtCtl(false)：ReturnCode{True}
2023-07-15 14:49:08,280 [AppLog] INFO : 开启压墨： motionMap.SetDo(13, true)
2023-07-15 14:49:09,294 [AppLog] INFO : 关闭压墨： motionMap.SetDo(13, false)
2023-07-15 14:49:09,294 [AppLog] INFO : 压墨等待开启：{3S}
2023-07-15 14:49:12,305 [AppLog] INFO : 压墨等待完成：{3S}
2023-07-15 14:49:12,305 [AppLog] INFO : 准备读取编码器位置：X方向！
2023-07-15 14:49:12,305 [AppLog] INFO : 准备运动，当前位置：DEV_GetPrintEncoderValue：MoveDirectionFlag{false为Y方向：False}CurrentPos{779.955}AimPos{680}
2023-07-15 14:49:12,336 [AppLog] INFO : X方向运动开始：DEM_Run：返回值{True}nAxis{0}DirFlag{False}nSpeed{200000}MoveStep{-99955}nCtlValue{2}
2023-07-15 14:49:13,194 [AppLog] INFO : X方向到位停止：DEM_StopAxisRun：返回值{True}CurrentPos{684.485}bImmeStop{False}nAxisMask{1}
2023-07-15 14:49:13,771 [AppLog] INFO : 准备读取编码器位置：X方向！
2023-07-15 14:49:13,787 [AppLog] INFO : 准备运动，当前位置：DEV_GetPrintEncoderValue：MoveDirectionFlag{false为Y方向：False}CurrentPos{680.47}AimPos{758}
2023-07-15 14:49:13,818 [AppLog] INFO : X方向运动开始：DEM_Run：返回值{True}nAxis{0}DirFlag{True}nSpeed{300000}MoveStep{77530}nCtlValue{2}
2023-07-15 14:49:14,567 [AppLog] INFO : X方向到位停止：DEM_StopAxisRun：返回值{True}CurrentPos{753.7}bImmeStop{False}nAxisMask{1}
2023-07-15 14:49:14,567 [AppLog] INFO : 准备读取编码器位置：Y方向！
2023-07-15 14:49:14,567 [AppLog] INFO : 准备运动，编码器当前位置：DEM_GetAxisEncodeVal：MoveDirectionFlag{false为Y方向：True}CurrentPos{116.17}AimPos{317}
2023-07-15 14:49:16,111 [AppLog] INFO : Y方向运动开始：DEM_Run：返回值{True}nAxis{1}DirFlag{True}nSpeed{300000}MoveStep{201209.76953}nCtlValue{1}
2023-07-15 14:49:16,174 [AppLog] INFO : Y方向到位停止：DEM_StopAxisRun：返回值{True}CurrentPos{316.785}bImmeStop{False}nAxisMask{2}
2023-07-15 14:49:16,174 [AppLog] INFO : 结束自动清洗过程：AutoCleanThread
2023-07-15 14:49:29,839 [AppLog] INFO : 退出手动调试子模块,已执行修改
==========================================================================
2023-07-15 14:49:30,775 [AppLog] INFO : 开启系统：板卡通讯，伺服供电，照明系统，UV/HR固化系统！
2023-07-15 14:49:31,524 [AppLog] INFO : 关闭系统：一键关闭系统开始！
2023-07-15 14:49:37,748 [AppLog] INFO : 关闭系统：一键关闭系统结束！
2023-07-15 14:49:37,748 [AppLog] INFO : 喷墨控制器的所有轴输出关闭！
2023-07-15 14:49:37,936 [AppLog] INFO : 喷墨控制器关闭！
2023-07-15 14:49:37,936 [AppLog] INFO : 创建：AutoPrintMotion0=》不需重新创建-手动操作！
2023-07-15 14:49:37,936 [AppLog] INFO : 进入电气控制模块
2023-07-15 14:49:40,010 [AppLog] INFO : 退出电气控制模块
2023-07-15 14:49:41,602 [AppLog] INFO : 软件及设备关停中：墨车所有方向运动确认停止（X,Y,Y2)： bImmeStop{False},nAxisMask{0x7}
2023-07-15 14:49:41,602 [AppLog] INFO : 软件及设备关停中：喷墨控制器板卡系统关闭（X,Y,Y2)：DEV_CloseDevice
2023-07-15 14:49:42,241 [AppLog] INFO : 软件及设备关停成功
==========================================================================
操作系统:{Microsoft Windows 7 旗舰版 }
运行环境:{ .Net Framework Enviroment Version 4.0.30319.42000}
盘符：D
CPU使用率：{0%} ，可用内存大小:{14328MB}，硬盘剩余空间：
  盘符 C:\ 的剩余空间：70 GB
  盘符 D:\ 的剩余空间：81 GB
==========================================================================
