2023-02-25 23:00:02,352 [AppLog] INFO : 手动正向JOG指令（8轴运控板卡系统） ====》：输出AXIS{第3轴},运动速度{1MM/s}
2023-02-25 23:00:02,461 [AppLog] INFO : 手动停止JOG输出（8轴运控板卡系统） ====》：输出AXIS{第3轴}
2023-02-25 23:00:02,913 [AppLog] INFO : 手动正向JOG指令（8轴运控板卡系统） ====》：输出AXIS{第3轴},运动速度{1MM/s}
2023-02-25 23:00:02,976 [AppLog] INFO : 手动停止JOG输出（8轴运控板卡系统） ====》：输出AXIS{第3轴}
2023-02-25 23:00:10,651 [AppLog] INFO : 手动正向JOG指令（8轴运控板卡系统） ====》：输出AXIS{第3轴},运动速度{1MM/s}
2023-02-25 23:00:10,760 [AppLog] INFO : 手动停止JOG输出（8轴运控板卡系统） ====》：输出AXIS{第3轴}
2023-02-25 23:00:11,291 [AppLog] INFO : 手动正向JOG指令（8轴运控板卡系统） ====》：输出AXIS{第3轴},运动速度{1MM/s}
2023-02-25 23:00:11,384 [AppLog] INFO : 手动停止JOG输出（8轴运控板卡系统） ====》：输出AXIS{第3轴}
2023-02-25 23:00:17,858 [AppLog] INFO : 手动正向JOG指令（8轴运控板卡系统） ====》：输出AXIS{第3轴},运动速度{1MM/s}
2023-02-25 23:00:17,983 [AppLog] INFO : 手动停止JOG输出（8轴运控板卡系统） ====》：输出AXIS{第3轴}
2023-02-25 23:00:18,420 [AppLog] INFO : 手动正向JOG指令（8轴运控板卡系统） ====》：输出AXIS{第3轴},运动速度{1MM/s}
2023-02-25 23:00:18,513 [AppLog] INFO : 手动停止JOG输出（8轴运控板卡系统） ====》：输出AXIS{第3轴}
2023-02-25 23:00:18,810 [AppLog] INFO : 手动正向JOG指令（8轴运控板卡系统） ====》：输出AXIS{第3轴},运动速度{1MM/s}
2023-02-25 23:00:18,872 [AppLog] INFO : 手动停止JOG输出（8轴运控板卡系统） ====》：输出AXIS{第3轴}
2023-02-25 23:00:19,137 [AppLog] INFO : 手动正向JOG指令（8轴运控板卡系统） ====》：输出AXIS{第3轴},运动速度{1MM/s}
2023-02-25 23:00:19,262 [AppLog] INFO : 手动停止JOG输出（8轴运控板卡系统） ====》：输出AXIS{第3轴}
2023-02-25 23:06:51,057 [AppLog] INFO : 退出手动调试子模块，未执行修改
==========================================================================
2023-02-25 23:06:52,305 [AppLog] INFO : 开启系统：板卡通讯，伺服供电，照明系统，UV/HR固化系统！
2023-02-25 23:06:55,503 [AppLog] INFO : 关闭系统：一键关闭系统开始！
2023-02-25 23:07:00,698 [AppLog] INFO : 关闭系统：一键关闭系统结束！
2023-02-25 23:07:00,713 [AppLog] INFO : 喷墨控制器的所有轴输出关闭！
2023-02-25 23:07:00,729 [AppLog] INFO : 喷墨控制器关闭！
2023-02-25 23:07:00,729 [AppLog] INFO : 进入电气控制模块
2023-02-25 23:07:01,852 [AppLog] INFO : 退出电气控制模块
2023-02-25 23:07:04,613 [AppLog] INFO : 软件及设备关停中：墨车所有方向运动确认停止（X,Y,Y2)： bImmeStop{False},nAxisMask{0x7}
2023-02-25 23:07:04,613 [AppLog] INFO : 软件及设备关停中：喷墨控制器板卡系统关闭（X,Y,Y2)：DEV_CloseDevice
2023-02-25 23:07:05,284 [AppLog] INFO : 软件及设备关停成功
==========================================================================
操作系统:{Microsoft Windows 7 旗舰版 }
运行环境:{ .Net Framework Enviroment Version 4.0.30319.42000}
盘符：D
CPU使用率：{19.64247%} ，可用内存大小:{14377MB}，硬盘剩余空间：
  盘符 C:\ 的剩余空间：82 GB
  盘符 D:\ 的剩余空间：97 GB
==========================================================================
2023-02-25 23:14:42,790 [AppLog] INFO : 软件开机密码正确，登录成功1次
==========================================================================
操作系统:{Microsoft Windows 7 旗舰版 }
运行环境:{ .Net Framework Enviroment Version 4.0.30319.42000}
盘符：D
CPU使用率：{20.83295%} ，可用内存大小:{14506MB}，硬盘剩余空间：
  盘符 C:\ 的剩余空间：82 GB
  盘符 D:\ 的剩余空间：97 GB
硬件配置情况：
  CPU 厂家: GenuineIntel CPU 型号: Intel(R) Core(TM) i7-4770 CPU @ 3.40GHz
  内存条厂家: Kingston 内存条型号: 99P5471-043.A00LF 
  内存条厂家: Kingston 内存条型号: 99P5471-043.A00LF 
  硬盘厂家: (标准磁盘驱动器) 硬盘型号: Micron_1300_MTFDDAK256TDL ATA Device
==========================================================================
2023-02-25 23:14:42,806 [AppLog] INFO : 开启系统：板卡通讯，伺服供电，照明系统，UV/HR固化系统！
2023-02-25 23:14:42,806 [AppLog] INFO : 开启系统：一键启动系统开始！
2023-02-25 23:14:47,891 [AppLog] INFO : 开启系统：一键启动系统结束！
2023-02-25 23:15:44,067 [AppLog] INFO : 初始化喷墨控制器！
2023-02-25 23:15:44,379 [AppLog] INFO : 红外灯控制器485通讯建立！
2023-02-25 23:15:44,379 [AppLog] INFO : 进入电气控制模块
2023-02-25 23:15:46,968 [AppLog] INFO : 退出电气控制模块
2023-02-25 23:15:47,842 [AppLog] INFO : 进入手动调试子模块！
2023-02-25 23:15:51,539 [AppLog] INFO : 手动负向JOG指令（8轴运控板卡系统） ====》：输出AXIS{第2轴},运动速度{50MM/s}
2023-02-25 23:15:59,183 [AppLog] INFO : 手动停止JOG输出（8轴运控板卡系统） ====》：输出AXIS{第2轴}
2023-02-25 23:15:59,495 [AppLog] INFO : 手动负向JOG指令（8轴运控板卡系统） ====》：输出AXIS{第2轴},运动速度{50MM/s}
2023-02-25 23:15:59,636 [AppLog] INFO : 手动停止JOG输出（8轴运控板卡系统） ====》：输出AXIS{第2轴}
2023-02-25 23:15:59,917 [AppLog] INFO : 手动负向JOG指令（8轴运控板卡系统） ====》：输出AXIS{第2轴},运动速度{50MM/s}
2023-02-25 23:16:00,057 [AppLog] INFO : 手动停止JOG输出（8轴运控板卡系统） ====》：输出AXIS{第2轴}
2023-02-25 23:16:00,322 [AppLog] INFO : 手动负向JOG指令（8轴运控板卡系统） ====》：输出AXIS{第2轴},运动速度{50MM/s}
2023-02-25 23:16:00,369 [AppLog] INFO : 手动停止JOG输出（8轴运控板卡系统） ====》：输出AXIS{第2轴}
2023-02-25 23:16:00,743 [AppLog] INFO : 手动负向JOG指令（8轴运控板卡系统） ====》：输出AXIS{第2轴},运动速度{50MM/s}
2023-02-25 23:16:00,837 [AppLog] INFO : 手动停止JOG输出（8轴运控板卡系统） ====》：输出AXIS{第2轴}
2023-02-25 23:16:00,946 [AppLog] INFO : 手动负向JOG指令（8轴运控板卡系统） ====》：输出AXIS{第2轴},运动速度{50MM/s}
2023-02-25 23:16:01,040 [AppLog] INFO : 手动停止JOG输出（8轴运控板卡系统） ====》：输出AXIS{第2轴}
2023-02-25 23:16:01,149 [AppLog] INFO : 手动负向JOG指令（8轴运控板卡系统） ====》：输出AXIS{第2轴},运动速度{50MM/s}
2023-02-25 23:16:01,211 [AppLog] INFO : 手动停止JOG输出（8轴运控板卡系统） ====》：输出AXIS{第2轴}
2023-02-25 23:16:10,244 [AppLog] INFO : 手动控制墨车运动开启：沿Y轴后侧方向运动 ↓↓↓：nAxis{{1}},Dir{{true}},nPlsSpeed{{{nSpeed}}},nPlsCount{{750000}},cControlFlag{{{nCtlValue}}}
2023-02-25 23:16:10,447 [AppLog] INFO : 手动控制墨车运动带减速停止：沿Y轴方向运动 ↑↑↑↓↓↓ ====: bImmeStop{{false}},nAxisMask{{0x2}}
2023-02-25 23:16:10,540 [AppLog] INFO : 手动控制墨车运动开启：沿Y轴后侧方向运动 ↓↓↓：nAxis{{1}},Dir{{true}},nPlsSpeed{{{nSpeed}}},nPlsCount{{750000}},cControlFlag{{{nCtlValue}}}
2023-02-25 23:16:10,540 [AppLog] INFO : 手动控制墨车运动带减速停止：沿Y轴方向运动 ↑↑↑↓↓↓ ====: bImmeStop{{false}},nAxisMask{{0x2}}
2023-02-25 23:16:10,837 [AppLog] INFO : 手动控制墨车运动开启：沿Y轴后侧方向运动 ↓↓↓：nAxis{{1}},Dir{{true}},nPlsSpeed{{{nSpeed}}},nPlsCount{{750000}},cControlFlag{{{nCtlValue}}}
2023-02-25 23:16:11,570 [AppLog] INFO : 手动控制墨车运动带减速停止：沿Y轴方向运动 ↑↑↑↓↓↓ ====: bImmeStop{{false}},nAxisMask{{0x2}}
2023-02-25 23:16:11,773 [AppLog] INFO : 手动控制墨车运动开启：沿Y轴后侧方向运动 ↓↓↓：nAxis{{1}},Dir{{true}},nPlsSpeed{{{nSpeed}}},nPlsCount{{750000}},cControlFlag{{{nCtlValue}}}
2023-02-25 23:16:11,929 [AppLog] INFO : 手动控制墨车运动带减速停止：沿Y轴方向运动 ↑↑↑↓↓↓ ====: bImmeStop{{false}},nAxisMask{{0x2}}
2023-02-25 23:16:13,270 [AppLog] INFO : 开启墨车和铺粉车回零校准：EncoderResetBtn_Click
2023-02-25 23:16:13,270 [AppLog] INFO : 开启墨车回零校准线程：InkCarEncoderResetThread
2023-02-25 23:16:13,270 [AppLog] INFO : 开启粉车回零校准线程：PowderCarHomeResetThread
2023-02-25 23:16:22,630 [AppLog] INFO : 手动正向点动指令（8轴运控板卡系统） ====》：输出AXIS{第2轴},点动量{-116MM},运动速度{30MM/s}
2023-02-25 23:16:22,661 [AppLog] INFO : 粉车回零校准线程成功：PowderCarHomeResetThread
2023-02-25 23:16:33,488 [AppLog] INFO : 墨车回零校准线程成功：InkCarEncoderResetThread
2023-02-25 23:16:37,435 [AppLog] INFO : 手动控制墨车运动开启：沿Y轴后侧方向运动 ↓↓↓：nAxis{{1}},Dir{{true}},nPlsSpeed{{{nSpeed}}},nPlsCount{{750000}},cControlFlag{{{nCtlValue}}}
2023-02-25 23:16:39,400 [AppLog] INFO : 手动控制墨车运动带减速停止：沿Y轴方向运动 ↑↑↑↓↓↓ ====: bImmeStop{{false}},nAxisMask{{0x2}}
2023-02-25 23:16:39,572 [AppLog] INFO : 手动控制墨车运动开启：沿Y轴后侧方向运动 ↓↓↓：nAxis{{1}},Dir{{true}},nPlsSpeed{{{nSpeed}}},nPlsCount{{750000}},cControlFlag{{{nCtlValue}}}
2023-02-25 23:16:39,759 [AppLog] INFO : 手动控制墨车运动带减速停止：沿Y轴方向运动 ↑↑↑↓↓↓ ====: bImmeStop{{false}},nAxisMask{{0x2}}
2023-02-25 23:16:40,055 [AppLog] INFO : 手动控制墨车运动开启：沿Y轴后侧方向运动 ↓↓↓：nAxis{{1}},Dir{{true}},nPlsSpeed{{{nSpeed}}},nPlsCount{{750000}},cControlFlag{{{nCtlValue}}}
2023-02-25 23:16:40,243 [AppLog] INFO : 手动控制墨车运动带减速停止：沿Y轴方向运动 ↑↑↑↓↓↓ ====: bImmeStop{{false}},nAxisMask{{0x2}}
2023-02-25 23:16:40,461 [AppLog] INFO : 手动控制墨车运动开启：沿Y轴后侧方向运动 ↓↓↓：nAxis{{1}},Dir{{true}},nPlsSpeed{{{nSpeed}}},nPlsCount{{750000}},cControlFlag{{{nCtlValue}}}
2023-02-25 23:16:40,570 [AppLog] INFO : 手动控制墨车运动带减速停止：沿Y轴方向运动 ↑↑↑↓↓↓ ====: bImmeStop{{false}},nAxisMask{{0x2}}
2023-02-25 23:16:40,929 [AppLog] INFO : 手动控制墨车运动开启：沿Y轴后侧方向运动 ↓↓↓：nAxis{{1}},Dir{{true}},nPlsSpeed{{{nSpeed}}},nPlsCount{{750000}},cControlFlag{{{nCtlValue}}}
2023-02-25 23:16:41,023 [AppLog] INFO : 手动控制墨车运动带减速停止：沿Y轴方向运动 ↑↑↑↓↓↓ ====: bImmeStop{{false}},nAxisMask{{0x2}}
2023-02-25 23:16:41,428 [AppLog] INFO : 手动控制墨车运动开启：沿Y轴后侧方向运动 ↓↓↓：nAxis{{1}},Dir{{true}},nPlsSpeed{{{nSpeed}}},nPlsCount{{750000}},cControlFlag{{{nCtlValue}}}
2023-02-25 23:16:41,522 [AppLog] INFO : 手动控制墨车运动带减速停止：沿Y轴方向运动 ↑↑↑↓↓↓ ====: bImmeStop{{false}},nAxisMask{{0x2}}
2023-02-25 23:16:46,405 [AppLog] INFO : 开启手动压墨：PushInkBtn_Click
2023-02-25 23:16:51,475 [AppLog] INFO : 开启自动供墨：DEV_EnableInkAutoSupply：ReturnCode{True},Action{true},ControlBit{255}
2023-02-25 23:16:53,269 [AppLog] INFO : 停止手动压墨：PushInkBtn_Click
2023-02-25 23:16:54,953 [AppLog] INFO : 开启手动压墨：PushInkBtn_Click
2023-02-25 23:17:07,355 [AppLog] INFO : 停止手动压墨：PushInkBtn_Click
2023-02-25 23:17:09,602 [AppLog] INFO : 开启手动冲洗喷头：CleanBtn_Click
2023-02-25 23:17:20,085 [AppLog] INFO : 关闭手动冲洗喷头：CleanBtn_Click
2023-02-25 23:18:34,981 [AppLog] INFO : 退出手动调试子模块，未执行修改
==========================================================================
2023-02-25 23:18:35,979 [AppLog] INFO : 开启系统：板卡通讯，伺服供电，照明系统，UV/HR固化系统！
2023-02-25 23:18:36,946 [AppLog] INFO : 关闭系统：一键关闭系统开始！
2023-02-25 23:18:42,157 [AppLog] INFO : 关闭系统：一键关闭系统结束！
2023-02-25 23:18:42,157 [AppLog] INFO : 喷墨控制器的所有轴输出关闭！
2023-02-25 23:18:45,308 [AppLog] INFO : 喷墨控制器关闭！
2023-02-25 23:18:45,308 [AppLog] INFO : 进入电气控制模块
2023-02-25 23:18:51,673 [AppLog] INFO : 退出电气控制模块
2023-02-25 23:18:54,465 [AppLog] INFO : 软件及设备关停中：墨车所有方向运动确认停止（X,Y,Y2)： bImmeStop{False},nAxisMask{0x7}
2023-02-25 23:18:54,465 [AppLog] INFO : 软件及设备关停中：喷墨控制器板卡系统关闭（X,Y,Y2)：DEV_CloseDevice
2023-02-25 23:18:55,136 [AppLog] INFO : 软件及设备关停成功
==========================================================================
操作系统:{Microsoft Windows 7 旗舰版 }
运行环境:{ .Net Framework Enviroment Version 4.0.30319.42000}
盘符：D
CPU使用率：{16.07103%} ，可用内存大小:{14432MB}，硬盘剩余空间：
  盘符 C:\ 的剩余空间：82 GB
  盘符 D:\ 的剩余空间：97 GB
==========================================================================
