2024-01-05 21:00:23,651 [AppLog] INFO : 手动正向点动指令（8轴运控板卡系统） ====》：输出AXIS{第2轴},点动量{185MM},运动速度{25MM/s}
2024-01-05 21:00:23,651 [AppLog] INFO : 开启铺粉车不等停运动至站2，速度0.5rev/s：BackToStation2
2024-01-05 21:00:23,772 [AppLog] INFO : 打开IR灯：OpenIRLamp(true)
2024-01-05 21:00:26,557 [AppLog] INFO : 关闭IR灯：OpenIRLamp(false)
2024-01-05 21:00:31,051 [AppLog] INFO : 开启铺粉车不等停运动至再次出光前位置305mm，速度250mm/s：BackToStation2
2024-01-05 21:00:31,794 [AppLog] INFO : 手动正向点动指令（8轴运控板卡系统） ====》：输出AXIS{第2轴},点动量{-185MM},运动速度{250MM/s}
2024-01-05 21:00:31,795 [AppLog] INFO : 当前铺粉车位置：打印位置305mm
2024-01-05 21:00:56,797 [AppLog] INFO : 手动正向点动指令（8轴运控板卡系统） ====》：输出AXIS{第2轴},点动量{185MM},运动速度{25MM/s}
2024-01-05 21:00:56,797 [AppLog] INFO : 开启铺粉车不等停运动至站2，速度0.5rev/s：BackToStation2
2024-01-05 21:00:56,914 [AppLog] INFO : 打开IR灯：OpenIRLamp(true)
2024-01-05 21:00:59,718 [AppLog] INFO : 关闭IR灯：OpenIRLamp(false)
2024-01-05 21:01:04,199 [AppLog] INFO : 开启铺粉车不等停运动至再次出光前位置305mm，速度250mm/s：BackToStation2
2024-01-05 21:01:04,942 [AppLog] INFO : 手动正向点动指令（8轴运控板卡系统） ====》：输出AXIS{第2轴},点动量{-185MM},运动速度{250MM/s}
2024-01-05 21:01:04,942 [AppLog] INFO : 当前铺粉车位置：打印位置305mm
2024-01-05 21:01:29,943 [AppLog] INFO : 手动正向点动指令（8轴运控板卡系统） ====》：输出AXIS{第2轴},点动量{185MM},运动速度{25MM/s}
2024-01-05 21:01:29,943 [AppLog] INFO : 开启铺粉车不等停运动至站2，速度0.5rev/s：BackToStation2
2024-01-05 21:01:30,052 [AppLog] INFO : 打开IR灯：OpenIRLamp(true)
2024-01-05 21:01:32,858 [AppLog] INFO : 关闭IR灯：OpenIRLamp(false)
2024-01-05 21:01:37,345 [AppLog] INFO : 开启铺粉车不等停运动至再次出光前位置305mm，速度250mm/s：BackToStation2
2024-01-05 21:01:38,088 [AppLog] INFO : 手动正向点动指令（8轴运控板卡系统） ====》：输出AXIS{第2轴},点动量{-185MM},运动速度{250MM/s}
2024-01-05 21:01:38,089 [AppLog] INFO : 当前铺粉车位置：打印位置305mm
2024-01-05 21:02:03,089 [AppLog] INFO : 进入自动清洗过程：AutoCleanThread
2024-01-05 21:02:03,433 [AppLog] INFO : 刮墨轴回零成功：motionMap.SetBackSpreaderAxis(4, 1, 2, -SinkHomePosition)
2024-01-05 21:02:03,433 [AppLog] INFO : 准备读取编码器位置：Y方向！
2024-01-05 21:02:03,435 [AppLog] INFO : 准备运动，编码器当前位置：DEM_GetAxisEncodeVal：MoveDirectionFlag{false为Y方向：True}CurrentPos{115.995}AimPos{116}
2024-01-05 21:02:03,549 [AppLog] INFO : Y方向运动开始：DEM_Run：返回值{True}nAxis{1}DirFlag{True}nSpeed{300000}MoveStep{5.00945499999544}nCtlValue{1}
2024-01-05 21:02:03,604 [AppLog] INFO : Y方向到位停止：DEM_StopAxisRun：返回值{True}CurrentPos{115.995}bImmeStop{False}nAxisMask{2}
2024-01-05 21:02:03,604 [AppLog] INFO : 准备读取编码器位置：X方向！
2024-01-05 21:02:03,606 [AppLog] INFO : 准备运动，当前位置：DEV_GetPrintEncoderValue：MoveDirectionFlag{false为Y方向：False}CurrentPos{680.55}AimPos{780}
2024-01-05 21:02:03,634 [AppLog] INFO : X方向运动开始：DEM_Run：返回值{True}nAxis{0}DirFlag{True}nSpeed{300000}MoveStep{99449.9999999999}nCtlValue{2}
2024-01-05 21:02:04,533 [AppLog] INFO : X方向到位停止：DEM_StopAxisRun：返回值{True}CurrentPos{777.79}bImmeStop{False}nAxisMask{1}
2024-01-05 21:02:05,740 [AppLog] INFO : 开启压墨： motionMap.SetDo(13, true)
2024-01-05 21:02:07,041 [AppLog] INFO : 关闭压墨： motionMap.SetDo(13, false)
2024-01-05 21:02:07,041 [AppLog] INFO : 压墨等待开启：{3.5S}
2024-01-05 21:02:10,541 [AppLog] INFO : 压墨等待完成：{3.5S}
2024-01-05 21:02:10,541 [AppLog] INFO : 准备读取编码器位置：X方向！
2024-01-05 21:02:10,542 [AppLog] INFO : 准备运动，当前位置：DEV_GetPrintEncoderValue：MoveDirectionFlag{false为Y方向：False}CurrentPos{779.475}AimPos{680}
2024-01-05 21:02:10,561 [AppLog] INFO : X方向运动开始：DEM_Run：返回值{True}nAxis{0}DirFlag{False}nSpeed{200000}MoveStep{-99475}nCtlValue{2}
2024-01-05 21:02:11,419 [AppLog] INFO : X方向到位停止：DEM_StopAxisRun：返回值{True}CurrentPos{684.64}bImmeStop{False}nAxisMask{1}
2024-01-05 21:02:11,971 [AppLog] INFO : 结束自动清洗过程：AutoCleanThread
2024-01-05 21:02:11,972 [AppLog] INFO : 手动正向点动指令（8轴运控板卡系统） ====》：输出AXIS{第2轴},点动量{185MM},运动速度{25MM/s}
2024-01-05 21:02:11,972 [AppLog] INFO : 开启铺粉车不等停运动至站2，速度0.5rev/s：BackToStation2
2024-01-05 21:02:12,089 [AppLog] INFO : 打开IR灯：OpenIRLamp(true)
2024-01-05 21:02:14,894 [AppLog] INFO : 关闭IR灯：OpenIRLamp(false)
2024-01-05 21:02:19,374 [AppLog] INFO : 开启铺粉车不等停运动至再次出光前位置305mm，速度250mm/s：BackToStation2
2024-01-05 21:02:20,117 [AppLog] INFO : 手动正向点动指令（8轴运控板卡系统） ====》：输出AXIS{第2轴},点动量{-185MM},运动速度{250MM/s}
2024-01-05 21:02:20,118 [AppLog] INFO : 当前铺粉车位置：打印位置305mm
2024-01-05 21:02:45,120 [AppLog] INFO : 手动正向点动指令（8轴运控板卡系统） ====》：输出AXIS{第2轴},点动量{185MM},运动速度{25MM/s}
2024-01-05 21:02:45,120 [AppLog] INFO : 开启铺粉车不等停运动至站2，速度0.5rev/s：BackToStation2
2024-01-05 21:02:45,230 [AppLog] INFO : 打开IR灯：OpenIRLamp(true)
2024-01-05 21:02:48,035 [AppLog] INFO : 关闭IR灯：OpenIRLamp(false)
2024-01-05 21:02:52,521 [AppLog] INFO : 开启铺粉车不等停运动至再次出光前位置305mm，速度250mm/s：BackToStation2
2024-01-05 21:02:53,265 [AppLog] INFO : 手动正向点动指令（8轴运控板卡系统） ====》：输出AXIS{第2轴},点动量{-185MM},运动速度{250MM/s}
2024-01-05 21:02:53,265 [AppLog] INFO : 当前铺粉车位置：打印位置305mm
2024-01-05 21:03:18,267 [AppLog] INFO : 手动正向点动指令（8轴运控板卡系统） ====》：输出AXIS{第2轴},点动量{185MM},运动速度{25MM/s}
2024-01-05 21:03:18,268 [AppLog] INFO : 开启铺粉车不等停运动至站2，速度0.5rev/s：BackToStation2
2024-01-05 21:03:18,394 [AppLog] INFO : 打开IR灯：OpenIRLamp(true)
2024-01-05 21:03:21,179 [AppLog] INFO : 关闭IR灯：OpenIRLamp(false)
2024-01-05 21:03:25,669 [AppLog] INFO : 开启铺粉车不等停运动至再次出光前位置305mm，速度250mm/s：BackToStation2
2024-01-05 21:03:26,412 [AppLog] INFO : 手动正向点动指令（8轴运控板卡系统） ====》：输出AXIS{第2轴},点动量{-185MM},运动速度{250MM/s}
2024-01-05 21:03:26,412 [AppLog] INFO : 当前铺粉车位置：打印位置305mm
2024-01-05 21:03:51,415 [AppLog] INFO : 手动正向点动指令（8轴运控板卡系统） ====》：输出AXIS{第2轴},点动量{185MM},运动速度{25MM/s}
2024-01-05 21:03:51,415 [AppLog] INFO : 开启铺粉车不等停运动至站2，速度0.5rev/s：BackToStation2
2024-01-05 21:03:51,536 [AppLog] INFO : 打开IR灯：OpenIRLamp(true)
2024-01-05 21:03:54,341 [AppLog] INFO : 关闭IR灯：OpenIRLamp(false)
2024-01-05 21:03:58,817 [AppLog] INFO : 开启铺粉车不等停运动至再次出光前位置305mm，速度250mm/s：BackToStation2
2024-01-05 21:03:59,560 [AppLog] INFO : 手动正向点动指令（8轴运控板卡系统） ====》：输出AXIS{第2轴},点动量{-185MM},运动速度{250MM/s}
2024-01-05 21:03:59,560 [AppLog] INFO : 当前铺粉车位置：打印位置305mm
2024-01-05 21:04:24,561 [AppLog] INFO : 进入自动清洗过程：AutoCleanThread
2024-01-05 21:04:24,905 [AppLog] INFO : 刮墨轴回零成功：motionMap.SetBackSpreaderAxis(4, 1, 2, -SinkHomePosition)
2024-01-05 21:04:24,905 [AppLog] INFO : 准备读取编码器位置：Y方向！
2024-01-05 21:04:24,907 [AppLog] INFO : 准备运动，编码器当前位置：DEM_GetAxisEncodeVal：MoveDirectionFlag{false为Y方向：True}CurrentPos{116}AimPos{116}
2024-01-05 21:04:24,907 [AppLog] INFO : Y方向运动开始：DEM_Run：返回值{True}nAxis{1}DirFlag{False}nSpeed{300000}MoveStep{0}nCtlValue{1}
2024-01-05 21:04:24,962 [AppLog] INFO : Y方向到位停止：DEM_StopAxisRun：返回值{True}CurrentPos{116}bImmeStop{False}nAxisMask{2}
2024-01-05 21:04:24,962 [AppLog] INFO : 准备读取编码器位置：X方向！
2024-01-05 21:04:24,963 [AppLog] INFO : 准备运动，当前位置：DEV_GetPrintEncoderValue：MoveDirectionFlag{false为Y方向：False}CurrentPos{680.52}AimPos{780}
2024-01-05 21:04:24,986 [AppLog] INFO : X方向运动开始：DEM_Run：返回值{True}nAxis{0}DirFlag{True}nSpeed{300000}MoveStep{99480}nCtlValue{2}
2024-01-05 21:04:25,973 [AppLog] INFO : X方向到位停止：DEM_StopAxisRun：返回值{True}CurrentPos{779.365}bImmeStop{False}nAxisMask{1}
2024-01-05 21:04:27,180 [AppLog] INFO : 开启压墨： motionMap.SetDo(13, true)
2024-01-05 21:04:28,480 [AppLog] INFO : 关闭压墨： motionMap.SetDo(13, false)
2024-01-05 21:04:28,480 [AppLog] INFO : 压墨等待开启：{3.5S}
2024-01-05 21:04:31,980 [AppLog] INFO : 压墨等待完成：{3.5S}
2024-01-05 21:04:31,980 [AppLog] INFO : 准备读取编码器位置：X方向！
2024-01-05 21:04:31,981 [AppLog] INFO : 准备运动，当前位置：DEV_GetPrintEncoderValue：MoveDirectionFlag{false为Y方向：False}CurrentPos{779.46}AimPos{680}
2024-01-05 21:04:32,007 [AppLog] INFO : X方向运动开始：DEM_Run：返回值{True}nAxis{0}DirFlag{False}nSpeed{200000}MoveStep{-99460}nCtlValue{2}
2024-01-05 21:04:32,864 [AppLog] INFO : X方向到位停止：DEM_StopAxisRun：返回值{True}CurrentPos{684.57}bImmeStop{False}nAxisMask{1}
2024-01-05 21:04:33,415 [AppLog] INFO : 结束自动清洗过程：AutoCleanThread
2024-01-05 21:04:33,416 [AppLog] INFO : 手动正向点动指令（8轴运控板卡系统） ====》：输出AXIS{第2轴},点动量{185MM},运动速度{25MM/s}
2024-01-05 21:04:33,416 [AppLog] INFO : 开启铺粉车不等停运动至站2，速度0.5rev/s：BackToStation2
2024-01-05 21:04:33,534 [AppLog] INFO : 打开IR灯：OpenIRLamp(true)
2024-01-05 21:04:36,339 [AppLog] INFO : 关闭IR灯：OpenIRLamp(false)
2024-01-05 21:04:40,818 [AppLog] INFO : 开启铺粉车不等停运动至再次出光前位置305mm，速度250mm/s：BackToStation2
2024-01-05 21:04:41,561 [AppLog] INFO : 手动正向点动指令（8轴运控板卡系统） ====》：输出AXIS{第2轴},点动量{-185MM},运动速度{250MM/s}
2024-01-05 21:04:41,561 [AppLog] INFO : 当前铺粉车位置：打印位置305mm
2024-01-05 21:04:41,562 [AppLog] INFO : 开启铺粉车不等停运动至准备打印位置215mm，速度250mm/s：BackToStation2
2024-01-05 21:04:41,924 [AppLog] INFO : 手动正向点动指令（8轴运控板卡系统） ====》：输出AXIS{第2轴},点动量{-90MM},运动速度{250MM/s}
2024-01-05 21:04:41,925 [AppLog] INFO : 当前铺粉车位置：打印位置215mm
2024-01-05 21:04:41,925 [AppLog] INFO : 电气控制模块：手动打开端口14
2024-01-05 21:04:41,925 [AppLog] INFO : 电气控制模块：手动打开端口15
2024-01-05 21:04:42,701 [AppLog] INFO : 手动正向点动指令（8轴运控板卡系统） ====》：输出AXIS{第1轴},点动量{1.5MM},运动速度{2MM/s}
2024-01-05 21:04:42,701 [AppLog] INFO : 电气控制模块：手动关闭端口15
2024-01-05 21:04:42,701 [AppLog] INFO : 电气控制模块：手动关闭端口14
2024-01-05 21:04:42,702 [AppLog] INFO : 成形面高度上升层厚 TrapSpace{1.5mm}：TrapMoveUp(1, true, Convert.ToString(vel), Convert.ToString(TrapSpace), true, true）
2024-01-05 21:04:42,702 [AppLog] INFO : 开启铺粉车不等停运动，准备运动至准备打印位置215mm，速度250mm/s：BackToStation2
2024-01-05 21:04:42,703 [AppLog] INFO : 手动正向点动指令（8轴运控板卡系统） ====》：输出AXIS{第2轴},点动量{0MM},运动速度{250MM/s}
2024-01-05 21:04:42,704 [AppLog] INFO : 当前铺粉车位置：打印位置215mm
2024-01-05 21:04:42,705 [AppLog] INFO : 手动正向点动指令（8轴运控板卡系统） ====》：输出AXIS{第2轴},点动量{480MM},运动速度{50MM/s}
2024-01-05 21:04:42,705 [AppLog] INFO : 开启铺粉车不等停运动至准备打印位置695mm，速度50mm/s：BackToStation2
2024-01-05 21:04:42,838 [AppLog] INFO : 手动正向点动指令（8轴运控板卡系统） ====》：输出AXIS{第3轴},点动量{0.125MM},运动速度{1MM/s}
2024-01-05 21:04:42,838 [AppLog] INFO : 在{40mm}处，落粉轴运动{45度}，落粉轴转速{1rev/s}：TrapMoveUp(3, true, Convert.ToString(DispenseRollerSpeed), 0.5, true, true)
2024-01-05 21:04:42,839 [AppLog] INFO : 手动正向点动指令（8轴运控板卡系统） ====》：输出AXIS{第3轴},点动量{0.5MM},运动速度{0.0753424657534247MM/s}
2024-01-05 21:04:42,839 [AppLog] INFO : 开启均匀落粉及辊子铺平运动：TrapMoveUp(3, true, Convert.ToString(DispenseRollerSpeed), 0.5, true, true)
2024-01-05 21:04:51,071 [AppLog] INFO : 手动正向点动指令（8轴运控板卡系统） ====》：输出AXIS{第3轴},点动量{0.5MM},运动速度{2MM/s}
2024-01-05 21:04:51,071 [AppLog] INFO : 落粉轴继续转动以倒掉余粉：TrapMoveUp(3, true, 2, 0.5, true, false)
2024-01-05 21:04:52,309 [AppLog] INFO : 电气控制模块：手动打开端口14
2024-01-05 21:04:52,309 [AppLog] INFO : 电气控制模块：手动打开端口15
2024-01-05 21:04:53,085 [AppLog] INFO : 手动正向点动指令（8轴运控板卡系统） ====》：输出AXIS{第1轴},点动量{-1.5MM},运动速度{2MM/s}
2024-01-05 21:04:53,085 [AppLog] INFO : 电气控制模块：手动关闭端口15
2024-01-05 21:04:53,086 [AppLog] INFO : 电气控制模块：手动关闭端口14
2024-01-05 21:04:53,086 [AppLog] INFO : 成形面高度下降指定厚度 TrapSpace{1.5mm}：TrapMoveUp(1, true, Convert.ToString(vel), Convert.ToString(TrapSpace), true, true）
2024-01-05 21:04:55,875 [AppLog] INFO : 手动正向点动指令（8轴运控板卡系统） ====》：输出AXIS{第2轴},点动量{-696.5MM},运动速度{250MM/s}
2024-01-05 21:04:55,875 [AppLog] INFO : 铺粉车返回至站1：BackToStation2(AimPos, MovSpeed, true)：-1.5mm，速度250mm/s：BackToStation2
2024-01-05 21:04:56,627 [AppLog] INFO : 落粉轴回零成功：motionMap.SetBackSpreaderAxis(3, 0.5, 2, -SinkPosition)：ReturnCode{True}
2024-01-05 21:04:56,627 [AppLog] INFO : 电气控制模块：手动打开端口14
2024-01-05 21:04:56,627 [AppLog] INFO : 电气控制模块：手动打开端口15
2024-01-05 21:04:57,403 [AppLog] INFO : 手动正向点动指令（8轴运控板卡系统） ====》：输出AXIS{第1轴},点动量{1.5MM},运动速度{2MM/s}
2024-01-05 21:04:57,403 [AppLog] INFO : 电气控制模块：手动关闭端口15
2024-01-05 21:04:57,404 [AppLog] INFO : 电气控制模块：手动关闭端口14
2024-01-05 21:04:57,404 [AppLog] INFO : 成形面高度上升层厚 TrapSpace{1.5mm}：TrapMoveUp(1, true, Convert.ToString(vel), Convert.ToString(TrapSpace), true, true）
2024-01-05 21:04:57,404 [AppLog] INFO : 自动铺粉正常结束：NewAutoSupplyPowderThread2
2024-01-05 21:04:57,405 [AppLog] INFO : 发送监控指令，拍照记录1条：SendMessageFromSharedMemory
2024-01-05 21:04:57,405 [AppLog] INFO : 铺粉模式：固化结束再开启铺粉！
2024-01-05 21:04:57,405 [AppLog] INFO : 执行完成铺粉固化操作：EquipmentMotionLogic3：m_bApplyPowderSupplyMotion:0
2024-01-05 21:04:57,405 [AppLog] INFO : 接收到起始打印指令：PrintTaskTHREAD
2024-01-05 21:04:57,419 [AppLog] INFO : 获取打印Pass数据：IDP_GetPassItem2：nLayerIndex{11}nPassID{0}nProcState{3}LPPassDataItemb:PrtDir{False}nDataTxCompleteCnt{1}nHwMemAdrMatchMask{1}nLayerIndex{11}nLayerPassCount{6}nLayerPassIndex{0}nMinJet0ImgLinePos{355}nPrtMemHwAddr{System.UInt32[]}nPrtDataOffset{System.UInt32[]}nSrcDataSize{System.UInt32[]}nPrtColBytes{System.UInt32[]}nPrtPrecession{4}nSrcEndCols{16000}nSrcStartCols{0}nStartEncPos{76512}nValidPassJets{1280}nValidPrtCols{16619}nValidPrtCtlCnts{1}pDataBuf{0}pNextItem{693886848}
2024-01-05 21:04:57,429 [AppLog] INFO : 使能Pass打印成功：IDP_DoPassPrint2：nLayerIndex{11}nPassID{0}
2024-01-05 21:04:57,435 [AppLog] INFO : PASS打印前关键状态：DEV_GetDeviceInfo：nLayerIndex{11}nPassID{0}LPPRINTER_INFO:nXSysEncDPI{5080}nStatus{909129520}nPrintStatus{0}bSuperDevice{1}
LPPRINTER_INFO-LPPrtRunInfo:bJobPrtRuning{True}bLayerPrtIsOver{False}nContReqMemErr{0}nContWDErr{0}nCurPrtDir{0}nDTLayerIndex{11}nDTLayerPassIndex{5}nDTPtrCtlIndex{0}nLayerPassCount{6}nPrintLayerIndex{11}nPrintPassIndex{0}nProcLayerIndex{11}nPrtDataMemAddr{0}nPrtState{0}nReverse{System.Int32[]}nRevPrtCols{0}
LPPRINTER_INFO-LPDRVINFO:nFMVersion{45074}nFpgaVersion{539038216}nPCBVersion{0}nState{0}nNextState{0}nPtvwarnState{0}nCrc32{0}nRevInfo{System.UInt32[]}nSignature{0}
2024-01-05 21:04:57,436 [AppLog] INFO : 创建：AutoPrintMotion1=》不需重新创建-手动操作！
2024-01-05 21:04:57,436 [AppLog] INFO : 进入：EquipmentMotionLogic3=》准备创建对象-手动操作！
2024-01-05 21:04:57,436 [AppLog] INFO : 进入：EquipmentMotionLogic3=》不需重新创建-手动操作！
2024-01-05 21:04:57,437 [AppLog] INFO : 进入：EquipmentMotionLogic3=》赋值完成自-AutoPrintMotion2！
2024-01-05 21:04:57,437 [AppLog] INFO : 进入：EquipmentMotionLogic3=》加载配置文件-LoadJsonFile成功！
2024-01-05 21:04:57,437 [AppLog] INFO : 进入自动清洗过程：AutoCleanThread
2024-01-05 21:04:57,781 [AppLog] INFO : 刮墨轴回零成功：motionMap.SetBackSpreaderAxis(4, 1, 2, -SinkHomePosition)
2024-01-05 21:04:57,781 [AppLog] INFO : 准备读取编码器位置：Y方向！
2024-01-05 21:04:57,784 [AppLog] INFO : 准备运动，编码器当前位置：DEM_GetAxisEncodeVal：MoveDirectionFlag{false为Y方向：True}CurrentPos{116}AimPos{116}
2024-01-05 21:04:57,785 [AppLog] INFO : Y方向运动开始：DEM_Run：返回值{True}nAxis{1}DirFlag{False}nSpeed{300000}MoveStep{0}nCtlValue{1}
2024-01-05 21:04:57,844 [AppLog] INFO : Y方向到位停止：DEM_StopAxisRun：返回值{True}CurrentPos{116}bImmeStop{False}nAxisMask{2}
2024-01-05 21:04:57,845 [AppLog] INFO : 准备读取编码器位置：X方向！
2024-01-05 21:04:57,849 [AppLog] INFO : 准备运动，当前位置：DEV_GetPrintEncoderValue：MoveDirectionFlag{false为Y方向：False}CurrentPos{680.555}AimPos{780}
2024-01-05 21:04:57,871 [AppLog] INFO : X方向运动开始：DEM_Run：返回值{True}nAxis{0}DirFlag{True}nSpeed{300000}MoveStep{99444.9999999999}nCtlValue{2}
2024-01-05 21:04:58,790 [AppLog] INFO : X方向到位停止：DEM_StopAxisRun：返回值{True}CurrentPos{778.37}bImmeStop{False}nAxisMask{1}
2024-01-05 21:05:00,003 [AppLog] INFO : 开启压墨： motionMap.SetDo(13, true)
2024-01-05 21:05:01,303 [AppLog] INFO : 关闭压墨： motionMap.SetDo(13, false)
2024-01-05 21:05:01,303 [AppLog] INFO : 压墨等待开启：{3.5S}
2024-01-05 21:05:04,804 [AppLog] INFO : 压墨等待完成：{3.5S}
2024-01-05 21:05:04,804 [AppLog] INFO : 准备读取编码器位置：X方向！
2024-01-05 21:05:04,806 [AppLog] INFO : 准备运动，当前位置：DEV_GetPrintEncoderValue：MoveDirectionFlag{false为Y方向：False}CurrentPos{779.465}AimPos{680}
2024-01-05 21:05:04,829 [AppLog] INFO : X方向运动开始：DEM_Run：返回值{True}nAxis{0}DirFlag{False}nSpeed{200000}MoveStep{-99465}nCtlValue{2}
2024-01-05 21:05:05,685 [AppLog] INFO : X方向到位停止：DEM_StopAxisRun：返回值{True}CurrentPos{684.855}bImmeStop{False}nAxisMask{1}
2024-01-05 21:05:06,237 [AppLog] INFO : 结束自动清洗过程：AutoCleanThread
2024-01-05 21:05:06,237 [AppLog] INFO : 进入：EquipmentMotionLogic3=》准备创建对象-手动操作！
2024-01-05 21:05:06,237 [AppLog] INFO : 进入：EquipmentMotionLogic3=》不需重新创建-手动操作！
2024-01-05 21:05:06,237 [AppLog] INFO : 进入：EquipmentMotionLogic3=》赋值完成自-AutoPrintMotion2！
2024-01-05 21:05:06,238 [AppLog] INFO : 进入：EquipmentMotionLogic3=》加载配置文件-LoadJsonFile成功！
2024-01-05 21:05:06,238 [AppLog] INFO : 进入：AutoPrintThread3！
2024-01-05 21:05:06,244 [AppLog] INFO : 关闭闪喷操作：IDP_FlashPrtCtl：返回值{True}
2024-01-05 21:05:06,245 [AppLog] INFO : 准备读取编码器位置：Y方向！
2024-01-05 21:05:06,274 [AppLog] INFO : 准备运动，编码器当前位置：DEM_GetAxisEncodeVal：MoveDirectionFlag{false为Y方向：True}CurrentPos{116}AimPos{91}
2024-01-05 21:05:06,437 [AppLog] INFO : Y方向运动开始：DEM_Run：返回值{True}nAxis{1}DirFlag{False}nSpeed{300000}MoveStep{-25047.275}nCtlValue{1}
2024-01-05 21:05:06,488 [AppLog] INFO : 准备读取编码器位置：X方向！
2024-01-05 21:05:06,506 [AppLog] INFO : 准备运动，当前位置：DEV_GetPrintEncoderValue：MoveDirectionFlag{false为Y方向：False}CurrentPos{680.53}AimPos{425}
2024-01-05 21:05:06,545 [AppLog] INFO : X方向运动开始：DEM_Run：返回值{True}nAxis{0}DirFlag{False}nSpeed{300000}MoveStep{-255530}nCtlValue{2}
2024-01-05 21:05:07,946 [AppLog] INFO : X方向到位停止：DEM_StopAxisRun：返回值{True}CurrentPos{429.95}bImmeStop{False}nAxisMask{1}
2024-01-05 21:05:07,947 [AppLog] INFO : 准备读取编码器位置：X方向！
2024-01-05 21:05:07,955 [AppLog] INFO : 准备运动，当前位置：DEV_GetPrintEncoderValue：MoveDirectionFlag{false为Y方向：False}CurrentPos{429.35}AimPos{25}
2024-01-05 21:05:07,980 [AppLog] INFO : X方向运动开始：DEM_Run：返回值{True}nAxis{0}DirFlag{False}nSpeed{100000}MoveStep{-404350}nCtlValue{2}
2024-01-05 21:05:12,179 [AppLog] INFO : X方向到位停止：DEM_StopAxisRun：返回值{True}CurrentPos{25.27}bImmeStop{False}nAxisMask{1}
2024-01-05 21:05:12,180 [AppLog] INFO : 准备读取编码器位置：Y方向！
2024-01-05 21:05:12,181 [AppLog] INFO : 准备运动，编码器当前位置：DEM_GetAxisEncodeVal：MoveDirectionFlag{false为Y方向：True}CurrentPos{91.015}AimPos{101.021166666667}
2024-01-05 21:05:12,306 [AppLog] INFO : Y方向运动开始：DEM_Run：返回值{True}nAxis{1}DirFlag{True}nSpeed{100000}MoveStep{10025.0883278333}nCtlValue{1}
2024-01-05 21:05:12,361 [AppLog] INFO : Y方向到位停止：DEM_StopAxisRun：返回值{True}CurrentPos{97.255}bImmeStop{False}nAxisMask{2}
2024-01-05 21:05:12,361 [AppLog] INFO : 获取打印Pass数据：IDP_GetPassItem2：nLayerIndex{11}nPassID{1}nProcState{3}LPPassDataItemb:PrtDir{True}nDataTxCompleteCnt{1}nHwMemAdrMatchMask{1}nLayerIndex{11}nLayerPassCount{6}nLayerPassIndex{1}nMinJet0ImgLinePos{1635}nPrtMemHwAddr{System.UInt32[]}nPrtDataOffset{System.UInt32[]}nSrcDataSize{System.UInt32[]}nPrtColBytes{System.UInt32[]}nPrtPrecession{4}nSrcEndCols{16000}nSrcStartCols{0}nStartEncPos{10000}nValidPassJets{1280}nValidPrtCols{16619}nValidPrtCtlCnts{1}pDataBuf{0}pNextItem{693887008}
2024-01-05 21:05:12,373 [AppLog] INFO : 使能Pass打印成功：IDP_DoPassPrint2：nLayerIndex{11}nPassID{1}
2024-01-05 21:05:12,382 [AppLog] INFO : PASS打印前关键状态：DEV_GetDeviceInfo：nLayerIndex{11}nPassID{1}LPPRINTER_INFO:nXSysEncDPI{5080}nStatus{909129520}nPrintStatus{0}bSuperDevice{1}
LPPRINTER_INFO-LPPrtRunInfo:bJobPrtRuning{True}bLayerPrtIsOver{False}nContReqMemErr{0}nContWDErr{0}nCurPrtDir{0}nDTLayerIndex{11}nDTLayerPassIndex{5}nDTPtrCtlIndex{0}nLayerPassCount{6}nPrintLayerIndex{11}nPrintPassIndex{1}nProcLayerIndex{11}nPrtDataMemAddr{0}nPrtState{0}nReverse{System.Int32[]}nRevPrtCols{0}
LPPRINTER_INFO-LPDRVINFO:nFMVersion{45074}nFpgaVersion{539038216}nPCBVersion{0}nState{0}nNextState{0}nPtvwarnState{0}nCrc32{0}nRevInfo{System.UInt32[]}nSignature{0}
2024-01-05 21:05:12,382 [AppLog] INFO : 创建：AutoPrintMotion1=》不需重新创建-手动操作！
2024-01-05 21:05:12,382 [AppLog] INFO : 进入：EquipmentMotionLogic3=》准备创建对象-手动操作！
2024-01-05 21:05:12,383 [AppLog] INFO : 进入：EquipmentMotionLogic3=》不需重新创建-手动操作！
2024-01-05 21:05:12,383 [AppLog] INFO : 进入：EquipmentMotionLogic3=》赋值完成自-AutoPrintMotion2！
2024-01-05 21:05:12,383 [AppLog] INFO : 进入：EquipmentMotionLogic3=》加载配置文件-LoadJsonFile成功！
2024-01-05 21:05:12,383 [AppLog] INFO : 进入：AutoPrintThread3！
2024-01-05 21:05:12,384 [AppLog] INFO : 准备读取编码器位置：X方向！
2024-01-05 21:05:12,391 [AppLog] INFO : 准备运动，当前位置：DEV_GetPrintEncoderValue：MoveDirectionFlag{false为Y方向：False}CurrentPos{21.745}AimPos{425}
2024-01-05 21:05:12,426 [AppLog] INFO : X方向运动开始：DEM_Run：返回值{True}nAxis{0}DirFlag{True}nSpeed{100000}MoveStep{403255}nCtlValue{2}
2024-01-05 21:05:16,602 [AppLog] INFO : X方向到位停止：DEM_StopAxisRun：返回值{True}CurrentPos{419.53}bImmeStop{False}nAxisMask{1}
2024-01-05 21:05:16,602 [AppLog] INFO : 准备读取编码器位置：Y方向！
2024-01-05 21:05:16,604 [AppLog] INFO : 准备运动，编码器当前位置：DEM_GetAxisEncodeVal：MoveDirectionFlag{false为Y方向：True}CurrentPos{100.995}AimPos{145}
2024-01-05 21:05:17,080 [AppLog] INFO : Y方向运动开始：DEM_Run：返回值{True}nAxis{1}DirFlag{True}nSpeed{100000}MoveStep{44088.213455}nCtlValue{1}
2024-01-05 21:05:17,135 [AppLog] INFO : Y方向到位停止：DEM_StopAxisRun：返回值{True}CurrentPos{141.635}bImmeStop{False}nAxisMask{2}
2024-01-05 21:05:17,135 [AppLog] INFO : 获取打印Pass数据：IDP_GetPassItem2：nLayerIndex{11}nPassID{2}nProcState{3}LPPassDataItemb:PrtDir{False}nDataTxCompleteCnt{1}nHwMemAdrMatchMask{1}nLayerIndex{11}nLayerPassCount{6}nLayerPassIndex{2}nMinJet0ImgLinePos{2915}nPrtMemHwAddr{System.UInt32[]}nPrtDataOffset{System.UInt32[]}nSrcDataSize{System.UInt32[]}nPrtColBytes{System.UInt32[]}nPrtPrecession{4}nSrcEndCols{16000}nSrcStartCols{0}nStartEncPos{76512}nValidPassJets{1280}nValidPrtCols{16619}nValidPrtCtlCnts{1}pDataBuf{0}pNextItem{693887168}
2024-01-05 21:05:17,144 [AppLog] INFO : 使能Pass打印成功：IDP_DoPassPrint2：nLayerIndex{11}nPassID{2}
2024-01-05 21:05:17,146 [AppLog] INFO : PASS打印前关键状态：DEV_GetDeviceInfo：nLayerIndex{11}nPassID{2}LPPRINTER_INFO:nXSysEncDPI{5080}nStatus{909129520}nPrintStatus{0}bSuperDevice{1}
LPPRINTER_INFO-LPPrtRunInfo:bJobPrtRuning{True}bLayerPrtIsOver{False}nContReqMemErr{0}nContWDErr{0}nCurPrtDir{0}nDTLayerIndex{11}nDTLayerPassIndex{5}nDTPtrCtlIndex{0}nLayerPassCount{6}nPrintLayerIndex{11}nPrintPassIndex{2}nProcLayerIndex{11}nPrtDataMemAddr{0}nPrtState{0}nReverse{System.Int32[]}nRevPrtCols{0}
LPPRINTER_INFO-LPDRVINFO:nFMVersion{45074}nFpgaVersion{539038216}nPCBVersion{0}nState{0}nNextState{0}nPtvwarnState{0}nCrc32{0}nRevInfo{System.UInt32[]}nSignature{0}
2024-01-05 21:05:17,146 [AppLog] INFO : 创建：AutoPrintMotion1=》不需重新创建-手动操作！
2024-01-05 21:05:17,147 [AppLog] INFO : 进入：EquipmentMotionLogic3=》准备创建对象-手动操作！
2024-01-05 21:05:17,147 [AppLog] INFO : 进入：EquipmentMotionLogic3=》不需重新创建-手动操作！
2024-01-05 21:05:17,147 [AppLog] INFO : 进入：EquipmentMotionLogic3=》赋值完成自-AutoPrintMotion2！
2024-01-05 21:05:17,147 [AppLog] INFO : 进入：EquipmentMotionLogic3=》加载配置文件-LoadJsonFile成功！
2024-01-05 21:05:17,148 [AppLog] INFO : 进入：AutoPrintThread3！
2024-01-05 21:05:17,148 [AppLog] INFO : 准备读取编码器位置：X方向！
2024-01-05 21:05:17,152 [AppLog] INFO : 准备运动，当前位置：DEV_GetPrintEncoderValue：MoveDirectionFlag{false为Y方向：False}CurrentPos{423.405}AimPos{25}
2024-01-05 21:05:17,184 [AppLog] INFO : X方向运动开始：DEM_Run：返回值{True}nAxis{0}DirFlag{False}nSpeed{100000}MoveStep{-398405}nCtlValue{2}
2024-01-05 21:05:21,318 [AppLog] INFO : X方向到位停止：DEM_StopAxisRun：返回值{True}CurrentPos{30.12}bImmeStop{False}nAxisMask{1}
2024-01-05 21:05:21,318 [AppLog] INFO : 准备读取编码器位置：Y方向！
2024-01-05 21:05:21,320 [AppLog] INFO : 准备运动，编码器当前位置：DEM_GetAxisEncodeVal：MoveDirectionFlag{false为Y方向：True}CurrentPos{144.995}AimPos{155.021166666667}
2024-01-05 21:05:21,483 [AppLog] INFO : Y方向运动开始：DEM_Run：返回值{True}nAxis{1}DirFlag{True}nSpeed{100000}MoveStep{10045.1261478333}nCtlValue{1}
2024-01-05 21:05:21,547 [AppLog] INFO : Y方向到位停止：DEM_StopAxisRun：返回值{True}CurrentPos{152.965}bImmeStop{False}nAxisMask{2}
2024-01-05 21:05:21,547 [AppLog] INFO : 获取打印Pass数据：IDP_GetPassItem2：nLayerIndex{11}nPassID{3}nProcState{3}LPPassDataItemb:PrtDir{True}nDataTxCompleteCnt{1}nHwMemAdrMatchMask{1}nLayerIndex{11}nLayerPassCount{6}nLayerPassIndex{3}nMinJet0ImgLinePos{4195}nPrtMemHwAddr{System.UInt32[]}nPrtDataOffset{System.UInt32[]}nSrcDataSize{System.UInt32[]}nPrtColBytes{System.UInt32[]}nPrtPrecession{4}nSrcEndCols{16000}nSrcStartCols{0}nStartEncPos{10000}nValidPassJets{1280}nValidPrtCols{16619}nValidPrtCtlCnts{1}pDataBuf{0}pNextItem{693887328}
2024-01-05 21:05:21,558 [AppLog] INFO : 使能Pass打印成功：IDP_DoPassPrint2：nLayerIndex{11}nPassID{3}
2024-01-05 21:05:21,562 [AppLog] INFO : PASS打印前关键状态：DEV_GetDeviceInfo：nLayerIndex{11}nPassID{3}LPPRINTER_INFO:nXSysEncDPI{5080}nStatus{909129520}nPrintStatus{0}bSuperDevice{1}
LPPRINTER_INFO-LPPrtRunInfo:bJobPrtRuning{True}bLayerPrtIsOver{False}nContReqMemErr{0}nContWDErr{0}nCurPrtDir{0}nDTLayerIndex{11}nDTLayerPassIndex{5}nDTPtrCtlIndex{0}nLayerPassCount{6}nPrintLayerIndex{11}nPrintPassIndex{3}nProcLayerIndex{11}nPrtDataMemAddr{0}nPrtState{0}nReverse{System.Int32[]}nRevPrtCols{0}
LPPRINTER_INFO-LPDRVINFO:nFMVersion{45074}nFpgaVersion{539038216}nPCBVersion{0}nState{0}nNextState{0}nPtvwarnState{0}nCrc32{0}nRevInfo{System.UInt32[]}nSignature{0}
2024-01-05 21:05:21,562 [AppLog] INFO : 创建：AutoPrintMotion1=》不需重新创建-手动操作！
2024-01-05 21:05:21,563 [AppLog] INFO : 进入：EquipmentMotionLogic3=》准备创建对象-手动操作！
2024-01-05 21:05:21,563 [AppLog] INFO : 进入：EquipmentMotionLogic3=》不需重新创建-手动操作！
2024-01-05 21:05:21,563 [AppLog] INFO : 进入：EquipmentMotionLogic3=》赋值完成自-AutoPrintMotion2！
2024-01-05 21:05:21,563 [AppLog] INFO : 进入：EquipmentMotionLogic3=》加载配置文件-LoadJsonFile成功！
2024-01-05 21:05:21,564 [AppLog] INFO : 进入：AutoPrintThread3！
2024-01-05 21:05:21,564 [AppLog] INFO : 准备读取编码器位置：X方向！
2024-01-05 21:05:21,571 [AppLog] INFO : 准备运动，当前位置：DEV_GetPrintEncoderValue：MoveDirectionFlag{false为Y方向：False}CurrentPos{26.655}AimPos{425}
2024-01-05 21:05:21,600 [AppLog] INFO : X方向运动开始：DEM_Run：返回值{True}nAxis{0}DirFlag{True}nSpeed{100000}MoveStep{398345}nCtlValue{2}
2024-01-05 21:05:25,728 [AppLog] INFO : X方向到位停止：DEM_StopAxisRun：返回值{True}CurrentPos{419.15}bImmeStop{False}nAxisMask{1}
2024-01-05 21:05:25,728 [AppLog] INFO : 准备读取编码器位置：Y方向！
2024-01-05 21:05:25,729 [AppLog] INFO : 准备运动，编码器当前位置：DEM_GetAxisEncodeVal：MoveDirectionFlag{false为Y方向：True}CurrentPos{154.995}AimPos{199}
2024-01-05 21:05:26,211 [AppLog] INFO : Y方向运动开始：DEM_Run：返回值{True}nAxis{1}DirFlag{True}nSpeed{100000}MoveStep{44088.213455}nCtlValue{1}
2024-01-05 21:05:26,267 [AppLog] INFO : Y方向到位停止：DEM_StopAxisRun：返回值{True}CurrentPos{195.955}bImmeStop{False}nAxisMask{2}
2024-01-05 21:05:26,267 [AppLog] INFO : 获取打印Pass数据：IDP_GetPassItem2：nLayerIndex{11}nPassID{4}nProcState{3}LPPassDataItemb:PrtDir{False}nDataTxCompleteCnt{1}nHwMemAdrMatchMask{1}nLayerIndex{11}nLayerPassCount{6}nLayerPassIndex{4}nMinJet0ImgLinePos{5475}nPrtMemHwAddr{System.UInt32[]}nPrtDataOffset{System.UInt32[]}nSrcDataSize{System.UInt32[]}nPrtColBytes{System.UInt32[]}nPrtPrecession{4}nSrcEndCols{16000}nSrcStartCols{0}nStartEncPos{76512}nValidPassJets{1280}nValidPrtCols{16619}nValidPrtCtlCnts{1}pDataBuf{0}pNextItem{693887488}
2024-01-05 21:05:26,276 [AppLog] INFO : 使能Pass打印成功：IDP_DoPassPrint2：nLayerIndex{11}nPassID{4}
2024-01-05 21:05:26,278 [AppLog] INFO : PASS打印前关键状态：DEV_GetDeviceInfo：nLayerIndex{11}nPassID{4}LPPRINTER_INFO:nXSysEncDPI{5080}nStatus{909129520}nPrintStatus{0}bSuperDevice{1}
LPPRINTER_INFO-LPPrtRunInfo:bJobPrtRuning{True}bLayerPrtIsOver{False}nContReqMemErr{0}nContWDErr{0}nCurPrtDir{0}nDTLayerIndex{11}nDTLayerPassIndex{5}nDTPtrCtlIndex{0}nLayerPassCount{6}nPrintLayerIndex{11}nPrintPassIndex{4}nProcLayerIndex{11}nPrtDataMemAddr{0}nPrtState{0}nReverse{System.Int32[]}nRevPrtCols{0}
LPPRINTER_INFO-LPDRVINFO:nFMVersion{45074}nFpgaVersion{539038216}nPCBVersion{0}nState{0}nNextState{0}nPtvwarnState{0}nCrc32{0}nRevInfo{System.UInt32[]}nSignature{0}
2024-01-05 21:05:26,278 [AppLog] INFO : 创建：AutoPrintMotion1=》不需重新创建-手动操作！
2024-01-05 21:05:26,279 [AppLog] INFO : 进入：EquipmentMotionLogic3=》准备创建对象-手动操作！
2024-01-05 21:05:26,279 [AppLog] INFO : 进入：EquipmentMotionLogic3=》不需重新创建-手动操作！
2024-01-05 21:05:26,279 [AppLog] INFO : 进入：EquipmentMotionLogic3=》赋值完成自-AutoPrintMotion2！
2024-01-05 21:05:26,279 [AppLog] INFO : 进入：EquipmentMotionLogic3=》加载配置文件-LoadJsonFile成功！
2024-01-05 21:05:26,280 [AppLog] INFO : 进入：AutoPrintThread3！
2024-01-05 21:05:26,280 [AppLog] INFO : 准备读取编码器位置：X方向！
2024-01-05 21:05:26,284 [AppLog] INFO : 准备运动，当前位置：DEV_GetPrintEncoderValue：MoveDirectionFlag{false为Y方向：False}CurrentPos{423.345}AimPos{25}
2024-01-05 21:05:26,310 [AppLog] INFO : X方向运动开始：DEM_Run：返回值{True}nAxis{0}DirFlag{False}nSpeed{100000}MoveStep{-398345}nCtlValue{2}
2024-01-05 21:05:30,439 [AppLog] INFO : X方向到位停止：DEM_StopAxisRun：返回值{True}CurrentPos{30.645}bImmeStop{False}nAxisMask{1}
2024-01-05 21:05:30,439 [AppLog] INFO : 准备读取编码器位置：Y方向！
2024-01-05 21:05:30,440 [AppLog] INFO : 准备运动，编码器当前位置：DEM_GetAxisEncodeVal：MoveDirectionFlag{false为Y方向：True}CurrentPos{198.995}AimPos{209.021166666667}
2024-01-05 21:05:30,585 [AppLog] INFO : Y方向运动开始：DEM_Run：返回值{True}nAxis{1}DirFlag{True}nSpeed{100000}MoveStep{10045.1261478333}nCtlValue{1}
2024-01-05 21:05:30,641 [AppLog] INFO : Y方向到位停止：DEM_StopAxisRun：返回值{True}CurrentPos{206.17}bImmeStop{False}nAxisMask{2}
2024-01-05 21:05:30,641 [AppLog] INFO : 获取打印Pass数据：IDP_GetPassItem2：nLayerIndex{11}nPassID{5}nProcState{3}LPPassDataItemb:PrtDir{True}nDataTxCompleteCnt{1}nHwMemAdrMatchMask{1}nLayerIndex{11}nLayerPassCount{6}nLayerPassIndex{5}nMinJet0ImgLinePos{6755}nPrtMemHwAddr{System.UInt32[]}nPrtDataOffset{System.UInt32[]}nSrcDataSize{System.UInt32[]}nPrtColBytes{System.UInt32[]}nPrtPrecession{4}nSrcEndCols{16000}nSrcStartCols{0}nStartEncPos{10000}nValidPassJets{1280}nValidPrtCols{16619}nValidPrtCtlCnts{1}pDataBuf{0}pNextItem{0}
2024-01-05 21:05:30,652 [AppLog] INFO : 使能Pass打印成功：IDP_DoPassPrint2：nLayerIndex{11}nPassID{5}
2024-01-05 21:05:30,688 [AppLog] INFO : PASS打印前关键状态：DEV_GetDeviceInfo：nLayerIndex{11}nPassID{5}LPPRINTER_INFO:nXSysEncDPI{5080}nStatus{909129520}nPrintStatus{0}bSuperDevice{1}
LPPRINTER_INFO-LPPrtRunInfo:bJobPrtRuning{True}bLayerPrtIsOver{False}nContReqMemErr{0}nContWDErr{0}nCurPrtDir{0}nDTLayerIndex{11}nDTLayerPassIndex{5}nDTPtrCtlIndex{0}nLayerPassCount{6}nPrintLayerIndex{11}nPrintPassIndex{5}nProcLayerIndex{11}nPrtDataMemAddr{0}nPrtState{0}nReverse{System.Int32[]}nRevPrtCols{0}
LPPRINTER_INFO-LPDRVINFO:nFMVersion{45074}nFpgaVersion{539038216}nPCBVersion{0}nState{0}nNextState{0}nPtvwarnState{0}nCrc32{0}nRevInfo{System.UInt32[]}nSignature{0}
2024-01-05 21:05:30,688 [AppLog] INFO : 创建：AutoPrintMotion1=》不需重新创建-手动操作！
2024-01-05 21:05:30,688 [AppLog] INFO : 进入：EquipmentMotionLogic3=》准备创建对象-手动操作！
2024-01-05 21:05:30,689 [AppLog] INFO : 进入：EquipmentMotionLogic3=》不需重新创建-手动操作！
2024-01-05 21:05:30,689 [AppLog] INFO : 进入：EquipmentMotionLogic3=》赋值完成自-AutoPrintMotion2！
2024-01-05 21:05:30,689 [AppLog] INFO : 进入：EquipmentMotionLogic3=》加载配置文件-LoadJsonFile成功！
2024-01-05 21:05:30,689 [AppLog] INFO : 进入：AutoPrintThread3！
2024-01-05 21:05:30,690 [AppLog] INFO : 准备读取编码器位置：X方向！
2024-01-05 21:05:30,697 [AppLog] INFO : 准备运动，当前位置：DEV_GetPrintEncoderValue：MoveDirectionFlag{false为Y方向：False}CurrentPos{26.655}AimPos{425}
2024-01-05 21:05:30,725 [AppLog] INFO : X方向运动开始：DEM_Run：返回值{True}nAxis{0}DirFlag{True}nSpeed{100000}MoveStep{398345}nCtlValue{2}
2024-01-05 21:05:34,856 [AppLog] INFO : X方向到位停止：DEM_StopAxisRun：返回值{True}CurrentPos{419.245}bImmeStop{False}nAxisMask{1}
2024-01-05 21:05:34,857 [AppLog] INFO : 准备读取编码器位置：X方向！
2024-01-05 21:05:34,858 [AppLog] INFO : 准备运动，当前位置：DEV_GetPrintEncoderValue：MoveDirectionFlag{false为Y方向：False}CurrentPos{419.365}AimPos{780}
2024-01-05 21:05:34,890 [AppLog] INFO : X方向运动开始：DEM_Run：返回值{True}nAxis{0}DirFlag{True}nSpeed{300000}MoveStep{360635}nCtlValue{2}
2024-01-05 21:05:34,940 [AppLog] INFO : 准备读取编码器位置：Y方向！
2024-01-05 21:05:34,941 [AppLog] INFO : 准备运动，编码器当前位置：DEM_GetAxisEncodeVal：MoveDirectionFlag{false为Y方向：True}CurrentPos{209.02}AimPos{121}
2024-01-05 21:05:35,316 [AppLog] INFO : Y方向运动开始：DEM_Run：返回值{True}nAxis{1}DirFlag{False}nSpeed{300000}MoveStep{-88186.44582}nCtlValue{1}
2024-01-05 21:05:36,631 [AppLog] INFO : Y方向到位等停：DEM_StopAxisRun：返回值{True}bImmeStop{False}nAxisMask{1}
2024-01-05 21:05:36,637 [AppLog] INFO : X方向到位等停：DEM_StopAxisRun：返回值{True}bImmeStop{False}nAxisMask{2}
2024-01-05 21:05:36,672 [AppLog] INFO : 开启闪喷操作：IDP_FlashPrtCtl：返回值{True}
2024-01-05 21:05:36,672 [AppLog] INFO : 进入：EquipmentMotionLogic3=》准备创建对象-手动操作！
2024-01-05 21:05:36,673 [AppLog] INFO : 进入：EquipmentMotionLogic3=》不需重新创建-手动操作！
2024-01-05 21:05:36,673 [AppLog] INFO : 进入：EquipmentMotionLogic3=》赋值完成自-AutoPrintMotion2！
2024-01-05 21:05:36,677 [AppLog] INFO : 进入：EquipmentMotionLogic3=》加载配置文件-LoadJsonFile成功！
2024-01-05 21:05:36,677 [AppLog] INFO : 进入：AutoPrintThread3！
2024-01-05 21:05:36,678 [AppLog] INFO : 准备读取编码器位置：X方向！
2024-01-05 21:05:36,683 [AppLog] INFO : 准备运动，当前位置：DEV_GetPrintEncoderValue：MoveDirectionFlag{false为Y方向：False}CurrentPos{781.795}AimPos{758}
2024-01-05 21:05:36,716 [AppLog] INFO : X方向运动开始：DEM_Run：返回值{True}nAxis{0}DirFlag{False}nSpeed{300000}MoveStep{-23795.0000000001}nCtlValue{2}
2024-01-05 21:05:37,123 [AppLog] INFO : X方向到位停止：DEM_StopAxisRun：返回值{True}CurrentPos{764.985}bImmeStop{False}nAxisMask{1}
2024-01-05 21:05:37,124 [AppLog] INFO : 准备读取编码器位置：Y方向！
2024-01-05 21:05:37,126 [AppLog] INFO : 准备运动，编码器当前位置：DEM_GetAxisEncodeVal：MoveDirectionFlag{false为Y方向：True}CurrentPos{121.085}AimPos{317}
2024-01-05 21:05:37,847 [AppLog] INFO : Y方向运动开始：DEM_Run：返回值{True}nAxis{1}DirFlag{True}nSpeed{300000}MoveStep{196285.475265}nCtlValue{1}
2024-01-05 21:05:37,903 [AppLog] INFO : Y方向到位停止：DEM_StopAxisRun：返回值{True}CurrentPos{313.31}bImmeStop{False}nAxisMask{2}
2024-01-05 21:05:37,912 [AppLog] INFO : 关闭闪喷操作：IDP_FlashPrtCtl：返回值{True}
2024-01-05 21:05:37,916 [AppLog] INFO : 停止打印任务，释放板卡内存：IDP_StopPrintJob()：ReturnFlag{True}
2024-01-05 21:07:37,822 [AppLog] INFO : 进入手动调试子模块！
2024-01-05 21:07:37,822 [AppLog] INFO : 进入：ManulBtn_Click=》准备创建对象-手动操作！
2024-01-05 21:07:37,860 [AppLog] INFO : 创建：ManualControl=》创建完成-手动操作！
2024-01-05 21:07:37,860 [AppLog] INFO : 加载成功：温控Modbus接口！
2024-01-05 21:07:39,616 [AppLog] INFO : 手动开启自动清洗过程：AutoCleanBtn_Click
2024-01-05 21:07:39,616 [AppLog] INFO : 进入自动清洗过程：AutoCleanThread
2024-01-05 21:07:39,960 [AppLog] INFO : 刮墨轴回零成功：motionMap.SetBackSpreaderAxis(4, 1, 2, -SinkHomePosition)
2024-01-05 21:07:39,960 [AppLog] INFO : 准备读取编码器位置：Y方向！
2024-01-05 21:07:39,962 [AppLog] INFO : 准备运动，编码器当前位置：DEM_GetAxisEncodeVal：MoveDirectionFlag{false为Y方向：True}CurrentPos{316.9}AimPos{116}
2024-01-05 21:07:40,705 [AppLog] INFO : Y方向运动开始：DEM_Run：返回值{True}nAxis{1}DirFlag{False}nSpeed{300000}MoveStep{-201279.9019}nCtlValue{1}
2024-01-05 21:07:40,769 [AppLog] INFO : Y方向到位停止：DEM_StopAxisRun：返回值{True}CurrentPos{121.82}bImmeStop{False}nAxisMask{2}
2024-01-05 21:07:40,769 [AppLog] INFO : 准备读取编码器位置：X方向！
2024-01-05 21:07:40,773 [AppLog] INFO : 准备运动，当前位置：DEV_GetPrintEncoderValue：MoveDirectionFlag{false为Y方向：False}CurrentPos{760.5}AimPos{780}
2024-01-05 21:07:40,799 [AppLog] INFO : X方向运动开始：DEM_Run：返回值{True}nAxis{0}DirFlag{True}nSpeed{300000}MoveStep{19500}nCtlValue{2}
2024-01-05 21:07:41,175 [AppLog] INFO : X方向到位停止：DEM_StopAxisRun：返回值{True}CurrentPos{776.08}bImmeStop{False}nAxisMask{1}
2024-01-05 21:07:41,180 [AppLog] INFO : 关闭闪喷： IDP_FlashPrtCtl(false)：ReturnCode{True}
2024-01-05 21:07:42,382 [AppLog] INFO : 开启压墨： motionMap.SetDo(13, true)
2024-01-05 21:07:43,682 [AppLog] INFO : 关闭压墨： motionMap.SetDo(13, false)
2024-01-05 21:07:43,682 [AppLog] INFO : 压墨等待开启：{3.5S}
2024-01-05 21:07:47,182 [AppLog] INFO : 压墨等待完成：{3.5S}
2024-01-05 21:07:47,182 [AppLog] INFO : 准备读取编码器位置：X方向！
2024-01-05 21:07:47,184 [AppLog] INFO : 准备运动，当前位置：DEV_GetPrintEncoderValue：MoveDirectionFlag{false为Y方向：False}CurrentPos{779.65}AimPos{680}
2024-01-05 21:07:47,211 [AppLog] INFO : X方向运动开始：DEM_Run：返回值{True}nAxis{0}DirFlag{False}nSpeed{200000}MoveStep{-99650}nCtlValue{2}
2024-01-05 21:07:48,062 [AppLog] INFO : X方向到位停止：DEM_StopAxisRun：返回值{True}CurrentPos{685.005}bImmeStop{False}nAxisMask{1}
2024-01-05 21:07:48,613 [AppLog] INFO : 准备读取编码器位置：X方向！
2024-01-05 21:07:48,615 [AppLog] INFO : 准备运动，当前位置：DEV_GetPrintEncoderValue：MoveDirectionFlag{false为Y方向：False}CurrentPos{680.545}AimPos{758}
2024-01-05 21:07:48,646 [AppLog] INFO : X方向运动开始：DEM_Run：返回值{True}nAxis{0}DirFlag{True}nSpeed{300000}MoveStep{77455}nCtlValue{2}
2024-01-05 21:07:49,388 [AppLog] INFO : X方向到位停止：DEM_StopAxisRun：返回值{True}CurrentPos{753.025}bImmeStop{False}nAxisMask{1}
2024-01-05 21:07:49,388 [AppLog] INFO : 准备读取编码器位置：Y方向！
2024-01-05 21:07:49,390 [AppLog] INFO : 准备运动，编码器当前位置：DEM_GetAxisEncodeVal：MoveDirectionFlag{false为Y方向：True}CurrentPos{116.105}AimPos{317}
2024-01-05 21:07:50,119 [AppLog] INFO : Y方向运动开始：DEM_Run：返回值{True}nAxis{1}DirFlag{True}nSpeed{300000}MoveStep{201274.892445}nCtlValue{1}
2024-01-05 21:07:50,174 [AppLog] INFO : Y方向到位停止：DEM_StopAxisRun：返回值{True}CurrentPos{310.295}bImmeStop{False}nAxisMask{2}
2024-01-05 21:07:50,174 [AppLog] INFO : 结束自动清洗过程：AutoCleanThread
2024-01-05 21:08:17,280 [AppLog] INFO : 退出手动调试子模块，未执行修改
==========================================================================
2024-01-05 21:08:18,165 [AppLog] INFO : 监控记录设置！
2024-01-05 21:18:28,196 [AppLog] INFO : 更新监控配置文件：SaveJsonFile：配置文件路径{D:\Release-3DPrintingForBinderJetting-V2.0\MonitorPrint-Configuration.json}m_sMonitorRecordPath{D:\shibiao-daying-240104}m_sPrintJobName{Shibiao-0104-test22-25-26}m_anJettingBinderBedMonitorFlags{False,False,False,False,False,False,True,False,False,False,False,True,}
2024-01-05 21:18:29,621 [AppLog] INFO : 关闭闪喷操作：IDP_FlashPrtCtl：返回值{True}
2024-01-05 21:18:29,622 [AppLog] INFO : 删除打印任务：准备删除数据处理及打印线程
2024-01-05 21:18:29,628 [AppLog] INFO : 关闭打印线程成功：PrintTaskTHREAD
2024-01-05 21:18:29,629 [AppLog] INFO : 关闭打印线程成功：DataTaskTHREAD
2024-01-05 21:18:29,634 [AppLog] INFO : 停止打印任务，释放板卡内存：IDP_StopPrintJob()：ReturnFlag{True}
2024-01-05 21:18:30,640 [AppLog] INFO : 进入手动调试子模块！
2024-01-05 21:18:30,640 [AppLog] INFO : 进入：ManulBtn_Click=》准备创建对象-手动操作！
2024-01-05 21:18:30,675 [AppLog] INFO : 创建：ManualControl=》创建完成-手动操作！
2024-01-05 21:18:30,675 [AppLog] INFO : 加载成功：温控Modbus接口！
2024-01-05 21:18:32,294 [AppLog] INFO : 退出手动调试子模块，未执行修改
==========================================================================
2024-01-05 21:18:34,066 [AppLog] INFO : 开启系统：板卡通讯，伺服供电，照明系统，UV/HR固化系统！
2024-01-05 21:18:34,920 [AppLog] INFO : 关闭系统：一键关闭系统开始！
2024-01-05 21:18:41,044 [AppLog] INFO : 关闭系统：一键关闭系统结束！
2024-01-05 21:18:41,052 [AppLog] INFO : 喷墨控制器的所有轴输出关闭！
2024-01-05 21:18:41,176 [AppLog] INFO : 喷墨控制器关闭！
2024-01-05 21:18:41,177 [AppLog] INFO : 创建：AutoPrintMotion0=》不需重新创建-手动操作！
2024-01-05 21:18:41,178 [AppLog] INFO : 进入电气控制模块
2024-01-05 21:18:50,850 [AppLog] INFO : 电气控制模块：手动关闭端口15
2024-01-05 21:18:51,521 [AppLog] INFO : 电气控制模块：手动关闭端口14
2024-01-05 21:18:51,927 [AppLog] INFO : 退出电气控制模块
2024-01-05 21:18:53,923 [AppLog] INFO : 软件及设备关停中：墨车所有方向运动确认停止（X,Y,Y2)： bImmeStop{False},nAxisMask{0x7}
2024-01-05 21:18:53,923 [AppLog] INFO : 软件及设备关停中：喷墨控制器板卡系统关闭（X,Y,Y2)：DEV_CloseDevice
2024-01-05 21:18:54,594 [AppLog] INFO : 软件及设备关停成功
==========================================================================
操作系统:{Microsoft Windows 7 旗舰版 }
运行环境:{ .Net Framework Enviroment Version 4.0.30319.42000}
盘符：D
CPU使用率：{0%} ，可用内存大小:{13970MB}，硬盘剩余空间：
  盘符 C:\ 的剩余空间：70 GB
  盘符 D:\ 的剩余空间：40 GB
==========================================================================
