2024-01-23 13:06:15,654 [AppLog] INFO : 软件开机密码正确，登录成功1次
==========================================================================
操作系统:{Microsoft Windows 7 旗舰版 }
运行环境:{ .Net Framework Enviroment Version 4.0.30319.42000}
盘符：D
CPU使用率：{26.56222%} ，可用内存大小:{14392MB}，硬盘剩余空间：
  盘符 C:\ 的剩余空间：70 GB
  盘符 D:\ 的剩余空间：40 GB
硬件配置情况：
  CPU 厂家: GenuineIntel CPU 型号: Intel(R) Core(TM) i7-4770 CPU @ 3.40GHz
  内存条厂家: Kingston 内存条型号: 99P5471-043.A00LF 
  内存条厂家: Kingston 内存条型号: 99P5471-043.A00LF 
  硬盘厂家: (标准磁盘驱动器) 硬盘型号: Micron_1300_MTFDDAK256TDL ATA Device
==========================================================================
2024-01-23 13:06:15,669 [AppLog] INFO : 开启系统：板卡通讯，伺服供电，照明系统，UV/HR固化系统！
2024-01-23 13:06:15,669 [AppLog] INFO : 开启系统：一键启动系统开始！
2024-01-23 13:06:21,769 [AppLog] INFO : 开启系统：一键启动系统结束！
2024-01-23 13:06:21,987 [AppLog] INFO : 创建：AutoPrintMotion0=》初次创建完成-手动操作！
2024-01-23 13:06:22,065 [AppLog] INFO : 初始化喷墨控制器启动！
2024-01-23 13:06:45,840 [AppLog] INFO : 打开喷墨控制器设备成功！
2024-01-23 13:06:45,871 [AppLog] INFO : 输入校准值1次{成功}，打印往返差校准值为：BiDirEncPrtOff{5},分频值{8},打印速度{300mm/s}
2024-01-23 13:06:46,261 [AppLog] INFO : PASS打印前关键状态：DEV_GetDeviceInfo：LPPRINTER_INFO:nXSysEncDPI{5080}nStatus{909129520}nPrintStatus{0}bSuperDevice{1}
LPPRINTER_INFO-LPPrtRunInfo:bJobPrtRuning{False}bLayerPrtIsOver{False}nContReqMemErr{0}nContWDErr{0}nCurPrtDir{0}nDTLayerIndex{0}nDTLayerPassIndex{0}nDTPtrCtlIndex{0}nLayerPassCount{0}nPrintLayerIndex{0}nPrintPassIndex{0}nProcLayerIndex{0}nPrtDataMemAddr{0}nPrtState{0}nReverse{System.Int32[]}nRevPrtCols{0}
LPPRINTER_INFO-LPDRVINFO:nFMVersion{45074}nFpgaVersion{539038216}nPCBVersion{0}nState{0}nNextState{0}nPtvwarnState{0}nCrc32{0}nRevInfo{System.UInt32[]}nSignature{0}
2024-01-23 13:06:59,661 [AppLog] INFO : 初始化喷墨控制器成功！
2024-01-23 13:06:59,661 [AppLog] INFO : 进入：EquipmentMotionLogic3=》准备创建对象-手动操作！
2024-01-23 13:06:59,693 [AppLog] INFO : 进入：EquipmentMotionLogic3=》创建完成-手动操作！
2024-01-23 13:06:59,833 [AppLog] INFO : 红外灯控制器485通讯建立！
2024-01-23 13:06:59,833 [AppLog] INFO : 进入电气控制模块
2024-01-23 13:07:01,253 [AppLog] INFO : 电气控制模块：手动打开端口15
2024-01-23 13:07:02,345 [AppLog] INFO : 电气控制模块：手动打开端口14
2024-01-23 13:07:02,922 [AppLog] INFO : 退出电气控制模块
2024-01-23 13:07:06,042 [AppLog] INFO : 进入手动调试子模块！
2024-01-23 13:07:06,042 [AppLog] INFO : 进入：ManulBtn_Click=》准备创建对象-手动操作！
2024-01-23 13:07:06,089 [AppLog] INFO : 创建：ManualControl=》创建完成-手动操作！
2024-01-23 13:07:06,089 [AppLog] INFO : 加载成功：温控Modbus接口！
2024-01-23 13:07:10,691 [AppLog] INFO : 手动负向点动指令（8轴运控板卡系统） ====》：输出AXIS{第1轴},点动量{1.5MM},运动速度{2MM/s}
2024-01-23 13:07:11,939 [AppLog] INFO : 手动负向点动指令（8轴运控板卡系统） ====》：输出AXIS{第1轴},点动量{1.5MM},运动速度{2MM/s}
2024-01-23 13:07:12,719 [AppLog] INFO : 手动负向点动指令（8轴运控板卡系统） ====》：输出AXIS{第1轴},点动量{1.5MM},运动速度{2MM/s}
2024-01-23 13:07:13,499 [AppLog] INFO : 手动负向点动指令（8轴运控板卡系统） ====》：输出AXIS{第1轴},点动量{1.5MM},运动速度{2MM/s}
2024-01-23 13:07:13,514 [AppLog] INFO : 切换为JOG模式====》：输出AXIS{第1轴}
2024-01-23 13:07:14,403 [AppLog] INFO : 手动负向JOG指令（8轴运控板卡系统） ====》：输出AXIS{第1轴},运动速度{2MM/s}
2024-01-23 13:07:15,417 [AppLog] INFO : 手动停止JOG输出（8轴运控板卡系统） ====》：输出AXIS{第1轴}
2024-01-23 13:07:20,051 [AppLog] INFO : 手动负向JOG指令（8轴运控板卡系统） ====》：输出AXIS{第1轴},运动速度{5MM/s}
2024-01-23 13:07:20,472 [AppLog] INFO : 手动停止JOG输出（8轴运控板卡系统） ====》：输出AXIS{第1轴}
2024-01-23 13:07:20,815 [AppLog] INFO : 手动负向JOG指令（8轴运控板卡系统） ====》：输出AXIS{第1轴},运动速度{5MM/s}
2024-01-23 13:07:20,831 [AppLog] INFO : 手动停止JOG输出（8轴运控板卡系统） ====》：输出AXIS{第1轴}
2024-01-23 13:07:20,909 [AppLog] INFO : 手动负向JOG指令（8轴运控板卡系统） ====》：输出AXIS{第1轴},运动速度{5MM/s}
2024-01-23 13:07:27,492 [AppLog] INFO : 手动停止JOG输出（8轴运控板卡系统） ====》：输出AXIS{第1轴}
2024-01-23 13:07:27,866 [AppLog] INFO : 手动负向JOG指令（8轴运控板卡系统） ====》：输出AXIS{第1轴},运动速度{5MM/s}
2024-01-23 13:07:46,851 [AppLog] INFO : 手动停止JOG输出（8轴运控板卡系统） ====》：输出AXIS{第1轴}
2024-01-23 13:07:48,973 [AppLog] INFO : 手动负向JOG指令（8轴运控板卡系统） ====》：输出AXIS{第1轴},运动速度{5MM/s}
2024-01-23 13:08:12,638 [AppLog] INFO : 手动停止JOG输出（8轴运控板卡系统） ====》：输出AXIS{第1轴}
2024-01-23 13:08:12,857 [AppLog] INFO : 手动负向JOG指令（8轴运控板卡系统） ====》：输出AXIS{第1轴},运动速度{5MM/s}
2024-01-23 13:08:14,292 [AppLog] INFO : 手动停止JOG输出（8轴运控板卡系统） ====》：输出AXIS{第1轴}
2024-01-23 13:08:14,573 [AppLog] INFO : 手动负向JOG指令（8轴运控板卡系统） ====》：输出AXIS{第1轴},运动速度{5MM/s}
2024-01-23 13:08:15,009 [AppLog] INFO : 手动停止JOG输出（8轴运控板卡系统） ====》：输出AXIS{第1轴}
2024-01-23 13:08:18,239 [AppLog] INFO : 手动负向JOG指令（8轴运控板卡系统） ====》：输出AXIS{第1轴},运动速度{5MM/s}
2024-01-23 13:08:18,941 [AppLog] INFO : 手动停止JOG输出（8轴运控板卡系统） ====》：输出AXIS{第1轴}
2024-01-23 13:08:19,393 [AppLog] INFO : 手动负向JOG指令（8轴运控板卡系统） ====》：输出AXIS{第1轴},运动速度{5MM/s}
2024-01-23 13:08:19,923 [AppLog] INFO : 手动停止JOG输出（8轴运控板卡系统） ====》：输出AXIS{第1轴}
2024-01-23 13:08:22,295 [AppLog] INFO : 手动负向JOG指令（8轴运控板卡系统） ====》：输出AXIS{第1轴},运动速度{5MM/s}
2024-01-23 13:08:22,731 [AppLog] INFO : 手动停止JOG输出（8轴运控板卡系统） ====》：输出AXIS{第1轴}
2024-01-23 13:08:25,274 [AppLog] INFO : 手动负向JOG指令（8轴运控板卡系统） ====》：输出AXIS{第1轴},运动速度{5MM/s}
2024-01-23 13:08:25,368 [AppLog] INFO : 手动停止JOG输出（8轴运控板卡系统） ====》：输出AXIS{第1轴}
2024-01-23 13:08:27,973 [AppLog] INFO : 切换为点动模式====》：输出AXIS{第1轴}
2024-01-23 13:08:28,613 [AppLog] INFO : 切换为JOG模式====》：输出AXIS{第1轴}
2024-01-23 13:08:29,533 [AppLog] INFO : 手动负向JOG指令（8轴运控板卡系统） ====》：输出AXIS{第1轴},运动速度{5MM/s}
2024-01-23 13:08:29,829 [AppLog] INFO : 手动停止JOG输出（8轴运控板卡系统） ====》：输出AXIS{第1轴}
2024-01-23 13:08:30,407 [AppLog] INFO : 手动负向JOG指令（8轴运控板卡系统） ====》：输出AXIS{第1轴},运动速度{5MM/s}
2024-01-23 13:08:31,031 [AppLog] INFO : 手动停止JOG输出（8轴运控板卡系统） ====》：输出AXIS{第1轴}
2024-01-23 13:08:31,343 [AppLog] INFO : 手动负向JOG指令（8轴运控板卡系统） ====》：输出AXIS{第1轴},运动速度{5MM/s}
2024-01-23 13:08:32,091 [AppLog] INFO : 手动停止JOG输出（8轴运控板卡系统） ====》：输出AXIS{第1轴}
2024-01-23 13:08:32,310 [AppLog] INFO : 手动负向JOG指令（8轴运控板卡系统） ====》：输出AXIS{第1轴},运动速度{5MM/s}
2024-01-23 13:08:35,539 [AppLog] INFO : 手动停止JOG输出（8轴运控板卡系统） ====》：输出AXIS{第1轴}
2024-01-23 13:08:35,757 [AppLog] INFO : 手动负向JOG指令（8轴运控板卡系统） ====》：输出AXIS{第1轴},运动速度{5MM/s}
2024-01-23 13:08:36,803 [AppLog] INFO : 手动停止JOG输出（8轴运控板卡系统） ====》：输出AXIS{第1轴}
2024-01-23 13:08:37,177 [AppLog] INFO : 手动负向JOG指令（8轴运控板卡系统） ====》：输出AXIS{第1轴},运动速度{5MM/s}
2024-01-23 13:08:38,316 [AppLog] INFO : 手动停止JOG输出（8轴运控板卡系统） ====》：输出AXIS{第1轴}
2024-01-23 13:08:38,566 [AppLog] INFO : 手动负向JOG指令（8轴运控板卡系统） ====》：输出AXIS{第1轴},运动速度{5MM/s}
2024-01-23 13:08:38,690 [AppLog] INFO : 手动停止JOG输出（8轴运控板卡系统） ====》：输出AXIS{第1轴}
2024-01-23 13:08:38,768 [AppLog] INFO : 手动负向JOG指令（8轴运控板卡系统） ====》：输出AXIS{第1轴},运动速度{5MM/s}
2024-01-23 13:08:39,408 [AppLog] INFO : 手动停止JOG输出（8轴运控板卡系统） ====》：输出AXIS{第1轴}
2024-01-23 13:08:39,814 [AppLog] INFO : 手动负向JOG指令（8轴运控板卡系统） ====》：输出AXIS{第1轴},运动速度{5MM/s}
2024-01-23 13:08:40,609 [AppLog] INFO : 手动停止JOG输出（8轴运控板卡系统） ====》：输出AXIS{第1轴}
2024-01-23 13:08:40,906 [AppLog] INFO : 手动负向JOG指令（8轴运控板卡系统） ====》：输出AXIS{第1轴},运动速度{5MM/s}
2024-01-23 13:08:41,280 [AppLog] INFO : 手动停止JOG输出（8轴运控板卡系统） ====》：输出AXIS{第1轴}
2024-01-23 13:08:41,920 [AppLog] INFO : 手动负向JOG指令（8轴运控板卡系统） ====》：输出AXIS{第1轴},运动速度{5MM/s}
2024-01-23 13:08:42,232 [AppLog] INFO : 手动停止JOG输出（8轴运控板卡系统） ====》：输出AXIS{第1轴}
2024-01-23 13:08:42,512 [AppLog] INFO : 手动负向JOG指令（8轴运控板卡系统） ====》：输出AXIS{第1轴},运动速度{5MM/s}
2024-01-23 13:08:42,856 [AppLog] INFO : 手动停止JOG输出（8轴运控板卡系统） ====》：输出AXIS{第1轴}
2024-01-23 13:08:43,168 [AppLog] INFO : 手动负向JOG指令（8轴运控板卡系统） ====》：输出AXIS{第1轴},运动速度{5MM/s}
2024-01-23 13:08:43,324 [AppLog] INFO : 手动停止JOG输出（8轴运控板卡系统） ====》：输出AXIS{第1轴}
2024-01-23 13:08:48,253 [AppLog] INFO : 手动负向JOG指令（8轴运控板卡系统） ====》：输出AXIS{第1轴},运动速度{5MM/s}
2024-01-23 13:08:48,440 [AppLog] INFO : 手动停止JOG输出（8轴运控板卡系统） ====》：输出AXIS{第1轴}
2024-01-23 13:08:48,768 [AppLog] INFO : 手动负向JOG指令（8轴运控板卡系统） ====》：输出AXIS{第1轴},运动速度{5MM/s}
2024-01-23 13:08:48,940 [AppLog] INFO : 手动停止JOG输出（8轴运控板卡系统） ====》：输出AXIS{第1轴}
2024-01-23 13:08:53,464 [AppLog] INFO : 手动正向JOG指令（8轴运控板卡系统） ====》：输出AXIS{第1轴},运动速度{2MM/s}
2024-01-23 13:08:53,542 [AppLog] INFO : 手动停止JOG输出（8轴运控板卡系统） ====》：输出AXIS{第1轴}
2024-01-23 13:08:54,134 [AppLog] INFO : 手动正向JOG指令（8轴运控板卡系统） ====》：输出AXIS{第1轴},运动速度{2MM/s}
2024-01-23 13:08:54,212 [AppLog] INFO : 手动停止JOG输出（8轴运控板卡系统） ====》：输出AXIS{第1轴}
2024-01-23 13:08:54,868 [AppLog] INFO : 手动正向JOG指令（8轴运控板卡系统） ====》：输出AXIS{第1轴},运动速度{2MM/s}
2024-01-23 13:08:54,930 [AppLog] INFO : 手动停止JOG输出（8轴运控板卡系统） ====》：输出AXIS{第1轴}
2024-01-23 13:08:55,398 [AppLog] INFO : 手动正向JOG指令（8轴运控板卡系统） ====》：输出AXIS{第1轴},运动速度{2MM/s}
2024-01-23 13:08:55,460 [AppLog] INFO : 手动停止JOG输出（8轴运控板卡系统） ====》：输出AXIS{第1轴}
2024-01-23 13:08:56,412 [AppLog] INFO : 手动负向JOG指令（8轴运控板卡系统） ====》：输出AXIS{第1轴},运动速度{2MM/s}
2024-01-23 13:08:56,474 [AppLog] INFO : 手动停止JOG输出（8轴运控板卡系统） ====》：输出AXIS{第1轴}
2024-01-23 13:08:56,896 [AppLog] INFO : 手动负向JOG指令（8轴运控板卡系统） ====》：输出AXIS{第1轴},运动速度{2MM/s}
2024-01-23 13:08:56,974 [AppLog] INFO : 手动停止JOG输出（8轴运控板卡系统） ====》：输出AXIS{第1轴}
2024-01-23 13:08:57,457 [AppLog] INFO : 手动负向JOG指令（8轴运控板卡系统） ====》：输出AXIS{第1轴},运动速度{2MM/s}
2024-01-23 13:08:57,520 [AppLog] INFO : 手动停止JOG输出（8轴运控板卡系统） ====》：输出AXIS{第1轴}
2024-01-23 13:08:58,190 [AppLog] INFO : 手动负向JOG指令（8轴运控板卡系统） ====》：输出AXIS{第1轴},运动速度{2MM/s}
2024-01-23 13:08:58,268 [AppLog] INFO : 手动停止JOG输出（8轴运控板卡系统） ====》：输出AXIS{第1轴}
2024-01-23 13:09:00,281 [AppLog] INFO : 退出手动调试子模块，未执行修改
==========================================================================
2024-01-23 13:09:01,654 [AppLog] INFO : 进入手动调试子模块！
2024-01-23 13:09:01,654 [AppLog] INFO : 进入：ManulBtn_Click=》准备创建对象-手动操作！
2024-01-23 13:09:01,685 [AppLog] INFO : 创建：ManualControl=》创建完成-手动操作！
2024-01-23 13:09:01,685 [AppLog] INFO : 加载成功：温控Modbus接口！
2024-01-23 13:09:03,432 [AppLog] INFO : 退出手动调试子模块，未执行修改
==========================================================================
2024-01-23 13:09:04,883 [AppLog] INFO : 进入电气控制模块
2024-01-23 13:09:05,959 [AppLog] INFO : 电气控制模块：手动关闭端口14
2024-01-23 13:09:06,786 [AppLog] INFO : 电气控制模块：手动关闭端口15
2024-01-23 13:09:07,691 [AppLog] INFO : 退出电气控制模块
2024-01-23 13:19:37,551 [AppLog] INFO : 进入电气控制模块
2024-01-23 13:19:39,064 [AppLog] INFO : 退出电气控制模块
2024-01-23 13:19:39,985 [AppLog] INFO : 进入手动调试子模块！
2024-01-23 13:19:39,985 [AppLog] INFO : 进入：ManulBtn_Click=》准备创建对象-手动操作！
2024-01-23 13:19:40,016 [AppLog] INFO : 创建：ManualControl=》创建完成-手动操作！
2024-01-23 13:19:40,016 [AppLog] INFO : 加载成功：温控Modbus接口！
2024-01-23 13:19:42,512 [AppLog] INFO : 手动正向JOG指令（8轴运控板卡系统） ====》：输出AXIS{第2轴},运动速度{50MM/s}
2024-01-23 13:19:44,883 [AppLog] INFO : 自动停止铺粉棍轴JOG输出（8轴运控板卡系统） ====》：输出AXIS{第6轴}
2024-01-23 13:19:44,883 [AppLog] INFO : 手动停止JOG输出（8轴运控板卡系统） ====》：输出AXIS{第2轴}
2024-01-23 13:19:45,164 [AppLog] INFO : 手动正向JOG指令（8轴运控板卡系统） ====》：输出AXIS{第2轴},运动速度{50MM/s}
2024-01-23 13:19:50,702 [AppLog] INFO : 自动停止铺粉棍轴JOG输出（8轴运控板卡系统） ====》：输出AXIS{第6轴}
2024-01-23 13:19:50,702 [AppLog] INFO : 手动停止JOG输出（8轴运控板卡系统） ====》：输出AXIS{第2轴}
2024-01-23 13:19:50,936 [AppLog] INFO : 手动正向JOG指令（8轴运控板卡系统） ====》：输出AXIS{第2轴},运动速度{50MM/s}
2024-01-23 13:19:51,872 [AppLog] INFO : 自动停止铺粉棍轴JOG输出（8轴运控板卡系统） ====》：输出AXIS{第6轴}
2024-01-23 13:19:51,872 [AppLog] INFO : 手动停止JOG输出（8轴运控板卡系统） ====》：输出AXIS{第2轴}
2024-01-23 13:19:52,075 [AppLog] INFO : 手动正向JOG指令（8轴运控板卡系统） ====》：输出AXIS{第2轴},运动速度{50MM/s}
2024-01-23 13:19:52,262 [AppLog] INFO : 自动停止铺粉棍轴JOG输出（8轴运控板卡系统） ====》：输出AXIS{第6轴}
2024-01-23 13:19:52,277 [AppLog] INFO : 手动停止JOG输出（8轴运控板卡系统） ====》：输出AXIS{第2轴}
2024-01-23 13:19:52,574 [AppLog] INFO : 手动正向JOG指令（8轴运控板卡系统） ====》：输出AXIS{第2轴},运动速度{50MM/s}
2024-01-23 13:19:52,652 [AppLog] INFO : 自动停止铺粉棍轴JOG输出（8轴运控板卡系统） ====》：输出AXIS{第6轴}
2024-01-23 13:19:52,652 [AppLog] INFO : 手动停止JOG输出（8轴运控板卡系统） ====》：输出AXIS{第2轴}
2024-01-23 13:19:53,151 [AppLog] INFO : 手动正向JOG指令（8轴运控板卡系统） ====》：输出AXIS{第2轴},运动速度{50MM/s}
2024-01-23 13:19:53,229 [AppLog] INFO : 自动停止铺粉棍轴JOG输出（8轴运控板卡系统） ====》：输出AXIS{第6轴}
2024-01-23 13:19:53,229 [AppLog] INFO : 手动停止JOG输出（8轴运控板卡系统） ====》：输出AXIS{第2轴}
2024-01-23 13:20:22,198 [AppLog] INFO : 手动负向JOG指令（8轴运控板卡系统） ====》：输出AXIS{第3轴},运动速度{1MM/s}
2024-01-23 13:20:22,354 [AppLog] INFO : 手动停止JOG输出（8轴运控板卡系统） ====》：输出AXIS{第3轴}
2024-01-23 13:20:22,604 [AppLog] INFO : 手动负向JOG指令（8轴运控板卡系统） ====》：输出AXIS{第3轴},运动速度{1MM/s}
2024-01-23 13:20:22,838 [AppLog] INFO : 手动停止JOG输出（8轴运控板卡系统） ====》：输出AXIS{第3轴}
2024-01-23 13:20:23,087 [AppLog] INFO : 手动负向JOG指令（8轴运控板卡系统） ====》：输出AXIS{第3轴},运动速度{1MM/s}
2024-01-23 13:20:23,321 [AppLog] INFO : 手动停止JOG输出（8轴运控板卡系统） ====》：输出AXIS{第3轴}
2024-01-23 13:20:23,633 [AppLog] INFO : 手动负向JOG指令（8轴运控板卡系统） ====》：输出AXIS{第3轴},运动速度{1MM/s}
2024-01-23 13:20:25,334 [AppLog] INFO : 手动停止JOG输出（8轴运控板卡系统） ====》：输出AXIS{第3轴}
2024-01-23 13:20:27,455 [AppLog] INFO : 手动正向JOG指令（8轴运控板卡系统） ====》：输出AXIS{第8轴},运动速度{2MM/s}
2024-01-23 13:20:28,313 [AppLog] INFO : 手动停止JOG输出（8轴运控板卡系统） ====》：输出AXIS{第8轴}
2024-01-23 13:20:28,469 [AppLog] INFO : 手动正向JOG指令（8轴运控板卡系统） ====》：输出AXIS{第8轴},运动速度{2MM/s}
2024-01-23 13:20:29,109 [AppLog] INFO : 手动停止JOG输出（8轴运控板卡系统） ====》：输出AXIS{第8轴}
2024-01-23 13:20:29,281 [AppLog] INFO : 手动正向JOG指令（8轴运控板卡系统） ====》：输出AXIS{第8轴},运动速度{2MM/s}
2024-01-23 13:20:29,608 [AppLog] INFO : 手动停止JOG输出（8轴运控板卡系统） ====》：输出AXIS{第8轴}
2024-01-23 13:20:30,700 [AppLog] INFO : 手动正向JOG指令（8轴运控板卡系统） ====》：输出AXIS{第6轴},运动速度{2MM/s}
2024-01-23 13:20:31,246 [AppLog] INFO : 手动停止JOG输出（8轴运控板卡系统） ====》：输出AXIS{第6轴}
2024-01-23 13:20:31,511 [AppLog] INFO : 手动正向JOG指令（8轴运控板卡系统） ====》：输出AXIS{第6轴},运动速度{2MM/s}
2024-01-23 13:20:31,933 [AppLog] INFO : 手动停止JOG输出（8轴运控板卡系统） ====》：输出AXIS{第6轴}
2024-01-23 13:20:32,198 [AppLog] INFO : 手动正向JOG指令（8轴运控板卡系统） ====》：输出AXIS{第6轴},运动速度{2MM/s}
2024-01-23 13:20:32,323 [AppLog] INFO : 手动停止JOG输出（8轴运控板卡系统） ====》：输出AXIS{第6轴}
2024-01-23 13:20:32,666 [AppLog] INFO : 手动正向JOG指令（8轴运控板卡系统） ====》：输出AXIS{第6轴},运动速度{2MM/s}
2024-01-23 13:20:32,791 [AppLog] INFO : 手动停止JOG输出（8轴运控板卡系统） ====》：输出AXIS{第6轴}
2024-01-23 13:20:32,931 [AppLog] INFO : 手动正向JOG指令（8轴运控板卡系统） ====》：输出AXIS{第6轴},运动速度{2MM/s}
2024-01-23 13:20:33,025 [AppLog] INFO : 手动停止JOG输出（8轴运控板卡系统） ====》：输出AXIS{第6轴}
2024-01-23 13:20:33,103 [AppLog] INFO : 手动正向JOG指令（8轴运控板卡系统） ====》：输出AXIS{第6轴},运动速度{2MM/s}
2024-01-23 13:20:33,227 [AppLog] INFO : 手动停止JOG输出（8轴运控板卡系统） ====》：输出AXIS{第6轴}
2024-01-23 13:20:33,321 [AppLog] INFO : 手动正向JOG指令（8轴运控板卡系统） ====》：输出AXIS{第6轴},运动速度{2MM/s}
2024-01-23 13:20:33,415 [AppLog] INFO : 手动停止JOG输出（8轴运控板卡系统） ====》：输出AXIS{第6轴}
2024-01-23 13:20:33,945 [AppLog] INFO : 手动正向JOG指令（8轴运控板卡系统） ====》：输出AXIS{第6轴},运动速度{2MM/s}
2024-01-23 13:20:34,085 [AppLog] INFO : 手动停止JOG输出（8轴运控板卡系统） ====》：输出AXIS{第6轴}
2024-01-23 13:20:34,163 [AppLog] INFO : 手动正向JOG指令（8轴运控板卡系统） ====》：输出AXIS{第6轴},运动速度{2MM/s}
2024-01-23 13:20:34,335 [AppLog] INFO : 手动停止JOG输出（8轴运控板卡系统） ====》：输出AXIS{第6轴}
2024-01-23 13:20:34,460 [AppLog] INFO : 手动正向JOG指令（8轴运控板卡系统） ====》：输出AXIS{第6轴},运动速度{2MM/s}
2024-01-23 13:20:35,224 [AppLog] INFO : 手动停止JOG输出（8轴运控板卡系统） ====》：输出AXIS{第6轴}
2024-01-23 13:20:35,848 [AppLog] INFO : 手动正向JOG指令（8轴运控板卡系统） ====》：输出AXIS{第3轴},运动速度{1MM/s}
2024-01-23 13:20:36,301 [AppLog] INFO : 手动停止JOG输出（8轴运控板卡系统） ====》：输出AXIS{第3轴}
2024-01-23 13:20:36,597 [AppLog] INFO : 手动正向JOG指令（8轴运控板卡系统） ====》：输出AXIS{第3轴},运动速度{1MM/s}
2024-01-23 13:20:36,737 [AppLog] INFO : 手动停止JOG输出（8轴运控板卡系统） ====》：输出AXIS{第3轴}
2024-01-23 13:20:37,065 [AppLog] INFO : 手动正向JOG指令（8轴运控板卡系统） ====》：输出AXIS{第3轴},运动速度{1MM/s}
2024-01-23 13:20:37,190 [AppLog] INFO : 手动停止JOG输出（8轴运控板卡系统） ====》：输出AXIS{第3轴}
2024-01-23 13:20:38,235 [AppLog] INFO : 退出手动调试子模块,已执行修改
==========================================================================
2024-01-23 13:20:39,280 [AppLog] INFO : 开启系统：板卡通讯，伺服供电，照明系统，UV/HR固化系统！
2024-01-23 13:20:40,310 [AppLog] INFO : 关闭系统：一键关闭系统开始！
2024-01-23 13:20:46,519 [AppLog] INFO : 关闭系统：一键关闭系统结束！
2024-01-23 13:20:46,519 [AppLog] INFO : 喷墨控制器的所有轴输出关闭！
2024-01-23 13:20:46,706 [AppLog] INFO : 喷墨控制器关闭！
2024-01-23 13:20:46,706 [AppLog] INFO : 创建：AutoPrintMotion0=》不需重新创建-手动操作！
2024-01-23 13:20:46,706 [AppLog] INFO : 进入电气控制模块
2024-01-23 13:20:49,420 [AppLog] INFO : 退出电气控制模块
2024-01-23 13:20:51,479 [AppLog] INFO : 软件及设备关停中：墨车所有方向运动确认停止（X,Y,Y2)： bImmeStop{False},nAxisMask{0x7}
2024-01-23 13:20:51,495 [AppLog] INFO : 软件及设备关停中：喷墨控制器板卡系统关闭（X,Y,Y2)：DEV_CloseDevice
2024-01-23 13:20:52,166 [AppLog] INFO : 软件及设备关停成功
==========================================================================
操作系统:{Microsoft Windows 7 旗舰版 }
运行环境:{ .Net Framework Enviroment Version 4.0.30319.42000}
盘符：D
CPU使用率：{0%} ，可用内存大小:{14304MB}，硬盘剩余空间：
  盘符 C:\ 的剩余空间：70 GB
  盘符 D:\ 的剩余空间：40 GB
==========================================================================
