2023-04-28 12:10:45,516 [AppLog] INFO : 软件开机密码正确，登录成功1次
==========================================================================
操作系统:{Microsoft Windows 7 旗舰版 }
运行环境:{ .Net Framework Enviroment Version 4.0.30319.42000}
盘符：D
CPU使用率：{7.142478%} ，可用内存大小:{14330MB}，硬盘剩余空间：
  盘符 C:\ 的剩余空间：70 GB
  盘符 D:\ 的剩余空间：67 GB
硬件配置情况：
  CPU 厂家: GenuineIntel CPU 型号: Intel(R) Core(TM) i7-4770 CPU @ 3.40GHz
  内存条厂家: Kingston 内存条型号: 99P5471-043.A00LF 
  内存条厂家: Kingston 内存条型号: 99P5471-043.A00LF 
  硬盘厂家: (标准磁盘驱动器) 硬盘型号: Micron_1300_MTFDDAK256TDL ATA Device
==========================================================================
2023-04-28 12:10:46,888 [AppLog] INFO : 开启系统：板卡通讯，伺服供电，照明系统，UV/HR固化系统！
2023-04-28 12:10:46,888 [AppLog] INFO : 开启系统：一键启动系统开始！
2023-04-28 12:10:52,988 [AppLog] INFO : 开启系统：一键启动系统结束！
2023-04-28 12:10:53,175 [AppLog] INFO : 创建：AutoPrintMotion0=》初次创建完成-手动操作！
2023-04-28 12:10:53,253 [AppLog] INFO : 初始化喷墨控制器启动！
2023-04-28 12:11:16,731 [AppLog] INFO : 打开喷墨控制器设备成功！
2023-04-28 12:11:16,747 [AppLog] INFO : 输入校准值1次{成功}，打印往返差校准值为：BiDirEncPrtOff{5},分频值{8},打印速度{300mm/s}
2023-04-28 12:11:19,352 [AppLog] INFO : 初始化喷墨控制器成功！
2023-04-28 12:11:19,352 [AppLog] INFO : 进入：EquipmentMotionLogic3=》准备创建对象-手动操作！
2023-04-28 12:11:19,368 [AppLog] INFO : 进入：EquipmentMotionLogic3=》创建完成-手动操作！
2023-04-28 12:11:19,508 [AppLog] INFO : 红外灯控制器485通讯建立！
2023-04-28 12:11:19,508 [AppLog] INFO : 进入电气控制模块
2023-04-28 12:11:20,210 [AppLog] INFO : 电气控制模块：手动打开端口14
2023-04-28 12:11:20,912 [AppLog] INFO : 电气控制模块：手动打开端口15
2023-04-28 12:11:21,645 [AppLog] INFO : 退出电气控制模块
2023-04-28 12:11:22,301 [AppLog] INFO : 进入手动调试子模块！
2023-04-28 12:11:22,301 [AppLog] INFO : 进入：ManulBtn_Click=》准备创建对象-手动操作！
2023-04-28 12:11:22,332 [AppLog] INFO : 创建：ManualControl=》创建完成-手动操作！
2023-04-28 12:11:22,332 [AppLog] INFO : 加载成功：温控Modbus接口！
2023-04-28 12:11:32,191 [AppLog] INFO : 更新波形路径：DEV_UpdateParam：{D:\Release\波形文件\0316新调=波形文件=水性胶水\世彪新调：ricoh_big-单点模式-开启MN1(开启微动).rhdat}
2023-04-28 12:11:32,191 [AppLog] INFO : {1}号喷头基准电压更新成功：DEV_SetWaveStdVoltage{0V,0V,0V,0V}；
2023-04-28 12:11:37,557 [AppLog] INFO : 重新加载完波形：DEV_ReloadWaveForm! 当前波形文件的基准电压参考值为：{18V}
2023-04-28 12:11:37,854 [AppLog] INFO : {1}号喷头电压调压成功：MCU_SetPhVoltage{0V,0V,0V,0V}；
2023-04-28 12:11:39,305 [AppLog] INFO : {1}号喷头温度更新成功：MCU_SetPhStdTemp{25℃}
2023-04-28 12:11:56,262 [AppLog] INFO : 开启闪喷： IDP_FlashPrtCtl(true)：ReturnCode{True}
2023-04-28 12:12:54,871 [AppLog] INFO : 关闭闪喷： IDP_FlashPrtCtl(false)：ReturnCode{True}
2023-04-28 12:12:55,838 [AppLog] INFO : 开启闪喷： IDP_FlashPrtCtl(true)：ReturnCode{True}
2023-04-28 12:13:02,265 [AppLog] INFO : 关闭闪喷： IDP_FlashPrtCtl(false)：ReturnCode{True}
2023-04-28 12:13:03,389 [AppLog] INFO : 开启闪喷： IDP_FlashPrtCtl(true)：ReturnCode{True}
2023-04-28 12:14:19,813 [AppLog] INFO : 关闭闪喷： IDP_FlashPrtCtl(false)：ReturnCode{True}
2023-04-28 12:14:20,687 [AppLog] INFO : 开启闪喷： IDP_FlashPrtCtl(true)：ReturnCode{True}
2023-04-28 12:14:35,195 [AppLog] INFO : 关闭闪喷： IDP_FlashPrtCtl(false)：ReturnCode{True}
2023-04-28 12:14:35,756 [AppLog] INFO : 开启闪喷： IDP_FlashPrtCtl(true)：ReturnCode{True}
2023-04-28 12:15:02,136 [AppLog] INFO : 关闭闪喷： IDP_FlashPrtCtl(false)：ReturnCode{True}
2023-04-28 12:15:02,666 [AppLog] INFO : 开启闪喷： IDP_FlashPrtCtl(true)：ReturnCode{True}
2023-04-28 12:15:10,201 [AppLog] INFO : 关闭闪喷： IDP_FlashPrtCtl(false)：ReturnCode{True}
2023-04-28 12:15:40,840 [AppLog] INFO : 开启闪喷： IDP_FlashPrtCtl(true)：ReturnCode{True}
2023-04-28 12:16:00,777 [AppLog] INFO : 关闭闪喷： IDP_FlashPrtCtl(false)：ReturnCode{True}
2023-04-28 12:16:02,134 [AppLog] INFO : 退出手动调试子模块,已执行修改
==========================================================================
2023-04-28 12:16:03,319 [AppLog] INFO : 开启系统：板卡通讯，伺服供电，照明系统，UV/HR固化系统！
2023-04-28 12:16:04,443 [AppLog] INFO : 关闭系统：一键关闭系统开始！
2023-04-28 12:16:10,667 [AppLog] INFO : 关闭系统：一键关闭系统结束！
2023-04-28 12:16:10,667 [AppLog] INFO : 喷墨控制器的所有轴输出关闭！
2023-04-28 12:16:12,913 [AppLog] INFO : 喷墨控制器关闭！
2023-04-28 12:16:12,913 [AppLog] INFO : 创建：AutoPrintMotion0=》不需重新创建-手动操作！
2023-04-28 12:16:12,913 [AppLog] INFO : 进入电气控制模块
2023-04-28 12:16:15,519 [AppLog] INFO : 电气控制模块：手动关闭端口14
2023-04-28 12:16:16,377 [AppLog] INFO : 电气控制模块：手动关闭端口15
2023-04-28 12:16:16,923 [AppLog] INFO : 退出电气控制模块
2023-04-28 12:16:18,342 [AppLog] INFO : 软件及设备关停中：墨车所有方向运动确认停止（X,Y,Y2)： bImmeStop{False},nAxisMask{0x7}
2023-04-28 12:16:18,342 [AppLog] INFO : 软件及设备关停中：喷墨控制器板卡系统关闭（X,Y,Y2)：DEV_CloseDevice
2023-04-28 12:16:19,013 [AppLog] INFO : 软件及设备关停成功
==========================================================================
操作系统:{Microsoft Windows 7 旗舰版 }
运行环境:{ .Net Framework Enviroment Version 4.0.30319.42000}
盘符：D
CPU使用率：{12.49961%} ，可用内存大小:{14329MB}，硬盘剩余空间：
  盘符 C:\ 的剩余空间：70 GB
  盘符 D:\ 的剩余空间：67 GB
==========================================================================
