2023-03-14 19:40:18,413 [AppLog] INFO : 软件开机密码正确，登录成功1次
==========================================================================
操作系统:{Microsoft Windows 7 旗舰版 }
运行环境:{ .Net Framework Enviroment Version 4.0.30319.42000}
盘符：D
CPU使用率：{7.142386%} ，可用内存大小:{14308MB}，硬盘剩余空间：
  盘符 C:\ 的剩余空间：71 GB
  盘符 D:\ 的剩余空间：91 GB
  盘符 F:\ 的剩余空间：3 GB
硬件配置情况：
  CPU 厂家: GenuineIntel CPU 型号: Intel(R) Core(TM) i7-4770 CPU @ 3.40GHz
  内存条厂家: Kingston 内存条型号: 99P5471-043.A00LF 
  内存条厂家: Kingston 内存条型号: 99P5471-043.A00LF 
  硬盘厂家: (标准磁盘驱动器) 硬盘型号: Micron_1300_MTFDDAK256TDL ATA Device
  硬盘厂家: (标准磁盘驱动器) 硬盘型号: Generic Flash Disk USB Device
==========================================================================
2023-03-14 19:40:33,997 [AppLog] INFO : 开启系统：板卡通讯，伺服供电，照明系统，UV/HR固化系统！
2023-03-14 19:40:33,997 [AppLog] INFO : 开启系统：一键启动系统开始！
2023-03-14 19:40:40,097 [AppLog] INFO : 开启系统：一键启动系统结束！
2023-03-14 19:41:05,260 [AppLog] INFO : 初始化喷墨控制器！
2023-03-14 19:41:05,540 [AppLog] INFO : 红外灯控制器485通讯建立！
2023-03-14 19:41:05,540 [AppLog] INFO : 进入电气控制模块
2023-03-14 19:41:06,898 [AppLog] INFO : 电气控制模块：手动打开端口14
2023-03-14 19:41:07,506 [AppLog] INFO : 电气控制模块：手动打开端口15
2023-03-14 19:41:08,255 [AppLog] INFO : 退出电气控制模块
2023-03-14 19:41:10,766 [AppLog] INFO : 进入手动调试子模块！
2023-03-14 19:41:16,882 [AppLog] INFO : 更新波形路径：DEV_UpdateParam：{D:\Release\波形文件\ricoh_phcfg16 - wave4.rhdat}
2023-03-14 19:41:22,264 [AppLog] INFO : 重新加载完波形：DEV_ReloadWaveForm！
2023-03-14 19:41:26,881 [AppLog] INFO : 更新喷头电压及温度参数成功：MCU_SetPhVoltage:1号喷头电压：{18V,18V,18V,18V}；MCU_SetPhVoltage:1号喷头温度：{25℃}
2023-03-14 19:41:26,881 [AppLog] INFO : 开启自动供墨：DEV_EnableInkAutoSupply：ReturnCode{True},Action{true},ControlBit{255}
2023-03-14 19:41:26,881 [AppLog] INFO : 停止自动供墨：DEV_EnableInkAutoSupply：ReturnCode{True},Action{false},ControlBit{255}
2023-03-14 19:41:32,014 [AppLog] INFO : 开启自动供墨：DEV_EnableInkAutoSupply：ReturnCode{True},Action{true},ControlBit{255}
2023-03-14 19:41:54,181 [AppLog] INFO : 更新喷头电压及温度参数成功：MCU_SetPhVoltage:1号喷头电压：{18V,18V,18V,18V}；MCU_SetPhVoltage:1号喷头温度：{25℃}
2023-03-14 19:42:03,058 [AppLog] INFO : 开启手动冲洗喷头：CleanBtn_Click
2023-03-14 19:42:03,978 [AppLog] INFO : 关闭手动冲洗喷头：CleanBtn_Click
2023-03-14 19:42:04,462 [AppLog] INFO : 开启手动冲洗喷头：CleanBtn_Click
2023-03-14 19:42:05,226 [AppLog] INFO : 关闭手动冲洗喷头：CleanBtn_Click
2023-03-14 19:42:14,196 [AppLog] INFO : 更新喷头电压及温度参数成功：MCU_SetPhVoltage:1号喷头电压：{18V,18V,18V,18V}；MCU_SetPhVoltage:1号喷头温度：{25℃}
2023-03-14 19:42:29,250 [AppLog] INFO : 退出手动调试子模块,已执行修改
==========================================================================
2023-03-14 19:42:30,436 [AppLog] INFO : 监控记录设置！
2023-03-14 19:42:53,961 [AppLog] INFO : 更新监控配置文件：SaveJsonFile：配置文件路径{D:\Release\MonitorPrint-Configuration.json}m_sMonitorRecordPath{D:\shibiao-daying-0309}m_sPrintJobName{dayinpaizhaoceshi-0309}m_anJettingBinderBedMonitorFlags{False,False,False,False,False,False,True,False,False,False,False,True,}
2023-03-14 19:42:55,443 [AppLog] INFO : 监控记录设置！
2023-03-14 19:43:18,078 [AppLog] INFO : 更新监控配置文件：SaveJsonFile：配置文件路径{D:\Release\MonitorPrint-Configuration.json}m_sMonitorRecordPath{D:\shibiao-daying-0309}m_sPrintJobName{Shibiao-0314}m_anJettingBinderBedMonitorFlags{False,False,False,False,False,False,True,False,False,False,False,True,}
2023-03-14 19:43:19,857 [AppLog] INFO : 监控记录设置！
2023-03-14 19:43:21,791 [AppLog] INFO : 更新监控配置文件：SaveJsonFile：配置文件路径{D:\Release\MonitorPrint-Configuration.json}m_sMonitorRecordPath{D:\shibiao-daying-0309}m_sPrintJobName{Shibiao-0314}m_anJettingBinderBedMonitorFlags{False,False,False,False,False,False,True,False,False,False,False,True,}
2023-03-14 19:43:22,852 [AppLog] INFO : 进入JOB参数设置：修改前初始参数：灰度数据格式{1bits}打印灰阶{1阶}m_XPrintDpi{1270Dpi}墨车运动速度{80MM/s}X向起打位置{50MM}Y向起打位置{20MM}
2023-03-14 19:43:31,526 [AppLog] INFO : 退出JOB参数设置：修改后参数：灰度数据格式{1bits}打印灰阶{1阶}m_XPrintDpi{1270Dpi}墨车运动速度{150MM/s}X向起打位置{50MM}Y向起打位置{20MM}
2023-03-14 19:43:32,711 [AppLog] INFO : 进入手动调试子模块！
2023-03-14 19:43:39,918 [AppLog] INFO : 退出手动调试子模块，未执行修改
==========================================================================
2023-03-14 19:43:40,636 [AppLog] INFO : 进入数据加载模块
2023-03-14 19:43:48,951 [AppLog] INFO : CAD数据加载：添加.CLI格式CAD数据成功-D:\Release\CLI输入文件\小方块-测试件\Box.cli
2023-03-14 19:43:59,652 [AppLog] INFO : CAD数据阵列：SelectCADFile{D:\Release\CLI输入文件\小方块-测试件\Box.cli}
X方向间距{5MM}Y方向间距{-5MM}X方向数目{5}Y方向数目{4}
2023-03-14 19:44:03,272 [AppLog] INFO : CAD位置平移：SelectCADFile{D:\Release\CLI输入文件\小方块-测试件\Box.cliD:\Release\CLI输入文件\小方块-测试件\Box-copys-0-1.cliD:\Release\CLI输入文件\小方块-测试件\Box-copys-0-2.cliD:\Release\CLI输入文件\小方块-测试件\Box-copys-0-3.cliD:\Release\CLI输入文件\小方块-测试件\Box-copys-0-4.cliD:\Release\CLI输入文件\小方块-测试件\Box-copys-1-0.cliD:\Release\CLI输入文件\小方块-测试件\Box-copys-1-1.cliD:\Release\CLI输入文件\小方块-测试件\Box-copys-1-2.cliD:\Release\CLI输入文件\小方块-测试件\Box-copys-1-3.cliD:\Release\CLI输入文件\小方块-测试件\Box-copys-1-4.cliD:\Release\CLI输入文件\小方块-测试件\Box-copys-2-0.cliD:\Release\CLI输入文件\小方块-测试件\Box-copys-2-1.cliD:\Release\CLI输入文件\小方块-测试件\Box-copys-2-2.cliD:\Release\CLI输入文件\小方块-测试件\Box-copys-2-3.cliD:\Release\CLI输入文件\小方块-测试件\Box-copys-2-4.cliD:\Release\CLI输入文件\小方块-测试件\Box-copys-3-0.cliD:\Release\CLI输入文件\小方块-测试件\Box-copys-3-1.cliD:\Release\CLI输入文件\小方块-测试件\Box-copys-3-2.cliD:\Release\CLI输入文件\小方块-测试件\Box-copys-3-3.cliD:\Release\CLI输入文件\小方块-测试件\Box-copys-3-4.cli}
平移方式{true为目标位置平移，false为相对平移{True}}X方向平移目标值{-60MM}Y方向平移目标值{-27.5MM}Z方向平移目标值{0MM}X方向平移增量{10MM}Y方向平移增量{0MM}Z方向平移增量{0MM}
2023-03-14 19:44:07,764 [AppLog] INFO : CAD数据删除：删除.CLI格式CAD数据成功-D:\Release\CLI输入文件\小方块-测试件\Box-copys-0-4.cli
2023-03-14 19:44:07,764 [AppLog] INFO : CAD数据删除：删除.CLI格式CAD数据成功-D:\Release\CLI输入文件\小方块-测试件\Box-copys-1-4.cli
2023-03-14 19:44:07,780 [AppLog] INFO : CAD数据删除：删除.CLI格式CAD数据成功-D:\Release\CLI输入文件\小方块-测试件\Box-copys-2-4.cli
2023-03-14 19:44:07,780 [AppLog] INFO : CAD数据删除：删除.CLI格式CAD数据成功-D:\Release\CLI输入文件\小方块-测试件\Box-copys-3-4.cli
2023-03-14 19:44:10,416 [AppLog] INFO : CAD位置平移：SelectCADFile{D:\Release\CLI输入文件\小方块-测试件\Box.cliD:\Release\CLI输入文件\小方块-测试件\Box-copys-0-1.cliD:\Release\CLI输入文件\小方块-测试件\Box-copys-0-2.cliD:\Release\CLI输入文件\小方块-测试件\Box-copys-0-3.cliD:\Release\CLI输入文件\小方块-测试件\Box-copys-1-0.cliD:\Release\CLI输入文件\小方块-测试件\Box-copys-1-1.cliD:\Release\CLI输入文件\小方块-测试件\Box-copys-1-2.cliD:\Release\CLI输入文件\小方块-测试件\Box-copys-1-3.cliD:\Release\CLI输入文件\小方块-测试件\Box-copys-2-0.cliD:\Release\CLI输入文件\小方块-测试件\Box-copys-2-1.cliD:\Release\CLI输入文件\小方块-测试件\Box-copys-2-2.cliD:\Release\CLI输入文件\小方块-测试件\Box-copys-2-3.cliD:\Release\CLI输入文件\小方块-测试件\Box-copys-3-0.cliD:\Release\CLI输入文件\小方块-测试件\Box-copys-3-1.cliD:\Release\CLI输入文件\小方块-测试件\Box-copys-3-2.cliD:\Release\CLI输入文件\小方块-测试件\Box-copys-3-3.cli}
平移方式{true为目标位置平移，false为相对平移{True}}X方向平移目标值{-47.5MM}Y方向平移目标值{-27.5MM}Z方向平移目标值{0MM}X方向平移增量{10MM}Y方向平移增量{0MM}Z方向平移增量{0MM}
2023-03-14 19:44:12,148 [AppLog] INFO : 进入数据加载模块
2023-03-14 19:44:16,329 [AppLog] INFO : CAD数据删除：删除.CLI格式CAD数据成功-D:\Release\CLI输入文件\小方块-测试件\Box-copys-0-1.cli
2023-03-14 19:44:16,329 [AppLog] INFO : CAD数据删除：删除.CLI格式CAD数据成功-D:\Release\CLI输入文件\小方块-测试件\Box-copys-0-2.cli
2023-03-14 19:44:16,344 [AppLog] INFO : CAD数据删除：删除.CLI格式CAD数据成功-D:\Release\CLI输入文件\小方块-测试件\Box-copys-0-3.cli
2023-03-14 19:44:16,344 [AppLog] INFO : CAD数据删除：删除.CLI格式CAD数据成功-D:\Release\CLI输入文件\小方块-测试件\Box-copys-1-1.cli
2023-03-14 19:44:16,344 [AppLog] INFO : CAD数据删除：删除.CLI格式CAD数据成功-D:\Release\CLI输入文件\小方块-测试件\Box-copys-1-2.cli
2023-03-14 19:44:16,391 [AppLog] INFO : CAD数据删除：删除.CLI格式CAD数据成功-D:\Release\CLI输入文件\小方块-测试件\Box-copys-1-3.cli
2023-03-14 19:44:16,391 [AppLog] INFO : CAD数据删除：删除.CLI格式CAD数据成功-D:\Release\CLI输入文件\小方块-测试件\Box-copys-2-1.cli
2023-03-14 19:44:16,391 [AppLog] INFO : CAD数据删除：删除.CLI格式CAD数据成功-D:\Release\CLI输入文件\小方块-测试件\Box-copys-2-2.cli
2023-03-14 19:44:16,407 [AppLog] INFO : CAD数据删除：删除.CLI格式CAD数据成功-D:\Release\CLI输入文件\小方块-测试件\Box-copys-2-3.cli
2023-03-14 19:44:16,407 [AppLog] INFO : CAD数据删除：删除.CLI格式CAD数据成功-D:\Release\CLI输入文件\小方块-测试件\Box-copys-3-1.cli
2023-03-14 19:44:16,407 [AppLog] INFO : CAD数据删除：删除.CLI格式CAD数据成功-D:\Release\CLI输入文件\小方块-测试件\Box-copys-3-2.cli
2023-03-14 19:44:16,422 [AppLog] INFO : CAD数据删除：删除.CLI格式CAD数据成功-D:\Release\CLI输入文件\小方块-测试件\Box-copys-3-3.cli
2023-03-14 19:44:18,388 [AppLog] INFO : CAD数据删除：删除.CLI格式CAD数据成功-D:\Release\CLI输入文件\小方块-测试件\Box.cli
2023-03-14 19:44:18,388 [AppLog] INFO : CAD数据删除：删除.CLI格式CAD数据成功-D:\Release\CLI输入文件\小方块-测试件\Box-copys-1-0.cli
2023-03-14 19:44:18,388 [AppLog] INFO : CAD数据删除：删除.CLI格式CAD数据成功-D:\Release\CLI输入文件\小方块-测试件\Box-copys-2-0.cli
2023-03-14 19:44:35,564 [AppLog] INFO : CAD数据阵列：SelectCADFile{D:\Release\CLI输入文件\小方块-测试件\Box-copys-3-0.cli}
X方向间距{8MM}Y方向间距{-8MM}X方向数目{4}Y方向数目{4}
2023-03-14 19:44:38,153 [AppLog] INFO : CAD位置平移：SelectCADFile{D:\Release\CLI输入文件\小方块-测试件\Box-copys-3-0.cliD:\Release\CLI输入文件\小方块-测试件\Box-copys-3-0-copys-0-1.cliD:\Release\CLI输入文件\小方块-测试件\Box-copys-3-0-copys-0-2.cliD:\Release\CLI输入文件\小方块-测试件\Box-copys-3-0-copys-0-3.cliD:\Release\CLI输入文件\小方块-测试件\Box-copys-3-0-copys-1-0.cliD:\Release\CLI输入文件\小方块-测试件\Box-copys-3-0-copys-1-1.cliD:\Release\CLI输入文件\小方块-测试件\Box-copys-3-0-copys-1-2.cliD:\Release\CLI输入文件\小方块-测试件\Box-copys-3-0-copys-1-3.cliD:\Release\CLI输入文件\小方块-测试件\Box-copys-3-0-copys-2-0.cliD:\Release\CLI输入文件\小方块-测试件\Box-copys-3-0-copys-2-1.cliD:\Release\CLI输入文件\小方块-测试件\Box-copys-3-0-copys-2-2.cliD:\Release\CLI输入文件\小方块-测试件\Box-copys-3-0-copys-2-3.cliD:\Release\CLI输入文件\小方块-测试件\Box-copys-3-0-copys-3-0.cliD:\Release\CLI输入文件\小方块-测试件\Box-copys-3-0-copys-3-1.cliD:\Release\CLI输入文件\小方块-测试件\Box-copys-3-0-copys-3-2.cliD:\Release\CLI输入文件\小方块-测试件\Box-copys-3-0-copys-3-3.cli}
平移方式{true为目标位置平移，false为相对平移{True}}X方向平移目标值{-52MM}Y方向平移目标值{-32MM}Z方向平移目标值{0MM}X方向平移增量{10MM}Y方向平移增量{0MM}Z方向平移增量{0MM}
2023-03-14 19:44:40,212 [AppLog] INFO : 进入数据加载模块
2023-03-14 19:44:50,680 [AppLog] INFO : CAD数据加载：添加.CLI格式CAD数据成功-D:\Release\CLI输入文件\SCUT-3DP测试件打-0915\Box-Shield.cli
2023-03-14 19:44:58,262 [AppLog] INFO : CAD位置平移：SelectCADFile{D:\Release\CLI输入文件\SCUT-3DP测试件打-0915\Box-Shield.cli}
平移方式{true为目标位置平移，false为相对平移{True}}X方向平移目标值{-5MM}Y方向平移目标值{50MM}Z方向平移目标值{0MM}X方向平移增量{10MM}Y方向平移增量{0MM}Z方向平移增量{0MM}
2023-03-14 19:45:07,310 [AppLog] INFO : CAD位置平移：SelectCADFile{D:\Release\CLI输入文件\SCUT-3DP测试件打-0915\Box-Shield.cli}
平移方式{true为目标位置平移，false为相对平移{True}}X方向平移目标值{55MM}Y方向平移目标值{50MM}Z方向平移目标值{0MM}X方向平移增量{10MM}Y方向平移增量{0MM}Z方向平移增量{0MM}
2023-03-14 19:45:19,696 [AppLog] INFO : CAD数据阵列：SelectCADFile{D:\Release\CLI输入文件\SCUT-3DP测试件打-0915\Box-Shield.cli}
X方向间距{10MM}Y方向间距{-5MM}X方向数目{2}Y方向数目{1}
2023-03-14 19:45:25,390 [AppLog] INFO : CAD数据删除：删除.CLI格式CAD数据成功-D:\Release\CLI输入文件\SCUT-3DP测试件打-0915\Box-Shield-copys-0-1.cli
2023-03-14 19:45:36,763 [AppLog] INFO : CAD数据阵列：SelectCADFile{D:\Release\CLI输入文件\SCUT-3DP测试件打-0915\Box-Shield.cli}
X方向间距{5MM}Y方向间距{-5MM}X方向数目{2}Y方向数目{1}
2023-03-14 19:45:51,614 [AppLog] INFO : CAD位置平移：SelectCADFile{D:\Release\CLI输入文件\SCUT-3DP测试件打-0915\Box-Shield.cli}
平移方式{true为目标位置平移，false为相对平移{False}}X方向平移目标值{-5MM}Y方向平移目标值{50MM}Z方向平移目标值{0MM}X方向平移增量{2MM}Y方向平移增量{0MM}Z方向平移增量{0MM}
2023-03-14 19:46:03,267 [AppLog] INFO : 进入数据加载模块
2023-03-14 19:46:13,501 [AppLog] INFO : 进入数据加载模块
2023-03-14 19:46:33,141 [AppLog] INFO : CAD数据阵列：SelectCADFile{D:\Release\CLI输入文件\SCUT-3DP测试件打-0915\Box-Shield-copys-0-1.cli}
X方向间距{5MM}Y方向间距{-5MM}X方向数目{2}Y方向数目{1}
2023-03-14 19:46:39,194 [AppLog] INFO : CAD位置平移：SelectCADFile{D:\Release\CLI输入文件\SCUT-3DP测试件打-0915\Box-Shield-copys-0-1-copys-0-1.cli}
平移方式{true为目标位置平移，false为相对平移{True}}X方向平移目标值{-55MM}Y方向平移目标值{50MM}Z方向平移目标值{0MM}X方向平移增量{10MM}Y方向平移增量{0MM}Z方向平移增量{0MM}
2023-03-14 19:46:46,885 [AppLog] INFO : CAD位置平移：SelectCADFile{D:\Release\CLI输入文件\SCUT-3DP测试件打-0915\Box-Shield-copys-0-1-copys-0-1.cli}
平移方式{true为目标位置平移，false为相对平移{True}}X方向平移目标值{-60MM}Y方向平移目标值{50MM}Z方向平移目标值{0MM}X方向平移增量{10MM}Y方向平移增量{0MM}Z方向平移增量{0MM}
2023-03-14 19:46:55,543 [AppLog] INFO : CAD位置平移：SelectCADFile{D:\Release\CLI输入文件\SCUT-3DP测试件打-0915\Box-Shield-copys-0-1-copys-0-1.cli}
平移方式{true为目标位置平移，false为相对平移{True}}X方向平移目标值{-65MM}Y方向平移目标值{50MM}Z方向平移目标值{0MM}X方向平移增量{10MM}Y方向平移增量{0MM}Z方向平移增量{0MM}
2023-03-14 19:47:00,894 [AppLog] INFO : CAD数据删除：删除.CLI格式CAD数据成功-D:\Release\CLI输入文件\小方块-测试件\Box-copys-3-0-copys-0-1.cli
2023-03-14 19:47:00,894 [AppLog] INFO : CAD数据删除：删除.CLI格式CAD数据成功-D:\Release\CLI输入文件\小方块-测试件\Box-copys-3-0-copys-0-2.cli
2023-03-14 19:47:00,894 [AppLog] INFO : CAD数据删除：删除.CLI格式CAD数据成功-D:\Release\CLI输入文件\小方块-测试件\Box-copys-3-0-copys-0-3.cli
2023-03-14 19:47:00,894 [AppLog] INFO : CAD数据删除：删除.CLI格式CAD数据成功-D:\Release\CLI输入文件\小方块-测试件\Box-copys-3-0-copys-1-1.cli
2023-03-14 19:47:00,894 [AppLog] INFO : CAD数据删除：删除.CLI格式CAD数据成功-D:\Release\CLI输入文件\小方块-测试件\Box-copys-3-0-copys-1-2.cli
2023-03-14 19:47:00,909 [AppLog] INFO : CAD数据删除：删除.CLI格式CAD数据成功-D:\Release\CLI输入文件\小方块-测试件\Box-copys-3-0-copys-1-3.cli
2023-03-14 19:47:00,909 [AppLog] INFO : CAD数据删除：删除.CLI格式CAD数据成功-D:\Release\CLI输入文件\小方块-测试件\Box-copys-3-0-copys-2-1.cli
2023-03-14 19:47:00,909 [AppLog] INFO : CAD数据删除：删除.CLI格式CAD数据成功-D:\Release\CLI输入文件\小方块-测试件\Box-copys-3-0-copys-2-2.cli
2023-03-14 19:47:00,925 [AppLog] INFO : CAD数据删除：删除.CLI格式CAD数据成功-D:\Release\CLI输入文件\小方块-测试件\Box-copys-3-0-copys-2-3.cli
2023-03-14 19:47:00,925 [AppLog] INFO : CAD数据删除：删除.CLI格式CAD数据成功-D:\Release\CLI输入文件\小方块-测试件\Box-copys-3-0-copys-3-1.cli
2023-03-14 19:47:00,940 [AppLog] INFO : CAD数据删除：删除.CLI格式CAD数据成功-D:\Release\CLI输入文件\小方块-测试件\Box-copys-3-0-copys-3-2.cli
2023-03-14 19:47:00,940 [AppLog] INFO : CAD数据删除：删除.CLI格式CAD数据成功-D:\Release\CLI输入文件\小方块-测试件\Box-copys-3-0-copys-3-3.cli
2023-03-14 19:47:05,059 [AppLog] INFO : CAD数据删除：删除.CLI格式CAD数据成功-D:\Release\CLI输入文件\小方块-测试件\Box-copys-3-0.cli
2023-03-14 19:47:05,059 [AppLog] INFO : CAD数据删除：删除.CLI格式CAD数据成功-D:\Release\CLI输入文件\小方块-测试件\Box-copys-3-0-copys-1-0.cli
2023-03-14 19:47:05,059 [AppLog] INFO : CAD数据删除：删除.CLI格式CAD数据成功-D:\Release\CLI输入文件\小方块-测试件\Box-copys-3-0-copys-2-0.cli
2023-03-14 19:47:20,284 [AppLog] INFO : CAD数据阵列：SelectCADFile{D:\Release\CLI输入文件\小方块-测试件\Box-copys-3-0-copys-3-0.cli}
X方向间距{8MM}Y方向间距{-5MM}X方向数目{4}Y方向数目{4}
2023-03-14 19:47:25,916 [AppLog] INFO : CAD位置平移：SelectCADFile{D:\Release\CLI输入文件\小方块-测试件\Box-copys-3-0-copys-3-0.cliD:\Release\CLI输入文件\小方块-测试件\Box-copys-3-0-copys-3-0-copys-0-1.cliD:\Release\CLI输入文件\小方块-测试件\Box-copys-3-0-copys-3-0-copys-0-2.cliD:\Release\CLI输入文件\小方块-测试件\Box-copys-3-0-copys-3-0-copys-0-3.cliD:\Release\CLI输入文件\小方块-测试件\Box-copys-3-0-copys-3-0-copys-1-0.cliD:\Release\CLI输入文件\小方块-测试件\Box-copys-3-0-copys-3-0-copys-1-1.cliD:\Release\CLI输入文件\小方块-测试件\Box-copys-3-0-copys-3-0-copys-1-2.cliD:\Release\CLI输入文件\小方块-测试件\Box-copys-3-0-copys-3-0-copys-1-3.cliD:\Release\CLI输入文件\小方块-测试件\Box-copys-3-0-copys-3-0-copys-2-0.cliD:\Release\CLI输入文件\小方块-测试件\Box-copys-3-0-copys-3-0-copys-2-1.cliD:\Release\CLI输入文件\小方块-测试件\Box-copys-3-0-copys-3-0-copys-2-2.cliD:\Release\CLI输入文件\小方块-测试件\Box-copys-3-0-copys-3-0-copys-2-3.cliD:\Release\CLI输入文件\小方块-测试件\Box-copys-3-0-copys-3-0-copys-3-0.cliD:\Release\CLI输入文件\小方块-测试件\Box-copys-3-0-copys-3-0-copys-3-1.cliD:\Release\CLI输入文件\小方块-测试件\Box-copys-3-0-copys-3-0-copys-3-2.cliD:\Release\CLI输入文件\小方块-测试件\Box-copys-3-0-copys-3-0-copys-3-3.cli}
平移方式{true为目标位置平移，false为相对平移{True}}X方向平移目标值{-52MM}Y方向平移目标值{-27.5MM}Z方向平移目标值{0MM}X方向平移增量{10MM}Y方向平移增量{0MM}Z方向平移增量{0MM}
2023-03-14 19:47:36,430 [AppLog] INFO : CAD数据阵列：SelectCADFile{D:\Release\CLI输入文件\SCUT-3DP测试件打-0915\Box-Shield-copys-0-1-copys-0-1.cli}
X方向间距{5MM}Y方向间距{-5MM}X方向数目{2}Y方向数目{1}
2023-03-14 19:47:47,865 [AppLog] INFO : CAD位置平移：SelectCADFile{D:\Release\CLI输入文件\SCUT-3DP测试件打-0915\Box-Shield-copys-0-1-copys-0-1.cliD:\Release\CLI输入文件\SCUT-3DP测试件打-0915\Box-Shield-copys-0-1-copys-0-1-copys-0-1.cli}
平移方式{true为目标位置平移，false为相对平移{False}}X方向平移目标值{-12.5MM}Y方向平移目标值{50MM}Z方向平移目标值{0MM}X方向平移增量{-10MM}Y方向平移增量{0MM}Z方向平移增量{0MM}
2023-03-14 19:47:57,568 [AppLog] INFO : CAD位置平移：SelectCADFile{D:\Release\CLI输入文件\SCUT-3DP测试件打-0915\Box-Shield-copys-0-1-copys-0-1.cliD:\Release\CLI输入文件\SCUT-3DP测试件打-0915\Box-Shield-copys-0-1-copys-0-1-copys-0-1.cli}
平移方式{true为目标位置平移，false为相对平移{False}}X方向平移目标值{-12.5MM}Y方向平移目标值{50MM}Z方向平移目标值{0MM}X方向平移增量{-10MM}Y方向平移增量{0MM}Z方向平移增量{0MM}
2023-03-14 19:48:07,771 [AppLog] INFO : CAD位置平移：SelectCADFile{D:\Release\CLI输入文件\SCUT-3DP测试件打-0915\Box-Shield-copys-0-1-copys-0-1.cliD:\Release\CLI输入文件\SCUT-3DP测试件打-0915\Box-Shield-copys-0-1-copys-0-1-copys-0-1.cli}
平移方式{true为目标位置平移，false为相对平移{False}}X方向平移目标值{-12.5MM}Y方向平移目标值{50MM}Z方向平移目标值{0MM}X方向平移增量{2.5MM}Y方向平移增量{0MM}Z方向平移增量{0MM}
2023-03-14 19:48:16,912 [AppLog] INFO : CAD位置平移：SelectCADFile{D:\Release\CLI输入文件\SCUT-3DP测试件打-0915\Box-Shield-copys-0-1-copys-0-1.cli}
平移方式{true为目标位置平移，false为相对平移{False}}X方向平移目标值{-5MM}Y方向平移目标值{50MM}Z方向平移目标值{0MM}X方向平移增量{2.5MM}Y方向平移增量{0MM}Z方向平移增量{0MM}
2023-03-14 19:48:39,688 [AppLog] INFO : CAD数据保存：保存.bjgroup格式CAD数据成功：D:\Release\CLI输入文件\SCUT-3DP测试件打-0915\Shibiao-0314.bjgroup
2023-03-14 19:48:45,102 [AppLog] INFO : 进入手动调试子模块！
2023-03-14 19:48:58,783 [AppLog] INFO : 开启手动冲洗喷头：CleanBtn_Click
2023-03-14 19:48:59,657 [AppLog] INFO : 关闭手动冲洗喷头：CleanBtn_Click
2023-03-14 19:49:00,998 [AppLog] INFO : 退出手动调试子模块,已执行修改
==========================================================================
