2023-07-16 15:05:40,561 [AppLog] INFO : 软件开机密码正确，登录成功1次
==========================================================================
操作系统:{Microsoft Windows 7 旗舰版 }
运行环境:{ .Net Framework Enviroment Version 4.0.30319.42000}
盘符：D
CPU使用率：{1.785253%} ，可用内存大小:{14394MB}，硬盘剩余空间：
  盘符 C:\ 的剩余空间：70 GB
  盘符 D:\ 的剩余空间：81 GB
硬件配置情况：
  CPU 厂家: GenuineIntel CPU 型号: Intel(R) Core(TM) i7-4770 CPU @ 3.40GHz
  内存条厂家: Kingston 内存条型号: 99P5471-043.A00LF 
  内存条厂家: Kingston 内存条型号: 99P5471-043.A00LF 
  硬盘厂家: (标准磁盘驱动器) 硬盘型号: Micron_1300_MTFDDAK256TDL ATA Device
==========================================================================
2023-07-16 15:05:46,521 [AppLog] INFO : 开启系统：板卡通讯，伺服供电，照明系统，UV/HR固化系统！
2023-07-16 15:05:46,521 [AppLog] INFO : 开启系统：一键启动系统开始！
2023-07-16 15:05:52,620 [AppLog] INFO : 开启系统：一键启动系统结束！
2023-07-16 15:05:52,823 [AppLog] INFO : 创建：AutoPrintMotion0=》初次创建完成-手动操作！
2023-07-16 15:05:52,901 [AppLog] INFO : 初始化喷墨控制器启动！
2023-07-16 15:06:16,691 [AppLog] INFO : 打开喷墨控制器设备成功！
2023-07-16 15:06:16,722 [AppLog] INFO : 输入校准值1次{成功}，打印往返差校准值为：BiDirEncPrtOff{5},分频值{8},打印速度{300mm/s}
2023-07-16 15:06:17,112 [AppLog] INFO : PASS打印前关键状态：DEV_GetDeviceInfo：LPPRINTER_INFO:nXSysEncDPI{5080}nStatus{909129520}nPrintStatus{0}bSuperDevice{1}
LPPRINTER_INFO-LPPrtRunInfo:bJobPrtRuning{False}bLayerPrtIsOver{False}nContReqMemErr{0}nContWDErr{0}nCurPrtDir{0}nDTLayerIndex{0}nDTLayerPassIndex{0}nDTPtrCtlIndex{0}nLayerPassCount{0}nPrintLayerIndex{0}nPrintPassIndex{0}nProcLayerIndex{0}nPrtDataMemAddr{0}nPrtState{0}nReverse{System.Int32[]}nRevPrtCols{0}
LPPRINTER_INFO-LPDRVINFO:nFMVersion{45074}nFpgaVersion{539038216}nPCBVersion{0}nState{0}nNextState{0}nPtvwarnState{0}nCrc32{0}nRevInfo{System.UInt32[]}nSignature{0}
2023-07-16 15:08:10,852 [AppLog] INFO : 初始化喷墨控制器成功！
2023-07-16 15:08:10,852 [AppLog] INFO : 进入：EquipmentMotionLogic3=》准备创建对象-手动操作！
2023-07-16 15:08:10,883 [AppLog] INFO : 进入：EquipmentMotionLogic3=》创建完成-手动操作！
2023-07-16 15:08:11,008 [AppLog] INFO : 红外灯控制器485通讯建立！
2023-07-16 15:08:11,008 [AppLog] INFO : 进入电气控制模块
2023-07-16 15:08:11,726 [AppLog] INFO : 退出电气控制模块
2023-07-16 15:17:39,317 [AppLog] INFO : 进入手动调试子模块！
2023-07-16 15:17:39,317 [AppLog] INFO : 进入：ManulBtn_Click=》准备创建对象-手动操作！
2023-07-16 15:17:39,333 [AppLog] INFO : 创建：ManualControl=》创建完成-手动操作！
2023-07-16 15:17:39,333 [AppLog] INFO : 加载成功：温控Modbus接口！
2023-07-16 15:17:41,158 [AppLog] INFO : 退出手动调试子模块，未执行修改
==========================================================================
2023-07-16 15:17:43,825 [AppLog] INFO : 进入手动调试子模块！
2023-07-16 15:17:43,825 [AppLog] INFO : 进入：ManulBtn_Click=》准备创建对象-手动操作！
2023-07-16 15:17:43,841 [AppLog] INFO : 创建：ManualControl=》创建完成-手动操作！
2023-07-16 15:17:43,841 [AppLog] INFO : 加载成功：温控Modbus接口！
2023-07-16 15:17:45,931 [AppLog] INFO : 退出手动调试子模块,已执行修改
==========================================================================
2023-07-16 15:18:14,760 [AppLog] INFO : 进入手动调试子模块！
2023-07-16 15:18:14,760 [AppLog] INFO : 进入：ManulBtn_Click=》准备创建对象-手动操作！
2023-07-16 15:18:14,791 [AppLog] INFO : 创建：ManualControl=》创建完成-手动操作！
2023-07-16 15:18:14,791 [AppLog] INFO : 加载成功：温控Modbus接口！
2023-07-16 15:22:46,091 [AppLog] INFO : 进入气压控制卡参数监控状态时
2023-07-16 15:22:55,498 [AppLog] INFO : 更新气压控制卡参数：DEV_AdibControl:二级墨盒加热电压：{12V}；MCU_SetPhVoltage:二级墨盒加热温度：{25℃}MCU_SetPhVoltage:负压目标值：{System.Single[]kPa}MCU_SetPhVoltage:负压阈值：{0.1kPa}
2023-07-16 15:26:21,793 [AppLog] INFO : 退出手动调试子模块,已执行修改
==========================================================================
2023-07-16 15:26:22,557 [AppLog] INFO : 进入电气控制模块
2023-07-16 15:26:24,149 [AppLog] INFO : 电气控制模块：手动打开端口14
2023-07-16 15:26:24,866 [AppLog] INFO : 电气控制模块：手动关闭端口14
2023-07-16 15:26:25,428 [AppLog] INFO : 电气控制模块：手动打开端口14
2023-07-16 15:26:26,442 [AppLog] INFO : 电气控制模块：手动打开端口15
2023-07-16 15:26:27,690 [AppLog] INFO : 退出电气控制模块
2023-07-16 15:26:33,743 [AppLog] INFO : 进入手动调试子模块！
2023-07-16 15:26:33,743 [AppLog] INFO : 进入：ManulBtn_Click=》准备创建对象-手动操作！
2023-07-16 15:26:33,774 [AppLog] INFO : 创建：ManualControl=》创建完成-手动操作！
2023-07-16 15:26:33,774 [AppLog] INFO : 加载成功：温控Modbus接口！
2023-07-16 15:26:37,081 [AppLog] INFO : 退出手动调试子模块,已执行修改
==========================================================================
2023-07-16 15:26:37,705 [AppLog] INFO : 进入电气控制模块
2023-07-16 15:26:38,657 [AppLog] INFO : 退出电气控制模块
2023-07-16 15:26:39,406 [AppLog] INFO : 进入手动调试子模块！
2023-07-16 15:26:39,406 [AppLog] INFO : 进入：ManulBtn_Click=》准备创建对象-手动操作！
2023-07-16 15:26:39,437 [AppLog] INFO : 创建：ManualControl=》创建完成-手动操作！
2023-07-16 15:26:39,437 [AppLog] INFO : 加载成功：温控Modbus接口！
2023-07-16 15:26:45,443 [AppLog] INFO : 手动正向点动指令（8轴运控板卡系统） ====》：输出AXIS{第1轴},点动量{1.5MM},运动速度{2MM/s}
2023-07-16 15:26:46,223 [AppLog] INFO : 手动正向点动指令（8轴运控板卡系统） ====》：输出AXIS{第1轴},点动量{1.5MM},运动速度{2MM/s}
2023-07-16 15:26:47,362 [AppLog] INFO : 手动正向点动指令（8轴运控板卡系统） ====》：输出AXIS{第1轴},点动量{1.5MM},运动速度{2MM/s}
2023-07-16 15:26:48,142 [AppLog] INFO : 手动正向点动指令（8轴运控板卡系统） ====》：输出AXIS{第1轴},点动量{1.5MM},运动速度{2MM/s}
2023-07-16 15:26:48,610 [AppLog] INFO : 切换为JOG模式====》：输出AXIS{第1轴}
2023-07-16 15:26:49,514 [AppLog] INFO : 手动正向JOG指令（8轴运控板卡系统） ====》：输出AXIS{第1轴},运动速度{2MM/s}
2023-07-16 15:26:49,748 [AppLog] INFO : 手动停止JOG输出（8轴运控板卡系统） ====》：输出AXIS{第1轴}
2023-07-16 15:26:50,029 [AppLog] INFO : 手动正向JOG指令（8轴运控板卡系统） ====》：输出AXIS{第1轴},运动速度{2MM/s}
2023-07-16 15:26:50,466 [AppLog] INFO : 手动停止JOG输出（8轴运控板卡系统） ====》：输出AXIS{第1轴}
2023-07-16 15:26:50,716 [AppLog] INFO : 手动正向JOG指令（8轴运控板卡系统） ====》：输出AXIS{第1轴},运动速度{2MM/s}
2023-07-16 15:26:51,121 [AppLog] INFO : 手动停止JOG输出（8轴运控板卡系统） ====》：输出AXIS{第1轴}
2023-07-16 15:26:51,340 [AppLog] INFO : 手动正向JOG指令（8轴运控板卡系统） ====》：输出AXIS{第1轴},运动速度{2MM/s}
2023-07-16 15:26:51,667 [AppLog] INFO : 手动停止JOG输出（8轴运控板卡系统） ====》：输出AXIS{第1轴}
2023-07-16 15:26:52,010 [AppLog] INFO : 手动正向JOG指令（8轴运控板卡系统） ====》：输出AXIS{第1轴},运动速度{2MM/s}
2023-07-16 15:26:52,432 [AppLog] INFO : 手动停止JOG输出（8轴运控板卡系统） ====》：输出AXIS{第1轴}
2023-07-16 15:26:52,603 [AppLog] INFO : 手动正向JOG指令（8轴运控板卡系统） ====》：输出AXIS{第1轴},运动速度{2MM/s}
2023-07-16 15:26:53,009 [AppLog] INFO : 手动停止JOG输出（8轴运控板卡系统） ====》：输出AXIS{第1轴}
2023-07-16 15:26:53,290 [AppLog] INFO : 手动正向JOG指令（8轴运控板卡系统） ====》：输出AXIS{第1轴},运动速度{2MM/s}
2023-07-16 15:26:53,461 [AppLog] INFO : 手动停止JOG输出（8轴运控板卡系统） ====》：输出AXIS{第1轴}
2023-07-16 15:26:54,912 [AppLog] INFO : 手动正向JOG指令（8轴运控板卡系统） ====》：输出AXIS{第1轴},运动速度{2MM/s}
2023-07-16 15:26:55,115 [AppLog] INFO : 手动停止JOG输出（8轴运控板卡系统） ====》：输出AXIS{第1轴}
2023-07-16 15:26:55,333 [AppLog] INFO : 手动正向JOG指令（8轴运控板卡系统） ====》：输出AXIS{第1轴},运动速度{2MM/s}
2023-07-16 15:26:55,864 [AppLog] INFO : 手动停止JOG输出（8轴运控板卡系统） ====》：输出AXIS{第1轴}
2023-07-16 15:26:56,066 [AppLog] INFO : 手动正向JOG指令（8轴运控板卡系统） ====》：输出AXIS{第1轴},运动速度{2MM/s}
2023-07-16 15:26:56,456 [AppLog] INFO : 手动停止JOG输出（8轴运控板卡系统） ====》：输出AXIS{第1轴}
2023-07-16 15:26:56,722 [AppLog] INFO : 手动正向JOG指令（8轴运控板卡系统） ====》：输出AXIS{第1轴},运动速度{2MM/s}
2023-07-16 15:26:57,065 [AppLog] INFO : 手动停止JOG输出（8轴运控板卡系统） ====》：输出AXIS{第1轴}
2023-07-16 15:26:57,252 [AppLog] INFO : 手动正向JOG指令（8轴运控板卡系统） ====》：输出AXIS{第1轴},运动速度{2MM/s}
2023-07-16 15:26:57,907 [AppLog] INFO : 手动停止JOG输出（8轴运控板卡系统） ====》：输出AXIS{第1轴}
2023-07-16 15:26:58,063 [AppLog] INFO : 手动正向JOG指令（8轴运控板卡系统） ====》：输出AXIS{第1轴},运动速度{2MM/s}
2023-07-16 15:27:00,668 [AppLog] INFO : 手动停止JOG输出（8轴运控板卡系统） ====》：输出AXIS{第1轴}
2023-07-16 15:27:00,902 [AppLog] INFO : 手动正向JOG指令（8轴运控板卡系统） ====》：输出AXIS{第1轴},运动速度{2MM/s}
2023-07-16 15:27:01,370 [AppLog] INFO : 手动停止JOG输出（8轴运控板卡系统） ====》：输出AXIS{第1轴}
2023-07-16 15:27:01,573 [AppLog] INFO : 手动正向JOG指令（8轴运控板卡系统） ====》：输出AXIS{第1轴},运动速度{2MM/s}
2023-07-16 15:27:02,197 [AppLog] INFO : 手动停止JOG输出（8轴运控板卡系统） ====》：输出AXIS{第1轴}
2023-07-16 15:27:02,400 [AppLog] INFO : 手动正向JOG指令（8轴运控板卡系统） ====》：输出AXIS{第1轴},运动速度{2MM/s}
2023-07-16 15:27:03,040 [AppLog] INFO : 手动停止JOG输出（8轴运控板卡系统） ====》：输出AXIS{第1轴}
2023-07-16 15:27:03,274 [AppLog] INFO : 手动正向JOG指令（8轴运控板卡系统） ====》：输出AXIS{第1轴},运动速度{2MM/s}
2023-07-16 15:27:05,816 [AppLog] INFO : 手动停止JOG输出（8轴运控板卡系统） ====》：输出AXIS{第1轴}
2023-07-16 15:27:06,019 [AppLog] INFO : 手动正向JOG指令（8轴运控板卡系统） ====》：输出AXIS{第1轴},运动速度{2MM/s}
2023-07-16 15:27:06,472 [AppLog] INFO : 手动停止JOG输出（8轴运控板卡系统） ====》：输出AXIS{第1轴}
2023-07-16 15:27:06,674 [AppLog] INFO : 手动正向JOG指令（8轴运控板卡系统） ====》：输出AXIS{第1轴},运动速度{2MM/s}
2023-07-16 15:27:06,830 [AppLog] INFO : 手动停止JOG输出（8轴运控板卡系统） ====》：输出AXIS{第1轴}
2023-07-16 15:27:08,047 [AppLog] INFO : 退出手动调试子模块,已执行修改
==========================================================================
2023-07-16 15:27:08,796 [AppLog] INFO : 进入电气控制模块
2023-07-16 15:27:09,638 [AppLog] INFO : 电气控制模块：手动关闭端口14
2023-07-16 15:27:10,762 [AppLog] INFO : 电气控制模块：手动关闭端口15
2023-07-16 15:27:11,386 [AppLog] INFO : 电气控制模块：手动打开端口15
2023-07-16 15:27:12,025 [AppLog] INFO : 电气控制模块：手动打开端口14
2023-07-16 15:27:12,415 [AppLog] INFO : 退出电气控制模块
2023-07-16 15:27:13,320 [AppLog] INFO : 进入手动调试子模块！
2023-07-16 15:27:13,320 [AppLog] INFO : 进入：ManulBtn_Click=》准备创建对象-手动操作！
2023-07-16 15:27:13,367 [AppLog] INFO : 创建：ManualControl=》创建完成-手动操作！
2023-07-16 15:27:13,367 [AppLog] INFO : 加载成功：温控Modbus接口！
2023-07-16 15:27:15,629 [AppLog] INFO : 切换为JOG模式====》：输出AXIS{第1轴}
2023-07-16 15:27:16,300 [AppLog] INFO : 手动正向JOG指令（8轴运控板卡系统） ====》：输出AXIS{第1轴},运动速度{2MM/s}
2023-07-16 15:27:16,799 [AppLog] INFO : 手动停止JOG输出（8轴运控板卡系统） ====》：输出AXIS{第1轴}
2023-07-16 15:27:17,064 [AppLog] INFO : 手动正向JOG指令（8轴运控板卡系统） ====》：输出AXIS{第1轴},运动速度{2MM/s}
2023-07-16 15:27:17,376 [AppLog] INFO : 手动停止JOG输出（8轴运控板卡系统） ====》：输出AXIS{第1轴}
2023-07-16 15:27:17,610 [AppLog] INFO : 手动正向JOG指令（8轴运控板卡系统） ====》：输出AXIS{第1轴},运动速度{2MM/s}
2023-07-16 15:27:18,312 [AppLog] INFO : 手动停止JOG输出（8轴运控板卡系统） ====》：输出AXIS{第1轴}
2023-07-16 15:27:18,515 [AppLog] INFO : 手动正向JOG指令（8轴运控板卡系统） ====》：输出AXIS{第1轴},运动速度{2MM/s}
2023-07-16 15:27:19,295 [AppLog] INFO : 手动停止JOG输出（8轴运控板卡系统） ====》：输出AXIS{第1轴}
2023-07-16 15:27:19,498 [AppLog] INFO : 手动正向JOG指令（8轴运控板卡系统） ====》：输出AXIS{第1轴},运动速度{2MM/s}
2023-07-16 15:27:21,541 [AppLog] INFO : 手动停止JOG输出（8轴运控板卡系统） ====》：输出AXIS{第1轴}
2023-07-16 15:27:21,760 [AppLog] INFO : 手动正向JOG指令（8轴运控板卡系统） ====》：输出AXIS{第1轴},运动速度{2MM/s}
2023-07-16 15:27:23,632 [AppLog] INFO : 手动停止JOG输出（8轴运控板卡系统） ====》：输出AXIS{第1轴}
2023-07-16 15:27:23,819 [AppLog] INFO : 手动正向JOG指令（8轴运控板卡系统） ====》：输出AXIS{第1轴},运动速度{2MM/s}
2023-07-16 15:27:25,504 [AppLog] INFO : 手动停止JOG输出（8轴运控板卡系统） ====》：输出AXIS{第1轴}
2023-07-16 15:27:27,157 [AppLog] INFO : 退出手动调试子模块,已执行修改
==========================================================================
2023-07-16 15:27:27,906 [AppLog] INFO : 进入电气控制模块
2023-07-16 15:27:29,825 [AppLog] INFO : 电气控制模块：手动关闭端口14
2023-07-16 15:27:31,135 [AppLog] INFO : 电气控制模块：手动打开端口14
2023-07-16 15:27:31,744 [AppLog] INFO : 电气控制模块：手动关闭端口14
2023-07-16 15:27:32,929 [AppLog] INFO : 电气控制模块：手动打开端口14
2023-07-16 15:27:33,647 [AppLog] INFO : 电气控制模块：手动关闭端口15
2023-07-16 15:27:34,505 [AppLog] INFO : 退出电气控制模块
2023-07-16 15:27:35,254 [AppLog] INFO : 进入手动调试子模块！
2023-07-16 15:27:35,254 [AppLog] INFO : 进入：ManulBtn_Click=》准备创建对象-手动操作！
2023-07-16 15:27:35,285 [AppLog] INFO : 创建：ManualControl=》创建完成-手动操作！
2023-07-16 15:27:35,285 [AppLog] INFO : 加载成功：温控Modbus接口！
2023-07-16 15:27:38,514 [AppLog] INFO : 切换为JOG模式====》：输出AXIS{第1轴}
2023-07-16 15:27:39,044 [AppLog] INFO : 手动正向JOG指令（8轴运控板卡系统） ====》：输出AXIS{第1轴},运动速度{2MM/s}
2023-07-16 15:27:39,263 [AppLog] INFO : 手动停止JOG输出（8轴运控板卡系统） ====》：输出AXIS{第1轴}
2023-07-16 15:27:39,606 [AppLog] INFO : 手动正向JOG指令（8轴运控板卡系统） ====》：输出AXIS{第1轴},运动速度{2MM/s}
2023-07-16 15:27:39,980 [AppLog] INFO : 手动停止JOG输出（8轴运控板卡系统） ====》：输出AXIS{第1轴}
2023-07-16 15:27:40,168 [AppLog] INFO : 手动正向JOG指令（8轴运控板卡系统） ====》：输出AXIS{第1轴},运动速度{2MM/s}
2023-07-16 15:27:41,088 [AppLog] INFO : 手动停止JOG输出（8轴运控板卡系统） ====》：输出AXIS{第1轴}
2023-07-16 15:27:41,291 [AppLog] INFO : 手动正向JOG指令（8轴运控板卡系统） ====》：输出AXIS{第1轴},运动速度{2MM/s}
2023-07-16 15:27:41,868 [AppLog] INFO : 手动停止JOG输出（8轴运控板卡系统） ====》：输出AXIS{第1轴}
2023-07-16 15:27:42,118 [AppLog] INFO : 手动正向JOG指令（8轴运控板卡系统） ====》：输出AXIS{第1轴},运动速度{2MM/s}
2023-07-16 15:27:50,963 [AppLog] INFO : 手动停止JOG输出（8轴运控板卡系统） ====》：输出AXIS{第1轴}
2023-07-16 15:27:51,134 [AppLog] INFO : 手动正向JOG指令（8轴运控板卡系统） ====》：输出AXIS{第1轴},运动速度{2MM/s}
2023-07-16 15:28:13,442 [AppLog] INFO : 手动停止JOG输出（8轴运控板卡系统） ====》：输出AXIS{第1轴}
2023-07-16 15:28:17,873 [AppLog] INFO : 手动正向JOG指令（8轴运控板卡系统） ====》：输出AXIS{第1轴},运动速度{5MM/s}
2023-07-16 15:28:18,310 [AppLog] INFO : 手动停止JOG输出（8轴运控板卡系统） ====》：输出AXIS{第1轴}
2023-07-16 15:28:18,590 [AppLog] INFO : 手动正向JOG指令（8轴运控板卡系统） ====》：输出AXIS{第1轴},运动速度{5MM/s}
2023-07-16 15:28:20,072 [AppLog] INFO : 手动停止JOG输出（8轴运控板卡系统） ====》：输出AXIS{第1轴}
2023-07-16 15:28:20,213 [AppLog] INFO : 手动正向JOG指令（8轴运控板卡系统） ====》：输出AXIS{第1轴},运动速度{5MM/s}
2023-07-16 15:28:20,774 [AppLog] INFO : 手动停止JOG输出（8轴运控板卡系统） ====》：输出AXIS{第1轴}
2023-07-16 15:28:21,227 [AppLog] INFO : 手动正向JOG指令（8轴运控板卡系统） ====》：输出AXIS{第1轴},运动速度{5MM/s}
2023-07-16 15:28:21,710 [AppLog] INFO : 手动停止JOG输出（8轴运控板卡系统） ====》：输出AXIS{第1轴}
2023-07-16 15:28:22,568 [AppLog] INFO : 手动正向JOG指令（8轴运控板卡系统） ====》：输出AXIS{第1轴},运动速度{5MM/s}
2023-07-16 15:28:57,747 [AppLog] INFO : 手动停止JOG输出（8轴运控板卡系统） ====》：输出AXIS{第1轴}
2023-07-16 15:28:58,683 [AppLog] INFO : 退出手动调试子模块,已执行修改
==========================================================================
2023-07-16 15:28:59,400 [AppLog] INFO : 进入电气控制模块
2023-07-16 15:29:00,492 [AppLog] INFO : 电气控制模块：手动打开端口15
2023-07-16 15:29:01,116 [AppLog] INFO : 退出电气控制模块
2023-07-16 15:29:01,709 [AppLog] INFO : 进入手动调试子模块！
2023-07-16 15:29:01,709 [AppLog] INFO : 进入：ManulBtn_Click=》准备创建对象-手动操作！
2023-07-16 15:29:01,740 [AppLog] INFO : 创建：ManualControl=》创建完成-手动操作！
2023-07-16 15:29:01,740 [AppLog] INFO : 加载成功：温控Modbus接口！
2023-07-16 15:29:04,111 [AppLog] INFO : 手动负向点动指令（8轴运控板卡系统） ====》：输出AXIS{第1轴},点动量{1.5MM},运动速度{2MM/s}
2023-07-16 15:29:04,891 [AppLog] INFO : 手动负向点动指令（8轴运控板卡系统） ====》：输出AXIS{第1轴},点动量{1.5MM},运动速度{2MM/s}
2023-07-16 15:29:05,391 [AppLog] INFO : 切换为JOG模式====》：输出AXIS{第1轴}
2023-07-16 15:29:06,077 [AppLog] INFO : 手动负向JOG指令（8轴运控板卡系统） ====》：输出AXIS{第1轴},运动速度{2MM/s}
2023-07-16 15:29:06,592 [AppLog] INFO : 手动停止JOG输出（8轴运控板卡系统） ====》：输出AXIS{第1轴}
2023-07-16 15:29:07,731 [AppLog] INFO : 手动正向JOG指令（8轴运控板卡系统） ====》：输出AXIS{第1轴},运动速度{2MM/s}
2023-07-16 15:29:09,681 [AppLog] INFO : 手动停止JOG输出（8轴运控板卡系统） ====》：输出AXIS{第1轴}
2023-07-16 15:29:16,950 [AppLog] INFO : 手动正向JOG指令（8轴运控板卡系统） ====》：输出AXIS{第1轴},运动速度{2MM/s}
2023-07-16 15:29:18,557 [AppLog] INFO : 手动停止JOG输出（8轴运控板卡系统） ====》：输出AXIS{第1轴}
2023-07-16 15:29:20,569 [AppLog] INFO : 手动正向JOG指令（8轴运控板卡系统） ====》：输出AXIS{第1轴},运动速度{2MM/s}
2023-07-16 15:29:20,694 [AppLog] INFO : 手动停止JOG输出（8轴运控板卡系统） ====》：输出AXIS{第1轴}
2023-07-16 15:30:03,157 [AppLog] INFO : 手动正向JOG指令（8轴运控板卡系统） ====》：输出AXIS{第1轴},运动速度{2MM/s}
2023-07-16 15:30:07,603 [AppLog] INFO : 手动停止JOG输出（8轴运控板卡系统） ====》：输出AXIS{第1轴}
2023-07-16 15:30:07,993 [AppLog] INFO : 手动正向JOG指令（8轴运控板卡系统） ====》：输出AXIS{第1轴},运动速度{2MM/s}
2023-07-16 15:30:08,898 [AppLog] INFO : 手动停止JOG输出（8轴运控板卡系统） ====》：输出AXIS{第1轴}
2023-07-16 15:30:09,366 [AppLog] INFO : 手动正向JOG指令（8轴运控板卡系统） ====》：输出AXIS{第1轴},运动速度{2MM/s}
2023-07-16 15:30:09,585 [AppLog] INFO : 手动停止JOG输出（8轴运控板卡系统） ====》：输出AXIS{第1轴}
2023-07-16 15:30:09,865 [AppLog] INFO : 手动正向JOG指令（8轴运控板卡系统） ====》：输出AXIS{第1轴},运动速度{2MM/s}
2023-07-16 15:30:10,755 [AppLog] INFO : 手动停止JOG输出（8轴运控板卡系统） ====》：输出AXIS{第1轴}
2023-07-16 15:30:10,895 [AppLog] INFO : 手动正向JOG指令（8轴运控板卡系统） ====》：输出AXIS{第1轴},运动速度{2MM/s}
2023-07-16 15:30:12,190 [AppLog] INFO : 手动停止JOG输出（8轴运控板卡系统） ====》：输出AXIS{第1轴}
2023-07-16 15:46:17,450 [AppLog] INFO : 退出手动调试子模块，未执行修改
==========================================================================
2023-07-16 15:46:18,740 [AppLog] INFO : 进入JOB参数设置：修改前初始参数：灰度数据格式{1bits}打印灰阶{1阶}m_XPrintDpi{System.Single[]Dpi}墨车运动速度{300MM/s}X向起打位置{50MM}X向起打位置偏移{0MM}Y向起打位置偏移{15MM}
2023-07-16 15:46:37,840 [AppLog] INFO : 退出JOB参数设置：未修改直接退出！
2023-07-16 15:46:40,700 [AppLog] INFO : 进入JOB参数设置：修改前初始参数：灰度数据格式{1bits}打印灰阶{1阶}m_XPrintDpi{System.Single[]Dpi}墨车运动速度{300MM/s}X向起打位置{50MM}X向起打位置偏移{0MM}Y向起打位置偏移{15MM}
