2023-07-10 11:00:00,021 [AppLog] INFO : 退出手动调试子模块,已执行修改
==========================================================================
2023-07-10 11:00:01,300 [AppLog] INFO : 进入电气控制模块
2023-07-10 11:00:02,595 [AppLog] INFO : 电气控制模块：手动打开端口15
2023-07-10 11:00:03,063 [AppLog] INFO : 电气控制模块：手动关闭端口15
2023-07-10 11:00:03,453 [AppLog] INFO : 电气控制模块：手动打开端口15
2023-07-10 11:00:03,812 [AppLog] INFO : 电气控制模块：手动关闭端口15
2023-07-10 11:00:05,076 [AppLog] INFO : 电气控制模块：手动打开端口14
2023-07-10 11:00:05,450 [AppLog] INFO : 电气控制模块：手动关闭端口14
2023-07-10 11:00:05,871 [AppLog] INFO : 电气控制模块：手动打开端口14
2023-07-10 11:00:07,837 [AppLog] INFO : 电气控制模块：手动关闭端口14
2023-07-10 11:00:10,676 [AppLog] INFO : 退出电气控制模块
2023-07-10 11:00:49,348 [AppLog] INFO : 进入电气控制模块
2023-07-10 11:00:52,468 [AppLog] INFO : 退出电气控制模块
2023-07-10 11:00:54,060 [AppLog] INFO : 进入手动调试子模块！
2023-07-10 11:00:54,060 [AppLog] INFO : 进入：ManulBtn_Click=》准备创建对象-手动操作！
2023-07-10 11:00:54,091 [AppLog] INFO : 创建：ManualControl=》创建完成-手动操作！
2023-07-10 11:00:54,091 [AppLog] INFO : 加载成功：温控Modbus接口！
2023-07-10 11:00:56,634 [AppLog] INFO : 切换为JOG模式====》：输出AXIS{第1轴}
2023-07-10 11:00:58,287 [AppLog] INFO : 手动负向JOG指令（8轴运控板卡系统） ====》：输出AXIS{第1轴},运动速度{2MM/s}
2023-07-10 11:00:58,412 [AppLog] INFO : 手动停止JOG输出（8轴运控板卡系统） ====》：输出AXIS{第1轴}
2023-07-10 11:00:58,942 [AppLog] INFO : 手动负向JOG指令（8轴运控板卡系统） ====》：输出AXIS{第1轴},运动速度{2MM/s}
2023-07-10 11:00:59,473 [AppLog] INFO : 手动停止JOG输出（8轴运控板卡系统） ====》：输出AXIS{第1轴}
2023-07-10 11:00:59,863 [AppLog] INFO : 手动负向JOG指令（8轴运控板卡系统） ====》：输出AXIS{第1轴},运动速度{2MM/s}
2023-07-10 11:01:00,253 [AppLog] INFO : 手动停止JOG输出（8轴运控板卡系统） ====》：输出AXIS{第1轴}
2023-07-10 11:01:00,705 [AppLog] INFO : 手动负向JOG指令（8轴运控板卡系统） ====》：输出AXIS{第1轴},运动速度{2MM/s}
2023-07-10 11:01:00,830 [AppLog] INFO : 手动停止JOG输出（8轴运控板卡系统） ====》：输出AXIS{第1轴}
2023-07-10 11:01:01,454 [AppLog] INFO : 手动负向JOG指令（8轴运控板卡系统） ====》：输出AXIS{第1轴},运动速度{2MM/s}
2023-07-10 11:01:01,563 [AppLog] INFO : 手动停止JOG输出（8轴运控板卡系统） ====》：输出AXIS{第1轴}
2023-07-10 11:09:32,893 [AppLog] INFO : 手动负向JOG指令（8轴运控板卡系统） ====》：输出AXIS{第1轴},运动速度{2MM/s}
2023-07-10 11:09:33,127 [AppLog] INFO : 手动停止JOG输出（8轴运控板卡系统） ====》：输出AXIS{第1轴}
2023-07-10 11:09:33,548 [AppLog] INFO : 手动负向JOG指令（8轴运控板卡系统） ====》：输出AXIS{第1轴},运动速度{2MM/s}
2023-07-10 11:09:33,751 [AppLog] INFO : 手动停止JOG输出（8轴运控板卡系统） ====》：输出AXIS{第1轴}
2023-07-10 11:09:34,078 [AppLog] INFO : 手动负向JOG指令（8轴运控板卡系统） ====》：输出AXIS{第1轴},运动速度{2MM/s}
2023-07-10 11:09:34,234 [AppLog] INFO : 手动停止JOG输出（8轴运控板卡系统） ====》：输出AXIS{第1轴}
2023-07-10 11:09:34,702 [AppLog] INFO : 手动负向JOG指令（8轴运控板卡系统） ====》：输出AXIS{第1轴},运动速度{2MM/s}
2023-07-10 11:09:34,843 [AppLog] INFO : 手动停止JOG输出（8轴运控板卡系统） ====》：输出AXIS{第1轴}
2023-07-10 11:13:39,514 [AppLog] INFO : 手动正向JOG指令（8轴运控板卡系统） ====》：输出AXIS{第1轴},运动速度{2MM/s}
2023-07-10 11:13:39,701 [AppLog] INFO : 手动停止JOG输出（8轴运控板卡系统） ====》：输出AXIS{第1轴}
2023-07-10 11:13:40,091 [AppLog] INFO : 手动正向JOG指令（8轴运控板卡系统） ====》：输出AXIS{第1轴},运动速度{2MM/s}
2023-07-10 11:13:40,543 [AppLog] INFO : 手动停止JOG输出（8轴运控板卡系统） ====》：输出AXIS{第1轴}
2023-07-10 11:13:40,933 [AppLog] INFO : 手动正向JOG指令（8轴运控板卡系统） ====》：输出AXIS{第1轴},运动速度{2MM/s}
2023-07-10 11:13:41,433 [AppLog] INFO : 手动停止JOG输出（8轴运控板卡系统） ====》：输出AXIS{第1轴}
2023-07-10 11:18:13,637 [AppLog] INFO : 退出手动调试子模块,已执行修改
==========================================================================
2023-07-10 11:18:14,573 [AppLog] INFO : 进入电气控制模块
2023-07-10 11:18:15,634 [AppLog] INFO : 电气控制模块：手动打开端口14
2023-07-10 11:18:16,321 [AppLog] INFO : 电气控制模块：手动关闭端口14
2023-07-10 11:18:16,913 [AppLog] INFO : 电气控制模块：手动打开端口14
2023-07-10 11:18:17,397 [AppLog] INFO : 电气控制模块：手动关闭端口14
2023-07-10 11:18:23,980 [AppLog] INFO : 电气控制模块：手动打开端口14
2023-07-10 11:18:25,088 [AppLog] INFO : 电气控制模块：手动关闭端口14
2023-07-10 11:18:27,116 [AppLog] INFO : 电气控制模块：手动打开端口15
2023-07-10 11:18:27,584 [AppLog] INFO : 电气控制模块：手动关闭端口15
2023-07-10 11:18:28,457 [AppLog] INFO : 电气控制模块：手动打开端口15
2023-07-10 11:18:29,565 [AppLog] INFO : 电气控制模块：手动关闭端口15
2023-07-10 11:18:30,532 [AppLog] INFO : 电气控制模块：手动打开端口15
2023-07-10 11:18:31,577 [AppLog] INFO : 电气控制模块：手动关闭端口15
2023-07-10 11:18:34,229 [AppLog] INFO : 电气控制模块：手动打开端口14
2023-07-10 11:18:35,150 [AppLog] INFO : 电气控制模块：手动关闭端口14
2023-07-10 11:19:23,011 [AppLog] INFO : 电气控制模块：手动打开端口14
2023-07-10 11:19:23,666 [AppLog] INFO : 退出电气控制模块
2023-07-10 11:19:24,742 [AppLog] INFO : 进入手动调试子模块！
2023-07-10 11:19:24,742 [AppLog] INFO : 进入：ManulBtn_Click=》准备创建对象-手动操作！
2023-07-10 11:19:24,758 [AppLog] INFO : 创建：ManualControl=》创建完成-手动操作！
2023-07-10 11:19:24,758 [AppLog] INFO : 加载成功：温控Modbus接口！
2023-07-10 11:19:26,318 [AppLog] INFO : 切换为JOG模式====》：输出AXIS{第1轴}
2023-07-10 11:19:27,316 [AppLog] INFO : 手动负向JOG指令（8轴运控板卡系统） ====》：输出AXIS{第1轴},运动速度{2MM/s}
2023-07-10 11:19:27,457 [AppLog] INFO : 手动停止JOG输出（8轴运控板卡系统） ====》：输出AXIS{第1轴}
2023-07-10 11:19:27,816 [AppLog] INFO : 手动负向JOG指令（8轴运控板卡系统） ====》：输出AXIS{第1轴},运动速度{2MM/s}
2023-07-10 11:19:28,564 [AppLog] INFO : 手动停止JOG输出（8轴运控板卡系统） ====》：输出AXIS{第1轴}
2023-07-10 11:20:26,284 [AppLog] INFO : 退出手动调试子模块，未执行修改
==========================================================================
2023-07-10 11:27:28,827 [AppLog] INFO : 进入手动调试子模块！
2023-07-10 11:27:28,827 [AppLog] INFO : 进入：ManulBtn_Click=》准备创建对象-手动操作！
2023-07-10 11:27:28,858 [AppLog] INFO : 创建：ManualControl=》创建完成-手动操作！
2023-07-10 11:27:28,858 [AppLog] INFO : 加载成功：温控Modbus接口！
2023-07-10 11:27:31,011 [AppLog] INFO : 退出手动调试子模块，未执行修改
==========================================================================
2023-07-10 11:27:32,025 [AppLog] INFO : 进入电气控制模块
2023-07-10 11:27:33,834 [AppLog] INFO : 退出电气控制模块
2023-07-10 11:27:34,848 [AppLog] INFO : 进入手动调试子模块！
2023-07-10 11:27:34,848 [AppLog] INFO : 进入：ManulBtn_Click=》准备创建对象-手动操作！
2023-07-10 11:27:34,880 [AppLog] INFO : 创建：ManualControl=》创建完成-手动操作！
2023-07-10 11:27:34,880 [AppLog] INFO : 加载成功：温控Modbus接口！
2023-07-10 11:27:36,018 [AppLog] INFO : 切换为JOG模式====》：输出AXIS{第1轴}
2023-07-10 11:27:38,748 [AppLog] INFO : 手动负向JOG指令（8轴运控板卡系统） ====》：输出AXIS{第1轴},运动速度{3MM/s}
2023-07-10 11:28:02,710 [AppLog] INFO : 手动停止JOG输出（8轴运控板卡系统） ====》：输出AXIS{第1轴}
2023-07-10 11:28:13,365 [AppLog] INFO : 手动负向JOG指令（8轴运控板卡系统） ====》：输出AXIS{第1轴},运动速度{3MM/s}
2023-07-10 11:28:13,833 [AppLog] INFO : 手动停止JOG输出（8轴运控板卡系统） ====》：输出AXIS{第1轴}
2023-07-10 11:28:14,160 [AppLog] INFO : 手动负向JOG指令（8轴运控板卡系统） ====》：输出AXIS{第1轴},运动速度{3MM/s}
2023-07-10 11:28:14,332 [AppLog] INFO : 手动停止JOG输出（8轴运控板卡系统） ====》：输出AXIS{第1轴}
2023-07-10 11:28:16,360 [AppLog] INFO : 退出手动调试子模块,已执行修改
==========================================================================
2023-07-10 11:28:17,078 [AppLog] INFO : 进入电气控制模块
2023-07-10 11:28:19,917 [AppLog] INFO : 电气控制模块：手动关闭端口14
2023-07-10 11:28:20,494 [AppLog] INFO : 退出电气控制模块
2023-07-10 11:28:21,352 [AppLog] INFO : 进入手动调试子模块！
2023-07-10 11:28:21,352 [AppLog] INFO : 进入：ManulBtn_Click=》准备创建对象-手动操作！
2023-07-10 11:28:21,383 [AppLog] INFO : 创建：ManualControl=》创建完成-手动操作！
2023-07-10 11:28:21,383 [AppLog] INFO : 加载成功：温控Modbus接口！
2023-07-10 11:28:23,349 [AppLog] INFO : 手动负向点动指令（8轴运控板卡系统） ====》：输出AXIS{第1轴},点动量{1.5MM},运动速度{2MM/s}
2023-07-10 11:28:24,160 [AppLog] INFO : 手动负向点动指令（8轴运控板卡系统） ====》：输出AXIS{第1轴},点动量{1.5MM},运动速度{2MM/s}
2023-07-10 11:28:24,956 [AppLog] INFO : 手动负向点动指令（8轴运控板卡系统） ====》：输出AXIS{第1轴},点动量{1.5MM},运动速度{2MM/s}
2023-07-10 11:28:25,736 [AppLog] INFO : 手动负向点动指令（8轴运控板卡系统） ====》：输出AXIS{第1轴},点动量{1.5MM},运动速度{2MM/s}
2023-07-10 11:28:28,856 [AppLog] INFO : 手动负向点动指令（8轴运控板卡系统） ====》：输出AXIS{第1轴},点动量{1.5MM},运动速度{2MM/s}
2023-07-10 11:28:29,636 [AppLog] INFO : 手动负向点动指令（8轴运控板卡系统） ====》：输出AXIS{第1轴},点动量{1.5MM},运动速度{2MM/s}
2023-07-10 11:28:29,963 [AppLog] INFO : 切换为JOG模式====》：输出AXIS{第1轴}
2023-07-10 11:28:30,509 [AppLog] INFO : 手动负向JOG指令（8轴运控板卡系统） ====》：输出AXIS{第1轴},运动速度{2MM/s}
2023-07-10 11:28:41,741 [AppLog] INFO : 手动停止JOG输出（8轴运控板卡系统） ====》：输出AXIS{第1轴}
2023-07-10 11:28:50,789 [AppLog] INFO : 手动负向JOG指令（8轴运控板卡系统） ====》：输出AXIS{第1轴},运动速度{5MM/s}
2023-07-10 11:29:13,238 [AppLog] INFO : 手动停止JOG输出（8轴运控板卡系统） ====》：输出AXIS{第1轴}
2023-07-10 11:29:15,125 [AppLog] INFO : 手动负向JOG指令（8轴运控板卡系统） ====》：输出AXIS{第1轴},运动速度{5MM/s}
2023-07-10 11:29:15,250 [AppLog] INFO : 手动停止JOG输出（8轴运控板卡系统） ====》：输出AXIS{第1轴}
2023-07-10 11:29:15,515 [AppLog] INFO : 手动负向JOG指令（8轴运控板卡系统） ====》：输出AXIS{第1轴},运动速度{5MM/s}
2023-07-10 11:29:15,999 [AppLog] INFO : 手动停止JOG输出（8轴运控板卡系统） ====》：输出AXIS{第1轴}
2023-07-10 11:29:16,295 [AppLog] INFO : 手动负向JOG指令（8轴运控板卡系统） ====》：输出AXIS{第1轴},运动速度{5MM/s}
2023-07-10 11:29:28,838 [AppLog] INFO : 手动停止JOG输出（8轴运控板卡系统） ====》：输出AXIS{第1轴}
2023-07-10 11:29:29,399 [AppLog] INFO : 手动负向JOG指令（8轴运控板卡系统） ====》：输出AXIS{第1轴},运动速度{5MM/s}
2023-07-10 11:29:29,930 [AppLog] INFO : 手动停止JOG输出（8轴运控板卡系统） ====》：输出AXIS{第1轴}
2023-07-10 11:29:30,601 [AppLog] INFO : 手动负向JOG指令（8轴运控板卡系统） ====》：输出AXIS{第1轴},运动速度{5MM/s}
2023-07-10 11:29:31,833 [AppLog] INFO : 手动停止JOG输出（8轴运控板卡系统） ====》：输出AXIS{第1轴}
2023-07-10 11:29:36,841 [AppLog] INFO : 退出手动调试子模块,已执行修改
==========================================================================
2023-07-10 11:29:37,761 [AppLog] INFO : 进入电气控制模块
2023-07-10 11:32:26,678 [AppLog] INFO : 退出电气控制模块
2023-07-10 11:32:27,364 [AppLog] INFO : 开启系统：板卡通讯，伺服供电，照明系统，UV/HR固化系统！
2023-07-10 11:32:28,004 [AppLog] INFO : 关闭系统：一键关闭系统开始！
2023-07-10 11:32:34,229 [AppLog] INFO : 关闭系统：一键关闭系统结束！
2023-07-10 11:32:34,229 [AppLog] INFO : 喷墨控制器的所有轴输出关闭！
2023-07-10 11:32:36,428 [AppLog] INFO : 喷墨控制器关闭！
2023-07-10 11:32:36,428 [AppLog] INFO : 创建：AutoPrintMotion0=》不需重新创建-手动操作！
2023-07-10 11:32:36,428 [AppLog] INFO : 进入电气控制模块
2023-07-10 11:32:37,598 [AppLog] INFO : 退出电气控制模块
2023-07-10 11:32:39,221 [AppLog] INFO : 软件及设备关停中：墨车所有方向运动确认停止（X,Y,Y2)： bImmeStop{False},nAxisMask{0x7}
2023-07-10 11:32:39,236 [AppLog] INFO : 软件及设备关停中：喷墨控制器板卡系统关闭（X,Y,Y2)：DEV_CloseDevice
2023-07-10 11:32:39,907 [AppLog] INFO : 软件及设备关停成功
==========================================================================
操作系统:{Microsoft Windows 7 旗舰版 }
运行环境:{ .Net Framework Enviroment Version 4.0.30319.42000}
盘符：D
CPU使用率：{0%} ，可用内存大小:{14167MB}，硬盘剩余空间：
  盘符 C:\ 的剩余空间：70 GB
  盘符 D:\ 的剩余空间：82 GB
  盘符 F:\ 的剩余空间：46 GB
==========================================================================
