2023-10-09 19:21:41,535 [AppLog] INFO : 软件开机密码正确，登录成功1次
==========================================================================
操作系统:{Microsoft Windows 7 旗舰版 }
运行环境:{ .Net Framework Enviroment Version 4.0.30319.42000}
盘符：D
CPU使用率：{8.928188%} ，可用内存大小:{14377MB}，硬盘剩余空间：
  盘符 C:\ 的剩余空间：70 GB
  盘符 D:\ 的剩余空间：70 GB
硬件配置情况：
  CPU 厂家: GenuineIntel CPU 型号: Intel(R) Core(TM) i7-4770 CPU @ 3.40GHz
  内存条厂家: Kingston 内存条型号: 99P5471-043.A00LF 
  内存条厂家: Kingston 内存条型号: 99P5471-043.A00LF 
  硬盘厂家: (标准磁盘驱动器) 硬盘型号: Micron_1300_MTFDDAK256TDL ATA Device
==========================================================================
2023-10-09 19:21:42,673 [AppLog] INFO : 开启系统：板卡通讯，伺服供电，照明系统，UV/HR固化系统！
2023-10-09 19:21:42,673 [AppLog] INFO : 开启系统：一键启动系统开始！
2023-10-09 19:21:48,773 [AppLog] INFO : 开启系统：一键启动系统结束！
2023-10-09 19:21:48,976 [AppLog] INFO : 创建：AutoPrintMotion0=》初次创建完成-手动操作！
2023-10-09 19:21:49,054 [AppLog] INFO : 初始化喷墨控制器启动！
2023-10-09 19:22:12,844 [AppLog] INFO : 打开喷墨控制器设备成功！
2023-10-09 19:22:12,860 [AppLog] INFO : 输入校准值1次{成功}，打印往返差校准值为：BiDirEncPrtOff{5},分频值{8},打印速度{300mm/s}
2023-10-09 19:22:13,250 [AppLog] INFO : PASS打印前关键状态：DEV_GetDeviceInfo：LPPRINTER_INFO:nXSysEncDPI{5080}nStatus{909129520}nPrintStatus{0}bSuperDevice{1}
LPPRINTER_INFO-LPPrtRunInfo:bJobPrtRuning{False}bLayerPrtIsOver{False}nContReqMemErr{0}nContWDErr{0}nCurPrtDir{0}nDTLayerIndex{0}nDTLayerPassIndex{0}nDTPtrCtlIndex{0}nLayerPassCount{0}nPrintLayerIndex{0}nPrintPassIndex{0}nProcLayerIndex{0}nPrtDataMemAddr{0}nPrtState{0}nReverse{System.Int32[]}nRevPrtCols{0}
LPPRINTER_INFO-LPDRVINFO:nFMVersion{45074}nFpgaVersion{539038216}nPCBVersion{0}nState{0}nNextState{0}nPtvwarnState{0}nCrc32{0}nRevInfo{System.UInt32[]}nSignature{0}
2023-10-09 19:22:14,825 [AppLog] INFO : 初始化喷墨控制器成功！
2023-10-09 19:22:14,825 [AppLog] INFO : 进入：EquipmentMotionLogic3=》准备创建对象-手动操作！
2023-10-09 19:22:14,856 [AppLog] INFO : 进入：EquipmentMotionLogic3=》创建完成-手动操作！
2023-10-09 19:22:14,981 [AppLog] INFO : 红外灯控制器485通讯建立！
2023-10-09 19:22:14,981 [AppLog] INFO : 进入电气控制模块
2023-10-09 19:22:25,012 [AppLog] INFO : 电气控制模块：手动打开端口14
2023-10-09 19:22:26,244 [AppLog] INFO : 电气控制模块：手动打开端口15
2023-10-09 19:23:23,184 [AppLog] INFO : 电气控制模块：手动关闭端口15
2023-10-09 19:23:35,571 [AppLog] INFO : 电气控制模块：手动打开端口15
2023-10-09 19:24:13,994 [AppLog] INFO : 电气控制模块：手动关闭端口15
2023-10-09 19:24:15,445 [AppLog] INFO : 电气控制模块：手动关闭端口14
2023-10-09 19:25:16,909 [AppLog] INFO : 电气控制模块：手动打开端口14
2023-10-09 19:25:18,125 [AppLog] INFO : 电气控制模块：手动打开端口15
2023-10-09 19:29:47,164 [AppLog] INFO : 电气控制模块：手动关闭端口15
2023-10-09 19:29:48,209 [AppLog] INFO : 电气控制模块：手动打开端口15
2023-10-09 19:29:51,282 [AppLog] INFO : 电气控制模块：手动关闭端口14
2023-10-09 19:29:52,187 [AppLog] INFO : 电气控制模块：手动打开端口14
2023-10-09 19:30:05,291 [AppLog] INFO : 电气控制模块：手动关闭端口14
2023-10-09 19:30:08,707 [AppLog] INFO : 电气控制模块：手动打开端口14
2023-10-09 19:30:09,518 [AppLog] INFO : 电气控制模块：手动关闭端口14
2023-10-09 19:30:10,345 [AppLog] INFO : 电气控制模块：手动打开端口14
2023-10-09 19:30:11,281 [AppLog] INFO : 电气控制模块：手动关闭端口14
2023-10-09 19:30:11,765 [AppLog] INFO : 电气控制模块：手动打开端口14
2023-10-09 19:30:12,389 [AppLog] INFO : 电气控制模块：手动关闭端口14
2023-10-09 19:30:17,053 [AppLog] INFO : 电气控制模块：手动关闭端口15
2023-10-09 19:30:17,568 [AppLog] INFO : 电气控制模块：手动打开端口15
2023-10-09 19:30:18,535 [AppLog] INFO : 电气控制模块：手动关闭端口15
2023-10-09 19:30:19,019 [AppLog] INFO : 电气控制模块：手动打开端口15
2023-10-09 19:30:20,282 [AppLog] INFO : 电气控制模块：手动打开端口14
2023-10-09 19:30:25,571 [AppLog] INFO : 退出电气控制模块
2023-10-09 19:30:27,240 [AppLog] INFO : 开启系统：板卡通讯，伺服供电，照明系统，UV/HR固化系统！
2023-10-09 19:30:28,332 [AppLog] INFO : 关闭系统：一键关闭系统开始！
2023-10-09 19:30:34,541 [AppLog] INFO : 关闭系统：一键关闭系统结束！
2023-10-09 19:30:34,541 [AppLog] INFO : 喷墨控制器的所有轴输出关闭！
2023-10-09 19:30:36,132 [AppLog] INFO : 喷墨控制器关闭！
2023-10-09 19:30:36,132 [AppLog] INFO : 创建：AutoPrintMotion0=》不需重新创建-手动操作！
2023-10-09 19:30:36,132 [AppLog] INFO : 进入电气控制模块
2023-10-09 19:30:41,686 [AppLog] INFO : 电气控制模块：手动关闭端口14
2023-10-09 19:30:42,559 [AppLog] INFO : 电气控制模块：手动关闭端口15
2023-10-09 19:30:43,604 [AppLog] INFO : 退出电气控制模块
2023-10-09 19:30:49,283 [AppLog] INFO : 软件及设备关停中：墨车所有方向运动确认停止（X,Y,Y2)： bImmeStop{False},nAxisMask{0x7}
2023-10-09 19:30:49,283 [AppLog] INFO : 软件及设备关停中：喷墨控制器板卡系统关闭（X,Y,Y2)：DEV_CloseDevice
2023-10-09 19:30:49,922 [AppLog] INFO : 软件及设备关停成功
==========================================================================
操作系统:{Microsoft Windows 7 旗舰版 }
运行环境:{ .Net Framework Enviroment Version 4.0.30319.42000}
盘符：D
CPU使用率：{33.92823%} ，可用内存大小:{14178MB}，硬盘剩余空间：
  盘符 C:\ 的剩余空间：70 GB
  盘符 D:\ 的剩余空间：70 GB
==========================================================================
2023-10-09 19:43:33,216 [AppLog] INFO : 软件开机密码正确，登录成功1次
==========================================================================
操作系统:{Microsoft Windows 7 旗舰版 }
运行环境:{ .Net Framework Enviroment Version 4.0.30319.42000}
盘符：D
CPU使用率：{46.4283%} ，可用内存大小:{14363MB}，硬盘剩余空间：
  盘符 C:\ 的剩余空间：70 GB
  盘符 D:\ 的剩余空间：70 GB
硬件配置情况：
  CPU 厂家: GenuineIntel CPU 型号: Intel(R) Core(TM) i7-4770 CPU @ 3.40GHz
  内存条厂家: Kingston 内存条型号: 99P5471-043.A00LF 
  内存条厂家: Kingston 内存条型号: 99P5471-043.A00LF 
  硬盘厂家: (标准磁盘驱动器) 硬盘型号: Micron_1300_MTFDDAK256TDL ATA Device
==========================================================================
2023-10-09 19:43:39,658 [AppLog] INFO : 开启系统：板卡通讯，伺服供电，照明系统，UV/HR固化系统！
2023-10-09 19:43:39,658 [AppLog] INFO : 开启系统：一键启动系统开始！
2023-10-09 19:43:45,758 [AppLog] INFO : 开启系统：一键启动系统结束！
2023-10-09 19:43:45,961 [AppLog] INFO : 创建：AutoPrintMotion0=》初次创建完成-手动操作！
2023-10-09 19:43:46,039 [AppLog] INFO : 初始化喷墨控制器启动！
2023-10-09 19:44:09,813 [AppLog] INFO : 打开喷墨控制器设备成功！
2023-10-09 19:44:09,844 [AppLog] INFO : 输入校准值1次{成功}，打印往返差校准值为：BiDirEncPrtOff{5},分频值{8},打印速度{300mm/s}
2023-10-09 19:44:10,234 [AppLog] INFO : PASS打印前关键状态：DEV_GetDeviceInfo：LPPRINTER_INFO:nXSysEncDPI{5080}nStatus{909129520}nPrintStatus{0}bSuperDevice{1}
LPPRINTER_INFO-LPPrtRunInfo:bJobPrtRuning{False}bLayerPrtIsOver{False}nContReqMemErr{0}nContWDErr{0}nCurPrtDir{0}nDTLayerIndex{0}nDTLayerPassIndex{0}nDTPtrCtlIndex{0}nLayerPassCount{0}nPrintLayerIndex{0}nPrintPassIndex{0}nProcLayerIndex{0}nPrtDataMemAddr{0}nPrtState{0}nReverse{System.Int32[]}nRevPrtCols{0}
LPPRINTER_INFO-LPDRVINFO:nFMVersion{45074}nFpgaVersion{539038216}nPCBVersion{0}nState{0}nNextState{0}nPtvwarnState{0}nCrc32{0}nRevInfo{System.UInt32[]}nSignature{0}
2023-10-09 19:44:11,841 [AppLog] INFO : 初始化喷墨控制器成功！
2023-10-09 19:44:11,841 [AppLog] INFO : 进入：EquipmentMotionLogic3=》准备创建对象-手动操作！
2023-10-09 19:44:11,872 [AppLog] INFO : 进入：EquipmentMotionLogic3=》创建完成-手动操作！
2023-10-09 19:44:12,013 [AppLog] INFO : 红外灯控制器485通讯建立！
2023-10-09 19:44:12,013 [AppLog] INFO : 进入电气控制模块
2023-10-09 19:44:13,776 [AppLog] INFO : 电气控制模块：手动打开端口14
2023-10-09 19:44:14,805 [AppLog] INFO : 电气控制模块：手动打开端口15
2023-10-09 19:49:35,973 [AppLog] INFO : 电气控制模块：手动关闭端口14
2023-10-09 19:49:37,253 [AppLog] INFO : 电气控制模块：手动关闭端口15
2023-10-09 19:49:38,703 [AppLog] INFO : 退出电气控制模块
2023-10-09 19:52:12,073 [AppLog] INFO : 开启系统：板卡通讯，伺服供电，照明系统，UV/HR固化系统！
2023-10-09 19:52:13,703 [AppLog] INFO : 关闭系统：一键关闭系统开始！
2023-10-09 19:52:19,833 [AppLog] INFO : 关闭系统：一键关闭系统结束！
2023-10-09 19:52:19,833 [AppLog] INFO : 喷墨控制器的所有轴输出关闭！
2023-10-09 19:52:20,863 [AppLog] INFO : 喷墨控制器关闭！
2023-10-09 19:52:20,863 [AppLog] INFO : 创建：AutoPrintMotion0=》不需重新创建-手动操作！
2023-10-09 19:52:20,863 [AppLog] INFO : 进入电气控制模块
2023-10-09 19:52:23,003 [AppLog] INFO : 退出电气控制模块
2023-10-09 19:52:26,763 [AppLog] INFO : 软件及设备关停中：墨车所有方向运动确认停止（X,Y,Y2)： bImmeStop{False},nAxisMask{0x7}
2023-10-09 19:52:26,763 [AppLog] INFO : 软件及设备关停中：喷墨控制器板卡系统关闭（X,Y,Y2)：DEV_CloseDevice
2023-10-09 19:52:27,413 [AppLog] INFO : 软件及设备关停成功
==========================================================================
操作系统:{Microsoft Windows 7 旗舰版 }
运行环境:{ .Net Framework Enviroment Version 4.0.30319.42000}
盘符：D
CPU使用率：{0%} ，可用内存大小:{14325MB}，硬盘剩余空间：
  盘符 C:\ 的剩余空间：70 GB
  盘符 D:\ 的剩余空间：70 GB
==========================================================================
2023-10-09 19:59:43,670 [AppLog] INFO : 软件开机密码正确，登录成功1次
==========================================================================
操作系统:{Microsoft Windows 7 旗舰版 }
运行环境:{ .Net Framework Enviroment Version 4.0.30319.42000}
盘符：D
CPU使用率：{33.92833%} ，可用内存大小:{14383MB}，硬盘剩余空间：
  盘符 C:\ 的剩余空间：70 GB
  盘符 D:\ 的剩余空间：70 GB
硬件配置情况：
  CPU 厂家: GenuineIntel CPU 型号: Intel(R) Core(TM) i7-4770 CPU @ 3.40GHz
  内存条厂家: Kingston 内存条型号: 99P5471-043.A00LF 
  内存条厂家: Kingston 内存条型号: 99P5471-043.A00LF 
  硬盘厂家: (标准磁盘驱动器) 硬盘型号: Micron_1300_MTFDDAK256TDL ATA Device
==========================================================================
2023-10-09 19:59:43,685 [AppLog] INFO : 开启系统：板卡通讯，伺服供电，照明系统，UV/HR固化系统！
2023-10-09 19:59:43,685 [AppLog] INFO : 开启系统：一键启动系统开始！
2023-10-09 19:59:49,785 [AppLog] INFO : 开启系统：一键启动系统结束！
2023-10-09 19:59:49,988 [AppLog] INFO : 创建：AutoPrintMotion0=》初次创建完成-手动操作！
2023-10-09 19:59:50,066 [AppLog] INFO : 初始化喷墨控制器启动！
