2023-04-03 12:05:53,497 [AppLog] INFO : 退出手动调试子模块,已执行修改
==========================================================================
2023-04-03 12:05:54,745 [AppLog] INFO : 开启系统：板卡通讯，伺服供电，照明系统，UV/HR固化系统！
2023-04-03 12:05:55,728 [AppLog] INFO : 关闭系统：一键关闭系统开始！
2023-04-03 12:06:01,923 [AppLog] INFO : 关闭系统：一键关闭系统结束！
2023-04-03 12:06:01,932 [AppLog] INFO : 喷墨控制器的所有轴输出关闭！
2023-04-03 12:06:01,996 [AppLog] INFO : 喷墨控制器关闭！
2023-04-03 12:06:01,998 [AppLog] INFO : 进入电气控制模块
2023-04-03 12:06:03,049 [AppLog] INFO : 电气控制模块：手动关闭端口14
2023-04-03 12:06:03,665 [AppLog] INFO : 电气控制模块：手动关闭端口15
2023-04-03 12:06:04,179 [AppLog] INFO : 退出电气控制模块
2023-04-03 12:06:05,737 [AppLog] INFO : 软件及设备关停中：墨车所有方向运动确认停止（X,Y,Y2)： bImmeStop{False},nAxisMask{0x7}
2023-04-03 12:06:05,738 [AppLog] INFO : 软件及设备关停中：喷墨控制器板卡系统关闭（X,Y,Y2)：DEV_CloseDevice
2023-04-03 12:06:06,479 [AppLog] INFO : 软件及设备关停成功
==========================================================================
操作系统:{Microsoft Windows 7 旗舰版 }
运行环境:{ .Net Framework Enviroment Version 4.0.30319.42000}
盘符：D
CPU使用率：{0%} ，可用内存大小:{14115MB}，硬盘剩余空间：
  盘符 C:\ 的剩余空间：70 GB
  盘符 D:\ 的剩余空间：88 GB
  盘符 F:\ 的剩余空间：3 GB
==========================================================================
2023-04-03 12:06:32,425 [AppLog] INFO : 软件开机密码正确，登录成功1次
==========================================================================
操作系统:{Microsoft Windows 7 旗舰版 }
运行环境:{ .Net Framework Enviroment Version 4.0.30319.42000}
盘符：D
CPU使用率：{20.84563%} ，可用内存大小:{14128MB}，硬盘剩余空间：
  盘符 C:\ 的剩余空间：70 GB
  盘符 D:\ 的剩余空间：88 GB
  盘符 F:\ 的剩余空间：3 GB
硬件配置情况：
  CPU 厂家: GenuineIntel CPU 型号: Intel(R) Core(TM) i7-4770 CPU @ 3.40GHz
  内存条厂家: Kingston 内存条型号: 99P5471-043.A00LF 
  内存条厂家: Kingston 内存条型号: 99P5471-043.A00LF 
  硬盘厂家: (标准磁盘驱动器) 硬盘型号: Micron_1300_MTFDDAK256TDL ATA Device
  硬盘厂家: (标准磁盘驱动器) 硬盘型号: Generic Flash Disk USB Device
==========================================================================
2023-04-03 12:06:32,439 [AppLog] INFO : 开启系统：板卡通讯，伺服供电，照明系统，UV/HR固化系统！
2023-04-03 12:06:32,440 [AppLog] INFO : 开启系统：一键启动系统开始！
2023-04-03 12:06:38,445 [AppLog] INFO : 开启系统：一键启动系统结束！
2023-04-03 12:06:38,446 [AppLog] INFO : 初始化喷墨控制器启动！
2023-04-03 12:07:00,527 [AppLog] INFO : 打开喷墨控制器设备成功！
2023-04-03 12:07:02,508 [AppLog] INFO : 初始化喷墨控制器成功！
2023-04-03 12:07:02,508 [AppLog] INFO : 进入：EquipmentMotionLogic3=》准备创建对象-手动操作！
2023-04-03 12:07:02,664 [AppLog] INFO : 进入：EquipmentMotionLogic3=》创建完成-手动操作！
2023-04-03 12:07:02,789 [AppLog] INFO : 红外灯控制器485通讯建立！
2023-04-03 12:07:02,789 [AppLog] INFO : 进入电气控制模块
2023-04-03 12:07:03,912 [AppLog] INFO : 电气控制模块：手动打开端口14
2023-04-03 12:07:04,567 [AppLog] INFO : 电气控制模块：手动打开端口15
2023-04-03 12:07:05,394 [AppLog] INFO : 退出电气控制模块
2023-04-03 12:07:06,705 [AppLog] INFO : 进入手动调试子模块！
2023-04-03 12:07:06,705 [AppLog] INFO : 进入：ManulBtn_Click=》准备创建对象-手动操作！
2023-04-03 12:07:06,736 [AppLog] INFO : 创建：ManualControl=》创建完成-手动操作！
2023-04-03 12:07:06,736 [AppLog] INFO : 加载成功：温控Modbus接口！
2023-04-03 12:07:10,495 [AppLog] INFO : 开启铺粉车回零校准：PowderCarHomeBtn_Click
2023-04-03 12:07:10,495 [AppLog] INFO : 开启粉车回零校准线程：PowderCarHomeResetThread
2023-04-03 12:07:19,216 [AppLog] INFO : 手动正向点动指令（8轴运控板卡系统） ====》：输出AXIS{第2轴},点动量{-116MM},运动速度{50MM/s}
2023-04-03 12:07:19,216 [AppLog] INFO : 粉车回零校准线程成功：PowderCarHomeResetThread
2023-04-03 12:07:22,554 [AppLog] INFO : 退出手动调试子模块,已执行修改
==========================================================================
2023-04-03 12:07:30,261 [AppLog] INFO : 进入手动调试子模块！
2023-04-03 12:07:30,261 [AppLog] INFO : 进入：ManulBtn_Click=》准备创建对象-手动操作！
2023-04-03 12:07:30,292 [AppLog] INFO : 创建：ManualControl=》创建完成-手动操作！
2023-04-03 12:07:30,292 [AppLog] INFO : 加载成功：温控Modbus接口！
2023-04-03 12:07:31,743 [AppLog] INFO : 手动开启自动进给铺粉过程：AutoSupplyPowderBtn_Click
2023-04-03 12:07:31,743 [AppLog] INFO : 开启手动铺粉逻辑：NewAutoSupplyPowderThread
2023-04-03 12:07:31,852 [AppLog] INFO : 手动正向点动指令（8轴运控板卡系统） ====》：输出AXIS{第1轴},点动量{-0.08MM},运动速度{5MM/s}
2023-04-03 12:07:31,852 [AppLog] INFO : 成形面高度下降层厚 TrapSpace{0.08mm}：TrapMoveUp(1, true, Convert.ToString(vel), Convert.ToString(TrapSpace), true, true）
2023-04-03 12:07:32,179 [AppLog] INFO : 手动正向点动指令（8轴运控板卡系统） ====》：输出AXIS{第1轴},点动量{-1.5MM},运动速度{5MM/s}
2023-04-03 12:07:32,179 [AppLog] INFO : 成形面高度下降指定厚度 TrapSpace{1.5mm}：TrapMoveUp(1, true, Convert.ToString(vel), Convert.ToString(TrapSpace), true, true）
2023-04-03 12:07:32,507 [AppLog] INFO : 手动正向点动指令（8轴运控板卡系统） ====》：输出AXIS{第1轴},点动量{1.5MM},运动速度{5MM/s}
2023-04-03 12:07:32,507 [AppLog] INFO : 成形面高度上升层厚 TrapSpace{1.5mm}：TrapMoveUp(1, true, Convert.ToString(vel), Convert.ToString(TrapSpace), true, true）
2023-04-03 12:07:32,757 [AppLog] INFO : 手动正向点动指令（8轴运控板卡系统） ====》：输出AXIS{第8轴},点动量{0.5MM},运动速度{2.5MM/s}
2023-04-03 12:07:32,757 [AppLog] INFO : Hopper落粉轴转2圈落粉，速度0.5rev/s：TrapMoveUp(8, true, 0.5, rotateNuM.ToString(), true, false)
2023-04-03 12:07:32,757 [AppLog] INFO : 手动正向点动指令（8轴运控板卡系统） ====》：输出AXIS{第2轴},点动量{254MM},运动速度{250MM/s}
2023-04-03 12:07:32,757 [AppLog] INFO : 手动正向点动指令（8轴运控板卡系统） ====》：输出AXIS{第2轴},点动量{694MM},运动速度{50MM/s}
2023-04-03 12:07:32,772 [AppLog] INFO : 开启铺粉车不等停运动至站2，速度0.5rev/s：BackToStation2
2023-04-03 12:07:35,752 [AppLog] INFO : 打开IR灯：OpenIRLamp(true)
2023-04-03 12:07:37,889 [AppLog] INFO : 手动正向点动指令（8轴运控板卡系统） ====》：输出AXIS{第3轴},点动量{0.5MM},运动速度{0.0980392156862745MM/s}
2023-04-03 12:07:37,889 [AppLog] INFO : 开启均匀落粉及辊子铺平运动：TrapMoveUp(3, true, Convert.ToString(DispenseRollerSpeed), 0.5, true, true)
2023-04-03 12:07:43,037 [AppLog] INFO : 关闭IR灯：OpenIRLamp(false)
2023-04-03 12:07:45,408 [AppLog] INFO : 手动正向点动指令（8轴运控板卡系统） ====》：输出AXIS{第3轴},点动量{0.5MM},运动速度{2MM/s}
2023-04-03 12:07:45,408 [AppLog] INFO : 落粉轴继续转动以倒掉余粉：TrapMoveUp(3, true, 2, 0.5, true, false)
2023-04-03 12:07:46,968 [AppLog] INFO : 手动正向点动指令（8轴运控板卡系统） ====》：输出AXIS{第1轴},点动量{-1.5MM},运动速度{5MM/s}
2023-04-03 12:07:46,968 [AppLog] INFO : 成形面高度下降指定厚度 TrapSpace{1.5mm}：TrapMoveUp(1, true, Convert.ToString(vel), Convert.ToString(TrapSpace), true, true）
2023-04-03 12:07:50,463 [AppLog] INFO : 手动正向点动指令（8轴运控板卡系统） ====》：输出AXIS{第2轴},点动量{-698MM},运动速度{200MM/s}
2023-04-03 12:07:50,463 [AppLog] INFO : 铺粉车返回至站1：BackToStation2(AimPos, MovSpeed, true)
2023-04-03 12:07:50,853 [AppLog] INFO : 落粉轴回零成功：motionMap.SetBackSpreaderAxis(3, 0.5, 2, -SinkPosition)：ReturnCode{True}
2023-04-03 12:07:51,165 [AppLog] INFO : 手动正向点动指令（8轴运控板卡系统） ====》：输出AXIS{第1轴},点动量{1.5MM},运动速度{5MM/s}
2023-04-03 12:07:51,165 [AppLog] INFO : 成形面高度上升层厚 TrapSpace{1.5mm}：TrapMoveUp(1, true, Convert.ToString(vel), Convert.ToString(TrapSpace), true, true）
2023-04-03 12:07:51,165 [AppLog] INFO : 手动铺粉正常结束：NewAutoSupplyPowderThread
2023-04-03 12:07:51,180 [AppLog] INFO : 发送监控指令，拍照记录1条：SendMessageFromSharedMemory
2023-04-03 12:10:22,906 [AppLog] INFO : 手动停止自动进给铺粉过程：AutoSupplyPowderBtn_Click
2023-04-03 12:10:26,073 [AppLog] INFO : 手动开启自动进给铺粉过程：AutoSupplyPowderBtn_Click
2023-04-03 12:10:27,165 [AppLog] INFO : 手动开启自动进给铺粉过程：AutoSupplyPowderBtn_Click
2023-04-03 12:10:27,165 [AppLog] INFO : 开启手动铺粉逻辑：NewAutoSupplyPowderThread
2023-04-03 12:10:27,212 [AppLog] INFO : 手动正向点动指令（8轴运控板卡系统） ====》：输出AXIS{第1轴},点动量{-0.08MM},运动速度{5MM/s}
2023-04-03 12:10:27,212 [AppLog] INFO : 成形面高度下降层厚 TrapSpace{0.08mm}：TrapMoveUp(1, true, Convert.ToString(vel), Convert.ToString(TrapSpace), true, true）
2023-04-03 12:10:27,305 [AppLog] INFO : 手动停止自动进给铺粉过程：AutoSupplyPowderBtn_Click
2023-04-03 12:10:27,524 [AppLog] INFO : 手动正向点动指令（8轴运控板卡系统） ====》：输出AXIS{第1轴},点动量{-1.5MM},运动速度{5MM/s}
2023-04-03 12:10:27,524 [AppLog] INFO : 成形面高度下降指定厚度 TrapSpace{1.5mm}：TrapMoveUp(1, true, Convert.ToString(vel), Convert.ToString(TrapSpace), true, true）
2023-04-03 12:10:27,851 [AppLog] INFO : 手动正向点动指令（8轴运控板卡系统） ====》：输出AXIS{第1轴},点动量{1.5MM},运动速度{5MM/s}
2023-04-03 12:10:27,851 [AppLog] INFO : 成形面高度上升层厚 TrapSpace{1.5mm}：TrapMoveUp(1, true, Convert.ToString(vel), Convert.ToString(TrapSpace), true, true）
2023-04-03 12:10:28,070 [AppLog] INFO : 手动正向点动指令（8轴运控板卡系统） ====》：输出AXIS{第8轴},点动量{0.5MM},运动速度{2.5MM/s}
2023-04-03 12:10:28,070 [AppLog] INFO : Hopper落粉轴转2圈落粉，速度0.5rev/s：TrapMoveUp(8, true, 0.5, rotateNuM.ToString(), true, false)
2023-04-03 12:10:28,070 [AppLog] INFO : 手动正向点动指令（8轴运控板卡系统） ====》：输出AXIS{第2轴},点动量{258MM},运动速度{250MM/s}
2023-04-03 12:10:28,070 [AppLog] INFO : 手动正向点动指令（8轴运控板卡系统） ====》：输出AXIS{第2轴},点动量{698MM},运动速度{50MM/s}
2023-04-03 12:10:28,070 [AppLog] INFO : 开启铺粉车不等停运动至站2，速度0.5rev/s：BackToStation2
2023-04-03 12:10:31,143 [AppLog] INFO : 打开IR灯：OpenIRLamp(true)
2023-04-03 12:10:33,218 [AppLog] INFO : 手动正向点动指令（8轴运控板卡系统） ====》：输出AXIS{第3轴},点动量{0.5MM},运动速度{0.0980392156862745MM/s}
2023-04-03 12:10:33,218 [AppLog] INFO : 开启均匀落粉及辊子铺平运动：TrapMoveUp(3, true, Convert.ToString(DispenseRollerSpeed), 0.5, true, true)
2023-04-03 12:10:38,428 [AppLog] INFO : 关闭IR灯：OpenIRLamp(false)
2023-04-03 12:10:40,784 [AppLog] INFO : 手动正向点动指令（8轴运控板卡系统） ====》：输出AXIS{第3轴},点动量{0.5MM},运动速度{2MM/s}
2023-04-03 12:10:40,784 [AppLog] INFO : 落粉轴继续转动以倒掉余粉：TrapMoveUp(3, true, 2, 0.5, true, false)
2023-04-03 12:10:42,344 [AppLog] INFO : 手动正向点动指令（8轴运控板卡系统） ====》：输出AXIS{第1轴},点动量{-1.5MM},运动速度{5MM/s}
2023-04-03 12:10:42,344 [AppLog] INFO : 成形面高度下降指定厚度 TrapSpace{1.5mm}：TrapMoveUp(1, true, Convert.ToString(vel), Convert.ToString(TrapSpace), true, true）
2023-04-03 12:10:45,838 [AppLog] INFO : 手动正向点动指令（8轴运控板卡系统） ====》：输出AXIS{第2轴},点动量{-698MM},运动速度{200MM/s}
2023-04-03 12:10:45,838 [AppLog] INFO : 铺粉车返回至站1：BackToStation2(AimPos, MovSpeed, true)
2023-04-03 12:10:46,228 [AppLog] INFO : 落粉轴回零成功：motionMap.SetBackSpreaderAxis(3, 0.5, 2, -SinkPosition)：ReturnCode{True}
2023-04-03 12:10:46,540 [AppLog] INFO : 手动正向点动指令（8轴运控板卡系统） ====》：输出AXIS{第1轴},点动量{1.5MM},运动速度{5MM/s}
2023-04-03 12:10:46,540 [AppLog] INFO : 成形面高度上升层厚 TrapSpace{1.5mm}：TrapMoveUp(1, true, Convert.ToString(vel), Convert.ToString(TrapSpace), true, true）
2023-04-03 12:10:46,540 [AppLog] INFO : 手动铺粉正常结束：NewAutoSupplyPowderThread
2023-04-03 12:10:46,540 [AppLog] INFO : 发送监控指令，拍照记录1条：SendMessageFromSharedMemory
2023-04-03 12:11:23,871 [AppLog] INFO : 退出手动调试子模块,已执行修改
==========================================================================
2023-04-03 12:11:25,649 [AppLog] INFO : 进入手动调试子模块！
2023-04-03 12:11:25,649 [AppLog] INFO : 进入：ManulBtn_Click=》准备创建对象-手动操作！
2023-04-03 12:11:25,681 [AppLog] INFO : 创建：ManualControl=》创建完成-手动操作！
2023-04-03 12:11:25,681 [AppLog] INFO : 加载成功：温控Modbus接口！
2023-04-03 12:11:27,974 [AppLog] INFO : 手动开启自动进给铺粉过程：AutoSupplyPowderBtn_Click
2023-04-03 12:11:27,974 [AppLog] INFO : 开启手动铺粉逻辑：NewAutoSupplyPowderThread
2023-04-03 12:11:28,021 [AppLog] INFO : 手动正向点动指令（8轴运控板卡系统） ====》：输出AXIS{第1轴},点动量{-0.08MM},运动速度{5MM/s}
2023-04-03 12:11:28,021 [AppLog] INFO : 成形面高度下降层厚 TrapSpace{0.08mm}：TrapMoveUp(1, true, Convert.ToString(vel), Convert.ToString(TrapSpace), true, true）
2023-04-03 12:11:28,348 [AppLog] INFO : 手动正向点动指令（8轴运控板卡系统） ====》：输出AXIS{第1轴},点动量{-1.5MM},运动速度{5MM/s}
2023-04-03 12:11:28,348 [AppLog] INFO : 成形面高度下降指定厚度 TrapSpace{1.5mm}：TrapMoveUp(1, true, Convert.ToString(vel), Convert.ToString(TrapSpace), true, true）
2023-04-03 12:11:28,676 [AppLog] INFO : 手动正向点动指令（8轴运控板卡系统） ====》：输出AXIS{第1轴},点动量{1.5MM},运动速度{5MM/s}
2023-04-03 12:11:28,676 [AppLog] INFO : 成形面高度上升层厚 TrapSpace{1.5mm}：TrapMoveUp(1, true, Convert.ToString(vel), Convert.ToString(TrapSpace), true, true）
2023-04-03 12:11:28,879 [AppLog] INFO : 手动正向点动指令（8轴运控板卡系统） ====》：输出AXIS{第8轴},点动量{0.5MM},运动速度{2.5MM/s}
2023-04-03 12:11:28,894 [AppLog] INFO : Hopper落粉轴转2圈落粉，速度0.5rev/s：TrapMoveUp(8, true, 0.5, rotateNuM.ToString(), true, false)
2023-04-03 12:11:28,894 [AppLog] INFO : 手动正向点动指令（8轴运控板卡系统） ====》：输出AXIS{第2轴},点动量{258MM},运动速度{250MM/s}
2023-04-03 12:11:28,894 [AppLog] INFO : 手动正向点动指令（8轴运控板卡系统） ====》：输出AXIS{第2轴},点动量{698MM},运动速度{30MM/s}
2023-04-03 12:11:28,894 [AppLog] INFO : 开启铺粉车不等停运动至站2，速度0.5rev/s：BackToStation2
2023-04-03 12:11:33,917 [AppLog] INFO : 打开IR灯：OpenIRLamp(true)
2023-04-03 12:11:37,474 [AppLog] INFO : 手动正向点动指令（8轴运控板卡系统） ====》：输出AXIS{第3轴},点动量{0.5MM},运动速度{0.0588235294117647MM/s}
2023-04-03 12:11:37,474 [AppLog] INFO : 开启均匀落粉及辊子铺平运动：TrapMoveUp(3, true, Convert.ToString(DispenseRollerSpeed), 0.5, true, true)
2023-04-03 12:11:46,101 [AppLog] INFO : 关闭IR灯：OpenIRLamp(false)
2023-04-03 12:11:49,907 [AppLog] INFO : 手动正向点动指令（8轴运控板卡系统） ====》：输出AXIS{第3轴},点动量{0.5MM},运动速度{2MM/s}
2023-04-03 12:11:49,907 [AppLog] INFO : 落粉轴继续转动以倒掉余粉：TrapMoveUp(3, true, 2, 0.5, true, false)
2023-04-03 12:11:52,466 [AppLog] INFO : 手动正向点动指令（8轴运控板卡系统） ====》：输出AXIS{第1轴},点动量{-1.5MM},运动速度{5MM/s}
2023-04-03 12:11:52,466 [AppLog] INFO : 成形面高度下降指定厚度 TrapSpace{1.5mm}：TrapMoveUp(1, true, Convert.ToString(vel), Convert.ToString(TrapSpace), true, true）
2023-04-03 12:11:55,960 [AppLog] INFO : 手动正向点动指令（8轴运控板卡系统） ====》：输出AXIS{第2轴},点动量{-698MM},运动速度{200MM/s}
2023-04-03 12:11:55,976 [AppLog] INFO : 铺粉车返回至站1：BackToStation2(AimPos, MovSpeed, true)
2023-04-03 12:11:56,350 [AppLog] INFO : 落粉轴回零成功：motionMap.SetBackSpreaderAxis(3, 0.5, 2, -SinkPosition)：ReturnCode{True}
2023-04-03 12:11:56,662 [AppLog] INFO : 手动正向点动指令（8轴运控板卡系统） ====》：输出AXIS{第1轴},点动量{1.5MM},运动速度{5MM/s}
2023-04-03 12:11:56,662 [AppLog] INFO : 成形面高度上升层厚 TrapSpace{1.5mm}：TrapMoveUp(1, true, Convert.ToString(vel), Convert.ToString(TrapSpace), true, true）
2023-04-03 12:11:56,662 [AppLog] INFO : 手动铺粉正常结束：NewAutoSupplyPowderThread
2023-04-03 12:11:56,662 [AppLog] INFO : 发送监控指令，拍照记录1条：SendMessageFromSharedMemory
2023-04-03 12:12:08,565 [AppLog] INFO : 退出手动调试子模块,已执行修改
==========================================================================
2023-04-03 12:12:09,361 [AppLog] INFO : 进入手动调试子模块！
2023-04-03 12:12:09,361 [AppLog] INFO : 进入：ManulBtn_Click=》准备创建对象-手动操作！
2023-04-03 12:12:09,392 [AppLog] INFO : 创建：ManualControl=》创建完成-手动操作！
2023-04-03 12:12:09,392 [AppLog] INFO : 加载成功：温控Modbus接口！
2023-04-03 12:12:14,415 [AppLog] INFO : 退出手动调试子模块,已执行修改
==========================================================================
2023-04-03 12:17:05,414 [AppLog] INFO : 开启系统：板卡通讯，伺服供电，照明系统，UV/HR固化系统！
2023-04-03 12:17:06,297 [AppLog] INFO : 关闭系统：一键关闭系统开始！
2023-04-03 12:17:12,417 [AppLog] INFO : 关闭系统：一键关闭系统结束！
2023-04-03 12:17:12,426 [AppLog] INFO : 喷墨控制器的所有轴输出关闭！
2023-04-03 12:17:12,488 [AppLog] INFO : 喷墨控制器关闭！
2023-04-03 12:17:12,489 [AppLog] INFO : 进入电气控制模块
2023-04-03 12:17:19,764 [AppLog] INFO : 电气控制模块：手动关闭端口14
2023-04-03 12:17:20,252 [AppLog] INFO : 电气控制模块：手动关闭端口15
2023-04-03 12:17:20,693 [AppLog] INFO : 退出电气控制模块
2023-04-03 12:17:22,925 [AppLog] INFO : 软件及设备关停中：墨车所有方向运动确认停止（X,Y,Y2)： bImmeStop{False},nAxisMask{0x7}
2023-04-03 12:17:22,926 [AppLog] INFO : 软件及设备关停中：喷墨控制器板卡系统关闭（X,Y,Y2)：DEV_CloseDevice
2023-04-03 12:17:23,635 [AppLog] INFO : 软件及设备关停成功
==========================================================================
操作系统:{Microsoft Windows 7 旗舰版 }
运行环境:{ .Net Framework Enviroment Version 4.0.30319.42000}
盘符：D
CPU使用率：{22.00395%} ，可用内存大小:{13930MB}，硬盘剩余空间：
  盘符 C:\ 的剩余空间：70 GB
  盘符 D:\ 的剩余空间：88 GB
  盘符 F:\ 的剩余空间：3 GB
==========================================================================
2023-04-03 12:17:56,285 [AppLog] INFO : 软件开机密码正确，登录成功1次
==========================================================================
操作系统:{Microsoft Windows 7 旗舰版 }
运行环境:{ .Net Framework Enviroment Version 4.0.30319.42000}
盘符：D
CPU使用率：{46.42839%} ，可用内存大小:{14111MB}，硬盘剩余空间：
  盘符 C:\ 的剩余空间：70 GB
  盘符 D:\ 的剩余空间：88 GB
  盘符 F:\ 的剩余空间：3 GB
硬件配置情况：
  CPU 厂家: GenuineIntel CPU 型号: Intel(R) Core(TM) i7-4770 CPU @ 3.40GHz
  内存条厂家: Kingston 内存条型号: 99P5471-043.A00LF 
  内存条厂家: Kingston 内存条型号: 99P5471-043.A00LF 
  硬盘厂家: (标准磁盘驱动器) 硬盘型号: Micron_1300_MTFDDAK256TDL ATA Device
  硬盘厂家: (标准磁盘驱动器) 硬盘型号: Generic Flash Disk USB Device
==========================================================================
2023-04-03 12:17:56,300 [AppLog] INFO : 开启系统：板卡通讯，伺服供电，照明系统，UV/HR固化系统！
2023-04-03 12:17:56,300 [AppLog] INFO : 开启系统：一键启动系统开始！
2023-04-03 12:18:02,384 [AppLog] INFO : 开启系统：一键启动系统结束！
2023-04-03 12:18:02,384 [AppLog] INFO : 初始化喷墨控制器启动！
2023-04-03 12:18:25,862 [AppLog] INFO : 打开喷墨控制器设备成功！
2023-04-03 12:18:36,158 [AppLog] INFO : 初始化喷墨控制器成功！
2023-04-03 12:18:36,158 [AppLog] INFO : 进入：EquipmentMotionLogic3=》准备创建对象-手动操作！
2023-04-03 12:18:36,299 [AppLog] INFO : 进入：EquipmentMotionLogic3=》创建完成-手动操作！
2023-04-03 12:18:36,423 [AppLog] INFO : 红外灯控制器485通讯建立！
2023-04-03 12:18:36,439 [AppLog] INFO : 进入电气控制模块
2023-04-03 12:18:37,344 [AppLog] INFO : 电气控制模块：手动打开端口14
2023-04-03 12:18:38,373 [AppLog] INFO : 电气控制模块：手动打开端口15
2023-04-03 12:18:39,138 [AppLog] INFO : 退出电气控制模块
2023-04-03 12:18:40,261 [AppLog] INFO : 进入手动调试子模块！
2023-04-03 12:18:40,261 [AppLog] INFO : 进入：ManulBtn_Click=》准备创建对象-手动操作！
2023-04-03 12:18:40,277 [AppLog] INFO : 创建：ManualControl=》创建完成-手动操作！
2023-04-03 12:18:40,277 [AppLog] INFO : 加载成功：温控Modbus接口！
2023-04-03 12:18:44,099 [AppLog] INFO : 开启铺粉车回零校准：PowderCarHomeBtn_Click
2023-04-03 12:18:44,099 [AppLog] INFO : 开启粉车回零校准线程：PowderCarHomeResetThread
2023-04-03 12:18:52,819 [AppLog] INFO : 手动正向点动指令（8轴运控板卡系统） ====》：输出AXIS{第2轴},点动量{-116MM},运动速度{50MM/s}
2023-04-03 12:18:52,819 [AppLog] INFO : 粉车回零校准线程成功：PowderCarHomeResetThread
2023-04-03 12:18:58,638 [AppLog] INFO : 手动开启自动进给铺粉过程：AutoSupplyPowderBtn_Click
2023-04-03 12:18:58,638 [AppLog] INFO : 开启手动铺粉逻辑：NewAutoSupplyPowderThread
2023-04-03 12:18:58,731 [AppLog] INFO : 手动正向点动指令（8轴运控板卡系统） ====》：输出AXIS{第1轴},点动量{-0.08MM},运动速度{5MM/s}
2023-04-03 12:18:58,731 [AppLog] INFO : 成形面高度下降层厚 TrapSpace{0.08mm}：TrapMoveUp(1, true, Convert.ToString(vel), Convert.ToString(TrapSpace), true, true）
2023-04-03 12:18:59,059 [AppLog] INFO : 手动正向点动指令（8轴运控板卡系统） ====》：输出AXIS{第1轴},点动量{-1.5MM},运动速度{5MM/s}
2023-04-03 12:18:59,059 [AppLog] INFO : 成形面高度下降指定厚度 TrapSpace{1.5mm}：TrapMoveUp(1, true, Convert.ToString(vel), Convert.ToString(TrapSpace), true, true）
2023-04-03 12:18:59,387 [AppLog] INFO : 手动正向点动指令（8轴运控板卡系统） ====》：输出AXIS{第1轴},点动量{1.5MM},运动速度{5MM/s}
2023-04-03 12:18:59,387 [AppLog] INFO : 成形面高度上升层厚 TrapSpace{1.5mm}：TrapMoveUp(1, true, Convert.ToString(vel), Convert.ToString(TrapSpace), true, true）
2023-04-03 12:18:59,636 [AppLog] INFO : 手动正向点动指令（8轴运控板卡系统） ====》：输出AXIS{第8轴},点动量{0.5MM},运动速度{2.5MM/s}
2023-04-03 12:18:59,636 [AppLog] INFO : Hopper落粉轴转2圈落粉，速度0.5rev/s：TrapMoveUp(8, true, 0.5, rotateNuM.ToString(), true, false)
2023-04-03 12:19:00,666 [AppLog] INFO : 手动正向点动指令（8轴运控板卡系统） ====》：输出AXIS{第2轴},点动量{254MM},运动速度{250MM/s}
2023-04-03 12:19:00,666 [AppLog] INFO : 手动正向点动指令（8轴运控板卡系统） ====》：输出AXIS{第2轴},点动量{440MM},运动速度{50MM/s}
2023-04-03 12:19:00,666 [AppLog] INFO : 开启铺粉车不等停运动至站2，速度0.5rev/s：BackToStation2
2023-04-03 12:19:00,775 [AppLog] INFO : 打开IR灯：OpenIRLamp(true)
2023-04-03 12:19:00,822 [AppLog] INFO : 手动正向点动指令（8轴运控板卡系统） ====》：输出AXIS{第3轴},点动量{0.5MM},运动速度{0.0980392156862745MM/s}
2023-04-03 12:19:00,822 [AppLog] INFO : 开启均匀落粉及辊子铺平运动：TrapMoveUp(3, true, Convert.ToString(DispenseRollerSpeed), 0.5, true, true)
2023-04-03 12:19:05,892 [AppLog] INFO : 关闭IR灯：OpenIRLamp(false)
2023-04-03 12:19:08,232 [AppLog] INFO : 手动正向点动指令（8轴运控板卡系统） ====》：输出AXIS{第3轴},点动量{0.5MM},运动速度{2MM/s}
2023-04-03 12:19:08,232 [AppLog] INFO : 落粉轴继续转动以倒掉余粉：TrapMoveUp(3, true, 2, 0.5, true, false)
2023-04-03 12:19:09,792 [AppLog] INFO : 手动正向点动指令（8轴运控板卡系统） ====》：输出AXIS{第1轴},点动量{-1.5MM},运动速度{5MM/s}
2023-04-03 12:19:09,792 [AppLog] INFO : 成形面高度下降指定厚度 TrapSpace{1.5mm}：TrapMoveUp(1, true, Convert.ToString(vel), Convert.ToString(TrapSpace), true, true）
2023-04-03 12:19:13,286 [AppLog] INFO : 手动正向点动指令（8轴运控板卡系统） ====》：输出AXIS{第2轴},点动量{-698MM},运动速度{200MM/s}
2023-04-03 12:19:13,286 [AppLog] INFO : 铺粉车返回至站1：BackToStation2(AimPos, MovSpeed, true)
2023-04-03 12:19:13,676 [AppLog] INFO : 落粉轴回零成功：motionMap.SetBackSpreaderAxis(3, 0.5, 2, -SinkPosition)：ReturnCode{True}
2023-04-03 12:19:13,988 [AppLog] INFO : 手动正向点动指令（8轴运控板卡系统） ====》：输出AXIS{第1轴},点动量{1.5MM},运动速度{5MM/s}
2023-04-03 12:19:13,988 [AppLog] INFO : 成形面高度上升层厚 TrapSpace{1.5mm}：TrapMoveUp(1, true, Convert.ToString(vel), Convert.ToString(TrapSpace), true, true）
2023-04-03 12:19:13,988 [AppLog] INFO : 手动铺粉正常结束：NewAutoSupplyPowderThread
2023-04-03 12:19:14,004 [AppLog] INFO : 发送监控指令，拍照记录1条：SendMessageFromSharedMemory
2023-04-03 12:19:17,405 [AppLog] INFO : 手动停止自动进给铺粉过程：AutoSupplyPowderBtn_Click
2023-04-03 12:19:18,107 [AppLog] INFO : 手动开启自动进给铺粉过程：AutoSupplyPowderBtn_Click
2023-04-03 12:19:19,214 [AppLog] INFO : 手动开启自动进给铺粉过程：AutoSupplyPowderBtn_Click
2023-04-03 12:19:19,214 [AppLog] INFO : 开启手动铺粉逻辑：NewAutoSupplyPowderThread
2023-04-03 12:19:19,261 [AppLog] INFO : 手动正向点动指令（8轴运控板卡系统） ====》：输出AXIS{第1轴},点动量{-0.08MM},运动速度{5MM/s}
2023-04-03 12:19:19,261 [AppLog] INFO : 成形面高度下降层厚 TrapSpace{0.08mm}：TrapMoveUp(1, true, Convert.ToString(vel), Convert.ToString(TrapSpace), true, true）
2023-04-03 12:19:19,589 [AppLog] INFO : 手动正向点动指令（8轴运控板卡系统） ====》：输出AXIS{第1轴},点动量{-1.5MM},运动速度{5MM/s}
2023-04-03 12:19:19,589 [AppLog] INFO : 成形面高度下降指定厚度 TrapSpace{1.5mm}：TrapMoveUp(1, true, Convert.ToString(vel), Convert.ToString(TrapSpace), true, true）
2023-04-03 12:19:19,916 [AppLog] INFO : 手动正向点动指令（8轴运控板卡系统） ====》：输出AXIS{第1轴},点动量{1.5MM},运动速度{5MM/s}
2023-04-03 12:19:19,916 [AppLog] INFO : 成形面高度上升层厚 TrapSpace{1.5mm}：TrapMoveUp(1, true, Convert.ToString(vel), Convert.ToString(TrapSpace), true, true）
2023-04-03 12:19:20,119 [AppLog] INFO : 手动正向点动指令（8轴运控板卡系统） ====》：输出AXIS{第8轴},点动量{0.5MM},运动速度{2.5MM/s}
2023-04-03 12:19:20,119 [AppLog] INFO : Hopper落粉轴转2圈落粉，速度0.5rev/s：TrapMoveUp(8, true, 0.5, rotateNuM.ToString(), true, false)
2023-04-03 12:19:21,164 [AppLog] INFO : 手动正向点动指令（8轴运控板卡系统） ====》：输出AXIS{第2轴},点动量{258MM},运动速度{250MM/s}
2023-04-03 12:19:21,164 [AppLog] INFO : 手动正向点动指令（8轴运控板卡系统） ====》：输出AXIS{第2轴},点动量{440MM},运动速度{50MM/s}
2023-04-03 12:19:21,164 [AppLog] INFO : 开启铺粉车不等停运动至站2，速度0.5rev/s：BackToStation2
2023-04-03 12:19:21,273 [AppLog] INFO : 打开IR灯：OpenIRLamp(true)
2023-04-03 12:19:21,273 [AppLog] INFO : 手动正向点动指令（8轴运控板卡系统） ====》：输出AXIS{第3轴},点动量{0.5MM},运动速度{0.0980392156862745MM/s}
2023-04-03 12:19:21,273 [AppLog] INFO : 开启均匀落粉及辊子铺平运动：TrapMoveUp(3, true, Convert.ToString(DispenseRollerSpeed), 0.5, true, true)
2023-04-03 12:19:26,359 [AppLog] INFO : 关闭IR灯：OpenIRLamp(false)
2023-04-03 12:19:28,730 [AppLog] INFO : 手动正向点动指令（8轴运控板卡系统） ====》：输出AXIS{第3轴},点动量{0.5MM},运动速度{2MM/s}
2023-04-03 12:19:28,730 [AppLog] INFO : 落粉轴继续转动以倒掉余粉：TrapMoveUp(3, true, 2, 0.5, true, false)
2023-04-03 12:19:30,290 [AppLog] INFO : 手动正向点动指令（8轴运控板卡系统） ====》：输出AXIS{第1轴},点动量{-1.5MM},运动速度{5MM/s}
2023-04-03 12:19:30,290 [AppLog] INFO : 成形面高度下降指定厚度 TrapSpace{1.5mm}：TrapMoveUp(1, true, Convert.ToString(vel), Convert.ToString(TrapSpace), true, true）
2023-04-03 12:19:33,785 [AppLog] INFO : 手动正向点动指令（8轴运控板卡系统） ====》：输出AXIS{第2轴},点动量{-698MM},运动速度{200MM/s}
2023-04-03 12:19:33,785 [AppLog] INFO : 铺粉车返回至站1：BackToStation2(AimPos, MovSpeed, true)
2023-04-03 12:19:34,175 [AppLog] INFO : 落粉轴回零成功：motionMap.SetBackSpreaderAxis(3, 0.5, 2, -SinkPosition)：ReturnCode{True}
2023-04-03 12:19:34,487 [AppLog] INFO : 手动正向点动指令（8轴运控板卡系统） ====》：输出AXIS{第1轴},点动量{1.5MM},运动速度{5MM/s}
2023-04-03 12:19:34,487 [AppLog] INFO : 成形面高度上升层厚 TrapSpace{1.5mm}：TrapMoveUp(1, true, Convert.ToString(vel), Convert.ToString(TrapSpace), true, true）
2023-04-03 12:19:34,487 [AppLog] INFO : 手动铺粉正常结束：NewAutoSupplyPowderThread
2023-04-03 12:19:34,487 [AppLog] INFO : 发送监控指令，拍照记录1条：SendMessageFromSharedMemory
2023-04-03 12:19:39,728 [AppLog] INFO : 手动停止自动进给铺粉过程：AutoSupplyPowderBtn_Click
2023-04-03 12:19:41,522 [AppLog] INFO : 手动开启自动进给铺粉过程：AutoSupplyPowderBtn_Click
2023-04-03 12:19:41,975 [AppLog] INFO : 手动开启自动进给铺粉过程：AutoSupplyPowderBtn_Click
2023-04-03 12:19:41,975 [AppLog] INFO : 开启手动铺粉逻辑：NewAutoSupplyPowderThread
2023-04-03 12:19:42,021 [AppLog] INFO : 手动正向点动指令（8轴运控板卡系统） ====》：输出AXIS{第1轴},点动量{-0.08MM},运动速度{5MM/s}
2023-04-03 12:19:42,021 [AppLog] INFO : 成形面高度下降层厚 TrapSpace{0.08mm}：TrapMoveUp(1, true, Convert.ToString(vel), Convert.ToString(TrapSpace), true, true）
2023-04-03 12:19:42,349 [AppLog] INFO : 手动正向点动指令（8轴运控板卡系统） ====》：输出AXIS{第1轴},点动量{-1.5MM},运动速度{5MM/s}
2023-04-03 12:19:42,349 [AppLog] INFO : 成形面高度下降指定厚度 TrapSpace{1.5mm}：TrapMoveUp(1, true, Convert.ToString(vel), Convert.ToString(TrapSpace), true, true）
2023-04-03 12:19:42,677 [AppLog] INFO : 手动正向点动指令（8轴运控板卡系统） ====》：输出AXIS{第1轴},点动量{1.5MM},运动速度{5MM/s}
2023-04-03 12:19:42,677 [AppLog] INFO : 成形面高度上升层厚 TrapSpace{1.5mm}：TrapMoveUp(1, true, Convert.ToString(vel), Convert.ToString(TrapSpace), true, true）
2023-04-03 12:19:42,879 [AppLog] INFO : 手动正向点动指令（8轴运控板卡系统） ====》：输出AXIS{第8轴},点动量{0.5MM},运动速度{2.5MM/s}
2023-04-03 12:19:42,879 [AppLog] INFO : Hopper落粉轴转2圈落粉，速度0.5rev/s：TrapMoveUp(8, true, 0.5, rotateNuM.ToString(), true, false)
2023-04-03 12:19:43,909 [AppLog] INFO : 手动正向点动指令（8轴运控板卡系统） ====》：输出AXIS{第2轴},点动量{258MM},运动速度{250MM/s}
2023-04-03 12:19:43,909 [AppLog] INFO : 手动正向点动指令（8轴运控板卡系统） ====》：输出AXIS{第2轴},点动量{440MM},运动速度{50MM/s}
2023-04-03 12:19:43,909 [AppLog] INFO : 开启铺粉车不等停运动至站2，速度0.5rev/s：BackToStation2
2023-04-03 12:19:44,034 [AppLog] INFO : 打开IR灯：OpenIRLamp(true)
2023-04-03 12:19:44,049 [AppLog] INFO : 手动正向点动指令（8轴运控板卡系统） ====》：输出AXIS{第3轴},点动量{0.5MM},运动速度{0.0980392156862745MM/s}
2023-04-03 12:19:44,049 [AppLog] INFO : 开启均匀落粉及辊子铺平运动：TrapMoveUp(3, true, Convert.ToString(DispenseRollerSpeed), 0.5, true, true)
2023-04-03 12:19:49,135 [AppLog] INFO : 关闭IR灯：OpenIRLamp(false)
2023-04-03 12:19:51,475 [AppLog] INFO : 手动正向点动指令（8轴运控板卡系统） ====》：输出AXIS{第3轴},点动量{0.5MM},运动速度{2MM/s}
2023-04-03 12:19:51,475 [AppLog] INFO : 落粉轴继续转动以倒掉余粉：TrapMoveUp(3, true, 2, 0.5, true, false)
2023-04-03 12:19:53,051 [AppLog] INFO : 手动正向点动指令（8轴运控板卡系统） ====》：输出AXIS{第1轴},点动量{-1.5MM},运动速度{5MM/s}
2023-04-03 12:19:53,051 [AppLog] INFO : 成形面高度下降指定厚度 TrapSpace{1.5mm}：TrapMoveUp(1, true, Convert.ToString(vel), Convert.ToString(TrapSpace), true, true）
2023-04-03 12:19:56,545 [AppLog] INFO : 手动正向点动指令（8轴运控板卡系统） ====》：输出AXIS{第2轴},点动量{-698MM},运动速度{200MM/s}
2023-04-03 12:19:56,545 [AppLog] INFO : 铺粉车返回至站1：BackToStation2(AimPos, MovSpeed, true)
2023-04-03 12:19:56,920 [AppLog] INFO : 落粉轴回零成功：motionMap.SetBackSpreaderAxis(3, 0.5, 2, -SinkPosition)：ReturnCode{True}
2023-04-03 12:19:57,232 [AppLog] INFO : 手动正向点动指令（8轴运控板卡系统） ====》：输出AXIS{第1轴},点动量{1.5MM},运动速度{5MM/s}
2023-04-03 12:19:57,232 [AppLog] INFO : 成形面高度上升层厚 TrapSpace{1.5mm}：TrapMoveUp(1, true, Convert.ToString(vel), Convert.ToString(TrapSpace), true, true）
2023-04-03 12:19:57,232 [AppLog] INFO : 手动铺粉正常结束：NewAutoSupplyPowderThread
2023-04-03 12:19:57,232 [AppLog] INFO : 发送监控指令，拍照记录1条：SendMessageFromSharedMemory
2023-04-03 12:27:39,819 [AppLog] INFO : 退出手动调试子模块,已执行修改
==========================================================================
2023-04-03 12:27:40,786 [AppLog] INFO : 进入手动调试子模块！
2023-04-03 12:27:40,786 [AppLog] INFO : 进入：ManulBtn_Click=》准备创建对象-手动操作！
2023-04-03 12:27:40,818 [AppLog] INFO : 创建：ManualControl=》创建完成-手动操作！
2023-04-03 12:27:40,818 [AppLog] INFO : 加载成功：温控Modbus接口！
2023-04-03 12:27:42,674 [AppLog] INFO : 手动开启自动进给铺粉过程：AutoSupplyPowderBtn_Click
2023-04-03 12:27:42,690 [AppLog] INFO : 开启手动铺粉逻辑：NewAutoSupplyPowderThread
2023-04-03 12:27:42,721 [AppLog] INFO : 手动正向点动指令（8轴运控板卡系统） ====》：输出AXIS{第1轴},点动量{-0.08MM},运动速度{5MM/s}
2023-04-03 12:27:42,721 [AppLog] INFO : 成形面高度下降层厚 TrapSpace{0.08mm}：TrapMoveUp(1, true, Convert.ToString(vel), Convert.ToString(TrapSpace), true, true）
2023-04-03 12:27:43,048 [AppLog] INFO : 手动正向点动指令（8轴运控板卡系统） ====》：输出AXIS{第1轴},点动量{-1.5MM},运动速度{5MM/s}
2023-04-03 12:27:43,048 [AppLog] INFO : 成形面高度下降指定厚度 TrapSpace{1.5mm}：TrapMoveUp(1, true, Convert.ToString(vel), Convert.ToString(TrapSpace), true, true）
2023-04-03 12:27:43,376 [AppLog] INFO : 手动正向点动指令（8轴运控板卡系统） ====》：输出AXIS{第1轴},点动量{1.5MM},运动速度{5MM/s}
2023-04-03 12:27:43,376 [AppLog] INFO : 成形面高度上升层厚 TrapSpace{1.5mm}：TrapMoveUp(1, true, Convert.ToString(vel), Convert.ToString(TrapSpace), true, true）
2023-04-03 12:27:43,594 [AppLog] INFO : 手动正向点动指令（8轴运控板卡系统） ====》：输出AXIS{第8轴},点动量{0.5MM},运动速度{2.5MM/s}
2023-04-03 12:27:43,594 [AppLog] INFO : Hopper落粉轴转2圈落粉，速度0.5rev/s：TrapMoveUp(8, true, 0.5, rotateNuM.ToString(), true, false)
2023-04-03 12:27:44,624 [AppLog] INFO : 手动正向点动指令（8轴运控板卡系统） ====》：输出AXIS{第2轴},点动量{258MM},运动速度{250MM/s}
2023-04-03 12:27:44,624 [AppLog] INFO : 手动正向点动指令（8轴运控板卡系统） ====》：输出AXIS{第2轴},点动量{440MM},运动速度{50MM/s}
2023-04-03 12:27:44,624 [AppLog] INFO : 开启铺粉车不等停运动至站2，速度0.5rev/s：BackToStation2
2023-04-03 12:27:44,749 [AppLog] INFO : 打开IR灯：OpenIRLamp(true)
2023-04-03 12:27:44,749 [AppLog] INFO : 手动正向点动指令（8轴运控板卡系统） ====》：输出AXIS{第3轴},点动量{0.5MM},运动速度{0.0980392156862745MM/s}
2023-04-03 12:27:44,749 [AppLog] INFO : 开启均匀落粉及辊子铺平运动：TrapMoveUp(3, true, Convert.ToString(DispenseRollerSpeed), 0.5, true, true)
2023-04-03 12:27:49,834 [AppLog] INFO : 关闭IR灯：OpenIRLamp(false)
2023-04-03 12:27:52,190 [AppLog] INFO : 手动正向点动指令（8轴运控板卡系统） ====》：输出AXIS{第3轴},点动量{0.5MM},运动速度{2MM/s}
2023-04-03 12:27:52,190 [AppLog] INFO : 落粉轴继续转动以倒掉余粉：TrapMoveUp(3, true, 2, 0.5, true, false)
2023-04-03 12:27:53,750 [AppLog] INFO : 手动正向点动指令（8轴运控板卡系统） ====》：输出AXIS{第1轴},点动量{-1.5MM},运动速度{5MM/s}
2023-04-03 12:27:53,750 [AppLog] INFO : 成形面高度下降指定厚度 TrapSpace{1.5mm}：TrapMoveUp(1, true, Convert.ToString(vel), Convert.ToString(TrapSpace), true, true）
2023-04-03 12:27:57,244 [AppLog] INFO : 手动正向点动指令（8轴运控板卡系统） ====》：输出AXIS{第2轴},点动量{-698MM},运动速度{200MM/s}
2023-04-03 12:27:57,244 [AppLog] INFO : 铺粉车返回至站1：BackToStation2(AimPos, MovSpeed, true)
2023-04-03 12:27:57,634 [AppLog] INFO : 落粉轴回零成功：motionMap.SetBackSpreaderAxis(3, 0.5, 2, -SinkPosition)：ReturnCode{True}
2023-04-03 12:27:57,946 [AppLog] INFO : 手动正向点动指令（8轴运控板卡系统） ====》：输出AXIS{第1轴},点动量{1.5MM},运动速度{5MM/s}
2023-04-03 12:27:57,946 [AppLog] INFO : 成形面高度上升层厚 TrapSpace{1.5mm}：TrapMoveUp(1, true, Convert.ToString(vel), Convert.ToString(TrapSpace), true, true）
2023-04-03 12:27:57,946 [AppLog] INFO : 手动铺粉正常结束：NewAutoSupplyPowderThread
2023-04-03 12:27:57,946 [AppLog] INFO : 发送监控指令，拍照记录1条：SendMessageFromSharedMemory
2023-04-03 12:28:04,748 [AppLog] INFO : 退出手动调试子模块,已执行修改
==========================================================================
2023-04-03 12:28:05,653 [AppLog] INFO : 进入手动调试子模块！
2023-04-03 12:28:05,653 [AppLog] INFO : 进入：ManulBtn_Click=》准备创建对象-手动操作！
2023-04-03 12:28:05,684 [AppLog] INFO : 创建：ManualControl=》创建完成-手动操作！
2023-04-03 12:28:05,684 [AppLog] INFO : 加载成功：温控Modbus接口！
2023-04-03 12:28:07,509 [AppLog] INFO : 退出手动调试子模块,已执行修改
==========================================================================
2023-04-03 12:28:10,738 [AppLog] INFO : 进入手动调试子模块！
2023-04-03 12:28:10,738 [AppLog] INFO : 进入：ManulBtn_Click=》准备创建对象-手动操作！
2023-04-03 12:28:10,770 [AppLog] INFO : 创建：ManualControl=》创建完成-手动操作！
2023-04-03 12:28:10,770 [AppLog] INFO : 加载成功：温控Modbus接口！
2023-04-03 12:28:11,924 [AppLog] INFO : 手动开启自动进给铺粉过程：AutoSupplyPowderBtn_Click
2023-04-03 12:28:11,924 [AppLog] INFO : 开启手动铺粉逻辑：NewAutoSupplyPowderThread
2023-04-03 12:28:11,971 [AppLog] INFO : 手动正向点动指令（8轴运控板卡系统） ====》：输出AXIS{第1轴},点动量{-0.08MM},运动速度{5MM/s}
2023-04-03 12:28:11,971 [AppLog] INFO : 成形面高度下降层厚 TrapSpace{0.08mm}：TrapMoveUp(1, true, Convert.ToString(vel), Convert.ToString(TrapSpace), true, true）
2023-04-03 12:28:12,298 [AppLog] INFO : 手动正向点动指令（8轴运控板卡系统） ====》：输出AXIS{第1轴},点动量{-1.5MM},运动速度{5MM/s}
2023-04-03 12:28:12,298 [AppLog] INFO : 成形面高度下降指定厚度 TrapSpace{1.5mm}：TrapMoveUp(1, true, Convert.ToString(vel), Convert.ToString(TrapSpace), true, true）
2023-04-03 12:28:12,626 [AppLog] INFO : 手动正向点动指令（8轴运控板卡系统） ====》：输出AXIS{第1轴},点动量{1.5MM},运动速度{5MM/s}
2023-04-03 12:28:12,626 [AppLog] INFO : 成形面高度上升层厚 TrapSpace{1.5mm}：TrapMoveUp(1, true, Convert.ToString(vel), Convert.ToString(TrapSpace), true, true）
2023-04-03 12:28:12,829 [AppLog] INFO : 手动正向点动指令（8轴运控板卡系统） ====》：输出AXIS{第8轴},点动量{0.5MM},运动速度{2.5MM/s}
2023-04-03 12:28:12,829 [AppLog] INFO : Hopper落粉轴转2圈落粉，速度0.5rev/s：TrapMoveUp(8, true, 0.5, rotateNuM.ToString(), true, false)
2023-04-03 12:28:13,874 [AppLog] INFO : 手动正向点动指令（8轴运控板卡系统） ====》：输出AXIS{第2轴},点动量{258MM},运动速度{250MM/s}
2023-04-03 12:28:13,874 [AppLog] INFO : 手动正向点动指令（8轴运控板卡系统） ====》：输出AXIS{第2轴},点动量{440MM},运动速度{50MM/s}
2023-04-03 12:28:13,874 [AppLog] INFO : 开启铺粉车不等停运动至站2，速度0.5rev/s：BackToStation2
2023-04-03 12:28:13,983 [AppLog] INFO : 打开IR灯：OpenIRLamp(true)
2023-04-03 12:28:13,983 [AppLog] INFO : 手动正向点动指令（8轴运控板卡系统） ====》：输出AXIS{第3轴},点动量{0.5MM},运动速度{0.0980392156862745MM/s}
2023-04-03 12:28:13,983 [AppLog] INFO : 开启均匀落粉及辊子铺平运动：TrapMoveUp(3, true, Convert.ToString(DispenseRollerSpeed), 0.5, true, true)
2023-04-03 12:28:19,084 [AppLog] INFO : 关闭IR灯：OpenIRLamp(false)
2023-04-03 12:28:21,440 [AppLog] INFO : 手动正向点动指令（8轴运控板卡系统） ====》：输出AXIS{第3轴},点动量{0.5MM},运动速度{2MM/s}
2023-04-03 12:28:21,440 [AppLog] INFO : 落粉轴继续转动以倒掉余粉：TrapMoveUp(3, true, 2, 0.5, true, false)
2023-04-03 12:28:23,000 [AppLog] INFO : 手动正向点动指令（8轴运控板卡系统） ====》：输出AXIS{第1轴},点动量{-1.5MM},运动速度{5MM/s}
2023-04-03 12:28:23,000 [AppLog] INFO : 成形面高度下降指定厚度 TrapSpace{1.5mm}：TrapMoveUp(1, true, Convert.ToString(vel), Convert.ToString(TrapSpace), true, true）
2023-04-03 12:28:26,494 [AppLog] INFO : 手动正向点动指令（8轴运控板卡系统） ====》：输出AXIS{第2轴},点动量{-698MM},运动速度{200MM/s}
2023-04-03 12:28:26,494 [AppLog] INFO : 铺粉车返回至站1：BackToStation2(AimPos, MovSpeed, true)
2023-04-03 12:28:26,884 [AppLog] INFO : 落粉轴回零成功：motionMap.SetBackSpreaderAxis(3, 0.5, 2, -SinkPosition)：ReturnCode{True}
2023-04-03 12:28:27,196 [AppLog] INFO : 手动正向点动指令（8轴运控板卡系统） ====》：输出AXIS{第1轴},点动量{1.5MM},运动速度{5MM/s}
2023-04-03 12:28:27,196 [AppLog] INFO : 成形面高度上升层厚 TrapSpace{1.5mm}：TrapMoveUp(1, true, Convert.ToString(vel), Convert.ToString(TrapSpace), true, true）
2023-04-03 12:28:27,196 [AppLog] INFO : 手动铺粉正常结束：NewAutoSupplyPowderThread
2023-04-03 12:28:27,196 [AppLog] INFO : 发送监控指令，拍照记录1条：SendMessageFromSharedMemory
2023-04-03 12:32:19,418 [AppLog] INFO : 退出手动调试子模块,已执行修改
==========================================================================
2023-04-03 12:32:20,635 [AppLog] INFO : 开启系统：板卡通讯，伺服供电，照明系统，UV/HR固化系统！
2023-04-03 12:32:21,431 [AppLog] INFO : 关闭系统：一键关闭系统开始！
2023-04-03 12:32:27,614 [AppLog] INFO : 关闭系统：一键关闭系统结束！
2023-04-03 12:32:27,623 [AppLog] INFO : 喷墨控制器的所有轴输出关闭！
2023-04-03 12:32:27,746 [AppLog] INFO : 喷墨控制器关闭！
2023-04-03 12:32:27,747 [AppLog] INFO : 进入电气控制模块
2023-04-03 12:32:41,770 [AppLog] INFO : 电气控制模块：手动关闭端口14
2023-04-03 12:32:42,353 [AppLog] INFO : 电气控制模块：手动关闭端口15
2023-04-03 12:32:42,928 [AppLog] INFO : 退出电气控制模块
2023-04-03 12:32:44,507 [AppLog] INFO : 软件及设备关停中：墨车所有方向运动确认停止（X,Y,Y2)： bImmeStop{False},nAxisMask{0x7}
2023-04-03 12:32:44,508 [AppLog] INFO : 软件及设备关停中：喷墨控制器板卡系统关闭（X,Y,Y2)：DEV_CloseDevice
2023-04-03 12:32:45,208 [AppLog] INFO : 软件及设备关停成功
==========================================================================
操作系统:{Microsoft Windows 7 旗舰版 }
运行环境:{ .Net Framework Enviroment Version 4.0.30319.42000}
盘符：D
CPU使用率：{18.10417%} ，可用内存大小:{13925MB}，硬盘剩余空间：
  盘符 C:\ 的剩余空间：70 GB
  盘符 D:\ 的剩余空间：88 GB
  盘符 F:\ 的剩余空间：3 GB
==========================================================================
2023-04-03 12:33:03,387 [AppLog] INFO : 软件开机密码正确，登录成功1次
==========================================================================
操作系统:{Microsoft Windows 7 旗舰版 }
运行环境:{ .Net Framework Enviroment Version 4.0.30319.42000}
盘符：D
CPU使用率：{5.238486%} ，可用内存大小:{13964MB}，硬盘剩余空间：
  盘符 C:\ 的剩余空间：70 GB
  盘符 D:\ 的剩余空间：88 GB
  盘符 F:\ 的剩余空间：3 GB
硬件配置情况：
  CPU 厂家: GenuineIntel CPU 型号: Intel(R) Core(TM) i7-4770 CPU @ 3.40GHz
  内存条厂家: Kingston 内存条型号: 99P5471-043.A00LF 
  内存条厂家: Kingston 内存条型号: 99P5471-043.A00LF 
  硬盘厂家: (标准磁盘驱动器) 硬盘型号: Micron_1300_MTFDDAK256TDL ATA Device
  硬盘厂家: (标准磁盘驱动器) 硬盘型号: Generic Flash Disk USB Device
==========================================================================
2023-04-03 12:33:06,553 [AppLog] INFO : 软件及设备关停中：墨车所有方向运动确认停止（X,Y,Y2)： bImmeStop{False},nAxisMask{0x7}
2023-04-03 12:33:06,554 [AppLog] INFO : 软件及设备关停中：喷墨控制器板卡系统关闭（X,Y,Y2)：DEV_CloseDevice
2023-04-03 12:33:07,189 [AppLog] INFO : 软件及设备关停成功
==========================================================================
操作系统:{Microsoft Windows 7 旗舰版 }
运行环境:{ .Net Framework Enviroment Version 4.0.30319.42000}
盘符：D
CPU使用率：{0.5549684%} ，可用内存大小:{13962MB}，硬盘剩余空间：
  盘符 C:\ 的剩余空间：70 GB
  盘符 D:\ 的剩余空间：88 GB
  盘符 F:\ 的剩余空间：3 GB
==========================================================================
2023-04-03 12:33:12,401 [AppLog] INFO : 软件开机密码正确，登录成功1次
==========================================================================
操作系统:{Microsoft Windows 7 旗舰版 }
运行环境:{ .Net Framework Enviroment Version 4.0.30319.42000}
盘符：D
CPU使用率：{24.7068%} ，可用内存大小:{14088MB}，硬盘剩余空间：
  盘符 C:\ 的剩余空间：70 GB
  盘符 D:\ 的剩余空间：88 GB
  盘符 F:\ 的剩余空间：3 GB
硬件配置情况：
  CPU 厂家: GenuineIntel CPU 型号: Intel(R) Core(TM) i7-4770 CPU @ 3.40GHz
  内存条厂家: Kingston 内存条型号: 99P5471-043.A00LF 
  内存条厂家: Kingston 内存条型号: 99P5471-043.A00LF 
  硬盘厂家: (标准磁盘驱动器) 硬盘型号: Micron_1300_MTFDDAK256TDL ATA Device
  硬盘厂家: (标准磁盘驱动器) 硬盘型号: Generic Flash Disk USB Device
==========================================================================
2023-04-03 12:33:12,415 [AppLog] INFO : 开启系统：板卡通讯，伺服供电，照明系统，UV/HR固化系统！
2023-04-03 12:33:12,416 [AppLog] INFO : 开启系统：一键启动系统开始！
2023-04-03 12:33:18,430 [AppLog] INFO : 开启系统：一键启动系统结束！
2023-04-03 12:33:18,430 [AppLog] INFO : 初始化喷墨控制器启动！
2023-04-03 12:33:41,908 [AppLog] INFO : 打开喷墨控制器设备成功！
2023-04-03 12:33:45,605 [AppLog] INFO : 初始化喷墨控制器成功！
2023-04-03 12:33:45,605 [AppLog] INFO : 进入：EquipmentMotionLogic3=》准备创建对象-手动操作！
2023-04-03 12:33:45,746 [AppLog] INFO : 进入：EquipmentMotionLogic3=》创建完成-手动操作！
2023-04-03 12:33:45,870 [AppLog] INFO : 红外灯控制器485通讯建立！
2023-04-03 12:33:45,870 [AppLog] INFO : 进入电气控制模块
2023-04-03 12:33:46,978 [AppLog] INFO : 电气控制模块：手动打开端口14
2023-04-03 12:33:47,586 [AppLog] INFO : 电气控制模块：手动打开端口15
2023-04-03 12:33:48,132 [AppLog] INFO : 退出电气控制模块
2023-04-03 12:33:50,285 [AppLog] INFO : 进入手动调试子模块！
2023-04-03 12:33:50,285 [AppLog] INFO : 进入：ManulBtn_Click=》准备创建对象-手动操作！
2023-04-03 12:33:50,301 [AppLog] INFO : 创建：ManualControl=》创建完成-手动操作！
2023-04-03 12:33:50,301 [AppLog] INFO : 加载成功：温控Modbus接口！
2023-04-03 12:33:52,235 [AppLog] INFO : 开启铺粉车回零校准：PowderCarHomeBtn_Click
2023-04-03 12:33:52,235 [AppLog] INFO : 开启粉车回零校准线程：PowderCarHomeResetThread
2023-04-03 12:34:00,940 [AppLog] INFO : 手动正向点动指令（8轴运控板卡系统） ====》：输出AXIS{第2轴},点动量{-116MM},运动速度{50MM/s}
2023-04-03 12:34:00,940 [AppLog] INFO : 粉车回零校准线程成功：PowderCarHomeResetThread
2023-04-03 12:34:13,529 [AppLog] INFO : 退出手动调试子模块,已执行修改
==========================================================================
2023-04-03 12:34:14,450 [AppLog] INFO : 进入手动调试子模块！
2023-04-03 12:34:14,450 [AppLog] INFO : 进入：ManulBtn_Click=》准备创建对象-手动操作！
2023-04-03 12:34:14,481 [AppLog] INFO : 创建：ManualControl=》创建完成-手动操作！
2023-04-03 12:34:14,481 [AppLog] INFO : 加载成功：温控Modbus接口！
2023-04-03 12:34:19,130 [AppLog] INFO : 手动开启自动进给铺粉过程：AutoSupplyPowderBtn_Click
2023-04-03 12:34:19,130 [AppLog] INFO : 开启手动铺粉逻辑：NewAutoSupplyPowderThread
2023-04-03 12:34:19,223 [AppLog] INFO : 手动正向点动指令（8轴运控板卡系统） ====》：输出AXIS{第1轴},点动量{-0.08MM},运动速度{5MM/s}
2023-04-03 12:34:19,223 [AppLog] INFO : 成形面高度下降层厚 TrapSpace{0.08mm}：TrapMoveUp(1, true, Convert.ToString(vel), Convert.ToString(TrapSpace), true, true）
2023-04-03 12:34:19,551 [AppLog] INFO : 手动正向点动指令（8轴运控板卡系统） ====》：输出AXIS{第1轴},点动量{-1.5MM},运动速度{5MM/s}
2023-04-03 12:34:19,551 [AppLog] INFO : 成形面高度下降指定厚度 TrapSpace{1.5mm}：TrapMoveUp(1, true, Convert.ToString(vel), Convert.ToString(TrapSpace), true, true）
2023-04-03 12:34:19,879 [AppLog] INFO : 手动正向点动指令（8轴运控板卡系统） ====》：输出AXIS{第1轴},点动量{1.5MM},运动速度{5MM/s}
2023-04-03 12:34:19,879 [AppLog] INFO : 成形面高度上升层厚 TrapSpace{1.5mm}：TrapMoveUp(1, true, Convert.ToString(vel), Convert.ToString(TrapSpace), true, true）
2023-04-03 12:34:20,144 [AppLog] INFO : 手动正向点动指令（8轴运控板卡系统） ====》：输出AXIS{第8轴},点动量{0.5MM},运动速度{2.5MM/s}
2023-04-03 12:34:20,144 [AppLog] INFO : Hopper落粉轴转2圈落粉，速度0.5rev/s：TrapMoveUp(8, true, 0.5, rotateNuM.ToString(), true, false)
2023-04-03 12:34:21,158 [AppLog] INFO : 手动正向点动指令（8轴运控板卡系统） ====》：输出AXIS{第2轴},点动量{254MM},运动速度{250MM/s}
2023-04-03 12:34:21,158 [AppLog] INFO : 手动正向点动指令（8轴运控板卡系统） ====》：输出AXIS{第2轴},点动量{440MM},运动速度{50MM/s}
2023-04-03 12:34:21,158 [AppLog] INFO : 开启铺粉车不等停运动至站2，速度0.5rev/s：BackToStation2
2023-04-03 12:34:21,267 [AppLog] INFO : 打开IR灯：OpenIRLamp(true)
2023-04-03 12:34:21,329 [AppLog] INFO : 手动正向点动指令（8轴运控板卡系统） ====》：输出AXIS{第3轴},点动量{0.5MM},运动速度{0.0980392156862745MM/s}
2023-04-03 12:34:21,329 [AppLog] INFO : 开启均匀落粉及辊子铺平运动：TrapMoveUp(3, true, Convert.ToString(DispenseRollerSpeed), 0.5, true, true)
2023-04-03 12:34:26,384 [AppLog] INFO : 关闭IR灯：OpenIRLamp(false)
2023-04-03 12:34:28,724 [AppLog] INFO : 手动正向点动指令（8轴运控板卡系统） ====》：输出AXIS{第3轴},点动量{0.5MM},运动速度{2MM/s}
2023-04-03 12:34:28,724 [AppLog] INFO : 落粉轴继续转动以倒掉余粉：TrapMoveUp(3, true, 2, 0.5, true, false)
2023-04-03 12:34:30,284 [AppLog] INFO : 手动正向点动指令（8轴运控板卡系统） ====》：输出AXIS{第1轴},点动量{-1.5MM},运动速度{5MM/s}
2023-04-03 12:34:30,284 [AppLog] INFO : 成形面高度下降指定厚度 TrapSpace{1.5mm}：TrapMoveUp(1, true, Convert.ToString(vel), Convert.ToString(TrapSpace), true, true）
2023-04-03 12:34:33,092 [AppLog] INFO : 手动正向点动指令（8轴运控板卡系统） ====》：输出AXIS{第2轴},点动量{-698MM},运动速度{250MM/s}
2023-04-03 12:34:33,092 [AppLog] INFO : 铺粉车返回至站1：BackToStation2(AimPos, MovSpeed, true)
2023-04-03 12:34:33,466 [AppLog] INFO : 落粉轴回零成功：motionMap.SetBackSpreaderAxis(3, 0.5, 2, -SinkPosition)：ReturnCode{True}
2023-04-03 12:34:33,778 [AppLog] INFO : 手动正向点动指令（8轴运控板卡系统） ====》：输出AXIS{第1轴},点动量{1.5MM},运动速度{5MM/s}
2023-04-03 12:34:33,778 [AppLog] INFO : 成形面高度上升层厚 TrapSpace{1.5mm}：TrapMoveUp(1, true, Convert.ToString(vel), Convert.ToString(TrapSpace), true, true）
2023-04-03 12:34:33,778 [AppLog] INFO : 手动铺粉正常结束：NewAutoSupplyPowderThread
2023-04-03 12:34:33,794 [AppLog] INFO : 发送监控指令，拍照记录1条：SendMessageFromSharedMemory
2023-04-03 12:34:42,296 [AppLog] INFO : 退出手动调试子模块,已执行修改
==========================================================================
2023-04-03 12:34:43,996 [AppLog] INFO : 进入手动调试子模块！
2023-04-03 12:34:43,996 [AppLog] INFO : 进入：ManulBtn_Click=》准备创建对象-手动操作！
2023-04-03 12:34:44,027 [AppLog] INFO : 创建：ManualControl=》创建完成-手动操作！
2023-04-03 12:34:44,027 [AppLog] INFO : 加载成功：温控Modbus接口！
2023-04-03 12:34:53,060 [AppLog] INFO : 手动开启自动进给铺粉过程：AutoSupplyPowderBtn_Click
2023-04-03 12:34:53,060 [AppLog] INFO : 开启手动铺粉逻辑：NewAutoSupplyPowderThread
2023-04-03 12:34:53,091 [AppLog] INFO : 手动正向点动指令（8轴运控板卡系统） ====》：输出AXIS{第1轴},点动量{-0.08MM},运动速度{5MM/s}
2023-04-03 12:34:53,091 [AppLog] INFO : 成形面高度下降层厚 TrapSpace{0.08mm}：TrapMoveUp(1, true, Convert.ToString(vel), Convert.ToString(TrapSpace), true, true）
2023-04-03 12:34:53,419 [AppLog] INFO : 手动正向点动指令（8轴运控板卡系统） ====》：输出AXIS{第1轴},点动量{-1.5MM},运动速度{5MM/s}
2023-04-03 12:34:53,419 [AppLog] INFO : 成形面高度下降指定厚度 TrapSpace{1.5mm}：TrapMoveUp(1, true, Convert.ToString(vel), Convert.ToString(TrapSpace), true, true）
2023-04-03 12:34:53,465 [AppLog] INFO : 手动停止自动进给铺粉过程：AutoSupplyPowderBtn_Click
2023-04-03 12:34:53,746 [AppLog] INFO : 手动正向点动指令（8轴运控板卡系统） ====》：输出AXIS{第1轴},点动量{1.5MM},运动速度{5MM/s}
2023-04-03 12:34:53,746 [AppLog] INFO : 成形面高度上升层厚 TrapSpace{1.5mm}：TrapMoveUp(1, true, Convert.ToString(vel), Convert.ToString(TrapSpace), true, true）
2023-04-03 12:34:53,965 [AppLog] INFO : 手动正向点动指令（8轴运控板卡系统） ====》：输出AXIS{第8轴},点动量{0.5MM},运动速度{2.5MM/s}
2023-04-03 12:34:53,965 [AppLog] INFO : Hopper落粉轴转2圈落粉，速度0.5rev/s：TrapMoveUp(8, true, 0.5, rotateNuM.ToString(), true, false)
2023-04-03 12:34:54,994 [AppLog] INFO : 手动正向点动指令（8轴运控板卡系统） ====》：输出AXIS{第2轴},点动量{258MM},运动速度{250MM/s}
2023-04-03 12:34:54,994 [AppLog] INFO : 手动正向点动指令（8轴运控板卡系统） ====》：输出AXIS{第2轴},点动量{440MM},运动速度{50MM/s}
2023-04-03 12:34:54,994 [AppLog] INFO : 开启铺粉车不等停运动至站2，速度0.5rev/s：BackToStation2
2023-04-03 12:34:55,119 [AppLog] INFO : 打开IR灯：OpenIRLamp(true)
2023-04-03 12:34:55,119 [AppLog] INFO : 手动正向点动指令（8轴运控板卡系统） ====》：输出AXIS{第3轴},点动量{0.5MM},运动速度{0.0980392156862745MM/s}
2023-04-03 12:34:55,119 [AppLog] INFO : 开启均匀落粉及辊子铺平运动：TrapMoveUp(3, true, Convert.ToString(DispenseRollerSpeed), 0.5, true, true)
2023-04-03 12:35:00,205 [AppLog] INFO : 关闭IR灯：OpenIRLamp(false)
2023-04-03 12:35:02,560 [AppLog] INFO : 手动正向点动指令（8轴运控板卡系统） ====》：输出AXIS{第3轴},点动量{0.5MM},运动速度{2MM/s}
2023-04-03 12:35:02,560 [AppLog] INFO : 落粉轴继续转动以倒掉余粉：TrapMoveUp(3, true, 2, 0.5, true, false)
2023-04-03 12:35:04,120 [AppLog] INFO : 手动正向点动指令（8轴运控板卡系统） ====》：输出AXIS{第1轴},点动量{-1.5MM},运动速度{5MM/s}
2023-04-03 12:35:04,120 [AppLog] INFO : 成形面高度下降指定厚度 TrapSpace{1.5mm}：TrapMoveUp(1, true, Convert.ToString(vel), Convert.ToString(TrapSpace), true, true）
2023-04-03 12:35:07,225 [AppLog] INFO : 手动正向点动指令（8轴运控板卡系统） ====》：输出AXIS{第2轴},点动量{-698MM},运动速度{225MM/s}
2023-04-03 12:35:07,225 [AppLog] INFO : 铺粉车返回至站1：BackToStation2(AimPos, MovSpeed, true)
2023-04-03 12:35:07,615 [AppLog] INFO : 落粉轴回零成功：motionMap.SetBackSpreaderAxis(3, 0.5, 2, -SinkPosition)：ReturnCode{True}
2023-04-03 12:35:07,927 [AppLog] INFO : 手动正向点动指令（8轴运控板卡系统） ====》：输出AXIS{第1轴},点动量{1.5MM},运动速度{5MM/s}
2023-04-03 12:35:07,927 [AppLog] INFO : 成形面高度上升层厚 TrapSpace{1.5mm}：TrapMoveUp(1, true, Convert.ToString(vel), Convert.ToString(TrapSpace), true, true）
2023-04-03 12:35:07,927 [AppLog] INFO : 手动铺粉正常结束：NewAutoSupplyPowderThread
2023-04-03 12:35:07,927 [AppLog] INFO : 发送监控指令，拍照记录1条：SendMessageFromSharedMemory
2023-04-03 12:35:16,756 [AppLog] INFO : 退出手动调试子模块,已执行修改
==========================================================================
2023-04-03 12:35:17,708 [AppLog] INFO : 进入手动调试子模块！
2023-04-03 12:35:17,708 [AppLog] INFO : 进入：ManulBtn_Click=》准备创建对象-手动操作！
2023-04-03 12:35:17,739 [AppLog] INFO : 创建：ManualControl=》创建完成-手动操作！
2023-04-03 12:35:17,739 [AppLog] INFO : 加载成功：温控Modbus接口！
2023-04-03 12:35:23,511 [AppLog] INFO : 手动开启自动进给铺粉过程：AutoSupplyPowderBtn_Click
2023-04-03 12:35:23,511 [AppLog] INFO : 开启手动铺粉逻辑：NewAutoSupplyPowderThread
2023-04-03 12:35:23,542 [AppLog] INFO : 手动正向点动指令（8轴运控板卡系统） ====》：输出AXIS{第1轴},点动量{-0.08MM},运动速度{5MM/s}
2023-04-03 12:35:23,542 [AppLog] INFO : 成形面高度下降层厚 TrapSpace{0.08mm}：TrapMoveUp(1, true, Convert.ToString(vel), Convert.ToString(TrapSpace), true, true）
2023-04-03 12:35:23,870 [AppLog] INFO : 手动正向点动指令（8轴运控板卡系统） ====》：输出AXIS{第1轴},点动量{-1.5MM},运动速度{5MM/s}
2023-04-03 12:35:23,870 [AppLog] INFO : 成形面高度下降指定厚度 TrapSpace{1.5mm}：TrapMoveUp(1, true, Convert.ToString(vel), Convert.ToString(TrapSpace), true, true）
2023-04-03 12:35:24,197 [AppLog] INFO : 手动正向点动指令（8轴运控板卡系统） ====》：输出AXIS{第1轴},点动量{1.5MM},运动速度{5MM/s}
2023-04-03 12:35:24,197 [AppLog] INFO : 成形面高度上升层厚 TrapSpace{1.5mm}：TrapMoveUp(1, true, Convert.ToString(vel), Convert.ToString(TrapSpace), true, true）
2023-04-03 12:35:24,416 [AppLog] INFO : 手动正向点动指令（8轴运控板卡系统） ====》：输出AXIS{第8轴},点动量{0.5MM},运动速度{2.5MM/s}
2023-04-03 12:35:24,416 [AppLog] INFO : Hopper落粉轴转2圈落粉，速度0.5rev/s：TrapMoveUp(8, true, 0.5, rotateNuM.ToString(), true, false)
2023-04-03 12:35:25,445 [AppLog] INFO : 手动正向点动指令（8轴运控板卡系统） ====》：输出AXIS{第2轴},点动量{258MM},运动速度{250MM/s}
2023-04-03 12:35:25,445 [AppLog] INFO : 手动正向点动指令（8轴运控板卡系统） ====》：输出AXIS{第2轴},点动量{440MM},运动速度{50MM/s}
2023-04-03 12:35:25,445 [AppLog] INFO : 开启铺粉车不等停运动至站2，速度0.5rev/s：BackToStation2
2023-04-03 12:35:25,570 [AppLog] INFO : 打开IR灯：OpenIRLamp(true)
2023-04-03 12:35:25,570 [AppLog] INFO : 手动正向点动指令（8轴运控板卡系统） ====》：输出AXIS{第3轴},点动量{0.5MM},运动速度{0.0980392156862745MM/s}
2023-04-03 12:35:25,570 [AppLog] INFO : 开启均匀落粉及辊子铺平运动：TrapMoveUp(3, true, Convert.ToString(DispenseRollerSpeed), 0.5, true, true)
2023-04-03 12:35:30,656 [AppLog] INFO : 关闭IR灯：OpenIRLamp(false)
2023-04-03 12:35:33,011 [AppLog] INFO : 手动正向点动指令（8轴运控板卡系统） ====》：输出AXIS{第3轴},点动量{0.5MM},运动速度{2MM/s}
2023-04-03 12:35:33,011 [AppLog] INFO : 落粉轴继续转动以倒掉余粉：TrapMoveUp(3, true, 2, 0.5, true, false)
2023-04-03 12:35:34,571 [AppLog] INFO : 手动正向点动指令（8轴运控板卡系统） ====》：输出AXIS{第1轴},点动量{-1.5MM},运动速度{5MM/s}
2023-04-03 12:35:34,571 [AppLog] INFO : 成形面高度下降指定厚度 TrapSpace{1.5mm}：TrapMoveUp(1, true, Convert.ToString(vel), Convert.ToString(TrapSpace), true, true）
2023-04-03 12:35:38,066 [AppLog] INFO : 手动正向点动指令（8轴运控板卡系统） ====》：输出AXIS{第2轴},点动量{-698MM},运动速度{200MM/s}
2023-04-03 12:35:38,066 [AppLog] INFO : 铺粉车返回至站1：BackToStation2(AimPos, MovSpeed, true)
2023-04-03 12:35:38,456 [AppLog] INFO : 落粉轴回零成功：motionMap.SetBackSpreaderAxis(3, 0.5, 2, -SinkPosition)：ReturnCode{True}
2023-04-03 12:35:38,768 [AppLog] INFO : 手动正向点动指令（8轴运控板卡系统） ====》：输出AXIS{第1轴},点动量{1.5MM},运动速度{5MM/s}
2023-04-03 12:35:38,768 [AppLog] INFO : 成形面高度上升层厚 TrapSpace{1.5mm}：TrapMoveUp(1, true, Convert.ToString(vel), Convert.ToString(TrapSpace), true, true）
2023-04-03 12:35:38,768 [AppLog] INFO : 手动铺粉正常结束：NewAutoSupplyPowderThread
2023-04-03 12:35:38,768 [AppLog] INFO : 发送监控指令，拍照记录1条：SendMessageFromSharedMemory
2023-04-03 12:40:43,000 [AppLog] INFO : 退出手动调试子模块,已执行修改
==========================================================================
2023-04-03 12:40:43,577 [AppLog] INFO : 开启系统：板卡通讯，伺服供电，照明系统，UV/HR固化系统！
2023-04-03 12:40:44,466 [AppLog] INFO : 关闭系统：一键关闭系统开始！
2023-04-03 12:40:50,677 [AppLog] INFO : 关闭系统：一键关闭系统结束！
2023-04-03 12:40:50,686 [AppLog] INFO : 喷墨控制器的所有轴输出关闭！
2023-04-03 12:40:51,123 [AppLog] INFO : 喷墨控制器关闭！
2023-04-03 12:40:51,125 [AppLog] INFO : 进入电气控制模块
2023-04-03 12:40:56,022 [AppLog] INFO : 电气控制模块：手动关闭端口14
2023-04-03 12:40:56,533 [AppLog] INFO : 电气控制模块：手动关闭端口15
2023-04-03 12:40:57,264 [AppLog] INFO : 退出电气控制模块
2023-04-03 12:41:00,383 [AppLog] INFO : 软件及设备关停中：墨车所有方向运动确认停止（X,Y,Y2)： bImmeStop{False},nAxisMask{0x7}
2023-04-03 12:41:00,383 [AppLog] INFO : 软件及设备关停中：喷墨控制器板卡系统关闭（X,Y,Y2)：DEV_CloseDevice
2023-04-03 12:41:01,077 [AppLog] INFO : 软件及设备关停成功
==========================================================================
操作系统:{Microsoft Windows 7 旗舰版 }
运行环境:{ .Net Framework Enviroment Version 4.0.30319.42000}
盘符：D
CPU使用率：{20.05414%} ，可用内存大小:{13909MB}，硬盘剩余空间：
  盘符 C:\ 的剩余空间：70 GB
  盘符 D:\ 的剩余空间：88 GB
  盘符 F:\ 的剩余空间：3 GB
==========================================================================
2023-04-03 12:41:30,620 [AppLog] INFO : 软件开机密码正确，登录成功1次
==========================================================================
操作系统:{Microsoft Windows 7 旗舰版 }
运行环境:{ .Net Framework Enviroment Version 4.0.30319.42000}
盘符：D
CPU使用率：{51.73515%} ，可用内存大小:{14095MB}，硬盘剩余空间：
  盘符 C:\ 的剩余空间：70 GB
  盘符 D:\ 的剩余空间：88 GB
  盘符 F:\ 的剩余空间：3 GB
硬件配置情况：
  CPU 厂家: GenuineIntel CPU 型号: Intel(R) Core(TM) i7-4770 CPU @ 3.40GHz
  内存条厂家: Kingston 内存条型号: 99P5471-043.A00LF 
  内存条厂家: Kingston 内存条型号: 99P5471-043.A00LF 
  硬盘厂家: (标准磁盘驱动器) 硬盘型号: Micron_1300_MTFDDAK256TDL ATA Device
  硬盘厂家: (标准磁盘驱动器) 硬盘型号: Generic Flash Disk USB Device
==========================================================================
2023-04-03 12:41:31,202 [AppLog] INFO : 开启系统：板卡通讯，伺服供电，照明系统，UV/HR固化系统！
2023-04-03 12:41:31,203 [AppLog] INFO : 开启系统：一键启动系统开始！
2023-04-03 12:41:37,208 [AppLog] INFO : 开启系统：一键启动系统结束！
2023-04-03 12:41:37,209 [AppLog] INFO : 初始化喷墨控制器启动！
2023-04-03 12:41:59,151 [AppLog] INFO : 打开喷墨控制器设备成功！
2023-04-03 12:42:01,601 [AppLog] INFO : 初始化喷墨控制器成功！
2023-04-03 12:42:01,601 [AppLog] INFO : 进入：EquipmentMotionLogic3=》准备创建对象-手动操作！
2023-04-03 12:42:01,741 [AppLog] INFO : 进入：EquipmentMotionLogic3=》创建完成-手动操作！
2023-04-03 12:42:01,866 [AppLog] INFO : 红外灯控制器485通讯建立！
2023-04-03 12:42:01,866 [AppLog] INFO : 进入电气控制模块
2023-04-03 12:42:02,911 [AppLog] INFO : 电气控制模块：手动打开端口14
2023-04-03 12:42:03,582 [AppLog] INFO : 电气控制模块：手动打开端口15
2023-04-03 12:42:04,128 [AppLog] INFO : 退出电气控制模块
2023-04-03 12:42:06,296 [AppLog] INFO : 进入手动调试子模块！
2023-04-03 12:42:06,296 [AppLog] INFO : 进入：ManulBtn_Click=》准备创建对象-手动操作！
2023-04-03 12:42:06,328 [AppLog] INFO : 创建：ManualControl=》创建完成-手动操作！
2023-04-03 12:42:06,328 [AppLog] INFO : 加载成功：温控Modbus接口！
2023-04-03 12:42:10,508 [AppLog] INFO : 开启铺粉车回零校准：PowderCarHomeBtn_Click
2023-04-03 12:42:10,508 [AppLog] INFO : 开启粉车回零校准线程：PowderCarHomeResetThread
2023-04-03 12:42:19,213 [AppLog] INFO : 手动正向点动指令（8轴运控板卡系统） ====》：输出AXIS{第2轴},点动量{-116MM},运动速度{50MM/s}
2023-04-03 12:42:19,213 [AppLog] INFO : 粉车回零校准线程成功：PowderCarHomeResetThread
2023-04-03 12:42:22,801 [AppLog] INFO : 手动开启自动进给铺粉过程：AutoSupplyPowderBtn_Click
2023-04-03 12:42:22,801 [AppLog] INFO : 开启手动铺粉逻辑：NewAutoSupplyPowderThread
2023-04-03 12:42:22,895 [AppLog] INFO : 手动正向点动指令（8轴运控板卡系统） ====》：输出AXIS{第1轴},点动量{-0.08MM},运动速度{5MM/s}
2023-04-03 12:42:22,895 [AppLog] INFO : 成形面高度下降层厚 TrapSpace{0.08mm}：TrapMoveUp(1, true, Convert.ToString(vel), Convert.ToString(TrapSpace), true, true）
2023-04-03 12:42:23,222 [AppLog] INFO : 手动正向点动指令（8轴运控板卡系统） ====》：输出AXIS{第1轴},点动量{-1.5MM},运动速度{5MM/s}
2023-04-03 12:42:23,222 [AppLog] INFO : 成形面高度下降指定厚度 TrapSpace{1.5mm}：TrapMoveUp(1, true, Convert.ToString(vel), Convert.ToString(TrapSpace), true, true）
2023-04-03 12:42:23,550 [AppLog] INFO : 手动正向点动指令（8轴运控板卡系统） ====》：输出AXIS{第1轴},点动量{1.5MM},运动速度{5MM/s}
2023-04-03 12:42:23,550 [AppLog] INFO : 成形面高度上升层厚 TrapSpace{1.5mm}：TrapMoveUp(1, true, Convert.ToString(vel), Convert.ToString(TrapSpace), true, true）
2023-04-03 12:42:23,815 [AppLog] INFO : 手动正向点动指令（8轴运控板卡系统） ====》：输出AXIS{第8轴},点动量{0.5MM},运动速度{2.5MM/s}
2023-04-03 12:42:23,815 [AppLog] INFO : Hopper落粉轴转2圈落粉，速度0.5rev/s：TrapMoveUp(8, true, 0.5, rotateNuM.ToString(), true, false)
2023-04-03 12:42:25,079 [AppLog] INFO : 手动正向点动指令（8轴运控板卡系统） ====》：输出AXIS{第2轴},点动量{254MM},运动速度{200MM/s}
2023-04-03 12:42:25,079 [AppLog] INFO : 手动正向点动指令（8轴运控板卡系统） ====》：输出AXIS{第2轴},点动量{440MM},运动速度{50MM/s}
2023-04-03 12:42:25,079 [AppLog] INFO : 开启铺粉车不等停运动至站2，速度0.5rev/s：BackToStation2
2023-04-03 12:42:25,219 [AppLog] INFO : 打开IR灯：OpenIRLamp(true)
2023-04-03 12:42:25,266 [AppLog] INFO : 手动正向点动指令（8轴运控板卡系统） ====》：输出AXIS{第3轴},点动量{0.5MM},运动速度{0.0980392156862745MM/s}
2023-04-03 12:42:25,266 [AppLog] INFO : 开启均匀落粉及辊子铺平运动：TrapMoveUp(3, true, Convert.ToString(DispenseRollerSpeed), 0.5, true, true)
2023-04-03 12:42:30,320 [AppLog] INFO : 关闭IR灯：OpenIRLamp(false)
2023-04-03 12:42:32,645 [AppLog] INFO : 手动正向点动指令（8轴运控板卡系统） ====》：输出AXIS{第3轴},点动量{0.5MM},运动速度{2MM/s}
2023-04-03 12:42:32,645 [AppLog] INFO : 落粉轴继续转动以倒掉余粉：TrapMoveUp(3, true, 2, 0.5, true, false)
2023-04-03 12:42:34,220 [AppLog] INFO : 手动正向点动指令（8轴运控板卡系统） ====》：输出AXIS{第1轴},点动量{-1.5MM},运动速度{5MM/s}
2023-04-03 12:42:34,220 [AppLog] INFO : 成形面高度下降指定厚度 TrapSpace{1.5mm}：TrapMoveUp(1, true, Convert.ToString(vel), Convert.ToString(TrapSpace), true, true）
2023-04-03 12:42:37,715 [AppLog] INFO : 手动正向点动指令（8轴运控板卡系统） ====》：输出AXIS{第2轴},点动量{-698MM},运动速度{200MM/s}
2023-04-03 12:42:37,715 [AppLog] INFO : 铺粉车返回至站1：BackToStation2(AimPos, MovSpeed, true)
2023-04-03 12:42:38,089 [AppLog] INFO : 落粉轴回零成功：motionMap.SetBackSpreaderAxis(3, 0.5, 2, -SinkPosition)：ReturnCode{True}
2023-04-03 12:42:38,401 [AppLog] INFO : 手动正向点动指令（8轴运控板卡系统） ====》：输出AXIS{第1轴},点动量{1.5MM},运动速度{5MM/s}
2023-04-03 12:42:38,401 [AppLog] INFO : 成形面高度上升层厚 TrapSpace{1.5mm}：TrapMoveUp(1, true, Convert.ToString(vel), Convert.ToString(TrapSpace), true, true）
2023-04-03 12:42:38,401 [AppLog] INFO : 手动铺粉正常结束：NewAutoSupplyPowderThread
2023-04-03 12:42:38,417 [AppLog] INFO : 发送监控指令，拍照记录1条：SendMessageFromSharedMemory
2023-04-03 12:42:43,580 [AppLog] INFO : 退出手动调试子模块,已执行修改
==========================================================================
2023-04-03 12:42:44,236 [AppLog] INFO : 进入手动调试子模块！
2023-04-03 12:42:44,236 [AppLog] INFO : 进入：ManulBtn_Click=》准备创建对象-手动操作！
2023-04-03 12:42:44,267 [AppLog] INFO : 创建：ManualControl=》创建完成-手动操作！
2023-04-03 12:42:44,267 [AppLog] INFO : 加载成功：温控Modbus接口！
2023-04-03 12:42:45,827 [AppLog] INFO : 手动开启自动进给铺粉过程：AutoSupplyPowderBtn_Click
2023-04-03 12:42:45,827 [AppLog] INFO : 开启手动铺粉逻辑：NewAutoSupplyPowderThread
2023-04-03 12:42:45,858 [AppLog] INFO : 手动正向点动指令（8轴运控板卡系统） ====》：输出AXIS{第1轴},点动量{-0.08MM},运动速度{5MM/s}
2023-04-03 12:42:45,858 [AppLog] INFO : 成形面高度下降层厚 TrapSpace{0.08mm}：TrapMoveUp(1, true, Convert.ToString(vel), Convert.ToString(TrapSpace), true, true）
2023-04-03 12:42:46,186 [AppLog] INFO : 手动正向点动指令（8轴运控板卡系统） ====》：输出AXIS{第1轴},点动量{-1.5MM},运动速度{5MM/s}
2023-04-03 12:42:46,186 [AppLog] INFO : 成形面高度下降指定厚度 TrapSpace{1.5mm}：TrapMoveUp(1, true, Convert.ToString(vel), Convert.ToString(TrapSpace), true, true）
2023-04-03 12:42:46,513 [AppLog] INFO : 手动正向点动指令（8轴运控板卡系统） ====》：输出AXIS{第1轴},点动量{1.5MM},运动速度{5MM/s}
2023-04-03 12:42:46,513 [AppLog] INFO : 成形面高度上升层厚 TrapSpace{1.5mm}：TrapMoveUp(1, true, Convert.ToString(vel), Convert.ToString(TrapSpace), true, true）
2023-04-03 12:42:46,732 [AppLog] INFO : 手动正向点动指令（8轴运控板卡系统） ====》：输出AXIS{第8轴},点动量{0.5MM},运动速度{2.5MM/s}
2023-04-03 12:42:46,732 [AppLog] INFO : Hopper落粉轴转2圈落粉，速度0.5rev/s：TrapMoveUp(8, true, 0.5, rotateNuM.ToString(), true, false)
2023-04-03 12:42:47,870 [AppLog] INFO : 手动正向点动指令（8轴运控板卡系统） ====》：输出AXIS{第2轴},点动量{258MM},运动速度{225MM/s}
2023-04-03 12:42:47,870 [AppLog] INFO : 手动正向点动指令（8轴运控板卡系统） ====》：输出AXIS{第2轴},点动量{440MM},运动速度{50MM/s}
2023-04-03 12:42:47,870 [AppLog] INFO : 开启铺粉车不等停运动至站2，速度0.5rev/s：BackToStation2
2023-04-03 12:42:47,995 [AppLog] INFO : 打开IR灯：OpenIRLamp(true)
2023-04-03 12:42:47,995 [AppLog] INFO : 手动正向点动指令（8轴运控板卡系统） ====》：输出AXIS{第3轴},点动量{0.5MM},运动速度{0.0980392156862745MM/s}
2023-04-03 12:42:47,995 [AppLog] INFO : 开启均匀落粉及辊子铺平运动：TrapMoveUp(3, true, Convert.ToString(DispenseRollerSpeed), 0.5, true, true)
2023-04-03 12:42:53,081 [AppLog] INFO : 关闭IR灯：OpenIRLamp(false)
2023-04-03 12:42:55,436 [AppLog] INFO : 手动正向点动指令（8轴运控板卡系统） ====》：输出AXIS{第3轴},点动量{0.5MM},运动速度{2MM/s}
2023-04-03 12:42:55,436 [AppLog] INFO : 落粉轴继续转动以倒掉余粉：TrapMoveUp(3, true, 2, 0.5, true, false)
2023-04-03 12:42:57,012 [AppLog] INFO : 手动正向点动指令（8轴运控板卡系统） ====》：输出AXIS{第1轴},点动量{-1.5MM},运动速度{5MM/s}
2023-04-03 12:42:57,012 [AppLog] INFO : 成形面高度下降指定厚度 TrapSpace{1.5mm}：TrapMoveUp(1, true, Convert.ToString(vel), Convert.ToString(TrapSpace), true, true）
2023-04-03 12:43:00,116 [AppLog] INFO : 手动正向点动指令（8轴运控板卡系统） ====》：输出AXIS{第2轴},点动量{-698MM},运动速度{225MM/s}
2023-04-03 12:43:00,116 [AppLog] INFO : 铺粉车返回至站1：BackToStation2(AimPos, MovSpeed, true)
2023-04-03 12:43:00,506 [AppLog] INFO : 落粉轴回零成功：motionMap.SetBackSpreaderAxis(3, 0.5, 2, -SinkPosition)：ReturnCode{True}
2023-04-03 12:43:00,818 [AppLog] INFO : 手动正向点动指令（8轴运控板卡系统） ====》：输出AXIS{第1轴},点动量{1.5MM},运动速度{5MM/s}
2023-04-03 12:43:00,818 [AppLog] INFO : 成形面高度上升层厚 TrapSpace{1.5mm}：TrapMoveUp(1, true, Convert.ToString(vel), Convert.ToString(TrapSpace), true, true）
2023-04-03 12:43:00,818 [AppLog] INFO : 手动铺粉正常结束：NewAutoSupplyPowderThread
2023-04-03 12:43:00,818 [AppLog] INFO : 发送监控指令，拍照记录1条：SendMessageFromSharedMemory
2023-04-03 12:43:03,018 [AppLog] INFO : 手动停止自动进给铺粉过程：AutoSupplyPowderBtn_Click
2023-04-03 12:43:04,547 [AppLog] INFO : 手动开启自动进给铺粉过程：AutoSupplyPowderBtn_Click
2023-04-03 12:43:07,448 [AppLog] INFO : 手动开启自动进给铺粉过程：AutoSupplyPowderBtn_Click
2023-04-03 12:43:07,448 [AppLog] INFO : 开启手动铺粉逻辑：NewAutoSupplyPowderThread
2023-04-03 12:43:07,480 [AppLog] INFO : 手动正向点动指令（8轴运控板卡系统） ====》：输出AXIS{第1轴},点动量{-0.08MM},运动速度{5MM/s}
2023-04-03 12:43:07,495 [AppLog] INFO : 成形面高度下降层厚 TrapSpace{0.08mm}：TrapMoveUp(1, true, Convert.ToString(vel), Convert.ToString(TrapSpace), true, true）
2023-04-03 12:43:07,807 [AppLog] INFO : 手动正向点动指令（8轴运控板卡系统） ====》：输出AXIS{第1轴},点动量{-1.5MM},运动速度{5MM/s}
2023-04-03 12:43:07,807 [AppLog] INFO : 成形面高度下降指定厚度 TrapSpace{1.5mm}：TrapMoveUp(1, true, Convert.ToString(vel), Convert.ToString(TrapSpace), true, true）
2023-04-03 12:43:08,135 [AppLog] INFO : 手动正向点动指令（8轴运控板卡系统） ====》：输出AXIS{第1轴},点动量{1.5MM},运动速度{5MM/s}
2023-04-03 12:43:08,135 [AppLog] INFO : 成形面高度上升层厚 TrapSpace{1.5mm}：TrapMoveUp(1, true, Convert.ToString(vel), Convert.ToString(TrapSpace), true, true）
2023-04-03 12:43:08,353 [AppLog] INFO : 手动正向点动指令（8轴运控板卡系统） ====》：输出AXIS{第8轴},点动量{0.5MM},运动速度{2.5MM/s}
2023-04-03 12:43:08,353 [AppLog] INFO : Hopper落粉轴转2圈落粉，速度0.5rev/s：TrapMoveUp(8, true, 0.5, rotateNuM.ToString(), true, false)
2023-04-03 12:43:09,492 [AppLog] INFO : 手动正向点动指令（8轴运控板卡系统） ====》：输出AXIS{第2轴},点动量{258MM},运动速度{225MM/s}
2023-04-03 12:43:09,508 [AppLog] INFO : 手动正向点动指令（8轴运控板卡系统） ====》：输出AXIS{第2轴},点动量{440MM},运动速度{50MM/s}
2023-04-03 12:43:09,508 [AppLog] INFO : 开启铺粉车不等停运动至站2，速度0.5rev/s：BackToStation2
2023-04-03 12:43:09,617 [AppLog] INFO : 打开IR灯：OpenIRLamp(true)
2023-04-03 12:43:09,617 [AppLog] INFO : 手动正向点动指令（8轴运控板卡系统） ====》：输出AXIS{第3轴},点动量{0.5MM},运动速度{0.0980392156862745MM/s}
2023-04-03 12:43:09,617 [AppLog] INFO : 开启均匀落粉及辊子铺平运动：TrapMoveUp(3, true, Convert.ToString(DispenseRollerSpeed), 0.5, true, true)
2023-04-03 12:43:14,734 [AppLog] INFO : 关闭IR灯：OpenIRLamp(false)
2023-04-03 12:43:17,074 [AppLog] INFO : 手动正向点动指令（8轴运控板卡系统） ====》：输出AXIS{第3轴},点动量{0.5MM},运动速度{2MM/s}
2023-04-03 12:43:17,074 [AppLog] INFO : 落粉轴继续转动以倒掉余粉：TrapMoveUp(3, true, 2, 0.5, true, false)
2023-04-03 12:43:18,634 [AppLog] INFO : 手动正向点动指令（8轴运控板卡系统） ====》：输出AXIS{第1轴},点动量{-1.5MM},运动速度{5MM/s}
2023-04-03 12:43:18,634 [AppLog] INFO : 成形面高度下降指定厚度 TrapSpace{1.5mm}：TrapMoveUp(1, true, Convert.ToString(vel), Convert.ToString(TrapSpace), true, true）
2023-04-03 12:43:21,738 [AppLog] INFO : 手动正向点动指令（8轴运控板卡系统） ====》：输出AXIS{第2轴},点动量{-698MM},运动速度{225MM/s}
2023-04-03 12:43:21,738 [AppLog] INFO : 铺粉车返回至站1：BackToStation2(AimPos, MovSpeed, true)
2023-04-03 12:43:22,128 [AppLog] INFO : 落粉轴回零成功：motionMap.SetBackSpreaderAxis(3, 0.5, 2, -SinkPosition)：ReturnCode{True}
2023-04-03 12:43:22,440 [AppLog] INFO : 手动正向点动指令（8轴运控板卡系统） ====》：输出AXIS{第1轴},点动量{1.5MM},运动速度{5MM/s}
2023-04-03 12:43:22,440 [AppLog] INFO : 成形面高度上升层厚 TrapSpace{1.5mm}：TrapMoveUp(1, true, Convert.ToString(vel), Convert.ToString(TrapSpace), true, true）
2023-04-03 12:43:22,440 [AppLog] INFO : 手动铺粉正常结束：NewAutoSupplyPowderThread
2023-04-03 12:43:22,440 [AppLog] INFO : 发送监控指令，拍照记录1条：SendMessageFromSharedMemory
2023-04-03 12:43:29,476 [AppLog] INFO : 退出手动调试子模块,已执行修改
==========================================================================
2023-04-03 12:43:30,661 [AppLog] INFO : 进入手动调试子模块！
2023-04-03 12:43:30,661 [AppLog] INFO : 进入：ManulBtn_Click=》准备创建对象-手动操作！
2023-04-03 12:43:30,677 [AppLog] INFO : 创建：ManualControl=》创建完成-手动操作！
2023-04-03 12:43:30,677 [AppLog] INFO : 加载成功：温控Modbus接口！
2023-04-03 12:43:32,580 [AppLog] INFO : 手动开启自动进给铺粉过程：AutoSupplyPowderBtn_Click
2023-04-03 12:43:32,580 [AppLog] INFO : 开启手动铺粉逻辑：NewAutoSupplyPowderThread
2023-04-03 12:43:32,627 [AppLog] INFO : 手动正向点动指令（8轴运控板卡系统） ====》：输出AXIS{第1轴},点动量{-0.08MM},运动速度{5MM/s}
2023-04-03 12:43:32,627 [AppLog] INFO : 成形面高度下降层厚 TrapSpace{0.08mm}：TrapMoveUp(1, true, Convert.ToString(vel), Convert.ToString(TrapSpace), true, true）
2023-04-03 12:43:32,954 [AppLog] INFO : 手动正向点动指令（8轴运控板卡系统） ====》：输出AXIS{第1轴},点动量{-1.5MM},运动速度{5MM/s}
2023-04-03 12:43:32,954 [AppLog] INFO : 成形面高度下降指定厚度 TrapSpace{1.5mm}：TrapMoveUp(1, true, Convert.ToString(vel), Convert.ToString(TrapSpace), true, true）
2023-04-03 12:43:33,282 [AppLog] INFO : 手动正向点动指令（8轴运控板卡系统） ====》：输出AXIS{第1轴},点动量{1.5MM},运动速度{5MM/s}
2023-04-03 12:43:33,282 [AppLog] INFO : 成形面高度上升层厚 TrapSpace{1.5mm}：TrapMoveUp(1, true, Convert.ToString(vel), Convert.ToString(TrapSpace), true, true）
2023-04-03 12:43:33,485 [AppLog] INFO : 手动正向点动指令（8轴运控板卡系统） ====》：输出AXIS{第8轴},点动量{0.5MM},运动速度{2.5MM/s}
2023-04-03 12:43:33,485 [AppLog] INFO : Hopper落粉轴转2圈落粉，速度0.5rev/s：TrapMoveUp(8, true, 0.5, rotateNuM.ToString(), true, false)
2023-04-03 12:43:34,780 [AppLog] INFO : 手动正向点动指令（8轴运控板卡系统） ====》：输出AXIS{第2轴},点动量{258MM},运动速度{200MM/s}
2023-04-03 12:43:34,780 [AppLog] INFO : 手动正向点动指令（8轴运控板卡系统） ====》：输出AXIS{第2轴},点动量{440MM},运动速度{50MM/s}
2023-04-03 12:43:34,780 [AppLog] INFO : 开启铺粉车不等停运动至站2，速度0.5rev/s：BackToStation2
2023-04-03 12:43:34,904 [AppLog] INFO : 打开IR灯：OpenIRLamp(true)
2023-04-03 12:43:34,904 [AppLog] INFO : 手动正向点动指令（8轴运控板卡系统） ====》：输出AXIS{第3轴},点动量{0.5MM},运动速度{0.0980392156862745MM/s}
2023-04-03 12:43:34,904 [AppLog] INFO : 开启均匀落粉及辊子铺平运动：TrapMoveUp(3, true, Convert.ToString(DispenseRollerSpeed), 0.5, true, true)
2023-04-03 12:43:39,990 [AppLog] INFO : 关闭IR灯：OpenIRLamp(false)
2023-04-03 12:43:42,346 [AppLog] INFO : 手动正向点动指令（8轴运控板卡系统） ====》：输出AXIS{第3轴},点动量{0.5MM},运动速度{2MM/s}
2023-04-03 12:43:42,346 [AppLog] INFO : 落粉轴继续转动以倒掉余粉：TrapMoveUp(3, true, 2, 0.5, true, false)
2023-04-03 12:43:43,906 [AppLog] INFO : 手动正向点动指令（8轴运控板卡系统） ====》：输出AXIS{第1轴},点动量{-1.5MM},运动速度{5MM/s}
2023-04-03 12:43:43,906 [AppLog] INFO : 成形面高度下降指定厚度 TrapSpace{1.5mm}：TrapMoveUp(1, true, Convert.ToString(vel), Convert.ToString(TrapSpace), true, true）
2023-04-03 12:43:47,400 [AppLog] INFO : 手动正向点动指令（8轴运控板卡系统） ====》：输出AXIS{第2轴},点动量{-698MM},运动速度{200MM/s}
2023-04-03 12:43:47,416 [AppLog] INFO : 铺粉车返回至站1：BackToStation2(AimPos, MovSpeed, true)
2023-04-03 12:43:47,790 [AppLog] INFO : 落粉轴回零成功：motionMap.SetBackSpreaderAxis(3, 0.5, 2, -SinkPosition)：ReturnCode{True}
2023-04-03 12:43:48,102 [AppLog] INFO : 手动正向点动指令（8轴运控板卡系统） ====》：输出AXIS{第1轴},点动量{1.5MM},运动速度{5MM/s}
2023-04-03 12:43:48,102 [AppLog] INFO : 成形面高度上升层厚 TrapSpace{1.5mm}：TrapMoveUp(1, true, Convert.ToString(vel), Convert.ToString(TrapSpace), true, true）
2023-04-03 12:43:48,102 [AppLog] INFO : 手动铺粉正常结束：NewAutoSupplyPowderThread
2023-04-03 12:43:48,102 [AppLog] INFO : 发送监控指令，拍照记录1条：SendMessageFromSharedMemory
2023-04-03 12:43:56,588 [AppLog] INFO : 手动停止自动进给铺粉过程：AutoSupplyPowderBtn_Click
2023-04-03 12:43:56,963 [AppLog] INFO : 手动开启自动进给铺粉过程：AutoSupplyPowderBtn_Click
2023-04-03 12:43:57,400 [AppLog] INFO : 手动开启自动进给铺粉过程：AutoSupplyPowderBtn_Click
2023-04-03 12:43:57,400 [AppLog] INFO : 开启手动铺粉逻辑：NewAutoSupplyPowderThread
2023-04-03 12:43:57,431 [AppLog] INFO : 手动正向点动指令（8轴运控板卡系统） ====》：输出AXIS{第1轴},点动量{-0.08MM},运动速度{5MM/s}
2023-04-03 12:43:57,431 [AppLog] INFO : 成形面高度下降层厚 TrapSpace{0.08mm}：TrapMoveUp(1, true, Convert.ToString(vel), Convert.ToString(TrapSpace), true, true）
2023-04-03 12:43:57,758 [AppLog] INFO : 手动正向点动指令（8轴运控板卡系统） ====》：输出AXIS{第1轴},点动量{-1.5MM},运动速度{5MM/s}
2023-04-03 12:43:57,758 [AppLog] INFO : 成形面高度下降指定厚度 TrapSpace{1.5mm}：TrapMoveUp(1, true, Convert.ToString(vel), Convert.ToString(TrapSpace), true, true）
2023-04-03 12:43:58,086 [AppLog] INFO : 手动正向点动指令（8轴运控板卡系统） ====》：输出AXIS{第1轴},点动量{1.5MM},运动速度{5MM/s}
2023-04-03 12:43:58,086 [AppLog] INFO : 成形面高度上升层厚 TrapSpace{1.5mm}：TrapMoveUp(1, true, Convert.ToString(vel), Convert.ToString(TrapSpace), true, true）
2023-04-03 12:43:58,289 [AppLog] INFO : 手动正向点动指令（8轴运控板卡系统） ====》：输出AXIS{第8轴},点动量{0.5MM},运动速度{2.5MM/s}
2023-04-03 12:43:58,289 [AppLog] INFO : Hopper落粉轴转2圈落粉，速度0.5rev/s：TrapMoveUp(8, true, 0.5, rotateNuM.ToString(), true, false)
2023-04-03 12:43:59,599 [AppLog] INFO : 手动正向点动指令（8轴运控板卡系统） ====》：输出AXIS{第2轴},点动量{258MM},运动速度{200MM/s}
2023-04-03 12:43:59,599 [AppLog] INFO : 手动正向点动指令（8轴运控板卡系统） ====》：输出AXIS{第2轴},点动量{440MM},运动速度{50MM/s}
2023-04-03 12:43:59,599 [AppLog] INFO : 开启铺粉车不等停运动至站2，速度0.5rev/s：BackToStation2
2023-04-03 12:43:59,709 [AppLog] INFO : 打开IR灯：OpenIRLamp(true)
2023-04-03 12:43:59,709 [AppLog] INFO : 手动正向点动指令（8轴运控板卡系统） ====》：输出AXIS{第3轴},点动量{0.5MM},运动速度{0.0980392156862745MM/s}
2023-04-03 12:43:59,709 [AppLog] INFO : 开启均匀落粉及辊子铺平运动：TrapMoveUp(3, true, Convert.ToString(DispenseRollerSpeed), 0.5, true, true)
2023-04-03 12:44:04,794 [AppLog] INFO : 关闭IR灯：OpenIRLamp(false)
2023-04-03 12:44:07,165 [AppLog] INFO : 手动正向点动指令（8轴运控板卡系统） ====》：输出AXIS{第3轴},点动量{0.5MM},运动速度{2MM/s}
2023-04-03 12:44:07,165 [AppLog] INFO : 落粉轴继续转动以倒掉余粉：TrapMoveUp(3, true, 2, 0.5, true, false)
2023-04-03 12:44:08,725 [AppLog] INFO : 手动正向点动指令（8轴运控板卡系统） ====》：输出AXIS{第1轴},点动量{-1.5MM},运动速度{5MM/s}
2023-04-03 12:44:08,725 [AppLog] INFO : 成形面高度下降指定厚度 TrapSpace{1.5mm}：TrapMoveUp(1, true, Convert.ToString(vel), Convert.ToString(TrapSpace), true, true）
2023-04-03 12:44:12,220 [AppLog] INFO : 手动正向点动指令（8轴运控板卡系统） ====》：输出AXIS{第2轴},点动量{-698MM},运动速度{200MM/s}
2023-04-03 12:44:12,220 [AppLog] INFO : 铺粉车返回至站1：BackToStation2(AimPos, MovSpeed, true)
2023-04-03 12:44:12,610 [AppLog] INFO : 落粉轴回零成功：motionMap.SetBackSpreaderAxis(3, 0.5, 2, -SinkPosition)：ReturnCode{True}
2023-04-03 12:44:12,922 [AppLog] INFO : 手动正向点动指令（8轴运控板卡系统） ====》：输出AXIS{第1轴},点动量{1.5MM},运动速度{5MM/s}
2023-04-03 12:44:12,922 [AppLog] INFO : 成形面高度上升层厚 TrapSpace{1.5mm}：TrapMoveUp(1, true, Convert.ToString(vel), Convert.ToString(TrapSpace), true, true）
2023-04-03 12:44:12,922 [AppLog] INFO : 手动铺粉正常结束：NewAutoSupplyPowderThread
2023-04-03 12:44:12,922 [AppLog] INFO : 发送监控指令，拍照记录1条：SendMessageFromSharedMemory
2023-04-03 12:44:29,957 [AppLog] INFO : 退出手动调试子模块，未执行修改
==========================================================================
2023-04-03 12:44:31,143 [AppLog] INFO : 进入JOB参数设置：修改前初始参数：灰度数据格式{1bits}打印灰阶{1阶}m_XPrintDpi{635Dpi}墨车运动速度{150MM/s}X向起打位置{50MM}X向起打位置偏移{0MM}Y向起打位置偏移{0MM}
2023-04-03 12:44:33,030 [AppLog] INFO : 退出JOB参数设置：未修改直接退出！
2023-04-03 12:44:35,292 [AppLog] INFO : 进入电气控制模块
2023-04-03 12:44:36,790 [AppLog] INFO : 电气控制模块：手动关闭端口14
2023-04-03 12:44:37,351 [AppLog] INFO : 电气控制模块：手动关闭端口15
2023-04-03 12:44:38,007 [AppLog] INFO : 退出电气控制模块
2023-04-03 12:44:39,988 [AppLog] INFO : 进入手动调试子模块！
2023-04-03 12:44:39,988 [AppLog] INFO : 进入：ManulBtn_Click=》准备创建对象-手动操作！
2023-04-03 12:44:40,019 [AppLog] INFO : 创建：ManualControl=》创建完成-手动操作！
2023-04-03 12:44:40,019 [AppLog] INFO : 加载成功：温控Modbus接口！
2023-04-03 12:44:41,907 [AppLog] INFO : 退出手动调试子模块,已执行修改
==========================================================================
2023-04-03 12:44:43,950 [AppLog] INFO : 进入电气控制模块
2023-04-03 12:44:45,183 [AppLog] INFO : 退出电气控制模块
2023-04-03 12:44:47,335 [AppLog] INFO : 开启系统：板卡通讯，伺服供电，照明系统，UV/HR固化系统！
2023-04-03 12:44:48,037 [AppLog] INFO : 关闭系统：一键关闭系统开始！
2023-04-03 12:44:54,262 [AppLog] INFO : 关闭系统：一键关闭系统结束！
2023-04-03 12:44:54,262 [AppLog] INFO : 喷墨控制器的所有轴输出关闭！
2023-04-03 12:44:54,543 [AppLog] INFO : 喷墨控制器关闭！
2023-04-03 12:44:54,543 [AppLog] INFO : 进入电气控制模块
2023-04-03 12:44:57,351 [AppLog] INFO : 退出电气控制模块
2023-04-03 12:45:00,112 [AppLog] INFO : 软件及设备关停中：墨车所有方向运动确认停止（X,Y,Y2)： bImmeStop{False},nAxisMask{0x7}
2023-04-03 12:45:00,112 [AppLog] INFO : 软件及设备关停中：喷墨控制器板卡系统关闭（X,Y,Y2)：DEV_CloseDevice
2023-04-03 12:45:00,783 [AppLog] INFO : 软件及设备关停成功
==========================================================================
操作系统:{Microsoft Windows 7 旗舰版 }
运行环境:{ .Net Framework Enviroment Version 4.0.30319.42000}
盘符：D
CPU使用率：{0%} ，可用内存大小:{14080MB}，硬盘剩余空间：
  盘符 C:\ 的剩余空间：70 GB
  盘符 D:\ 的剩余空间：88 GB
  盘符 F:\ 的剩余空间：3 GB
==========================================================================
