2023-04-15 21:19:10,847 [AppLog] INFO : 开启系统：板卡通讯，伺服供电，照明系统，UV/HR固化系统！
2023-04-15 21:19:10,863 [AppLog] INFO : 开启系统：一键启动系统开始！
2023-04-15 21:19:16,947 [AppLog] INFO : 开启系统：一键启动系统结束！
2023-04-15 21:19:16,947 [AppLog] INFO : 初始化喷墨控制器启动！
2023-04-15 21:19:40,425 [AppLog] INFO : 打开喷墨控制器设备成功！
2023-04-15 21:19:40,456 [AppLog] INFO : 输入校准值1次{成功}，打印往返差校准值为：BiDirEncPrtOff{5},分频值{8},打印速度{300mm/s}
2023-04-15 21:22:05,240 [AppLog] INFO : 初始化喷墨控制器成功！
2023-04-15 21:22:05,240 [AppLog] INFO : 进入：EquipmentMotionLogic3=》准备创建对象-手动操作！
2023-04-15 21:22:05,411 [AppLog] INFO : 进入：EquipmentMotionLogic3=》创建完成-手动操作！
2023-04-15 21:22:05,536 [AppLog] INFO : 红外灯控制器485通讯建立！
2023-04-15 21:22:05,536 [AppLog] INFO : 进入电气控制模块
2023-04-15 21:22:07,720 [AppLog] INFO : 退出电气控制模块
2023-04-15 21:22:08,609 [AppLog] INFO : 开启系统：板卡通讯，伺服供电，照明系统，UV/HR固化系统！
2023-04-15 21:22:08,703 [AppLog] INFO : 开启系统：板卡通讯，伺服供电，照明系统，UV/HR固化系统！
2023-04-15 21:22:09,826 [AppLog] INFO : 开启系统：板卡通讯，伺服供电，照明系统，UV/HR固化系统！
2023-04-15 21:22:43,912 [AppLog] INFO : 开启系统：板卡通讯，伺服供电，照明系统，UV/HR固化系统！
2023-04-15 21:23:01,447 [AppLog] INFO : 软件开机密码正确，登录成功1次
==========================================================================
操作系统:{Microsoft Windows 7 旗舰版 }
运行环境:{ .Net Framework Enviroment Version 4.0.30319.42000}
盘符：D
CPU使用率：{37.49975%} ，可用内存大小:{13887MB}，硬盘剩余空间：
  盘符 C:\ 的剩余空间：70 GB
  盘符 D:\ 的剩余空间：88 GB
  盘符 F:\ 的剩余空间：3 GB
硬件配置情况：
  CPU 厂家: GenuineIntel CPU 型号: Intel(R) Core(TM) i7-4770 CPU @ 3.40GHz
  内存条厂家: Kingston 内存条型号: 99P5471-043.A00LF 
  内存条厂家: Kingston 内存条型号: 99P5471-043.A00LF 
  硬盘厂家: (标准磁盘驱动器) 硬盘型号: Micron_1300_MTFDDAK256TDL ATA Device
  硬盘厂家: (标准磁盘驱动器) 硬盘型号: Generic Flash Disk USB Device
==========================================================================
2023-04-15 21:23:01,462 [AppLog] INFO : 开启系统：板卡通讯，伺服供电，照明系统，UV/HR固化系统！
2023-04-15 21:23:01,462 [AppLog] INFO : 开启系统：一键启动系统开始！
2023-04-15 21:23:07,562 [AppLog] INFO : 开启系统：一键启动系统结束！
2023-04-15 21:23:07,562 [AppLog] INFO : 初始化喷墨控制器启动！
2023-04-15 21:23:31,040 [AppLog] INFO : 打开喷墨控制器设备成功！
2023-04-15 21:23:31,071 [AppLog] INFO : 输入校准值1次{成功}，打印往返差校准值为：BiDirEncPrtOff{5},分频值{8},打印速度{300mm/s}
2023-04-15 21:25:03,891 [AppLog] INFO : 初始化喷墨控制器成功！
2023-04-15 21:25:03,891 [AppLog] INFO : 进入：EquipmentMotionLogic3=》准备创建对象-手动操作！
2023-04-15 21:25:04,063 [AppLog] INFO : 进入：EquipmentMotionLogic3=》创建完成-手动操作！
2023-04-15 21:25:04,188 [AppLog] INFO : 红外灯控制器485通讯建立！
2023-04-15 21:25:04,188 [AppLog] INFO : 进入电气控制模块
2023-04-15 21:25:05,295 [AppLog] INFO : 退出电气控制模块
2023-04-15 21:25:05,872 [AppLog] INFO : 开启系统：板卡通讯，伺服供电，照明系统，UV/HR固化系统！
2023-04-15 21:25:06,512 [AppLog] INFO : 关闭系统：一键关闭系统开始！
2023-04-15 21:25:12,680 [AppLog] INFO : 关闭系统：一键关闭系统结束！
2023-04-15 21:25:12,689 [AppLog] INFO : 喷墨控制器的所有轴输出关闭！
2023-04-15 21:25:12,811 [AppLog] INFO : 喷墨控制器关闭！
2023-04-15 21:25:12,812 [AppLog] INFO : 进入电气控制模块
2023-04-15 21:25:13,996 [AppLog] INFO : 退出电气控制模块
2023-04-15 21:25:16,171 [AppLog] INFO : 软件及设备关停中：墨车所有方向运动确认停止（X,Y,Y2)： bImmeStop{False},nAxisMask{0x7}
2023-04-15 21:25:16,172 [AppLog] INFO : 软件及设备关停中：喷墨控制器板卡系统关闭（X,Y,Y2)：DEV_CloseDevice
2023-04-15 21:25:16,823 [AppLog] INFO : 软件及设备关停成功
==========================================================================
操作系统:{Microsoft Windows 7 旗舰版 }
运行环境:{ .Net Framework Enviroment Version 4.0.30319.42000}
盘符：D
CPU使用率：{22.00395%} ，可用内存大小:{13900MB}，硬盘剩余空间：
  盘符 C:\ 的剩余空间：70 GB
  盘符 D:\ 的剩余空间：88 GB
  盘符 F:\ 的剩余空间：3 GB
==========================================================================
2023-04-15 21:25:38,344 [AppLog] INFO : 软件开机密码正确，登录成功1次
==========================================================================
操作系统:{Microsoft Windows 7 旗舰版 }
运行环境:{ .Net Framework Enviroment Version 4.0.30319.42000}
盘符：D
CPU使用率：{45.94325%} ，可用内存大小:{13778MB}，硬盘剩余空间：
  盘符 C:\ 的剩余空间：70 GB
  盘符 D:\ 的剩余空间：88 GB
  盘符 F:\ 的剩余空间：3 GB
硬件配置情况：
  CPU 厂家: GenuineIntel CPU 型号: Intel(R) Core(TM) i7-4770 CPU @ 3.40GHz
  内存条厂家: Kingston 内存条型号: 99P5471-043.A00LF 
  内存条厂家: Kingston 内存条型号: 99P5471-043.A00LF 
  硬盘厂家: (标准磁盘驱动器) 硬盘型号: Micron_1300_MTFDDAK256TDL ATA Device
  硬盘厂家: (标准磁盘驱动器) 硬盘型号: Generic Flash Disk USB Device
==========================================================================
2023-04-15 21:25:44,435 [AppLog] INFO : 开启系统：板卡通讯，伺服供电，照明系统，UV/HR固化系统！
2023-04-15 21:25:44,436 [AppLog] INFO : 开启系统：一键启动系统开始！
2023-04-15 21:25:50,444 [AppLog] INFO : 开启系统：一键启动系统结束！
2023-04-15 21:25:50,445 [AppLog] INFO : 初始化喷墨控制器启动！
2023-04-15 21:26:09,607 [AppLog] INFO : 打开喷墨控制器设备成功！
2023-04-15 21:26:09,645 [AppLog] INFO : 输入校准值1次{成功}，打印往返差校准值为：BiDirEncPrtOff{5},分频值{8},打印速度{300mm/s}
2023-04-15 21:26:41,941 [AppLog] INFO : 初始化喷墨控制器成功！
2023-04-15 21:26:41,941 [AppLog] INFO : 进入：EquipmentMotionLogic3=》准备创建对象-手动操作！
2023-04-15 21:26:42,097 [AppLog] INFO : 进入：EquipmentMotionLogic3=》创建完成-手动操作！
2023-04-15 21:26:42,222 [AppLog] INFO : 红外灯控制器485通讯建立！
2023-04-15 21:26:42,222 [AppLog] INFO : 进入电气控制模块
2023-04-15 21:26:42,846 [AppLog] INFO : 退出电气控制模块
2023-04-15 21:26:43,501 [AppLog] INFO : 进入手动调试子模块！
2023-04-15 21:26:43,501 [AppLog] INFO : 进入：ManulBtn_Click=》准备创建对象-手动操作！
2023-04-15 21:26:43,532 [AppLog] INFO : 创建：ManualControl=》创建完成-手动操作！
2023-04-15 21:26:43,532 [AppLog] INFO : 加载成功：温控Modbus接口！
2023-04-15 21:26:50,771 [AppLog] INFO : 开启墨车回零校准：PrintCarHomeBtn_Click
2023-04-15 21:26:50,771 [AppLog] INFO : 开启墨车回零校准线程：InkCarEncoderResetThread
2023-04-15 21:27:11,223 [AppLog] INFO : 墨车回零校准线程成功：InkCarEncoderResetThread
2023-04-15 21:27:13,329 [AppLog] INFO : 墨车回零校准线程失败：InkCarEncoderResetThread
2023-04-15 21:27:13,734 [AppLog] INFO : 手动控制墨车运动开启：沿Y轴后侧方向运动 ↓↓↓：nAxis{{1}},Dir{{true}},nPlsSpeed{{{nSpeed}}},nPlsCount{{750000}},cControlFlag{{{nCtlValue}}}
2023-04-15 21:27:15,107 [AppLog] INFO : 手动控制墨车运动带减速停止：沿Y轴方向运动 ↑↑↑↓↓↓ ====: bImmeStop{{false}},nAxisMask{{0x2}}
2023-04-15 21:27:16,807 [AppLog] INFO : IR固化手动出光模式：WriteSingleRegister：SlaveNumber{1}RegisterAddress{132}RegisterValue{1}
2023-04-15 21:27:16,870 [AppLog] INFO : IR固化停止出光成功：WriteSingleRegister：SlaveNumber{1}RegisterAddress{121}目标温度{0 ℃}
2023-04-15 21:27:17,603 [AppLog] INFO : 退出手动调试子模块,已执行修改
==========================================================================
2023-04-15 21:27:18,945 [AppLog] INFO : 开启系统：板卡通讯，伺服供电，照明系统，UV/HR固化系统！
2023-04-15 21:27:19,647 [AppLog] INFO : 关闭系统：一键关闭系统开始！
2023-04-15 21:27:25,871 [AppLog] INFO : 关闭系统：一键关闭系统结束！
2023-04-15 21:27:25,871 [AppLog] INFO : 喷墨控制器的所有轴输出关闭！
2023-04-15 21:27:26,401 [AppLog] INFO : 进入手动调试子模块！
2023-04-15 21:27:26,401 [AppLog] INFO : 进入：ManulBtn_Click=》准备创建对象-手动操作！
2023-04-15 21:27:26,433 [AppLog] INFO : 创建：ManualControl=》创建完成-手动操作！
2023-04-15 21:27:26,433 [AppLog] INFO : 加载成功：温控Modbus接口！
2023-04-15 21:27:28,008 [AppLog] INFO : 喷墨控制器关闭！
2023-04-15 21:27:28,008 [AppLog] INFO : 进入电气控制模块
2023-04-15 21:27:29,069 [AppLog] INFO : 退出电气控制模块
2023-04-15 21:27:29,740 [AppLog] INFO : 退出手动调试子模块,已执行修改
==========================================================================
2023-04-15 21:27:31,128 [AppLog] INFO : 软件及设备关停中止：手动取消关停
2023-04-15 21:27:31,659 [AppLog] INFO : 进入手动调试子模块！
2023-04-15 21:27:31,659 [AppLog] INFO : 进入：ManulBtn_Click=》准备创建对象-手动操作！
2023-04-15 21:27:31,690 [AppLog] INFO : 创建：ManualControl=》创建完成-手动操作！
2023-04-15 21:27:31,690 [AppLog] INFO : 加载成功：温控Modbus接口！
2023-04-15 21:27:33,640 [AppLog] INFO : 退出手动调试子模块,已执行修改
==========================================================================
2023-04-15 21:27:34,903 [AppLog] INFO : 软件及设备关停中：墨车所有方向运动确认停止（X,Y,Y2)： bImmeStop{False},nAxisMask{0x7}
2023-04-15 21:27:34,919 [AppLog] INFO : 软件及设备关停中：喷墨控制器板卡系统关闭（X,Y,Y2)：DEV_CloseDevice
2023-04-15 21:27:35,590 [AppLog] INFO : 软件及设备关停成功
==========================================================================
操作系统:{Microsoft Windows 7 旗舰版 }
运行环境:{ .Net Framework Enviroment Version 4.0.30319.42000}
盘符：D
CPU使用率：{0%} ，可用内存大小:{13870MB}，硬盘剩余空间：
  盘符 C:\ 的剩余空间：70 GB
  盘符 D:\ 的剩余空间：88 GB
  盘符 F:\ 的剩余空间：3 GB
==========================================================================
