2023-07-15 12:00:01,487 [AppLog] INFO : 关闭手动压墨上墨：PushInkBtn_Click
2023-07-15 12:00:13,515 [AppLog] INFO : 退出手动调试子模块,已执行修改
==========================================================================
2023-07-15 12:00:14,779 [AppLog] INFO : 进入手动调试子模块！
2023-07-15 12:00:14,779 [AppLog] INFO : 进入：ManulBtn_Click=》准备创建对象-手动操作！
2023-07-15 12:00:14,810 [AppLog] INFO : 创建：ManualControl=》创建完成-手动操作！
2023-07-15 12:00:14,810 [AppLog] INFO : 加载成功：温控Modbus接口！
2023-07-15 12:00:21,175 [AppLog] INFO : 开启手动压墨上墨：PushInkBtn_Click
2023-07-15 12:00:21,175 [AppLog] INFO : 开启手动压墨上墨：PushInkBtn_Click
2023-07-15 12:00:22,438 [AppLog] INFO : 关闭手动压墨上墨：PushInkBtn_Click
2023-07-15 12:00:37,196 [AppLog] INFO : 开启手动压墨上墨：PushInkBtn_Click
2023-07-15 12:00:37,196 [AppLog] INFO : 开启手动压墨上墨：PushInkBtn_Click
2023-07-15 12:00:38,459 [AppLog] INFO : 关闭手动压墨上墨：PushInkBtn_Click
2023-07-15 12:00:48,818 [AppLog] INFO : 退出手动调试子模块,已执行修改
==========================================================================
2023-07-15 12:00:49,754 [AppLog] INFO : 进入手动调试子模块！
2023-07-15 12:00:49,770 [AppLog] INFO : 进入：ManulBtn_Click=》准备创建对象-手动操作！
2023-07-15 12:00:49,801 [AppLog] INFO : 创建：ManualControl=》创建完成-手动操作！
2023-07-15 12:00:49,801 [AppLog] INFO : 加载成功：温控Modbus接口！
2023-07-15 12:01:01,938 [AppLog] INFO : 开启手动压墨上墨：PushInkBtn_Click
2023-07-15 12:01:01,938 [AppLog] INFO : 开启手动压墨上墨：PushInkBtn_Click
2023-07-15 12:01:03,248 [AppLog] INFO : 关闭手动压墨上墨：PushInkBtn_Click
2023-07-15 12:02:00,687 [AppLog] INFO : 开启手动压墨上墨：PushInkBtn_Click
2023-07-15 12:02:00,687 [AppLog] INFO : 开启手动压墨上墨：PushInkBtn_Click
2023-07-15 12:02:01,998 [AppLog] INFO : 关闭手动压墨上墨：PushInkBtn_Click
2023-07-15 12:02:45,272 [AppLog] INFO : 开启手动压墨上墨：PushInkBtn_Click
2023-07-15 12:02:45,272 [AppLog] INFO : 开启手动压墨上墨：PushInkBtn_Click
2023-07-15 12:02:46,583 [AppLog] INFO : 关闭手动压墨上墨：PushInkBtn_Click
2023-07-15 12:03:10,856 [AppLog] INFO : 退出手动调试子模块,已执行修改
==========================================================================
2023-07-15 12:03:12,588 [AppLog] INFO : 进入手动调试子模块！
2023-07-15 12:03:12,588 [AppLog] INFO : 进入：ManulBtn_Click=》准备创建对象-手动操作！
2023-07-15 12:03:12,635 [AppLog] INFO : 创建：ManualControl=》创建完成-手动操作！
2023-07-15 12:03:12,635 [AppLog] INFO : 加载成功：温控Modbus接口！
2023-07-15 12:03:13,805 [AppLog] INFO : 退出手动调试子模块,已执行修改
==========================================================================
2023-07-15 12:03:15,006 [AppLog] INFO : 进入手动调试子模块！
2023-07-15 12:03:15,006 [AppLog] INFO : 进入：ManulBtn_Click=》准备创建对象-手动操作！
2023-07-15 12:03:15,037 [AppLog] INFO : 创建：ManualControl=》创建完成-手动操作！
2023-07-15 12:03:15,053 [AppLog] INFO : 加载成功：温控Modbus接口！
2023-07-15 12:04:09,247 [AppLog] INFO : 开启手动压墨上墨：PushInkBtn_Click
2023-07-15 12:04:09,247 [AppLog] INFO : 开启手动压墨上墨：PushInkBtn_Click
2023-07-15 12:04:10,557 [AppLog] INFO : 关闭手动压墨上墨：PushInkBtn_Click
2023-07-15 12:04:17,515 [AppLog] INFO : 开启手动压墨上墨：PushInkBtn_Click
2023-07-15 12:04:17,515 [AppLog] INFO : 开启手动压墨上墨：PushInkBtn_Click
2023-07-15 12:04:18,825 [AppLog] INFO : 关闭手动压墨上墨：PushInkBtn_Click
2023-07-15 12:04:48,403 [AppLog] INFO : 进入气压控制卡参数监控状态时
2023-07-15 12:04:48,466 [AppLog] INFO : 进入气压控制卡参数设置状态时
2023-07-15 12:05:17,731 [AppLog] INFO : 进入气压控制卡参数监控状态时
2023-07-15 12:05:50,210 [AppLog] INFO : 更新气压控制卡参数：DEV_AdibControl:二级墨盒加热电压：{12V}；MCU_SetPhVoltage:二级墨盒加热温度：{25℃}MCU_SetPhVoltage:负压目标值：{System.Single[]kPa}MCU_SetPhVoltage:负压阈值：{0.1kPa}
2023-07-15 12:05:55,156 [AppLog] INFO : 开启手动压墨上墨：PushInkBtn_Click
2023-07-15 12:05:55,156 [AppLog] INFO : 开启手动压墨上墨：PushInkBtn_Click
2023-07-15 12:05:56,466 [AppLog] INFO : 关闭手动压墨上墨：PushInkBtn_Click
2023-07-15 12:06:04,126 [AppLog] INFO : 开启手动压墨上墨：PushInkBtn_Click
2023-07-15 12:06:05,280 [AppLog] INFO : 停止手动压墨上墨：PushInkBtn_Click
2023-07-15 12:06:07,620 [AppLog] INFO : 开启手动压墨上墨：PushInkBtn_Click
2023-07-15 12:06:09,149 [AppLog] INFO : 停止手动压墨上墨：PushInkBtn_Click
2023-07-15 12:06:13,298 [AppLog] INFO : 开启手动压墨上墨：PushInkBtn_Click
2023-07-15 12:06:14,468 [AppLog] INFO : 停止手动压墨上墨：PushInkBtn_Click
2023-07-15 12:06:15,311 [AppLog] INFO : 开启手动压墨上墨：PushInkBtn_Click
2023-07-15 12:06:15,966 [AppLog] INFO : 停止手动压墨上墨：PushInkBtn_Click
2023-07-15 12:06:23,360 [AppLog] INFO : 开启手动压墨上墨：PushInkBtn_Click
2023-07-15 12:06:24,686 [AppLog] INFO : 停止手动压墨上墨：PushInkBtn_Click
2023-07-15 12:06:25,373 [AppLog] INFO : 开启手动压墨上墨：PushInkBtn_Click
2023-07-15 12:06:25,934 [AppLog] INFO : 停止手动压墨上墨：PushInkBtn_Click
2023-07-15 12:06:29,928 [AppLog] INFO : 开启手动压墨上墨：PushInkBtn_Click
2023-07-15 12:06:30,911 [AppLog] INFO : 停止手动压墨上墨：PushInkBtn_Click
2023-07-15 12:07:19,458 [AppLog] INFO : 更新气压控制卡参数：DEV_AdibControl:二级墨盒加热电压：{12V}；MCU_SetPhVoltage:二级墨盒加热温度：{25℃}MCU_SetPhVoltage:负压目标值：{System.Single[]kPa}MCU_SetPhVoltage:负压阈值：{0.1kPa}
2023-07-15 12:07:32,266 [AppLog] INFO : 开启手动压墨上墨：PushInkBtn_Click
2023-07-15 12:07:33,155 [AppLog] INFO : 停止手动压墨上墨：PushInkBtn_Click
2023-07-15 12:08:14,230 [AppLog] INFO : 更新气压控制卡参数：DEV_AdibControl:二级墨盒加热电压：{12V}；MCU_SetPhVoltage:二级墨盒加热温度：{25℃}MCU_SetPhVoltage:负压目标值：{System.Single[]kPa}MCU_SetPhVoltage:负压阈值：{0.1kPa}
2023-07-15 12:08:24,807 [AppLog] INFO : 开启手动压墨上墨：PushInkBtn_Click
2023-07-15 12:08:26,024 [AppLog] INFO : 停止手动压墨上墨：PushInkBtn_Click
2023-07-15 12:08:38,753 [AppLog] INFO : 开启手动压墨上墨：PushInkBtn_Click
2023-07-15 12:08:38,753 [AppLog] INFO : 开启手动压墨上墨：PushInkBtn_Click
2023-07-15 12:08:40,064 [AppLog] INFO : 关闭手动压墨上墨：PushInkBtn_Click
2023-07-15 12:08:46,616 [AppLog] INFO : 开启手动压墨上墨：PushInkBtn_Click
2023-07-15 12:08:46,616 [AppLog] INFO : 开启手动压墨上墨：PushInkBtn_Click
2023-07-15 12:08:47,926 [AppLog] INFO : 关闭手动压墨上墨：PushInkBtn_Click
2023-07-15 12:08:52,325 [AppLog] INFO : 开启手动压墨上墨：PushInkBtn_Click
2023-07-15 12:08:52,325 [AppLog] INFO : 开启手动压墨上墨：PushInkBtn_Click
2023-07-15 12:08:53,636 [AppLog] INFO : 关闭手动压墨上墨：PushInkBtn_Click
2023-07-15 12:08:54,026 [AppLog] INFO : 开启手动压墨上墨：PushInkBtn_Click
2023-07-15 12:08:54,026 [AppLog] INFO : 开启手动压墨上墨：PushInkBtn_Click
2023-07-15 12:08:55,336 [AppLog] INFO : 关闭手动压墨上墨：PushInkBtn_Click
2023-07-15 12:08:59,314 [AppLog] INFO : 开启手动压墨上墨：PushInkBtn_Click
2023-07-15 12:08:59,314 [AppLog] INFO : 开启手动压墨上墨：PushInkBtn_Click
2023-07-15 12:09:00,624 [AppLog] INFO : 关闭手动压墨上墨：PushInkBtn_Click
2023-07-15 12:09:01,108 [AppLog] INFO : 开启手动压墨上墨：PushInkBtn_Click
2023-07-15 12:09:01,108 [AppLog] INFO : 开启手动压墨上墨：PushInkBtn_Click
2023-07-15 12:09:02,434 [AppLog] INFO : 关闭手动压墨上墨：PushInkBtn_Click
2023-07-15 12:09:08,159 [AppLog] INFO : 开启手动压墨上墨：PushInkBtn_Click
2023-07-15 12:09:08,175 [AppLog] INFO : 开启手动压墨上墨：PushInkBtn_Click
2023-07-15 12:09:09,485 [AppLog] INFO : 关闭手动压墨上墨：PushInkBtn_Click
2023-07-15 12:09:22,667 [AppLog] INFO : 开启手动压墨上墨：PushInkBtn_Click
2023-07-15 12:09:22,667 [AppLog] INFO : 开启手动压墨上墨：PushInkBtn_Click
2023-07-15 12:09:23,978 [AppLog] INFO : 关闭手动压墨上墨：PushInkBtn_Click
2023-07-15 12:09:23,993 [AppLog] INFO : 开启手动压墨上墨：PushInkBtn_Click
2023-07-15 12:09:23,993 [AppLog] INFO : 开启手动压墨上墨：PushInkBtn_Click
2023-07-15 12:09:25,304 [AppLog] INFO : 关闭手动压墨上墨：PushInkBtn_Click
2023-07-15 12:14:22,047 [AppLog] INFO : 退出手动调试子模块，未执行修改
==========================================================================
2023-07-15 12:14:23,327 [AppLog] INFO : 开启系统：板卡通讯，伺服供电，照明系统，UV/HR固化系统！
2023-07-15 12:14:24,309 [AppLog] INFO : 关闭系统：一键关闭系统开始！
2023-07-15 12:14:30,534 [AppLog] INFO : 关闭系统：一键关闭系统结束！
2023-07-15 12:14:30,534 [AppLog] INFO : 喷墨控制器的所有轴输出关闭！
2023-07-15 12:14:33,981 [AppLog] INFO : 喷墨控制器关闭！
2023-07-15 12:14:33,981 [AppLog] INFO : 创建：AutoPrintMotion0=》不需重新创建-手动操作！
2023-07-15 12:14:33,997 [AppLog] INFO : 进入电气控制模块
2023-07-15 12:14:36,243 [AppLog] INFO : 退出电气控制模块
2023-07-15 12:14:38,646 [AppLog] INFO : 软件及设备关停中：墨车所有方向运动确认停止（X,Y,Y2)： bImmeStop{False},nAxisMask{0x7}
2023-07-15 12:14:38,661 [AppLog] INFO : 软件及设备关停中：喷墨控制器板卡系统关闭（X,Y,Y2)：DEV_CloseDevice
2023-07-15 12:14:39,332 [AppLog] INFO : 软件及设备关停成功
==========================================================================
操作系统:{Microsoft Windows 7 旗舰版 }
运行环境:{ .Net Framework Enviroment Version 4.0.30319.42000}
盘符：D
CPU使用率：{5.356588%} ，可用内存大小:{14018MB}，硬盘剩余空间：
  盘符 C:\ 的剩余空间：70 GB
  盘符 D:\ 的剩余空间：81 GB
  盘符 E:\ 的剩余空间：0 GB
==========================================================================
