2023-03-06 14:41:38,502 [AppLog] INFO : 软件开机密码正确，登录成功1次
==========================================================================
操作系统:{Microsoft Windows 7 旗舰版 }
运行环境:{ .Net Framework Enviroment Version 4.0.30319.42000}
盘符：D
CPU使用率：{12.49961%} ，可用内存大小:{14442MB}，硬盘剩余空间：
  盘符 C:\ 的剩余空间：82 GB
  盘符 D:\ 的剩余空间：94 GB
硬件配置情况：
  CPU 厂家: GenuineIntel CPU 型号: Intel(R) Core(TM) i7-4770 CPU @ 3.40GHz
  内存条厂家: Kingston 内存条型号: 99P5471-043.A00LF 
  内存条厂家: Kingston 内存条型号: 99P5471-043.A00LF 
  硬盘厂家: (标准磁盘驱动器) 硬盘型号: Micron_1300_MTFDDAK256TDL ATA Device
==========================================================================
2023-03-06 14:41:38,518 [AppLog] INFO : 开启系统：板卡通讯，伺服供电，照明系统，UV/HR固化系统！
2023-03-06 14:41:38,518 [AppLog] INFO : 开启系统：一键启动系统开始！
2023-03-06 14:41:44,602 [AppLog] INFO : 开启系统：一键启动系统结束！
2023-03-06 14:42:09,952 [AppLog] INFO : 初始化喷墨控制器！
2023-03-06 14:42:10,248 [AppLog] INFO : 红外灯控制器485通讯建立！
2023-03-06 14:42:10,248 [AppLog] INFO : 进入电气控制模块
2023-03-06 14:42:11,512 [AppLog] INFO : 退出电气控制模块
2023-03-06 14:42:12,557 [AppLog] INFO : 进入手动调试子模块！
2023-03-06 14:42:18,173 [AppLog] INFO : 开启手动冲洗喷头：CleanBtn_Click
2023-03-06 14:42:39,155 [AppLog] INFO : 关闭手动冲洗喷头：CleanBtn_Click
2023-03-06 14:42:41,386 [AppLog] INFO : 退出手动调试子模块，未执行修改
==========================================================================
2023-03-06 14:42:48,297 [AppLog] INFO : 开启系统：板卡通讯，伺服供电，照明系统，UV/HR固化系统！
2023-03-06 14:42:49,108 [AppLog] INFO : 关闭系统：一键关闭系统开始！
2023-03-06 14:42:55,332 [AppLog] INFO : 关闭系统：一键关闭系统结束！
2023-03-06 14:42:55,348 [AppLog] INFO : 喷墨控制器的所有轴输出关闭！
2023-03-06 14:42:55,348 [AppLog] INFO : 喷墨控制器关闭！
2023-03-06 14:42:55,364 [AppLog] INFO : 进入电气控制模块
2023-03-06 14:42:58,250 [AppLog] INFO : 退出电气控制模块
2023-03-06 14:43:00,278 [AppLog] INFO : 软件及设备关停中：墨车所有方向运动确认停止（X,Y,Y2)： bImmeStop{False},nAxisMask{0x7}
2023-03-06 14:43:00,278 [AppLog] INFO : 软件及设备关停中：喷墨控制器板卡系统关闭（X,Y,Y2)：DEV_CloseDevice
2023-03-06 14:43:00,917 [AppLog] INFO : 软件及设备关停成功
==========================================================================
操作系统:{Microsoft Windows 7 旗舰版 }
运行环境:{ .Net Framework Enviroment Version 4.0.30319.42000}
盘符：D
CPU使用率：{41.07117%} ，可用内存大小:{14418MB}，硬盘剩余空间：
  盘符 C:\ 的剩余空间：82 GB
  盘符 D:\ 的剩余空间：94 GB
==========================================================================
