2023-04-07 15:32:32,403 [AppLog] INFO : 软件开机密码正确，登录成功1次
==========================================================================
操作系统:{Microsoft Windows 7 旗舰版 }
运行环境:{ .Net Framework Enviroment Version 4.0.30319.42000}
盘符：D
CPU使用率：{0%} ，可用内存大小:{14298MB}，硬盘剩余空间：
  盘符 C:\ 的剩余空间：70 GB
  盘符 D:\ 的剩余空间：88 GB
  盘符 F:\ 的剩余空间：3 GB
硬件配置情况：
  CPU 厂家: GenuineIntel CPU 型号: Intel(R) Core(TM) i7-4770 CPU @ 3.40GHz
  内存条厂家: Kingston 内存条型号: 99P5471-043.A00LF 
  内存条厂家: Kingston 内存条型号: 99P5471-043.A00LF 
  硬盘厂家: (标准磁盘驱动器) 硬盘型号: Micron_1300_MTFDDAK256TDL ATA Device
  硬盘厂家: (标准磁盘驱动器) 硬盘型号: Generic Flash Disk USB Device
==========================================================================
2023-04-07 15:32:32,419 [AppLog] INFO : 开启系统：板卡通讯，伺服供电，照明系统，UV/HR固化系统！
2023-04-07 15:32:32,421 [AppLog] INFO : 开启系统：一键启动系统开始！
2023-04-07 15:32:38,428 [AppLog] INFO : 开启系统：一键启动系统结束！
2023-04-07 15:32:38,433 [AppLog] INFO : 初始化喷墨控制器启动！
2023-04-07 15:32:57,611 [AppLog] INFO : 打开喷墨控制器设备成功！
2023-04-07 15:33:01,728 [AppLog] INFO : 初始化喷墨控制器成功！
2023-04-07 15:33:01,728 [AppLog] INFO : 进入：EquipmentMotionLogic3=》准备创建对象-手动操作！
2023-04-07 15:33:01,913 [AppLog] INFO : 进入：EquipmentMotionLogic3=》创建完成-手动操作！
2023-04-07 15:33:02,050 [AppLog] INFO : 红外灯控制器485通讯建立！
2023-04-07 15:33:02,052 [AppLog] INFO : 进入电气控制模块
2023-04-07 15:33:03,225 [AppLog] INFO : 电气控制模块：手动打开端口14
2023-04-07 15:33:03,864 [AppLog] INFO : 电气控制模块：手动打开端口15
2023-04-07 15:33:04,604 [AppLog] INFO : 退出电气控制模块
2023-04-07 15:33:05,337 [AppLog] INFO : 进入手动调试子模块！
2023-04-07 15:33:05,337 [AppLog] INFO : 进入：ManulBtn_Click=》准备创建对象-手动操作！
2023-04-07 15:33:05,367 [AppLog] INFO : 创建：ManualControl=》创建完成-手动操作！
2023-04-07 15:33:05,367 [AppLog] INFO : 加载成功：温控Modbus接口！
2023-04-07 15:33:14,188 [AppLog] INFO : 手动负向JOG指令（8轴运控板卡系统） ====》：输出AXIS{第7轴},运动速度{1MM/s}
2023-04-07 15:33:14,255 [AppLog] INFO : 手动停止JOG输出（8轴运控板卡系统） ====》：输出AXIS{第7轴}
2023-04-07 15:33:14,582 [AppLog] INFO : 手动负向JOG指令（8轴运控板卡系统） ====》：输出AXIS{第7轴},运动速度{1MM/s}
2023-04-07 15:33:14,822 [AppLog] INFO : 手动停止JOG输出（8轴运控板卡系统） ====》：输出AXIS{第7轴}
2023-04-07 15:33:15,100 [AppLog] INFO : 手动负向JOG指令（8轴运控板卡系统） ====》：输出AXIS{第7轴},运动速度{1MM/s}
2023-04-07 15:33:15,238 [AppLog] INFO : 手动停止JOG输出（8轴运控板卡系统） ====》：输出AXIS{第7轴}
2023-04-07 15:33:16,046 [AppLog] INFO : 手动负向JOG指令（8轴运控板卡系统） ====》：输出AXIS{第7轴},运动速度{1MM/s}
2023-04-07 15:33:16,191 [AppLog] INFO : 手动停止JOG输出（8轴运控板卡系统） ====》：输出AXIS{第7轴}
2023-04-07 15:33:17,054 [AppLog] INFO : 手动负向JOG指令（8轴运控板卡系统） ====》：输出AXIS{第7轴},运动速度{1MM/s}
2023-04-07 15:33:18,130 [AppLog] INFO : 手动停止JOG输出（8轴运控板卡系统） ====》：输出AXIS{第7轴}
2023-04-07 15:33:18,294 [AppLog] INFO : 手动负向JOG指令（8轴运控板卡系统） ====》：输出AXIS{第7轴},运动速度{1MM/s}
2023-04-07 15:33:23,930 [AppLog] INFO : 手动停止JOG输出（8轴运控板卡系统） ====》：输出AXIS{第7轴}
2023-04-07 15:33:24,038 [AppLog] INFO : 手动负向JOG指令（8轴运控板卡系统） ====》：输出AXIS{第7轴},运动速度{1MM/s}
2023-04-07 15:33:24,874 [AppLog] INFO : 手动停止JOG输出（8轴运控板卡系统） ====》：输出AXIS{第7轴}
2023-04-07 15:33:25,100 [AppLog] INFO : 手动负向JOG指令（8轴运控板卡系统） ====》：输出AXIS{第7轴},运动速度{1MM/s}
2023-04-07 15:33:26,088 [AppLog] INFO : 手动停止JOG输出（8轴运控板卡系统） ====》：输出AXIS{第7轴}
2023-04-07 15:33:26,271 [AppLog] INFO : 手动负向JOG指令（8轴运控板卡系统） ====》：输出AXIS{第7轴},运动速度{1MM/s}
2023-04-07 15:33:26,897 [AppLog] INFO : 手动停止JOG输出（8轴运控板卡系统） ====》：输出AXIS{第7轴}
2023-04-07 15:33:27,029 [AppLog] INFO : 手动负向JOG指令（8轴运控板卡系统） ====》：输出AXIS{第7轴},运动速度{1MM/s}
2023-04-07 15:33:33,949 [AppLog] INFO : 手动停止JOG输出（8轴运控板卡系统） ====》：输出AXIS{第7轴}
2023-04-07 15:33:34,244 [AppLog] INFO : 手动负向JOG指令（8轴运控板卡系统） ====》：输出AXIS{第7轴},运动速度{1MM/s}
2023-04-07 15:33:34,556 [AppLog] INFO : 手动停止JOG输出（8轴运控板卡系统） ====》：输出AXIS{第7轴}
2023-04-07 15:33:38,237 [AppLog] INFO : 手动负向JOG指令（8轴运控板卡系统） ====》：输出AXIS{第7轴},运动速度{10MM/s}
2023-04-07 15:33:38,553 [AppLog] INFO : 手动停止JOG输出（8轴运控板卡系统） ====》：输出AXIS{第7轴}
2023-04-07 15:33:38,776 [AppLog] INFO : 手动负向JOG指令（8轴运控板卡系统） ====》：输出AXIS{第7轴},运动速度{10MM/s}
2023-04-07 15:33:42,761 [AppLog] INFO : 手动停止JOG输出（8轴运控板卡系统） ====》：输出AXIS{第7轴}
2023-04-07 15:33:43,145 [AppLog] INFO : 手动负向JOG指令（8轴运控板卡系统） ====》：输出AXIS{第7轴},运动速度{10MM/s}
2023-04-07 15:33:43,559 [AppLog] INFO : 手动停止JOG输出（8轴运控板卡系统） ====》：输出AXIS{第7轴}
2023-04-07 15:33:44,697 [AppLog] INFO : 手动正向JOG指令（8轴运控板卡系统） ====》：输出AXIS{第7轴},运动速度{10MM/s}
2023-04-07 15:33:44,868 [AppLog] INFO : 手动停止JOG输出（8轴运控板卡系统） ====》：输出AXIS{第7轴}
2023-04-07 15:33:46,601 [AppLog] INFO : 手动负向JOG指令（8轴运控板卡系统） ====》：输出AXIS{第7轴},运动速度{10MM/s}
2023-04-07 15:33:47,611 [AppLog] INFO : 手动停止JOG输出（8轴运控板卡系统） ====》：输出AXIS{第7轴}
2023-04-07 15:35:04,669 [AppLog] INFO : 手动负向JOG指令（8轴运控板卡系统） ====》：输出AXIS{第7轴},运动速度{10MM/s}
2023-04-07 15:35:04,856 [AppLog] INFO : 手动停止JOG输出（8轴运控板卡系统） ====》：输出AXIS{第7轴}
2023-04-07 15:35:05,137 [AppLog] INFO : 手动负向JOG指令（8轴运控板卡系统） ====》：输出AXIS{第7轴},运动速度{10MM/s}
2023-04-07 15:35:05,870 [AppLog] INFO : 手动停止JOG输出（8轴运控板卡系统） ====》：输出AXIS{第7轴}
2023-04-07 15:35:06,120 [AppLog] INFO : 手动负向JOG指令（8轴运控板卡系统） ====》：输出AXIS{第7轴},运动速度{10MM/s}
2023-04-07 15:35:06,666 [AppLog] INFO : 手动停止JOG输出（8轴运控板卡系统） ====》：输出AXIS{第7轴}
2023-04-07 15:35:07,368 [AppLog] INFO : 手动正向JOG指令（8轴运控板卡系统） ====》：输出AXIS{第7轴},运动速度{10MM/s}
2023-04-07 15:35:07,555 [AppLog] INFO : 手动停止JOG输出（8轴运控板卡系统） ====》：输出AXIS{第7轴}
2023-04-07 15:35:07,867 [AppLog] INFO : 手动正向JOG指令（8轴运控板卡系统） ====》：输出AXIS{第7轴},运动速度{10MM/s}
2023-04-07 15:35:08,288 [AppLog] INFO : 手动停止JOG输出（8轴运控板卡系统） ====》：输出AXIS{第7轴}
2023-04-07 15:35:08,725 [AppLog] INFO : 手动负向JOG指令（8轴运控板卡系统） ====》：输出AXIS{第7轴},运动速度{10MM/s}
2023-04-07 15:35:09,021 [AppLog] INFO : 手动停止JOG输出（8轴运控板卡系统） ====》：输出AXIS{第7轴}
2023-04-07 15:35:09,489 [AppLog] INFO : 手动负向JOG指令（8轴运控板卡系统） ====》：输出AXIS{第7轴},运动速度{10MM/s}
2023-04-07 15:35:10,441 [AppLog] INFO : 手动停止JOG输出（8轴运控板卡系统） ====》：输出AXIS{第7轴}
2023-04-07 15:35:10,613 [AppLog] INFO : 手动负向JOG指令（8轴运控板卡系统） ====》：输出AXIS{第7轴},运动速度{10MM/s}
2023-04-07 15:35:11,954 [AppLog] INFO : 手动停止JOG输出（8轴运控板卡系统） ====》：输出AXIS{第7轴}
2023-04-07 15:35:12,266 [AppLog] INFO : 手动负向JOG指令（8轴运控板卡系统） ====》：输出AXIS{第7轴},运动速度{10MM/s}
2023-04-07 15:35:12,625 [AppLog] INFO : 手动停止JOG输出（8轴运控板卡系统） ====》：输出AXIS{第7轴}
2023-04-07 15:35:13,374 [AppLog] INFO : 手动正向JOG指令（8轴运控板卡系统） ====》：输出AXIS{第7轴},运动速度{10MM/s}
2023-04-07 15:35:13,748 [AppLog] INFO : 手动停止JOG输出（8轴运控板卡系统） ====》：输出AXIS{第7轴}
2023-04-07 15:35:14,388 [AppLog] INFO : 手动负向JOG指令（8轴运控板卡系统） ====》：输出AXIS{第7轴},运动速度{10MM/s}
2023-04-07 15:35:14,684 [AppLog] INFO : 手动停止JOG输出（8轴运控板卡系统） ====》：输出AXIS{第7轴}
2023-04-07 15:35:14,871 [AppLog] INFO : 手动负向JOG指令（8轴运控板卡系统） ====》：输出AXIS{第7轴},运动速度{10MM/s}
2023-04-07 15:35:16,416 [AppLog] INFO : 手动停止JOG输出（8轴运控板卡系统） ====》：输出AXIS{第7轴}
2023-04-07 15:35:16,572 [AppLog] INFO : 手动负向JOG指令（8轴运控板卡系统） ====》：输出AXIS{第7轴},运动速度{10MM/s}
2023-04-07 15:35:18,179 [AppLog] INFO : 手动停止JOG输出（8轴运控板卡系统） ====》：输出AXIS{第7轴}
2023-04-07 15:35:18,350 [AppLog] INFO : 手动负向JOG指令（8轴运控板卡系统） ====》：输出AXIS{第7轴},运动速度{10MM/s}
2023-04-07 15:35:18,787 [AppLog] INFO : 手动停止JOG输出（8轴运控板卡系统） ====》：输出AXIS{第7轴}
2023-04-07 15:35:19,208 [AppLog] INFO : 手动正向JOG指令（8轴运控板卡系统） ====》：输出AXIS{第7轴},运动速度{10MM/s}
2023-04-07 15:35:19,364 [AppLog] INFO : 手动停止JOG输出（8轴运控板卡系统） ====》：输出AXIS{第7轴}
2023-04-07 15:35:19,661 [AppLog] INFO : 手动负向JOG指令（8轴运控板卡系统） ====》：输出AXIS{第7轴},运动速度{10MM/s}
2023-04-07 15:35:19,879 [AppLog] INFO : 手动停止JOG输出（8轴运控板卡系统） ====》：输出AXIS{第7轴}
2023-04-07 15:35:22,812 [AppLog] INFO : 手动负向JOG指令（8轴运控板卡系统） ====》：输出AXIS{第7轴},运动速度{10MM/s}
2023-04-07 15:35:23,093 [AppLog] INFO : 手动停止JOG输出（8轴运控板卡系统） ====》：输出AXIS{第7轴}
2023-04-07 15:35:23,342 [AppLog] INFO : 手动负向JOG指令（8轴运控板卡系统） ====》：输出AXIS{第7轴},运动速度{10MM/s}
2023-04-07 15:35:25,994 [AppLog] INFO : 手动停止JOG输出（8轴运控板卡系统） ====》：输出AXIS{第7轴}
2023-04-07 15:35:26,306 [AppLog] INFO : 手动负向JOG指令（8轴运控板卡系统） ====》：输出AXIS{第7轴},运动速度{10MM/s}
2023-04-07 15:35:26,478 [AppLog] INFO : 手动停止JOG输出（8轴运控板卡系统） ====》：输出AXIS{第7轴}
2023-04-07 15:35:30,783 [AppLog] INFO : 手动正向JOG指令（8轴运控板卡系统） ====》：输出AXIS{第8轴},运动速度{2MM/s}
2023-04-07 15:35:30,846 [AppLog] INFO : 手动停止JOG输出（8轴运控板卡系统） ====》：输出AXIS{第8轴}
2023-04-07 15:35:31,813 [AppLog] INFO : 手动负向JOG指令（8轴运控板卡系统） ====》：输出AXIS{第8轴},运动速度{2MM/s}
2023-04-07 15:35:31,907 [AppLog] INFO : 手动停止JOG输出（8轴运控板卡系统） ====》：输出AXIS{第8轴}
2023-04-07 15:35:32,421 [AppLog] INFO : 手动正向JOG指令（8轴运控板卡系统） ====》：输出AXIS{第8轴},运动速度{2MM/s}
2023-04-07 15:35:32,577 [AppLog] INFO : 手动停止JOG输出（8轴运控板卡系统） ====》：输出AXIS{第8轴}
2023-04-07 15:35:32,780 [AppLog] INFO : 手动正向JOG指令（8轴运控板卡系统） ====》：输出AXIS{第8轴},运动速度{2MM/s}
2023-04-07 15:35:32,889 [AppLog] INFO : 手动停止JOG输出（8轴运控板卡系统） ====》：输出AXIS{第8轴}
2023-04-07 15:35:33,357 [AppLog] INFO : 手动正向JOG指令（8轴运控板卡系统） ====》：输出AXIS{第8轴},运动速度{2MM/s}
2023-04-07 15:35:33,513 [AppLog] INFO : 手动停止JOG输出（8轴运控板卡系统） ====》：输出AXIS{第8轴}
2023-04-07 15:35:35,183 [AppLog] INFO : 手动正向JOG指令（8轴运控板卡系统） ====》：输出AXIS{第3轴},运动速度{1MM/s}
2023-04-07 15:35:35,245 [AppLog] INFO : 手动停止JOG输出（8轴运控板卡系统） ====》：输出AXIS{第3轴}
2023-04-07 15:35:36,431 [AppLog] INFO : 手动正向JOG指令（8轴运控板卡系统） ====》：输出AXIS{第6轴},运动速度{2MM/s}
2023-04-07 15:35:36,477 [AppLog] INFO : 手动停止JOG输出（8轴运控板卡系统） ====》：输出AXIS{第6轴}
2023-04-07 15:35:36,930 [AppLog] INFO : 手动正向JOG指令（8轴运控板卡系统） ====》：输出AXIS{第6轴},运动速度{2MM/s}
2023-04-07 15:35:37,039 [AppLog] INFO : 手动停止JOG输出（8轴运控板卡系统） ====》：输出AXIS{第6轴}
2023-04-07 15:35:38,880 [AppLog] INFO : 手动正向JOG指令（8轴运控板卡系统） ====》：输出AXIS{第7轴},运动速度{10MM/s}
2023-04-07 15:35:39,036 [AppLog] INFO : 手动停止JOG输出（8轴运控板卡系统） ====》：输出AXIS{第7轴}
2023-04-07 15:35:39,987 [AppLog] INFO : 切换为点动模式====》：输出AXIS{第7轴}
2023-04-07 15:35:43,045 [AppLog] INFO : 手动负向点动指令（8轴运控板卡系统） ====》：输出AXIS{第7轴},点动量{1MM},运动速度{10MM/s}
2023-04-07 15:35:44,371 [AppLog] INFO : 手动负向点动指令（8轴运控板卡系统） ====》：输出AXIS{第7轴},点动量{1MM},运动速度{10MM/s}
2023-04-07 15:35:45,401 [AppLog] INFO : 手动负向点动指令（8轴运控板卡系统） ====》：输出AXIS{第7轴},点动量{1MM},运动速度{10MM/s}
2023-04-07 15:35:45,619 [AppLog] INFO : 手动负向点动指令（8轴运控板卡系统） ====》：输出AXIS{第7轴},点动量{1MM},运动速度{10MM/s}
2023-04-07 15:35:45,822 [AppLog] INFO : 手动负向点动指令（8轴运控板卡系统） ====》：输出AXIS{第7轴},点动量{1MM},运动速度{10MM/s}
2023-04-07 15:35:46,633 [AppLog] INFO : 手动负向点动指令（8轴运控板卡系统） ====》：输出AXIS{第7轴},点动量{1MM},运动速度{10MM/s}
2023-04-07 15:35:47,304 [AppLog] INFO : 手动负向点动指令（8轴运控板卡系统） ====》：输出AXIS{第7轴},点动量{1MM},运动速度{10MM/s}
2023-04-07 15:35:47,553 [AppLog] INFO : 手动负向点动指令（8轴运控板卡系统） ====》：输出AXIS{第7轴},点动量{1MM},运动速度{10MM/s}
2023-04-07 15:35:47,912 [AppLog] INFO : 手动负向点动指令（8轴运控板卡系统） ====》：输出AXIS{第7轴},点动量{1MM},运动速度{10MM/s}
2023-04-07 15:35:48,146 [AppLog] INFO : 手动负向点动指令（8轴运控板卡系统） ====》：输出AXIS{第7轴},点动量{1MM},运动速度{10MM/s}
2023-04-07 15:35:48,380 [AppLog] INFO : 手动负向点动指令（8轴运控板卡系统） ====》：输出AXIS{第7轴},点动量{1MM},运动速度{10MM/s}
2023-04-07 15:35:48,895 [AppLog] INFO : 手动负向点动指令（8轴运控板卡系统） ====》：输出AXIS{第7轴},点动量{1MM},运动速度{10MM/s}
2023-04-07 15:35:49,113 [AppLog] INFO : 手动负向点动指令（8轴运控板卡系统） ====》：输出AXIS{第7轴},点动量{1MM},运动速度{10MM/s}
2023-04-07 15:35:49,332 [AppLog] INFO : 手动负向点动指令（8轴运控板卡系统） ====》：输出AXIS{第7轴},点动量{1MM},运动速度{10MM/s}
2023-04-07 15:35:49,581 [AppLog] INFO : 手动负向点动指令（8轴运控板卡系统） ====》：输出AXIS{第7轴},点动量{1MM},运动速度{10MM/s}
2023-04-07 15:35:56,383 [AppLog] INFO : 手动正向点动指令（8轴运控板卡系统） ====》：输出AXIS{第7轴},点动量{1MM},运动速度{10MM/s}
2023-04-07 15:35:56,617 [AppLog] INFO : 手动正向点动指令（8轴运控板卡系统） ====》：输出AXIS{第7轴},点动量{1MM},运动速度{10MM/s}
2023-04-07 15:35:58,411 [AppLog] INFO : 手动负向点动指令（8轴运控板卡系统） ====》：输出AXIS{第7轴},点动量{1MM},运动速度{10MM/s}
2023-04-07 15:35:59,877 [AppLog] INFO : 手动负向点动指令（8轴运控板卡系统） ====》：输出AXIS{第7轴},点动量{1MM},运动速度{10MM/s}
2023-04-07 15:36:00,096 [AppLog] INFO : 手动负向点动指令（8轴运控板卡系统） ====》：输出AXIS{第7轴},点动量{1MM},运动速度{10MM/s}
2023-04-07 15:36:01,703 [AppLog] INFO : 切换为JOG模式====》：输出AXIS{第7轴}
2023-04-07 15:36:04,230 [AppLog] INFO : 手动负向JOG指令（8轴运控板卡系统） ====》：输出AXIS{第7轴},运动速度{2MM/s}
2023-04-07 15:36:04,339 [AppLog] INFO : 手动停止JOG输出（8轴运控板卡系统） ====》：输出AXIS{第7轴}
2023-04-07 15:36:04,433 [AppLog] INFO : 手动负向JOG指令（8轴运控板卡系统） ====》：输出AXIS{第7轴},运动速度{2MM/s}
2023-04-07 15:36:04,573 [AppLog] INFO : 手动停止JOG输出（8轴运控板卡系统） ====》：输出AXIS{第7轴}
2023-04-07 15:36:04,635 [AppLog] INFO : 手动负向JOG指令（8轴运控板卡系统） ====》：输出AXIS{第7轴},运动速度{2MM/s}
2023-04-07 15:36:04,791 [AppLog] INFO : 手动停止JOG输出（8轴运控板卡系统） ====》：输出AXIS{第7轴}
2023-04-07 15:36:04,869 [AppLog] INFO : 手动负向JOG指令（8轴运控板卡系统） ====》：输出AXIS{第7轴},运动速度{2MM/s}
2023-04-07 15:36:05,025 [AppLog] INFO : 手动停止JOG输出（8轴运控板卡系统） ====》：输出AXIS{第7轴}
2023-04-07 15:36:05,072 [AppLog] INFO : 手动负向JOG指令（8轴运控板卡系统） ====》：输出AXIS{第7轴},运动速度{2MM/s}
2023-04-07 15:36:05,244 [AppLog] INFO : 手动停止JOG输出（8轴运控板卡系统） ====》：输出AXIS{第7轴}
2023-04-07 15:36:05,322 [AppLog] INFO : 手动负向JOG指令（8轴运控板卡系统） ====》：输出AXIS{第7轴},运动速度{2MM/s}
2023-04-07 15:36:07,241 [AppLog] INFO : 手动停止JOG输出（8轴运控板卡系统） ====》：输出AXIS{第7轴}
2023-04-07 15:36:07,428 [AppLog] INFO : 手动负向JOG指令（8轴运控板卡系统） ====》：输出AXIS{第7轴},运动速度{2MM/s}
2023-04-07 15:36:07,662 [AppLog] INFO : 手动停止JOG输出（8轴运控板卡系统） ====》：输出AXIS{第7轴}
2023-04-07 15:36:07,818 [AppLog] INFO : 手动负向JOG指令（8轴运控板卡系统） ====》：输出AXIS{第7轴},运动速度{2MM/s}
2023-04-07 15:36:07,927 [AppLog] INFO : 手动停止JOG输出（8轴运控板卡系统） ====》：输出AXIS{第7轴}
2023-04-07 15:37:42,526 [AppLog] INFO : 手动负向JOG指令（8轴运控板卡系统） ====》：输出AXIS{第7轴},运动速度{2MM/s}
2023-04-07 15:37:42,744 [AppLog] INFO : 手动停止JOG输出（8轴运控板卡系统） ====》：输出AXIS{第7轴}
2023-04-07 15:37:42,900 [AppLog] INFO : 手动负向JOG指令（8轴运控板卡系统） ====》：输出AXIS{第7轴},运动速度{2MM/s}
2023-04-07 15:37:43,976 [AppLog] INFO : 手动停止JOG输出（8轴运控板卡系统） ====》：输出AXIS{第7轴}
2023-04-07 15:37:45,365 [AppLog] INFO : 手动正向JOG指令（8轴运控板卡系统） ====》：输出AXIS{第7轴},运动速度{2MM/s}
2023-04-07 15:37:46,223 [AppLog] INFO : 手动停止JOG输出（8轴运控板卡系统） ====》：输出AXIS{第7轴}
2023-04-07 15:37:46,597 [AppLog] INFO : 手动正向JOG指令（8轴运控板卡系统） ====》：输出AXIS{第7轴},运动速度{2MM/s}
2023-04-07 15:37:46,894 [AppLog] INFO : 手动停止JOG输出（8轴运控板卡系统） ====》：输出AXIS{第7轴}
2023-04-07 15:37:48,641 [AppLog] INFO : 手动负向JOG指令（8轴运控板卡系统） ====》：输出AXIS{第7轴},运动速度{2MM/s}
2023-04-07 15:37:48,844 [AppLog] INFO : 手动停止JOG输出（8轴运控板卡系统） ====》：输出AXIS{第7轴}
2023-04-07 15:37:49,390 [AppLog] INFO : 手动正向JOG指令（8轴运控板卡系统） ====》：输出AXIS{第7轴},运动速度{2MM/s}
2023-04-07 15:37:49,499 [AppLog] INFO : 手动停止JOG输出（8轴运控板卡系统） ====》：输出AXIS{第7轴}
2023-04-07 15:37:56,363 [AppLog] INFO : 手动停止JOG输出（8轴运控板卡系统） ====》：输出AXIS{第7轴}
2023-04-07 15:38:28,109 [AppLog] INFO : 手动负向JOG指令（8轴运控板卡系统） ====》：输出AXIS{第7轴},运动速度{2MM/s}
2023-04-07 15:38:28,265 [AppLog] INFO : 手动停止JOG输出（8轴运控板卡系统） ====》：输出AXIS{第7轴}
2023-04-07 15:38:28,577 [AppLog] INFO : 手动负向JOG指令（8轴运控板卡系统） ====》：输出AXIS{第7轴},运动速度{2MM/s}
2023-04-07 15:38:29,404 [AppLog] INFO : 手动停止JOG输出（8轴运控板卡系统） ====》：输出AXIS{第7轴}
2023-04-07 15:38:29,685 [AppLog] INFO : 手动负向JOG指令（8轴运控板卡系统） ====》：输出AXIS{第7轴},运动速度{2MM/s}
2023-04-07 15:38:30,730 [AppLog] INFO : 手动停止JOG输出（8轴运控板卡系统） ====》：输出AXIS{第7轴}
2023-04-07 15:38:31,073 [AppLog] INFO : 手动负向JOG指令（8轴运控板卡系统） ====》：输出AXIS{第7轴},运动速度{2MM/s}
2023-04-07 15:38:31,291 [AppLog] INFO : 手动停止JOG输出（8轴运控板卡系统） ====》：输出AXIS{第7轴}
2023-04-07 15:38:32,025 [AppLog] INFO : 手动正向JOG指令（8轴运控板卡系统） ====》：输出AXIS{第7轴},运动速度{2MM/s}
2023-04-07 15:38:32,508 [AppLog] INFO : 手动停止JOG输出（8轴运控板卡系统） ====》：输出AXIS{第7轴}
2023-04-07 15:38:32,758 [AppLog] INFO : 手动正向JOG指令（8轴运控板卡系统） ====》：输出AXIS{第7轴},运动速度{2MM/s}
2023-04-07 15:38:33,070 [AppLog] INFO : 手动停止JOG输出（8轴运控板卡系统） ====》：输出AXIS{第7轴}
2023-04-07 15:38:33,538 [AppLog] INFO : 手动负向JOG指令（8轴运控板卡系统） ====》：输出AXIS{第7轴},运动速度{2MM/s}
2023-04-07 15:38:34,053 [AppLog] INFO : 手动停止JOG输出（8轴运控板卡系统） ====》：输出AXIS{第7轴}
2023-04-07 15:38:35,301 [AppLog] INFO : 手动正向JOG指令（8轴运控板卡系统） ====》：输出AXIS{第7轴},运动速度{2MM/s}
2023-04-07 15:38:36,424 [AppLog] INFO : 手动停止JOG输出（8轴运控板卡系统） ====》：输出AXIS{第7轴}
2023-04-07 15:38:36,907 [AppLog] INFO : 手动负向JOG指令（8轴运控板卡系统） ====》：输出AXIS{第7轴},运动速度{2MM/s}
2023-04-07 15:38:37,095 [AppLog] INFO : 手动停止JOG输出（8轴运控板卡系统） ====》：输出AXIS{第7轴}
2023-04-07 15:38:37,375 [AppLog] INFO : 手动负向JOG指令（8轴运控板卡系统） ====》：输出AXIS{第7轴},运动速度{2MM/s}
2023-04-07 15:38:38,093 [AppLog] INFO : 手动停止JOG输出（8轴运控板卡系统） ====》：输出AXIS{第7轴}
2023-04-07 15:38:38,249 [AppLog] INFO : 手动负向JOG指令（8轴运控板卡系统） ====》：输出AXIS{第7轴},运动速度{2MM/s}
2023-04-07 15:38:39,513 [AppLog] INFO : 手动停止JOG输出（8轴运控板卡系统） ====》：输出AXIS{第7轴}
2023-04-07 15:38:39,669 [AppLog] INFO : 手动负向JOG指令（8轴运控板卡系统） ====》：输出AXIS{第7轴},运动速度{2MM/s}
2023-04-07 15:38:40,137 [AppLog] INFO : 手动停止JOG输出（8轴运控板卡系统） ====》：输出AXIS{第7轴}
2023-04-07 15:39:43,192 [AppLog] INFO : 手动负向JOG指令（8轴运控板卡系统） ====》：输出AXIS{第7轴},运动速度{2MM/s}
2023-04-07 15:39:44,580 [AppLog] INFO : 手动停止JOG输出（8轴运控板卡系统） ====》：输出AXIS{第7轴}
2023-04-07 15:39:45,267 [AppLog] INFO : 手动正向JOG指令（8轴运控板卡系统） ====》：输出AXIS{第7轴},运动速度{2MM/s}
2023-04-07 15:39:46,125 [AppLog] INFO : 手动停止JOG输出（8轴运控板卡系统） ====》：输出AXIS{第7轴}
2023-04-07 15:39:46,405 [AppLog] INFO : 手动正向JOG指令（8轴运控板卡系统） ====》：输出AXIS{第7轴},运动速度{2MM/s}
2023-04-07 15:39:48,153 [AppLog] INFO : 手动停止JOG输出（8轴运控板卡系统） ====》：输出AXIS{第7轴}
2023-04-07 15:39:48,995 [AppLog] INFO : 手动负向JOG指令（8轴运控板卡系统） ====》：输出AXIS{第7轴},运动速度{2MM/s}
2023-04-07 15:39:52,677 [AppLog] INFO : 手动停止JOG输出（8轴运控板卡系统） ====》：输出AXIS{第7轴}
2023-04-07 15:39:52,833 [AppLog] INFO : 手动负向JOG指令（8轴运控板卡系统） ====》：输出AXIS{第7轴},运动速度{2MM/s}
2023-04-07 15:39:52,926 [AppLog] INFO : 手动停止JOG输出（8轴运控板卡系统） ====》：输出AXIS{第7轴}
2023-04-07 15:39:53,004 [AppLog] INFO : 手动负向JOG指令（8轴运控板卡系统） ====》：输出AXIS{第7轴},运动速度{2MM/s}
2023-04-07 15:39:53,129 [AppLog] INFO : 手动停止JOG输出（8轴运控板卡系统） ====》：输出AXIS{第7轴}
2023-04-07 15:39:53,191 [AppLog] INFO : 手动负向JOG指令（8轴运控板卡系统） ====》：输出AXIS{第7轴},运动速度{2MM/s}
2023-04-07 15:39:53,316 [AppLog] INFO : 手动停止JOG输出（8轴运控板卡系统） ====》：输出AXIS{第7轴}
2023-04-07 15:39:53,379 [AppLog] INFO : 手动负向JOG指令（8轴运控板卡系统） ====》：输出AXIS{第7轴},运动速度{2MM/s}
2023-04-07 15:39:53,519 [AppLog] INFO : 手动停止JOG输出（8轴运控板卡系统） ====》：输出AXIS{第7轴}
2023-04-07 15:39:53,581 [AppLog] INFO : 手动负向JOG指令（8轴运控板卡系统） ====》：输出AXIS{第7轴},运动速度{2MM/s}
2023-04-07 15:39:53,706 [AppLog] INFO : 手动停止JOG输出（8轴运控板卡系统） ====》：输出AXIS{第7轴}
2023-04-07 15:39:55,095 [AppLog] INFO : 手动停止JOG输出（8轴运控板卡系统） ====》：输出AXIS{第7轴}
2023-04-07 15:39:55,843 [AppLog] INFO : 手动正向JOG指令（8轴运控板卡系统） ====》：输出AXIS{第7轴},运动速度{2MM/s}
2023-04-07 15:39:55,984 [AppLog] INFO : 手动停止JOG输出（8轴运控板卡系统） ====》：输出AXIS{第7轴}
2023-04-07 15:39:56,436 [AppLog] INFO : 手动正向JOG指令（8轴运控板卡系统） ====》：输出AXIS{第7轴},运动速度{2MM/s}
2023-04-07 15:39:56,545 [AppLog] INFO : 手动停止JOG输出（8轴运控板卡系统） ====》：输出AXIS{第7轴}
2023-04-07 15:39:57,060 [AppLog] INFO : 手动负向JOG指令（8轴运控板卡系统） ====》：输出AXIS{第7轴},运动速度{2MM/s}
2023-04-07 15:39:57,185 [AppLog] INFO : 手动停止JOG输出（8轴运控板卡系统） ====》：输出AXIS{第7轴}
2023-04-07 15:39:57,403 [AppLog] INFO : 手动负向JOG指令（8轴运控板卡系统） ====》：输出AXIS{第7轴},运动速度{2MM/s}
2023-04-07 15:39:58,386 [AppLog] INFO : 手动停止JOG输出（8轴运控板卡系统） ====》：输出AXIS{第7轴}
2023-04-07 15:39:58,527 [AppLog] INFO : 手动负向JOG指令（8轴运控板卡系统） ====》：输出AXIS{第7轴},运动速度{2MM/s}
2023-04-07 15:40:01,319 [AppLog] INFO : 手动停止JOG输出（8轴运控板卡系统） ====》：输出AXIS{第7轴}
2023-04-07 15:40:01,506 [AppLog] INFO : 手动负向JOG指令（8轴运控板卡系统） ====》：输出AXIS{第7轴},运动速度{2MM/s}
2023-04-07 15:40:01,615 [AppLog] INFO : 手动停止JOG输出（8轴运控板卡系统） ====》：输出AXIS{第7轴}
2023-04-07 15:40:01,693 [AppLog] INFO : 手动负向JOG指令（8轴运控板卡系统） ====》：输出AXIS{第7轴},运动速度{2MM/s}
2023-04-07 15:40:01,818 [AppLog] INFO : 手动停止JOG输出（8轴运控板卡系统） ====》：输出AXIS{第7轴}
2023-04-07 15:40:01,881 [AppLog] INFO : 手动负向JOG指令（8轴运控板卡系统） ====》：输出AXIS{第7轴},运动速度{2MM/s}
2023-04-07 15:40:02,817 [AppLog] INFO : 手动停止JOG输出（8轴运控板卡系统） ====》：输出AXIS{第7轴}
2023-04-07 15:40:23,315 [AppLog] INFO : 手动负向JOG指令（8轴运控板卡系统） ====》：输出AXIS{第7轴},运动速度{2MM/s}
2023-04-07 15:40:23,518 [AppLog] INFO : 手动停止JOG输出（8轴运控板卡系统） ====》：输出AXIS{第7轴}
2023-04-07 15:40:23,752 [AppLog] INFO : 手动负向JOG指令（8轴运控板卡系统） ====》：输出AXIS{第7轴},运动速度{2MM/s}
2023-04-07 15:40:24,969 [AppLog] INFO : 手动停止JOG输出（8轴运控板卡系统） ====》：输出AXIS{第7轴}
2023-04-07 15:40:26,513 [AppLog] INFO : 手动正向JOG指令（8轴运控板卡系统） ====》：输出AXIS{第7轴},运动速度{2MM/s}
2023-04-07 15:40:26,685 [AppLog] INFO : 手动停止JOG输出（8轴运控板卡系统） ====》：输出AXIS{第7轴}
2023-04-07 15:40:27,106 [AppLog] INFO : 手动负向JOG指令（8轴运控板卡系统） ====》：输出AXIS{第7轴},运动速度{2MM/s}
2023-04-07 15:40:27,948 [AppLog] INFO : 手动停止JOG输出（8轴运控板卡系统） ====》：输出AXIS{第7轴}
2023-04-07 15:40:28,182 [AppLog] INFO : 手动负向JOG指令（8轴运控板卡系统） ====》：输出AXIS{第7轴},运动速度{2MM/s}
2023-04-07 15:40:28,323 [AppLog] INFO : 手动停止JOG输出（8轴运控板卡系统） ====》：输出AXIS{第7轴}
2023-04-07 15:40:28,697 [AppLog] INFO : 手动正向JOG指令（8轴运控板卡系统） ====》：输出AXIS{第7轴},运动速度{2MM/s}
2023-04-07 15:40:28,791 [AppLog] INFO : 手动停止JOG输出（8轴运控板卡系统） ====》：输出AXIS{第7轴}
2023-04-07 15:40:29,056 [AppLog] INFO : 手动正向JOG指令（8轴运控板卡系统） ====》：输出AXIS{第7轴},运动速度{2MM/s}
2023-04-07 15:40:29,181 [AppLog] INFO : 手动停止JOG输出（8轴运控板卡系统） ====》：输出AXIS{第7轴}
2023-04-07 15:40:29,508 [AppLog] INFO : 手动负向JOG指令（8轴运控板卡系统） ====》：输出AXIS{第7轴},运动速度{2MM/s}
2023-04-07 15:40:29,633 [AppLog] INFO : 手动停止JOG输出（8轴运控板卡系统） ====》：输出AXIS{第7轴}
2023-04-07 15:40:31,240 [AppLog] INFO : 手动负向JOG指令（8轴运控板卡系统） ====》：输出AXIS{第7轴},运动速度{2MM/s}
2023-04-07 15:40:31,365 [AppLog] INFO : 手动停止JOG输出（8轴运控板卡系统） ====》：输出AXIS{第7轴}
2023-04-07 15:40:31,958 [AppLog] INFO : 手动正向JOG指令（8轴运控板卡系统） ====》：输出AXIS{第7轴},运动速度{2MM/s}
2023-04-07 15:40:32,114 [AppLog] INFO : 手动停止JOG输出（8轴运控板卡系统） ====》：输出AXIS{第7轴}
2023-04-07 15:41:30,068 [AppLog] INFO : 手动正向JOG指令（8轴运控板卡系统） ====》：输出AXIS{第5轴},运动速度{2MM/s}
2023-04-07 15:41:30,192 [AppLog] INFO : 手动停止JOG输出（8轴运控板卡系统） ====》：输出AXIS{第5轴}
2023-04-07 15:41:30,458 [AppLog] INFO : 手动正向JOG指令（8轴运控板卡系统） ====》：输出AXIS{第5轴},运动速度{2MM/s}
2023-04-07 15:41:30,894 [AppLog] INFO : 手动停止JOG输出（8轴运控板卡系统） ====》：输出AXIS{第5轴}
2023-04-07 15:41:32,064 [AppLog] INFO : 手动负向JOG指令（8轴运控板卡系统） ====》：输出AXIS{第5轴},运动速度{2MM/s}
2023-04-07 15:41:32,626 [AppLog] INFO : 手动停止JOG输出（8轴运控板卡系统） ====》：输出AXIS{第5轴}
2023-04-07 15:41:32,766 [AppLog] INFO : 手动负向JOG指令（8轴运控板卡系统） ====》：输出AXIS{第5轴},运动速度{2MM/s}
2023-04-07 15:41:34,108 [AppLog] INFO : 手动停止JOG输出（8轴运控板卡系统） ====》：输出AXIS{第5轴}
2023-04-07 15:41:34,436 [AppLog] INFO : 手动负向JOG指令（8轴运控板卡系统） ====》：输出AXIS{第5轴},运动速度{2MM/s}
2023-04-07 15:41:35,590 [AppLog] INFO : 手动停止JOG输出（8轴运控板卡系统） ====》：输出AXIS{第5轴}
2023-04-07 15:41:36,557 [AppLog] INFO : 手动正向JOG指令（8轴运控板卡系统） ====》：输出AXIS{第5轴},运动速度{2MM/s}
2023-04-07 15:41:37,025 [AppLog] INFO : 手动停止JOG输出（8轴运控板卡系统） ====》：输出AXIS{第5轴}
2023-04-07 15:41:37,228 [AppLog] INFO : 手动正向JOG指令（8轴运控板卡系统） ====》：输出AXIS{第5轴},运动速度{2MM/s}
2023-04-07 15:41:38,273 [AppLog] INFO : 手动停止JOG输出（8轴运控板卡系统） ====》：输出AXIS{第5轴}
2023-04-07 15:42:31,547 [AppLog] INFO : 手动正向JOG指令（8轴运控板卡系统） ====》：输出AXIS{第8轴},运动速度{2MM/s}
2023-04-07 15:42:31,688 [AppLog] INFO : 手动停止JOG输出（8轴运控板卡系统） ====》：输出AXIS{第8轴}
2023-04-07 15:42:32,000 [AppLog] INFO : 手动正向JOG指令（8轴运控板卡系统） ====》：输出AXIS{第8轴},运动速度{2MM/s}
2023-04-07 15:42:32,780 [AppLog] INFO : 手动停止JOG输出（8轴运控板卡系统） ====》：输出AXIS{第8轴}
2023-04-07 15:42:34,231 [AppLog] INFO : 手动负向JOG指令（8轴运控板卡系统） ====》：输出AXIS{第8轴},运动速度{2MM/s}
2023-04-07 15:42:35,588 [AppLog] INFO : 手动停止JOG输出（8轴运控板卡系统） ====》：输出AXIS{第8轴}
2023-04-07 15:42:36,820 [AppLog] INFO : 手动正向JOG指令（8轴运控板卡系统） ====》：输出AXIS{第8轴},运动速度{2MM/s}
2023-04-07 15:42:37,288 [AppLog] INFO : 手动停止JOG输出（8轴运控板卡系统） ====》：输出AXIS{第8轴}
2023-04-07 15:42:37,694 [AppLog] INFO : 手动正向JOG指令（8轴运控板卡系统） ====》：输出AXIS{第8轴},运动速度{2MM/s}
2023-04-07 15:42:38,255 [AppLog] INFO : 手动停止JOG输出（8轴运控板卡系统） ====》：输出AXIS{第8轴}
2023-04-07 15:42:39,254 [AppLog] INFO : 手动负向JOG指令（8轴运控板卡系统） ====》：输出AXIS{第8轴},运动速度{2MM/s}
2023-04-07 15:42:40,315 [AppLog] INFO : 手动停止JOG输出（8轴运控板卡系统） ====》：输出AXIS{第8轴}
2023-04-07 15:42:41,344 [AppLog] INFO : 手动正向JOG指令（8轴运控板卡系统） ====》：输出AXIS{第8轴},运动速度{2MM/s}
2023-04-07 15:42:41,812 [AppLog] INFO : 手动停止JOG输出（8轴运控板卡系统） ====》：输出AXIS{第8轴}
2023-04-07 15:42:42,670 [AppLog] INFO : 手动负向JOG指令（8轴运控板卡系统） ====》：输出AXIS{第8轴},运动速度{2MM/s}
2023-04-07 15:42:43,637 [AppLog] INFO : 手动停止JOG输出（8轴运控板卡系统） ====》：输出AXIS{第8轴}
2023-04-07 15:42:44,885 [AppLog] INFO : 手动正向JOG指令（8轴运控板卡系统） ====》：输出AXIS{第8轴},运动速度{2MM/s}
2023-04-07 15:42:45,275 [AppLog] INFO : 手动停止JOG输出（8轴运控板卡系统） ====》：输出AXIS{第8轴}
2023-04-07 15:42:45,603 [AppLog] INFO : 手动正向JOG指令（8轴运控板卡系统） ====》：输出AXIS{第8轴},运动速度{2MM/s}
2023-04-07 15:42:46,586 [AppLog] INFO : 手动停止JOG输出（8轴运控板卡系统） ====》：输出AXIS{第8轴}
2023-04-07 15:42:46,804 [AppLog] INFO : 手动正向JOG指令（8轴运控板卡系统） ====》：输出AXIS{第8轴},运动速度{2MM/s}
2023-04-07 15:42:47,662 [AppLog] INFO : 手动停止JOG输出（8轴运控板卡系统） ====》：输出AXIS{第8轴}
2023-04-07 15:42:51,983 [AppLog] INFO : 手动负向JOG指令（8轴运控板卡系统） ====》：输出AXIS{第3轴},运动速度{1MM/s}
2023-04-07 15:42:52,810 [AppLog] INFO : 手动停止JOG输出（8轴运控板卡系统） ====》：输出AXIS{第3轴}
2023-04-07 15:42:53,887 [AppLog] INFO : 手动负向JOG指令（8轴运控板卡系统） ====》：输出AXIS{第3轴},运动速度{1MM/s}
2023-04-07 15:42:54,823 [AppLog] INFO : 手动停止JOG输出（8轴运控板卡系统） ====》：输出AXIS{第3轴}
2023-04-07 15:42:55,103 [AppLog] INFO : 手动负向JOG指令（8轴运控板卡系统） ====》：输出AXIS{第3轴},运动速度{1MM/s}
2023-04-07 15:42:55,587 [AppLog] INFO : 手动停止JOG输出（8轴运控板卡系统） ====》：输出AXIS{第3轴}
2023-04-07 15:42:57,927 [AppLog] INFO : 手动负向JOG指令（8轴运控板卡系统） ====》：输出AXIS{第8轴},运动速度{2MM/s}
2023-04-07 15:43:00,735 [AppLog] INFO : 手动停止JOG输出（8轴运控板卡系统） ====》：输出AXIS{第8轴}
2023-04-07 15:43:01,000 [AppLog] INFO : 手动负向JOG指令（8轴运控板卡系统） ====》：输出AXIS{第8轴},运动速度{2MM/s}
2023-04-07 15:43:01,640 [AppLog] INFO : 手动停止JOG输出（8轴运控板卡系统） ====》：输出AXIS{第8轴}
2023-04-07 15:43:01,858 [AppLog] INFO : 手动负向JOG指令（8轴运控板卡系统） ====》：输出AXIS{第8轴},运动速度{2MM/s}
2023-04-07 15:43:02,077 [AppLog] INFO : 手动停止JOG输出（8轴运控板卡系统） ====》：输出AXIS{第8轴}
2023-04-07 15:43:02,498 [AppLog] INFO : 手动负向JOG指令（8轴运控板卡系统） ====》：输出AXIS{第8轴},运动速度{2MM/s}
2023-04-07 15:43:03,169 [AppLog] INFO : 手动停止JOG输出（8轴运控板卡系统） ====》：输出AXIS{第8轴}
2023-04-07 15:43:03,481 [AppLog] INFO : 手动负向JOG指令（8轴运控板卡系统） ====》：输出AXIS{第8轴},运动速度{2MM/s}
2023-04-07 15:43:04,058 [AppLog] INFO : 手动停止JOG输出（8轴运控板卡系统） ====》：输出AXIS{第8轴}
2023-04-07 15:43:04,931 [AppLog] INFO : 手动正向JOG指令（8轴运控板卡系统） ====》：输出AXIS{第8轴},运动速度{2MM/s}
2023-04-07 15:43:08,785 [AppLog] INFO : 手动停止JOG输出（8轴运控板卡系统） ====》：输出AXIS{第8轴}
2023-04-07 15:43:12,560 [AppLog] INFO : 手动正向JOG指令（8轴运控板卡系统） ====》：输出AXIS{第8轴},运动速度{2MM/s}
2023-04-07 15:43:13,387 [AppLog] INFO : 手动停止JOG输出（8轴运控板卡系统） ====》：输出AXIS{第8轴}
2023-04-07 15:43:39,142 [AppLog] INFO : 手动正向JOG指令（8轴运控板卡系统） ====》：输出AXIS{第8轴},运动速度{2MM/s}
2023-04-07 15:43:39,673 [AppLog] INFO : 手动停止JOG输出（8轴运控板卡系统） ====》：输出AXIS{第8轴}
2023-04-07 15:43:40,827 [AppLog] INFO : 手动负向JOG指令（8轴运控板卡系统） ====》：输出AXIS{第8轴},运动速度{2MM/s}
2023-04-07 15:43:43,261 [AppLog] INFO : 手动停止JOG输出（8轴运控板卡系统） ====》：输出AXIS{第8轴}
2023-04-07 15:43:43,635 [AppLog] INFO : 手动负向JOG指令（8轴运控板卡系统） ====》：输出AXIS{第8轴},运动速度{2MM/s}
2023-04-07 15:43:44,259 [AppLog] INFO : 手动停止JOG输出（8轴运控板卡系统） ====》：输出AXIS{第8轴}
2023-04-07 15:57:01,561 [AppLog] INFO : 退出手动调试子模块,已执行修改
==========================================================================
2023-04-07 15:57:02,169 [AppLog] INFO : 开启系统：板卡通讯，伺服供电，照明系统，UV/HR固化系统！
2023-04-07 15:57:03,058 [AppLog] INFO : 关闭系统：一键关闭系统开始！
2023-04-07 15:57:04,088 [AppLog] INFO : 开启系统：板卡通讯，伺服供电，照明系统，UV/HR固化系统！
2023-04-07 15:57:09,255 [AppLog] INFO : 关闭系统：一键关闭系统结束！
2023-04-07 15:57:09,264 [AppLog] INFO : 喷墨控制器的所有轴输出关闭！
2023-04-07 15:57:09,388 [AppLog] INFO : 喷墨控制器关闭！
2023-04-07 15:57:09,390 [AppLog] INFO : 进入电气控制模块
2023-04-07 15:57:10,494 [AppLog] INFO : 电气控制模块：手动关闭端口14
2023-04-07 15:57:11,037 [AppLog] INFO : 电气控制模块：手动关闭端口15
2023-04-07 15:57:11,816 [AppLog] INFO : 退出电气控制模块
2023-04-07 15:57:14,454 [AppLog] INFO : 软件及设备关停中：墨车所有方向运动确认停止（X,Y,Y2)： bImmeStop{False},nAxisMask{0x7}
2023-04-07 15:57:14,455 [AppLog] INFO : 软件及设备关停中：喷墨控制器板卡系统关闭（X,Y,Y2)：DEV_CloseDevice
2023-04-07 15:57:15,157 [AppLog] INFO : 软件及设备关停成功
==========================================================================
操作系统:{Microsoft Windows 7 旗舰版 }
运行环境:{ .Net Framework Enviroment Version 4.0.30319.42000}
盘符：D
CPU使用率：{27.85361%} ，可用内存大小:{14257MB}，硬盘剩余空间：
  盘符 C:\ 的剩余空间：70 GB
  盘符 D:\ 的剩余空间：88 GB
  盘符 F:\ 的剩余空间：3 GB
==========================================================================
2023-04-07 15:57:38,583 [AppLog] INFO : 软件开机密码正确，登录成功1次
==========================================================================
操作系统:{Microsoft Windows 7 旗舰版 }
运行环境:{ .Net Framework Enviroment Version 4.0.30319.42000}
盘符：D
CPU使用率：{49.80457%} ，可用内存大小:{14090MB}，硬盘剩余空间：
  盘符 C:\ 的剩余空间：70 GB
  盘符 D:\ 的剩余空间：88 GB
  盘符 F:\ 的剩余空间：3 GB
硬件配置情况：
  CPU 厂家: GenuineIntel CPU 型号: Intel(R) Core(TM) i7-4770 CPU @ 3.40GHz
  内存条厂家: Kingston 内存条型号: 99P5471-043.A00LF 
  内存条厂家: Kingston 内存条型号: 99P5471-043.A00LF 
  硬盘厂家: (标准磁盘驱动器) 硬盘型号: Micron_1300_MTFDDAK256TDL ATA Device
  硬盘厂家: (标准磁盘驱动器) 硬盘型号: Generic Flash Disk USB Device
==========================================================================
2023-04-07 15:57:38,597 [AppLog] INFO : 开启系统：板卡通讯，伺服供电，照明系统，UV/HR固化系统！
2023-04-07 15:57:38,598 [AppLog] INFO : 开启系统：一键启动系统开始！
2023-04-07 15:57:44,602 [AppLog] INFO : 开启系统：一键启动系统结束！
2023-04-07 15:57:44,605 [AppLog] INFO : 初始化喷墨控制器启动！
2023-04-07 15:58:04,607 [AppLog] INFO : 打开喷墨控制器设备成功！
2023-04-07 15:58:07,322 [AppLog] INFO : 初始化喷墨控制器成功！
2023-04-07 15:58:07,322 [AppLog] INFO : 进入：EquipmentMotionLogic3=》准备创建对象-手动操作！
2023-04-07 15:58:07,478 [AppLog] INFO : 进入：EquipmentMotionLogic3=》创建完成-手动操作！
2023-04-07 15:58:07,603 [AppLog] INFO : 红外灯控制器485通讯建立！
2023-04-07 15:58:07,603 [AppLog] INFO : 进入电气控制模块
2023-04-07 15:58:08,679 [AppLog] INFO : 电气控制模块：手动打开端口14
2023-04-07 15:58:09,365 [AppLog] INFO : 电气控制模块：手动打开端口15
2023-04-07 15:58:10,208 [AppLog] INFO : 退出电气控制模块
2023-04-07 15:58:11,159 [AppLog] INFO : 进入手动调试子模块！
2023-04-07 15:58:11,159 [AppLog] INFO : 进入：ManulBtn_Click=》准备创建对象-手动操作！
2023-04-07 15:58:11,191 [AppLog] INFO : 创建：ManualControl=》创建完成-手动操作！
2023-04-07 15:58:11,191 [AppLog] INFO : 加载成功：温控Modbus接口！
2023-04-07 15:58:15,169 [AppLog] INFO : 手动正向JOG指令（8轴运控板卡系统） ====》：输出AXIS{第7轴},运动速度{1MM/s}
2023-04-07 15:58:15,247 [AppLog] INFO : 手动停止JOG输出（8轴运控板卡系统） ====》：输出AXIS{第7轴}
2023-04-07 15:58:15,527 [AppLog] INFO : 手动正向JOG指令（8轴运控板卡系统） ====》：输出AXIS{第7轴},运动速度{1MM/s}
2023-04-07 15:58:15,902 [AppLog] INFO : 手动停止JOG输出（8轴运控板卡系统） ====》：输出AXIS{第7轴}
2023-04-07 15:58:17,945 [AppLog] INFO : 手动负向JOG指令（8轴运控板卡系统） ====》：输出AXIS{第8轴},运动速度{2MM/s}
2023-04-07 15:58:18,039 [AppLog] INFO : 手动停止JOG输出（8轴运控板卡系统） ====》：输出AXIS{第8轴}
2023-04-07 15:58:18,320 [AppLog] INFO : 手动负向JOG指令（8轴运控板卡系统） ====》：输出AXIS{第8轴},运动速度{2MM/s}
2023-04-07 15:58:18,476 [AppLog] INFO : 手动停止JOG输出（8轴运控板卡系统） ====》：输出AXIS{第8轴}
2023-04-07 15:58:18,679 [AppLog] INFO : 手动负向JOG指令（8轴运控板卡系统） ====》：输出AXIS{第8轴},运动速度{2MM/s}
2023-04-07 15:58:19,069 [AppLog] INFO : 手动停止JOG输出（8轴运控板卡系统） ====》：输出AXIS{第8轴}
2023-04-07 15:58:19,412 [AppLog] INFO : 手动负向JOG指令（8轴运控板卡系统） ====》：输出AXIS{第8轴},运动速度{2MM/s}
2023-04-07 15:58:20,098 [AppLog] INFO : 手动停止JOG输出（8轴运控板卡系统） ====》：输出AXIS{第8轴}
2023-04-07 15:58:20,894 [AppLog] INFO : 手动正向JOG指令（8轴运控板卡系统） ====》：输出AXIS{第8轴},运动速度{2MM/s}
2023-04-07 15:58:22,376 [AppLog] INFO : 手动停止JOG输出（8轴运控板卡系统） ====》：输出AXIS{第8轴}
2023-04-07 15:58:40,363 [AppLog] INFO : 手动负向JOG指令（8轴运控板卡系统） ====》：输出AXIS{第7轴},运动速度{1MM/s}
2023-04-07 15:58:41,174 [AppLog] INFO : 手动停止JOG输出（8轴运控板卡系统） ====》：输出AXIS{第7轴}
2023-04-07 15:58:42,609 [AppLog] INFO : 手动正向JOG指令（8轴运控板卡系统） ====》：输出AXIS{第7轴},运动速度{1MM/s}
2023-04-07 15:58:43,732 [AppLog] INFO : 手动停止JOG输出（8轴运控板卡系统） ====》：输出AXIS{第7轴}
2023-04-07 15:58:43,920 [AppLog] INFO : 手动正向JOG指令（8轴运控板卡系统） ====》：输出AXIS{第7轴},运动速度{1MM/s}
2023-04-07 15:58:45,760 [AppLog] INFO : 手动停止JOG输出（8轴运控板卡系统） ====》：输出AXIS{第7轴}
2023-04-07 15:58:45,885 [AppLog] INFO : 手动正向JOG指令（8轴运控板卡系统） ====》：输出AXIS{第7轴},运动速度{1MM/s}
2023-04-07 15:58:47,055 [AppLog] INFO : 手动停止JOG输出（8轴运控板卡系统） ====》：输出AXIS{第7轴}
2023-04-07 15:58:47,211 [AppLog] INFO : 手动正向JOG指令（8轴运控板卡系统） ====》：输出AXIS{第7轴},运动速度{1MM/s}
2023-04-07 15:58:47,570 [AppLog] INFO : 手动停止JOG输出（8轴运控板卡系统） ====》：输出AXIS{第7轴}
2023-04-07 15:58:47,991 [AppLog] INFO : 手动负向JOG指令（8轴运控板卡系统） ====》：输出AXIS{第7轴},运动速度{1MM/s}
2023-04-07 15:58:48,288 [AppLog] INFO : 手动停止JOG输出（8轴运控板卡系统） ====》：输出AXIS{第7轴}
2023-04-07 15:58:49,270 [AppLog] INFO : 切换为点动模式====》：输出AXIS{第7轴}
2023-04-07 15:58:52,281 [AppLog] INFO : 手动正向点动指令（8轴运控板卡系统） ====》：输出AXIS{第7轴},点动量{2MM},运动速度{1MM/s}
2023-04-07 15:58:54,294 [AppLog] INFO : 手动正向点动指令（8轴运控板卡系统） ====》：输出AXIS{第7轴},点动量{2MM},运动速度{1MM/s}
2023-04-07 15:58:54,512 [AppLog] INFO : 手动停止JOG输出（8轴运控板卡系统） ====》：输出AXIS{第7轴}
2023-04-07 15:58:57,336 [AppLog] INFO : 手动负向点动指令（8轴运控板卡系统） ====》：输出AXIS{第7轴},点动量{2MM},运动速度{1MM/s}
2023-04-07 15:58:57,351 [AppLog] INFO : 手动停止JOG输出（8轴运控板卡系统） ====》：输出AXIS{第7轴}
2023-04-07 15:58:58,350 [AppLog] INFO : 切换为JOG模式====》：输出AXIS{第7轴}
2023-04-07 15:58:59,036 [AppLog] INFO : 手动正向JOG指令（8轴运控板卡系统） ====》：输出AXIS{第7轴},运动速度{1MM/s}
2023-04-07 15:58:59,426 [AppLog] INFO : 手动停止JOG输出（8轴运控板卡系统） ====》：输出AXIS{第7轴}
2023-04-07 15:58:59,972 [AppLog] INFO : 手动负向JOG指令（8轴运控板卡系统） ====》：输出AXIS{第7轴},运动速度{1MM/s}
2023-04-07 15:59:00,362 [AppLog] INFO : 手动停止JOG输出（8轴运控板卡系统） ====》：输出AXIS{第7轴}
2023-04-07 15:59:00,783 [AppLog] INFO : 手动正向JOG指令（8轴运控板卡系统） ====》：输出AXIS{第7轴},运动速度{1MM/s}
2023-04-07 15:59:01,516 [AppLog] INFO : 手动停止JOG输出（8轴运控板卡系统） ====》：输出AXIS{第7轴}
2023-04-07 15:59:02,047 [AppLog] INFO : 手动正向JOG指令（8轴运控板卡系统） ====》：输出AXIS{第7轴},运动速度{1MM/s}
2023-04-07 15:59:02,172 [AppLog] INFO : 手动停止JOG输出（8轴运控板卡系统） ====》：输出AXIS{第7轴}
