2023-03-23 16:16:34,209 [AppLog] INFO : 退出手动调试子模块,已执行修改
==========================================================================
2023-03-23 16:16:34,927 [AppLog] INFO : 开启系统：板卡通讯，伺服供电，照明系统，UV/HR固化系统！
2023-03-23 16:16:35,738 [AppLog] INFO : 关闭系统：一键关闭系统开始！
2023-03-23 16:16:41,935 [AppLog] INFO : 关闭系统：一键关闭系统结束！
2023-03-23 16:16:41,944 [AppLog] INFO : 喷墨控制器的所有轴输出关闭！
2023-03-23 16:16:41,997 [AppLog] INFO : 喷墨控制器关闭！
2023-03-23 16:16:42,005 [AppLog] INFO : 进入电气控制模块
2023-03-23 16:16:44,128 [AppLog] INFO : 退出电气控制模块
2023-03-23 16:16:46,231 [AppLog] INFO : 软件及设备关停中：墨车所有方向运动确认停止（X,Y,Y2)： bImmeStop{False},nAxisMask{0x7}
2023-03-23 16:16:46,231 [AppLog] INFO : 软件及设备关停中：喷墨控制器板卡系统关闭（X,Y,Y2)：DEV_CloseDevice
2023-03-23 16:16:47,019 [AppLog] INFO : 软件及设备关停成功
==========================================================================
操作系统:{Microsoft Windows 7 旗舰版 }
运行环境:{ .Net Framework Enviroment Version 4.0.30319.42000}
盘符：D
CPU使用率：{14.20448%} ，可用内存大小:{14155MB}，硬盘剩余空间：
  盘符 C:\ 的剩余空间：70 GB
  盘符 D:\ 的剩余空间：88 GB
  盘符 F:\ 的剩余空间：3 GB
==========================================================================
2023-03-23 16:18:09,154 [AppLog] INFO : 软件开机密码正确，登录成功1次
==========================================================================
操作系统:{Microsoft Windows 7 旗舰版 }
运行环境:{ .Net Framework Enviroment Version 4.0.30319.42000}
盘符：D
CPU使用率：{15.88663%} ，可用内存大小:{14133MB}，硬盘剩余空间：
  盘符 C:\ 的剩余空间：70 GB
  盘符 D:\ 的剩余空间：88 GB
  盘符 F:\ 的剩余空间：3 GB
硬件配置情况：
  CPU 厂家: GenuineIntel CPU 型号: Intel(R) Core(TM) i7-4770 CPU @ 3.40GHz
  内存条厂家: Kingston 内存条型号: 99P5471-043.A00LF 
  内存条厂家: Kingston 内存条型号: 99P5471-043.A00LF 
  硬盘厂家: (标准磁盘驱动器) 硬盘型号: Micron_1300_MTFDDAK256TDL ATA Device
  硬盘厂家: (标准磁盘驱动器) 硬盘型号: Generic Flash Disk USB Device
==========================================================================
2023-03-23 16:18:11,676 [AppLog] INFO : 开启系统：板卡通讯，伺服供电，照明系统，UV/HR固化系统！
2023-03-23 16:18:11,678 [AppLog] INFO : 开启系统：一键启动系统开始！
2023-03-23 16:18:17,686 [AppLog] INFO : 开启系统：一键启动系统结束！
2023-03-23 16:18:17,691 [AppLog] INFO : 初始化喷墨控制器启动！
2023-03-23 16:18:36,863 [AppLog] INFO : 打开喷墨控制器设备成功！
2023-03-23 16:18:38,938 [AppLog] INFO : 更新{1}号喷头温度失败：MCU_SetPhVoltage{25℃}
2023-03-23 16:18:39,019 [AppLog] INFO : 更新{2}号喷头温度失败：MCU_SetPhVoltage{25℃}
2023-03-23 16:18:39,100 [AppLog] INFO : 更新{3}号喷头温度失败：MCU_SetPhVoltage{25℃}
2023-03-23 16:18:39,181 [AppLog] INFO : 更新{4}号喷头温度失败：MCU_SetPhVoltage{25℃}
2023-03-23 16:18:39,262 [AppLog] INFO : 更新{5}号喷头温度失败：MCU_SetPhVoltage{25℃}
2023-03-23 16:18:39,342 [AppLog] INFO : 更新{6}号喷头温度失败：MCU_SetPhVoltage{25℃}
2023-03-23 16:18:39,423 [AppLog] INFO : 更新{7}号喷头温度失败：MCU_SetPhVoltage{25℃}
2023-03-23 16:18:39,504 [AppLog] INFO : 更新{8}号喷头温度失败：MCU_SetPhVoltage{25℃}
2023-03-23 16:18:39,529 [AppLog] INFO : 初始化喷墨控制器成功！
2023-03-23 16:18:39,530 [AppLog] INFO : 进入：EquipmentMotionLogic3=》准备创建对象-手动操作！
2023-03-23 16:18:39,706 [AppLog] INFO : 进入：EquipmentMotionLogic3=》创建完成-手动操作！
2023-03-23 16:18:39,833 [AppLog] INFO : 红外灯控制器485通讯建立！
2023-03-23 16:18:39,834 [AppLog] INFO : 进入电气控制模块
2023-03-23 16:18:40,825 [AppLog] INFO : 退出电气控制模块
2023-03-23 16:18:44,204 [AppLog] INFO : 进入手动调试子模块！
2023-03-23 16:18:44,204 [AppLog] INFO : 进入：ManulBtn_Click=》准备创建对象-手动操作！
2023-03-23 16:18:44,229 [AppLog] INFO : 创建：ManualControl=》创建完成-手动操作！
2023-03-23 16:18:44,230 [AppLog] INFO : 加载成功：温控Modbus接口！
2023-03-23 16:18:48,024 [AppLog] INFO : 退出手动调试子模块，未执行修改
==========================================================================
2023-03-23 16:18:50,769 [AppLog] INFO : 进入手动调试子模块！
2023-03-23 16:18:50,769 [AppLog] INFO : 进入：ManulBtn_Click=》准备创建对象-手动操作！
2023-03-23 16:18:50,785 [AppLog] INFO : 创建：ManualControl=》创建完成-手动操作！
2023-03-23 16:18:50,785 [AppLog] INFO : 加载成功：温控Modbus接口！
2023-03-23 16:18:58,772 [AppLog] INFO : 更新波形路径：DEV_UpdateParam：{D:\Release\波形文件\0316新调=波形文件=水性胶水\世彪新调：ricoh_big-单点模式-开启MN1(开启微动).rhdat}
2023-03-23 16:18:58,772 [AppLog] INFO : {1}号喷头基准电压更新成功：DEV_SetWaveStdVoltage{0V,0V,0V,0V}；
2023-03-23 16:19:04,248 [AppLog] INFO : 重新加载完波形：DEV_ReloadWaveForm！
2023-03-23 16:19:04,529 [AppLog] INFO : {1}号喷头电压调压成功：MCU_SetPhVoltage{0V,0V,0V,0V}；
2023-03-23 16:19:16,603 [AppLog] INFO : 更新波形路径：DEV_UpdateParam：{D:\Release\波形文件\0316新调=波形文件=水性胶水\世彪新调：ricoh_big-单点模式-开启MN1(开启微动).rhdat}
2023-03-23 16:19:16,603 [AppLog] INFO : {1}号喷头基准电压更新成功：DEV_SetWaveStdVoltage{0V,0V,0V,0V}；
2023-03-23 16:19:16,603 [AppLog] INFO : 重新加载完波形：DEV_ReloadWaveForm！
2023-03-23 16:19:16,899 [AppLog] INFO : {1}号喷头电压调压成功：MCU_SetPhVoltage{0V,0V,0V,0V}；
2023-03-23 16:19:27,351 [AppLog] INFO : {1}号喷头基准电压更新成功：DEV_SetWaveStdVoltage{22V,22V,22V,22V}；
2023-03-23 16:19:27,648 [AppLog] INFO : {1}号喷头电压调压成功：MCU_SetPhVoltage{22V,22V,22V,22V}；
2023-03-23 16:19:27,663 [AppLog] INFO : {2}号喷头基准电压更新成功：DEV_SetWaveStdVoltage{18V,18V,18V,18V}；
2023-03-23 16:19:28,069 [AppLog] INFO : {2}号喷头电压调压失败：MCU_SetPhVoltage{18V,18V,18V,18V}；
2023-03-23 16:19:28,069 [AppLog] INFO : {3}号喷头基准电压更新成功：DEV_SetWaveStdVoltage{18V,18V,18V,18V}；
2023-03-23 16:19:28,475 [AppLog] INFO : {3}号喷头电压调压失败：MCU_SetPhVoltage{18V,18V,18V,18V}；
2023-03-23 16:19:28,475 [AppLog] INFO : {4}号喷头基准电压更新成功：DEV_SetWaveStdVoltage{18V,18V,18V,18V}；
2023-03-23 16:19:28,911 [AppLog] INFO : {4}号喷头电压调压失败：MCU_SetPhVoltage{18V,18V,18V,18V}；
2023-03-23 16:19:28,911 [AppLog] INFO : {5}号喷头基准电压更新成功：DEV_SetWaveStdVoltage{18V,18V,18V,18V}；
2023-03-23 16:19:29,301 [AppLog] INFO : {5}号喷头电压调压失败：MCU_SetPhVoltage{18V,18V,18V,18V}；
2023-03-23 16:19:29,301 [AppLog] INFO : {6}号喷头基准电压更新成功：DEV_SetWaveStdVoltage{18V,18V,18V,18V}；
2023-03-23 16:19:29,723 [AppLog] INFO : {6}号喷头电压调压失败：MCU_SetPhVoltage{18V,18V,18V,18V}；
2023-03-23 16:19:29,723 [AppLog] INFO : {7}号喷头基准电压更新成功：DEV_SetWaveStdVoltage{18V,18V,18V,18V}；
2023-03-23 16:19:30,128 [AppLog] INFO : {7}号喷头电压调压失败：MCU_SetPhVoltage{18V,18V,18V,18V}；
2023-03-23 16:19:30,128 [AppLog] INFO : {8}号喷头基准电压更新成功：DEV_SetWaveStdVoltage{18V,18V,18V,18V}；
2023-03-23 16:19:30,518 [AppLog] INFO : {8}号喷头电压调压失败：MCU_SetPhVoltage{18V,18V,18V,18V}；
2023-03-23 16:19:44,028 [AppLog] INFO : {1}号喷头基准电压更新成功：DEV_SetWaveStdVoltage{22V,22V,22V,22V}；
2023-03-23 16:19:44,340 [AppLog] INFO : {1}号喷头电压调压成功：MCU_SetPhVoltage{22V,22V,22V,22V}；
2023-03-23 16:19:44,340 [AppLog] INFO : {2}号喷头基准电压更新成功：DEV_SetWaveStdVoltage{18V,18V,18V,18V}；
2023-03-23 16:19:44,745 [AppLog] INFO : {2}号喷头电压调压失败：MCU_SetPhVoltage{18V,18V,18V,18V}；
2023-03-23 16:19:44,745 [AppLog] INFO : {3}号喷头基准电压更新成功：DEV_SetWaveStdVoltage{18V,18V,18V,18V}；
2023-03-23 16:19:45,135 [AppLog] INFO : {3}号喷头电压调压失败：MCU_SetPhVoltage{18V,18V,18V,18V}；
2023-03-23 16:19:45,135 [AppLog] INFO : {4}号喷头基准电压更新成功：DEV_SetWaveStdVoltage{18V,18V,18V,18V}；
2023-03-23 16:19:45,557 [AppLog] INFO : {4}号喷头电压调压失败：MCU_SetPhVoltage{18V,18V,18V,18V}；
2023-03-23 16:19:45,557 [AppLog] INFO : {5}号喷头基准电压更新成功：DEV_SetWaveStdVoltage{18V,18V,18V,18V}；
2023-03-23 16:19:45,978 [AppLog] INFO : {5}号喷头电压调压失败：MCU_SetPhVoltage{18V,18V,18V,18V}；
2023-03-23 16:19:45,978 [AppLog] INFO : {6}号喷头基准电压更新成功：DEV_SetWaveStdVoltage{18V,18V,18V,18V}；
2023-03-23 16:19:46,383 [AppLog] INFO : {6}号喷头电压调压失败：MCU_SetPhVoltage{18V,18V,18V,18V}；
2023-03-23 16:19:46,383 [AppLog] INFO : {7}号喷头基准电压更新成功：DEV_SetWaveStdVoltage{18V,18V,18V,18V}；
2023-03-23 16:19:46,805 [AppLog] INFO : {7}号喷头电压调压失败：MCU_SetPhVoltage{18V,18V,18V,18V}；
2023-03-23 16:19:46,805 [AppLog] INFO : {8}号喷头基准电压更新成功：DEV_SetWaveStdVoltage{18V,18V,18V,18V}；
2023-03-23 16:19:47,195 [AppLog] INFO : {8}号喷头电压调压失败：MCU_SetPhVoltage{18V,18V,18V,18V}；
2023-03-23 16:20:59,797 [AppLog] INFO : 更新波形路径：DEV_UpdateParam：{D:\Release\波形文件\0316新调=波形文件=水性胶水\调好：WaveForm-31pl-双滴-18+13.rhdat}
2023-03-23 16:20:59,797 [AppLog] INFO : {1}号喷头基准电压更新成功：DEV_SetWaveStdVoltage{0V,0V,0V,0V}；
2023-03-23 16:21:05,273 [AppLog] INFO : 重新加载完波形：DEV_ReloadWaveForm！
2023-03-23 16:21:05,585 [AppLog] INFO : {1}号喷头电压调压成功：MCU_SetPhVoltage{0V,0V,0V,0V}；
2023-03-23 16:21:11,778 [AppLog] INFO : {1}号喷头基准电压更新成功：DEV_SetWaveStdVoltage{22V,22V,22V,22V}；
2023-03-23 16:21:12,074 [AppLog] INFO : {1}号喷头电压调压成功：MCU_SetPhVoltage{22V,22V,22V,22V}；
2023-03-23 16:21:12,074 [AppLog] INFO : {2}号喷头基准电压更新成功：DEV_SetWaveStdVoltage{18V,18V,18V,18V}；
2023-03-23 16:21:12,480 [AppLog] INFO : {2}号喷头电压调压失败：MCU_SetPhVoltage{18V,18V,18V,18V}；
2023-03-23 16:21:12,480 [AppLog] INFO : {3}号喷头基准电压更新成功：DEV_SetWaveStdVoltage{18V,18V,18V,18V}；
2023-03-23 16:21:12,886 [AppLog] INFO : {3}号喷头电压调压失败：MCU_SetPhVoltage{18V,18V,18V,18V}；
2023-03-23 16:21:12,886 [AppLog] INFO : {4}号喷头基准电压更新成功：DEV_SetWaveStdVoltage{18V,18V,18V,18V}；
2023-03-23 16:21:13,276 [AppLog] INFO : {4}号喷头电压调压失败：MCU_SetPhVoltage{18V,18V,18V,18V}；
2023-03-23 16:21:13,276 [AppLog] INFO : {5}号喷头基准电压更新成功：DEV_SetWaveStdVoltage{18V,18V,18V,18V}；
2023-03-23 16:21:13,666 [AppLog] INFO : {5}号喷头电压调压失败：MCU_SetPhVoltage{18V,18V,18V,18V}；
2023-03-23 16:21:13,666 [AppLog] INFO : {6}号喷头基准电压更新成功：DEV_SetWaveStdVoltage{18V,18V,18V,18V}；
2023-03-23 16:21:14,087 [AppLog] INFO : {6}号喷头电压调压失败：MCU_SetPhVoltage{18V,18V,18V,18V}；
2023-03-23 16:21:14,087 [AppLog] INFO : {7}号喷头基准电压更新成功：DEV_SetWaveStdVoltage{18V,18V,18V,18V}；
2023-03-23 16:21:14,508 [AppLog] INFO : {7}号喷头电压调压失败：MCU_SetPhVoltage{18V,18V,18V,18V}；
2023-03-23 16:21:14,508 [AppLog] INFO : {8}号喷头基准电压更新成功：DEV_SetWaveStdVoltage{18V,18V,18V,18V}；
2023-03-23 16:21:14,914 [AppLog] INFO : {8}号喷头电压调压失败：MCU_SetPhVoltage{18V,18V,18V,18V}；
2023-03-23 16:59:57,414 [AppLog] INFO : 退出手动调试子模块,已执行修改
==========================================================================
2023-03-23 16:59:59,021 [AppLog] INFO : 开启系统：板卡通讯，伺服供电，照明系统，UV/HR固化系统！
2023-03-23 16:59:59,801 [AppLog] INFO : 关闭系统：一键关闭系统开始！
