2023-07-19 10:24:43,519 [AppLog] INFO : 软件开机密码正确，登录成功1次
==========================================================================
操作系统:{Microsoft Windows 7 旗舰版 }
运行环境:{ .Net Framework Enviroment Version 4.0.30319.42000}
盘符：D
CPU使用率：{8.240013%} ，可用内存大小:{14337MB}，硬盘剩余空间：
  盘符 C:\ 的剩余空间：70 GB
  盘符 D:\ 的剩余空间：81 GB
  盘符 E:\ 的剩余空间：0 GB
硬件配置情况：
  CPU 厂家: GenuineIntel CPU 型号: Intel(R) Core(TM) i7-4770 CPU @ 3.40GHz
  内存条厂家: Kingston 内存条型号: 99P5471-043.A00LF 
  内存条厂家: Kingston 内存条型号: 99P5471-043.A00LF 
  硬盘厂家: (标准磁盘驱动器) 硬盘型号: Micron_1300_MTFDDAK256TDL ATA Device
  硬盘厂家: (标准磁盘驱动器) 硬盘型号: VendorCo ProductCode USB Device
==========================================================================
2023-07-19 10:24:47,712 [AppLog] INFO : 开启系统：板卡通讯，伺服供电，照明系统，UV/HR固化系统！
2023-07-19 10:24:47,716 [AppLog] INFO : 开启系统：一键启动系统开始！
2023-07-19 10:24:53,732 [AppLog] INFO : 开启系统：一键启动系统结束！
2023-07-19 10:24:53,945 [AppLog] INFO : 创建：AutoPrintMotion0=》初次创建完成-手动操作！
2023-07-19 10:24:54,017 [AppLog] INFO : 初始化喷墨控制器启动！
2023-07-19 10:25:15,391 [AppLog] INFO : 打开喷墨控制器设备成功！
2023-07-19 10:25:15,422 [AppLog] INFO : 输入校准值1次{成功}，打印往返差校准值为：BiDirEncPrtOff{5},分频值{8},打印速度{300mm/s}
2023-07-19 10:25:15,812 [AppLog] INFO : PASS打印前关键状态：DEV_GetDeviceInfo：LPPRINTER_INFO:nXSysEncDPI{5080}nStatus{909129520}nPrintStatus{0}bSuperDevice{1}
LPPRINTER_INFO-LPPrtRunInfo:bJobPrtRuning{False}bLayerPrtIsOver{False}nContReqMemErr{0}nContWDErr{0}nCurPrtDir{0}nDTLayerIndex{0}nDTLayerPassIndex{0}nDTPtrCtlIndex{0}nLayerPassCount{0}nPrintLayerIndex{0}nPrintPassIndex{0}nProcLayerIndex{0}nPrtDataMemAddr{0}nPrtState{0}nReverse{System.Int32[]}nRevPrtCols{0}
LPPRINTER_INFO-LPDRVINFO:nFMVersion{45074}nFpgaVersion{539038216}nPCBVersion{0}nState{0}nNextState{0}nPtvwarnState{0}nCrc32{0}nRevInfo{System.UInt32[]}nSignature{0}
2023-07-19 10:27:21,920 [AppLog] INFO : 初始化喷墨控制器成功！
2023-07-19 10:27:21,921 [AppLog] INFO : 进入：EquipmentMotionLogic3=》准备创建对象-手动操作！
2023-07-19 10:27:21,952 [AppLog] INFO : 进入：EquipmentMotionLogic3=》创建完成-手动操作！
2023-07-19 10:27:22,092 [AppLog] INFO : 红外灯控制器485通讯建立！
2023-07-19 10:27:22,094 [AppLog] INFO : 进入电气控制模块
2023-07-19 10:27:23,685 [AppLog] INFO : 电气控制模块：手动打开端口14
2023-07-19 10:27:25,532 [AppLog] INFO : 电气控制模块：手动打开端口15
2023-07-19 10:29:00,747 [AppLog] INFO : 退出电气控制模块
2023-07-19 10:29:02,945 [AppLog] INFO : 进入手动调试子模块！
2023-07-19 10:29:02,945 [AppLog] INFO : 进入：ManulBtn_Click=》准备创建对象-手动操作！
2023-07-19 10:29:02,977 [AppLog] INFO : 创建：ManualControl=》创建完成-手动操作！
2023-07-19 10:29:02,977 [AppLog] INFO : 加载成功：温控Modbus接口！
2023-07-19 10:29:12,249 [AppLog] INFO : 手动正向点动指令（8轴运控板卡系统） ====》：输出AXIS{第1轴},点动量{1.5MM},运动速度{2MM/s}
2023-07-19 10:29:12,944 [AppLog] INFO : 切换为JOG模式====》：输出AXIS{第1轴}
2023-07-19 10:29:14,010 [AppLog] INFO : 手动正向JOG指令（8轴运控板卡系统） ====》：输出AXIS{第1轴},运动速度{2MM/s}
2023-07-19 10:29:14,149 [AppLog] INFO : 手动停止JOG输出（8轴运控板卡系统） ====》：输出AXIS{第1轴}
2023-07-19 10:29:14,197 [AppLog] INFO : 手动正向JOG指令（8轴运控板卡系统） ====》：输出AXIS{第1轴},运动速度{2MM/s}
2023-07-19 10:29:18,552 [AppLog] INFO : 手动停止JOG输出（8轴运控板卡系统） ====》：输出AXIS{第1轴}
2023-07-19 10:29:18,946 [AppLog] INFO : 手动正向JOG指令（8轴运控板卡系统） ====》：输出AXIS{第1轴},运动速度{2MM/s}
2023-07-19 10:29:25,749 [AppLog] INFO : 手动停止JOG输出（8轴运控板卡系统） ====》：输出AXIS{第1轴}
2023-07-19 10:29:26,130 [AppLog] INFO : 手动正向JOG指令（8轴运控板卡系统） ====》：输出AXIS{第1轴},运动速度{2MM/s}
2023-07-19 10:29:29,745 [AppLog] INFO : 手动停止JOG输出（8轴运控板卡系统） ====》：输出AXIS{第1轴}
2023-07-19 10:29:30,273 [AppLog] INFO : 手动正向JOG指令（8轴运控板卡系统） ====》：输出AXIS{第1轴},运动速度{2MM/s}
2023-07-19 10:29:31,139 [AppLog] INFO : 手动停止JOG输出（8轴运控板卡系统） ====》：输出AXIS{第1轴}
2023-07-19 10:29:31,841 [AppLog] INFO : 手动正向JOG指令（8轴运控板卡系统） ====》：输出AXIS{第1轴},运动速度{2MM/s}
2023-07-19 10:29:32,845 [AppLog] INFO : 手动停止JOG输出（8轴运控板卡系统） ====》：输出AXIS{第1轴}
2023-07-19 10:29:33,229 [AppLog] INFO : 手动正向JOG指令（8轴运控板卡系统） ====》：输出AXIS{第1轴},运动速度{2MM/s}
2023-07-19 10:29:33,253 [AppLog] INFO : 手动停止JOG输出（8轴运控板卡系统） ====》：输出AXIS{第1轴}
2023-07-19 10:29:34,557 [AppLog] INFO : 手动负向JOG指令（8轴运控板卡系统） ====》：输出AXIS{第1轴},运动速度{2MM/s}
2023-07-19 10:29:34,620 [AppLog] INFO : 手动停止JOG输出（8轴运控板卡系统） ====》：输出AXIS{第1轴}
2023-07-19 10:29:35,184 [AppLog] INFO : 手动负向JOG指令（8轴运控板卡系统） ====》：输出AXIS{第1轴},运动速度{2MM/s}
2023-07-19 10:29:35,268 [AppLog] INFO : 手动停止JOG输出（8轴运控板卡系统） ====》：输出AXIS{第1轴}
2023-07-19 10:29:35,698 [AppLog] INFO : 手动负向JOG指令（8轴运控板卡系统） ====》：输出AXIS{第1轴},运动速度{2MM/s}
2023-07-19 10:29:36,360 [AppLog] INFO : 手动停止JOG输出（8轴运控板卡系统） ====》：输出AXIS{第1轴}
2023-07-19 10:29:36,720 [AppLog] INFO : 手动负向JOG指令（8轴运控板卡系统） ====》：输出AXIS{第1轴},运动速度{2MM/s}
2023-07-19 10:29:37,102 [AppLog] INFO : 手动停止JOG输出（8轴运控板卡系统） ====》：输出AXIS{第1轴}
2023-07-19 10:34:11,452 [AppLog] INFO : 退出手动调试子模块，未执行修改
==========================================================================
2023-07-19 10:34:13,812 [AppLog] INFO : 开启系统：板卡通讯，伺服供电，照明系统，UV/HR固化系统！
2023-07-19 10:34:15,012 [AppLog] INFO : 关闭系统：一键关闭系统开始！
2023-07-19 10:34:21,152 [AppLog] INFO : 关闭系统：一键关闭系统结束！
2023-07-19 10:34:21,152 [AppLog] INFO : 喷墨控制器的所有轴输出关闭！
2023-07-19 10:34:23,712 [AppLog] INFO : 喷墨控制器关闭！
2023-07-19 10:34:23,712 [AppLog] INFO : 创建：AutoPrintMotion0=》不需重新创建-手动操作！
2023-07-19 10:34:23,712 [AppLog] INFO : 进入电气控制模块
2023-07-19 10:34:28,322 [AppLog] INFO : 电气控制模块：手动关闭端口14
2023-07-19 10:34:30,032 [AppLog] INFO : 电气控制模块：手动关闭端口15
2023-07-19 10:34:31,012 [AppLog] INFO : 退出电气控制模块
2023-07-19 10:34:35,572 [AppLog] INFO : 软件及设备关停中：墨车所有方向运动确认停止（X,Y,Y2)： bImmeStop{False},nAxisMask{0x7}
2023-07-19 10:34:35,572 [AppLog] INFO : 软件及设备关停中：喷墨控制器板卡系统关闭（X,Y,Y2)：DEV_CloseDevice
2023-07-19 10:34:36,222 [AppLog] INFO : 软件及设备关停成功
==========================================================================
操作系统:{Microsoft Windows 7 旗舰版 }
运行环境:{ .Net Framework Enviroment Version 4.0.30319.42000}
盘符：D
CPU使用率：{4.449495%} ，可用内存大小:{14251MB}，硬盘剩余空间：
  盘符 C:\ 的剩余空间：70 GB
  盘符 D:\ 的剩余空间：81 GB
  盘符 E:\ 的剩余空间：0 GB
==========================================================================
