2024-01-28 11:55:07,824 [AppLog] INFO : 软件开机密码正确，登录成功1次
==========================================================================
操作系统:{Microsoft Windows 7 旗舰版 }
运行环境:{ .Net Framework Enviroment Version 4.0.30319.42000}
盘符：D
CPU使用率：{46.42825%} ，可用内存大小:{14816MB}，硬盘剩余空间：
  盘符 C:\ 的剩余空间：70 GB
  盘符 D:\ 的剩余空间：44 GB
硬件配置情况：
  CPU 厂家: GenuineIntel CPU 型号: Intel(R) Core(TM) i7-4770 CPU @ 3.40GHz
  内存条厂家: Kingston 内存条型号: 99P5471-043.A00LF 
  内存条厂家: Kingston 内存条型号: 99P5471-043.A00LF 
  硬盘厂家: (标准磁盘驱动器) 硬盘型号: Micron_1300_MTFDDAK256TDL ATA Device
==========================================================================
2024-01-28 11:55:07,840 [AppLog] INFO : 进入手动调试子模块！
2024-01-28 11:55:07,855 [AppLog] INFO : 进入：ManulBtn_Click=》准备创建对象-手动操作！
2024-01-28 11:55:08,058 [AppLog] INFO : 创建：ManualControl=》创建完成-手动操作！
2024-01-28 11:55:46,590 [AppLog] INFO : 退出手动调试子模块，未执行修改
==========================================================================
2024-01-28 11:55:47,589 [AppLog] INFO : 进入JOB参数设置：修改前初始参数：灰度数据格式{1bits}打印灰阶{1阶}m_XPrintDpi{System.Single[]Dpi}墨车运动速度{300MM/s}X向起打位置{50MM}X向起打位置偏移{0MM}Y向起打位置偏移{15MM}
2024-01-28 11:55:58,992 [AppLog] INFO : 退出JOB参数设置：未修改直接退出！
2024-01-28 11:56:00,396 [AppLog] INFO : 进入手动调试子模块！
2024-01-28 11:56:00,396 [AppLog] INFO : 进入：ManulBtn_Click=》准备创建对象-手动操作！
2024-01-28 11:56:00,427 [AppLog] INFO : 创建：ManualControl=》创建完成-手动操作！
2024-01-28 11:56:02,112 [AppLog] INFO : 退出手动调试子模块，未执行修改
==========================================================================
2024-01-28 11:56:03,376 [AppLog] INFO : 进入电气控制模块
2024-01-28 11:56:05,014 [AppLog] INFO : 退出电气控制模块
2024-01-28 11:56:05,794 [AppLog] INFO : 显示模组校准栏
2024-01-28 11:56:11,472 [AppLog] INFO : 不显示模组校准栏
